03-18 03:28:16.100   755   982 D WifiController: DefaultState CMD_LOCKS_CHANGED{ when=-1ms what=155654 target=com.android.internal.util.StateMachine$SmHandler }
03-18 03:28:16.104   755   987 D WifiScanningService: addSingleScanRequest: ClientInfo[uid=10015,android.os.Messenger@fc9b9ac],Id=1645,WorkSource{1000}, ScanSettings {  band:3 period:0 reportEvents:2 numBssidsPerScan:25 maxScansToCache:0 channels:[  ]  hiddenNetworks:[  ]  } 
03-18 03:28:16.201   755   922 D DataShapingService: [openLteDataUpLinkGate] isForce: false
03-18 03:28:16.201   755   922 D DataShapingService: Alarm manager openLteDataUpLinkGate: false
03-18 03:28:16.201   755   922 I DataShapingService: openLteGateSuccess = false
03-18 03:28:16.202   755 26063 D MtkDhcp6Client: DhcpInitState -1d13h49m34s166ms CMD_KICK 0 0 null
03-18 03:28:16.203   755 26063 D MtkDhcp6Client: Sending DHCPSOLICIT to ff02::1:2
03-18 03:28:16.211   345   369 I BufferQueueProducer: [com.android.settings/com.android.settings.wifi.WifiSettings#0](this:0xade32000,id:31637,api:1,p:25635,c:345) queueBuffer: fps=53.22 dur=1014.73 max=45.35 min=11.97
03-18 03:28:16.218   345   345 I DisplayDevice: [Built-in Screen (type:0)] fps:53.234230,dur:1014.38,max:49.60,min:15.11
03-18 03:28:16.689 14034 14034 W AutobackupRunna: type=1400 audit(0.0:221520): avc: denied { search } for name="clients" dev="debugfs" ino=7174 scontext=u:r:untrusted_app:s0:c512,c768 tcontext=u:object_r:debugfs_ion:s0 tclass=dir permissive=0
03-18 03:28:16.702 14034 14034 I chatty  : uid=10075(com.google.android.apps.photos) identical 1 line
03-18 03:28:16.716 14034 14034 W AutobackupRunna: type=1400 audit(0.0:221522): avc: denied { search } for name="clients" dev="debugfs" ino=7174 scontext=u:r:untrusted_app:s0:c512,c768 tcontext=u:object_r:debugfs_ion:s0 tclass=dir permissive=0
03-18 03:28:16.721 14034 25871 D skia    : SkJpegCodec::onGetPixels + (2016, 4032)
03-18 03:28:16.823 21018 21018 I CarrierServices: [2] ao.onPostExecute: StunPing.onPostExecute, result: [283, 282, 281, 281, 283]
03-18 03:28:16.953 14034 25871 D skia    : SkJpegCodec::onGetPixels -
03-18 03:28:17.238   755   983 D WifiStateMachine:  MtkL2ConnectedState { when=-1ms what=131155 arg1=1455 target=com.android.internal.util.StateMachine$SmHandler } 1455 0, mShouldDeferDisableWifi = false, mWaitForWfcNotify = false
03-18 03:28:17.313   345   369 I BufferQueueProducer: [com.android.settings/com.android.settings.wifi.WifiSettings#0](this:0xade32000,id:31637,api:1,p:25635,c:345) queueBuffer: fps=17.25 dur=1101.76 max=707.52 min=13.39
03-18 03:28:17.331   345   345 I DisplayDevice: [Built-in Screen (type:0)] fps:17.971035,dur:1112.90,max:698.09,min:16.10
03-18 03:28:17.342   333   357 I powerd  : [powerd_req] POWER_MSG_QUERY_INFO: cmd:6, param:0
03-18 03:28:17.990 21018 21018 D ConnectivityManager: getMobileDataEnabled()+ subId=1
03-18 03:28:17.993 21018 21018 D ConnectivityManager: getMobileDataEnabled()- subId=1 retVal=true
03-18 03:28:19.345   333   357 I powerd  : [powerd_req] POWER_MSG_QUERY_INFO: cmd:6, param:0
03-18 03:28:20.245   755   983 D WifiStateMachine:  MtkL2ConnectedState { when=-2ms what=131155 arg1=1455 target=com.android.internal.util.StateMachine$SmHandler } 1455 0, mShouldDeferDisableWifi = false, mWaitForWfcNotify = false
03-18 03:28:20.564   345   415 I BufferQueueProducer: [StatusBar#0](this:0xadf57000,id:3,api:1,p:1031,c:345) queueBuffer: fps=0.83 dur=6013.57 max=5029.37 min=37.75
03-18 03:28:20.577   345   345 I DisplayDevice: [Built-in Screen (type:0)] fps:5.544390,dur:3246.52,max:2963.71,min:16.36
03-18 03:28:20.583 21018 21018 D ConnectivityManager: getMobileDataEnabled()+ subId=1
03-18 03:28:20.586 21018 21018 D ConnectivityManager: getMobileDataEnabled()- subId=1 retVal=true
03-18 03:28:20.707 32373 32373 I ADB_SERVICES: service_to_fd shell,v2,raw:dumpsys wifi
03-18 03:28:20.742 25635 25635 D WifiManager: startScan, uid:1000
03-18 03:28:20.746   755  2706 I WifiService: startScan uid=1000
03-18 03:28:20.747   755   983 D WifiStateMachine:  MtkL2ConnectedState { when=-1ms what=131143 arg1=1000 arg2=2869 obj=Bundle[{customized_scan_worksource=WorkSource{1000}, customized_scan_settings=null, scan_request_time=1521323900746}] target=com.android.internal.util.StateMachine$SmHandler } 1000 2869, mShouldDeferDisableWifi = false, mWaitForWfcNotify = false
03-18 03:28:20.750   755   987 D WifiScanningService: addSingleScanRequest: ClientInfo[uid=1000,android.os.Messenger@2a4486c],Id=5838,WorkSource{1000}, ScanSettings {  band:7 period:0 reportEvents:3 numBssidsPerScan:0 maxScansToCache:0 channels:[  ]  hiddenNetworks:[  ]  } 

--------------------------------------------------------------------
--------------------------------------------------------------------
Bug dump 1
system time = 03-18 03:28:43.659
kernel time = 136201.624
reason = 7
kernel log: 


system log: 
--------- beginning of main
03-18 03:28:38.055   755  6317 I WifiService: getWifiEnabledState uid=1000
03-18 03:28:38.057   755  6317 I WifiService: getCurrentNetwork uid=1000
03-18 03:28:38.060   755  6317 I WifiService: getWifiEnabledState uid=1000
03-18 03:28:38.063   755  6317 I WifiService: getCurrentNetwork uid=1000
03-18 03:28:38.065   755  4451 I WifiService: getConfiguredNetworks uid=1000
03-18 03:28:38.065   755   983 D WifiStateMachine:  MtkL2ConnectedState { when=0 what=131131 arg1=1000 target=com.android.internal.util.StateMachine$SmHandler } 1000 0, mShouldDeferDisableWifi = false, mWaitForWfcNotify = false
03-18 03:28:38.067   755  4451 I WifiService: getPasspointConfigurations uid=1000
03-18 03:28:38.069 25635 25635 D WifiSettings: onAccessPointsChanged (WifiTracker) callback initiated
03-18 03:28:38.069   755  4451 I WifiService: getWifiEnabledState uid=1000
03-18 03:28:38.076 21018 21018 I CarrierServices: [2] ao.a: StunPing.startPing
03-18 03:28:38.077   755 26156 D NetworkMonitor/NetworkAgentInfo [WIFI () - 2875]: Forcing reevaluation for UID 10015
03-18 03:28:38.080   755  4537 I WifiService: getConnectionInfo uid=10015
03-18 03:28:38.082   755 26156 D NetworkMonitor/NetworkAgentInfo [WIFI () - 2875]: PROBE_DNS captive.apple.com 0ms OK 17.253.83.206
03-18 03:28:38.086   755 14136 I WifiService: getConnectionInfo uid=10015
03-18 03:28:38.088   755  4451 I WifiService: getConnectionInfo uid=10009
03-18 03:28:38.089   755  4451 D WifiPermissionsUtil: Denied: no location permission
03-18 03:28:38.089   755  4451 D WifiPermissionsUtil: Denied: The current config is not for an open network.
03-18 03:28:38.089   755 26156 I System.out: port:80
03-18 03:28:38.094   755 12823 I WifiService: getCurrentNetwork uid=1000
03-18 03:28:38.097   755  1002 I GnssLocationProvider: WakeLock acquired by sendMessage(UPDATE_NETWORK_STATE, 0, 2874)
03-18 03:28:38.110   333 13855 D hal2mnl : hal2mnl_update_network_state: hal2mnl_update_network_state  connected=0 type=255 roaming=0 extra_info=[(null)]
03-18 03:28:38.111   456   523 D MNLD    : mnld_main_thread: hal2mnl_hdlr msg
03-18 03:28:38.111   456   523 D MNLD    : hal_update_network_state: hal_update_network_state  connected=0 type=255 roaming=0 extra_info=[(null)]
03-18 03:28:38.111   482   509 D agps    : [agps][n][AGPS] [MNL] read  update_network_state  connected=0 type=255 roaming=0
03-18 03:28:38.112   333 13855 D hal2mnl : hal2mnl_update_network_availability: hal2mnl_update_network_availability  available=0 apn=[airtelgprs.com]
03-18 03:28:38.113   456   523 D MNLD    : mnld_main_thread: hal2mnl_hdlr msg
03-18 03:28:38.113   456   523 D MNLD    : hal_update_network_availability: hal_update_network_availability  available=0 apn=[airtelgprs.com]
03-18 03:28:38.118   755   813 I GnssLocationProvider: WakeLock released by handleMessage(UPDATE_NETWORK_STATE, 0, 2874)
03-18 03:28:38.123   482   509 D agps    : [agps][n][AGPS] [MNL] read  update_network_availability  avaiable=0
03-18 03:28:38.137   471 26173 D libc-netbsd: [getaddrinfo]: netid=2875; mark=789307; ai_flags=1024; ai_family=0
03-18 03:28:38.139   471 26173 D libc-netbsd: default dns: query_ipv6=0, query_ipv4=1
03-18 03:28:38.140   755 26156 I System.out: [OkHttp] sendRequest>>
03-18 03:28:38.141   755 26156 I System.out: [OkHttp] sendRequest<<
03-18 03:28:38.142   755  4537 I WifiService: getConnectionInfo uid=10015
03-18 03:28:38.145   471 26173 D libc-netbsd: res_queryN succeed
03-18 03:28:38.155 10756 26172 D libc-netbsd: getaddrinfo: get result from proxy gai_error = 0
03-18 03:28:38.157 10756 26172 I System.out: port:5228
03-18 03:28:38.164   471 26171 D libc-netbsd: [getaddrinfo]: netid=2875; mark=789307; ai_flags=1024; ai_family=0
03-18 03:28:38.166   471 26171 D libc-netbsd: default dns: query_ipv6=0, query_ipv4=1
03-18 03:28:38.178   755  8810 I WifiService: getWifiEnabledState uid=1000
03-18 03:28:38.180   755  8810 I WifiService: getCurrentNetwork uid=1000
03-18 03:28:38.182   471 26171 D libc-netbsd: res_queryN succeed
03-18 03:28:38.183   755  8810 I WifiService: getConfiguredNetworks uid=1000
03-18 03:28:38.183   755   983 D WifiStateMachine:  MtkL2ConnectedState { when=-1ms what=131131 arg1=1000 target=com.android.internal.util.StateMachine$SmHandler } 1000 0, mShouldDeferDisableWifi = false, mWaitForWfcNotify = false
03-18 03:28:38.185   755 12823 I WifiService: getPasspointConfigurations uid=1000
03-18 03:28:38.186 21018 26067 D libc-netbsd: getaddrinfo: get result from proxy gai_error = 0
03-18 03:28:38.192   755 26156 D NetworkMonitor/NetworkAgentInfo [WIFI () - 2875]: PROBE_HTTP http://captive.apple.com time=108ms ret=200 request={User-Agent=[Mozilla/5.0 (X11; Linux x86_64) AppleWebKit/537.36 (KHTML, like Gecko) Chrome/60.0.3112.32 Safari/537.36]} headers={null=[HTTP/1.1 200 OK], Accept-Ranges=[bytes], Age=[157], Cache-Control=[max-age=300], CDNUUID=[76c32ba5-f12a-43c1-9b12-5e97058f9a86-940668134], Connection=[close], Content-Length=[69], Content-Type=[text/html], Date=[Sat, 17 Mar 2018 21:56:02 GMT], Etag=["41ba060eb1c0898e0a4a0cca36a8ca91"], Last-Modified=[Fri, 17 Feb 2017 20:36:28 GMT], Server=[ATS/7.1.3], Via=[http/1.1 sgsin3-edge-lx-012.ts.apple.com (ApacheTrafficServer/7.1.3), http/1.1 sgsin3-edge-bx-018.ts.apple.com (ApacheTrafficServer/7.1.3)], x-amz-id-2=[K2JUzUKCZdoviv3z92liKP40207mqXLwQgWaU7lFqpuqE0W8iRWDaTOyrNloUsiI3Fj5EVflCaU=], x-amz-request-id=[AAE1EDB8ABFC18BF], X-Android-Received-Millis=[1521323918192], X-Android-Response-Source=[NETWORK 200], X-Android-Selected-Protocol=[http/1.1], X-Android-Sent-Millis=[1521323918141], X-Cache=[hit-fresh, hit-fresh]}
03-18 03:28:38.195   755 26156 D NetworkMonitor/NetworkAgentInfo [WIFI () - 2875]: urlConnection.getContent() = <HTML><HEAD><TITLE>Success</TITLE></HEAD><BODY>Success</BODY></HTML>
03-18 03:28:38.201   755 26156 D NetworkMonitor/NetworkAgentInfo [WIFI () - 2875]: Internet detected!
03-18 03:28:38.202   755 26156 I WifiService: getConnectionInfo uid=1000
--------- beginning of system
03-18 03:28:38.072   755   980 I chatty  : uid=1000(system) NetworkPolicy expire 6 lines
03-18 03:28:38.072   755   980 V NetworkStatsRecorder: setPersistThreshold() with 2097152
03-18 03:28:38.212   755   990 D MtkConnectivityService: NetworkAgentInfo [WIFI () - 2875] validation passed
03-18 03:28:38.244   755 12823 I WifiService: getWifiEnabledState uid=1000
03-18 03:28:38.246   755  4451 I WifiService: getCurrentNetwork uid=1000
03-18 03:28:38.249   755  4537 I WifiService: getConfiguredNetworks uid=1000
03-18 03:28:38.250   755   983 D WifiStateMachine:  MtkL2ConnectedState { when=-2ms what=131131 arg1=1000 target=com.android.internal.util.StateMachine$SmHandler } 1000 0, mShouldDeferDisableWifi = false, mWaitForWfcNotify = false
03-18 03:28:38.252   755 12823 I WifiService: getPasspointConfigurations uid=1000
03-18 03:28:38.255   755  4537 I WifiService: getWifiEnabledState uid=1000
03-18 03:28:38.256   755  4451 I WifiService: getCurrentNetwork uid=1000
03-18 03:28:38.258   755  4898 I WifiService: getConfiguredNetworks uid=1000
03-18 03:28:38.259   755   983 D WifiStateMachine:  MtkL2ConnectedState { when=0 what=131131 arg1=1000 target=com.android.internal.util.StateMachine$SmHandler } 1000 0, mShouldDeferDisableWifi = false, mWaitForWfcNotify = false
03-18 03:28:38.270   755 12823 I WifiService: getPasspointConfigurations uid=1000
03-18 03:28:38.272   755  4898 I WifiService: getWifiEnabledState uid=1000
03-18 03:28:38.273   755  4537 I WifiService: getCurrentNetwork uid=1000
03-18 03:28:38.275   755 12823 I WifiService: getConfiguredNetworks uid=1000
03-18 03:28:38.276   755   983 D WifiStateMachine:  MtkL2ConnectedState { when=0 what=131131 arg1=1000 target=com.android.internal.util.StateMachine$SmHandler } 1000 0, mShouldDeferDisableWifi = false, mWaitForWfcNotify = false
03-18 03:28:38.277   755  4537 I WifiService: getPasspointConfigurations uid=1000
03-18 03:28:38.291   755 12823 I WifiService: getConnectionInfo uid=10015
03-18 03:28:38.341   755 12823 I WifiService: getWifiEnabledState uid=1000
03-18 03:28:38.343   755 12823 I WifiService: getCurrentNetwork uid=1000
03-18 03:28:38.345   755 12823 I WifiService: getConfiguredNetworks uid=1000
03-18 03:28:38.346   755   983 D WifiStateMachine:  MtkL2ConnectedState { when=0 what=131131 arg1=1000 target=com.android.internal.util.StateMachine$SmHandler } 1000 0, mShouldDeferDisableWifi = false, mWaitForWfcNotify = false
03-18 03:28:38.348   755 12823 I WifiService: getPasspointConfigurations uid=1000
03-18 03:28:38.351   755 12823 I WifiService: getWifiEnabledState uid=1000
03-18 03:28:38.354   755 12823 I WifiService: getCurrentNetwork uid=1000
03-18 03:28:38.356   755 12823 I WifiService: getConfiguredNetworks uid=1000
03-18 03:28:38.357   755   983 D WifiStateMachine:  MtkL2ConnectedState { when=0 what=131131 arg1=1000 target=com.android.internal.util.StateMachine$SmHandler } 1000 0, mShouldDeferDisableWifi = false, mWaitForWfcNotify = false
03-18 03:28:38.360   755 12823 I WifiService: getPasspointConfigurations uid=1000
03-18 03:28:38.399   755 12823 I WifiService: getWifiEnabledState uid=1000
03-18 03:28:38.400   755 12823 I WifiService: getCurrentNetwork uid=1000
03-18 03:28:38.403   755 12823 I WifiService: getConfiguredNetworks uid=1000
03-18 03:28:38.403   755   983 D WifiStateMachine:  MtkL2ConnectedState { when=-1ms what=131131 arg1=1000 target=com.android.internal.util.StateMachine$SmHandler } 1000 0, mShouldDeferDisableWifi = false, mWaitForWfcNotify = false
03-18 03:28:38.405   755 12823 I WifiService: getPasspointConfigurations uid=1000
03-18 03:28:38.407   755 12823 I WifiService: getWifiEnabledState uid=1000
03-18 03:28:38.409   755 12823 I WifiService: getCurrentNetwork uid=1000
03-18 03:28:38.412   755 12823 I WifiService: getConfiguredNetworks uid=1000
03-18 03:28:38.412   755   983 D WifiStateMachine:  MtkL2ConnectedState { when=0 what=131131 arg1=1000 target=com.android.internal.util.StateMachine$SmHandler } 1000 0, mShouldDeferDisableWifi = false, mWaitForWfcNotify = false
03-18 03:28:38.414   755 12823 I WifiService: getPasspointConfigurations uid=1000
03-18 03:28:38.416   755 12823 I WifiService: getWifiEnabledState uid=1000
03-18 03:28:38.418   755 12823 I WifiService: getCurrentNetwork uid=1000
03-18 03:28:38.420   755 12823 I WifiService: getConfiguredNetworks uid=1000
03-18 03:28:38.421   755   983 D WifiStateMachine:  MtkL2ConnectedState { when=0 what=131131 arg1=1000 target=com.android.internal.util.StateMachine$SmHandler } 1000 0, mShouldDeferDisableWifi = false, mWaitForWfcNotify = false
03-18 03:28:38.424   755 12823 I WifiService: getPasspointConfigurations uid=1000
03-18 03:28:38.433   755 12823 I WifiService: getConnectionInfo uid=10015
03-18 03:28:38.445 10756 26175 E WakeLock: release without a matched acquire!
03-18 03:28:38.466   471 26176 D libc-netbsd: [getaddrinfo]: netid=2875; mark=789307; ai_flags=1024; ai_family=2
03-18 03:28:38.467   755  4898 I WifiService: getConnectionInfo uid=10015
03-18 03:28:38.479   471 26176 D libc-netbsd: res_queryN succeed
03-18 03:28:38.482 14034 14149 D libc-netbsd: getaddrinfo: get result from proxy gai_error = 0
03-18 03:28:38.956   755   922 D DataShapingService: [openLteDataUpLinkGate] isForce: false
03-18 03:28:38.957   755   922 D DataShapingService: Alarm manager openLteDataUpLinkGate: false
03-18 03:28:38.958   755   922 I DataShapingService: openLteGateSuccess = false
03-18 03:28:38.959   755 26160 D MtkDhcp6Client: DhcpInitState -1d13h49m56s924ms CMD_KICK 0 0 null
03-18 03:28:38.961   755 26160 D MtkDhcp6Client: Sending DHCPSOLICIT to ff02::1:2
03-18 03:28:39.169 14034 14034 W AutobackupRunna: type=1400 audit(0.0:221527): avc: denied { search } for name="clients" dev="debugfs" ino=7174 scontext=u:r:untrusted_app:s0:c512,c768 tcontext=u:object_r:debugfs_ion:s0 tclass=dir permissive=0
03-18 03:28:39.182 14034 14034 W AutobackupRunna: type=1400 audit(0.0:221528): avc: denied { search } for name="clients" dev="debugfs" ino=7174 scontext=u:r:untrusted_app:s0:c512,c768 tcontext=u:object_r:debugfs_ion:s0 tclass=dir permissive=0
03-18 03:28:39.201 14034 25762 D skia    : SkJpegCodec::onGetPixels + (2016, 4032)
03-18 03:28:39.196 14034 14034 W AutobackupRunna: type=1400 audit(0.0:221529): avc: denied { search } for name="clients" dev="debugfs" ino=7174 scontext=u:r:untrusted_app:s0:c512,c768 tcontext=u:object_r:debugfs_ion:s0 tclass=dir permissive=0
03-18 03:28:39.267   345   436 I BufferQueueProducer: [com.android.settings/com.android.settings.wifi.WifiSettings#0](this:0xade32000,id:31637,api:1,p:25635,c:345) queueBuffer: fps=41.41 dur=1376.43 max=378.10 min=9.39
03-18 03:28:39.279   345   345 I DisplayDevice: [Built-in Screen (type:0)] fps:41.032997,dur:1364.76,max:366.23,min:16.04
03-18 03:28:39.379   333   357 I powerd  : [powerd_req] POWER_MSG_QUERY_INFO: cmd:6, param:0
03-18 03:28:39.480 14034 25762 D skia    : SkJpegCodec::onGetPixels -
03-18 03:28:39.602 21018 21018 I CarrierServices: [2] ao.onPostExecute: StunPing.onPostExecute, result: [273, 275, 275, 274, 274]
03-18 03:28:39.909 21018 21018 D ConnectivityManager: getMobileDataEnabled()+ subId=1
03-18 03:28:39.911 21018 21018 D ConnectivityManager: getMobileDataEnabled()- subId=1 retVal=true
03-18 03:28:39.957   755   983 D WifiStateMachine:  MtkL2ConnectedState { when=-2ms what=131155 arg1=1456 target=com.android.internal.util.StateMachine$SmHandler } 1456 0, mShouldDeferDisableWifi = false, mWaitForWfcNotify = false
03-18 03:28:40.269   345   415 I BufferQueueProducer: [com.android.settings/com.android.settings.wifi.WifiSettings#0](this:0xade32000,id:31637,api:1,p:25635,c:345) queueBuffer: fps=28.94 dur=1002.10 max=538.56 min=11.73
03-18 03:28:40.292   345   345 I DisplayDevice: [Built-in Screen (type:0)] fps:29.631113,dur:1012.45,max:533.21,min:15.01
03-18 03:28:41.383   333   357 I powerd  : [powerd_req] POWER_MSG_QUERY_INFO: cmd:6, param:0
03-18 03:28:42.965   755   983 D WifiStateMachine:  MtkL2ConnectedState { when=-3ms what=131155 arg1=1456 target=com.android.internal.util.StateMachine$SmHandler } 1456 0, mShouldDeferDisableWifi = false, mWaitForWfcNotify = false
03-18 03:28:43.385   333   357 I powerd  : [powerd_req] POWER_MSG_QUERY_INFO: cmd:6, param:0
03-18 03:28:43.394 25635 25635 D WifiManager: startScan, uid:1000
03-18 03:28:43.395   755 12823 I WifiService: startScan uid=1000
03-18 03:28:43.396   755   983 D WifiStateMachine:  MtkL2ConnectedState { when=-1ms what=131143 arg1=1000 arg2=2871 obj=Bundle[{customized_scan_worksource=WorkSource{1000}, customized_scan_settings=null, scan_request_time=1521323923395}] target=com.android.internal.util.StateMachine$SmHandler } 1000 2871, mShouldDeferDisableWifi = false, mWaitForWfcNotify = false
03-18 03:28:43.398   755   987 D WifiScanningService: addSingleScanRequest: ClientInfo[uid=1000,android.os.Messenger@2a4486c],Id=5842,WorkSource{1000}, ScanSettings {  band:7 period:0 reportEvents:3 numBssidsPerScan:0 maxScansToCache:0 channels:[  ]  hiddenNetworks:[  ]  } 
03-18 03:28:43.417 32373 32373 I ADB_SERVICES: service_to_fd shell,v2,raw:dumpsys wifi

--------------------------------------------------------------------
--------------------------------------------------------------------
Bug dump 2
system time = 03-18 03:35:59.325
kernel time = 136637.290
reason = 7
kernel log: 


system log: 
--------- beginning of main
03-18 03:35:53.985   755  2587 I WifiService: getConfiguredNetworks uid=1000
03-18 03:35:53.986   755   983 D WifiStateMachine:  MtkL2ConnectedState { when=0 what=131131 arg1=1000 target=com.android.internal.util.StateMachine$SmHandler } 1000 0, mShouldDeferDisableWifi = false, mWaitForWfcNotify = false
03-18 03:35:53.992   755 14136 I WifiService: getPasspointConfigurations uid=1000
03-18 03:35:53.996   755  2587 I WifiService: getWifiEnabledState uid=1000
03-18 03:35:53.999   755  2587 I WifiService: getCurrentNetwork uid=1000
03-18 03:35:54.001   755  2587 I WifiService: getConfiguredNetworks uid=1000
03-18 03:35:54.003   755   983 D WifiStateMachine:  MtkL2ConnectedState { when=-1ms what=131131 arg1=1000 target=com.android.internal.util.StateMachine$SmHandler } 1000 0, mShouldDeferDisableWifi = false, mWaitForWfcNotify = false
03-18 03:35:54.006   755  2587 I WifiService: getConnectionInfo uid=10009
03-18 03:35:54.008   755  2587 D WifiPermissionsUtil: Denied: no location permission
03-18 03:35:54.008   755  2587 D WifiPermissionsUtil: Denied: The current config is not for an open network.
03-18 03:35:54.011   755  4295 I WifiService: getPasspointConfigurations uid=1000
03-18 03:35:54.014 29805 29805 I CarrierServices: [2] ar.b: TeleWifiMonitor.updateSignalState, (null) -> (is connected: true, signal level: 99%, link speed: 65Mbps)
03-18 03:35:54.015   755 14136 I WifiService: getWifiEnabledState uid=1000
03-18 03:35:54.018   755  2587 I WifiService: getCurrentNetwork uid=1000
03-18 03:35:54.020   755  4295 I WifiService: getConfiguredNetworks uid=1000
03-18 03:35:54.021   755   983 D WifiStateMachine:  MtkL2ConnectedState { when=0 what=131131 arg1=1000 target=com.android.internal.util.StateMachine$SmHandler } 1000 0, mShouldDeferDisableWifi = false, mWaitForWfcNotify = false
03-18 03:35:54.038   771 30624 D [epdg_wo]: [DBG] fork_exec_thread(3024431472): status(255)
03-18 03:35:54.041   755  2587 I WifiService: getPasspointConfigurations uid=1000
03-18 03:35:54.046   755  4295 I WifiService: getConnectionInfo uid=10015
03-18 03:35:54.063 30574 30587 I zygote  : Waiting for a blocking GC ProfileSaver
03-18 03:35:54.090 29805 29805 I CarrierServices: [2] ao.a: StunPing.startPing
--------- beginning of system
03-18 03:35:54.098   755   980 V NetworkStatsRecorder: setPersistThreshold() with 2097152
03-18 03:35:54.101   755 14136 I WifiService: getConnectionInfo uid=10009
03-18 03:35:54.103   755 14136 D WifiPermissionsUtil: Denied: no location permission
03-18 03:35:54.103   755 14136 D WifiPermissionsUtil: Denied: The current config is not for an open network.
03-18 03:35:54.099   755   980 I chatty  : uid=1000(system) NetworkPolicy identical 2 lines
03-18 03:35:54.100   755   980 V NetworkStatsRecorder: setPersistThreshold() with 2097152
03-18 03:35:54.106   755   990 D MtkConnectivityService: NetworkAgentInfo [WIFI () - 2877] validation passed
03-18 03:35:54.116 29805 29805 I CarrierServices: [2] e.b: CellMonitor.register
03-18 03:35:54.122   755   980 D RecurrenceRule: Resolving using anchor 2018-03-18T03:35:54.122+05:30[Asia/Kolkata]
03-18 03:35:54.126   755   980 D RecurrenceRule: Resolving using anchor 2018-03-18T03:35:54.126+05:30[Asia/Kolkata]
03-18 03:35:54.135   755   980 D RecurrenceRule: Cycle 14 from 2018-03-01T00:00+05:30[Asia/Kolkata] to 2018-04-01T00:00+05:30[Asia/Kolkata]
03-18 03:35:54.147 30574 30587 I zygote  : WaitForGcToComplete blocked ProfileSaver on HeapTrim for 84.303ms
03-18 03:35:54.161   471 30632 D libc-netbsd: [getaddrinfo]: netid=2877; mark=789309; ai_flags=1024; ai_family=0
03-18 03:35:54.165   471 30632 D libc-netbsd: default dns: query_ipv6=0, query_ipv4=1
03-18 03:35:54.167 29805 29805 D OperatorCustomizationFactoryLoader: Slot -1's OperatorInfo is__
03-18 03:35:54.168 29805 29805 D OperatorCustomizationFactoryLoader: It's OM load or parse failed, because operator is null
03-18 03:35:54.169 29805 29805 E OperatorCustomizationFactoryLoader: can not find operatorFactoryInfo by slot id -1 from 
03-18 03:35:54.169 29805 29805 E OperatorCustomizationFactoryLoader: 0: OperatorFactoryInfo(OP09_null_SEGDEFAULT:OP09ATelephony.jar:com.mediatek.op09a.telephony.MtkOp09ATelephonyCustomizationFactory:null)
03-18 03:35:54.169 29805 29805 E OperatorCustomizationFactoryLoader: 1: OperatorFactoryInfo(OP09_null_SEGC:OP09CTelephony.jar:com.mediatek.op09c.telephony.MtkOp09CTelephonyCustomizationFactory:null)
03-18 03:35:54.169 29805 29805 E OperatorCustomizationFactoryLoader: 2: OperatorFactoryInfo(OP01_null_null:OP01Telephony.jar:com.mediatek.op01.telephony.MtkOp01TelephonyCustomizationFactory:null)
03-18 03:35:54.169 29805 29805 E OperatorCustomizationFactoryLoader: 3: OperatorFactoryInfo(OP02_null_null:OP02Telephony.jar:com.mediatek.op02.telephony.MtkOp02TelephonyCustomizationFactory:null)
03-18 03:35:54.177   755 14136 I WifiService: getWifiEnabledState uid=1000
03-18 03:35:54.179   755  2736 I WifiService: getCurrentNetwork uid=1000
03-18 03:35:54.182   755  2736 I WifiService: getConfiguredNetworks uid=1000
03-18 03:35:54.182   755   983 D WifiStateMachine:  MtkL2ConnectedState { when=-1ms what=131131 arg1=1000 target=com.android.internal.util.StateMachine$SmHandler } 1000 0, mShouldDeferDisableWifi = false, mWaitForWfcNotify = false
03-18 03:35:54.186   755 14136 I WifiService: getPasspointConfigurations uid=1000
03-18 03:35:54.280 29805 29805 D ConnectivityManager: getMobileDataEnabled()+ subId=1
03-18 03:35:54.282 29805 29805 D ConnectivityManager: getMobileDataEnabled()- subId=1 retVal=true
03-18 03:35:54.303 29805 29805 I CarrierServices: [2] e.a: CellMonitor.updateState, (null) -> (CellState.serviceState: 0, CellState.signalLevelPercent: 100, CellState.phoneType: 1, CellState.networkOperator: 40449, CellState.networkType: 13, CellState.systemId: -1)
03-18 03:35:54.316 29805 29838 E Bugle   : PhoneUtils.getValidE164Number(): Not able to parse phone number Redacted-0 for country IN
03-18 03:35:54.346 29805 29838 I CarrierServices: [39861] m.b: Connected state: 1; networkType: 1
03-18 03:35:54.348 29805 29838 I CarrierServices: [39861] au.onAvailable: TeleWifiMonitor.NetworkCallback.onAvailable
03-18 03:35:54.351 29805 29838 W CarrierServices: [39861] au.onAvailable: configuration is invalid
03-18 03:35:54.367   755  2587 I WifiService: getConnectionInfo uid=10009
03-18 03:35:54.369   755  2587 D WifiPermissionsUtil: Denied: no location permission
03-18 03:35:54.369   755  2587 D WifiPermissionsUtil: Denied: The current config is not for an open network.
03-18 03:35:54.409 29805 30633 I CarrierServices: [39889] a.d: persisted configuration is invalid, reload it
03-18 03:35:54.449 29805 30633 W RcsProvisioning: Failed to read configuration: /data/user/0/com.google.android.ims/files/hvconfig (No such file or directory)
03-18 03:35:54.455 29805 30633 D RcsProvisioning: Retrieving backup token
03-18 03:35:54.484 30594 30611 I zygote  : Waiting for a blocking GC ProfileSaver
03-18 03:35:54.487   345   369 I BufferQueueProducer: [com.android.settings/com.android.settings.wifi.WifiSettings#0](this:0xade6a000,id:31760,api:1,p:25635,c:345) queueBuffer: fps=54.22 dur=1014.30 max=84.76 min=8.29
03-18 03:35:54.503   755   922 D DataShapingService: [openLteDataUpLinkGate] isForce: false
03-18 03:35:54.503   755   922 D DataShapingService: Alarm manager openLteDataUpLinkGate: false
03-18 03:35:54.503   755   922 I DataShapingService: openLteGateSuccess = false
03-18 03:35:54.503   755 30619 D MtkDhcp6Client: DhcpInitState -1d13h57m12s468ms CMD_KICK 0 0 null
03-18 03:35:54.504   755 30619 D MtkDhcp6Client: Sending DHCPSOLICIT to ff02::1:2
03-18 03:35:54.512   345   345 I DisplayDevice: [Built-in Screen (type:0)] fps:55.189678,dur:1014.68,max:66.77,min:16.06
03-18 03:35:54.519   755  2587 I WifiService: getConnectionInfo uid=10015
03-18 03:35:54.532 10756 30630 E WakeLock: release without a matched acquire!
03-18 03:35:54.551   755  2736 I WifiService: getConnectionInfo uid=10015
03-18 03:35:54.566   471 30637 D libc-netbsd: [getaddrinfo]: netid=2877; mark=789309; ai_flags=1024; ai_family=0
03-18 03:35:54.567   471 30637 D libc-netbsd: default dns: query_ipv6=0, query_ipv4=1
03-18 03:35:54.598   471 30637 D libc-netbsd: res_queryN succeed
03-18 03:35:54.601 10756 10915 D libc-netbsd: getaddrinfo: get result from proxy gai_error = 0
03-18 03:35:54.604 10756 10915 I System.out: port:443
03-18 03:35:54.636 10756 10915 W Conscrypt: Could not set socket write timeout: java.lang.reflect.InvocationTargetException
03-18 03:35:54.641 10756 10915 W Conscrypt: 	at java.lang.reflect.Method.invoke(Native Method)
03-18 03:35:54.642 10756 10915 W Conscrypt: 	at com.google.android.gms.org.conscrypt.Platform.setSocketWriteTimeout(com.google.android.gms@12221436@12.2.21 (436-188803320):13)
03-18 03:35:54.642 10756 10915 W Conscrypt: Caused by: android.system.ErrnoException: setsockopt failed: EBADF (Bad file descriptor)
03-18 03:35:54.645 10756 10915 W Conscrypt: 	at libcore.io.Linux.setsockoptTimeval(Native Method)
03-18 03:35:54.645 10756 10915 W Conscrypt: 	at libcore.io.ForwardingOs.setsockoptTimeval(ForwardingOs.java:175)
03-18 03:35:54.654   333   357 I powerd  : [powerd_req] POWER_MSG_QUERY_INFO: cmd:6, param:0
03-18 03:35:54.673 29805 30633 D RcsProvisioning: No backup token found
03-18 03:35:54.690 29805 30633 E CarrierServices: [39889] a.d: failed to reload pesisted configuration
03-18 03:35:54.780 10756 10915 W Conscrypt: Could not set socket write timeout: java.lang.reflect.InvocationTargetException
03-18 03:35:54.780 10756 10915 W Conscrypt: 	at java.lang.reflect.Method.invoke(Native Method)
03-18 03:35:54.781 10756 10915 W Conscrypt: 	at com.google.android.gms.org.conscrypt.Platform.setSocketWriteTimeout(com.google.android.gms@12221436@12.2.21 (436-188803320):13)
03-18 03:35:54.781 10756 10915 W Conscrypt: Caused by: android.system.ErrnoException: setsockopt failed: EBADF (Bad file descriptor)
03-18 03:35:54.782 10756 10915 W Conscrypt: 	at libcore.io.Linux.setsockoptTimeval(Native Method)
03-18 03:35:54.782 10756 10915 W Conscrypt: 	at libcore.io.ForwardingOs.setsockoptTimeval(ForwardingOs.java:175)
03-18 03:35:54.789 10756 10915 I System.out: [OkHttp] sendRequest<<
03-18 03:35:55.097   755 14136 I BroadcastQueue: Resuming delayed broadcast
03-18 03:35:55.191   333 27404 W IMGMemtrackHAL: hal_get_memory: memtrack cache rebuild was required
03-18 03:35:55.272 10756 16356 I GCoreUlr: Batch Location Update succeeded for account account#18#
03-18 03:35:55.353   471 30653 D libc-netbsd: [getaddrinfo]: netid=2877; mark=789309; ai_flags=1024; ai_family=2
03-18 03:35:55.354   471 30653 D libc-netbsd: res_queryN succeed
03-18 03:35:55.360 30221 30650 D libc-netbsd: getaddrinfo: get result from proxy gai_error = 0
03-18 03:35:55.424   479   479 I thermal_repeater: [recvMdThermalInfo] ret=33, strLen=127,  3, 47, -50, 25235, 32767, -28555
03-18 03:35:55.432 30221 30650 D NetworkSecurityConfig: No Network Security Config specified, using platform default
03-18 03:35:55.571   755   983 D WifiStateMachine:  MtkL2ConnectedState { when=-2ms what=131155 arg1=1457 target=com.android.internal.util.StateMachine$SmHandler } 1457 0, mShouldDeferDisableWifi = false, mWaitForWfcNotify = false
03-18 03:35:55.821   345   670 I BufferQueueProducer: [com.android.settings/com.android.settings.wifi.WifiSettings#0](this:0xade6a000,id:31760,api:1,p:25635,c:345) queueBuffer: fps=15.00 dur=1333.72 max=598.09 min=12.66
03-18 03:35:55.827   345   345 I DisplayDevice: [Built-in Screen (type:0)] fps:15.211780,dur:1314.77,max:582.29,min:16.15
03-18 03:35:56.027 29805 29805 D ConnectivityManager: getMobileDataEnabled()+ subId=1
03-18 03:35:56.029 29805 29805 D ConnectivityManager: getMobileDataEnabled()- subId=1 retVal=true
03-18 03:35:56.206 30221 30221 W AutobackupRunna: type=1400 audit(0.0:222397): avc: denied { search } for name="clients" dev="debugfs" ino=7174 scontext=u:r:untrusted_app:s0:c512,c768 tcontext=u:object_r:debugfs_ion:s0 tclass=dir permissive=0
03-18 03:35:56.236 30221 30221 W AutobackupRunna: type=1400 audit(0.0:222398): avc: denied { search } for name="clients" dev="debugfs" ino=7174 scontext=u:r:untrusted_app:s0:c512,c768 tcontext=u:object_r:debugfs_ion:s0 tclass=dir permissive=0
03-18 03:35:56.239 30221 30629 D skia    : SkJpegCodec::onGetPixels + (2016, 4032)
03-18 03:35:56.543 30221 30226 I zygote  : Do partial code cache collection, code=53KB, data=62KB
03-18 03:35:56.546 30221 30226 I zygote  : After code cache collection, code=52KB, data=62KB
03-18 03:35:56.547 30221 30226 I zygote  : Increasing code cache capacity to 256KB
03-18 03:35:56.656   333   357 I powerd  : [powerd_req] POWER_MSG_QUERY_INFO: cmd:6, param:0
03-18 03:35:57.206 30221 30629 D skia    : SkJpegCodec::onGetPixels -
03-18 03:35:57.892   345   670 I BufferQueueProducer: [StatusBar#0](this:0xadf57000,id:3,api:1,p:1031,c:345) queueBuffer: fps=1.21 dur=4946.18 max=3998.68 min=23.18
03-18 03:35:57.904   345   345 I DisplayDevice: [Built-in Screen (type:0)] fps:8.185683,dur:2076.80,max:1795.69,min:15.11
03-18 03:35:58.248   755   922 D DataShapingService: [openLteDataUpLinkGate] isForce: false
03-18 03:35:58.250   755   922 D DataShapingService: Alarm manager openLteDataUpLinkGate: false
03-18 03:35:58.250   755   922 I DataShapingService: openLteGateSuccess = false
03-18 03:35:58.251   755 30619 D MtkDhcp6Client: DhcpInitState -1d13h57m16s215ms CMD_KICK 0 0 null
03-18 03:35:58.251   755 30619 D MtkDhcp6Client: Sending DHCPSOLICIT to ff02::1:2
03-18 03:35:58.575   755   983 D WifiStateMachine:  MtkL2ConnectedState { when=0 what=131155 arg1=1457 target=com.android.internal.util.StateMachine$SmHandler } 1457 0, mShouldDeferDisableWifi = false, mWaitForWfcNotify = false
03-18 03:35:58.658   333   357 I powerd  : [powerd_req] POWER_MSG_QUERY_INFO: cmd:6, param:0
03-18 03:35:58.894   345   670 I BufferQueueProducer: [StatusBar#0](this:0xadf57000,id:3,api:1,p:1031,c:345) queueBuffer: fps=1.00 dur=1002.06 max=1002.06 min=1002.06
03-18 03:35:58.906   345   345 I DisplayDevice: [Built-in Screen (type:0)] fps:0.998360,dur:1001.64,max:1001.64,min:1001.64
03-18 03:35:58.940 25635 25635 D WifiManager: startScan, uid:1000
03-18 03:35:58.945   755  2736 I WifiService: startScan uid=1000
03-18 03:35:58.947   755   983 D WifiStateMachine:  MtkL2ConnectedState { when=0 what=131143 arg1=1000 arg2=2875 obj=Bundle[{customized_scan_worksource=WorkSource{1000}, customized_scan_settings=null, scan_request_time=1521324358946}] target=com.android.internal.util.StateMachine$SmHandler } 1000 2875, mShouldDeferDisableWifi = false, mWaitForWfcNotify = false
03-18 03:35:58.954   755   987 D WifiScanningService: addSingleScanRequest: ClientInfo[uid=1000,android.os.Messenger@2a4486c],Id=5848,WorkSource{1000}, ScanSettings {  band:7 period:0 reportEvents:3 numBssidsPerScan:0 maxScansToCache:0 channels:[  ]  hiddenNetworks:[  ]  } 
03-18 03:35:58.979 32373 32373 I ADB_SERVICES: service_to_fd shell,v2,raw:dumpsys wifi
03-18 03:35:59.237   471 30632 D libc-netbsd: res_queryN succeed
03-18 03:35:59.239 29805 30631 D libc-netbsd: getaddrinfo: get result from proxy gai_error = 0

--------------------------------------------------------------------
--------------------------------------------------------------------
Bug dump 3
system time = 03-18 03:36:21.864
kernel time = 136659.828
reason = 7
kernel log: 


system log: 
--------- beginning of main
03-18 03:36:16.286 25635 25635 D WifiSettings: onAccessPointsChanged (WifiTracker) callback initiated
03-18 03:36:16.287   755  5725 I WifiService: getWifiEnabledState uid=1000
03-18 03:36:16.289   755  5384 I WifiService: getCurrentNetwork uid=1000
03-18 03:36:16.291   755  5725 I WifiService: getWifiEnabledState uid=1000
03-18 03:36:16.295   755  5725 I WifiService: getCurrentNetwork uid=1000
03-18 03:36:16.297   755  4537 I WifiService: getConfiguredNetworks uid=1000
03-18 03:36:16.297   755   983 D WifiStateMachine:  MtkL2ConnectedState { when=0 what=131131 arg1=1000 target=com.android.internal.util.StateMachine$SmHandler } 1000 0, mShouldDeferDisableWifi = false, mWaitForWfcNotify = false
03-18 03:36:16.299   755  5384 I WifiService: getPasspointConfigurations uid=1000
03-18 03:36:16.301 25635 25635 D WifiSettings: onAccessPointsChanged (WifiTracker) callback initiated
03-18 03:36:16.301   755  4898 I WifiService: getWifiEnabledState uid=1000
03-18 03:36:16.303   755  5384 I WifiService: getCurrentNetwork uid=1000
03-18 03:36:16.306   755  5725 I WifiService: getWifiEnabledState uid=1000
03-18 03:36:16.307   755  4537 I WifiService: getCurrentNetwork uid=1000
03-18 03:36:16.309   755  4537 I WifiService: getConfiguredNetworks uid=1000
03-18 03:36:16.309   755   983 D WifiStateMachine:  MtkL2ConnectedState { when=0 what=131131 arg1=1000 target=com.android.internal.util.StateMachine$SmHandler } 1000 0, mShouldDeferDisableWifi = false, mWaitForWfcNotify = false
03-18 03:36:16.312   755  4537 I WifiService: getPasspointConfigurations uid=1000
03-18 03:36:16.313 25635 25635 D WifiSettings: onAccessPointsChanged (WifiTracker) callback initiated
03-18 03:36:16.314   755  4537 I WifiService: getWifiEnabledState uid=1000
03-18 03:36:16.316   755  4537 I WifiService: getCurrentNetwork uid=1000
03-18 03:36:16.318 25635 25635 D WifiSettings: onAccessPointsChanged (WifiTracker) callback initiated
03-18 03:36:16.319   755  4537 I WifiService: getWifiEnabledState uid=1000
03-18 03:36:16.320   755  4537 I WifiService: getCurrentNetwork uid=1000
03-18 03:36:16.325   755  4537 I WifiService: getWifiEnabledState uid=1000
03-18 03:36:16.327   755  4537 I WifiService: getCurrentNetwork uid=1000
03-18 03:36:16.329   755  4537 I WifiService: getConfiguredNetworks uid=1000
03-18 03:36:16.329   755   983 D WifiStateMachine:  MtkL2ConnectedState { when=-1ms what=131131 arg1=1000 target=com.android.internal.util.StateMachine$SmHandler } 1000 0, mShouldDeferDisableWifi = false, mWaitForWfcNotify = false
03-18 03:36:16.331   755  4537 I WifiService: getPasspointConfigurations uid=1000
03-18 03:36:16.383   755  4537 I WifiService: getConnectionInfo uid=10015
03-18 03:36:16.399   755  5725 I WifiService: getWifiEnabledState uid=1000
03-18 03:36:16.401   755  5725 I WifiService: getCurrentNetwork uid=1000
03-18 03:36:16.403   755  5725 I WifiService: getConfiguredNetworks uid=1000
03-18 03:36:16.403   755   983 D WifiStateMachine:  MtkL2ConnectedState { when=0 what=131131 arg1=1000 target=com.android.internal.util.StateMachine$SmHandler } 1000 0, mShouldDeferDisableWifi = false, mWaitForWfcNotify = false
03-18 03:36:16.405   755  5725 I WifiService: getPasspointConfigurations uid=1000
03-18 03:36:16.406   755  5725 I WifiService: getWifiEnabledState uid=1000
03-18 03:36:16.408   755  5384 I WifiService: getCurrentNetwork uid=1000
03-18 03:36:16.410   755  5384 I WifiService: getConfiguredNetworks uid=1000
03-18 03:36:16.411   755   983 D WifiStateMachine:  MtkL2ConnectedState { when=0 what=131131 arg1=1000 target=com.android.internal.util.StateMachine$SmHandler } 1000 0, mShouldDeferDisableWifi = false, mWaitForWfcNotify = false
03-18 03:36:16.414   755  5384 I WifiService: getPasspointConfigurations uid=1000
03-18 03:36:16.431   755  5384 I WifiService: getWifiEnabledState uid=1000
03-18 03:36:16.434   755  5384 I WifiService: getCurrentNetwork uid=1000
03-18 03:36:16.439   755  4537 I WifiService: getConfiguredNetworks uid=1000
03-18 03:36:16.439   755   983 D WifiStateMachine:  MtkL2ConnectedState { when=0 what=131131 arg1=1000 target=com.android.internal.util.StateMachine$SmHandler } 1000 0, mShouldDeferDisableWifi = false, mWaitForWfcNotify = false
03-18 03:36:16.441   755  5384 I WifiService: getPasspointConfigurations uid=1000
03-18 03:36:16.520   755  4537 I WifiService: getConnectionInfo uid=10015
03-18 03:36:16.525   471 30762 D libc-netbsd: [getaddrinfo]: netid=2879; mark=789311; ai_flags=1024; ai_family=2
03-18 03:36:16.534 10756 30760 E WakeLock: release without a matched acquire!
03-18 03:36:16.540   471 30762 D libc-netbsd: res_queryN succeed
03-18 03:36:16.544 30221 30650 D libc-netbsd: getaddrinfo: get result from proxy gai_error = 0
03-18 03:36:16.556   755  4537 I WifiService: getWifiEnabledState uid=1000
03-18 03:36:16.559   755  4537 I WifiService: getCurrentNetwork uid=1000
03-18 03:36:16.561   755  4537 I WifiService: getConfiguredNetworks uid=1000
03-18 03:36:16.561   755   983 D WifiStateMachine:  MtkL2ConnectedState { when=-1ms what=131131 arg1=1000 target=com.android.internal.util.StateMachine$SmHandler } 1000 0, mShouldDeferDisableWifi = false, mWaitForWfcNotify = false
03-18 03:36:16.564   755  4898 I WifiService: getPasspointConfigurations uid=1000
03-18 03:36:16.565   755  5725 I WifiService: getWifiEnabledState uid=1000
03-18 03:36:16.567   755  5725 I WifiService: getCurrentNetwork uid=1000
03-18 03:36:16.569   755  4537 I WifiService: getConfiguredNetworks uid=1000
03-18 03:36:16.570   755   983 D WifiStateMachine:  MtkL2ConnectedState { when=0 what=131131 arg1=1000 target=com.android.internal.util.StateMachine$SmHandler } 1000 0, mShouldDeferDisableWifi = false, mWaitForWfcNotify = false
03-18 03:36:16.572   755  5725 I WifiService: getPasspointConfigurations uid=1000
03-18 03:36:16.575   755  4537 I WifiService: getWifiEnabledState uid=1000
03-18 03:36:16.577   755  4537 I WifiService: getCurrentNetwork uid=1000
03-18 03:36:16.579   755  4898 I WifiService: getConfiguredNetworks uid=1000
03-18 03:36:16.580   755   983 D WifiStateMachine:  MtkL2ConnectedState { when=0 what=131131 arg1=1000 target=com.android.internal.util.StateMachine$SmHandler } 1000 0, mShouldDeferDisableWifi = false, mWaitForWfcNotify = false
03-18 03:36:16.582   755  4537 I WifiService: getPasspointConfigurations uid=1000
03-18 03:36:16.583   755  4898 I WifiService: getConnectionInfo uid=10015
03-18 03:36:16.639   755  4898 I WifiService: getWifiEnabledState uid=1000
03-18 03:36:16.641   755  4898 I WifiService: getCurrentNetwork uid=1000
03-18 03:36:16.644   755  4898 I WifiService: getConfiguredNetworks uid=1000
03-18 03:36:16.645   755   983 D WifiStateMachine:  MtkL2ConnectedState { when=0 what=131131 arg1=1000 target=com.android.internal.util.StateMachine$SmHandler } 1000 0, mShouldDeferDisableWifi = false, mWaitForWfcNotify = false
03-18 03:36:16.648   755  5384 I WifiService: getPasspointConfigurations uid=1000
03-18 03:36:16.650   755  4898 I WifiService: getWifiEnabledState uid=1000
03-18 03:36:16.652   755  4898 I WifiService: getCurrentNetwork uid=1000
03-18 03:36:16.654   755  4537 I WifiService: getConfiguredNetworks uid=1000
03-18 03:36:16.655   755   983 D WifiStateMachine:  MtkL2ConnectedState { when=-1ms what=131131 arg1=1000 target=com.android.internal.util.StateMachine$SmHandler } 1000 0, mShouldDeferDisableWifi = false, mWaitForWfcNotify = false
03-18 03:36:16.658   755  5384 I WifiService: getPasspointConfigurations uid=1000
03-18 03:36:16.677   333   357 I powerd  : [powerd_req] POWER_MSG_QUERY_INFO: cmd:6, param:0
03-18 03:36:16.719   755  4537 I WifiService: getWifiEnabledState uid=1000
03-18 03:36:16.721   755  5384 I WifiService: getCurrentNetwork uid=1000
03-18 03:36:16.723   755  4537 I WifiService: getConfiguredNetworks uid=1000
03-18 03:36:16.726   755   983 D WifiStateMachine:  MtkL2ConnectedState { when=-1ms what=131131 arg1=1000 target=com.android.internal.util.StateMachine$SmHandler } 1000 0, mShouldDeferDisableWifi = false, mWaitForWfcNotify = false
03-18 03:36:16.728   755  4898 I WifiService: getPasspointConfigurations uid=1000
03-18 03:36:16.730   755  5725 I WifiService: getWifiEnabledState uid=1000
03-18 03:36:16.731   755  4898 I WifiService: getCurrentNetwork uid=1000
03-18 03:36:16.733   755  4537 I WifiService: getConfiguredNetworks uid=1000
03-18 03:36:16.734   755   983 D WifiStateMachine:  MtkL2ConnectedState { when=0 what=131131 arg1=1000 target=com.android.internal.util.StateMachine$SmHandler } 1000 0, mShouldDeferDisableWifi = false, mWaitForWfcNotify = false
03-18 03:36:16.737   755  4898 I WifiService: getPasspointConfigurations uid=1000
03-18 03:36:16.837 29805 29805 D ConnectivityManager: getMobileDataEnabled()+ subId=1
03-18 03:36:16.839 29805 29805 D ConnectivityManager: getMobileDataEnabled()- subId=1 retVal=true
03-18 03:36:17.055   755   817 I WifiService: requestActivityInfo uid=1000
03-18 03:36:17.055   755   817 I WifiService: reportActivityInfo uid=1000
03-18 03:36:17.055   755   817 I WifiService: getSupportedFeatures uid=1000
03-18 03:36:17.056   755   983 D WifiStateMachine:  MtkL2ConnectedState { when=0 what=131133 target=com.android.internal.util.StateMachine$SmHandler } 0 0, mShouldDeferDisableWifi = false, mWaitForWfcNotify = false
03-18 03:36:17.057   332   332 I WifiHAL : [WIFI HAL]wifi_get_supported_feature_set: handle=0xa7209518, feature_set=0x80101a
--------- beginning of system
03-18 03:36:17.068   755   817 E BatteryExternalStatsWorker: no controller energy info supplied for wifi
03-18 03:36:17.069   755   817 E BatteryExternalStatsWorker: no controller energy info supplied for bluetooth
03-18 03:36:17.157   755   922 D DataShapingService: [openLteDataUpLinkGate] isForce: false
03-18 03:36:17.157   755   922 D DataShapingService: Alarm manager openLteDataUpLinkGate: false
03-18 03:36:17.157   755   922 I DataShapingService: openLteGateSuccess = false
03-18 03:36:17.058   332   332 I WifiHAL : [WIFI HAL]wifi_get_supported_feature_set: handle=0xa7209518, feature_set=0x80101a
03-18 03:36:17.185 30221 30221 W AutobackupRunna: type=1400 audit(0.0:222403): avc: denied { search } for name="clients" dev="debugfs" ino=7174 scontext=u:r:untrusted_app:s0:c512,c768 tcontext=u:object_r:debugfs_ion:s0 tclass=dir permissive=0
03-18 03:36:17.199 30221 30221 I chatty  : uid=10075(com.google.android.apps.photos) identical 1 line
03-18 03:36:17.215 30221 30221 W AutobackupRunna: type=1400 audit(0.0:222405): avc: denied { search } for name="clients" dev="debugfs" ino=7174 scontext=u:r:untrusted_app:s0:c512,c768 tcontext=u:object_r:debugfs_ion:s0 tclass=dir permissive=0
03-18 03:36:17.219 30221 30758 D skia    : SkJpegCodec::onGetPixels + (2016, 4032)
03-18 03:36:17.464 30221 30758 D skia    : SkJpegCodec::onGetPixels -
03-18 03:36:17.481   755 30742 D MtkDhcp6Client: DhcpInitState -1d13h57m35s446ms CMD_KICK 0 0 null
03-18 03:36:17.482   755 30742 D MtkDhcp6Client: Sending DHCPSOLICIT to ff02::1:2
03-18 03:36:17.614   345   436 I BufferQueueProducer: [com.android.settings/com.android.settings.wifi.WifiSettings#0](this:0xade6a000,id:31760,api:1,p:25635,c:345) queueBuffer: fps=33.37 dur=1677.93 max=697.91 min=10.30
03-18 03:36:17.623   345   345 I DisplayDevice: [Built-in Screen (type:0)] fps:33.950012,dur:1678.94,max:698.55,min:16.04
03-18 03:36:18.048   755   983 D WifiStateMachine:  MtkL2ConnectedState { when=-2ms what=131155 arg1=1458 target=com.android.internal.util.StateMachine$SmHandler } 1458 0, mShouldDeferDisableWifi = false, mWaitForWfcNotify = false
03-18 03:36:18.461   345   670 I BufferQueueProducer: [StatusBar#0](this:0xadf57000,id:3,api:1,p:1031,c:345) queueBuffer: fps=1.34 dur=2987.47 max=1991.92 min=36.81
03-18 03:36:18.614   345   415 I BufferQueueProducer: [com.android.settings/com.android.settings.wifi.WifiSettings#0](this:0xade6a000,id:31760,api:1,p:25635,c:345) queueBuffer: fps=30.99 dur=1000.40 max=503.59 min=12.83
03-18 03:36:18.637   345   345 I DisplayDevice: [Built-in Screen (type:0)] fps:31.559193,dur:1013.97,max:500.35,min:14.71
03-18 03:36:18.681   333   357 I powerd  : [powerd_req] POWER_MSG_QUERY_INFO: cmd:6, param:0
03-18 03:36:19.425 29805 29805 D ConnectivityManager: getMobileDataEnabled()+ subId=1
03-18 03:36:19.428 29805 29805 D ConnectivityManager: getMobileDataEnabled()- subId=1 retVal=true
03-18 03:36:19.478   345   415 I BufferQueueProducer: [StatusBar#0](this:0xadf57000,id:3,api:1,p:1031,c:345) queueBuffer: fps=0.98 dur=1016.60 max=1016.60 min=1016.60
03-18 03:36:20.487   345   345 I DisplayDevice: [Built-in Screen (type:0)] fps:2.162281,dur:1849.90,max:996.92,min:16.46
03-18 03:36:20.683   333   357 I powerd  : [powerd_req] POWER_MSG_QUERY_INFO: cmd:6, param:0
03-18 03:36:21.057   755   983 D WifiStateMachine:  MtkL2ConnectedState { when=-1ms what=131155 arg1=1458 target=com.android.internal.util.StateMachine$SmHandler } 1458 0, mShouldDeferDisableWifi = false, mWaitForWfcNotify = false
03-18 03:36:21.196   471 30756 D libc-netbsd: res_queryN succeed
03-18 03:36:21.200 29805 30633 D libc-netbsd: getaddrinfo: get result from proxy gai_error = 0
03-18 03:36:21.453 29805 29805 I CarrierServices: [2] ao.onPostExecute: StunPing.onPostExecute, result: [52, 48, 49, 49, 48]
03-18 03:36:21.466   345   415 I BufferQueueProducer: [StatusBar#0](this:0xadf57000,id:3,api:1,p:1031,c:345) queueBuffer: fps=1.01 dur=1987.81 max=997.23 min=990.58
03-18 03:36:21.595 25635 25635 D WifiManager: startScan, uid:1000
03-18 03:36:21.596   755  5725 I WifiService: startScan uid=1000
03-18 03:36:21.597   755   983 D WifiStateMachine:  MtkL2ConnectedState { when=0 what=131143 arg1=1000 arg2=2877 obj=Bundle[{customized_scan_worksource=WorkSource{1000}, customized_scan_settings=null, scan_request_time=1521324381597}] target=com.android.internal.util.StateMachine$SmHandler } 1000 2877, mShouldDeferDisableWifi = false, mWaitForWfcNotify = false
03-18 03:36:21.598   755   987 D WifiScanningService: addSingleScanRequest: ClientInfo[uid=1000,android.os.Messenger@2a4486c],Id=5852,WorkSource{1000}, ScanSettings {  band:7 period:0 reportEvents:3 numBssidsPerScan:0 maxScansToCache:0 channels:[  ]  hiddenNetworks:[  ]  } 
03-18 03:36:21.616 32373 32373 I ADB_SERVICES: service_to_fd shell,v2,raw:dumpsys wifi

--------------------------------------------------------------------
HAL provided zero fates for "Last failed connection fates"
HAL provided zero fates for "Latest fates"
No last mile log for "Last failed last-mile log"
