12-31 18:00:37.345  4037  4469 D RilRequest: [3761]< RIL_REQUEST_GET_CELL_INFO_LIST error: com.android.internal.telephony.CommandException: SYSTEM_ERR ret=[]
12-31 18:00:37.345  4037  4037 D SST     : EVENT_GET_CELL_INFO_LIST: error ret null, e=com.android.internal.telephony.CommandException: SYSTEM_ERR
12-31 18:00:37.346  4037  4058 D SST     : SST.getAllCellInfo(): X size=0 list=null
12-31 18:00:37.357  5085  5407 D TelephonyManager: getCellLocation returning null because CellLocation is empty
12-31 18:00:37.363  4037  4058 D SST     : SST.getAllCellInfo(): return last, back to back calls
12-31 18:00:37.363  4037  4058 D SST     : SST.getAllCellInfo(): X size=0 list=null
12-31 18:00:37.577  5548  5548 I ImsManager: Creating ImsService using ImsResolver
12-31 18:00:37.658  4037  4058 D SubscriptionController: [getPhoneId] asked for default subId=1
12-31 18:00:37.725  4037  4058 D SST     : SST.getAllCellInfo(): return last, back to back calls
12-31 18:00:37.725  4037  4058 D SST     : SST.getAllCellInfo(): X size=0 list=null
12-31 18:00:37.762  4037  4058 D QtiGsmDCT: [0]getDataEnabled during provisioning retVal=true - (true, 1)
12-31 18:00:37.901  4037  4058 D TelephonyManager: getLteOnCdmaMode=1 curVal=1 product_type='' lteOnCdmaProductType=''
12-31 18:00:37.903  4037  4058 D TelephonyManager: getLteOnCdmaMode=1 curVal=1 product_type='' lteOnCdmaProductType=''
12-31 18:00:38.316  4037  4058 D QtiGsmDCT: [0]getDataEnabled during provisioning retVal=true - (true, 1)
12-31 18:00:38.864  4037  4058 I chatty  : uid=1001(radio) Binder:4037_1 identical 1 line
12-31 18:00:39.414  4037  4058 D QtiGsmDCT: [0]getDataEnabled during provisioning retVal=true - (true, 1)
12-31 18:00:39.533  4037  4037 D TelephonyNetworkFactory[0]: got request NetworkRequest [ TRACK_DEFAULT id=15, [ Capabilities: INTERNET&NOT_RESTRICTED&TRUSTED&NOT_VPN] ] with score 0
12-31 18:00:39.533  4037  4037 D TelephonyNetworkFactory[0]: onNeedNetworkFor NetworkRequest [ TRACK_DEFAULT id=15, [ Capabilities: INTERNET&NOT_RESTRICTED&TRUSTED&NOT_VPN] ]
12-31 18:00:39.533  4037  4037 D QtiGsmDCT: [0]QtiDcTracker handleMessage msg={ when=0 what=270349 arg2=1 target=com.qualcomm.qti.internal.telephony.dataconnection.QtiDcTracker }
12-31 18:00:39.533  4037  4037 D QtiGsmDCT: [0]onEnableApn: apnContext={mApnType=default mState=IDLE mWaitingApns={null} mApnSetting={null} mReason=dataEnabled mDataEnabled=true mDependencyMet=true} call applyNewState
12-31 18:00:39.533  4037  4037 D QtiGsmDCT: [0]applyNewState(default, true(true), true(true))
12-31 18:00:39.534  4037  4037 D QtiGsmDCT: [0]cleanUpConnection: X tearDown=true reason=dataEnabled apnContext={mApnType=default mState=IDLE mWaitingApns={null} mApnSetting={null} mReason=dataEnabled mDataEnabled=true mDependencyMet=true} dcac=null
12-31 18:00:39.539  4037  4037 D QtiGsmDCT: [0]isEmergency: result=false
12-31 18:00:39.539  4037  4037 D QtiGsmDCT: [0]trySetupData for APN type default, reason: dataEnabled. Data disallowed, reasons: NOT_ATTACHED
12-31 18:00:39.541  4037  4037 D QtiGsmDCT: [0]isEmergency: result=false
12-31 18:00:39.550  4037  4037 D QtiGsmDCT: [0]isEmergency: result=false
12-31 18:00:39.551  4037  5159 D QtiGsmDCT: [0]getDataEnabled during provisioning retVal=true - (true, 1)
12-31 18:00:39.552  4037  5159 D QtiGsmDCT: [0]getDataEnabled during provisioning retVal=true - (true, 1)
12-31 18:00:39.554  4037  4037 D QtiGsmDCT: [0]isEmergency: result=false
12-31 18:00:39.591  4037  4037 I chatty  : uid=1001(radio) com.android.phone identical 5 lines
12-31 18:00:39.595  4037  4037 D QtiGsmDCT: [0]isEmergency: result=false
12-31 18:00:39.597  4037  4037 D QtiGsmDCT: [0]trySetupData failed. apnContext = [type=default, mState=IDLE, apnEnabled=true, mDependencyMet=true] 
12-31 18:00:39.597  4037  4037 D PhoneSwitcher: handle event - 103
12-31 18:00:39.598  4037  4037 D PhoneSwitcher: evaluating due to netRequest
12-31 18:00:39.598  4037  4037 D PhoneSwitcher: InformDdsToRil rild= 0, DDS=0
12-31 18:00:39.598  4037  4037 D use-Rlog/RLOG-QC_RIL_OEM_HOOK: dds phoneId: 0 reason: 0
12-31 18:00:39.602  4037  4037 D use-Rlog/RLOG-QC_RIL_OEM_HOOK: sendOemRilRequestRaw returns value = 0
12-31 18:00:39.627  4019  4019 D use-Rlog/RLOG-QC_RIL_OEM_HOOK: Received Broadcast Intent ACTION_UNSOL_RESPONSE_OEM_HOOK_RAW
12-31 18:00:39.628  4019  4019 D use-Rlog/RLOG-QC_RIL_OEM_HOOK: Oem ID in QCRILHOOK UNSOL RESP is QOEMHOOK
12-31 18:00:39.629  4037  4037 D use-Rlog/RLOG-QC_RIL_OEM_HOOK: Received Broadcast Intent ACTION_UNSOL_RESPONSE_OEM_HOOK_RAW
12-31 18:00:39.629  4037  4037 D use-Rlog/RLOG-QC_RIL_OEM_HOOK: Oem ID in QCRILHOOK UNSOL RESP is QOEMHOOK
12-31 18:00:39.629  4037  4037 D PhoneSwitcher: handle event - 110
12-31 18:00:39.764  4037  4058 D SubscriptionController: [getPhoneId] asked for default subId=1
12-31 18:00:39.927  4037  4058 D SubscriptionController: [getActiveSubscriptionInfo]+ subId=1 subInfo={id=1, iccId=8991000902151218129f simSlotIndex=0 displayName=airtel carrierName=No service  airtel nameSource=0 iconTint=-16746133 dataRoaming=1 iconBitmap=android.graphics.Bitmap@a691ea9 mcc 404 mnc 49 isEmbedded false accessRules null}
12-31 18:00:39.959  4037  4058 D QtiGsmDCT: [0]getDataEnabled during provisioning retVal=true - (true, 1)
12-31 18:00:40.047  4037  5159 D SubscriptionController: [getActiveSubscriptionInfo]+ subId=1 subInfo={id=1, iccId=8991000902151218129f simSlotIndex=0 displayName=airtel carrierName=No service  airtel nameSource=0 iconTint=-16746133 dataRoaming=1 iconBitmap=android.graphics.Bitmap@a691ea9 mcc 404 mnc 49 isEmbedded false accessRules null}
12-31 18:00:40.104  4037  5159 D SubscriptionController: [getActiveSubscriptionInfo]+ subId=1 subInfo={id=1, iccId=8991000902151218129f simSlotIndex=0 displayName=airtel carrierName=No service  airtel nameSource=0 iconTint=-16746133 dataRoaming=1 iconBitmap=android.graphics.Bitmap@a691ea9 mcc 404 mnc 49 isEmbedded false accessRules null}
12-31 18:00:40.224  4037  5159 D SubscriptionController: [getPhoneId]- subId=0 not found return default phoneId=0
12-31 18:00:40.316  5909  5939 D IccProvider: [IccProvider] query
12-31 18:00:40.317  5909  5939 D IccProvider: [IccProvider] loadFromEf: efType=0x6F3A, subscription=1
12-31 18:00:40.319  4037  5074 D IccPhoneBookIM: [IccPbInterfaceManager] getAdnRecordsInEF: efid=0x4F30
12-31 18:00:40.319  4037  5074 D QtiSimPhoneBookAdnRecordCache: start to queryAdnRecord
12-31 18:00:40.321  4037  5074 I QtiRilInterface: getAdnRecord()
12-31 18:00:40.344  4037  4058 D QtiRilInterface: AdnOemHookCallback: onOemHookResponse = [B@3a8c748
12-31 18:00:40.344  4037  4058 I QtiRilInterface: numInts: 10
12-31 18:00:40.344  4037  4058 I QtiRilInterface: response[i]: 500
12-31 18:00:40.344  4037  4058 I QtiRilInterface: response[i]: 23
12-31 18:00:40.344  4037  4058 I QtiRilInterface: response[i]: 100
12-31 18:00:40.344  4037  4058 I QtiRilInterface: response[i]: 0
12-31 18:00:40.344  4037  4058 I QtiRilInterface: response[i]: 500
12-31 18:00:40.344  4037  4058 I QtiRilInterface: response[i]: 0
12-31 18:00:40.344  4037  4058 I QtiRilInterface: response[i]: 19
12-31 18:00:40.344  4037  4058 I QtiRilInterface: response[i]: 42
12-31 18:00:40.344  4037  4058 I QtiRilInterface: response[i]: 42
12-31 18:00:40.344  4037  4058 I QtiRilInterface: response[i]: 15
12-31 18:00:40.346  4037  4469 D RILJ    : Unsol response received; Sending ack to ril.cpp [SUB0]
12-31 18:00:40.346  4037  4469 V RILJ    : [UNSL]< UNSOL_OEM_HOOK_RAW 514f454d484f4f4b0b0408000b0100000a0001000d00637573746f6d65722063617265030031323100000000020009006d792061697274656c05002a313231230000000003000600706f6c696365030031303000000000040004006669726503003130310000000005000900616d62756c616e636503003130320000000006000f007261696c77617920696e717569727903003133390000000007000f0061697274656c206c69766528414c29050035343332310000000008000e00414c2068656c6c6f2074756e657306003534333231310000000009000f00414c656e7465727461696e6d656e740600353433323132000000000a000c00414c206f6e2064656d616e6406003534333231330000000000000000000000000000 [SUB0]
12-31 18:00:40.347  4037  4037 D QtiSimPhoneBookAdnRecordCache: Querying ADN record done
12-31 18:00:40.347  4037  4037 D QtiSimPhoneBookAdnRecordCache: Max ADN count is: 500, Valid ADN count is: 23, Email count is: 100, Valid email count is: 0, Add number count is: 500, Valid add number count is: 0, Max name length is: 19, Max number length is: 42, Max email length is: 42, Valid anr length is: 15
12-31 18:00:40.347  4037  4037 D QtiGsmCdmaPhone: handleMessage: Event: 34
12-31 18:00:40.353  4037  4469 D RILJ    : Unsol response received; Sending ack to ril.cpp [SUB0]
12-31 18:00:40.353  4037  4037 D QtiRilInterface: Received qualcomm.intent.action.ACTION_ADN_RECORDS_IND
12-31 18:00:40.353  4037  4469 V RILJ    : [UNSL]< UNSOL_OEM_HOOK_RAW 514f454d484f4f4b0b0408002e0100000a000b000e00414c20667269656e647a636861740600353433323136000000000c000a00414c20637269636b65740900353433323132363031000000000d000800414c202a6469616c05002a33323123000000000e001100496e7374616e742068656c70203234783705002a31323123000000000f000e00496e7465726e6574207061636b7308002a3132312a3131230000000010000a0042657374204f6666657207002a3132312a31230000000011000d0046756c6c2054616c6b74696d6506003132313331320000000012001000416476616e63652054616c6b74696d650500353231343100000000130008004d79204f66666572050031323133310000000014001300456e7465727461696e6d656e742053746f7265050035363738390000000000000000000000000000 [SUB0]
12-31 18:00:40.354  4037  4037 D QtiRilInterface: [SimPhoneBookAdnRecord{index =1, name = customer care, number = 121, email count = 0, email = null, ad number count = 0, ad number = null}, SimPhoneBookAdnRecord{index =2, name = my airtel, number = *121#, email count = 0, email = null, ad number count = 0, ad number = null}, SimPhoneBookAdnRecord{index =3, name = police, number = 100, email count = 0, email = null, ad number count = 0, ad number = null}, SimPhoneBookAdnRecord{index =4, name = fire, number = 101, email count = 0, email = null, ad number count = 0, ad number = null}, SimPhoneBookAdnRecord{index =5, name = ambulance, number = 102, email count = 0, email = null, ad number count = 0, ad number = null}, SimPhoneBookAdnRecord{index =6, name = railway inquiry, number = 139, email count = 0, email = null, ad number count = 0, ad number = null}, SimPhoneBookAdnRecord{index =7, name = airtel live(AL), number = 54321, email count = 0, email = null, ad number count = 0, ad number = null}, SimPhoneBookAdnRecord{index =8, name = AL hello tunes, number = 543211, email count = 0, email = null, ad number count = 0, ad number = null}, SimPhoneBookAdnRecord{index =9, name = ALentertainment, number = 543212, email count = 0, email = null, ad number count = 0, ad number = null}, SimPhoneBookAdnRecord{index =10, name = AL on demand, number = 543213, email count = 0, email = null, ad number count = 0, ad number = null}]
12-31 18:00:40.354  4037  4037 D QtiGsmCdmaPhone: handleMessage: Event: 34
12-31 18:00:40.354  4037  4469 D RILJ    : Unsol response received; Sending ack to ril.cpp [SUB0]
12-31 18:00:40.354  4037  4469 V RILJ    : [UNSL]< UNSOL_OEM_HOOK_RAW 514f454d484f4f4b0b04080050000000030015000c0061697274656c206d6f6e657905002a343030230000000016000800534d53205061636b05002a333333230000000017000c0061697274656c2053746f7265030031323900000000000000 [SUB0]
12-31 18:00:40.364  4037  4037 D QtiSimPhoneBookAdnRecordCache: Loading ADN record done
12-31 18:00:40.364  4037  4037 D QtiGsmCdmaPhone: handleMessage: Event: 34
12-31 18:00:40.364  4037  4037 D QtiRilInterface: Received qualcomm.intent.action.ACTION_ADN_RECORDS_IND
12-31 18:00:40.365  4037  4037 D QtiRilInterface: [SimPhoneBookAdnRecord{index =11, name = AL friendzchat, number = 543216, email count = 0, email = null, ad number count = 0, ad number = null}, SimPhoneBookAdnRecord{index =12, name = AL cricket, number = 543212601, email count = 0, email = null, ad number count = 0, ad number = null}, SimPhoneBookAdnRecord{index =13, name = AL *dial, number = *321#, email count = 0, email = null, ad number count = 0, ad number = null}, SimPhoneBookAdnRecord{index =14, name = Instant help 24x7, number = *121#, email count = 0, email = null, ad number count = 0, ad number = null}, SimPhoneBookAdnRecord{index =15, name = Internet packs, number = *121*11#, email count = 0, email = null, ad number count = 0, ad number = null}, SimPhoneBookAdnRecord{index =16, name = Best Offer, number = *121*1#, email count = 0, email = null, ad number count = 0, ad number = null}, SimPhoneBookAdnRecord{index =17, name = Full Talktime, number = 121312, email count = 0, email = null, ad number count = 0, ad number = null}, SimPhoneBookAdnRecord{index =18, name = Advance Talktime, number = 52141, email count = 0, email = null, ad number count = 0, ad number = null}, SimPhoneBookAdnRecord{index =19, name = My Offer, number = 12131, email count = 0, email = null, ad number count = 0, ad number = null}, SimPhoneBookAdnRecord{index =20, name = Entertainment Store, number = 56789, email count = 0, email = null, ad number count = 0, ad number = null}]
12-31 18:00:40.365  4037  4037 D QtiRilInterface: Received qualcomm.intent.action.ACTION_ADN_RECORDS_IND
12-31 18:00:40.365  4037  4037 D QtiRilInterface: [SimPhoneBookAdnRecord{index =21, name = airtel money, number = *400#, email count = 0, email = null, ad number count = 0, ad number = null}, SimPhoneBookAdnRecord{index =22, name = SMS Pack, number = *333#, email count = 0, email = null, ad number count = 0, ad number = null}, SimPhoneBookAdnRecord{index =23, name = airtel Store, number = 129, email count = 0, email = null, ad number count = 0, ad number = null}]
12-31 18:00:40.365  4037  4037 D QtiSimPhoneBookAdnRecordCache: Loading ADN record done
12-31 18:00:40.365  4037  4037 D QtiSimPhoneBookAdnRecordCache: Loading ADN record done
12-31 18:00:40.365  4037  4037 D QtiSimPhoneBookAdnRecordCache: Loading all ADN records done
12-31 18:00:40.365  4037  4707 D IccPhoneBookIM: [IccPbInterfaceManager] Load ADN records done
12-31 18:00:40.368  5909  5939 D IccProvider: [IccProvider] adnRecords.size=23
12-31 18:00:40.368  5909  5939 D IccProvider: [IccProvider] loadRecord: customer care, [i9eVTEDB5ZqQD3HqOiZnMmCZFbE]
12-31 18:00:40.368  5909  5939 D IccProvider: [IccProvider] loadRecord: my airtel, [E532FKN_sTV9Mb53Jw2LM9Ivkro]
12-31 18:00:40.369  5909  5939 D IccProvider: [IccProvider] loadRecord: police, [MQuG4LYrgoVi_JHHvlOAqZKyeGo]
12-31 18:00:40.369  5909  5939 D IccProvider: [IccProvider] loadRecord: fire, [28DwBIVEV_WfsWq4Y6OhcizvVT8]
12-31 18:00:40.369  5909  5939 D IccProvider: [IccProvider] loadRecord: ambulance, [yDBq4TmsmPQykyKGFR3A7FVYDso]
12-31 18:00:40.369  5909  5939 D IccProvider: [IccProvider] loadRecord: railway inquiry, [-nVXkdBQm7Bq5xWiBy3nJIFe2E0]
12-31 18:00:40.369  5909  5939 D IccProvider: [IccProvider] loadRecord: airtel live(AL), [NIFiEB_G9-YkaBt0ALCF7qxt970]
12-31 18:00:40.369  5909  5939 D IccProvider: [IccProvider] loadRecord: AL hello tunes, [6Wpbx_rCMg5ViSFGu_bk0c2vQ1M]
12-31 18:00:40.369  5909  5939 D IccProvider: [IccProvider] loadRecord: ALentertainment, [y4NSSrCLv2d8IJ4KmaTJyh_xzRw]
12-31 18:00:40.369  5909  5939 D IccProvider: [IccProvider] loadRecord: AL on demand, [SqHiVvuxzrPzf2Kd3j8hbz-usYw]
12-31 18:00:40.369  5909  5939 D IccProvider: [IccProvider] loadRecord: AL friendzchat, [AZG56VSPq-5_rMCBX8QFLmnGsOM]
12-31 18:00:40.369  5909  5939 D IccProvider: [IccProvider] loadRecord: AL cricket, [lP1vcgA3H2RHSarJis7amWVpdUk]
12-31 18:00:40.369  5909  5939 D IccProvider: [IccProvider] loadRecord: AL *dial, [lf0O4AT6z65EUaqqyVsBPXChtus]
12-31 18:00:40.369  5909  5939 D IccProvider: [IccProvider] loadRecord: Instant help 24x7, [E532FKN_sTV9Mb53Jw2LM9Ivkro]
12-31 18:00:40.370  5909  5939 D IccProvider: [IccProvider] loadRecord: Internet packs, [9zJm6OJMFqymJrVDF_5kiosGvUc]
12-31 18:00:40.370  5909  5939 D IccProvider: [IccProvider] loadRecord: Best Offer, [DFtUCDKTQqeJCGXM_S1wuLCFHL8]
12-31 18:00:40.370  5909  5939 D IccProvider: [IccProvider] loadRecord: Full Talktime, [rKtlkGq2dCq-NCVLMKRebHfAXzw]
12-31 18:00:40.370  5909  5939 D IccProvider: [IccProvider] loadRecord: Advance Talktime, [hXmVXzUugFlepTnYxfmCanuif38]
12-31 18:00:40.370  5909  5939 D IccProvider: [IccProvider] loadRecord: My Offer, [dOzYk5iJYqolRJPGGa5qrSlfH8U]
12-31 18:00:40.370  5909  5939 D IccProvider: [IccProvider] loadRecord: Entertainment Store, [8iMdKHHmkKKZVwT3ope9e8ZL5yA]
12-31 18:00:40.370  5909  5939 D IccProvider: [IccProvider] loadRecord: airtel money, [esaCx-rnNuGszVVM4N4sxlAwiMQ]
12-31 18:00:40.370  5909  5939 D IccProvider: [IccProvider] loadRecord: SMS Pack, [maglVjRqvlZhKjyPaOS_i7Ueaxw]
12-31 18:00:40.370  5909  5939 D IccProvider: [IccProvider] loadRecord: airtel Store, [i3Rx9K4L9Z9fCkJQaMBdlvSAG54]
12-31 18:00:40.458  4037  5074 D SubscriptionController: [getActiveSubscriptionInfo]+ subId=1 subInfo={id=1, iccId=8991000902151218129f simSlotIndex=0 displayName=airtel carrierName=No service  airtel nameSource=0 iconTint=-16746133 dataRoaming=1 iconBitmap=android.graphics.Bitmap@a691ea9 mcc 404 mnc 49 isEmbedded false accessRules null}
12-31 18:00:40.466  4037  4058 D TelephonyManager: getLteOnCdmaMode=1 curVal=1 product_type='' lteOnCdmaProductType=''
12-31 18:00:40.468  4037  4058 D TelephonyManager: getLteOnCdmaMode=1 curVal=1 product_type='' lteOnCdmaProductType=''
12-31 18:00:40.486  4037  5074 D TelephonyManager: getLteOnCdmaMode=1 curVal=1 product_type='' lteOnCdmaProductType=''
12-31 18:00:40.488  4037  4058 D TelephonyManager: getLteOnCdmaMode=1 curVal=1 product_type='' lteOnCdmaProductType=''
12-31 18:00:40.518  4037  4058 D QtiGsmDCT: [0]setPolicyDataEnabled: true
12-31 18:00:40.518  4037  4037 D QtiGsmDCT: [0]QtiDcTracker handleMessage msg={ when=0 what=270368 arg1=1 target=com.qualcomm.qti.internal.telephony.dataconnection.QtiDcTracker }
12-31 18:00:40.559  4037  5074 D SubscriptionController: [getActiveSubscriptionInfo]+ subId=1 subInfo={id=1, iccId=8991000902151218129f simSlotIndex=0 displayName=airtel carrierName=No service  airtel nameSource=0 iconTint=-16746133 dataRoaming=1 iconBitmap=android.graphics.Bitmap@a691ea9 mcc 404 mnc 49 isEmbedded false accessRules null}
12-31 18:00:40.580  4037  4058 D SubscriptionController: [getActiveSubscriptionInfo]+ subId=1 subInfo={id=1, iccId=8991000902151218129f simSlotIndex=0 displayName=airtel carrierName=No service  airtel nameSource=0 iconTint=-16746133 dataRoaming=1 iconBitmap=android.graphics.Bitmap@a691ea9 mcc 404 mnc 49 isEmbedded false accessRules null}
12-31 18:00:40.581  4037  5159 D QtiGsmDCT: [0]setPolicyDataEnabled: true
12-31 18:00:40.581  4037  4037 D QtiGsmDCT: [0]QtiDcTracker handleMessage msg={ when=0 what=270368 arg1=1 target=com.qualcomm.qti.internal.telephony.dataconnection.QtiDcTracker }
12-31 18:00:40.584  4037  5074 D TelephonyManager: getLteOnCdmaMode=1 curVal=1 product_type='' lteOnCdmaProductType=''
12-31 18:00:40.587  4037  4058 D TelephonyManager: getLteOnCdmaMode=1 curVal=1 product_type='' lteOnCdmaProductType=''
12-31 18:00:40.604  4037  5074 D SubscriptionController: [getActiveSubscriptionInfo]+ subId=1 subInfo={id=1, iccId=8991000902151218129f simSlotIndex=0 displayName=airtel carrierName=No service  airtel nameSource=0 iconTint=-16746133 dataRoaming=1 iconBitmap=android.graphics.Bitmap@a691ea9 mcc 404 mnc 49 isEmbedded false accessRules null}
12-31 18:00:40.607  4037  4058 D TelephonyManager: getLteOnCdmaMode=1 curVal=1 product_type='' lteOnCdmaProductType=''
12-31 18:00:40.609  4037  5159 D TelephonyManager: getLteOnCdmaMode=1 curVal=1 product_type='' lteOnCdmaProductType=''
12-31 18:00:40.619  4037  5074 D TelephonyManager: getLteOnCdmaMode=1 curVal=1 product_type='' lteOnCdmaProductType=''
12-31 18:00:40.621  4037  5074 D TelephonyManager: getLteOnCdmaMode=1 curVal=1 product_type='' lteOnCdmaProductType=''
12-31 18:00:40.628  4037  5159 D TelephonyManager: getLteOnCdmaMode=1 curVal=1 product_type='' lteOnCdmaProductType=''
12-31 18:00:40.630  4037  5159 D TelephonyManager: getLteOnCdmaMode=1 curVal=1 product_type='' lteOnCdmaProductType=''
12-31 18:00:40.644  4037  5159 D SubscriptionController: [getActiveSubscriptionInfo]+ subId=1 subInfo={id=1, iccId=8991000902151218129f simSlotIndex=0 displayName=airtel carrierName=No service  airtel nameSource=0 iconTint=-16746133 dataRoaming=1 iconBitmap=android.graphics.Bitmap@a691ea9 mcc 404 mnc 49 isEmbedded false accessRules null}
12-31 18:00:40.665  4037  5074 D SubscriptionController: [getActiveSubscriptionInfo]+ subId=1 subInfo={id=1, iccId=8991000902151218129f simSlotIndex=0 displayName=airtel carrierName=No service  airtel nameSource=0 iconTint=-16746133 dataRoaming=1 iconBitmap=android.graphics.Bitmap@a691ea9 mcc 404 mnc 49 isEmbedded false accessRules null}
12-31 18:00:40.673  4037  5074 D SubscriptionController: [getActiveSubscriptionInfo]+ subId=1 subInfo={id=1, iccId=8991000902151218129f simSlotIndex=0 displayName=airtel carrierName=No service  airtel nameSource=0 iconTint=-16746133 dataRoaming=1 iconBitmap=android.graphics.Bitmap@a691ea9 mcc 404 mnc 49 isEmbedded false accessRules null}
12-31 18:00:40.761  4037  5159 D SubscriptionController: [getActiveSubscriptionInfo]+ subId=1 subInfo={id=1, iccId=8991000902151218129f simSlotIndex=0 displayName=airtel carrierName=No service  airtel nameSource=0 iconTint=-16746133 dataRoaming=1 iconBitmap=android.graphics.Bitmap@a691ea9 mcc 404 mnc 49 isEmbedded false accessRules null}
12-31 18:00:40.773  4037  5074 D SubscriptionController: [getActiveSubscriptionInfo]+ subId=1 subInfo={id=1, iccId=8991000902151218129f simSlotIndex=0 displayName=airtel carrierName=No service  airtel nameSource=0 iconTint=-16746133 dataRoaming=1 iconBitmap=android.graphics.Bitmap@a691ea9 mcc 404 mnc 49 isEmbedded false accessRules null}
12-31 18:00:40.783  4037  5074 D SubscriptionController: [getActiveSubscriptionInfo]+ subId=1 subInfo={id=1, iccId=8991000902151218129f simSlotIndex=0 displayName=airtel carrierName=No service  airtel nameSource=0 iconTint=-16746133 dataRoaming=1 iconBitmap=android.graphics.Bitmap@a691ea9 mcc 404 mnc 49 isEmbedded false accessRules null}
12-31 18:00:40.786  4037  5074 D SubscriptionController: [getPhoneId] asked for default subId=1
12-31 18:00:40.797  4037  5074 D SubscriptionController: [getActiveSubscriptionInfo]+ subId=1 subInfo={id=1, iccId=8991000902151218129f simSlotIndex=0 displayName=airtel carrierName=No service  airtel nameSource=0 iconTint=-16746133 dataRoaming=1 iconBitmap=android.graphics.Bitmap@a691ea9 mcc 404 mnc 49 isEmbedded false accessRules null}
12-31 18:00:40.946  4037  5074 I chatty  : uid=1001(radio) Binder:4037_6 identical 5 lines
12-31 18:00:40.950  4037  5074 D SubscriptionController: [getActiveSubscriptionInfo]+ subId=1 subInfo={id=1, iccId=8991000902151218129f simSlotIndex=0 displayName=airtel carrierName=No service  airtel nameSource=0 iconTint=-16746133 dataRoaming=1 iconBitmap=android.graphics.Bitmap@a691ea9 mcc 404 mnc 49 isEmbedded false accessRules null}
12-31 18:00:41.168  4037  5074 D SubscriptionController: [getPhoneId]- subId=0 not found return default phoneId=0
12-31 18:00:41.597  4037  5074 D SubscriptionController: [getActiveSubscriptionInfo]+ subId=1 subInfo={id=1, iccId=8991000902151218129f simSlotIndex=0 displayName=airtel carrierName=No service  airtel nameSource=0 iconTint=-16746133 dataRoaming=1 iconBitmap=android.graphics.Bitmap@a691ea9 mcc 404 mnc 49 isEmbedded false accessRules null}
12-31 18:00:41.626  4037  5074 D RILJ    : [3765]> RIL_REQUEST_CDMA_SET_BROADCAST_CONFIG with 1 configs :  [SUB0]
12-31 18:00:41.626  4037  5074 D RILJ    : {.serviceCategory = 4096, .language = 1, .selected = true} [SUB0]
12-31 18:00:41.643  4037  4469 D RILJ    : [3765]< RIL_REQUEST_CDMA_SET_BROADCAST_CONFIG error 6 [SUB0]
12-31 18:00:41.643  4037  4469 D RilRequest: [3765]< RIL_REQUEST_CDMA_SET_BROADCAST_CONFIG error: com.android.internal.telephony.CommandException: REQUEST_NOT_SUPPORTED ret=
12-31 18:00:41.650  4037  5074 D RILJ    : [3766]> RIL_REQUEST_CDMA_SET_BROADCAST_CONFIG with 1 configs :  [SUB0]
12-31 18:00:41.650  4037  5074 D RILJ    : {.serviceCategory = 4097, .language = 1, .selected = true} [SUB0]
12-31 18:00:41.658  4037  4469 D RILJ    : [3766]< RIL_REQUEST_CDMA_SET_BROADCAST_CONFIG error 6 [SUB0]
12-31 18:00:41.658  4037  4469 D RilRequest: [3766]< RIL_REQUEST_CDMA_SET_BROADCAST_CONFIG error: com.android.internal.telephony.CommandException: REQUEST_NOT_SUPPORTED ret=
12-31 18:00:41.664  4037  5074 D RILJ    : [3767]> RIL_REQUEST_CDMA_SET_BROADCAST_CONFIG with 1 configs :  [SUB0]
12-31 18:00:41.664  4037  5074 D RILJ    : {.serviceCategory = 4098, .language = 1, .selected = true} [SUB0]
12-31 18:00:41.670  4037  4469 D RILJ    : [3767]< RIL_REQUEST_CDMA_SET_BROADCAST_CONFIG error 6 [SUB0]
12-31 18:00:41.671  4037  4469 D RilRequest: [3767]< RIL_REQUEST_CDMA_SET_BROADCAST_CONFIG error: com.android.internal.telephony.CommandException: REQUEST_NOT_SUPPORTED ret=
12-31 18:00:41.676  4037  5074 D RILJ    : [3768]> RIL_REQUEST_CDMA_SET_BROADCAST_CONFIG with 1 configs :  [SUB0]
12-31 18:00:41.676  4037  5074 D RILJ    : {.serviceCategory = 4099, .language = 1, .selected = true} [SUB0]
12-31 18:00:41.680  4037  4469 D RILJ    : [3768]< RIL_REQUEST_CDMA_SET_BROADCAST_CONFIG error 6 [SUB0]
12-31 18:00:41.681  4037  4469 D RilRequest: [3768]< RIL_REQUEST_CDMA_SET_BROADCAST_CONFIG error: com.android.internal.telephony.CommandException: REQUEST_NOT_SUPPORTED ret=
12-31 18:00:41.707  4037  5074 D RILJ    : [3769]> RIL_REQUEST_GSM_SET_BROADCAST_CONFIG with 1 configs :  [SUB0]
12-31 18:00:41.707  4037  5074 D RILJ    : SmsBroadcastConfigInfo: Id [4352,4354] Code [0,255] ENABLED [SUB0]
12-31 18:00:41.937  4037  4469 D RILJ    : [3769]< RIL_REQUEST_GSM_SET_BROADCAST_CONFIG  [SUB0]
12-31 18:00:41.943  4037  5074 D RILJ    : [3770]> RIL_REQUEST_GSM_BROADCAST_ACTIVATION activate = true [SUB0]
12-31 18:00:41.947  4037  4469 D RILJ    : [3770]< RIL_REQUEST_GSM_BROADCAST_ACTIVATION  [SUB0]
12-31 18:00:41.955  4037  5074 D RILJ    : [3771]> RIL_REQUEST_GSM_SET_BROADCAST_CONFIG with 2 configs :  [SUB0]
12-31 18:00:41.955  4037  5074 D RILJ    : SmsBroadcastConfigInfo: Id [4352,4354] Code [0,255] ENABLED [SUB0]
12-31 18:00:41.955  4037  5074 D RILJ    : SmsBroadcastConfigInfo: Id [4356,4356] Code [0,255] ENABLED [SUB0]
12-31 18:00:42.175  4037  4037 D QtiGsmDCT: [0]NETWORK_STATE_CHANGED_ACTION: mIsWifiConnected=false
12-31 18:00:42.180  4037  4469 D RILJ    : [3771]< RIL_REQUEST_GSM_SET_BROADCAST_CONFIG  [SUB0]
12-31 18:00:42.182  4037  5074 D RILJ    : [3772]> RIL_REQUEST_GSM_BROADCAST_ACTIVATION activate = true [SUB0]
12-31 18:00:42.184  4037  4037 D QtiGsmDCT: [0]Wifi state changed
12-31 18:00:42.184  4037  4037 D QtiGsmDCT: [0]WIFI_STATE_CHANGED_ACTION: enabled=false mIsWifiConnected=false
12-31 18:00:42.190  4037  4037 D QtiGsmDCT: [0]Wifi state changed
12-31 18:00:42.191  4037  4037 D QtiGsmDCT: [0]WIFI_STATE_CHANGED_ACTION: enabled=true mIsWifiConnected=false
12-31 18:00:42.192  4037  4469 D RILJ    : [3772]< RIL_REQUEST_GSM_BROADCAST_ACTIVATION  [SUB0]
12-31 18:00:42.213  4037  4477 D RILJ    : [3773]> RIL_REQUEST_GSM_SET_BROADCAST_CONFIG with 3 configs :  [SUB0]
12-31 18:00:42.213  4037  4477 D RILJ    : SmsBroadcastConfigInfo: Id [4352,4354] Code [0,255] ENABLED [SUB0]
12-31 18:00:42.213  4037  4477 D RILJ    : SmsBroadcastConfigInfo: Id [4356,4356] Code [0,255] ENABLED [SUB0]
12-31 18:00:42.213  4037  4477 D RILJ    : SmsBroadcastConfigInfo: Id [4370,4370] Code [0,255] ENABLED [SUB0]
12-31 18:00:42.490  4037  4469 D RILJ    : [3773]< RIL_REQUEST_GSM_SET_BROADCAST_CONFIG  [SUB0]
12-31 18:00:42.492  4037  4477 D RILJ    : [3774]> RIL_REQUEST_GSM_BROADCAST_ACTIVATION activate = true [SUB0]
12-31 18:00:42.497  4037  4469 D RILJ    : [3774]< RIL_REQUEST_GSM_BROADCAST_ACTIVATION  [SUB0]
12-31 18:00:42.506  4037  4477 D RILJ    : [3775]> RIL_REQUEST_GSM_SET_BROADCAST_CONFIG with 4 configs :  [SUB0]
12-31 18:00:42.506  4037  4477 D RILJ    : SmsBroadcastConfigInfo: Id [4352,4354] Code [0,255] ENABLED [SUB0]
12-31 18:00:42.506  4037  4477 D RILJ    : SmsBroadcastConfigInfo: Id [4356,4356] Code [0,255] ENABLED [SUB0]
12-31 18:00:42.506  4037  4477 D RILJ    : SmsBroadcastConfigInfo: Id [4370,4370] Code [0,255] ENABLED [SUB0]
12-31 18:00:42.506  4037  4477 D RILJ    : SmsBroadcastConfigInfo: Id [4371,4372] Code [0,255] ENABLED [SUB0]
12-31 18:00:42.761  4037  5074 D TelephonyManager: getLteOnCdmaMode=1 curVal=1 product_type='' lteOnCdmaProductType=''
12-31 18:00:42.770  4037  5074 I chatty  : uid=1001(radio) Binder:4037_6 identical 2 lines
12-31 18:00:42.771  4037  5074 D TelephonyManager: getLteOnCdmaMode=1 curVal=1 product_type='' lteOnCdmaProductType=''
12-31 18:00:42.775  4037  4469 D RILJ    : [3775]< RIL_REQUEST_GSM_SET_BROADCAST_CONFIG  [SUB0]
12-31 18:00:42.777  4037  4477 D RILJ    : [3776]> RIL_REQUEST_GSM_BROADCAST_ACTIVATION activate = true [SUB0]
12-31 18:00:42.783  4037  4469 D RILJ    : [3776]< RIL_REQUEST_GSM_BROADCAST_ACTIVATION  [SUB0]
12-31 18:00:42.792  4037  4477 D RILJ    : [3777]> RIL_REQUEST_GSM_SET_BROADCAST_CONFIG with 4 configs :  [SUB0]
12-31 18:00:42.792  4037  4477 D RILJ    : SmsBroadcastConfigInfo: Id [4352,4354] Code [0,255] ENABLED [SUB0]
12-31 18:00:42.792  4037  4477 D RILJ    : SmsBroadcastConfigInfo: Id [4356,4356] Code [0,255] ENABLED [SUB0]
12-31 18:00:42.792  4037  4477 D RILJ    : SmsBroadcastConfigInfo: Id [4370,4372] Code [0,255] ENABLED [SUB0]
12-31 18:00:42.792  4037  4477 D RILJ    : SmsBroadcastConfigInfo: Id [4373,4378] Code [0,255] ENABLED [SUB0]
12-31 18:00:42.809  4037  5074 D TelephonyManager: getLteOnCdmaMode=1 curVal=1 product_type='' lteOnCdmaProductType=''
12-31 18:00:42.812  4037  5074 D TelephonyManager: getLteOnCdmaMode=1 curVal=1 product_type='' lteOnCdmaProductType=''
12-31 18:00:42.820  4037  4058 D TelephonyManager: getLteOnCdmaMode=1 curVal=1 product_type='' lteOnCdmaProductType=''
12-31 18:00:42.826  4037  5074 D TelephonyManager: getLteOnCdmaMode=1 curVal=1 product_type='' lteOnCdmaProductType=''
12-31 18:00:43.061  4037  4469 D RILJ    : [3777]< RIL_REQUEST_GSM_SET_BROADCAST_CONFIG  [SUB0]
12-31 18:00:43.063  4037  4477 D RILJ    : [3778]> RIL_REQUEST_GSM_BROADCAST_ACTIVATION activate = true [SUB0]
12-31 18:00:43.067  4037  4469 D RILJ    : [3778]< RIL_REQUEST_GSM_BROADCAST_ACTIVATION  [SUB0]
12-31 18:00:43.075  4037  4477 D RILJ    : [3779]> RIL_REQUEST_GSM_SET_BROADCAST_CONFIG with 4 configs :  [SUB0]
12-31 18:00:43.075  4037  4477 D RILJ    : SmsBroadcastConfigInfo: Id [4352,4354] Code [0,255] ENABLED [SUB0]
12-31 18:00:43.075  4037  4477 D RILJ    : SmsBroadcastConfigInfo: Id [4356,4356] Code [0,255] ENABLED [SUB0]
12-31 18:00:43.075  4037  4477 D RILJ    : SmsBroadcastConfigInfo: Id [4370,4378] Code [0,255] ENABLED [SUB0]
12-31 18:00:43.075  4037  4477 D RILJ    : SmsBroadcastConfigInfo: Id [4379,4379] Code [0,255] ENABLED [SUB0]
12-31 18:00:43.344  4037  4469 D RILJ    : [3779]< RIL_REQUEST_GSM_SET_BROADCAST_CONFIG  [SUB0]
12-31 18:00:43.347  4037  4477 D RILJ    : [3780]> RIL_REQUEST_GSM_BROADCAST_ACTIVATION activate = true [SUB0]
12-31 18:00:43.350  4037  4469 D RILJ    : [3780]< RIL_REQUEST_GSM_BROADCAST_ACTIVATION  [SUB0]
12-31 18:00:43.359  4037  4477 D RILJ    : [3781]> RIL_REQUEST_GSM_SET_BROADCAST_CONFIG with 4 configs :  [SUB0]
12-31 18:00:43.359  4037  4477 D RILJ    : SmsBroadcastConfigInfo: Id [4352,4354] Code [0,255] ENABLED [SUB0]
12-31 18:00:43.359  4037  4477 D RILJ    : SmsBroadcastConfigInfo: Id [4356,4356] Code [0,255] ENABLED [SUB0]
12-31 18:00:43.359  4037  4477 D RILJ    : SmsBroadcastConfigInfo: Id [4370,4379] Code [0,255] ENABLED [SUB0]
12-31 18:00:43.359  4037  4477 D RILJ    : SmsBroadcastConfigInfo: Id [4383,4383] Code [0,255] ENABLED [SUB0]
12-31 18:00:43.631  4037  4469 D RILJ    : [3781]< RIL_REQUEST_GSM_SET_BROADCAST_CONFIG  [SUB0]
12-31 18:00:43.633  4037  4477 D RILJ    : [3782]> RIL_REQUEST_GSM_BROADCAST_ACTIVATION activate = true [SUB0]
12-31 18:00:43.636  4037  4469 D RILJ    : [3782]< RIL_REQUEST_GSM_BROADCAST_ACTIVATION  [SUB0]
12-31 18:00:43.641  4037  4477 D RILJ    : [3783]> RIL_REQUEST_GSM_SET_BROADCAST_CONFIG with 5 configs :  [SUB0]
12-31 18:00:43.641  4037  4477 D RILJ    : SmsBroadcastConfigInfo: Id [4352,4354] Code [0,255] ENABLED [SUB0]
12-31 18:00:43.641  4037  4477 D RILJ    : SmsBroadcastConfigInfo: Id [4356,4356] Code [0,255] ENABLED [SUB0]
12-31 18:00:43.641  4037  4477 D RILJ    : SmsBroadcastConfigInfo: Id [4370,4379] Code [0,255] ENABLED [SUB0]
12-31 18:00:43.641  4037  4477 D RILJ    : SmsBroadcastConfigInfo: Id [4383,4383] Code [0,255] ENABLED [SUB0]
12-31 18:00:43.641  4037  4477 D RILJ    : SmsBroadcastConfigInfo: Id [4384,4385] Code [0,255] ENABLED [SUB0]
12-31 18:00:43.713  4037  4058 D SubscriptionController: [getActiveSubscriptionInfo]+ subId=1 subInfo={id=1, iccId=8991000902151218129f simSlotIndex=0 displayName=airtel carrierName=No service  airtel nameSource=0 iconTint=-16746133 dataRoaming=1 iconBitmap=android.graphics.Bitmap@a691ea9 mcc 404 mnc 49 isEmbedded false accessRules null}
12-31 18:00:43.910  4037  4469 D RILJ    : [3783]< RIL_REQUEST_GSM_SET_BROADCAST_CONFIG  [SUB0]
12-31 18:00:43.912  4037  4477 D RILJ    : [3784]> RIL_REQUEST_GSM_BROADCAST_ACTIVATION activate = true [SUB0]
12-31 18:00:43.916  4037  4469 D RILJ    : [3784]< RIL_REQUEST_GSM_BROADCAST_ACTIVATION  [SUB0]
12-31 18:00:43.922  4037  4477 D RILJ    : [3785]> RIL_REQUEST_GSM_SET_BROADCAST_CONFIG with 5 configs :  [SUB0]
12-31 18:00:43.922  4037  4477 D RILJ    : SmsBroadcastConfigInfo: Id [4352,4354] Code [0,255] ENABLED [SUB0]
12-31 18:00:43.922  4037  4477 D RILJ    : SmsBroadcastConfigInfo: Id [4356,4356] Code [0,255] ENABLED [SUB0]
12-31 18:00:43.923  4037  4477 D RILJ    : SmsBroadcastConfigInfo: Id [4370,4379] Code [0,255] ENABLED [SUB0]
12-31 18:00:43.923  4037  4477 D RILJ    : SmsBroadcastConfigInfo: Id [4383,4385] Code [0,255] ENABLED [SUB0]
12-31 18:00:43.923  4037  4477 D RILJ    : SmsBroadcastConfigInfo: Id [4386,4391] Code [0,255] ENABLED [SUB0]
12-31 18:00:44.073  4037  4058 D SubscriptionController: [getPhoneId]- subId=0 not found return default phoneId=0
12-31 18:00:44.190  4037  4469 D RILJ    : [3785]< RIL_REQUEST_GSM_SET_BROADCAST_CONFIG  [SUB0]
12-31 18:00:44.192  4037  4477 D RILJ    : [3786]> RIL_REQUEST_GSM_BROADCAST_ACTIVATION activate = true [SUB0]
12-31 18:00:44.195  4037  4469 D RILJ    : [3786]< RIL_REQUEST_GSM_BROADCAST_ACTIVATION  [SUB0]
12-31 18:00:44.199  4037  4477 D RILJ    : [3787]> RIL_REQUEST_GSM_SET_BROADCAST_CONFIG with 5 configs :  [SUB0]
12-31 18:00:44.199  4037  4477 D RILJ    : SmsBroadcastConfigInfo: Id [4352,4354] Code [0,255] ENABLED [SUB0]
12-31 18:00:44.199  4037  4477 D RILJ    : SmsBroadcastConfigInfo: Id [4356,4356] Code [0,255] ENABLED [SUB0]
12-31 18:00:44.200  4037  4477 D RILJ    : SmsBroadcastConfigInfo: Id [4370,4379] Code [0,255] ENABLED [SUB0]
12-31 18:00:44.200  4037  4477 D RILJ    : SmsBroadcastConfigInfo: Id [4383,4391] Code [0,255] ENABLED [SUB0]
12-31 18:00:44.200  4037  4477 D RILJ    : SmsBroadcastConfigInfo: Id [4392,4392] Code [0,255] ENABLED [SUB0]
12-31 18:00:44.469  4037  4469 D RILJ    : [3787]< RIL_REQUEST_GSM_SET_BROADCAST_CONFIG  [SUB0]
12-31 18:00:44.470  4037  4477 D RILJ    : [3788]> RIL_REQUEST_GSM_BROADCAST_ACTIVATION activate = true [SUB0]
12-31 18:00:44.474  4037  4469 D RILJ    : [3788]< RIL_REQUEST_GSM_BROADCAST_ACTIVATION  [SUB0]
12-31 18:00:44.485  4037  4058 D RILJ    : [3789]> RIL_REQUEST_GSM_SET_BROADCAST_CONFIG with 5 configs :  [SUB0]
12-31 18:00:44.485  4037  4058 D RILJ    : SmsBroadcastConfigInfo: Id [4352,4354] Code [0,255] ENABLED [SUB0]
12-31 18:00:44.485  4037  4058 D RILJ    : SmsBroadcastConfigInfo: Id [4356,4356] Code [0,255] ENABLED [SUB0]
12-31 18:00:44.485  4037  4058 D RILJ    : SmsBroadcastConfigInfo: Id [4370,4379] Code [0,255] ENABLED [SUB0]
12-31 18:00:44.485  4037  4058 D RILJ    : SmsBroadcastConfigInfo: Id [4383,4392] Code [0,255] ENABLED [SUB0]
12-31 18:00:44.485  4037  4058 D RILJ    : SmsBroadcastConfigInfo: Id [60,60] Code [0,255] ENABLED [SUB0]
12-31 18:00:44.708  4037  4477 D TelephonyManager: getLteOnCdmaMode=1 curVal=1 product_type='' lteOnCdmaProductType=''
12-31 18:00:44.718  4037  4477 I chatty  : uid=1001(radio) Binder:4037_3 identical 2 lines
12-31 18:00:44.720  4037  4477 D TelephonyManager: getLteOnCdmaMode=1 curVal=1 product_type='' lteOnCdmaProductType=''
12-31 18:00:44.758  4037  4469 D RILJ    : [3789]< RIL_REQUEST_GSM_SET_BROADCAST_CONFIG  [SUB0]
12-31 18:00:44.761  4037  4058 D RILJ    : [3790]> RIL_REQUEST_GSM_BROADCAST_ACTIVATION activate = true [SUB0]
12-31 18:00:44.768  4037  4469 D RILJ    : [3790]< RIL_REQUEST_GSM_BROADCAST_ACTIVATION  [SUB0]
12-31 18:00:44.962  4037  4477 D SubscriptionController: [getActiveSubscriptionInfo]+ subId=1 subInfo={id=1, iccId=8991000902151218129f simSlotIndex=0 displayName=airtel carrierName=No service  airtel nameSource=0 iconTint=-16746133 dataRoaming=1 iconBitmap=android.graphics.Bitmap@a691ea9 mcc 404 mnc 49 isEmbedded false accessRules null}
12-31 18:00:44.976  4037  4477 D RILJ    : [3791]> RIL_REQUEST_CDMA_SET_BROADCAST_CONFIG with 1 configs :  [SUB0]
12-31 18:00:44.976  4037  4477 D RILJ    : {.serviceCategory = 4096, .language = 1, .selected = true} [SUB0]
12-31 18:00:44.989  4037  4469 D RILJ    : [3791]< RIL_REQUEST_CDMA_SET_BROADCAST_CONFIG error 6 [SUB0]
12-31 18:00:44.989  4037  4469 D RilRequest: [3791]< RIL_REQUEST_CDMA_SET_BROADCAST_CONFIG error: com.android.internal.telephony.CommandException: REQUEST_NOT_SUPPORTED ret=
12-31 18:00:45.039  4037  4477 D RILJ    : [3792]> RIL_REQUEST_CDMA_SET_BROADCAST_CONFIG with 1 configs :  [SUB0]
12-31 18:00:45.040  4037  4477 D RILJ    : {.serviceCategory = 4097, .language = 1, .selected = true} [SUB0]
12-31 18:00:45.048  4037  4469 D RILJ    : [3792]< RIL_REQUEST_CDMA_SET_BROADCAST_CONFIG error 6 [SUB0]
12-31 18:00:45.048  4037  4469 D RilRequest: [3792]< RIL_REQUEST_CDMA_SET_BROADCAST_CONFIG error: com.android.internal.telephony.CommandException: REQUEST_NOT_SUPPORTED ret=
12-31 18:00:45.057  4037  4477 D RILJ    : [3793]> RIL_REQUEST_CDMA_SET_BROADCAST_CONFIG with 1 configs :  [SUB0]
12-31 18:00:45.058  4037  4477 D RILJ    : {.serviceCategory = 4098, .language = 1, .selected = true} [SUB0]
12-31 18:00:45.063  4037  4469 D RILJ    : [3793]< RIL_REQUEST_CDMA_SET_BROADCAST_CONFIG error 6 [SUB0]
12-31 18:00:45.063  4037  4469 D RilRequest: [3793]< RIL_REQUEST_CDMA_SET_BROADCAST_CONFIG error: com.android.internal.telephony.CommandException: REQUEST_NOT_SUPPORTED ret=
12-31 18:00:45.089  4037  4058 D RILJ    : [3794]> RIL_REQUEST_CDMA_SET_BROADCAST_CONFIG with 1 configs :  [SUB0]
12-31 18:00:45.089  4037  4058 D RILJ    : {.serviceCategory = 4099, .language = 1, .selected = true} [SUB0]
12-31 18:00:45.095  4037  4469 D RILJ    : [3794]< RIL_REQUEST_CDMA_SET_BROADCAST_CONFIG error 6 [SUB0]
12-31 18:00:45.095  4037  4469 D RilRequest: [3794]< RIL_REQUEST_CDMA_SET_BROADCAST_CONFIG error: com.android.internal.telephony.CommandException: REQUEST_NOT_SUPPORTED ret=
12-31 18:00:45.123  4037  4058 D RILJ    : [3795]> RIL_REQUEST_GSM_BROADCAST_ACTIVATION activate = true [SUB0]
12-31 18:00:45.128  4037  4469 D RILJ    : [3795]< RIL_REQUEST_GSM_BROADCAST_ACTIVATION  [SUB0]
12-31 18:00:45.137  4037  4058 D RILJ    : [3796]> RIL_REQUEST_GSM_BROADCAST_ACTIVATION activate = true [SUB0]
12-31 18:00:45.144  4037  4469 D RILJ    : [3796]< RIL_REQUEST_GSM_BROADCAST_ACTIVATION  [SUB0]
12-31 18:00:45.170  4037  4058 D RILJ    : [3797]> RIL_REQUEST_GSM_BROADCAST_ACTIVATION activate = true [SUB0]
12-31 18:00:45.176  4037  4469 D RILJ    : [3797]< RIL_REQUEST_GSM_BROADCAST_ACTIVATION  [SUB0]
12-31 18:00:45.195  4037  4058 D RILJ    : [3798]> RIL_REQUEST_GSM_BROADCAST_ACTIVATION activate = true [SUB0]
12-31 18:00:45.212  4037  4469 D RILJ    : [3798]< RIL_REQUEST_GSM_BROADCAST_ACTIVATION  [SUB0]
12-31 18:00:45.221  4037  4058 D RILJ    : [3799]> RIL_REQUEST_GSM_BROADCAST_ACTIVATION activate = true [SUB0]
12-31 18:00:45.225  4037  4469 D RILJ    : [3799]< RIL_REQUEST_GSM_BROADCAST_ACTIVATION  [SUB0]
12-31 18:00:45.240  4037  4058 D RILJ    : [3800]> RIL_REQUEST_GSM_BROADCAST_ACTIVATION activate = true [SUB0]
12-31 18:00:45.246  4037  4469 D RILJ    : [3800]< RIL_REQUEST_GSM_BROADCAST_ACTIVATION  [SUB0]
12-31 18:00:45.257  4037  4058 D RILJ    : [3801]> RIL_REQUEST_GSM_BROADCAST_ACTIVATION activate = true [SUB0]
12-31 18:00:45.263  4037  4469 D RILJ    : [3801]< RIL_REQUEST_GSM_BROADCAST_ACTIVATION  [SUB0]
12-31 18:00:45.271  4037  4058 D RILJ    : [3802]> RIL_REQUEST_GSM_BROADCAST_ACTIVATION activate = true [SUB0]
12-31 18:00:45.278  4037  4469 D RILJ    : [3802]< RIL_REQUEST_GSM_BROADCAST_ACTIVATION  [SUB0]
12-31 18:00:45.294  4037  4058 D RILJ    : [3803]> RIL_REQUEST_GSM_BROADCAST_ACTIVATION activate = true [SUB0]
12-31 18:00:45.300  4037  4469 D RILJ    : [3803]< RIL_REQUEST_GSM_BROADCAST_ACTIVATION  [SUB0]
12-31 18:00:45.308  4037  4058 D RILJ    : [3804]> RIL_REQUEST_GSM_BROADCAST_ACTIVATION activate = true [SUB0]
12-31 18:00:45.318  4037  4469 D RILJ    : [3804]< RIL_REQUEST_GSM_BROADCAST_ACTIVATION  [SUB0]
12-31 18:00:45.342  4037  4058 D RILJ    : [3805]> RIL_REQUEST_GSM_BROADCAST_ACTIVATION activate = true [SUB0]
12-31 18:00:45.349  4037  4469 D RILJ    : [3805]< RIL_REQUEST_GSM_BROADCAST_ACTIVATION  [SUB0]
12-31 18:00:45.950  4037  4058 D QtiGsmDCT: [0]setPolicyDataEnabled: true
12-31 18:00:45.950  4037  4037 D QtiGsmDCT: [0]QtiDcTracker handleMessage msg={ when=-1ms what=270368 arg1=1 target=com.qualcomm.qti.internal.telephony.dataconnection.QtiDcTracker }
12-31 18:00:45.974  4037  4058 D SubscriptionController: [getActiveSubscriptionInfo]+ subId=1 subInfo={id=1, iccId=8991000902151218129f simSlotIndex=0 displayName=airtel carrierName=No service  airtel nameSource=0 iconTint=-16746133 dataRoaming=1 iconBitmap=android.graphics.Bitmap@a691ea9 mcc 404 mnc 49 isEmbedded false accessRules null}
12-31 18:00:46.032  4037  4058 D SubscriptionController: [getPhoneId] asked for default subId=1
12-31 18:00:47.804  4037  4477 D RILJ    : [3806]> RIL_REQUEST_GET_CELL_INFO_LIST [SUB0]
12-31 18:00:47.811  4037  4469 D RILJ    : [3806]< RIL_REQUEST_GET_CELL_INFO_LIST error 39 [SUB0]
12-31 18:00:47.811  4037  4469 D RilRequest: [3806]< RIL_REQUEST_GET_CELL_INFO_LIST error: com.android.internal.telephony.CommandException: SYSTEM_ERR ret=[]
12-31 18:00:47.812  4037  4037 D SST     : EVENT_GET_CELL_INFO_LIST: error ret null, e=com.android.internal.telephony.CommandException: SYSTEM_ERR
12-31 18:00:47.812  4037  4477 D SST     : SST.getAllCellInfo(): X size=0 list=null
12-31 18:00:47.817  5085  6388 D TelephonyManager: getCellLocation returning null because CellLocation is empty
12-31 18:00:47.830  4037  4477 D SST     : SST.getAllCellInfo(): return last, back to back calls
12-31 18:00:47.830  4037  4477 D SST     : SST.getAllCellInfo(): X size=0 list=null
12-31 18:00:49.483  4037  4477 D SubscriptionController: [getPhoneId] asked for default subId=1
12-31 18:00:55.331  4037  4058 D TelephonyManager: getLteOnCdmaMode=1 curVal=1 product_type='' lteOnCdmaProductType=''
12-31 18:00:55.345  4037  4058 I chatty  : uid=1001(radio) Binder:4037_1 identical 2 lines
12-31 18:00:55.346  4037  4058 D TelephonyManager: getLteOnCdmaMode=1 curVal=1 product_type='' lteOnCdmaProductType=''
12-31 18:00:56.850  4037  4058 D GsmCdmaPhone: [GsmCdmaPhone] getDataConnectionState apnType=default ret=DISCONNECTED
12-31 18:00:57.229  4037  4477 D QtiGsmDCT: [0]getDataEnabled during provisioning retVal=true - (true, 1)
12-31 18:00:57.289  4037  5074 D SubscriptionController: [getActiveSubscriptionInfo]+ subId=1 subInfo={id=1, iccId=8991000902151218129f simSlotIndex=0 displayName=airtel carrierName=No service  airtel nameSource=0 iconTint=-16746133 dataRoaming=1 iconBitmap=android.graphics.Bitmap@a691ea9 mcc 404 mnc 49 isEmbedded false accessRules null}
12-31 18:00:57.311  4037  4037 D GsmCdmaPhone: mBroadcastReceiver: action android.telephony.action.CARRIER_CONFIG_CHANGED
12-31 18:00:57.314  4037  4037 D CarrierSignalAgent: [0]CarrierSignalAgent receiver action: android.telephony.action.CARRIER_CONFIG_CHANGED
12-31 18:00:57.315  4037  4037 D CarrierSignalAgent: [0]Loading carrier config: carrier_app_wake_signal_config
12-31 18:00:57.316  4037  4037 D CarrierSignalAgent: [0]Loading carrier config: carrier_app_no_wake_signal_config
12-31 18:00:57.322  4037  4037 I CSST    : reading time to delay notification emergency: -1
12-31 18:00:57.322  4037  4037 I CSST    : reading time to delay notification emergency: -1
12-31 18:00:57.322  4037  4037 I CSST    : PrefNetworkNotification: sendMessage() w/values: ,false,-1,false,true
12-31 18:00:57.323  4037  4037 I CSST    : canceling notifications: 1000
12-31 18:00:57.323  4037  4037 D Phone   : isWifiCallingEnabled =false
12-31 18:00:57.323  4037  4037 D CSST    : isPhoneRegisteredForWifiCalling: false
12-31 18:00:57.323  4037  4037 D Phone   : isWifiCallingEnabled =false
12-31 18:00:57.323  4037  4037 I CSST    : EmergencyNetworkNotification: sendMessage() w/values: ,false,-1,false,true
12-31 18:00:57.323  4037  4037 I CSST    : canceling notifications: 1001
12-31 18:00:57.324  4037  4037 D QtiGsmDCT: [0]setDefaultDataRoamingEnabled: data_roamingdefault value: true
12-31 18:00:57.325  4037  4037 D SubscriptionController: [setDataRoaming]+ roaming:1 subId:1
12-31 18:00:57.325  4037  4037 D SubscriptionController: validateSubId subId: 1
12-31 18:00:57.326  4037  4037 D SubscriptionController: [setDataRoaming]- roaming:1 set
12-31 18:00:57.345  4037  5074 D SubscriptionController: [getActiveSubscriptionInfo]+ subId=1 subInfo={id=1, iccId=8991000902151218129f simSlotIndex=0 displayName=airtel carrierName=No service  airtel nameSource=0 iconTint=-16746133 dataRoaming=1 iconBitmap=android.graphics.Bitmap@a691ea9 mcc 404 mnc 49 isEmbedded false accessRules null}
12-31 18:00:57.350  4037  5074 D RILJ    : [3807]> RIL_REQUEST_CDMA_SET_BROADCAST_CONFIG with 1 configs :  [SUB0]
12-31 18:00:57.351  4037  5074 D RILJ    : {.serviceCategory = 4096, .language = 1, .selected = true} [SUB0]
12-31 18:00:57.355  4037  4469 D RILJ    : [3807]< RIL_REQUEST_CDMA_SET_BROADCAST_CONFIG error 6 [SUB0]
12-31 18:00:57.355  4037  4469 D RilRequest: [3807]< RIL_REQUEST_CDMA_SET_BROADCAST_CONFIG error: com.android.internal.telephony.CommandException: REQUEST_NOT_SUPPORTED ret=
12-31 18:00:57.378  4037  4037 D SubscriptionController: notifySubscriptionInfoChanged:
12-31 18:00:57.385  4037  4037 D ImsPhoneCallTracker: [ImsPhoneCallTracker] No carrier ImsReasonInfo mappings defined.
12-31 18:00:57.386  4037  4037 D ImsPhoneCallTracker: [ImsPhoneCallTracker] onReceive : Updating mAllowEmergencyVideoCalls = false
12-31 18:00:57.392  4037  4037 D SubscriptionController: [getActiveSubscriptionInfo]+ subId=1 subInfo={id=1, iccId=8991000902151218129f simSlotIndex=0 displayName=airtel carrierName=No service  airtel nameSource=0 iconTint=-16746133 dataRoaming=1 iconBitmap=android.graphics.Bitmap@6373d8d mcc 404 mnc 49 isEmbedded false accessRules null}
12-31 18:00:57.405  4037  4037 D QtiGsmCdmaPhone: handleMessage: Event: 43
12-31 18:00:57.407  4037  4037 D RILJ    : [3808]> RIL_REQUEST_VOICE_RADIO_TECH [SUB0]
12-31 18:00:57.408  4037  4469 D RILJ    : [3808]< RIL_REQUEST_VOICE_RADIO_TECH {3} [SUB0]
12-31 18:00:57.415  4037  4037 D ImsManager: isEnhanced4gLteModeSettingEnabledByUserForSlot :: subId=1
12-31 18:00:57.418  4037  4037 D ImsManager: updateVolteFeatureValue: available = true, enabled = true, nonTTY = true
12-31 18:00:57.418  4037  4037 D ImsConfig: setFeatureValue: feature = 0, network =13, value =1, listener =com.android.internal.telephony.imsphone.ImsPhoneCallTracker$5@80774df
12-31 18:00:57.424  2851  2851 E RILQ    : (0/2851): RIL[0][rild(2851,2851)] processRequest: ImsRadioImpl::processRequest - Error 0
12-31 18:00:57.427  4037  4037 D ImsManager: isWfcRoamingEnabledByUserForSlot :: subId=1 enabled=false
12-31 18:00:57.430  4037  4037 D ImsManager: isWfcEnabledByUserForSlot :: subId=1 enabled=0
12-31 18:00:57.430  4037  4477 D SubscriptionController: [getActiveSubscriptionInfo]+ subId=1 subInfo={id=1, iccId=8991000902151218129f simSlotIndex=0 displayName=airtel carrierName=No service  airtel nameSource=0 iconTint=-16746133 dataRoaming=1 iconBitmap=android.graphics.Bitmap@6373d8d mcc 404 mnc 49 isEmbedded false accessRules null}
12-31 18:00:57.431  4037  4037 D ImsManager: updateWfcModeForSlot
12-31 18:00:57.437  4037  4037 D ImsManager: getWfcModeForSlot :: subId=1
12-31 18:00:57.441  4037  4037 D ImsManager: getWfcModeForSlot - setting=1
12-31 18:00:57.442  4037  4037 D ImsManager: updateWfcFeatureAndProvisionedValues: available = true, enabled = false, mode = 1, roaming = false, isNetworkRoaming = false
12-31 18:00:57.442  4037  4037 D ImsConfig: setFeatureValue: feature = 2, network =18, value =0, listener =com.android.internal.telephony.imsphone.ImsPhoneCallTracker$5@80774df
12-31 18:00:57.444  2851  2851 E RILQ    : (0/2851): RIL[0][rild(2851,2851)] processRequest: ImsRadioImpl::processRequest - Error 0
12-31 18:00:57.445  4037  4037 D ImsManager: isVtEnabledByUserForSlot :: subId=1
12-31 18:00:57.447  4037  6892 D ImsConfig: setProvisionedValue(): item = 27value = 1
12-31 18:00:57.449  2851  2851 E RILQ    : (0/2851): RIL[0][rild(2851,2851)] processRequest: ImsRadioImpl::processRequest - Error 0
12-31 18:00:57.451  2851  3078 E RILQ    : (0/2851): RIL[0][(2851,3078)] qcril_qmi_imss_request_set_ims_config: ..invalid parameters for the config items value
12-31 18:00:57.451  2851  3078 E RILQ    : (0/2851): RIL[0][(2851,3078)] qcril_qmi_imss_request_set_ims_config: radio config error: 2..sending empty response
12-31 18:00:57.452  4037  4037 D ImsManager: updateVideoCallFeatureValue: available = true, enabled = true, nonTTY = true, data enabled = true
12-31 18:00:57.452  4037  4037 D ImsConfig: setFeatureValue: feature = 1, network =13, value =1, listener =com.android.internal.telephony.imsphone.ImsPhoneCallTracker$5@80774df
12-31 18:00:57.452  4037  6892 D ImsConfig: setProvisionedValue(): item = 27 value = 1 ret = 1
