07-09 10:48:00.192  2061  2390 D RILJ    : [3708]< SIM_IO IccIoResult sw1:0x90 sw2:0x0 [SUB0]
07-09 10:48:00.193  2061  2061 D SubscriptionController: [getActiveSubInfoList] Sub Controller not ready
07-09 10:48:00.193  2061  2061 D SubscriptionController: [getActiveSubInfoForSubscriber]- subId=2147483643 subList=null subInfo=null
07-09 10:48:00.193  2061  2061 I ImsManager: Creating ImsService using ImsResolver
07-09 10:48:00.194  2061  2390 D RILJ    : [3689]< SIM_IO error 43 [SUB0]
07-09 10:48:00.194  2061  2390 D RilRequest: [3689]< SIM_IO error: com.android.internal.telephony.CommandException: SIM_ERR ret=IccIoResult sw1:0x6a sw2:0x82 Error: File not found
07-09 10:48:00.198  2061  2061 D QtiSubscriptionController: getPhoneId, received dummy subId 2147483643
07-09 10:48:00.201  2061  2061 I chatty  : uid=1001(radio) com.android.phone identical 5 lines
07-09 10:48:00.202  2061  2061 D QtiSubscriptionController: getPhoneId, received dummy subId 2147483643
07-09 10:48:00.207  2061  2390 D RILJ    : [3691]< SIM_IO error 43 [SUB0]
07-09 10:48:00.207  2061  2390 D RilRequest: [3691]< SIM_IO error: com.android.internal.telephony.CommandException: SIM_ERR ret=IccIoResult sw1:0x6a sw2:0x82 Error: File not found
07-09 10:48:00.220  2061  2390 D RILJ    : [3694]< SIM_IO error 43 [SUB0]
07-09 10:48:00.220  2061  2390 D RilRequest: [3694]< SIM_IO error: com.android.internal.telephony.CommandException: SIM_ERR ret=IccIoResult sw1:0x6a sw2:0x82 Error: File not found
07-09 10:48:00.226  2061  2061 D SubscriptionController: [getActiveSubInfoList] Sub Controller not ready
07-09 10:48:00.227  2061  2061 D SubscriptionController: [getActiveSubInfoList] Sub Controller not ready
07-09 10:48:00.227  2061  2061 D QtiGsmDCT: [0]SubscriptionListener.onSubscriptionInfoChanged
07-09 10:48:00.228  2061  2061 D ImsPhone: handleMessage what=57
07-09 10:48:00.229  2061  2061 D QtiSubscriptionController: getPhoneId, received dummy subId 2147483643
07-09 10:48:00.229  2061  2061 D QtiGsmDCT: [0]QtiDcTracker handleMessage msg={ when=-168ms what=270377 obj=android.os.AsyncResult@bf87694 target=com.qualcomm.qti.internal.telephony.dataconnection.QtiDcTracker }
07-09 10:48:00.230  2061  2061 D ImsPhone: handleMessage what=56
07-09 10:48:00.230  2061  2061 D ImsPhone: EVENT_DEFAULT_PHONE_DATA_STATE_CHANGED
07-09 10:48:00.230  2061  2061 D ImsPhone: updateDataServiceState: defSs = {mVoiceRegState=3(POWER_OFF), mDataRegState=3(POWER_OFF), mVoiceRoamingType=home, mDataRoamingType=home, mVoiceOperatorAlphaLong=null, mVoiceOperatorAlphaShort=null, mDataOperatorAlphaLong=null, mDataOperatorAlphaShort=null, isManualNetworkSelection=false(automatic), mRilVoiceRadioTechnology=0(Unknown), mRilDataRadioTechnology=0(Unknown), mCssIndicator=unsupported, mNetworkId=-1, mSystemId=-1, mCdmaRoamingIndicator=-1, mCdmaDefaultRoamingIndicator=-1, mIsEmergencyOnly=false, mIsDataRoamingFromRegistration=false, mIsUsingCarrierAggregation=false, mLteEarfcnRsrpBoost=0} imsSs = {mVoiceRegState=1(OUT_OF_SERVICE), mDataRegState=3(POWER_OFF), mVoiceRoamingType=home, mDataRoamingType=home, mVoiceOperatorAlphaLong=null, mVoiceOperatorAlphaShort=null, mDataOperatorAlphaLong=null, mDataOperatorAlphaShort=null, isManualNetworkSelection=false(automatic), mRilVoiceRadioTechnology=0(Unknown), mRilDataRadioTechnology=0(Unknown), mCssIndicator=unsupported, mNetworkId=-1, mSystemId=-1, mCdmaRoamingIndicator=-1, mCdmaDefaultRoamingIndicator=-1, mIsEmergencyOnly=false, mIsDataRoamingFromRegistration=false, mIsUsingCarrierAggregation=false, mLteEarfcnRsrpBoost=0}
07-09 10:48:00.230  2061  2061 D use-Rlog/RLOG-QC_RIL_OEM_HOOK: Received Broadcast Intent ACTION_UNSOL_RESPONSE_OEM_HOOK_RAW
07-09 10:48:00.230  2061  2061 D use-Rlog/RLOG-QC_RIL_OEM_HOOK: Oem ID in QCRILHOOK UNSOL RESP is QOEMHOOK
07-09 10:48:00.230  2061  2061 D use-Rlog/RLOG-QC_RIL_OEM_HOOK: Received Broadcast Intent ACTION_UNSOL_RESPONSE_OEM_HOOK_RAW
07-09 10:48:00.230  2061  2061 D use-Rlog/RLOG-QC_RIL_OEM_HOOK: Oem ID in QCRILHOOK UNSOL RESP is QOEMHOOK
07-09 10:48:00.230  2061  2061 D ImsPhoneCallTracker: [ImsPhoneCallTracker] handleMessage what=24
07-09 10:48:00.230  2061  2061 D ImsPhoneCallTracker: [ImsPhoneCallTracker] getImsService
07-09 10:48:00.231  2061  2061 D ImsPhoneCallTracker: [ImsPhoneCallTracker] Status Changed: 2
07-09 10:48:00.233  2061  2390 D RILJ    : [3695]< SIM_IO error 43 [SUB0]
07-09 10:48:00.233  2061  2390 D RilRequest: [3695]< SIM_IO error: com.android.internal.telephony.CommandException: SIM_ERR ret=IccIoResult sw1:0x6a sw2:0x82 Error: File not found
07-09 10:48:00.235  1361  1591 E RILQ    : (0/1361): RIL[0][(1361,1591)] processRequest: ImsRadioImpl::processRequest - Error 0
07-09 10:48:00.235  2061  2061 D ImsManager: RegistrationListenerProxy registered.
07-09 10:48:00.235  2061  2061 D ImsManager: Local registration listener added: com.android.internal.telephony.imsphone.ImsPhoneCallTracker$4@b08ae83
07-09 10:48:00.235  2061  2061 D ImsManager: open: Session started and registration listener added.
07-09 10:48:00.236  2061  2061 D ImsEcbm : ImsEcbm created
07-09 10:48:00.239  1361  1591 E RILQ    : (0/1361): RIL[0][(1361,1591)] processRequest: ImsRadioImpl::processRequest - Error 0
07-09 10:48:00.239  2061  2061 D ImsMultiEndpoint: ImsMultiEndpoint created
07-09 10:48:00.240  2061  2061 D ImsMultiEndpoint: setExternalCallStateListener
07-09 10:48:00.241  2061  2390 D RILJ    : [3696]< SIM_IO IccIoResult sw1:0x90 sw2:0x0 [SUB0]
07-09 10:48:00.243  2061  2061 D use-Rlog/RLOG-QC_RIL_OEM_HOOK: Received Broadcast Intent ACTION_UNSOL_RESPONSE_OEM_HOOK_RAW
07-09 10:48:00.243  2061  2061 D use-Rlog/RLOG-QC_RIL_OEM_HOOK: Oem ID in QCRILHOOK UNSOL RESP is QOEMHOOK
07-09 10:48:00.243  2061  2061 D use-Rlog/RLOG-QC_RIL_OEM_HOOK: Received Broadcast Intent ACTION_UNSOL_RESPONSE_OEM_HOOK_RAW
07-09 10:48:00.243  2061  2061 D use-Rlog/RLOG-QC_RIL_OEM_HOOK: Oem ID in QCRILHOOK UNSOL RESP is QOEMHOOK
07-09 10:48:00.243  2061  2061 D use-Rlog/RLOG-QC_RIL_OEM_HOOK: Received Broadcast Intent ACTION_UNSOL_RESPONSE_OEM_HOOK_RAW
07-09 10:48:00.243  2061  2061 D use-Rlog/RLOG-QC_RIL_OEM_HOOK: Oem ID in QCRILHOOK UNSOL RESP is QOEMHOOK
07-09 10:48:00.243  2061  2061 D SIMRecords: [SIMRecords] IMSI: mMncLength=-1
07-09 10:48:00.244  2061  2061 D SIMRecords: [SIMRecords] IMSI: 404490[ce46rIRi9GGGG9Tp1j146fT2Gtg]
07-09 10:48:00.244  2061  2061 D SIMRecords: [SIMRecords] onRecordLoaded 23 requested: true
07-09 10:48:00.245  2061  2061 D RILJ    : [3709]> iccIO: SIM_IO command = 0xb2 fileId = 0x6f40 path = 3F007FFF p1 = 1 p2 = 4 p3 =  data = null aid = a0000000871002ff86ffff89ffffffff [SUB0]
07-09 10:48:00.247  2061  2061 D RILJ    : [3710]> iccIO: SIM_IO command = 0xb0 fileId = 0x6f46 path = 3F007FFF p1 = 0 p2 = 0 p3 =  data = null aid = a0000000871002ff86ffff89ffffffff [SUB0]
07-09 10:48:00.247  2061  2390 D RILJ    : [3697]< SIM_IO IccIoResult sw1:0x90 sw2:0x0 [SUB0]
07-09 10:48:00.248  2061  2061 D RILJ    : [3711]> iccIO: SIM_IO command = 0xb2 fileId = 0x6fc5 path = 3F007FFF p1 = 1 p2 = 4 p3 =  data = null aid = a0000000871002ff86ffff89ffffffff [SUB0]
07-09 10:48:00.248  2061  2061 D QtiGsmCdmaPhone: handleMessage: Event: 29
07-09 10:48:00.248  2061  2061 D QtiGsmCdmaPhone: handleMessage: Event: 29
07-09 10:48:00.248  2061  2061 I GsmCdmaPhone: [GsmCdmaPhone] processIccRecordEvents: EVENT_CFI
07-09 10:48:00.248  2061  2061 D QtiGsmCdmaPhone: ProvisionStatus: 1 phone id:0
07-09 10:48:00.249  2061  2061 D DefaultPhoneNotifier: notifyCallForwardingChanged: subId=2147483643, isCFActive=false
07-09 10:48:00.249  2061  2061 D QtiGsmCdmaPhone: ProvisionStatus: 1 phone id:0
07-09 10:48:00.250  2061  2061 D QtiSubscriptionController: getPhoneId, received dummy subId 2147483643
07-09 10:48:00.251  2061  2061 D IccCardProxy: setExternalState: !override and newstate unchanged from READY
07-09 10:48:00.251  2061  2061 D CAT     : CatService: handleMessage[2]
07-09 10:48:00.251  2061  2061 D CAT     : CatService: ril message arrived,slotid:0
07-09 10:48:00.252  2061  2061 D RILJ    : [3712]> iccIO: SIM_IO command = 0xb0 fileId = 0x2fe2 path = 3F00 p1 = 0 p2 = 0 p3 =  data = null aid = a0000000871002ff86ffff89ffffffff [SUB0]
07-09 10:48:00.252  2061  2061 E UsimFH  : exception caught from EVENT_GET_RECORD_SIZE
07-09 10:48:00.253  2061  2709 D CAT     : CommandParamsFactory: process SelectItem
07-09 10:48:00.255  2061  2390 D RILJ    : [3709]< SIM_IO IccIoResult sw1:0x90 sw2:0x0 [SUB0]
07-09 10:48:00.256  2061  2061 D RILJ    : [3713]> iccIO: SIM_IO command = 0xb0 fileId = 0x6f38 path = 3F007FFF p1 = 0 p2 = 0 p3 =  data = null aid = a0000000871002ff86ffff89ffffffff [SUB0]
07-09 10:48:00.256  2061  2390 D RILJ    : [3710]< SIM_IO IccIoResult sw1:0x90 sw2:0x0 [SUB0]
07-09 10:48:00.256  2061  2061 D SubscriptionInfoUpdater: [Receiver]+
07-09 10:48:00.256  2061  2061 D SubscriptionInfoUpdater: Action: android.intent.action.SIM_STATE_CHANGED
07-09 10:48:00.256  2061  2061 D SubscriptionInfoUpdater: slotIndex: 0
07-09 10:48:00.256  2061  2061 D SubscriptionInfoUpdater: simStatus: READY
07-09 10:48:00.256  2061  2061 D SubscriptionInfoUpdater: Ignoring simStatus: READY
07-09 10:48:00.256  2061  2061 D SubscriptionInfoUpdater: [Receiver]-
07-09 10:48:00.256  2061  2061 D PhoneSwitcher: mSimStateIntentReceiver: phoneId = 0 value = READY
07-09 10:48:00.257  2061  2061 D PhoneSwitcher: SIM READY for phoneId: 0
07-09 10:48:00.262  2061  2061 D SST     : pollState: modemTriggered=false
07-09 10:48:00.262  2061  2061 D SST     : set service state as POWER_OFF
07-09 10:48:00.262  2061  2061 D SST     : Poll ServiceState done:  oldSS=[{mVoiceRegState=1(OUT_OF_SERVICE), mDataRegState=1(OUT_OF_SERVICE), mVoiceRoamingType=home, mDataRoamingType=home, mVoiceOperatorAlphaLong=null, mVoiceOperatorAlphaShort=null, mDataOperatorAlphaLong=null, mDataOperatorAlphaShort=null, isManualNetworkSelection=false(automatic), mRilVoiceRadioTechnology=0(Unknown), mRilDataRadioTechnology=0(Unknown), mCssIndicator=unsupported, mNetworkId=-1, mSystemId=-1, mCdmaRoamingIndicator=-1, mCdmaDefaultRoamingIndicator=-1, mIsEmergencyOnly=false, mIsDataRoamingFromRegistration=false, mIsUsingCarrierAggregation=false, mLteEarfcnRsrpBoost=0}] newSS=[{mVoiceRegState=3(POWER_OFF), mDataRegState=3(POWER_OFF), mVoiceRoamingType=home, mDataRoamingType=home, mVoiceOperatorAlphaLong=null, mVoiceOperatorAlphaShort=null, mDataOperatorAlphaLong=null, mDataOperatorAlphaShort=null, isManualNetworkSelection=false(automatic), mRilVoiceRadioTechnology=0(Unknown), mRilDataRadioTechnology=0(Unknown), mCssIndicator=unsupported, mNetworkId=-1, mSystemId=-1, mCdmaRoamingIndicator=-1, mCdmaDefaultRoamingIndicator=-1, mIsEmergencyOnly=false, mIsDataRoamingFromRegistration=false, mIsUsingCarrierAggregation=false, mLteEarfcnRsrpBoost=0}] oldMaxDataCalls=20 mNewMaxDataCalls=20 oldReasonDataDenied=0 mNewReasonDataDenied=0
07-09 10:48:00.262  2061  2061 D SST     : pollStateDone: hasRegistered=false hasDeregistered=false hasDataAttached=false hasDataDetached=false hasDataRegStateChanged=true hasRilVoiceRadioTechnologyChanged= false hasRilDataRadioTechnologyChanged=false hasChanged=true hasVoiceRoamingOn=false hasVoiceRoamingOff=false hasDataRoamingOn=false hasDataRoamingOff=false hasLocationChanged=false has4gHandoff = false hasMultiApnSupport=false hasLostMultiApnSupport=false
07-09 10:48:00.262  2061  2061 D SIMRecords: [SIMRecords] getServiceProviderName: no brandOverride, providerName=null
07-09 10:48:00.262  2061  2061 D SST     : updateSpnDisplay: radio is off w/ showPlmn=true plmn=Servis yok
07-09 10:48:00.263  2061  2061 D SIMRecords: [SIMRecords] getServiceProviderName: no brandOverride, providerName=null
07-09 10:48:00.264  2061  2061 D SST     : updateSpnDisplay: changed sending intent rule=2 showPlmn='true' plmn='Servis yok' showSpn='false' spn='null' dataSpn='null' subId='2147483643'
07-09 10:48:00.266  2061  2061 D SubscriptionController: [setCarrierText]+ text:Servis yok subId:2147483643
07-09 10:48:00.268  2061  2390 D RILJ    : [3701]< SIM_IO IccIoResult sw1:0x90 sw2:0x0 [SUB0]
07-09 10:48:00.269  2061  2717 D SubscriptionController: [getActiveSubInfoList] Sub Controller not ready
07-09 10:48:00.269  2061  2727 D ExtTelephonyServiceImpl: Vendor apk not available for com.qualcomm.qti.simsettings
07-09 10:48:00.271  2061  2061 D SubscriptionController: notifySubscriptionInfoChanged:
07-09 10:48:00.275  2061  2390 D RILJ    : [3711]< SIM_IO IccIoResult sw1:0x90 sw2:0x0 [SUB0]
07-09 10:48:00.276  2061  2080 D SubscriptionController: [getActiveSubInfoList] Sub Controller not ready
07-09 10:48:00.277  2061  2390 D RILJ    : [3712]< SIM_IO IccIoResult sw1:0x90 sw2:0x0 [SUB0]
07-09 10:48:00.277  2061  2061 D TelephonyManager: setTelephonyProperty: success phoneId=0 property=gsm.operator.alpha value:  propVal=
07-09 10:48:00.279  2061  2061 D TelephonyManager: setTelephonyProperty: success phoneId=0 property=gsm.operator.numeric value:  propVal=
07-09 10:48:00.280  2561  2561 I ImsManager: Creating ImsService using ImsResolver
07-09 10:48:00.281  2061  2061 D SST     : operatorNumeric null is invalid
07-09 10:48:00.281  2061  2061 D TelephonyManager: setTelephonyProperty: success phoneId=0 property=gsm.operator.iso-country value:  propVal=
07-09 10:48:00.282  2061  2079 D SubscriptionController: [getActiveSubInfoList] Sub Controller not ready
07-09 10:48:00.282  2061  2061 D TelephonyManager: setTelephonyProperty: success phoneId=0 property=gsm.operator.isroaming value: false propVal=false
07-09 10:48:00.283  2061  2390 D RILJ    : [3713]< SIM_IO IccIoResult sw1:0x90 sw2:0x0 [SUB0]
07-09 10:48:00.283  2061  2727 D SubscriptionController: [getActiveSubInfoList] Sub Controller not ready
07-09 10:48:00.286  2061  2727 D SubscriptionController: [getActiveSubInfoList] Sub Controller not ready
07-09 10:48:00.286  2061  2061 D SST     : Broadcasting ServiceState : {mVoiceRegState=3(POWER_OFF), mDataRegState=3(POWER_OFF), mVoiceRoamingType=home, mDataRoamingType=home, mVoiceOperatorAlphaLong=null, mVoiceOperatorAlphaShort=null, mDataOperatorAlphaLong=null, mDataOperatorAlphaShort=null, isManualNetworkSelection=false(automatic), mRilVoiceRadioTechnology=0(Unknown), mRilDataRadioTechnology=0(Unknown), mCssIndicator=unsupported, mNetworkId=-1, mSystemId=-1, mCdmaRoamingIndicator=-1, mCdmaDefaultRoamingIndicator=-1, mIsEmergencyOnly=false, mIsDataRoamingFromRegistration=false, mIsUsingCarrierAggregation=false, mLteEarfcnRsrpBoost=0}
07-09 10:48:00.288  2061  2061 D DefaultPhoneNotifier: nofityServiceState: mRegistry=com.android.internal.telephony.ITelephonyRegistry$Stub$Proxy@c8d0486 ss={mVoiceRegState=3(POWER_OFF), mDataRegState=3(POWER_OFF), mVoiceRoamingType=home, mDataRoamingType=home, mVoiceOperatorAlphaLong=null, mVoiceOperatorAlphaShort=null, mDataOperatorAlphaLong=null, mDataOperatorAlphaShort=null, isManualNetworkSelection=false(automatic), mRilVoiceRadioTechnology=0(Unknown), mRilDataRadioTechnology=0(Unknown), mCssIndicator=unsupported, mNetworkId=-1, mSystemId=-1, mCdmaRoamingIndicator=-1, mCdmaDefaultRoamingIndicator=-1, mIsEmergencyOnly=false, mIsDataRoamingFromRegistration=false, mIsUsingCarrierAggregation=false, mLteEarfcnRsrpBoost=0} sender=Handler (com.qualcomm.qti.internal.telephony.QtiGsmCdmaPhone) {50ff147} phondId=0 subId=2147483643
07-09 10:48:00.290  2061  2061 D QtiSubscriptionController: getPhoneId, received dummy subId 2147483643
07-09 10:48:00.293  2061  2061 D SST     : notifyDataRegStateRilRadioTechnologyChanged: drs=3 rat=0
07-09 10:48:00.293  2061  2061 D TelephonyManager: setTelephonyProperty: success phoneId=0 property=gsm.network.type value: Unknown propVal=Unknown
07-09 10:48:00.295  2061  2061 D QtiGsmDCT: [0]get all active apn types
07-09 10:48:00.297  2061  2395 D SubscriptionController: [getActiveSubInfoList] Sub Controller not ready
07-09 10:48:00.297  2061  2061 D UiccPkcs15: Creating UiccPkcs15
07-09 10:48:00.298  2061  2061 D RILJ    : [3714]> RIL_REQUEST_SIM_OPEN_CHANNEL aid = A000000063504B43532D3135 p2 = 4 [SUB0]
07-09 10:48:00.299  2061  2395 D QtiSubscriptionController: getPhoneId, received dummy subId 2147483643
07-09 10:48:00.300  2061  2061 D RILJ    : [3715]> iccIO: SIM_IO command = 0xb0 fileId = 0x6fad path = 3F007FFF p1 = 0 p2 = 0 p3 =  data = null aid = a0000000871002ff86ffff89ffffffff [SUB0]
07-09 10:48:00.300  2061  2061 E UsimFH  : exception caught from EVENT_GET_RECORD_SIZE
07-09 10:48:00.301  2061  2061 D RILJ    : [3716]> iccIO: SIM_IO command = 0xb0 fileId = 0x6f60 path = 3F007FFF p1 = 0 p2 = 0 p3 =  data = null aid = a0000000871002ff86ffff89ffffffff [SUB0]
07-09 10:48:00.301  2061  2061 E UsimFH  : exception caught from EVENT_GET_RECORD_SIZE
07-09 10:48:00.302  2061  2061 D RILJ    : [3717]> iccIO: SIM_IO command = 0xb0 fileId = 0x6f61 path = 3F007FFF p1 = 0 p2 = 0 p3 =  data = null aid = a0000000871002ff86ffff89ffffffff [SUB0]
07-09 10:48:00.303  2061  2061 D RILJ    : [3718]> iccIO: SIM_IO command = 0xb0 fileId = 0x6f62 path = 3F007FFF p1 = 0 p2 = 0 p3 =  data = null aid = a0000000871002ff86ffff89ffffffff [SUB0]
07-09 10:48:00.306  2061  2390 D RILJ    : [3715]< SIM_IO IccIoResult sw1:0x90 sw2:0x0 [SUB0]
07-09 10:48:00.306  2061  2061 D RILJ    : [3719]> iccIO: SIM_IO command = 0xb0 fileId = 0x6f7b path = 3F007FFF p1 = 0 p2 = 0 p3 =  data = null aid = a0000000871002ff86ffff89ffffffff [SUB0]
07-09 10:48:00.308  2061  2390 D RILJ    : [3716]< SIM_IO IccIoResult sw1:0x90 sw2:0x0 [SUB0]
07-09 10:48:00.309  2061  2061 D RILJ    : [3720]> iccIO: SIM_IO command = 0xb0 fileId = 0x6f05 path = 3F007FFF p1 = 0 p2 = 0 p3 =  data = null aid = a0000000871002ff86ffff89ffffffff [SUB0]
07-09 10:48:00.309  2061  2390 D RILJ    : [3717]< SIM_IO IccIoResult sw1:0x90 sw2:0x0 [SUB0]
07-09 10:48:00.311  2061  2061 D RILJ    : [3721]> iccIO: SIM_IO command = 0xb0 fileId = 0x2f05 path = 3F00 p1 = 0 p2 = 0 p3 =  data = null aid = a0000000871002ff86ffff89ffffffff [SUB0]
07-09 10:48:00.312  2061  2061 D RILJ    : [3722]> iccIO: SIM_IO command = 0xb0 fileId = 0x2fe2 path = 3F00 p1 = 0 p2 = 0 p3 =  data = null aid = a0000000871002ff86ffff89ffffffff [SUB0]
07-09 10:48:00.313  2061  2390 D RILJ    : [3718]< SIM_IO IccIoResult sw1:0x90 sw2:0x0 [SUB0]
07-09 10:48:00.314  2061  2390 D RILJ    : [3719]< SIM_IO IccIoResult sw1:0x90 sw2:0x0 [SUB0]
07-09 10:48:00.315  2061  2390 D RILJ    : [3720]< SIM_IO IccIoResult sw1:0x90 sw2:0x0 [SUB0]
07-09 10:48:00.316  2061  2061 D QtiSubscriptionController: getPhoneId, received dummy subId 2147483643
07-09 10:48:00.318  2061  2061 D QtiSubscriptionController: getPhoneId, received dummy subId 2147483643
07-09 10:48:00.320  2061  2061 D SubscriptionController: [getActiveSubInfoList] Sub Controller not ready
07-09 10:48:00.320  2061  2061 D SubscriptionController: [getActiveSubInfoForSubscriber]- subId=2147483643 subList=null subInfo=null
07-09 10:48:00.320  2061  2390 D RILJ    : [3714]< RIL_REQUEST_SIM_OPEN_CHANNEL error 17 [SUB0]
07-09 10:48:00.320  2061  2390 D RilRequest: [3714]< RIL_REQUEST_SIM_OPEN_CHANNEL error: com.android.internal.telephony.CommandException: NO_SUCH_ELEMENT ret=
07-09 10:48:00.321  2061  2061 D QtiSubscriptionController: getPhoneId, received dummy subId 2147483643
07-09 10:48:00.322  2061  2061 D QtiSubscriptionController: getPhoneId, received dummy subId 2147483643
07-09 10:48:00.323  2061  2390 D RILJ    : [3721]< SIM_IO IccIoResult sw1:0x90 sw2:0x0 [SUB0]
07-09 10:48:00.323  2061  2390 D RILJ    : [3722]< SIM_IO IccIoResult sw1:0x90 sw2:0x0 [SUB0]
07-09 10:48:00.323  2061  2061 D QtiSubscriptionController: getPhoneId, received dummy subId 2147483643
07-09 10:48:00.326  2061  2061 I chatty  : uid=1001(radio) com.android.phone identical 3 lines
07-09 10:48:00.327  2061  2061 D QtiSubscriptionController: getPhoneId, received dummy subId 2147483643
07-09 10:48:00.335  2061  2061 D SubscriptionController: [getPhoneId]- invalid subId return=-1
07-09 10:48:00.335  2061  2061 D PhoneSwitcher: handle event - 110
07-09 10:48:00.336  2061  2061 D SubscriptionController: [getPhoneId]- invalid subId return=-1
07-09 10:48:00.336  2061  2061 D PhoneSwitcher: handle event - 110
07-09 10:48:00.339  2061  2698 D ImsManager: registrationDisconnected :: imsReasonInfoImsReasonInfo :: {1000, 0, null}
07-09 10:48:00.339  2061  2698 D ImsPhoneCallTracker: [ImsPhoneCallTracker] onImsDisconnected imsReasonInfo=ImsReasonInfo :: {1000, 0, null}
07-09 10:48:00.339  2061  2698 D ImsPhoneCallTracker: [ImsPhoneCallTracker] Resetting Capabilities...
07-09 10:48:00.340  2061  2698 D ImsPhone: updateDataServiceState: defSs = {mVoiceRegState=3(POWER_OFF), mDataRegState=3(POWER_OFF), mVoiceRoamingType=home, mDataRoamingType=home, mVoiceOperatorAlphaLong=null, mVoiceOperatorAlphaShort=null, mDataOperatorAlphaLong=null, mDataOperatorAlphaShort=null, isManualNetworkSelection=false(automatic), mRilVoiceRadioTechnology=0(Unknown), mRilDataRadioTechnology=0(Unknown), mCssIndicator=unsupported, mNetworkId=-1, mSystemId=-1, mCdmaRoamingIndicator=-1, mCdmaDefaultRoamingIndicator=-1, mIsEmergencyOnly=false, mIsDataRoamingFromRegistration=false, mIsUsingCarrierAggregation=false, mLteEarfcnRsrpBoost=0} imsSs = {mVoiceRegState=1(OUT_OF_SERVICE), mDataRegState=3(POWER_OFF), mVoiceRoamingType=home, mDataRoamingType=home, mVoiceOperatorAlphaLong=null, mVoiceOperatorAlphaShort=null, mDataOperatorAlphaLong=null, mDataOperatorAlphaShort=null, isManualNetworkSelection=false(automatic), mRilVoiceRadioTechnology=0(Unknown), mRilDataRadioTechnology=0(Unknown), mCssIndicator=unsupported, mNetworkId=-1, mSystemId=-1, mCdmaRoamingIndicator=-1, mCdmaDefaultRoamingIndicator=-1, mIsEmergencyOnly=false, mIsDataRoamingFromRegistration=false, mIsUsingCarrierAggregation=false, mLteEarfcnRsrpBoost=0}
07-09 10:48:00.340  2061  2061 D RILJ    : [3723]> iccIO: SIM_IO command = 0xb0 fileId = 0x6f3e path = 3F007FFF p1 = 0 p2 = 0 p3 =  data = null aid = a0000000871002ff86ffff89ffffffff [SUB0]
07-09 10:48:00.340  2061  2061 D SubscriptionController: [getPhoneId]- invalid subId return=-1
07-09 10:48:00.340  2061  2061 D PhoneSwitcher: handle event - 110
07-09 10:48:00.341  2061  2061 D SubscriptionController: [getPhoneId]- invalid subId return=-1
07-09 10:48:00.341  2061  2061 D PhoneSwitcher: handle event - 110
07-09 10:48:00.341  2061  2061 D SubscriptionController: [getPhoneId]- invalid subId return=-1
07-09 10:48:00.341  2061  2061 D PhoneSwitcher: handle event - 110
07-09 10:48:00.342  2061  2061 D IccCardProxy: broadcastIccStateChangedIntent intent ACTION_SIM_STATE_CHANGED value=IMSI reason=null for mPhoneId=0
07-09 10:48:00.344  2061  2061 D RILJ    : [3724]> iccIO: SIM_IO command = 0xb0 fileId = 0x6f3f path = 3F007FFF p1 = 0 p2 = 0 p3 =  data = null aid = a0000000871002ff86ffff89ffffffff [SUB0]
07-09 10:48:00.345  2061  2061 D RILJ    : [3725]> iccIO: SIM_IO command = 0xc0 fileId = 0x6f17 path = 3F007FFF p1 = 0 p2 = 0 p3 =  data = null aid = a0000000871002ff86ffff89ffffffff [SUB0]
07-09 10:48:00.346  2061  2061 D SIMRecords: [SIMRecords] onRecordLoaded 23 requested: true
07-09 10:48:00.346  2061  2061 E CarrierActionAgent: [0]Unsupported action: 7
07-09 10:48:00.348  2061  2061 D RILJ    : [3726]> iccIO: SIM_IO command = 0xb0 fileId = 0x6fd9 path = 3F007FFF p1 = 0 p2 = 0 p3 =  data = null aid = a0000000871002ff86ffff89ffffffff [SUB0]
07-09 10:48:00.348  2061  2061 D CAT     : CatService: handleMessage[10]
07-09 10:48:00.348  2061  2061 D CAT     : CatService: SET_UP_MENU
07-09 10:48:00.349  2061  2061 D CAT     : CatService: encodeOptionalTags() Unsupported Cmd details=CmdDetails: compRequired=true commandNumber=1 typeOfCommand=37 commandQualifier=0
07-09 10:48:00.350  2061  2061 D RILJ    : [3727]> REQUEST_STK_SEND_TERMINAL_RESPONSE contents = 810301250002028281830100 [SUB0]
07-09 10:48:00.350  2061  2061 D CAT     : CatService: Sending CmdMsg: com.android.internal.telephony.cat.CatCmdMessage@19dafdf on slotid:0
07-09 10:48:00.350  2061  2736 D SubscriptionController: [getActiveSubInfoList] Sub Controller not ready
07-09 10:48:00.351  2061  2061 D QtiGsmDCT: [0]SubscriptionListener.onSubscriptionInfoChanged
07-09 10:48:00.352  2061  2061 D SubscriptionController: [getPhoneId]- invalid subId return=-1
07-09 10:48:00.352  2061  2061 D PhoneSwitcher: handle event - 102
07-09 10:48:00.352  2061  2061 D SubscriptionController: [getPhoneId]- invalid subId return=-1
07-09 10:48:00.354  2061  2061 D QtiSubscriptionController: getPhoneId, received dummy subId 2147483643
07-09 10:48:00.355  2061  2390 D RILJ    : [3723]< SIM_IO IccIoResult sw1:0x90 sw2:0x0 [SUB0]
07-09 10:48:00.355  2061  2061 D QtiSubscriptionController: getPhoneId, received dummy subId 2147483643
07-09 10:48:00.357  2061  2061 D SubscriptionController: [getActiveSubInfoList] Sub Controller not ready
07-09 10:48:00.357  2061  2061 D SubscriptionController: [getActiveSubInfoForSubscriber]- subId=2147483643 subList=null subInfo=null
07-09 10:48:00.358  2061  2061 D QtiSubscriptionController: getPhoneId, received dummy subId 2147483643
07-09 10:48:00.362  2061  2061 I chatty  : uid=1001(radio) com.android.phone identical 5 lines
07-09 10:48:00.363  2061  2061 D QtiSubscriptionController: getPhoneId, received dummy subId 2147483643
07-09 10:48:00.374  2061  2061 D SubscriptionController: [getActiveSubInfoList] Sub Controller not ready
07-09 10:48:00.375  2061  2061 D SubscriptionController: [getActiveSubInfoList] Sub Controller not ready
07-09 10:48:00.375  2061  2061 D SST     : SubscriptionListener.onSubscriptionInfoChanged
07-09 10:48:00.375  2061  2061 E Phone   : getStoredVoiceMessageCount: invalid subId 2147483643
07-09 10:48:00.375  2061  2061 D GsmCdmaPhone: [GsmCdmaPhone] updateVoiceMail countVoiceMessages = 0 subId 2147483643
07-09 10:48:00.375  2061  2061 E Phone   : setVoiceMessageCount in sharedPreference: invalid subId 2147483643
07-09 10:48:00.376  2061  2061 D QtiSubscriptionController: getPhoneId, received dummy subId 2147483643
07-09 10:48:00.376  2061  2061 D ImsPhone: handleMessage what=57
07-09 10:48:00.377  2061  2061 D QtiSubscriptionController: getPhoneId, received dummy subId 2147483643
07-09 10:48:00.377  2061  2061 D QtiGsmDCT: [0]QtiDcTracker handleMessage msg={ when=-82ms what=270377 obj=android.os.AsyncResult@134042c target=com.qualcomm.qti.internal.telephony.dataconnection.QtiDcTracker }
07-09 10:48:00.377  2061  2061 D ImsPhone: handleMessage what=56
07-09 10:48:00.377  2061  2061 D ImsPhone: EVENT_DEFAULT_PHONE_DATA_STATE_CHANGED
07-09 10:48:00.377  2061  2061 D ImsPhone: updateDataServiceState: defSs = {mVoiceRegState=3(POWER_OFF), mDataRegState=3(POWER_OFF), mVoiceRoamingType=home, mDataRoamingType=home, mVoiceOperatorAlphaLong=null, mVoiceOperatorAlphaShort=null, mDataOperatorAlphaLong=null, mDataOperatorAlphaShort=null, isManualNetworkSelection=false(automatic), mRilVoiceRadioTechnology=0(Unknown), mRilDataRadioTechnology=0(Unknown), mCssIndicator=unsupported, mNetworkId=-1, mSystemId=-1, mCdmaRoamingIndicator=-1, mCdmaDefaultRoamingIndicator=-1, mIsEmergencyOnly=false, mIsDataRoamingFromRegistration=false, mIsUsingCarrierAggregation=false, mLteEarfcnRsrpBoost=0} imsSs = {mVoiceRegState=1(OUT_OF_SERVICE), mDataRegState=3(POWER_OFF), mVoiceRoamingType=home, mDataRoamingType=home, mVoiceOperatorAlphaLong=null, mVoiceOperatorAlphaShort=null, mDataOperatorAlphaLong=null, mDataOperatorAlphaShort=null, isManualNetworkSelection=false(automatic), mRilVoiceRadioTechnology=0(Unknown), mRilDataRadioTechnology=0(Unknown), mCssIndicator=unsupported, mNetworkId=-1, mSystemId=-1, mCdmaRoamingIndicator=-1, mCdmaDefaultRoamingIndicator=-1, mIsEmergencyOnly=false, mIsDataRoamingFromRegistration=false, mIsUsingCarrierAggregation=false, mLteEarfcnRsrpBoost=0}
07-09 10:48:00.377  2061  2061 D SIMRecords: [SIMRecords] EF_MWIS : null
07-09 10:48:00.377  2061  2061 D SIMRecords: [SIMRecords] EVENT_GET_MWIS_DONE exception = com.android.internal.telephony.CommandException: INTERNAL_ERR
07-09 10:48:00.377  2061  2061 D SIMRecords: [SIMRecords] onRecordLoaded 22 requested: true
07-09 10:48:00.377  2061  2061 D SIMRecords: [SIMRecords] EF_CPHS_MWI: null
07-09 10:48:00.377  2061  2061 D SIMRecords: [SIMRecords] EVENT_GET_VOICE_MAIL_INDICATOR_CPHS_DONE exception = com.android.internal.telephony.CommandException: SIM_ERR
07-09 10:48:00.377  2061  2061 D SIMRecords: [SIMRecords] onRecordLoaded 21 requested: true
07-09 10:48:00.378  2061  2061 D SIMRecords: [SIMRecords] onRecordLoaded 20 requested: true
07-09 10:48:00.378  2061  2061 D SIMRecords: [SIMRecords] EVENT_GET_SMS_RECORD_SIZE_DONE Size 176 total 8800 record 50
07-09 10:48:00.378  2061  2061 D SIMRecords: [SIMRecords] onRecordLoaded 19 requested: true
07-09 10:48:00.378  2061  2061 D SIMRecords: [SIMRecords] onRecordLoaded 18 requested: true
07-09 10:48:00.378  2061  2061 D SIMRecords: [SIMRecords] onRecordLoaded 17 requested: true
07-09 10:48:00.378  2061  2061 D UiccCard: Error in SIM access with exceptioncom.android.internal.telephony.CommandException: NO_SUCH_ELEMENT
07-09 10:48:00.378  2061  2061 E SIMRecords: [SIMRecords] Exception in fetching EF_CSP data com.android.internal.telephony.CommandException: SIM_ERR
07-09 10:48:00.378  2061  2061 D SIMRecords: [SIMRecords] onRecordLoaded 16 requested: true
07-09 10:48:00.379  2061  2061 D SIMRecords: [SIMRecords] getServiceProviderName: no brandOverride, providerName=airtel
07-09 10:48:00.379  2061  2061 D SIMRecords: [SIMRecords] Load EF_SPN: airtel spnDisplayCondition: 0
07-09 10:48:00.379  2061  2061 D TelephonyManager: setTelephonyProperty: success phoneId=0 property=gsm.sim.operator.alpha value: airtel propVal=airtel
07-09 10:48:00.380  2061  2061 D SIMRecords: [SIMRecords] onRecordLoaded 15 requested: true
07-09 10:48:00.380  2061  2061 D SubscriptionInfoUpdater: [Receiver]+
07-09 10:48:00.381  2061  2061 D SubscriptionInfoUpdater: Action: android.intent.action.SIM_STATE_CHANGED
07-09 10:48:00.381  2061  2061 D SubscriptionInfoUpdater: slotIndex: 0
07-09 10:48:00.381  2061  2061 D SubscriptionInfoUpdater: simStatus: IMSI
07-09 10:48:00.381  2061  2061 D SubscriptionInfoUpdater: Ignoring simStatus: IMSI
07-09 10:48:00.381  2061  2061 D SubscriptionInfoUpdater: [Receiver]-
07-09 10:48:00.381  2061  2061 D PhoneSwitcher: mSimStateIntentReceiver: phoneId = 0 value = IMSI
07-09 10:48:00.381  2061  2061 D PhoneSwitcher: SIM READY for phoneId: 0
07-09 10:48:00.388  2061  2061 D QtiSubscriptionController: getPhoneId, received dummy subId 2147483643
07-09 10:48:00.388  2061  2061 D QtiSubscriptionController: getPhoneId, received dummy subId 2147483643
07-09 10:48:00.389  2061  2736 D ExtTelephonyServiceImpl: Vendor apk not available for com.qualcomm.qti.simsettings
07-09 10:48:00.390  2061  2061 D SubscriptionController: [getActiveSubInfoList] Sub Controller not ready
07-09 10:48:00.390  2061  2061 D SubscriptionController: [getActiveSubInfoForSubscriber]- subId=2147483643 subList=null subInfo=null
07-09 10:48:00.391  2061  2061 D QtiSubscriptionController: getPhoneId, received dummy subId 2147483643
07-09 10:48:00.393  2061  2061 I chatty  : uid=1001(radio) com.android.phone identical 2 lines
07-09 10:48:00.394  2061  2061 D QtiSubscriptionController: getPhoneId, received dummy subId 2147483643
07-09 10:48:00.394  2061  2736 D SubscriptionController: [getActiveSubInfoList] Sub Controller not ready
07-09 10:48:00.395  2061  2061 D QtiSubscriptionController: getPhoneId, received dummy subId 2147483643
07-09 10:48:00.396  2061  2061 D QtiSubscriptionController: getPhoneId, received dummy subId 2147483643
07-09 10:48:00.397  2061  2736 D QtiSubscriptionController: getPhoneId, received dummy subId 2147483643
07-09 10:48:00.397  2061  2061 D QtiSubscriptionController: getPhoneId, received dummy subId 2147483643
07-09 10:48:00.405  2061  2061 D SIMRecords: [SIMRecords] onRecordLoaded 14 requested: true
07-09 10:48:00.405  2061  2061 D SIMRecords: [SIMRecords] iccid: 8991000902151218129f
07-09 10:48:00.405  2061  2061 D SIMRecords: [SIMRecords] onRecordLoaded 13 requested: true
07-09 10:48:00.407  2061  2061 D SIMRecords: [SIMRecords] SST: UsimServiceTable[80]={ FDN, FDN_EXTENSION, SDN, SDN_EXTENSION, OUTGOING_CALL_INFO, INCOMING_CALL_INFO, SM_STORAGE, SM_STATUS_REPORTS, SM_SERVICE_PARAMS, ADVICE_OF_CHARGE, CAP_CONFIG_PARAMS_2, CB_MESSAGE_ID, CB_MESSAGE_ID_RANGES, GROUP_ID_LEVEL_1, GROUP_ID_LEVEL_2, SPN, USER_PLMN_SELECT, MSISDN, IMAGE, EMLPP, EMLPP_AUTO_ANSWER, GSM_ACCESS, DATA_DL_VIA_SMS_PP, DATA_DL_VIA_SMS_CB, CALL_CONTROL_BY_USIM, MO_SMS_CONTROL_BY_USIM, RUN_AT_COMMAND, IGNORED_1, ENABLED_SERVICES_TABLE, APN_CONTROL_LIST, DEPERSONALISATION_CONTROL_KEYS, COOPERATIVE_NETWORK_LIST, GSM_SECURITY_CONTEXT, CPBCCH_INFO, INVESTIGATION_SCAN, OPERATOR_PLMN_SELECT, HPLMN_SELECT, EXTENSION_5, PLMN_NETWORK_NAME, OPERATOR_PLMN_LIST, SERVICE_PROVIDER_DISPLAY_INFO, MMS_NOTIFICATION, MMS_NOTIFICATION_EXTENSION, MMS_CONNECTIVITY_PARAMS, NETWORK_INDICATION_OF_ALERTING, VGCS_GROUP_ID_LIST, VBS_GROUP_ID_LIST, EQUIVALENT_HPLMN, EQUIVALENT_HPLMN_PRESENTATION }
07-09 10:48:00.407  2061  2061 D SIMRecords: [SIMRecords] onRecordLoaded 12 requested: true
07-09 10:48:00.407  2061  2061 D SIMRecords: [SIMRecords] EF_AD: 00000002
07-09 10:48:00.407  2061  2061 D SIMRecords: [SIMRecords] setting4 mMncLength=2
07-09 10:48:00.407  2061  2061 D SIMRecords: [SIMRecords] mccmncCode=404490
07-09 10:48:00.408  2061  2061 D SIMRecords: [SIMRecords] update mccmnc=40449
07-09 10:48:00.413  2061  2061 D QtiSubscriptionController: getPhoneId, received dummy subId 2147483643
07-09 10:48:00.449  2061  2061 D SIMRecords: [SIMRecords] onRecordLoaded 11 requested: true
07-09 10:48:00.449  2061  2061 D SIMRecords: [SIMRecords] Received a PlmnActRecord, raw=64f0108000ffffff0000ffffff0000ffffff0000ffffff0000ffffff0000ffffff0000ffffff0000
07-09 10:48:00.450  2061  2061 D SIMRecords: [SIMRecords] onRecordLoaded 10 requested: true
07-09 10:48:00.450  2061  2061 D SIMRecords: [SIMRecords] Received a PlmnActRecord, raw=64f0108000ffffff0000ffffff0000ffffff0000ffffff0000ffffff0000ffffff0000ffffff0000ffffff0000ffffff0000ffffff0000ffffff0000ffffff0000ffffff0000ffffff0000ffffff0000ffffff0000ffffff0000ffffff0000ffffff0000ffffff0000ffffff0000ffffff0000ffffff0000ffffff0000ffffff0000ffffff0000ffffff0000ffffff0000ffffff0000ffffff0000ffffff0000ffffff0000ffffff0000ffffff0000ffffff0000ffffff0000ffffff0000ffffff0000ffffff0000ffffff0000ffffff0000ffffff0000ffffff0000ffffff0000ffffff0000ffffff0000ffffff0000ffffff0000ffffff0000ffffff0000ffffff0000ffffff0000ffffff0000ffffff0000ffffff0000ffffff0000ffffff0000ffffff0000ffffff0000ffffff0000ffffff0000ffffff0000ffffff0000ffffff0000ffffff0000ffffff0000ffffff0000ffffff0000ffffff0000ffffff0000ffffff0000ffffff0000ffffff0000ffffff0000ffffff0000ffffff0000ffffff0000ffffff0000ffffff0000ffffff0000ffffff0000ffffff0000ffffff0000ffffff0000ffffff0000ffffff0000ffffff0000ffffff0000ffffff0000ffffff0000ffffff0000ffffff0000ffffff0000ffffff0000ffffff0000ffffff0000ffffff0000ffffff0000ffffff0000
07-09 10:48:00.451  2061  2061 D SIMRecords: [SIMRecords] onRecordLoaded 9 requested: true
07-09 10:48:00.451  2061  2061 D SIMRecords: [SIMRecords] Received a PlmnActRecord, raw=64f0108000ffffff0000ffffff0000ffffff0000ffffff0000ffffff0000ffffff0000ffffff0000
07-09 10:48:00.451  2061  2061 D SIMRecords: [SIMRecords] HplmnActRecord[]=[{PLMN=46001,AccessTechs=UTRAN}, {PLMN=fffff,AccessTechs=NONE}, {PLMN=fffff,AccessTechs=NONE}, {PLMN=fffff,AccessTechs=NONE}, {PLMN=fffff,AccessTechs=NONE}, {PLMN=fffff,AccessTechs=NONE}, {PLMN=fffff,AccessTechs=NONE}, {PLMN=fffff,AccessTechs=NONE}]
07-09 10:48:00.451  2061  2061 D SIMRecords: [SIMRecords] onRecordLoaded 8 requested: true
07-09 10:48:00.451  2061  2061 D SIMRecords: [SIMRecords] Received Forbidden PLMNs, raw=04f47004455804f51004f43704f431ffffffffffffffffff
07-09 10:48:00.452  2061  2061 D SIMRecords: [SIMRecords] onRecordLoaded 7 requested: true
07-09 10:48:00.452  2061  2061 D SIMRecords: [SIMRecords] EF_LI LOADED
07-09 10:48:00.452  2061  2061 D SIMRecords: [SIMRecords] EF_LI=7a68656e
07-09 10:48:00.452  2061  2061 D SIMRecords: [SIMRecords] onRecordLoaded 6 requested: true
07-09 10:48:00.452  2061  2061 D UiccPkcs15: handleMessage: 201
07-09 10:48:00.452  2061  2061 D UiccPkcs15: error: com.android.internal.telephony.CommandException: NO_SUCH_ELEMENT
07-09 10:48:00.452  2061  2061 D SIMRecords: [SIMRecords] EF_PL LOADED
07-09 10:48:00.452  2061  2061 D SIMRecords: [SIMRecords] EF_PL=ffffffff
07-09 10:48:00.452  2061  2061 D SIMRecords: [SIMRecords] onRecordLoaded 5 requested: true
07-09 10:48:00.452  2061  2061 I QtiUiccCardProvisioner: SIM_IO add subInfo record, iccId[0] = 8991000902151218129f
07-09 10:48:00.452  2061  2061 D QtiUiccCardProvisioner: isAllCardProvisionInfoReceived, prov pref[0] = -1
07-09 10:48:00.452  2061  2061 D SIMRecords: [SIMRecords] MSISDN: 
07-09 10:48:00.452  2061  2061 D SIMRecords: [SIMRecords] onRecordLoaded 4 requested: true
07-09 10:48:00.452  2061  2061 E CarrierActionAgent: [0]Unsupported action: 7
07-09 10:48:00.452  2061  2061 D SIMRecords: [SIMRecords] GID1: ff
07-09 10:48:00.452  2061  2061 D SIMRecords: [SIMRecords] onRecordLoaded 3 requested: true
07-09 10:48:00.453  2061  2736 D QtiGsmDCT: [0]hasMatchedTetherApnSetting: APN=null
07-09 10:48:00.453  2061  2647 D QtiSubscriptionInfoUpdater:  handleMessage: EVENT:  100
07-09 10:48:00.454  2061  2647 D QtiSubscriptionInfoUpdater:  slotId = 0, iccId = 8991000902151218129f needEnableRoamingSettings = false
07-09 10:48:00.454  2061  2395 D QtiSubscriptionController: getPhoneId, received dummy subId 2147483643
07-09 10:48:00.456  2061  2061 D UiccPkcs15: handleMessage: 1
07-09 10:48:00.456  2061  2061 D UiccPkcs15: select pkcs15 failed: com.android.internal.telephony.CommandException: NO_SUCH_ELEMENT
07-09 10:48:00.466  2061  2647 D SubscriptionInfoUpdater: All IccIds query complete
07-09 10:48:00.466  2061  2647 D SubscriptionInfoUpdater: updateSubscriptionInfoByIccId:+ Start
07-09 10:48:00.466  2061  2647 D SubscriptionInfoUpdater: insertedSimCount = 1
07-09 10:48:00.466  2061  2647 D SubscriptionController: [getSubInfoUsingSlotIndexWithCheck]+ slotIndex:0
07-09 10:48:00.467  2061  2395 D SubscriptionController: [getPhoneId]- invalid subId return=-1
07-09 10:48:00.472  2061  2647 D SubscriptionController: [getSubInfoUsingSlotIndex]- null info return
07-09 10:48:00.472  2061  2647 D SubscriptionInfoUpdater: updateSubscriptionInfoByIccId: No SIM in slot 0 last time
07-09 10:48:00.472  2061  2647 D SubscriptionInfoUpdater: updateSubscriptionInfoByIccId: oldIccId[0] = , sIccId[0] = 8991000902151218129f
07-09 10:48:00.473  2061  2647 D SubscriptionController: [addSubInfoRecord]+ iccId:8991000902151218129f slotIndex:0
07-09 10:48:00.479  2061  2647 D SubscriptionController: [getActiveSubInfoList] Sub Controller not ready
07-09 10:48:00.482  2061  2647 D SubscriptionController: [addSubInfoRecord] New record created: content://telephony/siminfo/1
07-09 10:48:00.486  2061  2647 D SubscriptionController: [addSubInfoRecord] sSlotIndexToSubId.size=1 slotIndex=0 subId=1 defaultSubId=2147483643 simCount=1
07-09 10:48:00.486  2061  2647 D SubscriptionController: [setDefaultFallbackSubId] subId=1
07-09 10:48:00.487  2061  2647 D SubscriptionController: [setDefaultFallbackSubId] set mDefaultFallbackSubId=1
07-09 10:48:00.487  2061  2647 D SubscriptionController: [setDefaultFallbackSubId] broadcast default subId changed phoneId=0 subId=1
07-09 10:48:00.488  2061  2647 D SubscriptionController: [addSubInfoRecord] one sim set defaults to subId=1
07-09 10:48:00.488  2061  2647 D QtiSubscriptionController: isVoiceCallActive: false
07-09 10:48:00.488  2061  2647 D SubscriptionController: [updateAllDataConnectionTrackers] sPhones.length=1
07-09 10:48:00.489  2061  2647 D SubscriptionController: [updateAllDataConnectionTrackers] phoneId=0
07-09 10:48:00.489  2061  2647 D QtiGsmDCT: [0]update sub = 1
07-09 10:48:00.489  2061  2647 D QtiGsmDCT: [0]update(): Active DDS, register for all events now!
07-09 10:48:00.489  2061  2647 D QtiGsmDCT: [0]New records found.
07-09 10:48:00.491  2061  2647 D QtiGsmDCT: [0]getDataEnabled during provisioning retVal=true - (true, 1)
07-09 10:48:00.492  2061  2647 D GsmCdmaPhone: [GsmCdmaPhone] updateCurrentCarrierInProvider: mSubId = 1 currentDds = -1 operatorNumeric = 40449
07-09 10:48:00.496  2061  2647 D SubscriptionController: [broadcastDefaultDataSubIdChanged] subId=1
07-09 10:48:00.498  2061  2390 D RILJ    : [3727]< REQUEST_STK_SEND_TERMINAL_RESPONSE  [SUB0]
07-09 10:48:00.498  2061  2061 D SubscriptionMonitor: Default changed -1->1
07-09 10:48:00.498  2061  2061 D SubscriptionController: [getPhoneId]- invalid subId return=-1
07-09 10:48:00.499  2061  2647 D SubscriptionController: [setDefaultSmsSubId] subId=1
07-09 10:48:00.499  2061  2390 D RILJ    : Unsol response received; Sending ack to ril.cpp [SUB0]
07-09 10:48:00.499  2061  2390 D RILJ    : [UNSL]< UNSOL_STK_SESSION_END [SUB0]
07-09 10:48:00.500  2061  2647 D SubscriptionController: [broadcastDefaultSmsSubIdChanged] subId=1
07-09 10:48:00.501  2061  2647 D SubscriptionController: [setDefaultVoiceSubId] subId=1
07-09 10:48:00.501  2061  2061 D PhoneSwitcher: handle event - 101
07-09 10:48:00.502  2061  2061 D PhoneSwitcher: isAnyVoiceCallActiveOnDevice: false
07-09 10:48:00.502  2061  2647 D SubscriptionController: [broadcastDefaultVoiceSubIdChanged] subId=1
07-09 10:48:00.503  2061  2061 D PhoneSwitcher: evaluating due to defaultChanged default 0->1 phone[0] 2147483643->1
07-09 10:48:00.503  2061  2061 D PhoneSwitcher: InformDdsToRil rild= 0, DDS=0
07-09 10:48:00.503  2061  2061 D use-Rlog/RLOG-QC_RIL_OEM_HOOK: dds phoneId: 0 reason: 0
07-09 10:48:00.504  2061  2647 D SubscriptionController: [addSubInfoRecord] hashmap(0,1)
07-09 10:48:00.504  2061  2390 D RILJ    : [3724]< SIM_IO IccIoResult sw1:0x90 sw2:0x0 [SUB0]
07-09 10:48:00.505  2061  2395 D QtiGsmDCT: [0]getDataEnabled during provisioning retVal=true - (true, 1)
07-09 10:48:00.506  2061  2736 D RILJ    : [3729]> RIL_REQUEST_GET_CELL_INFO_LIST [SUB0]
07-09 10:48:00.509  2061  2061 D use-Rlog/RLOG-QC_RIL_OEM_HOOK: sendOemRilRequestRaw returns value = 0
07-09 10:48:00.510  2061  2061 D PhoneSwitcher: activate 0
07-09 10:48:00.511  2061  2061 D RILJ    : [3730]> RIL_REQUEST_ALLOW_DATA allowed = true [SUB0]
07-09 10:48:00.511  2061  2061 D CAT     : CatService: handleMessage[1]
07-09 10:48:00.511  2061  2061 D CAT     : CatService: ril message arrived,slotid:0
07-09 10:48:00.511  2061  2061 D SIMRecords: [SIMRecords] GID2: ff
07-09 10:48:00.511  2061  2061 D SIMRecords: [SIMRecords] onRecordLoaded 2 requested: true
07-09 10:48:00.513  2035  2035 D use-Rlog/RLOG-QC_RIL_OEM_HOOK: Received Broadcast Intent ACTION_UNSOL_RESPONSE_OEM_HOOK_RAW
07-09 10:48:00.513  2035  2035 D use-Rlog/RLOG-QC_RIL_OEM_HOOK: Oem ID in QCRILHOOK UNSOL RESP is QOEMHOOK
07-09 10:48:00.513  2061  2061 D CAT     : CatService: handleMessage[10]
07-09 10:48:00.513  2061  2061 D CAT     : CatService: SESSION END on 0
07-09 10:48:00.513  2061  2390 D RILJ    : [3729]< RIL_REQUEST_GET_CELL_INFO_LIST error 39 [SUB0]
07-09 10:48:00.513  2061  2390 D RilRequest: [3729]< RIL_REQUEST_GET_CELL_INFO_LIST error: com.android.internal.telephony.CommandException: SYSTEM_ERR ret=[]
07-09 10:48:00.515  2061  2061 D SST     : EVENT_GET_CELL_INFO_LIST: error ret null, e=com.android.internal.telephony.CommandException: SYSTEM_ERR
07-09 10:48:00.516  2061  2736 D SST     : SST.getAllCellInfo(): X size=0 list=null
07-09 10:48:00.516  2061  2390 D RILJ    : [3725]< SIM_IO error 43 [SUB0]
07-09 10:48:00.516  2061  2390 D RilRequest: [3725]< SIM_IO error: com.android.internal.telephony.CommandException: SIM_ERR ret=IccIoResult sw1:0x6a sw2:0x82 Error: File not found
07-09 10:48:00.517  2061  2061 D use-Rlog/RLOG-QC_RIL_OEM_HOOK: Received Broadcast Intent ACTION_UNSOL_RESPONSE_OEM_HOOK_RAW
07-09 10:48:00.517  2061  2061 D use-Rlog/RLOG-QC_RIL_OEM_HOOK: Oem ID in QCRILHOOK UNSOL RESP is QOEMHOOK
07-09 10:48:00.517  2061  2061 E UsimFH  : exception caught from EVENT_GET_RECORD_SIZE
07-09 10:48:00.517  2061  2061 D PhoneSwitcher: handle event - 110
07-09 10:48:00.518  2061  2061 D SIMRecords: [SIMRecords] Invalid or missing EF[MAILBOX]
07-09 10:48:00.518  2061  2061 D SIMRecords: [SIMRecords] onRecordLoaded 1 requested: true
07-09 10:48:00.519  2061  2736 D SST     : SST.getAllCellInfo(): return last, back to back calls
07-09 10:48:00.519  2061  2736 D SST     : SST.getAllCellInfo(): X size=0 list=null
07-09 10:48:00.520  1361  1535 I RILQ    : (0/1361):RIL[0][(1361,1535)] qcril_qmi_nas_request_allow_data: Already PS attached!
07-09 10:48:00.520  1361  1535 I RILQ    : (0/1361):RIL[0][(1361,1535)] qcril_qmi_nas_request_allow_data: PS ATTACH/DETACH resp 0
07-09 10:48:00.522  2061  2736 D QtiGsmDCT: [0]getDataEnabled during provisioning retVal=true - (true, 1)
07-09 10:48:00.522  2061  2390 D RILJ    : [3730]< RIL_REQUEST_ALLOW_DATA  [SUB0]
07-09 10:48:00.522  2061  2061 D PhoneSwitcher: handle event - 113
07-09 10:48:00.523  2061  2061 D PhoneSwitcher: Allow_data success on phoneId = 0
07-09 10:48:00.523  2061  2061 D PhoneSwitcher: Broadcast dds switch done intent
07-09 10:48:00.525  2061  2736 D QtiGsmDCT: [0]getDataEnabled during provisioning retVal=true - (true, 1)
07-09 10:48:00.525  2061  2647 D SubscriptionController: [addSubInfoRecord] sim name = airtel
07-09 10:48:00.526  2061  2647 D QtiGsmDCT: [0]update sub = 1
07-09 10:48:00.526  2061  2647 D QtiGsmDCT: [0]update(): Active DDS, register for all events now!
07-09 10:48:00.526  2061  2647 D QtiGsmDCT: [0]getDataEnabled during provisioning retVal=true - (true, 1)
07-09 10:48:00.526  2061  2061 D TelephonyNetworkFactory[0]: onActivePhoneSwitch(true, false)
07-09 10:48:00.526  2061  2647 D GsmCdmaPhone: [GsmCdmaPhone] updateCurrentCarrierInProvider: mSubId = 1 currentDds = 1 operatorNumeric = 40449
07-09 10:48:00.529  2061  2390 D RILJ    : [3726]< SIM_IO IccIoResult sw1:0x90 sw2:0x0 [SUB0]
07-09 10:48:00.529  2061  2061 D SIMRecords: [SIMRecords] Received Equivalent Home PLMNs, raw=ffffffffffffffffffffffff
07-09 10:48:00.529  2061  2061 D SIMRecords: [SIMRecords] onRecordLoaded 0 requested: true
07-09 10:48:00.530  2061  2061 D SIMRecords: [SIMRecords] record load complete
07-09 10:48:00.530  2061  2061 D SIMRecords: [SIMRecords] Not using EF LI/EF PL
07-09 10:48:00.530  2061  2061 D SIMRecords: [SIMRecords] EF_CFIS and EF_CFF not valid. callForwardingEnabled=-1
07-09 10:48:00.530  2061  2061 D SIMRecords: [SIMRecords] onAllRecordsLoaded set 'gsm.sim.operator.numeric' to operator='40449'
07-09 10:48:00.530  2061  2061 D TelephonyManager: setTelephonyProperty: success phoneId=0 property=gsm.sim.operator.numeric value: 40449 propVal=40449
07-09 10:48:00.531  2061  2061 D SIMRecords: [SIMRecords] onAllRecordsLoaded set mcc imsi
07-09 10:48:00.531  2061  2061 D TelephonyManager: setTelephonyProperty: success phoneId=0 property=gsm.sim.operator.iso-country value: in propVal=in
07-09 10:48:00.532  2061  2647 D SubscriptionController: [addSubInfoRecord]- info size=1
07-09 10:48:00.532  2061  2647 D QtiSubscriptionController: addSubInfoRecord: broadcast intent subId[0] = 1
07-09 10:48:00.532  2061  2061 D CAT     : CatService: handleMessage[20]
07-09 10:48:00.532  2061  2061 D QtiGsmCdmaPhone: handleMessage: Event: 3
07-09 10:48:00.532  2061  2061 D QtiGsmCdmaPhone: notify call forward indication, phone id:0
07-09 10:48:00.532  2061  2061 D QtiGsmCdmaPhone: ProvisionStatus: 1 phone id:0
07-09 10:48:00.533  2061  2061 D Phone   : getCallForwardingIndicatorFromSharedPref: for subId 1= -1
07-09 10:48:00.533  2061  2647 D SubscriptionInfoUpdater: newSim = true
07-09 10:48:00.533  2061  2647 D SubscriptionInfoUpdater: updateSubscriptionInfoByIccId: sInsertSimState[0] = -2
07-09 10:48:00.533  2061  2061 D Phone   : getCallForwardingIndicatorFromSharedPref: for subId 1= -1
07-09 10:48:00.533  2061  2061 V Phone   : getCallForwardingIndicator: iccForwardingFlag=-1, sharedPrefFlag=-1
07-09 10:48:00.533  2061  2061 D Phone   : Get video call forwarding info from preferences
07-09 10:48:00.533  2061  2061 D DefaultPhoneNotifier: notifyCallForwardingChanged: subId=1, isCFActive=false
07-09 10:48:00.533  2061  2061 D QtiGsmCdmaPhone: ProvisionStatus: 1 phone id:0
07-09 10:48:00.533  2061  2061 D Phone   : getCallForwardingIndicatorFromSharedPref: for subId 1= -1
07-09 10:48:00.534  2061  2647 D SubscriptionInfoUpdater: updateSubscriptionInfoByIccId: nSubCount = 1
07-09 10:48:00.534  2061  2061 D Phone   : getCallForwardingIndicatorFromSharedPref: for subId 1= -1
07-09 10:48:00.534  2061  2061 V Phone   : getCallForwardingIndicator: iccForwardingFlag=-1, sharedPrefFlag=-1
07-09 10:48:00.534  2061  2061 D Phone   : Get video call forwarding info from preferences
07-09 10:48:00.535  2061  2061 D GsmCdmaPhone: [GsmCdmaPhone] updateCurrentCarrierInProvider: mSubId = 1 currentDds = 1 operatorNumeric = 40449
07-09 10:48:00.536  2061  2647 D QtiSubscriptionController: isVoiceCallActive: false
07-09 10:48:00.536  2061  2647 D SubscriptionController: [updateAllDataConnectionTrackers] sPhones.length=1
07-09 10:48:00.537  2061  2647 D SubscriptionController: [updateAllDataConnectionTrackers] phoneId=0
07-09 10:48:00.537  2061  2647 D QtiGsmDCT: [0]update sub = 1
07-09 10:48:00.537  2061  2647 D QtiGsmDCT: [0]update(): Active DDS, register for all events now!
07-09 10:48:00.537  2061  2647 D QtiGsmDCT: [0]getDataEnabled during provisioning retVal=true - (true, 1)
07-09 10:48:00.537  2061  2647 D GsmCdmaPhone: [GsmCdmaPhone] updateCurrentCarrierInProvider: mSubId = 1 currentDds = 1 operatorNumeric = 40449
07-09 10:48:00.546  2061  2061 D IccCardProxy: operator=40449 mPhoneId=0
07-09 10:48:00.546  2061  2061 D TelephonyManager: setTelephonyProperty: success phoneId=0 property=gsm.sim.operator.numeric value: 40449 propVal=40449
07-09 10:48:00.547  2061  2061 D TelephonyManager: setTelephonyProperty: success phoneId=0 property=gsm.sim.operator.iso-country value: in propVal=in
07-09 10:48:00.549  2061  2647 D SubscriptionController: [broadcastDefaultDataSubIdChanged] subId=1
