07-09 10:48:00.551  2061  2061 D IccCardProxy: Sending intent ACTION_INTERNAL_SIM_STATE_CHANGED value=LOADED for mPhoneId : 0
07-09 10:48:00.551  2061  2647 D SubscriptionController: notifySubscriptionInfoChanged:
07-09 10:48:00.552  2061  2079 D SubscriptionMonitor: Phone[0] subId changed 2147483643->1, 1 registrants
07-09 10:48:00.553  2061  2079 D SubscriptionMonitor: mDefaultDataSubId = 1, 1 registrants
07-09 10:48:00.553  2061  2061 D SST     : EVENT_SIM_RECORDS_LOADED: what=16
07-09 10:48:00.553  2061  2061 D SST     : getOtasp: otasp not needed for GSM
07-09 10:48:00.553  2061  2061 D SST     : updateOtaspState: call notifyOtaspChanged old otaspMode=0 new otaspMode=3
07-09 10:48:00.553  2061  2727 D QtiGsmDCT: [0]getDataEnabled during provisioning retVal=true - (true, 1)
07-09 10:48:00.553  2061  2061 D SIMRecords: [SIMRecords] getServiceProviderName: no brandOverride, providerName=airtel
07-09 10:48:00.554  2061  2061 D SST     : updateSpnDisplay: radio is off w/ showPlmn=true plmn=Servis yok
07-09 10:48:00.554  2061  2061 D SIMRecords: [SIMRecords] getServiceProviderName: no brandOverride, providerName=airtel
07-09 10:48:00.555  2061  2647 D SubscriptionInfoUpdater: updateSubscriptionInfoByIccId:- SubscriptionInfo update complete
07-09 10:48:00.555  2061  2647 D QtiSubscriptionInfoUpdater: SIM state changed, Updating user preference 
07-09 10:48:00.555  2061  2647 D QtiUiccCardProvisioner: isAllCardProvisionInfoReceived, prov pref[0] = -1
07-09 10:48:00.556  2061  2061 D SST     : updateSpnDisplay: changed sending intent rule=3 showPlmn='true' plmn='Servis yok' showSpn='false' spn='null' dataSpn='airtel' subId='1'
07-09 10:48:00.561  2061  2061 D SubscriptionController: [setCarrierText]+ text:Servis yok subId:1
07-09 10:48:00.568  2061  2395 D QtiGsmDCT: [0]getDataEnabled during provisioning retVal=true - (true, 1)
07-09 10:48:00.569  2061  2395 D QtiGsmDCT: [0]getDataEnabled during provisioning retVal=true - (true, 1)
07-09 10:48:00.576  2061  2395 D GsmCdmaPhone: [GsmCdmaPhone] getDataConnectionState apnType=default ret=DISCONNECTED
07-09 10:48:00.578  2061  2061 D SubscriptionController: notifySubscriptionInfoChanged:
07-09 10:48:00.580  2061  2735 D QtiGsmDCT: [0]getDataEnabled during provisioning retVal=true - (true, 1)
07-09 10:48:00.583  2061  2061 D QtiGsmDCT: [0]QtiDcTracker handleMessage msg={ when=-51ms what=270338 obj=android.os.AsyncResult@327bbd7 target=com.qualcomm.qti.internal.telephony.dataconnection.QtiDcTracker }
07-09 10:48:00.584  2061  2736 D QtiGsmDCT: [0]getDataEnabled during provisioning retVal=true - (true, 1)
07-09 10:48:00.584  2061  2061 D QtiGsmDCT: [0]onRecordsLoaded: createAllApnList
07-09 10:48:00.584  2061  2061 D QtiGsmDCT: [0]createAllApnList: selection=numeric = '40449'
07-09 10:48:00.586  2061  2736 D QtiGsmDCT: [0]getDataEnabled during provisioning retVal=true - (true, 1)
07-09 10:48:00.589  2061  2736 D QtiGsmDCT: [0]getDataEnabled during provisioning retVal=true - (true, 1)
07-09 10:48:00.589  2061  2735 D QtiGsmDCT: [0]getDataEnabled during provisioning retVal=true - (true, 1)
07-09 10:48:00.590  2061  2061 D QtiGsmDCT: [0]createApnList: X result=[[ApnSettingV3] Airtel IMS, 1676, 40449, ims, , , , , , -1, ims, IPV4V6, IPV4V6, true, 0, 0, 2, false, 0, 0, 0, 0, , , false, [ApnSettingV3] AIRTEL, 1677, 40449, airtelgprs.com, , , , , , -1, default | supl, IP, IP, true, 0, 0, 0, false, 0, 0, 0, 0, , , false, [ApnSettingV3] Airtel MMS, 1678, 40449, airtelmms.com, , http://100.1.201.171:10021/mmsc, 100.1.201.172, 8799, , 1, mms, IP, IP, true, 0, 0, 0, false, 0, 0, 0, 0, , , false]
07-09 10:48:00.595  2061  2735 D QtiGsmDCT: [0]getDataEnabled during provisioning retVal=true - (true, 1)
07-09 10:48:00.599  2061  2735 D QtiGsmDCT: [0]getDataEnabled during provisioning retVal=true - (true, 1)
07-09 10:48:00.606  2061  2061 D QtiGsmDCT: [0]getPreferredApn: mRequestedApnType=default cursor=android.content.ContentResolver$CursorWrapperInner@ddc32e cursor.count=0
07-09 10:48:00.606  2061  2061 D QtiGsmDCT: [0]getPreferredApn: X not found
07-09 10:48:00.606  2061  2061 D QtiGsmDCT: [0]createAllApnList: mPreferredApn=null
07-09 10:48:00.607  2061  2061 D QtiGsmDCT: [0]createAllApnList: X mAllApnSettings=[[ApnSettingV3] Airtel IMS, 1676, 40449, ims, , , , , , -1, ims, IPV4V6, IPV4V6, true, 0, 0, 2, false, 0, 0, 0, 0, , , false, [ApnSettingV3] AIRTEL, 1677, 40449, airtelgprs.com, , , , , , -1, default | supl, IP, IP, true, 0, 0, 0, false, 0, 0, 0, 0, , , false, [ApnSettingV3] Airtel MMS, 1678, 40449, airtelmms.com, , http://100.1.201.171:10021/mmsc, 100.1.201.172, 8799, , 1, mms, IP, IP, true, 0, 0, 0, false, 0, 0, 0, 0, , , false, [ApnSettingV3] Emergency IMS, 1993, 405840, , , , , , , -1, emergency, IPV4V6, IPV4V6, true, 0, 0, 0, false, 0, 0, 0, 0, , , false]
07-09 10:48:00.607  2061  2061 D QtiGsmDCT: [0]setDataProfilesAsNeeded
07-09 10:48:00.607  2061  2061 D QtiGsmDCT: [0]setInitialApn: E mPreferredApn=null
07-09 10:48:00.607  2061  2061 D QtiGsmDCT: [0]setInitialApn: firstApnSetting=[ApnSettingV3] Airtel IMS, 1676, 40449, ims, , , , , , -1, ims, IPV4V6, IPV4V6, true, 0, 0, 2, false, 0, 0, 0, 0, , , false
07-09 10:48:00.607  2061  2061 D QtiGsmDCT: [0]setInitialApn: defaultApnSetting=[ApnSettingV3] AIRTEL, 1677, 40449, airtelgprs.com, , , , , , -1, default | supl, IP, IP, true, 0, 0, 0, false, 0, 0, 0, 0, , , false
07-09 10:48:00.607  2061  2061 D QtiGsmDCT: [0]setInitialAttachApn: using defaultApnSetting
07-09 10:48:00.607  2061  2061 D QtiGsmDCT: [0]setInitialAttachApn: X selected Apn=[ApnSettingV3] AIRTEL, 1677, 40449, airtelgprs.com, , , , , , -1, default | supl, IP, IP, true, 0, 0, 0, false, 0, 0, 0, 0, , , false
07-09 10:48:00.609  2061  2061 D RILJ    : [3731]> RIL_REQUEST_SET_INITIAL_ATTACH_APNDataProfile=0/airtelgprs.com/IP/0///0/0/0/0/true/5/IP/0/0///false [SUB0]
07-09 10:48:00.610  2061  2061 D QtiGsmDCT: [0]setupDataOnConnectableApns: simLoaded emergency:[state=IDLE,enabled=false] mms:[state=IDLE,enabled=false] supl:[state=IDLE,enabled=false] hipri:[state=IDLE,enabled=false] dun:[state=IDLE,enabled=false] fota:[state=IDLE,enabled=false] ims:[state=IDLE,enabled=false] default:[state=IDLE,enabled=false] cbs:[state=IDLE,enabled=false] 
07-09 10:48:00.620  2061  2390 D RILJ    : [3731]< RIL_REQUEST_SET_INITIAL_ATTACH_APN  [SUB0]
07-09 10:48:00.622  2061  2061 D QtiGsmDCT: [0]SubscriptionListener.onSubscriptionInfoChanged
07-09 10:48:00.626  2061  2061 D QtiGsmDCT: [0]onRecordsLoaded: createAllApnList
07-09 10:48:00.626  2061  2061 D QtiGsmDCT: [0]createAllApnList: selection=numeric = '40449'
07-09 10:48:00.632  2061  2061 D QtiGsmDCT: [0]createApnList: X result=[[ApnSettingV3] Airtel IMS, 1676, 40449, ims, , , , , , -1, ims, IPV4V6, IPV4V6, true, 0, 0, 2, false, 0, 0, 0, 0, , , false, [ApnSettingV3] AIRTEL, 1677, 40449, airtelgprs.com, , , , , , -1, default | supl, IP, IP, true, 0, 0, 0, false, 0, 0, 0, 0, , , false, [ApnSettingV3] Airtel MMS, 1678, 40449, airtelmms.com, , http://100.1.201.171:10021/mmsc, 100.1.201.172, 8799, , 1, mms, IP, IP, true, 0, 0, 0, false, 0, 0, 0, 0, , , false]
07-09 10:48:00.636  2061  2061 D QtiGsmDCT: [0]getPreferredApn: mRequestedApnType=default cursor=android.content.ContentResolver$CursorWrapperInner@c9aef65 cursor.count=0
07-09 10:48:00.637  2061  2061 D QtiGsmDCT: [0]getPreferredApn: X not found
07-09 10:48:00.637  2061  2061 D QtiGsmDCT: [0]createAllApnList: mPreferredApn=null
07-09 10:48:00.637  2061  2061 D QtiGsmDCT: [0]createAllApnList: X mAllApnSettings=[[ApnSettingV3] Airtel IMS, 1676, 40449, ims, , , , , , -1, ims, IPV4V6, IPV4V6, true, 0, 0, 2, false, 0, 0, 0, 0, , , false, [ApnSettingV3] AIRTEL, 1677, 40449, airtelgprs.com, , , , , , -1, default | supl, IP, IP, true, 0, 0, 0, false, 0, 0, 0, 0, , , false, [ApnSettingV3] Airtel MMS, 1678, 40449, airtelmms.com, , http://100.1.201.171:10021/mmsc, 100.1.201.172, 8799, , 1, mms, IP, IP, true, 0, 0, 0, false, 0, 0, 0, 0, , , false, [ApnSettingV3] Emergency IMS, 1993, 405840, , , , , , , -1, emergency, IPV4V6, IPV4V6, true, 0, 0, 0, false, 0, 0, 0, 0, , , false]
07-09 10:48:00.637  2061  2061 D QtiGsmDCT: [0]setDataProfilesAsNeeded
07-09 10:48:00.638  2061  2061 D QtiGsmDCT: [0]setInitialApn: E mPreferredApn=null
07-09 10:48:00.638  2061  2061 D QtiGsmDCT: [0]setInitialApn: firstApnSetting=[ApnSettingV3] Airtel IMS, 1676, 40449, ims, , , , , , -1, ims, IPV4V6, IPV4V6, true, 0, 0, 2, false, 0, 0, 0, 0, , , false
07-09 10:48:00.638  2061  2061 D QtiGsmDCT: [0]setInitialApn: defaultApnSetting=[ApnSettingV3] AIRTEL, 1677, 40449, airtelgprs.com, , , , , , -1, default | supl, IP, IP, true, 0, 0, 0, false, 0, 0, 0, 0, , , false
07-09 10:48:00.638  2061  2061 D QtiGsmDCT: [0]setInitialAttachApn: using defaultApnSetting
07-09 10:48:00.638  2061  2061 D QtiGsmDCT: [0]setInitialAttachApn: X selected Apn=[ApnSettingV3] AIRTEL, 1677, 40449, airtelgprs.com, , , , , , -1, default | supl, IP, IP, true, 0, 0, 0, false, 0, 0, 0, 0, , , false
07-09 10:48:00.639  2061  2061 D RILJ    : [3732]> RIL_REQUEST_SET_INITIAL_ATTACH_APNDataProfile=0/airtelgprs.com/IP/0///0/0/0/0/true/5/IP/0/0///false [SUB0]
07-09 10:48:00.640  2061  2061 D QtiGsmDCT: [0]setupDataOnConnectableApns: simLoaded emergency:[state=IDLE,enabled=false] mms:[state=IDLE,enabled=false] supl:[state=IDLE,enabled=false] hipri:[state=IDLE,enabled=false] dun:[state=IDLE,enabled=false] fota:[state=IDLE,enabled=false] ims:[state=IDLE,enabled=false] default:[state=IDLE,enabled=false] cbs:[state=IDLE,enabled=false] 
07-09 10:48:00.643  2061  2061 D PhoneSwitcher: handle event - 102
07-09 10:48:00.644  2061  2061 D PhoneSwitcher: isUiccProvisioned = true
07-09 10:48:00.644  2061  2061 D PhoneSwitcher: Broadcast network specifier set intent
07-09 10:48:00.650  2061  2390 D RILJ    : [3732]< RIL_REQUEST_SET_INITIAL_ATTACH_APN  [SUB0]
07-09 10:48:00.653  2061  2061 D SubscriptionController: [getActiveSubscriptionInfo]+ subId=1 subInfo={id=1, iccId=8991000902151218129f simSlotIndex=0 displayName=airtel carrierName=Servis yok nameSource=0 iconTint=-16746133 dataRoaming=0 iconBitmap=android.graphics.Bitmap@6e43a mcc 0 mnc 0 isEmbedded false accessRules null}
07-09 10:48:00.683  2061  2061 D SubscriptionInfoUpdater: [Receiver]+
07-09 10:48:00.683  2061  2061 D SubscriptionInfoUpdater: Action: android.intent.action.internal_sim_state_changed
07-09 10:48:00.683  2061  2061 D SubscriptionInfoUpdater: slotIndex: 0
07-09 10:48:00.683  2061  2061 D SubscriptionInfoUpdater: simStatus: LOADED
07-09 10:48:00.683  2061  2061 D SubscriptionInfoUpdater: [Receiver]-
07-09 10:48:00.683  2061  2061 D SST     : SubscriptionListener.onSubscriptionInfoChanged
07-09 10:48:00.683  2061  2647 D QtiSubscriptionInfoUpdater:  handleMessage: EVENT:  3
07-09 10:48:00.683  2061  2647 D SubscriptionInfoUpdater: handleSimLoaded: slotId: 0
07-09 10:48:00.683  2061  2647 D SubscriptionInfoUpdater: All IccIds query complete
07-09 10:48:00.683  2061  2647 D QtiSubscriptionInfoUpdater: Ignoring subscription update event
07-09 10:48:00.685  2061  2061 D QtiGsmCdmaPhone: ProvisionStatus: 1 phone id:0
07-09 10:48:00.686  2061  2061 D Phone   : getCallForwardingIndicatorFromSharedPref: for subId 1= -1
07-09 10:48:00.686  2061  2061 D Phone   : getCallForwardingIndicatorFromSharedPref: for subId 1= -1
07-09 10:48:00.686  2061  2061 V Phone   : getCallForwardingIndicator: iccForwardingFlag=-1, sharedPrefFlag=-1
07-09 10:48:00.686  2061  2061 D Phone   : Get video call forwarding info from preferences
07-09 10:48:00.686  2061  2061 D DefaultPhoneNotifier: notifyCallForwardingChanged: subId=1, isCFActive=false
07-09 10:48:00.686  2061  2061 D QtiGsmCdmaPhone: ProvisionStatus: 1 phone id:0
07-09 10:48:00.687  2061  2061 D Phone   : getCallForwardingIndicatorFromSharedPref: for subId 1= -1
07-09 10:48:00.687  2061  2061 D Phone   : getCallForwardingIndicatorFromSharedPref: for subId 1= -1
07-09 10:48:00.687  2061  2061 V Phone   : getCallForwardingIndicator: iccForwardingFlag=-1, sharedPrefFlag=-1
07-09 10:48:00.687  2061  2061 D Phone   : Get video call forwarding info from preferences
07-09 10:48:00.688  2061  2647 D SubscriptionController: [setMccMnc]+ mcc/mnc:404/49 subId:1
07-09 10:48:00.690  2061  2061 D PhoneFactory: calculatePreferredNetworkType: phoneId = 0 phoneIdNetworkType = 9
07-09 10:48:00.692  2061  2061 D PhoneFactory: calculatePreferredNetworkType: phoneSubId = 1 networkType = 9
07-09 10:48:00.692  2061  2061 D QtiRadioCapabilityController: isUiccProvisionInProgress: retVal =  false
07-09 10:48:00.692  2061  2061 D QtiRadioCapabilityController: setPreferredNetworkType: nwMode[0] = 9 isActive = true
07-09 10:48:00.692  2061  2061 I QtiRadioCapabilityController:  get sub based N/W mode, val[0] = 9
07-09 10:48:00.692  2061  2061 D QtiRadioCapabilityController: updateStackBindingIfRequired
07-09 10:48:00.692  2061  2061 E QtiRadioCapabilityController: No need to update Stack Bindingm prop = nw_mode ph count = 1
07-09 10:48:00.693  2061  2061 D RILJ    : [3733]> REQUEST_SET_PREFERRED_NETWORK_TYPE networkType = 9 [SUB0]
07-09 10:48:00.694  2061  2061 D TelephonyManager: setTelephonyProperty: success phoneId=0 property=gsm.network.type value: Unknown propVal=Unknown
07-09 10:48:00.695  2061  2061 D SIMRecords: [SIMRecords] getServiceProviderName: no brandOverride, providerName=airtel
07-09 10:48:00.695  2061  2061 D SST     : updateSpnDisplay: radio is off w/ showPlmn=true plmn=Servis yok
07-09 10:48:00.695  2061  2061 D SIMRecords: [SIMRecords] getServiceProviderName: no brandOverride, providerName=airtel
07-09 10:48:00.696  2061  2061 D GsmCdmaPhone: [GsmCdmaPhone] updateVoiceMail countVoiceMessages = 0 subId 1
07-09 10:48:00.696  2061  2061 D Phone   : setVoiceMessageCount: Storing Voice Mail Count = 0 for mVmCountKey = vm_count_key1 in preferences.
07-09 10:48:00.697  2061  2061 D TelephonyNetworkFactory[0]: onSubIdChange 2147483643->1
07-09 10:48:00.698  2061  2061 D TelephonyNetworkFactory[0]: onDefaultChange(true,true)
07-09 10:48:00.698  2061  2390 D RILJ    : [3733]< REQUEST_SET_PREFERRED_NETWORK_TYPE  [SUB0]
07-09 10:48:00.700  2061  2647 D SubscriptionController: notifySubscriptionInfoChanged:
07-09 10:48:00.711  2061  2061 D SubscriptionController: [getActiveSubscriptionInfo]+ subId=1 subInfo={id=1, iccId=8991000902151218129f simSlotIndex=0 displayName=airtel carrierName=Servis yok nameSource=0 iconTint=-16746133 dataRoaming=0 iconBitmap=android.graphics.Bitmap@cae9648 mcc 404 mnc 49 isEmbedded false accessRules null}
07-09 10:48:00.711  2061  2647 D SubscriptionController: [getActiveSubscriptionInfo]+ subId=1 subInfo={id=1, iccId=8991000902151218129f simSlotIndex=0 displayName=airtel carrierName=Servis yok nameSource=0 iconTint=-16746133 dataRoaming=0 iconBitmap=android.graphics.Bitmap@cae9648 mcc 404 mnc 49 isEmbedded false accessRules null}
07-09 10:48:00.712  2061  2647 D SubscriptionInfoUpdater: sim name = airtel
07-09 10:48:00.712  2061  2647 D SubscriptionController: [setDisplayName]+  displayName:airtel subId:1 nameSource:-1
07-09 10:48:00.713  2061  2647 D SubscriptionController: validateSubId subId: 1
07-09 10:48:00.713  2061  2647 D SubscriptionController: [setDisplayName]- mDisplayName:airtel set
07-09 10:48:00.726  2061  2647 D SubscriptionController: notifySubscriptionInfoChanged:
07-09 10:48:00.731  2061  2647 D SubscriptionInfoUpdater: Settings Exception reading value at subid for  Settings.Global.PREFERRED_NETWORK_MODE
07-09 10:48:00.731  2061  2647 D QtiRadioCapabilityController: isUiccProvisionInProgress: retVal =  false
07-09 10:48:00.731  2061  2647 D QtiRadioCapabilityController: setPreferredNetworkType: nwMode[0] = 9 isActive = true
07-09 10:48:00.732  2061  2647 I QtiRadioCapabilityController:  get sub based N/W mode, val[0] = 9
07-09 10:48:00.732  2061  2647 D QtiRadioCapabilityController: updateStackBindingIfRequired
07-09 10:48:00.732  2061  2647 E QtiRadioCapabilityController: No need to update Stack Bindingm prop = nw_mode ph count = 1
07-09 10:48:00.733  2061  2647 D RILJ    : [3734]> REQUEST_SET_PREFERRED_NETWORK_TYPE networkType = 9 [SUB0]
07-09 10:48:00.736  2061  2061 D PhoneSwitcher: handle event - 102
07-09 10:48:00.736  2061  2390 D RILJ    : [3734]< REQUEST_SET_PREFERRED_NETWORK_TYPE  [SUB0]
07-09 10:48:00.736  2061  2061 D PhoneSwitcher: isUiccProvisioned = true
07-09 10:48:00.737  2061  2061 D PhoneSwitcher: Broadcast network specifier set intent
07-09 10:48:00.738  2061  2061 D SST     : SubscriptionListener.onSubscriptionInfoChanged
07-09 10:48:00.739  2061  2647 D RILJ    : [3735]> QUERY_NETWORK_SELECTION_MODE [SUB0]
07-09 10:48:00.739  2061  2061 D QtiGsmDCT: [0]SubscriptionListener.onSubscriptionInfoChanged
07-09 10:48:00.739  2061  2647 D SubscriptionInfoUpdater: Broadcasting intent ACTION_SIM_STATE_CHANGED LOADED reason null for mCardIndex: 0
07-09 10:48:00.741  2061  2390 D RILJ    : [3735]< QUERY_NETWORK_SELECTION_MODE {0} [SUB0]
07-09 10:48:00.744  2061  2647 D QtiSubscriptionInfoUpdater:  handleMessage: EVENT:  2
07-09 10:48:00.749  2061  2061 D PhoneSwitcher: handle event - 101
07-09 10:48:00.750  2061  2061 D PhoneSwitcher: isAnyVoiceCallActiveOnDevice: false
07-09 10:48:00.811  2061  2061 D QtiGsmDCT: [0]QtiDcTracker handleMessage msg={ when=-112ms what=270349 arg2=1 target=com.qualcomm.qti.internal.telephony.dataconnection.QtiDcTracker }
07-09 10:48:00.811  2061  2061 D QtiGsmDCT: [0]onEnableApn: apnContext={mApnType=default mState=IDLE mWaitingApns={null} mApnSetting={null} mReason=radioTurnedOff mDataEnabled=false mDependencyMet=true} call applyNewState
07-09 10:48:00.811  2061  2061 D QtiGsmDCT: [0]applyNewState(default, true(false), true(true))
07-09 10:48:00.815  2061  2061 D QtiGsmDCT: [0]isEmergency: result=false
07-09 10:48:00.815  2061  2061 D QtiGsmDCT: [0]trySetupData for APN type default, reason: dataEnabled. Data disallowed, reasons: UNDESIRED_POWER_STATE NOT_ATTACHED
07-09 10:48:00.817  2061  2061 D QtiGsmDCT: [0]isEmergency: result=false
07-09 10:48:00.827  2061  2061 I chatty  : uid=1001(radio) com.android.phone identical 1 line
07-09 10:48:00.832  2061  2744 D QtiGsmDCT: [0]getDataEnabled during provisioning retVal=true - (true, 1)
07-09 10:48:00.832  2061  2061 D QtiGsmDCT: [0]isEmergency: result=false
07-09 10:48:00.833  2061  2744 D QtiGsmDCT: [0]getDataEnabled during provisioning retVal=true - (true, 1)
07-09 10:48:00.836  2061  2061 D QtiGsmDCT: [0]isEmergency: result=false
07-09 10:48:00.850  2061  2061 I chatty  : uid=1001(radio) com.android.phone identical 4 lines
07-09 10:48:00.853  2061  2061 D QtiGsmDCT: [0]isEmergency: result=false
07-09 10:48:00.855  2061  2061 D QtiGsmDCT: [0]trySetupData failed. apnContext = [type=default, mState=IDLE, apnEnabled=true, mDependencyMet=true] 
07-09 10:48:00.856  2061  2061 D QtiGsmDCT: [0]QtiDcTracker handleMessage msg={ when=-157ms what=270349 arg2=1 target=com.qualcomm.qti.internal.telephony.dataconnection.QtiDcTracker }
07-09 10:48:00.856  2061  2061 D QtiGsmDCT: [0]onEnableApn: apnContext={mApnType=default mState=IDLE mWaitingApns={null} mApnSetting={null} mReason=dataEnabled mDataEnabled=true mDependencyMet=true} call applyNewState
07-09 10:48:00.856  2061  2061 D QtiGsmDCT: [0]applyNewState(default, true(true), true(true))
07-09 10:48:00.857  2061  2061 D QtiGsmDCT: [0]cleanUpConnection: X tearDown=true reason=dataEnabled apnContext={mApnType=default mState=IDLE mWaitingApns={null} mApnSetting={null} mReason=dataEnabled mDataEnabled=true mDependencyMet=true} dcac=null
07-09 10:48:00.860  2061  2061 D QtiGsmDCT: [0]isEmergency: result=false
07-09 10:48:00.860  2061  2061 D QtiGsmDCT: [0]trySetupData for APN type default, reason: dataEnabled. Data disallowed, reasons: UNDESIRED_POWER_STATE NOT_ATTACHED
07-09 10:48:00.863  2061  2061 D QtiGsmDCT: [0]isEmergency: result=false
07-09 10:48:00.867  2061  2061 D QtiGsmDCT: [0]isEmergency: result=false
07-09 10:48:00.871  2061  2744 D QtiGsmDCT: [0]getDataEnabled during provisioning retVal=true - (true, 1)
07-09 10:48:00.871  2061  2061 D QtiGsmDCT: [0]isEmergency: result=false
07-09 10:48:00.872  2061  2744 D QtiGsmDCT: [0]getDataEnabled during provisioning retVal=true - (true, 1)
07-09 10:48:00.876  2061  2061 D QtiGsmDCT: [0]isEmergency: result=false
07-09 10:48:00.891  2061  2061 I chatty  : uid=1001(radio) com.android.phone identical 4 lines
07-09 10:48:00.894  2061  2061 D QtiGsmDCT: [0]isEmergency: result=false
07-09 10:48:00.896  2061  2061 D QtiGsmDCT: [0]trySetupData failed. apnContext = [type=default, mState=IDLE, apnEnabled=true, mDependencyMet=true] 
07-09 10:48:00.897  2061  2061 D QtiGsmDCT: [0]QtiDcTracker handleMessage msg={ when=-197ms what=270349 arg2=1 target=com.qualcomm.qti.internal.telephony.dataconnection.QtiDcTracker }
07-09 10:48:00.897  2061  2061 D QtiGsmDCT: [0]onEnableApn: apnContext={mApnType=default mState=IDLE mWaitingApns={null} mApnSetting={null} mReason=dataEnabled mDataEnabled=true mDependencyMet=true} call applyNewState
07-09 10:48:00.897  2061  2061 D QtiGsmDCT: [0]applyNewState(default, true(true), true(true))
07-09 10:48:00.898  2061  2061 D QtiGsmDCT: [0]cleanUpConnection: X tearDown=true reason=dataEnabled apnContext={mApnType=default mState=IDLE mWaitingApns={null} mApnSetting={null} mReason=dataEnabled mDataEnabled=true mDependencyMet=true} dcac=null
07-09 10:48:00.901  2061  2061 D QtiGsmDCT: [0]isEmergency: result=false
07-09 10:48:00.901  2061  2061 D QtiGsmDCT: [0]trySetupData for APN type default, reason: dataEnabled. Data disallowed, reasons: UNDESIRED_POWER_STATE NOT_ATTACHED
07-09 10:48:00.903  2061  2061 D QtiGsmDCT: [0]isEmergency: result=false
07-09 10:48:00.908  2061  2061 D QtiGsmDCT: [0]isEmergency: result=false
07-09 10:48:00.911  2061  2744 D QtiGsmDCT: [0]getDataEnabled during provisioning retVal=true - (true, 1)
07-09 10:48:00.912  2061  2061 D QtiGsmDCT: [0]isEmergency: result=false
07-09 10:48:00.912  2061  2744 D QtiGsmDCT: [0]getDataEnabled during provisioning retVal=true - (true, 1)
07-09 10:48:00.917  2061  2061 D QtiGsmDCT: [0]isEmergency: result=false
07-09 10:48:00.931  2061  2061 I chatty  : uid=1001(radio) com.android.phone identical 4 lines
07-09 10:48:00.938  2061  2061 D QtiGsmDCT: [0]isEmergency: result=false
07-09 10:48:00.942  2061  2061 D QtiGsmDCT: [0]trySetupData failed. apnContext = [type=default, mState=IDLE, apnEnabled=true, mDependencyMet=true] 
07-09 10:48:00.943  2061  2061 D QtiGsmDCT: [0]QtiDcTracker handleMessage msg={ when=-242ms what=270349 arg2=1 target=com.qualcomm.qti.internal.telephony.dataconnection.QtiDcTracker }
07-09 10:48:00.943  2061  2061 D QtiGsmDCT: [0]onEnableApn: apnContext={mApnType=default mState=IDLE mWaitingApns={null} mApnSetting={null} mReason=dataEnabled mDataEnabled=true mDependencyMet=true} call applyNewState
07-09 10:48:00.943  2061  2061 D QtiGsmDCT: [0]applyNewState(default, true(true), true(true))
07-09 10:48:00.944  2061  2061 D QtiGsmDCT: [0]cleanUpConnection: X tearDown=true reason=dataEnabled apnContext={mApnType=default mState=IDLE mWaitingApns={null} mApnSetting={null} mReason=dataEnabled mDataEnabled=true mDependencyMet=true} dcac=null
07-09 10:48:00.949  2061  2061 D QtiGsmDCT: [0]isEmergency: result=false
07-09 10:48:00.949  2061  2061 D QtiGsmDCT: [0]trySetupData for APN type default, reason: dataEnabled. Data disallowed, reasons: UNDESIRED_POWER_STATE NOT_ATTACHED
07-09 10:48:00.950  2061  2061 D QtiGsmDCT: [0]isEmergency: result=false
07-09 10:48:00.954  2061  2061 I chatty  : uid=1001(radio) com.android.phone identical 1 line
07-09 10:48:00.961  2061  2061 D QtiGsmDCT: [0]isEmergency: result=false
07-09 10:48:00.961  2061  2744 D QtiGsmDCT: [0]getDataEnabled during provisioning retVal=true - (true, 1)
07-09 10:48:00.963  2061  2744 D QtiGsmDCT: [0]getDataEnabled during provisioning retVal=true - (true, 1)
07-09 10:48:00.967  2061  2061 D QtiGsmDCT: [0]isEmergency: result=false
07-09 10:48:00.988  2061  2061 I chatty  : uid=1001(radio) com.android.phone identical 4 lines
07-09 10:48:00.992  2061  2061 D QtiGsmDCT: [0]isEmergency: result=false
07-09 10:48:00.995  2061  2061 D QtiGsmDCT: [0]trySetupData failed. apnContext = [type=default, mState=IDLE, apnEnabled=true, mDependencyMet=true] 
07-09 10:48:00.995  2061  2061 D QtiGsmDCT: [0]QtiDcTracker handleMessage msg={ when=-294ms what=270349 arg2=1 target=com.qualcomm.qti.internal.telephony.dataconnection.QtiDcTracker }
07-09 10:48:00.995  2061  2061 D QtiGsmDCT: [0]onEnableApn: apnContext={mApnType=default mState=IDLE mWaitingApns={null} mApnSetting={null} mReason=dataEnabled mDataEnabled=true mDependencyMet=true} call applyNewState
07-09 10:48:00.995  2061  2061 D QtiGsmDCT: [0]applyNewState(default, true(true), true(true))
07-09 10:48:00.998  2061  2061 D QtiGsmDCT: [0]cleanUpConnection: X tearDown=true reason=dataEnabled apnContext={mApnType=default mState=IDLE mWaitingApns={null} mApnSetting={null} mReason=dataEnabled mDataEnabled=true mDependencyMet=true} dcac=null
07-09 10:48:01.000  2061  2061 D QtiGsmDCT: [0]isEmergency: result=false
07-09 10:48:01.001  2061  2061 D QtiGsmDCT: [0]trySetupData for APN type default, reason: dataEnabled. Data disallowed, reasons: UNDESIRED_POWER_STATE NOT_ATTACHED
07-09 10:48:01.002  2061  2061 D QtiGsmDCT: [0]isEmergency: result=false
07-09 10:48:01.010  2061  2061 D QtiGsmDCT: [0]isEmergency: result=false
07-09 10:48:01.018  2061  2744 D QtiGsmDCT: [0]getDataEnabled during provisioning retVal=true - (true, 1)
07-09 10:48:01.018  2061  2061 D QtiGsmDCT: [0]isEmergency: result=false
07-09 10:48:01.019  2061  2744 D QtiGsmDCT: [0]getDataEnabled during provisioning retVal=true - (true, 1)
07-09 10:48:01.025  2061  2061 D QtiGsmDCT: [0]isEmergency: result=false
07-09 10:48:01.045  2061  2061 I chatty  : uid=1001(radio) com.android.phone identical 4 lines
07-09 10:48:01.049  2061  2061 D QtiGsmDCT: [0]isEmergency: result=false
07-09 10:48:01.052  2061  2061 D QtiGsmDCT: [0]trySetupData failed. apnContext = [type=default, mState=IDLE, apnEnabled=true, mDependencyMet=true] 
07-09 10:48:01.052  2061  2061 D SST     : SubscriptionListener.onSubscriptionInfoChanged
07-09 10:48:01.052  2061  2061 D PhoneSwitcher: handle event - 102
07-09 10:48:01.053  2061  2061 D PhoneSwitcher: isUiccProvisioned = true
07-09 10:48:01.053  2061  2061 D PhoneSwitcher: Broadcast network specifier set intent
07-09 10:48:01.066  2061  2061 D QtiGsmDCT: [0]SubscriptionListener.onSubscriptionInfoChanged
07-09 10:48:01.082  2061  2061 D SubscriptionController: [getActiveSubscriptionInfo]+ subId=1 subInfo={id=1, iccId=8991000902151218129f simSlotIndex=0 displayName=airtel carrierName=Servis yok nameSource=0 iconTint=-16746133 dataRoaming=0 iconBitmap=android.graphics.Bitmap@76f0a06 mcc 404 mnc 49 isEmbedded false accessRules null}
07-09 10:48:01.101  2061  2061 D SST     : SubscriptionListener.onSubscriptionInfoChanged
07-09 10:48:01.117  2061  2061 D SubscriptionController: [getActiveSubscriptionInfo]+ subId=1 subInfo={id=1, iccId=8991000902151218129f simSlotIndex=0 displayName=airtel carrierName=Servis yok nameSource=0 iconTint=-16746133 dataRoaming=0 iconBitmap=android.graphics.Bitmap@76f0a06 mcc 404 mnc 49 isEmbedded false accessRules null}
07-09 10:48:01.142  2061  2061 D PhoneSwitcher: handle event - 102
07-09 10:48:01.142  2061  2061 D PhoneSwitcher: isUiccProvisioned = true
07-09 10:48:01.142  2061  2061 D PhoneSwitcher: Broadcast network specifier set intent
07-09 10:48:01.143  2061  2061 D QtiGsmDCT: [0]SubscriptionListener.onSubscriptionInfoChanged
07-09 10:48:01.156  2061  2061 D SubscriptionInfoUpdater: [Receiver]+
07-09 10:48:01.156  2061  2061 D SubscriptionInfoUpdater: Action: android.intent.action.SIM_STATE_CHANGED
07-09 10:48:01.156  2061  2061 D SubscriptionInfoUpdater: slotIndex: 0
07-09 10:48:01.156  2061  2061 D SubscriptionInfoUpdater: simStatus: LOADED
07-09 10:48:01.156  2061  2061 D SubscriptionInfoUpdater: Ignoring simStatus: LOADED
07-09 10:48:01.156  2061  2061 D SubscriptionInfoUpdater: [Receiver]-
07-09 10:48:01.156  2061  2061 D PhoneSwitcher: mSimStateIntentReceiver: phoneId = 0 value = LOADED
07-09 10:48:01.157  2061  2061 D PhoneSwitcher: SIM READY for phoneId: 0
07-09 10:48:01.166  2061  2698 D ImsManager: registrationFeatureCapabilityChanged :: serviceClass=1
07-09 10:48:01.166  2061  2698 D ImsPhoneCallTracker: [ImsPhoneCallTracker] onFeatureCapabilityChanged
07-09 10:48:01.172  2061  2744 D ExtTelephonyServiceImpl: Vendor apk not available for com.qualcomm.qti.simsettings
07-09 10:48:01.180  2061  2061 D SubscriptionController: [getActiveSubscriptionInfo]+ subId=1 subInfo={id=1, iccId=8991000902151218129f simSlotIndex=0 displayName=airtel carrierName=Servis yok nameSource=0 iconTint=-16746133 dataRoaming=0 iconBitmap=android.graphics.Bitmap@76f0a06 mcc 404 mnc 49 isEmbedded false accessRules null}
07-09 10:48:01.189  2061  2079 D QtiGsmDCT: [0]setPolicyDataEnabled: true
07-09 10:48:01.195  2061  2061 D GsmCdmaPhone: mBroadcastReceiver: action android.telephony.action.CARRIER_CONFIG_CHANGED
07-09 10:48:01.200  2061  2061 D CarrierSignalAgent: [0]CarrierSignalAgent receiver action: android.telephony.action.CARRIER_CONFIG_CHANGED
07-09 10:48:01.202  2061  2061 D CarrierSignalAgent: [0]Loading carrier config: carrier_app_wake_signal_config
07-09 10:48:01.202  2061  2061 D CarrierSignalAgent: [0]Loading carrier config: carrier_app_no_wake_signal_config
07-09 10:48:01.206  2061  2061 I CSST    : reading time to delay notification emergency: -1
07-09 10:48:01.207  2061  2061 I CSST    : reading time to delay notification emergency: -1
07-09 10:48:01.207  2061  2061 I CSST    : PrefNetworkNotification: sendMessage() w/values: ,false,-1,false,false
07-09 10:48:01.208  2061  2061 I CSST    : canceling notifications: 1000
07-09 10:48:01.208  2061  2061 D Phone   : isWifiCallingEnabled =false
07-09 10:48:01.208  2061  2061 D CSST    : isPhoneRegisteredForWifiCalling: false
07-09 10:48:01.208  2061  2061 D Phone   : isWifiCallingEnabled =false
07-09 10:48:01.208  2061  2061 I CSST    : EmergencyNetworkNotification: sendMessage() w/values: ,false,-1,false,false
07-09 10:48:01.208  2061  2061 I CSST    : canceling notifications: 1001
07-09 10:48:01.215  2061  2079 D SubscriptionController: [getActiveSubscriptionInfo]+ subId=1 subInfo={id=1, iccId=8991000902151218129f simSlotIndex=0 displayName=airtel carrierName=Servis yok nameSource=0 iconTint=-16746133 dataRoaming=0 iconBitmap=android.graphics.Bitmap@76f0a06 mcc 404 mnc 49 isEmbedded false accessRules null}
07-09 10:48:01.216  2061  2061 D QtiGsmDCT: [0]setDefaultDataRoamingEnabled: data_roamingdefault value: true
07-09 10:48:01.217  2061  2061 D SubscriptionController: [setDataRoaming]+ roaming:1 subId:1
07-09 10:48:01.218  2061  2061 D SubscriptionController: validateSubId subId: 1
07-09 10:48:01.218  2061  2061 D SubscriptionController: [setDataRoaming]- roaming:1 set
07-09 10:48:01.226  2061  2079 D QtiGsmDCT: [0]getDataEnabled during provisioning retVal=true - (true, 1)
07-09 10:48:01.232  2061  2395 D QtiGsmDCT: [0]getDataEnabled during provisioning retVal=true - (true, 1)
07-09 10:48:01.235  2061  2061 D SubscriptionController: notifySubscriptionInfoChanged:
07-09 10:48:01.250  2061  2061 D ImsPhoneCallTracker: [ImsPhoneCallTracker] No carrier ImsReasonInfo mappings defined.
07-09 10:48:01.250  2061  2061 D ImsPhoneCallTracker: [ImsPhoneCallTracker] onReceive : Updating mAllowEmergencyVideoCalls = false
07-09 10:48:01.252  2061  2061 D SubscriptionController: [getActiveSubscriptionInfo]+ subId=1 subInfo={id=1, iccId=8991000902151218129f simSlotIndex=0 displayName=airtel carrierName=Servis yok nameSource=0 iconTint=-16746133 dataRoaming=1 iconBitmap=android.graphics.Bitmap@8890051 mcc 404 mnc 49 isEmbedded false accessRules null}
07-09 10:48:01.256  2061  2061 E CarrierActionAgent: [0]Unsupported action: 7
07-09 10:48:01.256  2061  2061 D CarrierActionAgent: [0]EVENT_SIM_STATE_CHANGED status: LOADED
07-09 10:48:01.258  2061  2061 E CarrierSignalAgent: [0]Carrier signal receivers are configured but unavailable: ComponentInfo{com.android.carrierdefaultapp/com.android.carrierdefaultapp.CarrierDefaultBroadcastReceiver}
07-09 10:48:01.260  2061  2061 D ImsPhoneCallTracker: [ImsPhoneCallTracker] handleMessage what=26
07-09 10:48:01.260  2061  2061 D ImsPhoneCallTracker: [ImsPhoneCallTracker] handleFeatureCapabilityChanged: VoLTE:false ViLTE:false VoWiFi:false ViWiFi:false UTLTE:false UTWiFi:false  isVideoEnabledStateChanged=false
07-09 10:48:01.260  2061  2061 D ImsPhoneCallTracker: [ImsPhoneCallTracker] handleFeatureCapabilityChanged: isVolteEnabled=false, isVideoCallEnabled=false, isVowifiEnabled=false, isUtEnabled=false
07-09 10:48:01.264  2061  2061 D QtiGsmDCT: [0]QtiDcTracker handleMessage msg={ when=-74ms what=270368 arg1=1 target=com.qualcomm.qti.internal.telephony.dataconnection.QtiDcTracker }
07-09 10:48:01.265  2061  2061 D QtiGsmCdmaPhone: handleMessage: Event: 43
07-09 10:48:01.267  2061  2061 D RILJ    : [3736]> RIL_REQUEST_VOICE_RADIO_TECH [SUB0]
07-09 10:48:01.270  2061  2390 D RILJ    : [3736]< RIL_REQUEST_VOICE_RADIO_TECH {3} [SUB0]
07-09 10:48:01.272  2061  2061 D ImsManager: isEnhanced4gLteModeSettingEnabledByUserForSlot :: subId=1
07-09 10:48:01.274  2061  2061 D ImsManager: updateVolteFeatureValue: available = true, enabled = true, nonTTY = true
07-09 10:48:01.275  2061  2061 D ImsConfig: ImsConfig creates
07-09 10:48:01.275  2061  2061 D ImsConfig: setFeatureValue: feature = 0, network =13, value =1, listener =com.android.internal.telephony.imsphone.ImsPhoneCallTracker$5@1400b6
07-09 10:48:01.278  1361  1591 E RILQ    : (0/1361): RIL[0][(1361,1591)] processRequest: ImsRadioImpl::processRequest - Error 0
07-09 10:48:01.280  2061  2061 D ImsManager: isWfcRoamingEnabledByUserForSlot :: subId=1 enabled=false
07-09 10:48:01.282  2061  2061 D ImsManager: isWfcEnabledByUserForSlot :: subId=1 enabled=0
07-09 10:48:01.283  2061  2061 D ImsManager: updateWfcModeForSlot
07-09 10:48:01.285  2061  2061 D ImsManager: getWfcModeForSlot :: subId=1
07-09 10:48:01.286  2061  2061 D ImsManager: getWfcModeForSlot - setting=1
07-09 10:48:01.286  2061  2061 D ImsManager: updateWfcFeatureAndProvisionedValues: available = true, enabled = false, mode = 1, roaming = false, isNetworkRoaming = false
07-09 10:48:01.286  2061  2061 D ImsConfig: setFeatureValue: feature = 2, network =18, value =0, listener =com.android.internal.telephony.imsphone.ImsPhoneCallTracker$5@1400b6
07-09 10:48:01.288  1361  1591 E RILQ    : (0/1361): RIL[0][(1361,1591)] processRequest: ImsRadioImpl::processRequest - Error 0
07-09 10:48:01.290  2061  2061 D ImsManager: isVtEnabledByUserForSlot :: subId=1
07-09 10:48:01.292  2061  2752 D ImsConfig: setProvisionedValue(): item = 26value = 0
07-09 10:48:01.294  2061  2061 D ImsManager: updateVideoCallFeatureValue: available = true, enabled = true, nonTTY = true, data enabled = true
07-09 10:48:01.294  2061  2061 D ImsConfig: setFeatureValue: feature = 1, network =13, value =1, listener =com.android.internal.telephony.imsphone.ImsPhoneCallTracker$5@1400b6
07-09 10:48:01.294  2061  2752 D ImsConfig: setProvisionedValue(): item = 26 value = 0 ret = 1
07-09 10:48:01.295  2061  2751 D ImsConfig: setProvisionedValue(): item = 27value = 1
07-09 10:48:01.296  2061  2061 D ImsManager: updateImsServiceConfigForSlot: turnOnIms
07-09 10:48:01.296  1361  1591 E RILQ    : (0/1361): RIL[0][(1361,1591)] processRequest: ImsRadioImpl::processRequest - Error 0
07-09 10:48:01.299  1361  1591 I chatty  : uid=1001(radio) /vendor/bin/hw/rild identical 1 line
07-09 10:48:01.299  1361  1591 E RILQ    : (0/1361): RIL[0][(1361,1591)] processRequest: ImsRadioImpl::processRequest - Error 0
07-09 10:48:01.300  2061  2061 D GsmCdmaPhone: [GsmCdmaPhone] broadcastEmergencyCallStateChanges = false
07-09 10:48:01.301  2061  2061 E GsmCdmaPhone: [GsmCdmaPhone] Invalid cdma_roaming_mode settings: -1
07-09 10:48:01.301  2061  2061 D EriManager: loadEriFileFromXml: check for alternate file
07-09 10:48:01.301  2061  2061 D EriManager: loadEriFileFromXml: no alternate file
07-09 10:48:01.301  1361  1535 E RILQ    : (0/1361): RIL[0][(1361,1535)] qcril_qmi_imss_request_set_ims_config: ..invalid parameters for the config items value
07-09 10:48:01.302  1361  1535 E RILQ    : (0/1361): RIL[0][(1361,1535)] qcril_qmi_imss_request_set_ims_config: radio config error: 2..sending empty response
07-09 10:48:01.303  2061  2061 D EriManager: eriFile = eri.xml
07-09 10:48:01.307  2061  2061 D EriManager: loadEriFileFromXml: eri parsing successful, file loaded. ver = 1357, # of entries = 176
07-09 10:48:01.307  2061  2061 D GsmCdmaPhone: [GsmCdmaPhone] ERI read, notify registrants
07-09 10:48:01.308  2061  2061 D QtiGsmDCT: [0]QtiDcTracker handleMessage msg={ when=-89ms what=270384 target=com.qualcomm.qti.internal.telephony.dataconnection.QtiDcTracker }
07-09 10:48:01.308  2061  2061 D QtiGsmDCT: [0]onDataRoamingOnOrSettingsChanged
07-09 10:48:01.308  2061  2061 D QtiGsmDCT: [0]device is not roaming. ignored the request.
07-09 10:48:01.308  2061  2751 D ImsConfig: setProvisionedValue(): item = 27 value = 1 ret = 1
07-09 10:48:01.308  2061  2061 D PhoneSwitcher: handle event - 102
07-09 10:48:01.309  2061  2061 D PhoneSwitcher: isUiccProvisioned = true
07-09 10:48:01.309  2061  2061 D PhoneSwitcher: Broadcast network specifier set intent
07-09 10:48:01.311  2061  2061 D SST     : SubscriptionListener.onSubscriptionInfoChanged
07-09 10:48:01.331  2061  2061 D SubscriptionController: [getActiveSubscriptionInfo]+ subId=1 subInfo={id=1, iccId=8991000902151218129f simSlotIndex=0 displayName=airtel carrierName=Servis yok nameSource=0 iconTint=-16746133 dataRoaming=1 iconBitmap=android.graphics.Bitmap@8890051 mcc 404 mnc 49 isEmbedded false accessRules null}
07-09 10:48:01.357  2061  2061 D QtiGsmDCT: [0]SubscriptionListener.onSubscriptionInfoChanged
07-09 10:48:01.365  2061  2061 D SubscriptionController: [getActiveSubscriptionInfo]+ subId=1 subInfo={id=1, iccId=8991000902151218129f simSlotIndex=0 displayName=airtel carrierName=Servis yok nameSource=0 iconTint=-16746133 dataRoaming=1 iconBitmap=android.graphics.Bitmap@8890051 mcc 404 mnc 49 isEmbedded false accessRules null}
07-09 10:48:01.366  2061  2061 D SST     : EVENT_IMS_CAPABILITY_CHANGED
07-09 10:48:01.366  2061  2061 D SIMRecords: [SIMRecords] getServiceProviderName: no brandOverride, providerName=airtel
07-09 10:48:01.366  2061  2061 D SST     : updateSpnDisplay: radio is off w/ showPlmn=true plmn=Servis yok
07-09 10:48:01.366  2061  2061 D SIMRecords: [SIMRecords] getServiceProviderName: no brandOverride, providerName=airtel
07-09 10:48:01.381  2061  2061 D QtiGsmCdmaPhone: handleMessage: Event: 40
07-09 10:48:01.381  2061  2061 D GsmCdmaPhone: [GsmCdmaPhone] EVENT_REQUEST_VOICE_RADIO_TECH_DONE: newVoiceTech=3
07-09 10:48:01.381  2061  2061 D GsmCdmaPhone: [GsmCdmaPhone] phoneObjectUpdater: newVoiceRadioTech=3
07-09 10:48:01.381  2061  2061 D GsmCdmaPhone: [GsmCdmaPhone] phoneObjectUpdater: No change ignore, newVoiceRadioTech=3 mActivePhone=GSM
07-09 10:48:01.387  2061  2061 D SubscriptionController: [getActiveSubscriptionInfo]+ subId=1 subInfo={id=1, iccId=8991000902151218129f simSlotIndex=0 displayName=airtel carrierName=Servis yok nameSource=0 iconTint=-16746133 dataRoaming=1 iconBitmap=android.graphics.Bitmap@8890051 mcc 404 mnc 49 isEmbedded false accessRules null}
07-09 10:48:01.990  2061  2613 D GsmCellBroadcastHandler: mWakeLock released
07-09 10:48:01.998  2061  2619 D CellBroadcastHandler: mWakeLock released
07-09 10:48:02.005  2061  2622 D CdmaServiceCategoryProgramHandler: mWakeLock released
06-03 01:58:28.478  2851  2851 D RILD    : **RIL Daemon Started**
06-03 01:58:28.478  2851  2851 D RILD    : **RILd param count=1**
06-03 01:58:29.146  2851  2851 D RILD    : RIL_Init argc = 3 clientId = 0
06-03 01:58:29.147  2851  2851 E RILQ    : log to /data/vendor/radio/ril_log for QCRIL logging is not enabled
06-03 01:58:29.249  2851  2851 W RILC    : RIL_onUnsolicitedResponse called before RIL_register
06-03 01:58:29.249  2851  2851 E RILQ    : (0/2851): RIL[0][rild(2851,2851)] qcril_qmi_lte_direct_disc_pack_msg_tag: Message id and type doesnt co-exist. Cannot encode the tag
06-03 01:58:29.282  2851  2851 E RILQ    : (0/2851): RIL[0][rild(2851,2851)] qcril_qmi_dms_set_simo_cs_ps_property: Fail to save ro.vendor.ril.svlte1x to system property
06-03 01:58:29.290  2851  2851 E RILQ    : (0/2851): RIL[0][rild(2851,2851)] qcril_qmi_dms_set_simo_cs_ps_property: Fail to save ro.vendor.ril.svdo to system property
06-03 01:58:29.360  2851  2851 E RILQ    : (0/2851): RIL[0][rild(2851,2851)] sendIndication: OemHookImpl::sendIndication indicationCb is null
06-03 01:58:29.360  2851  2851 W RILC    : RIL_onUnsolicitedResponse called before RIL_register
06-03 01:58:29.360  2851  2851 E RILQ    : (0/2851): RIL[0][rild(2851,2851)] sendIndication: OemHookImpl::sendIndication indicationCb is null
06-03 01:58:29.361  2851  2851 W RILC    : RIL_onUnsolicitedResponse called before RIL_register
06-03 01:58:29.363  2851  2851 E RILQ    : (0/2851): RIL[0][rild(2851,2851)] qcril_qmi_lte_direct_disc_pack_msg_tag: encoding the MsgHeader
06-03 01:58:29.363  2851  2851 E RILQ    : (0/2851): RIL[0][rild(2851,2851)] sendIndication: OemHookImpl::sendIndication indicationCb is null
06-03 01:58:29.365  2851  2851 D RILD    : RIL_Init rilInit completed
06-03 01:58:29.365  2851  2851 I RILC    : SIM_COUNT: 1
06-03 01:58:29.365  2851  2851 E RILC    : RIL_register: RIL version 15
06-03 01:58:29.365  2851  2851 I RILC    : s_registerCalled flag set, 1
06-03 01:58:29.366  2851  2851 D RILC    : registerService: starting android::hardware::radio::V1_1::IRadio slot1
06-03 01:58:29.371  2851  2851 I RILC    : RILHIDL called registerService
06-03 01:58:29.371  2851  2851 D RILD    : RIL_Init RIL_register completed
06-03 01:58:29.371  2851  2851 D RILD    : RIL_register_socket started
06-03 01:58:29.372  2851  2851 D RIL_UIM_SOCKET: Adding socket with id: 0
06-03 01:58:29.373  2851  2851 I RILC    : RIL_register_socket: calling registerService
06-03 01:58:29.377  2851  2851 D RIL_SAP : registerService: starting ISap slot1 for slotId 0
06-03 01:58:29.380  2851  2851 D RIL_SAP : registerService: started ISap slot1 status 0
06-03 01:58:29.380  2851  2851 D RILD    : RIL_register_socket completed
06-03 01:58:29.451  2851  3078 E RILQ    : (0/2851): RIL[0][(2851,3078)] qcril_qmi_qti_radio_service_init: qcril_qmi_qti_radio_service_init
06-03 01:58:29.466  2851  3188 E RILQ    : (0/2851): RIL[0][(2851,3188)] sendIndication: OemHookImpl::sendIndication indicationCb is null
06-03 01:58:29.466  2851  3188 E RILC    : oemHookRawInd: oemHookService[0]->mOemHookIndication == NULL
06-03 01:58:29.480  2851  3188 E RILC    : simStatusChangedInd: radioService[0]->mRadioIndication == NULL
06-03 01:58:29.507  2851  3078 E RILQ    : (0/2851): RIL[0][(2851,3078)] qcril_db_sqlite3_exec: sql_stmt select DELTA from qcril_sig_config_table where SIG_CONFIG_TYPE='cdma_ecio_delta'
06-03 01:58:29.507  2851  3078 E RILQ    : (0/2851): RIL[0][(2851,3078)] qcril_db_sqlite3_exec: Operation failed 1 no such table: qcril_sig_config_table
06-03 01:58:29.507  2851  3078 E RILQ    : (0/2851): RIL[0][(2851,3078)] qcril_db_query_sig_config: Could not query 1
06-03 01:58:29.507  2851  3078 E RILQ    : (0/2851): RIL[0][(2851,3078)] qcril_db_sqlite3_exec: sql_stmt select DELTA from qcril_sig_config_table where SIG_CONFIG_TYPE='cdma_rssi_delta'
06-03 01:58:29.507  2851  3078 E RILQ    : (0/2851): RIL[0][(2851,3078)] qcril_db_sqlite3_exec: Operation failed 1 no such table: qcril_sig_config_table
06-03 01:58:29.507  2851  3078 E RILQ    : (0/2851): RIL[0][(2851,3078)] qcril_db_query_sig_config: Could not query 1
06-03 01:58:29.507  2851  3078 E RILQ    : (0/2851): RIL[0][(2851,3078)] qcril_db_sqlite3_exec: sql_stmt select DELTA from qcril_sig_config_table where SIG_CONFIG_TYPE='gsm_rssi_delta'
06-03 01:58:29.507  2851  3078 E RILQ    : (0/2851): RIL[0][(2851,3078)] qcril_db_sqlite3_exec: Operation failed 1 no such table: qcril_sig_config_table
06-03 01:58:29.507  2851  3078 E RILQ    : (0/2851): RIL[0][(2851,3078)] qcril_db_query_sig_config: Could not query 1
06-03 01:58:29.507  2851  3078 E RILQ    : (0/2851): RIL[0][(2851,3078)] qcril_db_sqlite3_exec: sql_stmt select DELTA from qcril_sig_config_table where SIG_CONFIG_TYPE='hdr_ecio_delta'
06-03 01:58:29.508  2851  3078 E RILQ    : (0/2851): RIL[0][(2851,3078)] qcril_db_sqlite3_exec: Operation failed 1 no such table: qcril_sig_config_table
06-03 01:58:29.508  2851  3078 E RILQ    : (0/2851): RIL[0][(2851,3078)] qcril_db_query_sig_config: Could not query 1
06-03 01:58:29.508  2851  3078 E RILQ    : (0/2851): RIL[0][(2851,3078)] qcril_db_sqlite3_exec: sql_stmt select DELTA from qcril_sig_config_table where SIG_CONFIG_TYPE='hdr_rssi_delta'
06-03 01:58:29.508  2851  3078 E RILQ    : (0/2851): RIL[0][(2851,3078)] qcril_db_sqlite3_exec: Operation failed 1 no such table: qcril_sig_config_table
06-03 01:58:29.508  2851  3078 E RILQ    : (0/2851): RIL[0][(2851,3078)] qcril_db_query_sig_config: Could not query 1
06-03 01:58:29.508  2851  3078 E RILQ    : (0/2851): RIL[0][(2851,3078)] qcril_db_sqlite3_exec: sql_stmt select DELTA from qcril_sig_config_table where SIG_CONFIG_TYPE='hdr_sinr_delta'
06-03 01:58:29.508  2851  3078 E RILQ    : (0/2851): RIL[0][(2851,3078)] qcril_db_sqlite3_exec: Operation failed 1 no such table: qcril_sig_config_table
06-03 01:58:29.508  2851  3078 E RILQ    : (0/2851): RIL[0][(2851,3078)] qcril_db_query_sig_config: Could not query 1
06-03 01:58:29.508  2851  3078 E RILQ    : (0/2851): RIL[0][(2851,3078)] qcril_db_sqlite3_exec: sql_stmt select DELTA from qcril_sig_config_table where SIG_CONFIG_TYPE='lte_rsrp_delta'
06-03 01:58:29.508  2851  3078 E RILQ    : (0/2851): RIL[0][(2851,3078)] qcril_db_sqlite3_exec: Operation failed 1 no such table: qcril_sig_config_table
06-03 01:58:29.508  2851  3078 E RILQ    : (0/2851): RIL[0][(2851,3078)] qcril_db_query_sig_config: Could not query 1
06-03 01:58:29.508  2851  3078 E RILQ    : (0/2851): RIL[0][(2851,3078)] qcril_db_sqlite3_exec: sql_stmt select DELTA from qcril_sig_config_table where SIG_CONFIG_TYPE='lte_rsrq_delta'
06-03 01:58:29.508  2851  3078 E RILQ    : (0/2851): RIL[0][(2851,3078)] qcril_db_sqlite3_exec: Operation failed 1 no such table: qcril_sig_config_table
06-03 01:58:29.508  2851  3078 E RILQ    : (0/2851): RIL[0][(2851,3078)] qcril_db_query_sig_config: Could not query 1
06-03 01:58:29.509  2851  3078 E RILQ    : (0/2851): RIL[0][(2851,3078)] qcril_db_sqlite3_exec: sql_stmt select DELTA from qcril_sig_config_table where SIG_CONFIG_TYPE='lte_rssi_delta'
06-03 01:58:29.509  2851  3078 E RILQ    : (0/2851): RIL[0][(2851,3078)] qcril_db_sqlite3_exec: Operation failed 1 no such table: qcril_sig_config_table
06-03 01:58:29.509  2851  3078 E RILQ    : (0/2851): RIL[0][(2851,3078)] qcril_db_query_sig_config: Could not query 1
06-03 01:58:29.509  2851  3078 E RILQ    : (0/2851): RIL[0][(2851,3078)] qcril_db_sqlite3_exec: sql_stmt select DELTA from qcril_sig_config_table where SIG_CONFIG_TYPE='lte_snr_delta'
06-03 01:58:29.509  2851  3078 E RILQ    : (0/2851): RIL[0][(2851,3078)] qcril_db_sqlite3_exec: Operation failed 1 no such table: qcril_sig_config_table
06-03 01:58:29.509  2851  3078 E RILQ    : (0/2851): RIL[0][(2851,3078)] qcril_db_query_sig_config: Could not query 1
06-03 01:58:29.509  2851  3078 E RILQ    : (0/2851): RIL[0][(2851,3078)] qcril_db_sqlite3_exec: sql_stmt select DELTA from qcril_sig_config_table where SIG_CONFIG_TYPE='lte_rpt_rate'
06-03 01:58:29.509  2851  3078 E RILQ    : (0/2851): RIL[0][(2851,3078)] qcril_db_sqlite3_exec: Operation failed 1 no such table: qcril_sig_config_table
06-03 01:58:29.509  2851  3078 E RILQ    : (0/2851): RIL[0][(2851,3078)] qcril_db_query_sig_config: Could not query 1
06-03 01:58:29.509  2851  3078 E RILQ    : (0/2851): RIL[0][(2851,3078)] qcril_db_sqlite3_exec: sql_stmt select DELTA from qcril_sig_config_table where SIG_CONFIG_TYPE='lte_avg_period'
06-03 01:58:29.509  2851  3078 E RILQ    : (0/2851): RIL[0][(2851,3078)] qcril_db_sqlite3_exec: Operation failed 1 no such table: qcril_sig_config_table
06-03 01:58:29.509  2851  3078 E RILQ    : (0/2851): RIL[0][(2851,3078)] qcril_db_query_sig_config: Could not query 1
06-03 01:58:29.509  2851  3078 E RILQ    : (0/2851): RIL[0][(2851,3078)] qcril_db_sqlite3_exec: sql_stmt select DELTA from qcril_sig_config_table where SIG_CONFIG_TYPE='tdscdma_ecio_delta'
06-03 01:58:29.509  2851  3078 E RILQ    : (0/2851): RIL[0][(2851,3078)] qcril_db_sqlite3_exec: Operation failed 1 no such table: qcril_sig_config_table
06-03 01:58:29.509  2851  3078 E RILQ    : (0/2851): RIL[0][(2851,3078)] qcril_db_query_sig_config: Could not query 1
06-03 01:58:29.510  2851  3078 E RILQ    : (0/2851): RIL[0][(2851,3078)] qcril_db_sqlite3_exec: sql_stmt select DELTA from qcril_sig_config_table where SIG_CONFIG_TYPE='tdscdma_rscp_delta'
06-03 01:58:29.510  2851  3078 E RILQ    : (0/2851): RIL[0][(2851,3078)] qcril_db_sqlite3_exec: Operation failed 1 no such table: qcril_sig_config_table
06-03 01:58:29.510  2851  3078 E RILQ    : (0/2851): RIL[0][(2851,3078)] qcril_db_query_sig_config: Could not query 1
06-03 01:58:29.510  2851  3078 E RILQ    : (0/2851): RIL[0][(2851,3078)] qcril_db_sqlite3_exec: sql_stmt select DELTA from qcril_sig_config_table where SIG_CONFIG_TYPE='tdscdma_rssi_delta'
06-03 01:58:29.510  2851  3078 E RILQ    : (0/2851): RIL[0][(2851,3078)] qcril_db_sqlite3_exec: Operation failed 1 no such table: qcril_sig_config_table
06-03 01:58:29.510  2851  3078 E RILQ    : (0/2851): RIL[0][(2851,3078)] qcril_db_query_sig_config: Could not query 1
06-03 01:58:29.510  2851  3078 E RILQ    : (0/2851): RIL[0][(2851,3078)] qcril_db_sqlite3_exec: sql_stmt select DELTA from qcril_sig_config_table where SIG_CONFIG_TYPE='tdscdma_sinr_delta'
06-03 01:58:29.510  2851  3078 E RILQ    : (0/2851): RIL[0][(2851,3078)] qcril_db_sqlite3_exec: Operation failed 1 no such table: qcril_sig_config_table
06-03 01:58:29.510  2851  3078 E RILQ    : (0/2851): RIL[0][(2851,3078)] qcril_db_query_sig_config: Could not query 1
