12-31 18:00:32.517  4037  4037 D QtiGsmDCT: [0]isEmergency: result=false
12-31 18:00:32.518  4037  4037 D QtiSubscriptionController: getPhoneId, received dummy subId 2147483643
12-31 18:00:32.518  4037  4064 D QtiSubscriptionController: getPhoneId, received dummy subId 2147483643
12-31 18:00:32.519  4037  4037 D QtiSubscriptionController: getPhoneId, received dummy subId 2147483643
12-31 18:00:32.520  4037  4064 D QtiGsmDCT: [0]getDataEnabled during provisioning retVal=true - (true, 1)
12-31 18:00:32.521  2851  3078 I RILQ    : (0/2851):RIL[0][(2851,3078)] qcril_qmi_nas_dms_op_state_update_handler: reported op mode ONLINE
12-31 18:00:32.521  2851  3078 I RILQ    : (0/2851):RIL[0][(2851,3078)] qcril_qmi_nas_dms_op_state_update_handler: expected op mode ONLINE
12-31 18:00:32.539  2851  3078 I RILQ    : (0/2851):RIL[0][(2851,3078)] qcril_qmi_nas_reset_data_snapshot_cache_and_timer: Resetting snapshot timer
12-31 18:00:32.541  2851  4941 D RILC    : setRadioPowerResponse: serial 15
12-31 18:00:32.542  2851  4941 D RILC    : setRadioPowerResponse: serial 20
12-31 18:00:32.542  4037  4469 D RILJ    : Unsol response received; Sending ack to ril.cpp [SUB0]
12-31 18:00:32.542  4037  4469 D RILJ    : [UNSL]< UNSOL_RESPONSE_NETWORK_STATE_CHANGED [SUB0]
12-31 18:00:32.543  4037  4469 D RILJ    : [3663]< RADIO_POWER  [SUB0]
12-31 18:00:32.543  4037  4469 D RILJ    : [3668]< RADIO_POWER  [SUB0]
12-31 18:00:32.546  4037  4469 D RILJ    : Unsol response received; Sending ack to ril.cpp [SUB0]
12-31 18:00:32.546  4037  4469 V RILJ    : [UNSL]< UNSOL_OEM_HOOK_RAW 514f454d484f4f4bf2030800040000000050c011 [SUB0]
12-31 18:00:32.562  4037  4037 D QtiGsmDCT: [0]isEmergency: result=false
12-31 18:00:32.564  2851  3078 I RILQ    : (0/2851):RIL[0][(2851,3078)] qcril_qmi_nas_evaluate_custom_emergency_numbers_for_card: cur_status 1024, card_state 3
12-31 18:00:32.564  2851  3078 I RILQ    : (0/2851):RIL[0][(2851,3078)] qcril_qmi_nas_evaluate_custom_emergency_numbers_for_card: card_mcc 404, card_mnc 49
12-31 18:00:32.565  4037  4037 D QtiSubscriptionController: getPhoneId, received dummy subId 2147483643
12-31 18:00:32.565  2851  3078 E RILQ    : (0/2851): RIL[0][(2851,3078)] get_ecc_property_name: ecc list name : ril.ecclist.
12-31 18:00:32.569  4037  4037 D QtiSubscriptionController: getPhoneId, received dummy subId 2147483643
12-31 18:00:32.572  2851  3078 I RILQ    : (0/2851):RIL[0][(2851,3078)] qcril_qmi_nas_evaluate_custom_emergency_numbers_for_card: cur_status 1024, card_state 3
12-31 18:00:32.572  2851  3078 I RILQ    : (0/2851):RIL[0][(2851,3078)] qcril_qmi_nas_evaluate_custom_emergency_numbers_for_card: card_mcc 404, card_mnc 49
12-31 18:00:32.573  2851  3078 E RILQ    : (0/2851): RIL[0][(2851,3078)] get_ecc_property_name: ecc list name : ril.ecclist.
12-31 18:00:32.576  2851  3078 D RILC    : radioStateChangedInd: radioState 10
12-31 18:00:32.578  4037  4469 D RILJ    : Unsol response received; Sending ack to ril.cpp [SUB0]
12-31 18:00:32.578  4037  4469 D RILJ    : [UNSL]< UNSOL_RESPONSE_RADIO_STATE_CHANGED radioStateChanged: RADIO_ON [SUB0]
12-31 18:00:32.580  4037  4037 D QtiGsmDCT: [0]isEmergency: result=false
12-31 18:00:32.583  4037  4037 D QtiSubscriptionController: getPhoneId, received dummy subId 2147483643
12-31 18:00:32.585  4037  4037 D QtiSubscriptionController: getPhoneId, received dummy subId 2147483643
12-31 18:00:32.589  4037  4037 D QtiGsmDCT: [0]isEmergency: result=false
12-31 18:00:32.591  4037  4037 D QtiSubscriptionController: getPhoneId, received dummy subId 2147483643
12-31 18:00:32.592  4037  4037 D QtiSubscriptionController: getPhoneId, received dummy subId 2147483643
12-31 18:00:32.595  4037  4037 D QtiGsmDCT: [0]isEmergency: result=false
12-31 18:00:32.596  4037  4037 D QtiSubscriptionController: getPhoneId, received dummy subId 2147483643
12-31 18:00:32.598  4037  4037 D QtiSubscriptionController: getPhoneId, received dummy subId 2147483643
12-31 18:00:32.604  4037  4037 D QtiGsmDCT: [0]isEmergency: result=false
12-31 18:00:32.606  4037  4037 D QtiSubscriptionController: getPhoneId, received dummy subId 2147483643
12-31 18:00:32.607  4037  4037 D QtiSubscriptionController: getPhoneId, received dummy subId 2147483643
12-31 18:00:32.611  4037  4037 D QtiGsmDCT: [0]isEmergency: result=false
12-31 18:00:32.612  4037  4037 D QtiSubscriptionController: getPhoneId, received dummy subId 2147483643
12-31 18:00:32.613  4037  4037 D QtiSubscriptionController: getPhoneId, received dummy subId 2147483643
12-31 18:00:32.615  4037  4037 D QtiGsmDCT: [0]QtiDcTracker handleMessage msg={ when=-950ms what=270345 obj=android.os.AsyncResult@a126329 target=com.qualcomm.qti.internal.telephony.dataconnection.QtiDcTracker }
12-31 18:00:32.615  4037  4037 D QtiGsmDCT: [0]onDataConnectionDetached: stop polling and notify detached
12-31 18:00:32.615  4037  4037 D QtiGsmDCT: [0]stopNetStatPoll
12-31 18:00:32.616  4037  4037 D QtiSubscriptionController: getPhoneId, received dummy subId 2147483643
12-31 18:00:32.616  4037  4037 D QtiGsmDCT: [0]notifyDataConnection: reason=dataDetached
12-31 18:00:32.617  4037  4037 D QtiGsmDCT: [0]isEmergency: result=false
12-31 18:00:32.618  4037  4037 D QtiSubscriptionController: getPhoneId, received dummy subId 2147483643
12-31 18:00:32.619  4037  4037 D QtiSubscriptionController: getPhoneId, received dummy subId 2147483643
12-31 18:00:32.628  4037  4064 D QtiSubscriptionController: getPhoneId, received dummy subId 2147483643
12-31 18:00:32.628  4037  4037 D QtiGsmDCT: [0]isEmergency: result=false
12-31 18:00:32.628  4037  4064 D QtiSubscriptionController: getPhoneId, received dummy subId 2147483643
12-31 18:00:32.629  4037  4037 D QtiSubscriptionController: getPhoneId, received dummy subId 2147483643
12-31 18:00:32.630  4037  4037 D QtiSubscriptionController: getPhoneId, received dummy subId 2147483643
12-31 18:00:32.631  4037  4064 D QtiSubscriptionController: getPhoneId, received dummy subId 2147483643
12-31 18:00:32.632  4037  4064 I chatty  : uid=1001(radio) Binder:4037_2 identical 1 line
12-31 18:00:32.633  4037  4037 D QtiGsmDCT: [0]isEmergency: result=false
12-31 18:00:32.633  4037  4064 D QtiSubscriptionController: getPhoneId, received dummy subId 2147483643
12-31 18:00:32.634  4037  4064 D QtiGsmDCT: [0]getDataEnabled during provisioning retVal=true - (true, 1)
12-31 18:00:32.635  4037  4037 D QtiSubscriptionController: getPhoneId, received dummy subId 2147483643
12-31 18:00:32.635  4037  4064 D QtiSubscriptionController: getPhoneId, received dummy subId 2147483643
12-31 18:00:32.635  4037  4064 D QtiGsmDCT: [0]getDataEnabled during provisioning retVal=true - (true, 1)
12-31 18:00:32.637  4037  4037 D QtiSubscriptionController: getPhoneId, received dummy subId 2147483643
12-31 18:00:32.643  4037  4037 D QtiGsmDCT: [0]isEmergency: result=false
12-31 18:00:32.644  4037  4037 D QtiSubscriptionController: getPhoneId, received dummy subId 2147483643
12-31 18:00:32.644  4037  4037 D QtiSubscriptionController: getPhoneId, received dummy subId 2147483643
12-31 18:00:32.647  4037  4037 D QtiGsmDCT: [0]isEmergency: result=false
12-31 18:00:32.649  4037  4037 D QtiSubscriptionController: getPhoneId, received dummy subId 2147483643
12-31 18:00:32.650  4037  4037 D QtiSubscriptionController: getPhoneId, received dummy subId 2147483643
12-31 18:00:32.653  4037  4037 D QtiGsmDCT: [0]isEmergency: result=false
12-31 18:00:32.654  4037  4037 D QtiSubscriptionController: getPhoneId, received dummy subId 2147483643
12-31 18:00:32.655  4037  4037 D QtiSubscriptionController: getPhoneId, received dummy subId 2147483643
12-31 18:00:32.660  4037  4037 D QtiGsmDCT: [0]isEmergency: result=false
12-31 18:00:32.660  4037  4037 D QtiSubscriptionController: getPhoneId, received dummy subId 2147483643
12-31 18:00:32.661  4037  4037 D QtiSubscriptionController: getPhoneId, received dummy subId 2147483643
12-31 18:00:32.665  4037  4037 D QtiGsmDCT: [0]isEmergency: result=false
12-31 18:00:32.666  4037  4037 D QtiSubscriptionController: getPhoneId, received dummy subId 2147483643
12-31 18:00:32.667  4037  4037 D QtiSubscriptionController: getPhoneId, received dummy subId 2147483643
12-31 18:00:32.674  4037  4037 D QtiGsmDCT: [0]isEmergency: result=false
12-31 18:00:32.675  4037  4037 D QtiSubscriptionController: getPhoneId, received dummy subId 2147483643
12-31 18:00:32.675  4037  4037 D QtiSubscriptionController: getPhoneId, received dummy subId 2147483643
12-31 18:00:32.677  4037  4037 D QtiGsmDCT: [0]QtiDcTracker handleMessage msg={ when=-1s12ms what=270348 obj=android.os.AsyncResult@ec0e6ae target=com.qualcomm.qti.internal.telephony.dataconnection.QtiDcTracker }
12-31 18:00:32.677  4037  4037 D QtiGsmDCT: [0]onDataRoamingOff
12-31 18:00:32.678  4037  4037 D QtiSubscriptionController: getPhoneId, received dummy subId 2147483643
12-31 18:00:32.678  4037  4037 D QtiGsmDCT: [0]notifyDataConnection: reason=roamingOff
12-31 18:00:32.679  4037  4037 D QtiGsmDCT: [0]isEmergency: result=false
12-31 18:00:32.680  4037  4037 D QtiSubscriptionController: getPhoneId, received dummy subId 2147483643
12-31 18:00:32.681  4037  4037 D QtiSubscriptionController: getPhoneId, received dummy subId 2147483643
12-31 18:00:32.685  4037  4037 D QtiGsmDCT: [0]isEmergency: result=false
12-31 18:00:32.686  4037  4064 D QtiSubscriptionController: getPhoneId, received dummy subId 2147483643
12-31 18:00:32.686  4037  4037 D QtiSubscriptionController: getPhoneId, received dummy subId 2147483643
12-31 18:00:32.687  4037  4064 D QtiSubscriptionController: getPhoneId, received dummy subId 2147483643
12-31 18:00:32.687  4037  4037 D QtiSubscriptionController: getPhoneId, received dummy subId 2147483643
12-31 18:00:32.689  4037  4064 D QtiSubscriptionController: getPhoneId, received dummy subId 2147483643
12-31 18:00:32.690  4037  4064 I chatty  : uid=1001(radio) Binder:4037_2 identical 1 line
12-31 18:00:32.692  4037  4064 D QtiSubscriptionController: getPhoneId, received dummy subId 2147483643
12-31 18:00:32.692  4037  4064 D QtiGsmDCT: [0]getDataEnabled during provisioning retVal=true - (true, 1)
12-31 18:00:32.694  4037  4064 D QtiSubscriptionController: getPhoneId, received dummy subId 2147483643
12-31 18:00:32.694  4037  4064 D QtiGsmDCT: [0]getDataEnabled during provisioning retVal=true - (true, 1)
12-31 18:00:32.695  4037  4037 D QtiGsmDCT: [0]isEmergency: result=false
12-31 18:00:32.696  4037  4037 D QtiSubscriptionController: getPhoneId, received dummy subId 2147483643
12-31 18:00:32.697  4037  4037 D QtiSubscriptionController: getPhoneId, received dummy subId 2147483643
12-31 18:00:32.703  4037  4037 D QtiGsmDCT: [0]isEmergency: result=false
12-31 18:00:32.704  4037  4037 D QtiSubscriptionController: getPhoneId, received dummy subId 2147483643
12-31 18:00:32.705  4037  4037 D QtiSubscriptionController: getPhoneId, received dummy subId 2147483643
12-31 18:00:32.708  4037  4037 D QtiGsmDCT: [0]isEmergency: result=false
12-31 18:00:32.709  4037  4037 D QtiSubscriptionController: getPhoneId, received dummy subId 2147483643
12-31 18:00:32.711  4037  4037 D QtiSubscriptionController: getPhoneId, received dummy subId 2147483643
12-31 18:00:32.737  4037  4037 D QtiGsmDCT: [0]isEmergency: result=false
12-31 18:00:32.740  4037  4037 D QtiSubscriptionController: getPhoneId, received dummy subId 2147483643
12-31 18:00:32.741  4037  4037 D QtiSubscriptionController: getPhoneId, received dummy subId 2147483643
12-31 18:00:32.744  4037  4037 D QtiGsmDCT: [0]isEmergency: result=false
12-31 18:00:32.745  4037  4037 D QtiSubscriptionController: getPhoneId, received dummy subId 2147483643
12-31 18:00:32.746  4037  4037 D QtiSubscriptionController: getPhoneId, received dummy subId 2147483643
12-31 18:00:32.750  4037  4037 D QtiGsmDCT: [0]isEmergency: result=false
12-31 18:00:32.751  4037  4037 D QtiSubscriptionController: getPhoneId, received dummy subId 2147483643
12-31 18:00:32.753  4037  4037 D QtiSubscriptionController: getPhoneId, received dummy subId 2147483643
12-31 18:00:32.757  4037  4037 D QtiGsmDCT: [0]isEmergency: result=false
12-31 18:00:32.758  4037  4037 D QtiSubscriptionController: getPhoneId, received dummy subId 2147483643
12-31 18:00:32.765  4037  4037 D QtiSubscriptionController: getPhoneId, received dummy subId 2147483643
12-31 18:00:32.766  4037  4037 D QtiGsmDCT: [0]QtiDcTracker handleMessage msg={ when=-1s99ms what=270377 obj=android.os.AsyncResult@6ff6c4f target=com.qualcomm.qti.internal.telephony.dataconnection.QtiDcTracker }
12-31 18:00:32.768  4037  4037 D RILJ    : [3678]> RIL_REQUEST_SEND_DEVICE_STATE 1:false [SUB0]
12-31 18:00:32.769  4037  4037 D RILJ    : [3679]> RIL_REQUEST_SEND_DEVICE_STATE 2:false [SUB0]
12-31 18:00:32.770  4037  4469 D RILJ    : [3678]< RIL_REQUEST_SEND_DEVICE_STATE  [SUB0]
12-31 18:00:32.771  4037  4037 D RILJ    : [3680]> RIL_REQUEST_SEND_DEVICE_STATE 0:false [SUB0]
12-31 18:00:32.771  4037  4469 D RILJ    : [3679]< RIL_REQUEST_SEND_DEVICE_STATE  [SUB0]
12-31 18:00:32.772  4037  4037 D RILJ    : [3681]> RIL_REQUEST_SET_UNSOLICITED_RESPONSE_FILTER 7 [SUB0]
12-31 18:00:32.773  4037  4037 D ImsPhoneCallTracker: [ImsPhoneCallTracker] handleMessage what=23
12-31 18:00:32.773  4037  4037 D ImsPhoneCallTracker: [ImsPhoneCallTracker] onDataEnabledChanged: enabled=true, reason=0
12-31 18:00:32.773  4037  4037 I ImsManager: Creating ImsService using ImsResolver
12-31 18:00:32.773  4037  4469 D RILJ    : [3680]< RIL_REQUEST_SEND_DEVICE_STATE  [SUB0]
12-31 18:00:32.773  4037  4469 D RILJ    : [3681]< RIL_REQUEST_SET_UNSOLICITED_RESPONSE_FILTER  [SUB0]
12-31 18:00:32.774  4037  4037 W ImsManager: getServiceProxy: b is null! Phone Id: 0
12-31 18:00:32.774  4037  4037 D ImsManager: setDataEnabled: true
12-31 18:00:32.776  4037  4037 D ImsPhoneCallTracker: [ImsPhoneCallTracker] Ignore data enabled - carrier policy indicates that data is not metered for ViLTE calls.
12-31 18:00:32.776  4037  4037 D ImsPhoneCallTracker: [ImsPhoneCallTracker] handleMessage what=24
12-31 18:00:32.776  4037  4037 D ImsPhoneCallTracker: [ImsPhoneCallTracker] getImsService
12-31 18:00:32.776  4037  4037 I ImsManager: Creating ImsService using ImsResolver
12-31 18:00:32.777  4037  4037 W ImsManager: getServiceProxy: b is null! Phone Id: 0
12-31 18:00:32.777  4037  4037 E ImsPhoneCallTracker: [ImsPhoneCallTracker] getImsService: com.android.ims.ImsException: Binder is not active!(106)
12-31 18:00:32.777  4037  4037 I ImsManager: Creating ImsService using ImsResolver
12-31 18:00:32.778  4037  4037 W ImsManager: getServiceProxy: b is null! Phone Id: 0
12-31 18:00:32.778  4037  4037 E ImsPhoneCallTracker: [ImsPhoneCallTracker] getImsService: Retrying getting ImsService...
12-31 18:00:32.778  4037  4037 D QtiGsmDCT: [0]QtiDcTracker handleMessage msg={ when=-653ms what=270377 obj=android.os.AsyncResult@1c508e5 target=com.qualcomm.qti.internal.telephony.dataconnection.QtiDcTracker }
12-31 18:00:32.778  4037  4037 D ImsPhone: handleMessage what=56
12-31 18:00:32.778  4037  4037 D ImsPhone: EVENT_DEFAULT_PHONE_DATA_STATE_CHANGED
12-31 18:00:32.778  4037  4037 D ImsPhone: updateDataServiceState: defSs = {mVoiceRegState=1(OUT_OF_SERVICE), mDataRegState=1(OUT_OF_SERVICE), mVoiceRoamingType=home, mDataRoamingType=home, mVoiceOperatorAlphaLong=null, mVoiceOperatorAlphaShort=null, mDataOperatorAlphaLong=null, mDataOperatorAlphaShort=null, isManualNetworkSelection=false(automatic), mRilVoiceRadioTechnology=0(Unknown), mRilDataRadioTechnology=0(Unknown), mCssIndicator=unsupported, mNetworkId=-1, mSystemId=-1, mCdmaRoamingIndicator=-1, mCdmaDefaultRoamingIndicator=-1, mIsEmergencyOnly=false, mIsDataRoamingFromRegistration=false, mIsUsingCarrierAggregation=false, mLteEarfcnRsrpBoost=0} imsSs = {mVoiceRegState=1(OUT_OF_SERVICE), mDataRegState=1(OUT_OF_SERVICE), mVoiceRoamingType=home, mDataRoamingType=home, mVoiceOperatorAlphaLong=null, mVoiceOperatorAlphaShort=null, mDataOperatorAlphaLong=null, mDataOperatorAlphaShort=null, isManualNetworkSelection=false(automatic), mRilVoiceRadioTechnology=0(Unknown), mRilDataRadioTechnology=0(Unknown), mCssIndicator=unsupported, mNetworkId=-1, mSystemId=-1, mCdmaRoamingIndicator=-1, mCdmaDefaultRoamingIndicator=-1, mIsEmergencyOnly=false, mIsDataRoamingFromRegistration=false, mIsUsingCarrierAggregation=false, mLteEarfcnRsrpBoost=0}
12-31 18:00:32.779  4037  4037 D TelephonyNetworkFactory[0]: onActivePhoneSwitch(false, false)
12-31 18:00:32.779  4037  4037 D TelephonyNetworkFactory[0]: onSubIdChange -1->2147483643
12-31 18:00:32.780  4037  4037 D TelephonyNetworkFactory[0]: got request NetworkRequest [ TRACK_DEFAULT id=3, [ Capabilities: INTERNET&NOT_RESTRICTED&TRUSTED&NOT_VPN] ] with score 0
12-31 18:00:32.780  4037  4037 D TelephonyNetworkFactory[0]: got request NetworkRequest [ TRACK_DEFAULT id=6, [ Capabilities: INTERNET&NOT_RESTRICTED&TRUSTED&NOT_VPN] ] with score 0
12-31 18:00:32.782  4037  4037 D TelephonyNetworkFactory[0]: got request NetworkRequest [ BACKGROUND_REQUEST id=2, [ Transports: CELLULAR Capabilities: INTERNET&NOT_RESTRICTED&TRUSTED&NOT_VPN] ] with score 0
12-31 18:00:32.783  4037  4037 D TelephonyNetworkFactory[0]: got request NetworkRequest [ TRACK_DEFAULT id=9, [ Capabilities: INTERNET&NOT_RESTRICTED&TRUSTED&NOT_VPN] ] with score 0
12-31 18:00:32.783  4037  4037 D TelephonyNetworkFactory[0]: got request NetworkRequest [ REQUEST id=1, [ Capabilities: INTERNET&NOT_RESTRICTED&TRUSTED&NOT_VPN] ] with score 0
12-31 18:00:32.783  4037  4037 E QtiUiccCardProvisioner: Error: Invalid card index EVENT_ICC_CHANGED 
12-31 18:00:32.783  4037  4037 D DebugService: DebugService DebugService:
12-31 18:00:32.809  4037  4037 D SipService: SipService: started!
12-31 18:00:32.815  4037  4037 D SipService: start:
12-31 18:00:32.847  4037  4037 D QtiSubscriptionController: getPhoneId, received dummy subId 2147483643
12-31 18:00:32.849  4037  4037 D RILJ    : [3682]> RIL_REQUEST_QUERY_TTY_MODE [SUB0]
12-31 18:00:32.850  4037  4037 D CAT     : com.android.stk.StkAppService: onCreate()+
12-31 18:00:32.850  4037  4037 D CAT     : com.android.stk.StkAppService: simCount: 1
12-31 18:00:32.850  4037  4037 D CAT     : com.android.stk.StkAppService: slotId: 0
12-31 18:00:32.852  4037  4037 D CAT     : com.android.stk.StkAppService: onStart sim id: 0, op: 11, *****
12-31 18:00:32.852  4037  4037 D CAT     : com.android.stk.StkAppService: mStkService is: -1
12-31 18:00:32.853  4037  4037 D CAT     : StkAppInstaller: [setAppState]+
12-31 18:00:32.853  4037  4037 D CAT     : StkAppInstaller: Change app state[false]
12-31 18:00:32.854  4037  4037 D CAT     : StkAppInstaller: [setAppState]-
12-31 18:00:32.877  4037  4469 D RILJ    : [3682]< RIL_REQUEST_QUERY_TTY_MODE {0} [SUB0]
12-31 18:00:32.903  4037  4037 D SubscriptionController: [getActiveSubInfoList] Sub Controller not ready
12-31 18:00:32.909  3384  4732 D TelephonyRegistry: listen oscl: hasNotifySubscriptionInfoChangedOccurred==false no callback
12-31 18:00:32.924  4037  4064 D SubscriptionController: [getPhoneId]- invalid subId return=-1
12-31 18:00:32.942  2851  3154 E RILQ    : (0/2851): RIL[0][(2851,3154)] processRequest: ImsRadioImpl::processRequest - Error 0
12-31 18:00:32.952  4037  4064 D QtiSubscriptionController: getPhoneId, received dummy subId 2147483643
12-31 18:00:32.961  4037  4064 D QtiSubscriptionController: getPhoneId, received dummy subId 2147483643
12-31 18:00:32.999  4037  4037 D QtiGsmCdmaPhone: handleMessage: Event: 50
12-31 18:00:32.999  4037  4037 D QtiGsmCdmaPhone: EVENT_OEM_HOOK_SERVICE_READY received
12-31 18:00:32.999  4037  4037 D SubscriptionController: [getPhoneId]- invalid subId return=-1
12-31 18:00:32.999  4037  4037 D PhoneSwitcher: handle event - 111
12-31 18:00:33.009  4037  4037 D use-Rlog/RLOG-QC_RIL_OEM_HOOK: sendOemRilRequestRaw returns value = 1
12-31 18:00:33.010  4037  4037 I QtiRilInterface: getMaxDataAllowed maxData = 2 exception: null
12-31 18:00:33.014  4037  4037 D use-Rlog/RLOG-QC_RIL_OEM_HOOK: sendOemRilRequestRaw returns value = 1
12-31 18:00:33.014  4037  4037 I QtiRilInterface: getLpluslSupportStatus: true exception: null
12-31 18:00:33.014  4037  4037 D QtiDdsSwitchController: updateLplusLStatus - status: true
12-31 18:00:33.014  4037  4037 D QtiDdsSwitchController: Register for call state change on phone: 0
12-31 18:00:33.015  4037  4037 D QtiUiccCardProvisioner:  query  provision info, card state[0] = CARDSTATE_ABSENT
12-31 18:00:33.015  4037  4037 D QtiGsmCdmaPhone: handleMessage: Event: 35
12-31 18:00:33.015  4037  4037 D QtiRadioCapabilityController:  radioCapabilityUpdated phoneId[0] rc = {mPhoneId = 0 mVersion=1 mSession=0 mPhase=0 mRadioAccessFamily=81928 mLogicModemId=0 mStatus=1}
12-31 18:00:33.015  4037  4037 D GsmCdmaPhone: EVENT_GET_RADIO_CAPABILITY: phone rc: {mPhoneId = 0 mVersion=1 mSession=0 mPhase=0 mRadioAccessFamily=81928 mLogicModemId=0 mStatus=1}
12-31 18:00:33.015  4037  4037 D QtiGsmCdmaPhone: handleMessage: Event: 6
12-31 18:00:33.015  4037  4037 D GsmCdmaPhone: [GsmCdmaPhone] Baseband version: 660_GEN_PACK-1.153823.1.154414.1
12-31 18:00:33.017  4037  4037 D QtiGsmCdmaPhone: handleMessage: Event: 21
12-31 18:00:33.017  4037  4037 D UiccController: Received EVENT_GET_ICC_STATUS_DONE
12-31 18:00:33.018  4037  4037 D UiccCard: Creating
12-31 18:00:33.018  4037  4037 D UiccCard: 1 applications
12-31 18:00:33.018  4037  4037 D UiccCardApplication: Creating UiccApp: {APPTYPE_USIM,APPSTATE_READY,pin1=PINSTATE_DISABLED,pin2=PINSTATE_ENABLED_NOT_VERIFIED}
12-31 18:00:33.021  4037  4037 W CarrierTestOverride: Can not open /data/user_de/0/com.android.phone/files/carrier_test_conf.xml
12-31 18:00:33.023  4037  4037 W VoiceMailConstants: Can't open /system/etc/voicemail-conf.xml
12-31 18:00:33.024  4037  4037 D SpnOverride: No SPN in OEM image = /oem/telephony/spn-conf.xml Load SPN from system image
12-31 18:00:33.027  4037  4037 D SIMRecords: [SIMRecords] setting0 mMncLength-1
12-31 18:00:33.027  4037  4037 D SIMRecords: [SIMRecords] SIMRecords: onRadioOffOrNotAvailable set 'gsm.sim.operator.numeric' to operator=null
12-31 18:00:33.027  4037  4037 D SIMRecords: [SIMRecords] update icc_operator_numeric=null
12-31 18:00:33.027  4037  4037 D TelephonyManager: setTelephonyProperty: success phoneId=0 property=gsm.sim.operator.numeric value:  propVal=
12-31 18:00:33.035  4037  4037 D TelephonyManager: setTelephonyProperty: success phoneId=0 property=gsm.sim.operator.alpha value:  propVal=
12-31 18:00:33.037  4037  4037 D TelephonyManager: setTelephonyProperty: success phoneId=0 property=gsm.sim.operator.iso-country value:  propVal=
12-31 18:00:33.038  4037  4037 D UiccCardApplication: Notifying 1 registrant: READY
12-31 18:00:33.039  4037  4037 D SIMRecords: [SIMRecords] getOperatorNumeric: IMSI == null
12-31 18:00:33.039  4037  4037 D SIMRecords: [SIMRecords] SIMRecords X ctor this=SimRecords: mDestroyed=false mContext=com.android.phone.PhoneGlobals@d4cddc5 mCi=com.qualcomm.qti.internal.telephony.QtiRIL@70b371c mFh=Handler (com.android.internal.telephony.uicc.UsimFileHandler) {aaa31a} mParentApp=com.android.internal.telephony.uicc.UiccCardApplication@6758e4b recordsLoadedRegistrants=android.os.RegistrantList@a6aa028 mImsiReadyRegistrants=android.os.RegistrantList@3229141 mRecordsEventsRegistrants=android.os.RegistrantList@73fd6e6 mNewSmsRegistrants=android.os.RegistrantList@58cc427 mNetworkSelectionModeAutomaticRegistrants=android.os.RegistrantList@ddd96d4 recordsToLoad=0 adnCache=Handler (com.android.internal.telephony.uicc.AdnRecordCache) {746007d} recordsRequested=false iccid=null msisdnTag=null voiceMailNum=null voiceMailTag=null voiceMailNum=null newVoiceMailTag=null isVoiceMailFixed=false mImsi=null mncLength=-1 mailboxIndex=0 spn=null mVmConfigcom.android.internal.telephony.uicc.VoiceMailConstants@aa27b72 mSpnOverride=com.android.internal.telephony.uicc.SpnOverride@4f77bc3 callForwardingEnabled=0 spnState=null mCphsInfo=null mCspPlmnEnabled=true efMWIS=null efCPHS_MWI=null mEfCff=null mEfCfis=null getOperatorNumeric=null
12-31 18:00:33.043  4037  4037 D RILJ    : [3683]> QUERY_FACILITY_LOCK facility = FD serviceClass = 7 appId = a0000000871002ff86ffff89ffffffff [SUB0]
12-31 18:00:33.044  4037  4037 D RILJ    : [3684]> QUERY_FACILITY_LOCK facility = SC serviceClass = 7 appId = a0000000871002ff86ffff89ffffffff [SUB0]
12-31 18:00:33.049  4037  4469 D RILJ    : [3684]< QUERY_FACILITY_LOCK {0} [SUB0]
12-31 18:00:33.068  4037  4469 D RILJ    : [3683]< QUERY_FACILITY_LOCK {0} [SUB0]
12-31 18:00:33.074  4037  4037 D CAT     : CatService: registerForRecordsLoaded slotid=0 instance:Handler (com.android.internal.telephony.cat.CatService) {679c235}
12-31 18:00:33.075  4037  4037 D CAT     : CatService: Running CAT service on Slotid: 0. STK app installed:true
12-31 18:00:33.075  4037  4037 D UiccCard: Before privilege rules: null : CARDSTATE_PRESENT
12-31 18:00:33.076  4037  4037 D RILJ    : [3685]> RIL_REQUEST_SIM_OPEN_CHANNEL aid = A00000015141434C00 p2 = 0 [SUB0]
12-31 18:00:33.077  4037  4037 D UiccCard: update: radioState=RADIO_ON mLastRadioState=RADIO_UNAVAILABLE
12-31 18:00:33.077  4037  4037 D UiccController: Notifying IccChangedRegistrants
12-31 18:00:33.115  4037  4469 D RILJ    : [3685]< RIL_REQUEST_SIM_OPEN_CHANNEL error 17 [SUB0]
12-31 18:00:33.116  4037  4469 D RilRequest: [3685]< RIL_REQUEST_SIM_OPEN_CHANNEL error: com.android.internal.telephony.CommandException: NO_SUCH_ELEMENT ret=
12-31 18:00:33.139  4037  4037 D QtiGsmCdmaPhone: handleMessage: Event: 37
12-31 18:00:33.139  4037  4037 D SST     : EVENT_POLL_STATE_NETWORK_SELECTION_MODE
12-31 18:00:33.139  4037  4037 D SST     : handlPollStateResultMessage: GsmSST setDataRegState=1 regState=2 dataRadioTechnology=0
12-31 18:00:33.139  4037  4037 D SST     : handlPollVoiceRegResultMessage: regState=2 radioTechnology=0
12-31 18:00:33.139  4037  4037 D SST     : EVENT_POLL_STATE_NETWORK_SELECTION_MODE
12-31 18:00:33.147  4037  4037 D QtiSubscriptionController: getPhoneId, received dummy subId 2147483643
12-31 18:00:33.147  4037  4037 D SST     : Poll ServiceState done:  oldSS=[{mVoiceRegState=1(OUT_OF_SERVICE), mDataRegState=1(OUT_OF_SERVICE), mVoiceRoamingType=home, mDataRoamingType=home, mVoiceOperatorAlphaLong=null, mVoiceOperatorAlphaShort=null, mDataOperatorAlphaLong=null, mDataOperatorAlphaShort=null, isManualNetworkSelection=false(automatic), mRilVoiceRadioTechnology=0(Unknown), mRilDataRadioTechnology=0(Unknown), mCssIndicator=unsupported, mNetworkId=-1, mSystemId=-1, mCdmaRoamingIndicator=-1, mCdmaDefaultRoamingIndicator=-1, mIsEmergencyOnly=false, mIsDataRoamingFromRegistration=false, mIsUsingCarrierAggregation=false, mLteEarfcnRsrpBoost=0}] newSS=[{mVoiceRegState=1(OUT_OF_SERVICE), mDataRegState=1(OUT_OF_SERVICE), mVoiceRoamingType=home, mDataRoamingType=home, mVoiceOperatorAlphaLong=, mVoiceOperatorAlphaShort=, mDataOperatorAlphaLong=, mDataOperatorAlphaShort=, isManualNetworkSelection=false(automatic), mRilVoiceRadioTechnology=0(Unknown), mRilDataRadioTechnology=0(Unknown), mCssIndicator=unsupported, mNetworkId=-1, mSystemId=-1, mCdmaRoamingIndicator=-1, mCdmaDefaultRoamingIndicator=-1, mIsEmergencyOnly=false, mIsDataRoamingFromRegistration=false, mIsUsingCarrierAggregation=false, mLteEarfcnRsrpBoost=0}] oldMaxDataCalls=1 mNewMaxDataCalls=20 oldReasonDataDenied=-1 mNewReasonDataDenied=0
12-31 18:00:33.148  4037  4037 D SST     : pollStateDone: hasRegistered=false hasDeregistered=false hasDataAttached=false hasDataDetached=false hasDataRegStateChanged=false hasRilVoiceRadioTechnologyChanged= false hasRilDataRadioTechnologyChanged=false hasChanged=true hasVoiceRoamingOn=false hasVoiceRoamingOff=false hasDataRoamingOn=false hasDataRoamingOff=false hasLocationChanged=false has4gHandoff = false hasMultiApnSupport=false hasLostMultiApnSupport=false
12-31 18:00:33.148  4037  4037 D SST     : updateSpnDisplay: radio is on but out of service, set plmn='Servis yok'
12-31 18:00:33.149  4037  4037 D SST     : updateSpnDisplay: changed sending intent rule=0 showPlmn='true' plmn='Servis yok' showSpn='false' spn='' dataSpn='' subId='2147483643'
12-31 18:00:33.154  4037  4037 D SubscriptionController: [setCarrierText]+ text:Servis yok subId:2147483643
12-31 18:00:33.154  4037  4064 D SubscriptionController: [getActiveSubInfoList] Sub Controller not ready
12-31 18:00:33.168  4037  4037 D SubscriptionController: notifySubscriptionInfoChanged:
12-31 18:00:33.168  3384  3985 D TelephonyRegistry: notifySubscriptionInfoChanged: first invocation mRecords.size=24
12-31 18:00:33.172  4037  4477 D QtiSubscriptionController: getPhoneId, received dummy subId 2147483643
12-31 18:00:33.172  4037  4064 D SubscriptionController: [getActiveSubInfoList] Sub Controller not ready
12-31 18:00:33.172  4037  4817 D SubscriptionController: [getActiveSubInfoList] Sub Controller not ready
12-31 18:00:33.172  4037  4477 D SubscriptionController: [getAllSubInfoList]+
12-31 18:00:33.174  4037  4817 D SubscriptionController: [getActiveSubInfoList] Sub Controller not ready
12-31 18:00:33.175  4037  4064 D SubscriptionController: [getActiveSubInfoList] Sub Controller not ready
12-31 18:00:33.181  4037  4064 D SubscriptionController: [getActiveSubInfoList] Sub Controller not ready
12-31 18:00:33.184  4037  4037 D TelephonyManager: setTelephonyProperty: success phoneId=0 property=gsm.operator.alpha value:  propVal=
12-31 18:00:33.185  4037  4037 D TelephonyManager: setTelephonyProperty: success phoneId=0 property=gsm.operator.numeric value:  propVal=
12-31 18:00:33.186  4037  4037 D SST     : operatorNumeric  is invalid
12-31 18:00:33.186  4037  4037 D TelephonyManager: setTelephonyProperty: success phoneId=0 property=gsm.operator.iso-country value:  propVal=
12-31 18:00:33.188  4037  4037 D TelephonyManager: setTelephonyProperty: success phoneId=0 property=gsm.operator.isroaming value: false propVal=false
12-31 18:00:33.189  4037  4037 D SST     : Broadcasting ServiceState : {mVoiceRegState=1(OUT_OF_SERVICE), mDataRegState=1(OUT_OF_SERVICE), mVoiceRoamingType=home, mDataRoamingType=home, mVoiceOperatorAlphaLong=, mVoiceOperatorAlphaShort=, mDataOperatorAlphaLong=, mDataOperatorAlphaShort=, isManualNetworkSelection=false(automatic), mRilVoiceRadioTechnology=0(Unknown), mRilDataRadioTechnology=0(Unknown), mCssIndicator=unsupported, mNetworkId=-1, mSystemId=-1, mCdmaRoamingIndicator=-1, mCdmaDefaultRoamingIndicator=-1, mIsEmergencyOnly=false, mIsDataRoamingFromRegistration=false, mIsUsingCarrierAggregation=false, mLteEarfcnRsrpBoost=0}
12-31 18:00:33.189  4037  4037 D DefaultPhoneNotifier: nofityServiceState: mRegistry=com.android.internal.telephony.ITelephonyRegistry$Stub$Proxy@70c0a6f ss={mVoiceRegState=1(OUT_OF_SERVICE), mDataRegState=1(OUT_OF_SERVICE), mVoiceRoamingType=home, mDataRoamingType=home, mVoiceOperatorAlphaLong=, mVoiceOperatorAlphaShort=, mDataOperatorAlphaLong=, mDataOperatorAlphaShort=, isManualNetworkSelection=false(automatic), mRilVoiceRadioTechnology=0(Unknown), mRilDataRadioTechnology=0(Unknown), mCssIndicator=unsupported, mNetworkId=-1, mSystemId=-1, mCdmaRoamingIndicator=-1, mCdmaDefaultRoamingIndicator=-1, mIsEmergencyOnly=false, mIsDataRoamingFromRegistration=false, mIsUsingCarrierAggregation=false, mLteEarfcnRsrpBoost=0} sender=Handler (com.qualcomm.qti.internal.telephony.QtiGsmCdmaPhone) {c28737c} phondId=0 subId=2147483643
12-31 18:00:33.193  4037  4037 D QtiSubscriptionController: getPhoneId, received dummy subId 2147483643
12-31 18:00:33.197  4037  4877 D QtiSubscriptionController: getPhoneId, received dummy subId 2147483643
12-31 18:00:33.204  4037  4477 D SubscriptionController: [getAllSubInfoList]- no info return
12-31 18:00:33.216  4037  4037 D QtiGsmCdmaPhone: handleMessage: Event: 34
12-31 18:00:33.218  4037  4037 D use-Rlog/RLOG-QC_RIL_OEM_HOOK: Received Broadcast Intent ACTION_UNSOL_RESPONSE_OEM_HOOK_RAW
12-31 18:00:33.218  4037  4037 D use-Rlog/RLOG-QC_RIL_OEM_HOOK: Oem ID in QCRILHOOK UNSOL RESP is QOEMHOOK
12-31 18:00:33.218  4037  4037 D SST     : pollState: modemTriggered=true
12-31 18:00:33.219  4037  4037 D RILJ    : [3686]> OPERATOR [SUB0]
12-31 18:00:33.221  4037  4469 D RILJ    : [3686]< OPERATOR {, , } [SUB0]
12-31 18:00:33.222  4037  4037 D RILJ    : [3687]> DATA_REGISTRATION_STATE [SUB0]
12-31 18:00:33.223  4037  4037 D RILJ    : [3688]> VOICE_REGISTRATION_STATE [SUB0]
12-31 18:00:33.223  2851  3078 I RILQ    : (0/2851):RIL[0][(2851,3078)] qcril_qmi_nas_reset_data_snapshot_cache_and_timer: Resetting snapshot timer
12-31 18:00:33.223  4037  4037 D RILJ    : [3689]> QUERY_NETWORK_SELECTION_MODE [SUB0]
12-31 18:00:33.225  4037  4469 D RILJ    : [3687]< DATA_REGISTRATION_STATE {.regState = NOT_REG_MT_SEARCHING_OP, .rat = 0, .reasonDataDenied = 0, .maxDataCalls = 20, .cellIdentity = {.cellInfoType = NONE, .cellIdentityGsm = [], .cellIdentityWcdma = [], .cellIdentityCdma = [], .cellIdentityLte = [], .cellIdentityTdscdma = []}} [SUB0]
12-31 18:00:33.228  4037  4037 D QtiSubscriptionController: getPhoneId, received dummy subId 2147483643
12-31 18:00:33.233  4037  4037 D QtiSubscriptionController: getPhoneId, received dummy subId 2147483643
12-31 18:00:33.234  3384  4732 W SignalStrength: isWCDMA tech=0
12-31 18:00:33.235  4037  4037 D SST     : pollState: modemTriggered=true
12-31 18:00:33.235  4037  4037 D RILJ    : [3690]> OPERATOR [SUB0]
12-31 18:00:33.236  4037  4037 D RILJ    : [3691]> DATA_REGISTRATION_STATE [SUB0]
12-31 18:00:33.237  4037  4037 D RILJ    : [3692]> VOICE_REGISTRATION_STATE [SUB0]
12-31 18:00:33.238  4037  4037 D RILJ    : [3693]> QUERY_NETWORK_SELECTION_MODE [SUB0]
12-31 18:00:33.239  4037  4037 D QtiGsmCdmaPhone: handleMessage: Event: 34
12-31 18:00:33.240  4037  4037 D use-Rlog/RLOG-QC_RIL_OEM_HOOK: Received Broadcast Intent ACTION_UNSOL_RESPONSE_OEM_HOOK_RAW
12-31 18:00:33.240  4037  4037 D use-Rlog/RLOG-QC_RIL_OEM_HOOK: Oem ID in QCRILHOOK UNSOL RESP is QOEMHOOK
12-31 18:00:33.240  4037  4037 D SST     : mDeviceShuttingDown=false, mDesiredPowerState=true, getRadioState=RADIO_ON, mPowerOffDelayNeed=true, mAlarmSwitch=false, mRadioDisabledByCarrier=false
12-31 18:00:33.241  4037  4037 D SST     : pollState: modemTriggered=true
12-31 18:00:33.242  4037  4037 D RILJ    : [3694]> OPERATOR [SUB0]
12-31 18:00:33.243  4037  4037 D RILJ    : [3695]> DATA_REGISTRATION_STATE [SUB0]
12-31 18:00:33.244  2851  3078 I RILQ    : (0/2851):RIL[0][(2851,3078)] qcril_qmi_nas_reset_data_snapshot_cache_and_timer: Resetting snapshot timer
12-31 18:00:33.246  4037  4037 D RILJ    : [3696]> VOICE_REGISTRATION_STATE [SUB0]
12-31 18:00:33.247  4037  4037 D RILJ    : [3697]> QUERY_NETWORK_SELECTION_MODE [SUB0]
12-31 18:00:33.247  4037  4469 D RILJ    : [3688]< VOICE_REGISTRATION_STATE {.regState = NOT_REG_MT_SEARCHING_OP, .rat = 0, .cssSupported = false, .roamingIndicator = -1, .systemIsInPrl = -1, .defaultRoamingIndicator = -1, .reasonForDenial = 0, .cellIdentity = {.cellInfoType = NONE, .cellIdentityGsm = [], .cellIdentityWcdma = [], .cellIdentityCdma = [], .cellIdentityLte = [], .cellIdentityTdscdma = []}} [SUB0]
12-31 18:00:33.248  4037  4037 D RILJ    : [3698]> GET_CURRENT_CALLS [SUB0]
12-31 18:00:33.248  4037  4469 D RILJ    : [3689]< QUERY_NETWORK_SELECTION_MODE {0} [SUB0]
12-31 18:00:33.249  4037  4037 D RILJ    : [3699]> RIL_REQUEST_IMS_REGISTRATION_STATE [SUB0]
12-31 18:00:33.250  4037  4469 D RILJ    : [3690]< OPERATOR {, , } [SUB0]
12-31 18:00:33.251  4037  4037 D RILJ    : [3700]> RIL_REQUEST_CDMA_GET_SUBSCRIPTION_SOURCE [SUB0]
12-31 18:00:33.251  4037  4037 D IccCardProxy: setExternalState: !override and newstate unchanged from UNKNOWN
12-31 18:00:33.251  4037  4037 D QtiGsmCdmaPhone: handleMessage: Event: 5
12-31 18:00:33.251  4037  4037 D CdmaSSM : getcdmasubscriptionSource: 0
12-31 18:00:33.251  4037  4037 D QtiGsmCdmaPhone:  mCdmaNVSubscriptionSource:  -1 newSubscriptionSource:  0
12-31 18:00:33.251  4037  4037 E QtiGsmCdmaPhone:  handleNVChanged: isNVReady: false
12-31 18:00:33.251  4037  4037 D QtiSubscriptionInfoUpdater: updateNVRecord, isNVReady: false slotId: 0
12-31 18:00:33.251  4037  4037 D GsmCdmaPhone: [GsmCdmaPhone] Event EVENT_RADIO_ON Received
12-31 18:00:33.252  4037  4851 D QtiSubscriptionInfoUpdater:  handleMessage: EVENT:  101
12-31 18:00:33.253  4037  4851 D SubscriptionController: [getSubInfoUsingSlotIndexWithCheck]+ slotIndex:0
12-31 18:00:33.254  4037  4037 D RILJ    : [3701]> RIL_REQUEST_VOICE_RADIO_TECH [SUB0]
12-31 18:00:33.258  4037  4037 D SubscriptionController: [getPhoneId]- invalid subId return=-1
12-31 18:00:33.258  4037  4037 D PhoneSwitcher: handle event - 103
12-31 18:00:33.259  4037  4037 D SubscriptionController: [getPhoneId]- invalid subId return=-1
12-31 18:00:33.259  4037  4037 D PhoneSwitcher: evaluating due to netRequest phone[0] 0->2147483643
12-31 18:00:33.260  4037  4037 D SubscriptionController: [getPhoneId]- invalid subId return=-1
12-31 18:00:33.260  4037  4037 D PhoneSwitcher: InformDdsToRil rild= 0, DDS=-1
12-31 18:00:33.260  4037  4037 D use-Rlog/RLOG-QC_RIL_OEM_HOOK: dds phoneId: -1 reason: 0
12-31 18:00:33.261  2851  3078 I RILQ    : (0/2851):RIL[0][(2851,3078)] qcril_qmi_nas_reset_data_snapshot_cache_and_timer: Resetting snapshot timer
12-31 18:00:33.263  4037  4469 D RILJ    : [3691]< DATA_REGISTRATION_STATE {.regState = NOT_REG_MT_SEARCHING_OP, .rat = 0, .reasonDataDenied = 0, .maxDataCalls = 20, .cellIdentity = {.cellInfoType = NONE, .cellIdentityGsm = [], .cellIdentityWcdma = [], .cellIdentityCdma = [], .cellIdentityLte = [], .cellIdentityTdscdma = []}} [SUB0]
12-31 18:00:33.280  2851  3078 I RILQ    : (0/2851):RIL[0][(2851,3078)] qcril_qmi_nas_reset_data_snapshot_cache_and_timer: Resetting snapshot timer
12-31 18:00:33.281  2851  5081 E RILC    : responseInt: Invalid response
12-31 18:00:33.282  4037  4469 D RILJ    : [3700]< RIL_REQUEST_CDMA_GET_SUBSCRIPTION_SOURCE error 6 [SUB0]
12-31 18:00:33.282  4037  4469 D RilRequest: [3700]< RIL_REQUEST_CDMA_GET_SUBSCRIPTION_SOURCE error: com.android.internal.telephony.CommandException: REQUEST_NOT_SUPPORTED ret={-1}
12-31 18:00:33.284  4037  4037 D use-Rlog/RLOG-QC_RIL_OEM_HOOK: sendOemRilRequestRaw returns value = 0
12-31 18:00:33.284  4037  4037 D SubscriptionController: [getPhoneId]- invalid subId return=-1
12-31 18:00:33.285  4037  4037 D PhoneSwitcher: handle event - 103
12-31 18:00:33.285  4037  4469 D RILJ    : [3692]< VOICE_REGISTRATION_STATE {.regState = NOT_REG_MT_SEARCHING_OP, .rat = 0, .cssSupported = false, .roamingIndicator = -1, .systemIsInPrl = -1, .defaultRoamingIndicator = -1, .reasonForDenial = 0, .cellIdentity = {.cellInfoType = NONE, .cellIdentityGsm = [], .cellIdentityWcdma = [], .cellIdentityCdma = [], .cellIdentityLte = [], .cellIdentityTdscdma = []}} [SUB0]
12-31 18:00:33.285  4037  4469 D RILJ    : [3693]< QUERY_NETWORK_SELECTION_MODE {0} [SUB0]
12-31 18:00:33.285  4037  4469 D RILJ    : [3694]< OPERATOR {, , } [SUB0]
12-31 18:00:33.285  4037  4037 D SubscriptionController: [getPhoneId]- invalid subId return=-1
12-31 18:00:33.286  2851  3078 I RILQ    : (0/2851):RIL[0][(2851,3078)] qcril_qmi_nas_reset_data_snapshot_cache_and_timer: Resetting snapshot timer
12-31 18:00:33.287  4037  4037 D PhoneSwitcher: evaluating due to netRequest
12-31 18:00:33.288  4037  4037 D SubscriptionController: [getPhoneId]- invalid subId return=-1
12-31 18:00:33.289  4037  4037 D PhoneSwitcher: InformDdsToRil rild= 0, DDS=-1
12-31 18:00:33.289  4037  4469 D RILJ    : [3695]< DATA_REGISTRATION_STATE {.regState = NOT_REG_MT_SEARCHING_OP, .rat = 0, .reasonDataDenied = 0, .maxDataCalls = 20, .cellIdentity = {.cellInfoType = NONE, .cellIdentityGsm = [], .cellIdentityWcdma = [], .cellIdentityCdma = [], .cellIdentityLte = [], .cellIdentityTdscdma = []}} [SUB0]
12-31 18:00:33.289  4037  4037 D use-Rlog/RLOG-QC_RIL_OEM_HOOK: dds phoneId: -1 reason: 0
12-31 18:00:33.300  4037  4469 D RILJ    : [3698]< GET_CURRENT_CALLS {} [SUB0]
12-31 18:00:33.315  2851  3078 E RILC    : getImsRegistrationStateResponse Invalid response: NULL
12-31 18:00:33.315  4037  4469 D RILJ    : [3699]< RIL_REQUEST_IMS_REGISTRATION_STATE error 46 [SUB0]
12-31 18:00:33.315  4037  4469 D RilRequest: [3699]< RIL_REQUEST_IMS_REGISTRATION_STATE error: com.android.internal.telephony.CommandException: INVALID_MODEM_STATE ret={0, 0}
12-31 18:00:33.316  4037  4469 D RILJ    : [3701]< RIL_REQUEST_VOICE_RADIO_TECH {3} [SUB0]
12-31 18:00:33.322  2851  3078 I RILQ    : (0/2851):RIL[0][(2851,3078)] qcril_qmi_nas_reset_data_snapshot_cache_and_timer: Resetting snapshot timer
12-31 18:00:33.326  4037  4851 D SubscriptionController: [getSubInfoUsingSlotIndex]- null info return
12-31 18:00:33.329  4037  4037 D use-Rlog/RLOG-QC_RIL_OEM_HOOK: sendOemRilRequestRaw returns value = 0
12-31 18:00:33.330  4037  4037 D SubscriptionController: [getPhoneId]- invalid subId return=-1
12-31 18:00:33.330  4037  4037 D PhoneSwitcher: handle event - 103
12-31 18:00:33.330  4037  4037 D SubscriptionController: [getPhoneId]- invalid subId return=-1
12-31 18:00:33.331  4037  4037 D PhoneSwitcher: evaluating due to netRequest
12-31 18:00:33.331  4037  4037 D SubscriptionController: [getPhoneId]- invalid subId return=-1
12-31 18:00:33.331  4037  4037 D PhoneSwitcher: InformDdsToRil rild= 0, DDS=-1
12-31 18:00:33.331  4037  4037 D use-Rlog/RLOG-QC_RIL_OEM_HOOK: dds phoneId: -1 reason: 0
12-31 18:00:33.338  4037  4469 D RILJ    : [3696]< VOICE_REGISTRATION_STATE {.regState = NOT_REG_MT_SEARCHING_OP, .rat = 0, .cssSupported = false, .roamingIndicator = -1, .systemIsInPrl = -1, .defaultRoamingIndicator = -1, .reasonForDenial = 0, .cellIdentity = {.cellInfoType = NONE, .cellIdentityGsm = [], .cellIdentityWcdma = [], .cellIdentityCdma = [], .cellIdentityLte = [], .cellIdentityTdscdma = []}} [SUB0]
12-31 18:00:33.338  4037  4037 D use-Rlog/RLOG-QC_RIL_OEM_HOOK: sendOemRilRequestRaw returns value = 0
12-31 18:00:33.339  4037  4037 D SubscriptionController: [getPhoneId]- invalid subId return=-1
12-31 18:00:33.339  4037  4037 D PhoneSwitcher: handle event - 103
12-31 18:00:33.339  4037  4037 D SubscriptionController: [getPhoneId]- invalid subId return=-1
12-31 18:00:33.339  4037  4037 D PhoneSwitcher: evaluating due to netRequest
12-31 18:00:33.340  4037  4469 D RILJ    : [3697]< QUERY_NETWORK_SELECTION_MODE {0} [SUB0]
12-31 18:00:33.340  4037  4037 D SubscriptionController: [getPhoneId]- invalid subId return=-1
12-31 18:00:33.340  4037  4037 D PhoneSwitcher: InformDdsToRil rild= 0, DDS=-1
12-31 18:00:33.343  4037  4037 D use-Rlog/RLOG-QC_RIL_OEM_HOOK: dds phoneId: -1 reason: 0
12-31 18:00:33.352  4019  4019 D use-Rlog/RLOG-QC_RIL_OEM_HOOK: Starting QcrilMsgTunnel Service
12-31 18:00:33.354  4037  4037 D use-Rlog/RLOG-QC_RIL_OEM_HOOK: sendOemRilRequestRaw returns value = 0
12-31 18:00:33.354  4037  4037 D SubscriptionController: [getPhoneId]- invalid subId return=-1
12-31 18:00:33.354  4037  4037 D PhoneSwitcher: handle event - 103
12-31 18:00:33.355  4037  4037 D SubscriptionController: [getPhoneId]- invalid subId return=-1
12-31 18:00:33.355  4037  4037 D PhoneSwitcher: evaluating due to netRequest
12-31 18:00:33.355  4037  4037 D SubscriptionController: [getPhoneId]- invalid subId return=-1
12-31 18:00:33.356  4037  4037 D PhoneSwitcher: InformDdsToRil rild= 0, DDS=-1
12-31 18:00:33.356  4037  4037 D use-Rlog/RLOG-QC_RIL_OEM_HOOK: dds phoneId: -1 reason: 0
12-31 18:00:33.357  4019  4019 D use-Rlog/RLOG-QC_RIL_OEM_HOOK: Attempt to bind service returned with: true
12-31 18:00:33.359  4037  4037 D use-Rlog/RLOG-QC_RIL_OEM_HOOK: sendOemRilRequestRaw returns value = 0
12-31 18:00:33.360  4037  4037 D TelephonyNetworkFactory[0]: not acting - isApp=false, isAct=false NetworkRequest [ TRACK_DEFAULT id=3, [ Capabilities: INTERNET&NOT_RESTRICTED&TRUSTED&NOT_VPN] ]
12-31 18:00:33.360  4037  4037 D TelephonyNetworkFactory[0]: not acting - isApp=false, isAct=false NetworkRequest [ TRACK_DEFAULT id=6, [ Capabilities: INTERNET&NOT_RESTRICTED&TRUSTED&NOT_VPN] ]
12-31 18:00:33.361  4037  4037 D TelephonyNetworkFactory[0]: not acting - isApp=false, isAct=false NetworkRequest [ BACKGROUND_REQUEST id=2, [ Transports: CELLULAR Capabilities: INTERNET&NOT_RESTRICTED&TRUSTED&NOT_VPN] ]
12-31 18:00:33.361  4037  4037 D TelephonyNetworkFactory[0]: not acting - isApp=false, isAct=false NetworkRequest [ TRACK_DEFAULT id=9, [ Capabilities: INTERNET&NOT_RESTRICTED&TRUSTED&NOT_VPN] ]
12-31 18:00:33.361  4019  4019 D use-Rlog/RLOG-QC_RIL_OEM_HOOK: Registering for intent ACTION_UNSOL_RESPONSE_OEM_HOOK_RAW
12-31 18:00:33.364  4037  4037 D TelephonyNetworkFactory[0]: not acting - isApp=false, isAct=false NetworkRequest [ REQUEST id=1, [ Capabilities: INTERNET&NOT_RESTRICTED&TRUSTED&NOT_VPN] ]
12-31 18:00:33.382  4037  4037 D CAT     : com.android.stk.StkAppService: onDestroy()
12-31 18:00:33.387  4037  4037 D QtiRadioCapabilityController: handleRadioCapsAvailable... 
12-31 18:00:33.387  4037  4037 D QtiRadioCapabilityController: updateStackBindingIfRequired
12-31 18:00:33.387  4037  4037 E QtiRadioCapabilityController: No need to update Stack Bindingm prop = nw_mode ph count = 1
12-31 18:00:33.387  4037  4037 D QtiRadioCapabilityController: notifyRadioCapsUpdated: radio caps updated false
12-31 18:00:33.390  4037  4037 D SIMRecords: [SIMRecords] fetchSimRecords 0
12-31 18:00:33.391  4037  4037 D RILJ    : [3702]>  GET_IMSI aid = a0000000871002ff86ffff89ffffffff [SUB0]
12-31 18:00:33.392  4037  4037 D RILJ    : [3703]> iccIO: SIM_IO command = 0xc0 fileId = 0x2fe2 path = 3F00 p1 = 0 p2 = 0 p3 =  data = null aid = a0000000871002ff86ffff89ffffffff [SUB0]
12-31 18:00:33.394  4037  4037 D RILJ    : [3704]> iccIO: SIM_IO command = 0xc0 fileId = 0x6f40 path = 3F007FFF p1 = 0 p2 = 0 p3 =  data = null aid = a0000000871002ff86ffff89ffffffff [SUB0]
12-31 18:00:33.394  4019  4019 D use-Rlog/RLOG-QC_RIL_OEM_HOOK: QcrilMsgTunnelService Connected Successfully (onServiceConnected)
12-31 18:00:33.395  4019  4019 D use-Rlog/RLOG-QC_RIL_OEM_HOOK: Received Broadcast Intent ACTION_UNSOL_RESPONSE_OEM_HOOK_RAW
12-31 18:00:33.395  4019  4019 D use-Rlog/RLOG-QC_RIL_OEM_HOOK: Oem ID in QCRILHOOK UNSOL RESP is QOEMHOOK
12-31 18:00:33.396  4037  4037 D RILJ    : [3705]> iccIO: SIM_IO command = 0xc0 fileId = 0x6fc9 path = 3F007FFF p1 = 0 p2 = 0 p3 =  data = null aid = a0000000871002ff86ffff89ffffffff [SUB0]
12-31 18:00:33.398  4037  4037 D RILJ    : [3706]> iccIO: SIM_IO command = 0xc0 fileId = 0x6fad path = 3F007FFF p1 = 0 p2 = 0 p3 =  data = null aid = a0000000871002ff86ffff89ffffffff [SUB0]
12-31 18:00:33.400  4037  4037 D RILJ    : [3707]> iccIO: SIM_IO command = 0xc0 fileId = 0x6fca path = 3F007FFF p1 = 0 p2 = 0 p3 =  data = null aid = a0000000871002ff86ffff89ffffffff [SUB0]
12-31 18:00:33.401  4037  4037 D RILJ    : [3708]> iccIO: SIM_IO command = 0xc0 fileId = 0x6f11 path = 3F007FFF p1 = 0 p2 = 0 p3 =  data = null aid = a0000000871002ff86ffff89ffffffff [SUB0]
12-31 18:00:33.403  4037  4037 D RILJ    : [3709]> iccIO: SIM_IO command = 0xc0 fileId = 0x6fcb path = 3F007FFF p1 = 0 p2 = 0 p3 =  data = null aid = a0000000871002ff86ffff89ffffffff [SUB0]
12-31 18:00:33.404  4037  4037 D RILJ    : [3710]> iccIO: SIM_IO command = 0xc0 fileId = 0x6f13 path = 3F007FFF p1 = 0 p2 = 0 p3 =  data = null aid = a0000000871002ff86ffff89ffffffff [SUB0]
12-31 18:00:33.405  4037  4037 D RILJ    : [3711]> iccIO: SIM_IO command = 0xc0 fileId = 0x6f46 path = 3F007FFF p1 = 0 p2 = 0 p3 =  data = null aid = a0000000871002ff86ffff89ffffffff [SUB0]
12-31 18:00:33.406  4037  4037 D RILJ    : [3712]> iccIO: SIM_IO command = 0xc0 fileId = 0x6fcd path = 3F007FFF p1 = 0 p2 = 0 p3 =  data = null aid = a0000000871002ff86ffff89ffffffff [SUB0]
12-31 18:00:33.408  4037  4037 D RILJ    : [3713]> iccIO: SIM_IO command = 0xc0 fileId = 0x6fc5 path = 3F007FFF p1 = 0 p2 = 0 p3 =  data = null aid = a0000000871002ff86ffff89ffffffff [SUB0]
12-31 18:00:33.409  4037  4037 D RILJ    : [3714]> iccIO: SIM_IO command = 0xc0 fileId = 0x6f38 path = 3F007FFF p1 = 0 p2 = 0 p3 =  data = null aid = a0000000871002ff86ffff89ffffffff [SUB0]
12-31 18:00:33.410  4037  4037 D RILJ    : [3715]> iccIO: SIM_IO command = 0xc0 fileId = 0x6f16 path = 3F007FFF p1 = 0 p2 = 0 p3 =  data = null aid = a0000000871002ff86ffff89ffffffff [SUB0]
12-31 18:00:33.418  4037  4037 D RILJ    : [3716]> iccIO: SIM_IO command = 0xc0 fileId = 0x6f15 path = 3F007FFF p1 = 0 p2 = 0 p3 =  data = null aid = a0000000871002ff86ffff89ffffffff [SUB0]
12-31 18:00:33.419  4037  4469 D RILJ    : [3702]< GET_IMSI  [SUB0]
12-31 18:00:33.419  4037  4037 D RILJ    : [3717]> iccIO: SIM_IO command = 0xc0 fileId = 0x6f3e path = 3F007FFF p1 = 0 p2 = 0 p3 =  data = null aid = a0000000871002ff86ffff89ffffffff [SUB0]
12-31 18:00:33.420  4037  4037 D RILJ    : [3718]> iccIO: SIM_IO command = 0xc0 fileId = 0x6f3f path = 3F007FFF p1 = 0 p2 = 0 p3 =  data = null aid = a0000000871002ff86ffff89ffffffff [SUB0]
12-31 18:00:33.421  4037  4037 D RILJ    : [3719]> iccIO: SIM_IO command = 0xc0 fileId = 0x6f60 path = 3F007FFF p1 = 0 p2 = 0 p3 =  data = null aid = a0000000871002ff86ffff89ffffffff [SUB0]
12-31 18:00:33.424  4037  4469 D RILJ    : [3703]< SIM_IO IccIoResult sw1:0x90 sw2:0x0 [SUB0]
12-31 18:00:33.425  4037  4037 D RILJ    : [3720]> iccIO: SIM_IO command = 0xc0 fileId = 0x6f61 path = 3F007FFF p1 = 0 p2 = 0 p3 =  data = null aid = a0000000871002ff86ffff89ffffffff [SUB0]
12-31 18:00:33.426  4037  4037 D RILJ    : [3721]> iccIO: SIM_IO command = 0xc0 fileId = 0x6f62 path = 3F007FFF p1 = 0 p2 = 0 p3 =  data = null aid = a0000000871002ff86ffff89ffffffff [SUB0]
12-31 18:00:33.427  4037  4037 D RILJ    : [3722]> iccIO: SIM_IO command = 0xc0 fileId = 0x6fd9 path = 3F007FFF p1 = 0 p2 = 0 p3 =  data = null aid = a0000000871002ff86ffff89ffffffff [SUB0]
12-31 18:00:33.427  4037  4469 D RILJ    : [3704]< SIM_IO IccIoResult sw1:0x90 sw2:0x0 [SUB0]
12-31 18:00:33.428  4037  4037 D RILJ    : [3723]> iccIO: SIM_IO command = 0xc0 fileId = 0x6f7b path = 3F007FFF p1 = 0 p2 = 0 p3 =  data = null aid = a0000000871002ff86ffff89ffffffff [SUB0]
12-31 18:00:33.428  4037  4469 D RILJ    : [3706]< SIM_IO IccIoResult sw1:0x90 sw2:0x0 [SUB0]
12-31 18:00:33.429  4037  4037 D RILJ    : [3724]> iccIO: SIM_IO command = 0xc0 fileId = 0x6f05 path = 3F007FFF p1 = 0 p2 = 0 p3 =  data = null aid = a0000000871002ff86ffff89ffffffff [SUB0]
