07-08 17:11:52.999  1909  1956 I sysui_multi_action: [319,69,322,69,325,1248,757,761,758,9,759,2,806,com.caf.fmradio,871,com.caf.fmradio.FMRadio,904,com.android.launcher3,905,0]
07-08 17:11:53.028  2183  2418 I sysui_multi_action: [757,1093,758,4,793,1986,1094,9437376,1095,5]
07-08 17:11:53.515  1909  1909 I notification_enqueue: [10071,3789,com.google.android.apps.maps,1,NULL,0,Notification(channel=1_foreground_1 pri=2 contentView=com.google.android.apps.maps/0x7f05008d vibrate=null sound=null defaults=0x0 flags=0xa color=0x00000000 groupKey=navigation_status_notification_group vis=PRIVATE),1]
07-08 17:11:53.751  1909  1945 I am_stop_activity: [0,74943016,com.android.launcher3/com.android.searchlauncher.SearchLauncher]
07-08 17:11:53.760  2873  2873 I am_on_stop_called: [0,com.android.searchlauncher.SearchLauncher,handleStopActivity]
07-08 17:11:57.452  2183  2418 I sysui_multi_action: [757,1093,758,4,793,4424,1094,9437376,1095,5]
07-08 17:11:57.950  1909  1944 I am_pss  : [4989,1001,com.qualcomm.simcontacts,4124672,950272,1767424]
07-08 17:11:57.990  1909  1944 I am_pss  : [4972,1000,com.qualcomm.qti.smcinvokepkgmgr,2643968,614400,1504256]
07-08 17:11:58.025  1909  1944 I am_pss  : [4940,1000,com.qualcomm.qti.callenhancement,2720768,675840,1520640]
07-08 17:11:58.059  1909  1944 I am_pss  : [4874,10082,com.qualcomm.qti.StatsPollManager,2582528,614400,1461248]
07-08 17:11:58.465  2183  2418 I sysui_multi_action: [757,1093,758,4,793,1012,1094,9437376,1095,5]
07-08 17:11:59.018  1909  1944 I am_pss  : [7628,99002,com.android.chrome:sandboxed_process0,48275456,38629376,0]
07-08 17:12:02.475  2183  2418 I sysui_multi_action: [757,1093,758,4,793,4010,1094,9437376,1095,5]
07-08 17:12:03.485  2183  2418 I sysui_multi_action: [757,1093,758,4,793,1011,1094,9437376,1095,5]
07-08 17:12:04.086  2183  2183 I sysui_count: [panel_open,1]
07-08 17:12:04.086  2183  2183 I sysui_multi_action: [757,803,799,panel_open,802,1]
07-08 17:12:04.101  1909  8916 I sysui_view_visibility: [127,100]
07-08 17:12:04.101  1909  8916 I sysui_multi_action: [757,127,758,1]
07-08 17:12:04.101  1909  8916 I sysui_histogram: [note_load,3]
07-08 17:12:04.101  1909  8916 I sysui_multi_action: [757,804,799,note_load,801,3,802,1]
07-08 17:12:04.101  1909  8916 I notification_panel_revealed: 3
07-08 17:12:04.603  1909  2294 I sysui_multi_action: [757,128,758,1,793,71192,794,0,795,19343,796,101,798,1,806,com.caf.fmradio,857,fmradio_notification_channel,858,2,947,0]
07-08 17:12:04.603  1909  2294 I sysui_histogram: [note_freshness,19343]
07-08 17:12:04.603  1909  2294 I sysui_multi_action: [757,804,799,note_freshness,801,19343,802,1]
07-08 17:12:04.603  1909  2294 I notification_visibility: [0|com.caf.fmradio|101|null|1000,1,71192,19343,0,1]
07-08 17:12:04.603  1909  2294 I sysui_multi_action: [757,128,758,1,793,498654,794,0,795,11089,796,1,798,0,806,com.google.android.apps.maps,857,1_foreground_1,858,3,946,navigation_status_notificat-d493b52d,947,0]
07-08 17:12:04.603  1909  2294 I sysui_histogram: [note_freshness,11089]
07-08 17:12:04.603  1909  2294 I sysui_multi_action: [757,804,799,note_freshness,801,11089,802,1]
07-08 17:12:04.603  1909  2294 I notification_visibility: [0|com.google.android.apps.maps|1|null|10071,1,498654,11089,0,0]
07-08 17:12:04.604  1909  2294 I sysui_multi_action: [757,128,758,1,793,484675,794,0,795,484675,796,0,797,com.android.systemui.pip.phone.PipNotificationController,798,2,806,com.android.systemui,857,GEN,858,1,947,0]
07-08 17:12:04.604  1909  2294 I sysui_histogram: [note_freshness,484675]
07-08 17:12:04.604  1909  2294 I sysui_multi_action: [757,804,799,note_freshness,801,484675,802,1]
07-08 17:12:04.604  1909  2294 I notification_visibility: [0|com.android.systemui|0|com.android.systemui.pip.phone.PipNotificationController|10035,1,484675,484675,0,2]
07-08 17:12:04.880  1909  1944 I am_pss  : [8348,1000,com.caf.fmradio,64806912,62480384,0]
07-08 17:12:05.500  2183  2418 I sysui_multi_action: [757,1093,758,4,793,2015,1094,9437376,1095,5]
07-08 17:12:05.746  1909  5410 I sysui_multi_action: [757,856,758,2,806,com.android.bluetooth,857,avrcp_notification,858,3]
07-08 17:12:05.812  1909  1944 I am_pss  : [3000,10039,com.google.android.googlequicksearchbox:search,80268288,71315456,0]
07-08 17:12:06.375   775   775 I auditd  : type=1400 audit(0.0:197): avc: denied { read } for comm="audio@2.0-servi" name="u:object_r:dolby_prop:s0" dev="tmpfs" ino=16893 scontext=u:r:hal_audio_default:s0 tcontext=u:object_r:dolby_prop:s0 tclass=file permissive=0
07-08 17:12:06.535   775   775 I auditd  : type=1400 audit(0.0:198): avc: denied { read } for comm="HwBinder:775_4" name="u:object_r:dolby_prop:s0" dev="tmpfs" ino=16893 scontext=u:r:hal_audio_default:s0 tcontext=u:object_r:dolby_prop:s0 tclass=file permissive=0
07-08 17:12:06.450  1909  2139 I stream_devices_changed: [0,128,131072]
07-08 17:12:06.544  2183  2418 I sysui_multi_action: [757,1093,758,4,793,1043,1094,9437248,1095,4]
07-08 17:12:06.585  1909  2139 I stream_devices_changed: [2,130,131074]
07-08 17:12:06.586  1909  2139 I stream_devices_changed: [3,128,131072]
07-08 17:12:06.587  1909  2139 I stream_devices_changed: [4,130,131074]
07-08 17:12:06.591  1909  2139 I stream_devices_changed: [6,128,131072]
07-08 17:12:06.597  1909  1909 I notification_cancel_all: [1000,1909,com.android.bluetooth,0,0,0,17,NULL]
07-08 17:12:07.746  1909  2358 I sysui_multi_action: [757,128,758,2,793,74335,794,3143,795,22486,796,101,798,1,806,com.caf.fmradio,857,fmradio_notification_channel,858,2,947,0]
07-08 17:12:07.746  1909  2358 I notification_visibility: [0|com.caf.fmradio|101|null|1000,0,74335,22486,0,1]
07-08 17:12:07.746  1909  2358 I sysui_multi_action: [757,128,758,2,793,501797,794,3143,795,14232,796,1,798,0,806,com.google.android.apps.maps,857,1_foreground_1,858,3,946,navigation_status_notificat-d493b52d,947,0]
07-08 17:12:07.746  1909  2358 I notification_visibility: [0|com.google.android.apps.maps|1|null|10071,0,501797,14232,0,0]
07-08 17:12:07.746  1909  2358 I sysui_multi_action: [757,128,758,2,793,487818,794,3143,795,487818,796,0,797,com.android.systemui.pip.phone.PipNotificationController,798,2,806,com.android.systemui,857,GEN,858,1,947,0]
07-08 17:12:07.746  1909  2358 I notification_visibility: [0|com.android.systemui|0|com.android.systemui.pip.phone.PipNotificationController|10035,0,487818,487818,0,2]
07-08 17:12:07.747  1909  2358 I sysui_view_visibility: [127,0]
07-08 17:12:07.747  1909  2358 I sysui_multi_action: [757,127,758,2]
07-08 17:12:07.747  1909  2358 I notification_panel_hidden: 
07-08 17:12:08.508  2183  2418 I sysui_multi_action: [757,1093,758,4,793,1964,1094,9437248,1095,4]
07-08 17:12:08.818  2183  2183 I sysui_count: [panel_open,1]
07-08 17:12:08.818  2183  2183 I sysui_multi_action: [757,803,799,panel_open,802,1]
07-08 17:12:08.840  1909  2358 I sysui_view_visibility: [127,100]
07-08 17:12:08.840  1909  2358 I sysui_multi_action: [757,127,758,1]
07-08 17:12:08.840  1909  2358 I sysui_histogram: [note_load,3]
07-08 17:12:08.840  1909  2358 I sysui_multi_action: [757,804,799,note_load,801,3,802,1]
07-08 17:12:08.840  1909  2358 I notification_panel_revealed: 3
07-08 17:12:09.342  1909  8916 I sysui_multi_action: [757,128,758,1,793,75932,794,0,795,24083,796,101,798,1,806,com.caf.fmradio,857,fmradio_notification_channel,858,2,947,0]
07-08 17:12:09.343  1909  8916 I sysui_histogram: [note_freshness,24083]
07-08 17:12:09.343  1909  8916 I sysui_multi_action: [757,804,799,note_freshness,801,24083,802,1]
07-08 17:12:09.343  1909  8916 I notification_visibility: [0|com.caf.fmradio|101|null|1000,1,75932,24083,0,1]
07-08 17:12:09.343  1909  8916 I sysui_multi_action: [757,128,758,1,793,503394,794,0,795,15829,796,1,798,0,806,com.google.android.apps.maps,857,1_foreground_1,858,3,946,navigation_status_notificat-d493b52d,947,0]
07-08 17:12:09.343  1909  8916 I sysui_histogram: [note_freshness,15829]
07-08 17:12:09.343  1909  8916 I sysui_multi_action: [757,804,799,note_freshness,801,15829,802,1]
07-08 17:12:09.343  1909  8916 I notification_visibility: [0|com.google.android.apps.maps|1|null|10071,1,503394,15829,0,0]
07-08 17:12:09.344  1909  8916 I sysui_multi_action: [757,128,758,1,793,489415,794,0,795,489415,796,0,797,com.android.systemui.pip.phone.PipNotificationController,798,2,806,com.android.systemui,857,GEN,858,1,947,0]
07-08 17:12:09.344  1909  8916 I sysui_histogram: [note_freshness,489415]
07-08 17:12:09.344  1909  8916 I sysui_multi_action: [757,804,799,note_freshness,801,489415,802,1]
07-08 17:12:09.344  1909  8916 I notification_visibility: [0|com.android.systemui|0|com.android.systemui.pip.phone.PipNotificationController|10035,1,489415,489415,0,2]
07-08 17:12:09.906  1909  1944 I am_pss  : [7205,10105,com.gaana,111941632,103202816,2269184]
07-08 17:12:10.236  2183  2183 I sysui_multi_action: [757,925,758,4,759,113,833,0,927,2,928,0]
07-08 17:12:10.292  1909  1930 I sysui_multi_action: [757,856,758,1,806,com.android.bluetooth,857,avrcp_notification,858,3]
07-08 17:12:10.358  3644 10289 I liblog  : 2
07-08 17:12:10.360  3644 10289 I liblog  : 5
07-08 17:12:10.368  3644  3644 I liblog  : 3
07-08 17:12:10.381  3644  3644 I liblog  : 30
07-08 17:12:10.382  3644 10289 I liblog  : 1
07-08 17:12:10.382  3644  3644 I liblog  : 5
07-08 17:12:10.391  3644  3644 I liblog  : 84
07-08 17:12:10.391  3644 10289 I liblog  : 1
07-08 17:12:10.392  3644  3644 I liblog  : 8
07-08 17:12:10.392  3644  3644 I liblog  : 2
07-08 17:12:10.392  3644  3667 I liblog  : 16
07-08 17:12:10.394  3644 10289 I liblog  : 12
07-08 17:12:10.396  3644  3808 I liblog  : 4
07-08 17:12:10.408  3644 10295 I liblog  : 15
07-08 17:12:10.414  3644  3644 I liblog  : 1
07-08 17:12:10.416  3644  3644 I liblog  : 16
07-08 17:12:10.418  3644  3680 I liblog  : 7
07-08 17:12:10.424  3644 10299 I liblog  : 35
07-08 17:12:10.425  3644 10298 I liblog  : 6
07-08 17:12:10.434  3644 10289 I liblog  : 5
07-08 17:12:10.890  1909  1945 I am_uid_idle: 10003
07-08 17:12:11.261  2183  2418 I sysui_multi_action: [757,1093,758,4,793,2754,1094,9437376,1095,5]
07-08 17:12:12.225  1909  1945 I am_uid_idle: 10026
07-08 17:12:12.515  2183  2418 I sysui_multi_action: [757,1093,758,4,793,1254,1094,9437376,1095,5]
07-08 17:12:13.495   775   775 I auditd  : type=1400 audit(0.0:200): avc: denied { read } for comm="HwBinder:775_4" name="u:object_r:dolby_prop:s0" dev="tmpfs" ino=16893 scontext=u:r:hal_audio_default:s0 tcontext=u:object_r:dolby_prop:s0 tclass=file permissive=0
07-08 17:12:13.129  1909  4512 I volume_changed: [6,7,12,15,com.android.bluetooth]
07-08 17:12:13.675   775   775 I auditd  : type=1400 audit(0.0:201): avc: denied { read } for comm="HwBinder:775_4" name="u:object_r:dolby_prop:s0" dev="tmpfs" ino=16893 scontext=u:r:hal_audio_default:s0 tcontext=u:object_r:dolby_prop:s0 tclass=file permissive=0
07-08 17:12:13.200   775 10326 I liblog  : 13
07-08 17:12:13.250   775 10326 I liblog  : 4
07-08 17:12:13.254  1909  2139 I stream_devices_changed: [0,131072,128]
07-08 17:12:13.256  1909  2139 I stream_devices_changed: [2,131074,130]
07-08 17:12:13.257  1909  2139 I stream_devices_changed: [3,131072,128]
07-08 17:12:13.259  1909  2139 I stream_devices_changed: [4,131074,130]
07-08 17:12:13.262  1909  2139 I stream_devices_changed: [6,131072,128]
07-08 17:12:13.366   775 10330 I liblog  : 67
07-08 17:12:13.387   775  3531 I liblog  : 1
07-08 17:12:13.411   775   775 I liblog  : 1
07-08 17:12:13.517  2183  2418 I sysui_multi_action: [757,1093,758,4,793,1002,1094,9437376,1095,5]
07-08 17:12:13.521   775   775 I liblog  : 30
07-08 17:12:13.523   775  8992 I liblog  : 8
07-08 17:12:13.541   775  8893 I liblog  : 1
07-08 17:12:13.542   775  8992 I liblog  : 18
07-08 17:12:13.610   775  3289 I liblog  : 26
07-08 17:12:13.678   775  8992 I liblog  : 85
07-08 17:12:13.685   776  3806 I liblog  : 1
07-08 17:12:13.691  3644  3808 I liblog  : 28
07-08 17:12:13.693  3644  3808 I liblog  : 15
07-08 17:12:13.694  3644 10286 I liblog  : 11
07-08 17:12:13.696  3020  3020 I liblog  : 1
07-08 17:12:13.696  7205  7205 I liblog  : 1
07-08 17:12:13.699  7205  7205 I liblog  : 3
07-08 17:12:13.708  3789  3789 I liblog  : 1
07-08 17:12:13.711  1909  4512 I volume_changed: [3,6,8,15,com.android.bluetooth]
07-08 17:12:13.713  2183  2413 I liblog  : 3
07-08 17:12:13.719   775  8992 I liblog  : 10
07-08 17:12:13.720  3644 10286 I liblog  : 4
07-08 17:12:13.735   776  3806 I liblog  : 2
07-08 17:12:13.990  1909  1944 I am_pss  : [2873,1000,com.android.launcher3,52002816,45764608,0]
07-08 17:12:14.519  2183  2418 I sysui_multi_action: [757,1093,758,4,793,1002,1094,9437376,1095,5]
07-08 17:12:14.889  1909  1944 I am_pss  : [2888,10014,com.google.process.gservices,5758976,1716224,3002368]
07-08 17:12:15.172  1909  2858 I sysui_multi_action: [757,128,758,2,793,81762,794,5830,795,29913,796,101,798,1,806,com.caf.fmradio,857,fmradio_notification_channel,858,2,947,0]
07-08 17:12:15.172  1909  2858 I notification_visibility: [0|com.caf.fmradio|101|null|1000,0,81762,29913,0,1]
07-08 17:12:15.173  1909  2858 I sysui_multi_action: [757,128,758,2,793,509223,794,5829,795,21658,796,1,798,0,806,com.google.android.apps.maps,857,1_foreground_1,858,3,946,navigation_status_notificat-d493b52d,947,0]
07-08 17:12:15.173  1909  2858 I notification_visibility: [0|com.google.android.apps.maps|1|null|10071,0,509223,21658,0,0]
07-08 17:12:15.173  1909  2858 I sysui_multi_action: [757,128,758,2,793,495245,794,5830,795,495245,796,0,797,com.android.systemui.pip.phone.PipNotificationController,798,2,806,com.android.systemui,857,GEN,858,1,947,0]
07-08 17:12:15.173  1909  2858 I notification_visibility: [0|com.android.systemui|0|com.android.systemui.pip.phone.PipNotificationController|10035,0,495245,495245,0,2]
07-08 17:12:15.173  1909  8260 I sysui_view_visibility: [127,0]
07-08 17:12:15.174  1909  8260 I sysui_multi_action: [757,127,758,2]
07-08 17:12:15.174  1909  8260 I notification_panel_hidden: 
07-08 17:12:15.875   775   775 I auditd  : type=1400 audit(0.0:203): avc: denied { read } for comm="HwBinder:775_4" name="u:object_r:dolby_prop:s0" dev="tmpfs" ino=16893 scontext=u:r:hal_audio_default:s0 tcontext=u:object_r:dolby_prop:s0 tclass=file permissive=0
07-08 17:12:16.185   775   775 I auditd  : type=1400 audit(0.0:204): avc: denied { read } for comm="audio@2.0-servi" name="u:object_r:dolby_prop:s0" dev="tmpfs" ino=16893 scontext=u:r:hal_audio_default:s0 tcontext=u:object_r:dolby_prop:s0 tclass=file permissive=0
07-08 17:12:18.530  2183  2418 I sysui_multi_action: [757,1093,758,4,793,4010,1094,9437376,1095,5]
07-08 17:12:19.538  2183  2418 I sysui_multi_action: [757,1093,758,4,793,1008,1094,9437376,1095,5]
07-08 17:12:19.864  1909  2858 I stream_devices_changed: [0,128,131072]
07-08 17:12:19.866  1909  2858 I stream_devices_changed: [2,130,131074]
07-08 17:12:19.866  1909  2858 I stream_devices_changed: [4,130,131074]
07-08 17:12:19.867  1909  2858 I stream_devices_changed: [6,128,131072]
07-08 17:12:19.869  1909  2858 I stream_devices_changed: [3,128,131072]
07-08 17:12:23.462  1909  1909 I notification_enqueue: [10071,3789,com.google.android.apps.maps,1,NULL,0,Notification(channel=1_foreground_1 pri=2 contentView=com.google.android.apps.maps/0x7f05008d vibrate=null sound=null defaults=0x0 flags=0xa color=0x00000000 groupKey=navigation_status_notification_group vis=PRIVATE),1]
07-08 17:12:23.985   775   775 I auditd  : type=1400 audit(0.0:206): avc: denied { read } for comm="audio@2.0-servi" name="u:object_r:dolby_prop:s0" dev="tmpfs" ino=16893 scontext=u:r:hal_audio_default:s0 tcontext=u:object_r:dolby_prop:s0 tclass=file permissive=0
07-08 17:12:24.145  1909  1909 I notification_enqueue: [1000,8348,com.caf.fmradio,101,NULL,0,Notification(channel=fmradio_notification_channel pri=0 contentView=com.caf.fmradio/0x7f030010 vibrate=null sound=null defaults=0x0 flags=0x42 color=0x00000000 vis=PRIVATE),1]
07-08 17:12:25.555  2183  2418 I sysui_multi_action: [757,1093,758,4,793,6018,1094,9437376,1095,5]
07-08 17:12:26.345   775   775 I auditd  : type=1400 audit(0.0:207): avc: denied { read } for comm="audio@2.0-servi" name="u:object_r:dolby_prop:s0" dev="tmpfs" ino=16893 scontext=u:r:hal_audio_default:s0 tcontext=u:object_r:dolby_prop:s0 tclass=file permissive=0
07-08 17:12:26.464  1909  4512 I stream_devices_changed: [0,131072,128]
07-08 17:12:26.467  1909  4512 I stream_devices_changed: [2,131074,130]
07-08 17:12:26.468  1909  4512 I stream_devices_changed: [4,131074,130]
07-08 17:12:26.471  1909  4512 I stream_devices_changed: [6,131072,128]
07-08 17:12:26.474  1909  4512 I stream_devices_changed: [3,131072,128]
07-08 17:12:26.557  2183  2418 I sysui_multi_action: [757,1093,758,4,793,1002,1094,9437376,1095,5]
07-08 17:12:27.563  2183  2418 I sysui_multi_action: [757,1093,758,4,793,1006,1094,9437376,1095,5]
07-08 17:12:28.563  2183  2418 I sysui_multi_action: [757,1093,758,4,793,1000,1094,9437376,1095,5]
07-08 17:12:29.568  2183  2418 I sysui_multi_action: [757,1093,758,4,793,1005,1094,9437376,1095,5]
07-08 17:12:30.569  2183  2418 I sysui_multi_action: [757,1093,758,4,793,1001,1094,9437376,1095,5]
07-08 17:12:32.355   775   775 I auditd  : type=1400 audit(0.0:209): avc: denied { read } for comm="HwBinder:775_2" name="u:object_r:dolby_prop:s0" dev="tmpfs" ino=16893 scontext=u:r:hal_audio_default:s0 tcontext=u:object_r:dolby_prop:s0 tclass=file permissive=0
07-08 17:12:32.535   775   775 I chatty  : uid=1041(audioserver) audio@2.0-servi identical 1 line
07-08 17:12:32.535   775   775 I auditd  : type=1400 audit(0.0:211): avc: denied { read } for comm="HwBinder:775_2" name="u:object_r:dolby_prop:s0" dev="tmpfs" ino=16893 scontext=u:r:hal_audio_default:s0 tcontext=u:object_r:dolby_prop:s0 tclass=file permissive=0
07-08 17:12:32.580  2183  2418 I sysui_multi_action: [757,1093,758,4,793,2011,1094,9437376,1095,5]
07-08 17:12:33.589  2183  2418 I sysui_multi_action: [757,1093,758,4,793,1008,1094,9437376,1095,5]
07-08 17:12:34.597  2183  2418 I sysui_multi_action: [757,1093,758,4,793,1009,1094,9437376,1095,5]
07-08 17:12:34.919  1909  4512 I stream_devices_changed: [0,128,131072]
07-08 17:12:34.927  1909  4512 I stream_devices_changed: [2,130,131074]
07-08 17:12:34.928  1909  4512 I stream_devices_changed: [4,130,131074]
07-08 17:12:34.929  1909  4512 I stream_devices_changed: [6,128,131072]
07-08 17:12:34.930  1909  4512 I stream_devices_changed: [3,128,131072]
07-08 17:12:35.175   775   775 I auditd  : type=1400 audit(0.0:212): avc: denied { read } for comm="HwBinder:775_4" name="u:object_r:dolby_prop:s0" dev="tmpfs" ino=16893 scontext=u:r:hal_audio_default:s0 tcontext=u:object_r:dolby_prop:s0 tclass=file permissive=0
07-08 17:12:36.205   775   775 I auditd  : type=1400 audit(0.0:213): avc: denied { read } for comm="HwBinder:775_2" name="u:object_r:dolby_prop:s0" dev="tmpfs" ino=16893 scontext=u:r:hal_audio_default:s0 tcontext=u:object_r:dolby_prop:s0 tclass=file permissive=0
07-08 17:12:37.569  2700  9571 I c2dm    : [0,,2,2]
07-08 17:12:37.615  2183  2418 I sysui_multi_action: [757,1093,758,4,793,3017,1094,9437376,1095,5]
07-08 17:12:37.622  1909  1944 I am_pss  : [3928,10064,com.google.android.tts,50970624,35336192,9290752]
07-08 17:12:37.660  1909  1944 I am_pss  : [3909,10072,com.google.android.apps.messaging,24061952,17481728,3492864]
07-08 17:12:37.695  1909  1944 I am_pss  : [4260,10007,com.google.android.ims,12519424,10833920,0]
07-08 17:12:38.498  2183  2183 I sysui_multi_action: [757,931,758,4,759,3,932,0,933,0]
07-08 17:12:38.604  2183  2183 I sysui_multi_action: [757,931,758,4,759,3,932,0,933,1]
07-08 17:12:38.611  1909  2103 I am_new_intent: [0,74943016,121,com.android.launcher3/com.android.searchlauncher.SearchLauncher,android.intent.action.MAIN,NULL,NULL,268435712]
07-08 17:12:38.613  1909  2103 I wm_task_moved: [121,1,0]
07-08 17:12:38.614  1909  2103 I am_focused_stack: [0,0,1,bringingFoundTaskToFront]
07-08 17:12:38.614  1909  2103 I wm_task_moved: [121,1,0]
07-08 17:12:38.618  1909  2103 I am_pause_activity: [0,121954434,com.caf.fmradio/.FMRadio]
07-08 17:12:38.619  2183  2418 I sysui_multi_action: [757,1093,758,4,793,1005,1094,9437376,1095,5]
07-08 17:12:38.620  8348  8348 I am_on_paused_called: [0,com.caf.fmradio.FMRadio,handlePauseActivity]
07-08 17:12:38.627  1909  2103 I am_set_resumed_activity: [0,com.android.launcher3/com.android.searchlauncher.SearchLauncher,resumeTopActivityInnerLocked]
07-08 17:12:38.635  1909  2103 I am_resume_activity: [0,74943016,121,com.android.launcher3/com.android.searchlauncher.SearchLauncher]
07-08 17:12:38.646  1909  2103 I am_task_to_front: [0,121]
07-08 17:12:38.652  1909  1945 I am_stop_activity: [0,121954434,com.caf.fmradio/.FMRadio]
07-08 17:12:38.654  1909  1945 I sysui_count: [window_time_0,46]
07-08 17:12:38.654  1909  1945 I sysui_multi_action: [757,803,799,window_time_0,802,46]
07-08 17:12:38.663  2873  2873 I am_on_resume_called: [0,com.android.searchlauncher.SearchLauncher,RESUME_ACTIVITY]
07-08 17:12:38.666  8348  8348 I am_on_stop_called: [0,com.caf.fmradio.FMRadio,handleStopActivity]
07-08 17:12:38.717  1909  1956 I sysui_multi_action: [319,102,322,86,325,1294,757,761,758,9,759,2,806,com.android.launcher3,871,com.android.searchlauncher.SearchLauncher,905,0]
07-08 17:12:39.634  2183  2418 I sysui_multi_action: [757,1093,758,4,793,1015,1094,9437376,1095,5]
07-08 17:12:39.928  1909  4511 I stream_devices_changed: [0,131072,128]
07-08 17:12:39.930  1909  4511 I stream_devices_changed: [2,131074,130]
07-08 17:12:39.931  1909  4511 I stream_devices_changed: [4,131074,130]
07-08 17:12:39.934  1909  4511 I stream_devices_changed: [6,131072,128]
07-08 17:12:39.938  1909  4511 I stream_devices_changed: [3,131072,128]
07-08 17:12:41.301  1909  4511 I wm_task_created: [134,1]
07-08 17:12:41.301  1909  4511 I wm_task_moved: [134,1,4]
07-08 17:12:41.302  1909  4511 I am_focused_stack: [0,1,0,reuseOrNewTask]
07-08 17:12:41.302  1909  4511 I wm_task_moved: [134,1,4]
07-08 17:12:41.302  1909  4511 I am_create_task: [0,134]
07-08 17:12:41.302  1909  4511 I am_create_activity: [0,193269625,134,com.generalmobile.app.musicplayer/.SplashActivity,android.intent.action.MAIN,NULL,NULL,270532608]
07-08 17:12:41.302  1909  4511 I wm_task_moved: [134,1,4]
07-08 17:12:41.304  1909  4511 I am_pause_activity: [0,74943016,com.android.launcher3/com.android.searchlauncher.SearchLauncher]
07-08 17:12:41.308  2873  2873 I am_on_paused_called: [0,com.android.searchlauncher.SearchLauncher,handlePauseActivity]
07-08 17:12:41.310  1909  2294 I am_uid_running: 10090
07-08 17:12:41.323  1909  2294 I am_proc_start: [0,10411,10090,com.generalmobile.app.musicplayer,activity,com.generalmobile.app.musicplayer/.SplashActivity]
07-08 17:12:41.326  1909  1945 I sysui_count: [window_time_0,3]
07-08 17:12:41.326  1909  1945 I sysui_multi_action: [757,803,799,window_time_0,802,3]
07-08 17:12:41.337  1909  2294 I am_proc_bound: [0,10411,com.generalmobile.app.musicplayer]
07-08 17:12:41.341  1909  2294 I am_uid_active: 10090
07-08 17:12:41.341  1909  2294 I am_restart_activity: [0,193269625,134,com.generalmobile.app.musicplayer/.SplashActivity]
07-08 17:12:41.342  1909  2294 I am_set_resumed_activity: [0,com.generalmobile.app.musicplayer/.SplashActivity,minimalResumeActivityLocked]
07-08 17:12:41.584 10411 10411 I am_on_resume_called: [0,com.generalmobile.app.musicplayer.SplashActivity,LAUNCH_ACTIVITY]
07-08 17:12:41.656  1909  1956 I sysui_multi_action: [319,96,321,94,322,367,325,1297,757,761,758,7,759,1,806,com.generalmobile.app.musicplayer,871,com.generalmobile.app.musicplayer.SplashActivity,904,com.android.launcher3,905,0,945,55]
07-08 17:12:41.656  1909  1956 I am_activity_launch_time: [0,193269625,com.generalmobile.app.musicplayer/.SplashActivity,340,340]
07-08 17:12:41.756  1909  1945 I am_stop_activity: [0,74943016,com.android.launcher3/com.android.searchlauncher.SearchLauncher]
07-08 17:12:41.758  2873  2873 I am_on_stop_called: [0,com.android.searchlauncher.SearchLauncher,handleStopActivity]
07-08 17:12:42.079  1909  3038 I wm_task_moved: [134,1,4]
07-08 17:12:42.080  1909  3038 I wm_task_moved: [134,1,4]
07-08 17:12:42.080  1909  3038 I am_create_activity: [0,2879433,134,com.generalmobile.app.musicplayer/.dashboard.DashboardMusicActivity,NULL,NULL,NULL,268435456]
07-08 17:12:42.082  1909  3038 I am_pause_activity: [0,193269625,com.generalmobile.app.musicplayer/.SplashActivity]
07-08 17:12:42.084  1909  6887 I am_finish_activity: [0,193269625,134,com.generalmobile.app.musicplayer/.SplashActivity,app-request]
07-08 17:12:42.085  1909  1945 I sysui_count: [window_time_0,1]
07-08 17:12:42.086  1909  1945 I sysui_multi_action: [757,803,799,window_time_0,802,1]
07-08 17:12:42.086 10411 10411 I am_on_paused_called: [0,com.generalmobile.app.musicplayer.SplashActivity,handlePauseActivity]
07-08 17:12:42.088  1909  3038 I am_restart_activity: [0,2879433,134,com.generalmobile.app.musicplayer/.dashboard.DashboardMusicActivity]
07-08 17:12:42.089  1909  3038 I am_set_resumed_activity: [0,com.generalmobile.app.musicplayer/.dashboard.DashboardMusicActivity,minimalResumeActivityLocked]
07-08 17:12:42.091  1909  1945 I sysui_count: [window_time_0,0]
07-08 17:12:42.091  1909  1945 I sysui_multi_action: [757,803,799,window_time_0,802,0]
07-08 17:12:42.165  2700  4578 I sysui_action: [920,2041805501]
07-08 17:12:42.165  2700  4578 I sysui_multi_action: [757,920,758,4,759,2041805501]
07-08 17:12:42.269  1909  2294 I am_proc_start: [0,10486,10011,android.process.media,content provider,com.android.providers.media/.MediaProvider]
07-08 17:12:42.274 10411 10411 I am_on_resume_called: [0,com.generalmobile.app.musicplayer.dashboard.DashboardMusicActivity,LAUNCH_ACTIVITY]
07-08 17:12:42.277  1909  3038 I am_proc_bound: [0,10486,android.process.media]
07-08 17:12:42.291  1909  3038 I am_uid_active: 10011
07-08 17:12:42.592  1909  1956 I am_activity_launch_time: [0,2879433,com.generalmobile.app.musicplayer/.dashboard.DashboardMusicActivity,502,502]
07-08 17:12:42.988  1909  1909 I notification_enqueue: [10071,3789,com.google.android.apps.maps,1,NULL,0,Notification(channel=1_foreground_1 pri=2 contentView=com.google.android.apps.maps/0x7f05008d vibrate=null sound=null defaults=0x0 flags=0xa color=0x00000000 groupKey=navigation_status_notification_group vis=PRIVATE),1]
07-08 17:12:43.302  1909  3038 I am_destroy_activity: [0,193269625,134,com.generalmobile.app.musicplayer/.SplashActivity,finish-imm]
07-08 17:12:43.316 10411 10411 I am_on_stop_called: [0,com.generalmobile.app.musicplayer.SplashActivity,destroy]
07-08 17:12:43.522  1909  1909 I volume_changed: [3,8,7,15,MediaSessionService]
07-08 17:12:43.524  2183  2413 I sysui_action: [210,3]
07-08 17:12:43.524  2183  2413 I sysui_multi_action: [757,210,758,4,759,3]
07-08 17:12:43.529  2183  2413 I sysui_action: [211,7]
07-08 17:12:43.529  2183  2413 I sysui_multi_action: [757,211,758,4,759,7]
07-08 17:12:43.538  2183  2183 I sysui_view_visibility: [207,100]
07-08 17:12:43.538  2183  2183 I sysui_multi_action: [757,207,758,1]
07-08 17:12:43.538  2183  2183 I sysui_histogram: [volume_from_keyguard,0]
07-08 17:12:43.538  2183  2183 I sysui_multi_action: [757,804,799,volume_from_keyguard,801,0,802,1]
07-08 17:12:44.118  1909  1909 I volume_changed: [3,7,6,15,MediaSessionService]
07-08 17:12:44.126  2183  2413 I sysui_action: [211,6]
07-08 17:12:44.126  2183  2413 I sysui_multi_action: [757,211,758,4,759,6]
07-08 17:12:44.638  2183  2418 I sysui_multi_action: [757,1093,758,4,793,5003,1094,9437376,1095,5]
07-08 17:12:45.499  1909  1909 I volume_changed: [3,6,5,15,MediaSessionService]
07-08 17:12:45.513  2183  2413 I sysui_action: [211,5]
07-08 17:12:45.513  2183  2413 I sysui_multi_action: [757,211,758,4,759,5]
07-08 17:12:45.871  2183  2418 I sysui_multi_action: [757,1093,758,4,793,1234,1094,9437376,1095,5]
07-08 17:12:46.213  2183  2183 I sysui_view_visibility: [207,0]
07-08 17:12:46.214  2183  2183 I sysui_multi_action: [757,207,758,2]
07-08 17:12:46.217  2183  2413 I sysui_action: [210,-1]
07-08 17:12:46.217  2183  2413 I sysui_multi_action: [757,210,758,4,759,-1]
07-08 17:12:48.517  1909  1945 I am_uid_idle: 10105
07-08 17:12:48.517  1909  1945 I am_stop_idle_service: [10105,com.gaana/com.services.FavoriteSyncService]
07-08 17:12:49.028  2183  2418 I sysui_multi_action: [757,1093,758,4,793,3156,1094,9437376,1095,5]
07-08 17:12:51.713  1909  1944 I am_pss  : [10411,10090,com.generalmobile.app.musicplayer,150363136,146808832,0]
07-08 17:12:52.562  2183  2418 I sysui_multi_action: [757,1093,758,4,793,3535,1094,9437376,1095,5]
07-08 17:12:53.876  2183  2418 I sysui_multi_action: [757,1093,758,4,793,1314,1094,9437376,1095,5]
07-08 17:12:55.683  2183  2418 I sysui_multi_action: [757,1093,758,4,793,1807,1094,9437376,1095,5]
07-08 17:12:57.453  2183  2418 I sysui_multi_action: [757,1093,758,4,793,1770,1094,9437376,1095,5]
07-08 17:12:58.097  1909  1944 I am_pss  : [3000,10039,com.google.android.googlequicksearchbox:search,75767808,66945024,0]
07-08 17:12:58.815  2183  2418 I sysui_multi_action: [757,1093,758,4,793,1362,1094,9437376,1095,5]
07-08 17:13:00.064  1909  1944 I am_pss  : [8348,1000,com.caf.fmradio,36219904,34021376,0]
07-08 17:13:00.077  2183  2418 I sysui_multi_action: [757,1093,758,4,793,1262,1094,9437376,1095,5]
07-08 17:13:00.465  1266  1266 I auditd  : type=1400 audit(0.0:215): avc: denied { read } for comm="generic" path=2F73746F726167652F656D756C617465642F302F446F776E6C6F61642F3031202D204D61696E2042616468697961205475204268692042616468697961202D204D75736963426164736861682E436F6D2E6D7033 dev="sdcardfs" ino=3084498 scontext=u:r:mediaextractor:s0 tcontext=u:object_r:sdcardfs:s0 tclass=file permissive=0
07-08 17:13:00.592  1909  1909 I notification_enqueue: [10090,10411,com.generalmobile.app.musicplayer,1938,NULL,0,Notification(channel=music_not pri=2 contentView=null vibrate=null sound=null defaults=0x0 flags=0x1a color=0xffff3757 category=transport actions=3 vis=PUBLIC),0]
07-08 17:13:00.599  1909  1909 I notification_enqueue: [10090,10411,com.generalmobile.app.musicplayer,1938,NULL,0,Notification(channel=music_not pri=2 contentView=null vibrate=null sound=null defaults=0x0 flags=0x1a color=0xffff3757 category=transport actions=3 vis=PUBLIC),1]
07-08 17:13:00.614  1909  1909 I notification_enqueue: [10090,10411,com.generalmobile.app.musicplayer,1938,NULL,0,Notification(channel=music_not pri=2 contentView=null vibrate=null sound=null defaults=0x0 flags=0x5a color=0xffff3757 category=transport actions=3 vis=PUBLIC),1]
07-08 17:13:00.720  1909  1909 I notification_enqueue: [10090,10411,com.generalmobile.app.musicplayer,1938,NULL,0,Notification(channel=music_not pri=2 contentView=null vibrate=null sound=null defaults=0x0 flags=0x1a color=0xffff3757 category=transport actions=3 vis=PUBLIC),1]
07-08 17:13:00.721  1909  1909 I notification_enqueue: [10090,10411,com.generalmobile.app.musicplayer,1938,NULL,0,Notification(channel=music_not pri=2 contentView=null vibrate=null sound=null defaults=0x0 flags=0x1a color=0xffff3757 category=transport actions=3 vis=PUBLIC),1]
07-08 17:13:00.721  1909  1909 I notification_enqueue: [10090,10411,com.generalmobile.app.musicplayer,1938,NULL,0,Notification(channel=music_not pri=2 contentView=null vibrate=null sound=null defaults=0x0 flags=0x5a color=0xffff3757 category=transport actions=3 vis=PUBLIC),1]
07-08 17:13:00.835  1909  2358 I notification_expansion: [0|com.generalmobile.app.musicplayer|1938|null|10090,0,1,246,147,0]
07-08 17:13:00.835  1909  2358 I notification_expansion: [0|com.google.android.apps.maps|1|null|10071,0,0,554886,17855,51492]
07-08 17:13:00.949  2700  9629 I c2dm    : [1,,2,2]
07-08 17:13:01.638  2183  2418 I sysui_multi_action: [757,1093,758,4,793,1561,1094,9437376,1095,5]
07-08 17:13:01.988  1909  1944 I am_pss  : [2873,1000,com.android.launcher3,53583872,47501312,0]
07-08 17:13:03.423  2183  2418 I sysui_multi_action: [757,1093,758,4,793,1785,1094,9437376,1095,5]
07-08 17:13:03.820  1909  1909 I notification_enqueue: [10071,3789,com.google.android.apps.maps,1,NULL,0,Notification(channel=1_foreground_1 pri=2 contentView=com.google.android.apps.maps/0x7f05008d vibrate=null sound=null defaults=0x0 flags=0xa color=0x00000000 groupKey=navigation_status_notification_group vis=PRIVATE),1]
07-08 17:13:04.721  1909  2319 I battery_level: [92,4202,340]
07-08 17:13:04.810  2183  2418 I sysui_multi_action: [757,1093,758,4,793,1387,1094,9437376,1095,5]
07-08 17:13:06.449  2183  2418 I sysui_multi_action: [757,1093,758,4,793,1639,1094,9437376,1095,5]
07-08 17:13:07.462  2183  2418 I sysui_multi_action: [757,1093,758,4,793,1010,1094,9437376,1095,5]
07-08 17:13:11.074  2183  2183 I sysui_count: [panel_open,1]
07-08 17:13:11.074  2183  2183 I sysui_multi_action: [757,803,799,panel_open,802,1]
07-08 17:13:11.097  1909  3042 I sysui_view_visibility: [127,100]
07-08 17:13:11.097  1909  3042 I sysui_multi_action: [757,127,758,1]
07-08 17:13:11.097  1909  3042 I sysui_histogram: [note_load,4]
07-08 17:13:11.097  1909  3042 I sysui_multi_action: [757,804,799,note_load,801,4,802,1]
07-08 17:13:11.097  1909  3042 I notification_panel_revealed: 4
07-08 17:13:11.107  1909  1944 I am_pss  : [10486,10011,android.process.media,6108160,5136384,151552]
07-08 17:13:11.485  2183  2418 I sysui_multi_action: [757,1093,758,4,793,4026,1094,9437376,1095,5]
07-08 17:13:11.599  1909  3042 I sysui_multi_action: [757,128,758,1,793,138189,794,0,795,47461,796,101,798,2,806,com.caf.fmradio,857,fmradio_notification_channel,858,2,947,0]
07-08 17:13:11.600  1909  3042 I sysui_histogram: [note_freshness,47461]
07-08 17:13:11.600  1909  3042 I sysui_multi_action: [757,804,799,note_freshness,801,47461,802,1]
07-08 17:13:11.600  1909  3042 I notification_visibility: [0|com.caf.fmradio|101|null|1000,1,138189,47461,0,2]
07-08 17:13:11.600  1909  3042 I sysui_multi_action: [757,128,758,1,793,11011,794,0,795,10912,796,1938,798,0,806,com.generalmobile.app.musicplayer,857,music_not,858,2,947,0]
07-08 17:13:11.600  1909  3042 I sysui_histogram: [note_freshness,10912]
07-08 17:13:11.600  1909  3042 I sysui_multi_action: [757,804,799,note_freshness,801,10912,802,1]
07-08 17:13:11.600  1909  3042 I notification_visibility: [0|com.generalmobile.app.musicplayer|1938|null|10090,1,11011,10912,0,0]
07-08 17:13:11.601  1909  3042 I sysui_multi_action: [757,128,758,1,793,565652,794,0,795,7783,796,1,798,1,806,com.google.android.apps.maps,857,1_foreground_1,858,3,946,navigation_status_notificat-d493b52d,947,0]
07-08 17:13:11.601  1909  3042 I sysui_histogram: [note_freshness,7783]
07-08 17:13:11.601  1909  3042 I sysui_multi_action: [757,804,799,note_freshness,801,7783,802,1]
07-08 17:13:11.601  1909  3042 I notification_visibility: [0|com.google.android.apps.maps|1|null|10071,1,565652,7783,0,1]
07-08 17:13:11.601  1909  3042 I sysui_multi_action: [757,128,758,1,793,551673,794,0,795,551673,796,0,797,com.android.systemui.pip.phone.PipNotificationController,798,3,806,com.android.systemui,857,GEN,858,1,947,0]
07-08 17:13:11.601  1909  3042 I sysui_histogram: [note_freshness,551673]
07-08 17:13:11.601  1909  3042 I sysui_multi_action: [757,804,799,note_freshness,801,551673,802,1]
07-08 17:13:11.601  1909  3042 I notification_visibility: [0|com.android.systemui|0|com.android.systemui.pip.phone.PipNotificationController|10035,1,551673,551673,0,3]
07-08 17:13:12.489  2183  2418 I sysui_multi_action: [757,1093,758,4,793,1004,1094,9437376,1095,5]
07-08 17:13:13.047  1909  2319 I sysui_multi_action: [757,128,758,2,793,139637,794,1448,795,48909,796,101,798,2,806,com.caf.fmradio,857,fmradio_notification_channel,858,2,947,0]
07-08 17:13:13.047  1909  2319 I notification_visibility: [0|com.caf.fmradio|101|null|1000,0,139637,48909,0,2]
07-08 17:13:13.047  1909  2319 I sysui_multi_action: [757,128,758,2,793,12458,794,1447,795,12359,796,1938,798,0,806,com.generalmobile.app.musicplayer,857,music_not,858,2,947,0]
07-08 17:13:13.047  1909  2319 I notification_visibility: [0|com.generalmobile.app.musicplayer|1938|null|10090,0,12458,12359,0,0]
07-08 17:13:13.048  1909  2319 I sysui_multi_action: [757,128,758,2,793,567099,794,1447,795,9230,796,1,798,1,806,com.google.android.apps.maps,857,1_foreground_1,858,3,946,navigation_status_notificat-d493b52d,947,0]
07-08 17:13:13.048  1909  2319 I notification_visibility: [0|com.google.android.apps.maps|1|null|10071,0,567099,9230,0,1]
07-08 17:13:13.048  1909  2319 I sysui_multi_action: [757,128,758,2,793,553120,794,1447,795,553120,796,0,797,com.android.systemui.pip.phone.PipNotificationController,798,3,806,com.android.systemui,857,GEN,858,1,947,0]
07-08 17:13:13.048  1909  2319 I notification_visibility: [0|com.android.systemui|0|com.android.systemui.pip.phone.PipNotificationController|10035,0,553120,553120,0,3]
07-08 17:13:13.049  1909  2319 I sysui_view_visibility: [127,0]
07-08 17:13:13.049  1909  2319 I sysui_multi_action: [757,127,758,2]
07-08 17:13:13.049  1909  2319 I notification_panel_hidden: 
07-08 17:13:13.055  1909  3042 I am_new_intent: [0,121954434,129,com.caf.fmradio/.FMRadio,android.intent.action.MAIN,NULL,NULL,270532608]
07-08 17:13:13.060  1909  3042 I wm_task_moved: [129,1,4]
07-08 17:13:13.063  1909  3042 I am_pause_activity: [0,2879433,com.generalmobile.app.musicplayer/.dashboard.DashboardMusicActivity]
07-08 17:13:13.064  1909  3042 I am_task_to_front: [0,129]
07-08 17:13:13.073  1909  3042 I sysui_multi_action: [757,128,758,4,793,139663,794,1474,795,48935,796,101,806,com.caf.fmradio,857,fmradio_notification_channel,858,2,947,0]
07-08 17:13:13.073  1909  3042 I notification_clicked: [0|com.caf.fmradio|101|null|1000,139663,48935,1474]
07-08 17:13:13.073  1909  1909 I sysui_histogram: [note_click_longevity,0]
07-08 17:13:13.073  1909  1909 I sysui_multi_action: [757,804,799,note_click_longevity,801,0,802,1]
07-08 17:13:13.075 10411 10411 I am_on_paused_called: [0,com.generalmobile.app.musicplayer.dashboard.DashboardMusicActivity,handlePauseActivity]
07-08 17:13:13.079  1909  2319 I am_set_resumed_activity: [0,com.caf.fmradio/.FMRadio,resumeTopActivityInnerLocked]
07-08 17:13:13.087  1909  2319 I am_resume_activity: [0,121954434,129,com.caf.fmradio/.FMRadio]
07-08 17:13:13.098  1909  1945 I sysui_count: [window_time_0,31]
07-08 17:13:13.098  1909  1945 I sysui_multi_action: [757,803,799,window_time_0,802,31]
07-08 17:13:13.196  8348  8348 I am_on_resume_called: [0,com.caf.fmradio.FMRadio,RESUME_ACTIVITY]
07-08 17:13:13.201  1909  1909 I notification_enqueue: [10090,10411,com.generalmobile.app.musicplayer,1938,NULL,0,Notification(channel=music_not pri=2 contentView=null vibrate=null sound=null defaults=0x0 flags=0x18 color=0xffff3757 category=transport actions=3 vis=PUBLIC),1]
07-08 17:13:13.207  1909  1909 I notification_enqueue: [10090,10411,com.generalmobile.app.musicplayer,1938,NULL,0,Notification(channel=music_not pri=2 contentView=null vibrate=null sound=null defaults=0x0 flags=0x18 color=0xffff3757 category=transport actions=3 vis=PUBLIC),1]
07-08 17:13:13.291  1909  1956 I sysui_multi_action: [319,229,322,199,325,1329,757,761,758,9,759,2,806,com.caf.fmradio,871,com.caf.fmradio.FMRadio,904,com.android.launcher3,905,0]
07-08 17:13:13.344  1909  1909 I notification_enqueue: [10090,10411,com.generalmobile.app.musicplayer,1938,NULL,0,Notification(channel=music_not pri=2 contentView=null vibrate=null sound=null defaults=0x0 flags=0x18 color=0xffff3757 category=transport actions=3 vis=PUBLIC),1]
07-08 17:13:13.349  1909  1909 I notification_enqueue: [10090,10411,com.generalmobile.app.musicplayer,1938,NULL,0,Notification(channel=music_not pri=2 contentView=null vibrate=null sound=null defaults=0x0 flags=0x18 color=0xffff3757 category=transport actions=3 vis=PUBLIC),1]
07-08 17:13:13.497  2183  2418 I sysui_multi_action: [757,1093,758,4,793,1008,1094,9437376,1095,5]
07-08 17:13:14.006  1909  1945 I am_stop_activity: [0,2879433,com.generalmobile.app.musicplayer/.dashboard.DashboardMusicActivity]
07-08 17:13:14.014 10411 10411 I am_on_stop_called: [0,com.generalmobile.app.musicplayer.dashboard.DashboardMusicActivity,handleStopActivity]
07-08 17:13:14.500  2183  2418 I sysui_multi_action: [757,1093,758,4,793,1002,1094,9437376,1095,5]
07-08 17:13:15.511  2183  2418 I sysui_multi_action: [757,1093,758,4,793,1012,1094,9437376,1095,5]
07-08 17:13:17.518  2183  2418 I sysui_multi_action: [757,1093,758,4,793,2007,1094,9437376,1095,5]
07-08 17:13:19.203  1909  1944 I am_pss  : [7205,10105,com.gaana,105248768,82104320,16719872]
07-08 17:13:19.524  2183  2418 I sysui_multi_action: [757,1093,758,4,793,2006,1094,9437376,1095,5]
07-08 17:13:20.530  2183  2418 I sysui_multi_action: [757,1093,758,4,793,1006,1094,9437376,1095,5]
07-08 17:13:21.302  1909  1909 I notification_enqueue: [1000,8348,com.caf.fmradio,101,NULL,0,Notification(channel=fmradio_notification_channel pri=0 contentView=com.caf.fmradio/0x7f030010 vibrate=null sound=null defaults=0x0 flags=0x42 color=0x00000000 vis=PRIVATE),1]
07-08 17:13:21.909  1909  1944 I am_pss  : [2964,10003,android.process.acore,11807744,4915200,5466112]
07-08 17:13:22.530  2183  2418 I sysui_multi_action: [757,1093,758,4,793,2000,1094,9437376,1095,5]
07-08 17:13:23.355  1909  1909 I notification_enqueue: [10071,3789,com.google.android.apps.maps,1,NULL,0,Notification(channel=1_foreground_1 pri=2 contentView=com.google.android.apps.maps/0x7f05008d vibrate=null sound=null defaults=0x0 flags=0xa color=0x00000000 groupKey=navigation_status_notification_group vis=PRIVATE),1]
07-08 17:13:23.539  2183  2418 I sysui_multi_action: [757,1093,758,4,793,1009,1094,9437376,1095,5]
07-08 17:13:24.437  1909  1944 I am_pss  : [8348,1000,com.caf.fmradio,66427904,64212992,0]
07-08 17:13:24.599  2183  2418 I sysui_multi_action: [757,1093,758,4,793,1060,1094,9437376,1095,5]
07-08 17:13:26.007  2183  2418 I sysui_multi_action: [757,1093,758,4,793,1408,1094,9437376,1095,5]
07-08 17:13:26.485   775   775 I auditd  : type=1400 audit(0.0:216): avc: denied { read } for comm="HwBinder:775_2" name="u:object_r:dolby_prop:s0" dev="tmpfs" ino=16893 scontext=u:r:hal_audio_default:s0 tcontext=u:object_r:dolby_prop:s0 tclass=file permissive=0
07-08 17:13:26.635   775   775 I chatty  : uid=1041(audioserver) audio@2.0-servi identical 1 line
07-08 17:13:26.635   775   775 I auditd  : type=1400 audit(0.0:218): avc: denied { read } for comm="HwBinder:775_2" name="u:object_r:dolby_prop:s0" dev="tmpfs" ino=16893 scontext=u:r:hal_audio_default:s0 tcontext=u:object_r:dolby_prop:s0 tclass=file permissive=0
07-08 17:13:27.237  2183  2418 I sysui_multi_action: [757,1093,758,4,793,1229,1094,9437376,1095,5]
07-08 17:13:28.545  2183  2418 I sysui_multi_action: [757,1093,758,4,793,1309,1094,9437376,1095,5]
07-08 17:13:30.153  1909  2294 I stream_devices_changed: [0,128,131072]
07-08 17:13:30.155  1909  2294 I stream_devices_changed: [2,130,131074]
07-08 17:13:30.156  1909  2294 I stream_devices_changed: [4,130,131074]
07-08 17:13:30.156  1909  2294 I stream_devices_changed: [6,128,131072]
07-08 17:13:30.161  1909  2294 I stream_devices_changed: [3,128,131072]
07-08 17:13:30.565   775   775 I auditd  : type=1400 audit(0.0:219): avc: denied { read } for comm="HwBinder:775_4" name="u:object_r:dolby_prop:s0" dev="tmpfs" ino=16893 scontext=u:r:hal_audio_default:s0 tcontext=u:object_r:dolby_prop:s0 tclass=file permissive=0
07-08 17:13:30.805   775   775 I auditd  : type=1400 audit(0.0:220): avc: denied { read } for comm="HwBinder:775_2" name="u:object_r:dolby_prop:s0" dev="tmpfs" ino=16893 scontext=u:r:hal_audio_default:s0 tcontext=u:object_r:dolby_prop:s0 tclass=file permissive=0
07-08 17:13:31.121  2183  2418 I sysui_multi_action: [757,1093,758,4,793,2576,1094,9437376,1095,5]
07-08 17:13:32.045   775   775 I auditd  : type=1400 audit(0.0:222): avc: denied { read } for comm="HwBinder:775_2" name="u:object_r:dolby_prop:s0" dev="tmpfs" ino=16893 scontext=u:r:hal_audio_default:s0 tcontext=u:object_r:dolby_prop:s0 tclass=file permissive=0
07-08 17:13:32.215   775   775 I auditd  : type=1400 audit(0.0:223): avc: denied { read } for comm="HwBinder:775_4" name="u:object_r:dolby_prop:s0" dev="tmpfs" ino=16893 scontext=u:r:hal_audio_default:s0 tcontext=u:object_r:dolby_prop:s0 tclass=file permissive=0
07-08 17:13:32.931  2183  2183 I sysui_count: [panel_open,1]
07-08 17:13:32.931  2183  2183 I sysui_multi_action: [757,803,799,panel_open,802,1]
07-08 17:13:32.952  1909  2358 I sysui_view_visibility: [127,100]
07-08 17:13:32.952  1909  2358 I sysui_multi_action: [757,127,758,1]
07-08 17:13:32.952  1909  2358 I sysui_histogram: [note_load,4]
07-08 17:13:32.952  1909  2358 I sysui_multi_action: [757,804,799,note_load,801,4,802,1]
07-08 17:13:32.952  1909  2358 I notification_panel_revealed: 4
07-08 17:13:33.454  1909  2358 I sysui_multi_action: [757,128,758,1,793,160043,794,0,795,12156,796,101,798,2,806,com.caf.fmradio,857,fmradio_notification_channel,858,2,947,0]
07-08 17:13:33.454  1909  2358 I sysui_histogram: [note_freshness,12156]
07-08 17:13:33.454  1909  2358 I sysui_multi_action: [757,804,799,note_freshness,801,12156,802,1]
07-08 17:13:33.454  1909  2358 I notification_visibility: [0|com.caf.fmradio|101|null|1000,1,160043,12156,0,2]
07-08 17:13:33.454  1909  2358 I sysui_multi_action: [757,128,758,1,793,32865,794,0,795,20108,796,1938,798,0,806,com.generalmobile.app.musicplayer,857,music_not,858,2,947,0]
07-08 17:13:33.454  1909  2358 I sysui_histogram: [note_freshness,20108]
07-08 17:13:33.454  1909  2358 I sysui_multi_action: [757,804,799,note_freshness,801,20108,802,1]
07-08 17:13:33.454  1909  2358 I notification_visibility: [0|com.generalmobile.app.musicplayer|1938|null|10090,1,32865,20108,0,0]
07-08 17:13:33.455  1909  2358 I sysui_multi_action: [757,128,758,1,793,587505,794,0,795,10101,796,1,798,1,806,com.google.android.apps.maps,857,1_foreground_1,858,3,946,navigation_status_notificat-d493b52d,947,0]
07-08 17:13:33.455  1909  2358 I sysui_histogram: [note_freshness,10101]
07-08 17:13:33.455  1909  2358 I sysui_multi_action: [757,804,799,note_freshness,801,10101,802,1]
07-08 17:13:33.455  1909  2358 I notification_visibility: [0|com.google.android.apps.maps|1|null|10071,1,587505,10101,0,1]
07-08 17:13:33.455  1909  2358 I sysui_multi_action: [757,128,758,1,793,573527,794,0,795,573527,796,0,797,com.android.systemui.pip.phone.PipNotificationController,798,3,806,com.android.systemui,857,GEN,858,1,947,0]
07-08 17:13:33.455  1909  2358 I sysui_histogram: [note_freshness,573527]
07-08 17:13:33.455  1909  2358 I sysui_multi_action: [757,804,799,note_freshness,801,573527,802,1]
07-08 17:13:33.455  1909  2358 I notification_visibility: [0|com.android.systemui|0|com.android.systemui.pip.phone.PipNotificationController|10035,1,573527,573527,0,3]
07-08 17:13:33.909  1909  1909 I notification_enqueue: [10071,3789,com.google.android.apps.maps,1,NULL,0,Notification(channel=1_foreground_1 pri=2 contentView=com.google.android.apps.maps/0x7f05008d vibrate=null sound=null defaults=0x0 flags=0xa color=0x00000000 groupKey=navigation_status_notification_group vis=PRIVATE),1]
07-08 17:13:34.545  1909  4511 I sysui_multi_action: [757,129,758,4,759,1,793,33956,794,1091,795,21199,796,1938,806,com.generalmobile.app.musicplayer,857,music_not,858,2,947,0]
07-08 17:13:34.545  1909  4511 I notification_action_clicked: [0|com.generalmobile.app.musicplayer|1938|null|10090,1,33956,21199,1091]
07-08 17:13:34.594  1909  1944 I am_pss  : [10411,10090,com.generalmobile.app.musicplayer,113460224,106438656,3317760]
07-08 17:13:34.605  1266  1266 I auditd  : type=1400 audit(0.0:225): avc: denied { read } for comm="generic" path=2F73746F726167652F656D756C617465642F302F446F776E6C6F61642F3031202D204D61696E2042616468697961205475204268692042616468697961202D204D75736963426164736861682E436F6D2E6D7033 dev="sdcardfs" ino=3084498 scontext=u:r:mediaextractor:s0 tcontext=u:object_r:sdcardfs:s0 tclass=file permissive=0
07-08 17:13:34.631  1909  1944 I am_pss  : [7126,1000,com.generalmobile.gmservice,5926912,2834432,2019328]
07-08 17:13:34.717  1909  1909 I notification_enqueue: [10090,10411,com.generalmobile.app.musicplayer,1938,NULL,0,Notification(channel=music_not pri=2 contentView=null vibrate=null sound=null defaults=0x0 flags=0x1a color=0xffff3757 category=transport actions=3 vis=PUBLIC),1]
07-08 17:13:34.725  1909  1909 I notification_enqueue: [10090,10411,com.generalmobile.app.musicplayer,1938,NULL,0,Notification(channel=music_not pri=2 contentView=null vibrate=null sound=null defaults=0x0 flags=0x1a color=0xffff3757 category=transport actions=3 vis=PUBLIC),1]
07-08 17:13:34.732  1909  1909 I notification_enqueue: [1000,1909,android,40,NULL,0,Notification(channel=FOREGROUND_SERVICE pri=0 contentView=null vibrate=null sound=null defaults=0x0 flags=0x2 color=0xff607d8b vis=PRIVATE),0]
07-08 17:13:34.734  1909  1909 I notification_enqueue: [10090,10411,com.generalmobile.app.musicplayer,1938,NULL,0,Notification(channel=music_not pri=2 contentView=null vibrate=null sound=null defaults=0x0 flags=0x5a color=0xffff3757 category=transport actions=3 vis=PUBLIC),1]
07-08 17:13:34.815   775   775 I auditd  : type=1400 audit(0.0:226): avc: denied { read } for comm="HwBinder:775_2" name="u:object_r:dolby_prop:s0" dev="tmpfs" ino=16893 scontext=u:r:hal_audio_default:s0 tcontext=u:object_r:dolby_prop:s0 tclass=file permissive=0
07-08 17:13:34.828  1909  1909 I notification_enqueue: [10090,10411,com.generalmobile.app.musicplayer,1938,NULL,0,Notification(channel=music_not pri=2 contentView=null vibrate=null sound=null defaults=0x0 flags=0x1a color=0xffff3757 category=transport actions=3 vis=PUBLIC),1]
07-08 17:13:34.834  1909  1909 I notification_enqueue: [10090,10411,com.generalmobile.app.musicplayer,1938,NULL,0,Notification(channel=music_not pri=2 contentView=null vibrate=null sound=null defaults=0x0 flags=0x1a color=0xffff3757 category=transport actions=3 vis=PUBLIC),1]
07-08 17:13:34.843  1909  1909 I notification_enqueue: [10090,10411,com.generalmobile.app.musicplayer,1938,NULL,0,Notification(channel=music_not pri=2 contentView=null vibrate=null sound=null defaults=0x0 flags=0x5a color=0xffff3757 category=transport actions=3 vis=PUBLIC),1]
