06-06 04:02:09.024   595   595 I auditd  : SELinux: Loaded service_contexts from:
06-06 04:02:09.025   593   593 I auditd  : SELinux: Loaded service_contexts from:
06-06 04:02:09.026   595   595 I auditd  :     /vendor/etc/selinux/vndservice_contexts
06-06 04:02:09.027   593   593 I auditd  :     /system/etc/selinux/plat_service_contexts
06-06 04:02:03.822   591   591 I auditd  : type=2000 audit(0.0:1): initialized
06-06 04:02:07.849   591   591 I auditd  : type=1403 audit(0.0:2): policy loaded auid=4294967295 ses=4294967295
06-06 04:02:07.849   591   591 I auditd  : type=1404 audit(0.0:3): enforcing=1 old_enforcing=0 auid=4294967295 ses=4294967295
06-06 04:02:09.149     1     1 I auditd  : type=1400 audit(0.0:4): avc: granted { open } for comm="init" path="/dev/ipa" dev="tmpfs" ino=19505 scontext=u:r:init:s0 tcontext=u:object_r:ipa_dev:s0 tclass=chr_file
06-06 04:02:10.559   788   788 I auditd  : type=1400 audit(0.0:5): avc: denied { read write } for comm="android.hardwar" name="diag" dev="tmpfs" ino=4607 scontext=u:r:hal_sensors_default:s0 tcontext=u:object_r:diag_device:s0 tclass=chr_file permissive=0
06-06 04:02:10.619   783   783 I auditd  : type=1400 audit(0.0:6): avc: denied { read } for comm="android.hardwar" name="name" dev="sysfs" ino=34893 scontext=u:r:hal_graphics_composer_default:s0 tcontext=u:object_r:sysfs:s0 tclass=file permissive=0
06-06 04:02:10.619   783   783 I auditd  : type=1400 audit(0.0:7): avc: denied { read } for comm="android.hardwar" name="name" dev="sysfs" ino=35804 scontext=u:r:hal_graphics_composer_default:s0 tcontext=u:object_r:sysfs:s0 tclass=file permissive=0
06-06 04:02:10.729   783   783 I auditd  : type=1400 audit(0.0:8): avc: denied { read write } for comm="android.hardwar" name="diag" dev="tmpfs" ino=4607 scontext=u:r:hal_graphics_composer_default:s0 tcontext=u:object_r:diag_device:s0 tclass=chr_file permissive=0
06-06 04:02:10.749     1     1 I auditd  : type=1400 audit(0.0:9): avc: denied { write } for comm="init" name="android0" dev="sysfs" ino=46771 scontext=u:r:init:s0 tcontext=u:object_r:sysfs_android_usb:s0 tclass=dir permissive=0
06-06 04:02:10.749     1     1 I auditd  : type=1400 audit(0.0:10): avc: denied { write } for comm="init" name="android0" dev="sysfs" ino=46771 scontext=u:r:init:s0 tcontext=u:object_r:sysfs_android_usb:s0 tclass=dir permissive=0
06-06 04:02:10.789   885   885 I auditd  : type=1400 audit(0.0:11): avc: denied { read write } for comm="sensors.qcom" name="diag" dev="tmpfs" ino=4607 scontext=u:r:sensors:s0 tcontext=u:object_r:diag_device:s0 tclass=chr_file permissive=0
06-06 04:02:10.799   903   903 I auditd  : type=1400 audit(0.0:12): avc: denied { read } for comm="ueventd" name="mmcblk0p37" dev="tmpfs" ino=16977 scontext=u:r:ueventd:s0 tcontext=u:object_r:mba_debug_dev:s0 tclass=blk_file permissive=0
06-06 04:02:12.459  1185  1185 I auditd  : type=1400 audit(0.0:13): avc: denied { entrypoint } for comm="vold" path="/vendor/bin/resize_ext4" dev="dm-1" ino=276 scontext=u:r:fsck:s0 tcontext=u:object_r:resize_exec:s0 tclass=file permissive=0
06-06 04:02:12.869  1253  1253 I auditd  : type=1400 audit(0.0:14): avc: denied { read } for comm="hvdcp_opti" name="name" dev="sysfs" ino=23103 scontext=u:r:hvdcp:s0 tcontext=u:object_r:sysfs:s0 tclass=file permissive=0
06-06 04:02:12.879  1251  1251 I auditd  : type=1400 audit(0.0:15): avc: denied { read write } for comm="imsqmidaemon" name="diag" dev="tmpfs" ino=4607 scontext=u:r:ims:s0 tcontext=u:object_r:diag_device:s0 tclass=chr_file permissive=0
06-06 04:02:12.889  1268  1268 I auditd  : type=1400 audit(0.0:16): avc: denied { read } for comm="storaged" path="/sys/kernel/debug/mmc0/mmc0:0001/ext_csd" dev="debugfs" ino=347 scontext=u:r:storaged:s0 tcontext=u:object_r:debugfs_mmc:s0 tclass=file permissive=0
06-06 04:02:12.919  1249  1249 I auditd  : type=1400 audit(0.0:17): avc: denied { read } for comm="thermal-engine" name="uio" dev="sysfs" ino=34208 scontext=u:r:thermal-engine:s0 tcontext=u:object_r:sysfs_uio:s0 tclass=dir permissive=0
06-06 04:02:12.951  1249  1345 I liblog  : 137
07-08 16:51:15.776  1282  1282 I auditd  : type=1400 audit(0.0:18): avc: denied { read write } for comm="dpmd" name="diag" dev="tmpfs" ino=4607 scontext=u:r:dpmd:s0 tcontext=u:object_r:diag_device:s0 tclass=chr_file permissive=0
07-08 16:51:15.799  1255  1255 I boot_progress_start: 9608
07-08 16:51:15.816  1381  1381 I auditd  : type=1400 audit(0.0:19): avc: denied { read write } for comm="imsdatadaemon" name="diag" dev="tmpfs" ino=4607 scontext=u:r:ims:s0 tcontext=u:object_r:diag_device:s0 tclass=chr_file permissive=0
07-08 16:51:15.826  1246  1246 I auditd  : type=1400 audit(0.0:20): avc: denied { read write } for comm="cnd" name="diag" dev="tmpfs" ino=4607 scontext=u:r:cnd:s0 tcontext=u:object_r:diag_device:s0 tclass=chr_file permissive=0
07-08 16:51:15.836  1398  1398 I auditd  : type=1400 audit(0.0:21): avc: denied { read write } for comm="ipacm-diag" name="diag" dev="tmpfs" ino=4607 scontext=u:r:ipacm-diag:s0 tcontext=u:object_r:diag_device:s0 tclass=chr_file permissive=0
07-08 16:51:16.096  1467  1467 I auditd  : type=1400 audit(0.0:22): avc: denied { read write } for comm="qti" name="diag" dev="tmpfs" ino=4607 scontext=u:r:qti:s0 tcontext=u:object_r:diag_device:s0 tclass=chr_file permissive=0
07-08 16:51:16.146  1486  1486 I auditd  : type=1400 audit(0.0:23): avc: denied { read write } for comm="netmgrd" name="diag" dev="tmpfs" ino=4607 scontext=u:r:netmgrd:s0 tcontext=u:object_r:diag_device:s0 tclass=chr_file permissive=0
07-08 16:51:16.586  1271  1271 I auditd  : type=1400 audit(0.0:24): avc: denied { ioctl } for comm="rild" path="/vendor/radio/qcril_database/qcril.db" dev="dm-1" ino=3487 ioctlcmd=f50c scontext=u:r:rild:s0 tcontext=u:object_r:vendor_file:s0 tclass=file permissive=0
07-08 16:51:17.086  1733  1733 I auditd  : type=1400 audit(0.0:25): avc: denied { read write } for comm="ims_rtp_daemon" name="diag" dev="tmpfs" ino=4607 scontext=u:r:hal_imsrtp:s0 tcontext=u:object_r:diag_device:s0 tclass=chr_file permissive=0
07-08 16:51:17.086  1255  1255 I sysui_histogram: [boot_zygote_init,10895]
07-08 16:51:17.097  1255  1255 I sysui_multi_action: [757,804,799,boot_zygote_init,801,10895,802,1]
07-08 16:51:17.109  1255  1255 I boot_progress_preload_start: 10918
07-08 16:51:17.203  1257  1257 I sysui_histogram: [boot_zygote_init,11011]
07-08 16:51:17.214  1257  1257 I sysui_multi_action: [757,804,799,boot_zygote_init,801,11011,802,1]
07-08 16:51:17.226   775   775 I auditd  : type=1400 audit(0.0:26): avc: denied { read write } for comm="HwBinder:775_1" name="diag" dev="tmpfs" ino=4607 scontext=u:r:hal_audio_default:s0 tcontext=u:object_r:diag_device:s0 tclass=chr_file permissive=0
07-08 16:51:17.911  1255  1255 I boot_progress_preload_end: 11719
07-08 16:51:18.084  1909  1909 I boot_progress_system_run: 11892
07-08 16:51:18.085  1909  1909 I sysui_histogram: [boot_system_server_init,11892]
07-08 16:51:18.085  1909  1909 I sysui_multi_action: [757,804,799,boot_system_server_init,801,11892,802,1]
07-08 16:51:18.333  1909  1909 I rescue_note: [0,1,12142]
07-08 16:51:18.344  1909  1909 I sysui_histogram: [boot_package_manager_init_start,12153]
07-08 16:51:18.344  1909  1909 I sysui_multi_action: [757,804,799,boot_package_manager_init_start,801,12153,802,1]
07-08 16:51:18.345  1909  1909 I boot_progress_pms_start: 12154
07-08 16:51:18.480  1909  1909 I boot_progress_pms_system_scan_start: 12288
07-08 16:51:18.709  1909  1909 I boot_progress_pms_data_scan_start: 12517
07-08 16:51:18.955  1909  1909 I boot_progress_pms_scan_end: 12763
07-08 16:51:18.962  1909  1909 I pm_critical_info: Destroying /data/user/0/media due to: com.android.server.pm.PackageManagerException: Package media is unknown
07-08 16:51:19.178  1909  1909 I boot_progress_pms_ready: 12987
07-08 16:51:19.250  1909  1909 I sysui_histogram: [boot_package_manager_init_ready,13059]
07-08 16:51:19.251  1909  1909 I sysui_multi_action: [757,804,799,boot_package_manager_init_ready,801,13059,802,1]
07-08 16:51:19.257  1909  1909 I am_uid_running: 1000
07-08 16:51:19.259  1909  1909 I am_uid_active: 1000
07-08 16:51:19.266  1909  1930 I battery_status: [3,2,1,0,Li-ion]
07-08 16:51:19.266  1909  1930 I battery_level: [92,4166,300]
07-08 16:51:19.409  1909  1909 I wm_stack_created: 0
07-08 16:51:19.429  1909  1909 I configuration_changed: 24056
07-08 16:51:19.451  1909  2103 I configuration_changed: 1032
07-08 16:51:19.471  1909  2073 I configuration_changed: 512
07-08 16:51:19.495  1909  2105 I configuration_changed: 256
07-08 16:51:19.502  1909  1956 I configuration_changed: 256
07-08 16:51:19.729  1909  2138 I storage_state: [41217664-9172-527a-b3d5-edabb50a7d69,0,0,50301091840,52225089536]
07-08 16:51:19.755  1909  1909 I stream_devices_changed: [0,0,1]
07-08 16:51:19.755  1909  1909 I stream_devices_changed: [2,0,2]
07-08 16:51:19.755  1909  1909 I stream_devices_changed: [3,0,2]
07-08 16:51:19.756  1909  1909 I stream_devices_changed: [4,0,2]
07-08 16:51:19.756  1909  1909 I stream_devices_changed: [6,0,1]
07-08 16:51:19.776   790   790 I auditd  : type=1400 audit(0.0:27): avc: denied { dac_override } for comm="usb@1.0-service" capability=1 scontext=u:r:hal_usb_default:s0 tcontext=u:r:hal_usb_default:s0 tclass=capability permissive=0
07-08 16:51:19.776   790   790 I auditd  : type=1400 audit(0.0:28): avc: denied { dac_override } for comm="usb@1.0-service" capability=1 scontext=u:r:hal_usb_default:s0 tcontext=u:r:hal_usb_default:s0 tclass=capability permissive=0
07-08 16:51:19.928  1909  1909 I boot_progress_ams_ready: 13737
07-08 16:51:19.930  1909  1909 I configuration_changed: 256
07-08 16:51:19.945  1909  1956 I configuration_changed: 256
07-08 16:51:19.977  1268  1412 I storaged_emmc_info: [emmc 5.1,1,1,1]
07-08 16:51:20.028  1909  1909 I snet_event_log: [35028827,-1,account:Account {name=@@ContextManagerNullAccount@@, type=com.google} provider:com.google.android.location.reporting user:0]
07-08 16:51:20.028  1909  1909 I snet_event_log: [26513719,-1,Malformed authority]
07-08 16:51:20.189  1909  1909 I am_uid_running: 10070
07-08 16:51:20.196  1909  1909 I am_proc_start: [0,2170,10070,com.google.android.inputmethod.latin,service,com.google.android.inputmethod.latin/com.android.inputmethod.latin.LatinIME]
07-08 16:51:20.201  1909  1909 I am_uid_running: 10035
07-08 16:51:20.212  1909  1909 I am_proc_start: [0,2183,10035,com.android.systemui,service,com.android.systemui/.ImageWallpaper]
07-08 16:51:20.213  1909  1930 I am_proc_bound: [0,2170,com.google.android.inputmethod.latin]
07-08 16:51:20.216   790   790 I auditd  : type=1400 audit(0.0:29): avc: denied { dac_override } for comm="usb@1.0-service" capability=1 scontext=u:r:hal_usb_default:s0 tcontext=u:r:hal_usb_default:s0 tclass=capability permissive=0
07-08 16:51:20.216   790   790 I auditd  : type=1400 audit(0.0:30): avc: denied { dac_override } for comm="usb@1.0-service" capability=1 scontext=u:r:hal_usb_default:s0 tcontext=u:r:hal_usb_default:s0 tclass=capability permissive=0
07-08 16:51:20.216  1909  1930 I am_uid_active: 10070
07-08 16:51:20.224  1909  1930 I am_proc_bound: [0,2183,com.android.systemui]
07-08 16:51:20.225  1909  1930 I am_uid_active: 10035
07-08 16:51:20.236  1909  1909 I auditd  : type=1400 audit(0.0:31): avc: denied { write } for comm="Binder:1909_2" name="timerslack_ns" dev="proc" ino=25187 scontext=u:r:system_server:s0 tcontext=u:r:audioserver:s0 tclass=file permissive=0
07-08 16:51:20.236  1909  1909 I auditd  : type=1400 audit(0.0:32): avc: denied { write } for comm="Binder:1909_2" name="timerslack_ns" dev="proc" ino=29086 scontext=u:r:system_server:s0 tcontext=u:r:audioserver:s0 tclass=file permissive=0
07-08 16:51:20.236  1909  1909 I auditd  : type=1400 audit(0.0:33): avc: denied { write } for comm="Binder:1909_2" name="timerslack_ns" dev="proc" ino=25189 scontext=u:r:system_server:s0 tcontext=u:r:audioserver:s0 tclass=file permissive=0
07-08 16:51:20.262  1909  1942 I am_uid_running: 1037
07-08 16:51:20.294  1909  1942 I am_proc_start: [0,2202,1037,WebViewLoader-armeabi-v7a,,]
07-08 16:51:20.306  1909  1942 I am_proc_start: [0,2213,1037,WebViewLoader-arm64-v8a,,]
07-08 16:51:20.510  1909  2119 I netstats_mobile_sample: [0,0,0,0,0,0,0,0,0,0,0,0,-1]
07-08 16:51:20.511  1909  2119 I netstats_wifi_sample: [0,0,0,0,0,0,0,0,0,0,0,0,-1]
07-08 16:51:20.579  1909  1909 I am_proc_start: [0,2262,1000,.dataservices,added application,.dataservices]
07-08 16:51:20.587  1909  1909 I am_uid_running: 1001
07-08 16:51:20.600  1909  1909 I am_proc_start: [0,2287,1001,com.qualcomm.qti.telephonyservice,added application,com.qualcomm.qti.telephonyservice]
07-08 16:51:20.611  1909  1909 I am_proc_start: [0,2303,1001,com.android.phone,added application,com.android.phone]
07-08 16:51:20.723  1909  1909 I wm_task_created: [1,0]
07-08 16:51:20.724  1909  1909 I wm_task_moved: [1,1,0]
07-08 16:51:20.724  1909  1909 I wm_task_moved: [1,1,0]
07-08 16:51:20.724  1909  1909 I am_create_task: [0,1]
07-08 16:51:20.724  1909  1909 I am_create_activity: [0,95638215,1,com.android.settings/.FallbackHome,android.intent.action.MAIN,NULL,NULL,276824320]
07-08 16:51:20.724  1909  1909 I wm_task_moved: [1,1,0]
07-08 16:51:20.739  1909  1909 I am_proc_start: [0,2344,1000,com.android.settings,activity,com.android.settings/.FallbackHome]
07-08 16:51:20.758  1909  1929 I am_proc_bound: [0,2262,.dataservices]
07-08 16:51:20.759  1909  1909 I sysui_histogram: [boot_system_server_ready,14568]
07-08 16:51:20.759  1909  1909 I sysui_multi_action: [757,804,799,boot_system_server_ready,801,14568,802,1]
07-08 16:51:20.761  1909  2294 I am_proc_bound: [0,2287,com.qualcomm.qti.telephonyservice]
07-08 16:51:20.762  1909  2294 I am_uid_active: 1001
07-08 16:51:20.763  1909  2319 I am_proc_bound: [0,2303,com.android.phone]
07-08 16:51:20.765  1909  2317 I am_proc_bound: [0,2344,com.android.settings]
07-08 16:51:20.769  1909  2317 I am_restart_activity: [0,95638215,1,com.android.settings/.FallbackHome]
07-08 16:51:20.770  1909  2317 I am_set_resumed_activity: [0,com.android.settings/.FallbackHome,minimalResumeActivityLocked]
07-08 16:51:20.932  2344  2344 I am_on_resume_called: [0,com.android.settings.FallbackHome,LAUNCH_ACTIVITY]
07-08 16:51:20.955  2183  2413 I sysui_action: [213,2]
07-08 16:51:20.957  2183  2413 I sysui_multi_action: [757,213,758,4,759,2]
07-08 16:51:21.014  1909  1945 I boot_progress_enable_screen: 14823
07-08 16:51:21.015  1909  1956 I am_activity_launch_time: [0,95638215,com.android.settings/.FallbackHome,285,285]
07-08 16:51:21.015  1909  1945 I screen_toggled: 1
07-08 16:51:21.071  1909  1929 I am_pause_activity: [0,95638215,com.android.settings/.FallbackHome]
07-08 16:51:21.087  2344  2344 I am_on_paused_called: [0,com.android.settings.FallbackHome,handlePauseActivity]
07-08 16:51:21.097  1909  1945 I am_stop_activity: [0,95638215,com.android.settings/.FallbackHome]
07-08 16:51:21.098  1909  1945 I sysui_count: [window_time_0,2]
07-08 16:51:21.098  1909  1945 I sysui_multi_action: [757,803,799,window_time_0,802,2]
07-08 16:51:21.099  2344  2344 I am_on_stop_called: [0,com.android.settings.FallbackHome,handleStopActivity]
07-08 16:51:21.201  2183  2183 I sysui_multi_action: [757,1093,758,4,793,8,1094,0,1095,0]
07-08 16:51:22.045  2183  2183 I sysui_view_visibility: [111,100]
07-08 16:51:22.045  2183  2183 I sysui_multi_action: [757,111,758,1]
07-08 16:51:22.045  2183  2183 I sysui_multi_action: [757,126,758,1,759,126,833,0,927,0,928,0]
07-08 16:51:22.045  2183  2183 I sysui_multi_action: [757,115,758,1,759,115,833,0,927,1,928,0]
07-08 16:51:22.045  2183  2183 I sysui_multi_action: [757,113,758,1,759,113,833,0,927,2,928,0]
07-08 16:51:22.045  2183  2183 I sysui_multi_action: [757,122,758,1,759,122,833,0,927,3,928,0]
07-08 16:51:22.045  2183  2183 I sysui_multi_action: [757,116,758,1,759,116,833,0,927,4,928,0]
07-08 16:51:22.045  2183  2183 I sysui_multi_action: [757,119,758,1,759,119,833,0,927,5,928,0]
07-08 16:51:22.057  2183  2183 I sysui_multi_action: [757,196,758,1,759,0]
07-08 16:51:22.057  2183  2183 I sysui_status_bar_state: [1,1,0,0,0,1]
07-08 16:51:22.061  1909  1930 I sysui_view_visibility: [127,100]
07-08 16:51:22.061  1909  1930 I sysui_multi_action: [757,127,758,1]
07-08 16:51:22.061  1909  1930 I sysui_histogram: [note_load,0]
07-08 16:51:22.061  1909  1930 I sysui_multi_action: [757,804,799,note_load,801,0,802,1]
07-08 16:51:22.061  1909  1930 I notification_panel_revealed: 0
07-08 16:51:24.371   813  2150 I sf_stop_bootanim: 18180
07-08 16:51:24.372  1909  1956 I wm_boot_animation_done: 18180
07-08 16:51:24.383  1909  1956 I am_user_state_changed: [0,1]
07-08 16:51:24.383  1909  1956 I sysui_histogram: [framework_locked_boot_completed,18]
07-08 16:51:24.383  1909  1956 I sysui_multi_action: [757,804,799,framework_locked_boot_completed,801,18,802,1]
07-08 16:51:24.385  1909  1956 I am_user_state_changed: [0,2]
07-08 16:51:24.411  2642  2642 I sysui_multi_action: [757,1098,758,4,1099,]
07-08 16:51:24.425  2644  2644 I sysui_multi_action: [757,804,799,factory_reset_current_time,801,1531048884,802,1]
07-08 16:51:24.426  2644  2644 I sysui_multi_action: [757,804,799,factory_reset_record_value,801,1530867275,802,1]
07-08 16:51:24.439  2649  2649 I sysui_multi_action: [757,804,799,post_decrypt_time_elapsed,801,9,802,1]
07-08 16:51:24.440  2649  2649 I sysui_multi_action: [757,804,799,last_boot_time_utc,801,1531048884,802,1]
07-08 16:51:24.440  2649  2649 I sysui_multi_action: [757,804,799,build_date,801,1530121997,802,1]
07-08 16:51:24.440  2649  2649 I sysui_multi_action: [757,804,799,boot_decryption_complete,801,18,802,1]
07-08 16:51:24.440  2649  2649 I sysui_multi_action: [757,804,799,factory_reset_boot_complete_post_decrypt,801,41,802,1]
07-08 16:51:24.440  2649  2649 I sysui_multi_action: [757,804,799,factory_reset_boot_complete,801,50,802,1]
07-08 16:51:24.440  2649  2649 I sysui_multi_action: [757,804,799,ro.boottime.init,801,4102,802,1]
07-08 16:51:24.440  2649  2649 I sysui_multi_action: [757,804,799,ro.boottime.init.selinux,801,39,802,1]
07-08 16:51:24.440  2649  2649 I sysui_multi_action: [757,804,799,ro.boottime.init.cold_boot_wait,801,937,802,1]
07-08 16:51:24.440  2649  2649 I sysui_multi_action: [757,804,799,boottime.bootloader.total,801,0,802,1]
07-08 16:51:24.440  2649  2649 I sysui_multi_action: [757,804,799,absolute_boot_time,801,18,802,1]
07-08 16:51:24.440  2649  2649 I sysui_multi_action: [757,804,799,boot_reason,801,1,802,1]
07-08 16:51:24.440  2649  2649 I sysui_multi_action: [757,804,799,factory_reset_current_time,801,1531048884,802,1]
07-08 16:51:24.440  2649  2649 I sysui_multi_action: [757,804,799,factory_reset,801,1530867275,802,1]
07-08 16:51:24.440  2649  2649 I sysui_multi_action: [757,804,799,time_since_last_boot,801,181280,802,1]
07-08 16:51:24.440  2649  2649 I sysui_multi_action: [757,804,799,ota_boot_complete_post_decrypt,801,25,802,1]
07-08 16:51:24.440  2649  2649 I sysui_multi_action: [757,804,799,ota_boot_complete,801,34,802,1]
07-08 16:51:24.440  2649  2649 I sysui_multi_action: [757,804,799,factory_reset_record_value,801,1530867275,802,1]
07-08 16:51:24.440  2649  2649 I sysui_multi_action: [757,804,799,time_since_factory_reset,801,181609,802,1]
07-08 16:51:24.440  2649  2649 I sysui_multi_action: [757,804,799,boot_complete_post_decrypt,801,9,802,1]
07-08 16:51:24.440  2649  2649 I sysui_multi_action: [757,804,799,boot_complete,801,18,802,1]
07-08 16:51:24.566  1909  1909 I am_uid_running: 10094
07-08 16:51:24.580  1909  1909 I am_proc_start: [0,2661,10094,com.google.android.marvin.talkback,broadcast,com.google.android.marvin.talkback/com.google.android.accessibility.talkback.BootReceiver]
07-08 16:51:24.601  1909  2359 I am_proc_start: [0,2678,1001,com.qualcomm.qcrilmsgtunnel,service,com.qualcomm.qcrilmsgtunnel/.QcrilMsgTunnelService]
07-08 16:51:24.606  1909  1930 I am_proc_bound: [0,2661,com.google.android.marvin.talkback]
07-08 16:51:24.624  1909  2359 I am_proc_bound: [0,2678,com.qualcomm.qcrilmsgtunnel]
07-08 16:51:24.657  1909  1945 I am_uid_running: 10014
07-08 16:51:24.669  1909  1945 I am_proc_start: [0,2700,10014,com.google.android.gms.persistent,service,com.google.android.gms/.backup.component.D2dTransportService]
07-08 16:51:24.696  1909  1930 I am_proc_bound: [0,2700,com.google.android.gms.persistent]
07-08 16:51:24.700  1909  1930 I am_uid_active: 10014
07-08 16:51:24.810  1909  1930 I am_uid_running: 10054
07-08 16:51:24.860  1909  1930 I am_proc_start: [0,2733,10054,com.google.android.deskclock,broadcast,com.google.android.deskclock/com.android.deskclock.AlarmInitReceiver]
07-08 16:51:24.864  1909  1945 I am_uid_running: 10039
07-08 16:51:24.881  1909  1945 I am_proc_start: [0,2751,10039,com.google.android.googlequicksearchbox:interactor,service,com.google.android.googlequicksearchbox/com.google.android.voiceinteraction.GsaVoiceInteractionService]
07-08 16:51:24.882  1909  1930 I am_proc_bound: [0,2733,com.google.android.deskclock]
07-08 16:51:24.910  1909  1930 I am_proc_bound: [0,2751,com.google.android.googlequicksearchbox:interactor]
07-08 16:51:24.913  1909  1930 I am_uid_active: 10039
07-08 16:51:24.983  1909  1945 I am_proc_start: [0,2775,1001,com.qualcomm.qti.loadcarrier,added application,com.qualcomm.qti.loadcarrier]
07-08 16:51:25.011  1909  1945 I am_proc_start: [0,2791,1000,com.quicinc.wbcserviceapp,added application,com.quicinc.wbcserviceapp]
07-08 16:51:25.013  1909  1945 I am_uid_running: 10030
07-08 16:51:25.043  1909  1945 I am_proc_start: [0,2806,10030,com.android.test.soundtrigger,added application,com.android.test.soundtrigger]
07-08 16:51:25.060  1909  1945 I am_proc_start: [0,2819,1000,com.qualcomm.qti.services.secureui:sui_service,added application,com.qualcomm.qti.services.secureui:sui_service]
07-08 16:51:25.063  1909  1945 I am_user_state_changed: [0,3]
07-08 16:51:25.063  1909  1945 I sysui_histogram: [framework_boot_completed,18]
07-08 16:51:25.063  1909  1945 I sysui_multi_action: [757,804,799,framework_boot_completed,801,18,802,1]
07-08 16:51:25.065  1909  2359 I am_proc_bound: [0,2775,com.qualcomm.qti.loadcarrier]
07-08 16:51:25.068  1909  2319 I am_proc_bound: [0,2791,com.quicinc.wbcserviceapp]
07-08 16:51:25.070  1909  2294 I am_proc_bound: [0,2806,com.android.test.soundtrigger]
07-08 16:51:25.073  1909  2294 I am_uid_active: 10030
07-08 16:51:25.075  1909  1944 I am_uid_running: 10078
07-08 16:51:25.092  1909  1944 I am_proc_start: [0,2832,10078,com.android.printspooler,service,com.android.printspooler/.model.PrintSpoolerService]
07-08 16:51:25.094  1909  1909 I backup_transport_lifecycle: [android/com.android.internal.backup.LocalTransportService,1]
07-08 16:51:25.097  1909  2317 I am_proc_bound: [0,2819,com.qualcomm.qti.services.secureui:sui_service]
07-08 16:51:25.102  1909  2317 I am_finish_activity: [0,95638215,1,com.android.settings/.FallbackHome,app-request]
07-08 16:51:25.103  1909  2317 I wm_task_moved: [1,1,0]
07-08 16:51:25.103  1909  2317 I am_destroy_activity: [0,95638215,1,com.android.settings/.FallbackHome,finish-imm]
07-08 16:51:25.108  1909  1945 I sysui_count: [window_time_0,4]
07-08 16:51:25.108  1909  1945 I sysui_multi_action: [757,803,799,window_time_0,802,4]
07-08 16:51:25.111  1909  1930 I am_uid_running: 10084
07-08 16:51:25.130  1909  1930 I am_proc_start: [0,2849,10084,com.android.smspush,service,com.android.smspush/.WapPushManager]
07-08 16:51:25.133  1909  2317 I wm_task_removed: [1,removeAppToken: last token]
07-08 16:51:25.133  1909  2317 I wm_task_removed: [1,removeTask]
07-08 16:51:25.148  1909  2317 I wm_task_created: [121,0]
07-08 16:51:25.148  1909  2317 I wm_task_moved: [121,1,0]
07-08 16:51:25.148  1909  2317 I wm_task_moved: [121,1,0]
07-08 16:51:25.149  1909  2317 I am_create_task: [0,121]
07-08 16:51:25.149  1909  2317 I am_create_activity: [0,74943016,121,com.android.launcher3/com.android.searchlauncher.SearchLauncher,android.intent.action.MAIN,NULL,NULL,268435712]
07-08 16:51:25.149  1909  2317 I wm_task_moved: [121,1,0]
07-08 16:51:25.152  1909  2317 I am_proc_bound: [0,2849,com.android.smspush]
07-08 16:51:25.153  1909  2317 I am_uid_active: 10084
07-08 16:51:25.165  1909  1945 I am_proc_start: [0,2873,1000,com.android.launcher3,activity,com.android.launcher3/com.android.searchlauncher.SearchLauncher]
07-08 16:51:25.167  1909  1930 I am_proc_bound: [0,2832,com.android.printspooler]
07-08 16:51:25.168  1909  1930 I am_uid_active: 10078
07-08 16:51:25.187  1909  2359 I am_proc_start: [0,2888,10014,com.google.process.gservices,content provider,com.google.android.gsf/.gservices.GservicesProvider]
07-08 16:51:25.189  1909  2317 I am_proc_bound: [0,2873,com.android.launcher3]
07-08 16:51:25.192  1909  2317 I am_restart_activity: [0,74943016,121,com.android.launcher3/com.android.searchlauncher.SearchLauncher]
07-08 16:51:25.193  1909  2317 I am_set_resumed_activity: [0,com.android.launcher3/com.android.searchlauncher.SearchLauncher,minimalResumeActivityLocked]
07-08 16:51:25.196  1909  2317 I am_pause_activity: [0,74943016,com.android.launcher3/com.android.searchlauncher.SearchLauncher]
07-08 16:51:25.197  1909  2317 I am_proc_bound: [0,2888,com.google.process.gservices]
07-08 16:51:25.219  1909  1929 I am_uid_running: 10011
07-08 16:51:25.230  1909  1929 I am_proc_start: [0,2914,10011,android.process.media,content provider,com.android.providers.media/.MediaProvider]
07-08 16:51:25.243  1909  2238 I am_proc_bound: [0,2914,android.process.media]
07-08 16:51:25.276  2303  2303 I auditd  : type=1400 audit(0.0:34): avc: denied { read } for comm="m.android.phone" name="u:object_r:opengles_prop:s0" dev="tmpfs" ino=16872 scontext=u:r:radio:s0 tcontext=u:object_r:opengles_prop:s0 tclass=file permissive=0
07-08 16:51:25.294  1909  1944 I am_proc_start: [0,2939,1000,com.android.keychain,service,com.android.keychain/.KeyChainService]
07-08 16:51:25.305  1909  2238 I am_proc_bound: [0,2939,com.android.keychain]
07-08 16:51:25.361  1909  2358 I am_uid_running: 10003
07-08 16:51:25.372  1909  2358 I am_proc_start: [0,2964,10003,android.process.acore,content provider,com.android.providers.contacts/.ContactsProvider2]
07-08 16:51:25.385  1909  2294 I am_proc_bound: [0,2964,android.process.acore]
07-08 16:51:25.386  1909  2294 I am_uid_active: 10003
07-08 16:51:25.428  2183  2418 I sysui_multi_action: [757,1093,758,4,793,4225,1094,9437184,1095,3]
07-08 16:51:25.426  1909  1909 I auditd  : type=1400 audit(0.0:35): avc: denied { execute } for comm="system_server" path="/data/dalvik-cache/arm64/system@priv-app@com.qualcomm.location@com.qualcomm.location.apk@classes.dex" dev="dm-2" ino=1863937 scontext=u:r:system_server:s0 tcontext=u:object_r:dalvikcache_data_file:s0 tclass=file permissive=0
07-08 16:51:25.498  1909  2294 I am_proc_start: [0,3000,10039,com.google.android.googlequicksearchbox:search,service,com.google.android.googlequicksearchbox/com.google.android.hotword.service.HotwordService]
07-08 16:51:25.514  1909  2319 I am_proc_bound: [0,3000,com.google.android.googlequicksearchbox:search]
07-08 16:51:25.541  1909  1929 I am_proc_start: [0,3020,10014,com.google.android.gms,content provider,com.google.android.gms/.fonts.provider.FontsProvider]
07-08 16:51:25.570  1909  3016 I am_proc_start: [0,3040,1000,com.qualcomm.location.XT,service,com.qualcomm.location.XT/.XTSrv]
07-08 16:51:25.572  1909  2238 I am_proc_bound: [0,3020,com.google.android.gms]
07-08 16:51:25.579  2873  2873 I am_on_resume_called: [0,com.android.searchlauncher.SearchLauncher,LAUNCH_ACTIVITY]
07-08 16:51:25.597  1909  2238 I am_proc_bound: [0,3040,com.qualcomm.location.XT]
07-08 16:51:25.602  2873  2873 I am_on_paused_called: [0,com.android.searchlauncher.SearchLauncher,handlePauseActivity]
07-08 16:51:25.607  1909  1945 I am_stop_activity: [0,74943016,com.android.launcher3/com.android.searchlauncher.SearchLauncher]
07-08 16:51:25.607  1909  1945 I sysui_count: [window_time_0,1]
07-08 16:51:25.607  1909  1945 I sysui_multi_action: [757,803,799,window_time_0,802,1]
07-08 16:51:25.669  2873  2873 I am_on_stop_called: [0,com.android.searchlauncher.SearchLauncher,handleStopActivity]
07-08 16:51:25.703  1909  2238 I am_proc_start: [0,3076,1000,com.qualcomm.qti.poweroffalarm,broadcast,com.qualcomm.qti.poweroffalarm/.PowerOffAlarmBroadcastReceiver]
07-08 16:51:25.724  1909  2238 I am_proc_bound: [0,3076,com.qualcomm.qti.poweroffalarm]
07-08 16:51:25.866  1909  3042 I am_uid_running: 10076
07-08 16:51:25.877  1909  3042 I am_proc_start: [0,3124,10076,com.google.android.apps.photos,broadcast,com.google.android.apps.photos/.sdcard.envcache.ExternalStorageStateChangeBroadcastReceiver]
07-08 16:51:25.916  1909  3042 I am_proc_start: [0,3143,10014,com.google.process.gapps,content provider,com.google.android.gsf/.settings.GoogleSettingsProvider]
07-08 16:51:25.917  1909  2359 I am_proc_bound: [0,3124,com.google.android.apps.photos]
07-08 16:51:25.935  1909  2238 I am_proc_bound: [0,3143,com.google.process.gapps]
07-08 16:51:25.947  1909  1930 I am_uid_running: 10022
07-08 16:51:25.961  1909  1930 I am_proc_start: [0,3158,10022,com.google.android.partnersetup,content provider,com.google.android.partnersetup/.RlzAppProvider]
07-08 16:51:25.996  1909  1929 I am_proc_bound: [0,3158,com.google.android.partnersetup]
07-08 16:51:26.006  1909  1909 I backup_transport_lifecycle: [com.google.android.gms/.backup.component.D2dTransportService,1]
07-08 16:51:26.158  1909  1909 I backup_transport_lifecycle: [com.google.android.gms/.backup.BackupTransportService,1]
07-08 16:51:26.256  1909  2358 I am_proc_start: [0,3205,1000,com.qualcomm.qti.qmmi,broadcast,com.qualcomm.qti.qmmi/.framework.QmmiReceiver]
07-08 16:51:26.266  1909  2358 I am_proc_bound: [0,3205,com.qualcomm.qti.qmmi]
07-08 16:51:26.285  1909  1944 I am_meminfo: [959307776,1584349184,12288,252641280,374302720]
07-08 16:51:26.302  1909  1909 I notification_cancel_all: [1000,1909,com.google.android.gms,0,0,0,17,NULL]
07-08 16:51:26.518  1909  3252 I sysui_histogram: [boot_mount_all_duration_default,14]
07-08 16:51:26.518  1909  3252 I sysui_multi_action: [757,804,799,boot_mount_all_duration_default,801,14,802,1]
07-08 16:51:26.518  1909  3252 I sysui_histogram: [boot_fs_stat_dsp_a,3]
07-08 16:51:26.518  1909  3252 I sysui_multi_action: [757,804,799,boot_fs_stat_dsp_a,801,3,802,1]
07-08 16:51:26.520  1909  3252 I sysui_histogram: [shutdown_activity_manager,135]
07-08 16:51:26.520  1909  3252 I sysui_multi_action: [757,804,799,shutdown_activity_manager,801,135,802,1]
07-08 16:51:26.520  1909  3252 I sysui_histogram: [shutdown_radios,1286]
07-08 16:51:26.520  1909  3252 I sysui_multi_action: [757,804,799,shutdown_radios,801,1286,802,1]
07-08 16:51:26.520  1909  3252 I sysui_histogram: [shutdown_radio,1269]
07-08 16:51:26.520  1909  3252 I sysui_multi_action: [757,804,799,shutdown_radio,801,1269,802,1]
07-08 16:51:26.520  1909  3252 I sysui_histogram: [shutdown_send_shutdown_broadcast,446]
07-08 16:51:26.520  1909  3252 I sysui_multi_action: [757,804,799,shutdown_send_shutdown_broadcast,801,446,802,1]
07-08 16:51:26.520  1909  3252 I sysui_histogram: [shutdown_system_server,2390]
07-08 16:51:26.520  1909  3252 I sysui_multi_action: [757,804,799,shutdown_system_server,801,2390,802,1]
07-08 16:51:26.520  1909  3252 I sysui_histogram: [shutdown_package_manager,20]
07-08 16:51:26.520  1909  3252 I sysui_multi_action: [757,804,799,shutdown_package_manager,801,20,802,1]
07-08 16:51:26.520  1909  3252 I sysui_histogram: [shutdown_bt,25]
07-08 16:51:26.520  1909  3252 I sysui_multi_action: [757,804,799,shutdown_bt,801,25,802,1]
07-08 16:51:26.520  1909  3252 I sysui_histogram: [shutdown_storage_manager,500]
07-08 16:51:26.520  1909  3252 I sysui_multi_action: [757,804,799,shutdown_storage_manager,801,500,802,1]
07-08 16:51:26.542  1909  1930 I am_uid_active: 10011
07-08 16:51:26.544  1909  1930 I am_uid_running: 10016
07-08 16:51:26.558  1909  1930 I am_proc_start: [0,3265,10016,com.google.android.dialer,broadcast,com.google.android.dialer/com.google.android.apps.dialer.app.GoogleDialerBootReceiver]
07-08 16:51:26.571  1909  2867 I am_proc_bound: [0,3265,com.google.android.dialer]
07-08 16:51:26.666  2303  2303 I gsm_service_state_change: [1,1,0,1]
07-08 16:51:26.667  2303  2303 I gsm_rat_switched_new: [21006030,0,3]
07-08 16:51:26.781  1909  2238 I configuration_changed: 3
07-08 16:51:26.837  1909  1909 I notification_cancel_all: [1000,1909,com.google.android.dialer,0,0,0,17,NULL]
07-08 16:51:26.837  1909  2238 I sysui_multi_action: [757,856,758,2,806,com.google.android.dialer,857,phone_voicemail_account_:8991000900009990147f,858,3]
07-08 16:51:26.925  1909  1930 I am_proc_start: [0,3318,1000,com.qualcomm.display,broadcast,com.qualcomm.cabl/.CABLReceiver]
07-08 16:51:26.941  1909  3304 I am_proc_bound: [0,3318,com.qualcomm.display]
07-08 16:51:27.082  1909  1930 I am_uid_running: 10012
07-08 16:51:27.093  1909  1930 I am_proc_start: [0,3352,10012,com.android.cellbroadcastreceiver,broadcast,com.android.cellbroadcastreceiver/.CellBroadcastReceiver]
07-08 16:51:27.106  1909  2238 I am_proc_bound: [0,3352,com.android.cellbroadcastreceiver]
07-08 16:51:27.213  1909  2238 I am_uid_running: 10023
07-08 16:51:27.224  1909  2238 I am_proc_start: [0,3378,10023,com.android.hotwordenrollment.okgoogle,broadcast,com.android.hotwordenrollment.okgoogle/.StartupReceiver]
07-08 16:51:27.254  1909  3304 I am_proc_bound: [0,3378,com.android.hotwordenrollment.okgoogle]
07-08 16:51:25.152  1909  2137 I am_uid_running: 10004
07-08 16:51:25.177  1909  2137 I am_proc_start: [0,3395,10004,com.android.providers.calendar,content provider,com.android.providers.calendar/.CalendarProvider2]
07-08 16:51:25.177  1909  2319 I am_uid_running: 10024
07-08 16:51:25.196  1909  2319 I am_proc_start: [0,3408,10024,com.android.managedprovisioning,broadcast,com.android.managedprovisioning/.preprovisioning.BootReminder]
07-08 16:51:25.198  1909  3304 I am_proc_bound: [0,3395,com.android.providers.calendar]
07-08 16:51:25.201  1909  3304 I am_uid_active: 10004
07-08 16:51:25.238  1909  2319 I am_proc_bound: [0,3408,com.android.managedprovisioning]
07-08 16:51:25.318  2183  2418 I sysui_multi_action: [757,1093,758,4,793,-108,1094,9437184,1095,2]
07-08 16:51:25.751   593   593 I auditd  : avc:  denied  { find } for service=regionalization pid=2914 uid=10011 scontext=u:r:mediaprovider:s0:c512,c768 tcontext=u:object_r:regionalization_service:s0 tclass=service_manager permissive=0
07-08 16:51:25.760  2303  2303 I gsm_service_state_change: [0,1,0,0]
07-08 16:51:25.810  1909  2238 I am_uid_running: 10026
07-08 16:51:25.826  1909  2238 I am_proc_start: [0,3443,10026,com.android.vending,broadcast,com.android.vending/com.google.android.finsky.boothandler.BootCompletedReceiver]
07-08 16:51:25.851  1909  2294 I am_proc_bound: [0,3443,com.android.vending]
07-08 16:51:26.081  2183  2183 I sysui_multi_action: [757,186,758,4,826,258,827,3551]
07-08 16:51:26.081  2183  2183 I sysui_lockscreen_gesture: [1,258,3551]
07-08 16:51:26.130  1909  3042 I sysui_view_visibility: [127,0]
07-08 16:51:26.130  1909  3042 I sysui_multi_action: [757,127,758,2]
07-08 16:51:26.130  1909  3042 I notification_panel_hidden: 
07-08 16:51:26.136  1909  3304 I am_set_resumed_activity: [0,com.android.launcher3/com.android.searchlauncher.SearchLauncher,resumeTopActivityInnerLocked]
07-08 16:51:26.137  1909  3304 I am_resume_activity: [0,74943016,121,com.android.launcher3/com.android.searchlauncher.SearchLauncher]
07-08 16:51:26.196  2873  2873 I am_on_resume_called: [0,com.android.searchlauncher.SearchLauncher,RESUME_ACTIVITY]
07-08 16:51:26.376  1909  1909 I notification_cancel_all: [1000,1909,com.android.vending,0,0,0,17,NULL]
07-08 16:51:26.384  1909  1909 I chatty  : uid=1000 system_server identical 2 lines
07-08 16:51:26.384  1909  1909 I notification_cancel_all: [1000,1909,com.android.vending,0,0,0,17,NULL]
07-08 16:51:26.397  1909  1956 I am_activity_launch_time: [0,74943016,com.android.launcher3/com.android.searchlauncher.SearchLauncher,3349,3391]
07-08 16:51:26.401  2183  2183 I sysui_view_visibility: [111,0]
07-08 16:51:26.401  2183  2183 I sysui_multi_action: [757,111,758,2]
07-08 16:51:26.403  2183  2183 I sysui_multi_action: [757,196,758,2,759,0]
07-08 16:51:26.403  2183  2183 I sysui_status_bar_state: [0,0,0,0,0,1]
07-08 16:51:26.415  1909  1909 I auditd  : type=1400 audit(0.0:37): avc: denied { write } for comm="Binder:1909_9" name="timerslack_ns" dev="proc" ino=45859 scontext=u:r:system_server:s0 tcontext=u:r:hal_audio_default:s0 tclass=file permissive=0
07-08 16:51:26.515  1909  1909 I auditd  : type=1400 audit(0.0:38): avc: denied { execute } for comm="system_server" path="/data/dalvik-cache/arm64/system@app@AntHalService@AntHalService.apk@classes.dex" dev="dm-2" ino=1863865 scontext=u:r:system_server:s0 tcontext=u:object_r:dalvikcache_data_file:s0 tclass=file permissive=0
07-08 16:51:26.642  1909  1909 I am_uid_running: 10089
07-08 16:51:26.658  1909  1909 I am_proc_start: [0,3565,10089,com.generalmobile.app.gmfilemanager,broadcast,com.generalmobile.app.gmfilemanager/.core.services.BootCompleteReceiver]
07-08 16:51:26.688  1909  2858 I am_proc_bound: [0,3565,com.generalmobile.app.gmfilemanager]
07-08 16:51:26.812  2183  2418 I sysui_multi_action: [757,1093,758,4,793,1493,1094,9437184,1095,2]
07-08 16:51:27.090  1909  2858 I am_uid_running: 10092
07-08 16:51:27.106  1909  2858 I am_proc_start: [0,3629,10092,com.generalmobile.assistant,broadcast,com.generalmobile.assistant/.utils.retail.receiver.OnBootBroadcast]
07-08 16:51:27.117  1909  1955 I am_uid_running: 1002
07-08 16:51:27.128  1909  1955 I am_proc_start: [0,3644,1002,com.android.bluetooth,service,com.android.bluetooth/.btservice.AdapterService]
07-08 16:51:27.147  1909  2294 I am_proc_bound: [0,3629,com.generalmobile.assistant]
07-08 16:51:27.152  1909  2238 I am_proc_bound: [0,3644,com.android.bluetooth]
07-08 16:51:27.156  1909  2238 I am_uid_active: 1002
07-08 16:51:27.381  3644  3668 I bt_config_source: 1
07-08 16:51:27.913  3443  3706 I google_http_request: [31,-1,Android-Finsky/10.6.08-all%20%5B0%5D%20%5BPR%5D%20200628961 (api=3,versionCode=81060800,sdk=27,device=GM9PRO_d_sprout,hardware=qcom,product=GM9PRO,platformVersionRelease=8.1.0,model=GM%209%20Pro%20d,buildId=OPM1.171019.019,isWideScreen=0,supportedAbis=arm64-v8a;armeabi-v7a;armeabi),0]
07-08 16:51:27.975  3443  3706 I google_http_request: [1,-1,Android-Finsky/10.6.08-all%20%5B0%5D%20%5BPR%5D%20200628961 (api=3,versionCode=81060800,sdk=27,device=GM9PRO_d_sprout,hardware=qcom,product=GM9PRO,platformVersionRelease=8.1.0,model=GM%209%20Pro%20d,buildId=OPM1.171019.019,isWideScreen=0,supportedAbis=arm64-v8a;armeabi-v7a;armeabi),0]
07-08 16:51:28.015  1909  2238 I am_proc_start: [0,3751,1000,com.generalmobile.gmservice,broadcast,com.generalmobile.gmservice/.utils.receivers.BootReceiver]
07-08 16:51:28.043  1909  2238 I am_proc_bound: [0,3751,com.generalmobile.gmservice]
07-08 16:51:28.105  1909  1930 I am_uid_running: 10091
07-08 16:51:28.118  1909  1930 I am_proc_start: [0,3767,10091,com.generalmobile.storeoid,broadcast,com.generalmobile.storeoid/.livedevice.OnBootBroadcast]
07-08 16:51:28.138  1909  2238 I am_proc_bound: [0,3767,com.generalmobile.storeoid]
07-08 16:51:28.293  1909  1945 I am_uid_running: 10071
07-08 16:51:28.307  2183  2183 I sysui_count: [panel_open,1]
07-08 16:51:28.307  2183  2183 I sysui_multi_action: [757,803,799,panel_open,802,1]
07-08 16:51:28.323  1909  1945 I am_proc_start: [0,3789,10071,com.google.android.apps.maps,broadcast,com.google.android.apps.maps/com.google.android.apps.gmm.navigation.service.detection.StartDetectionReceiver]
07-08 16:51:28.328  1909  1930 I sysui_view_visibility: [127,100]
07-08 16:51:28.328  1909  1930 I sysui_multi_action: [757,127,758,1]
07-08 16:51:28.328  1909  1930 I sysui_histogram: [note_load,0]
07-08 16:51:28.328  1909  1930 I sysui_multi_action: [757,804,799,note_load,801,0,802,1]
07-08 16:51:28.328  1909  1930 I notification_panel_revealed: 0
07-08 16:51:28.342  1909  3302 I am_proc_bound: [0,3789,com.google.android.apps.maps]
07-08 16:51:28.475   776   776 I auditd  : type=1400 audit(0.0:40): avc: denied { read write } for comm="bluetooth@1.0-s" name="diag" dev="tmpfs" ino=4607 scontext=u:r:hal_bluetooth_qti:s0 tcontext=u:object_r:diag_device:s0 tclass=chr_file permissive=0
07-08 16:51:28.554  1909  2867 I am_proc_start: [0,3817,10026,com.android.vending:instant_app_installer,service,com.android.vending/com.google.android.finsky.instantapps.statussync.StatusSyncService]
07-08 16:51:28.583  1909  2867 I am_proc_bound: [0,3817,com.android.vending:instant_app_installer]
07-08 16:51:28.626  1909  2358 I wm_stack_created: 1
07-08 16:51:28.626  1909  2358 I wm_task_created: [105,1]
07-08 16:51:28.626  1909  2358 I wm_task_moved: [105,1,0]
07-08 16:51:28.825  3789  3789 I auditd  : type=1400 audit(0.0:41): avc: denied { read } for comm="NativeLibLoader" name="stat" dev="proc" ino=4026532072 scontext=u:r:untrusted_app:s0:c512,c768 tcontext=u:object_r:proc_stat:s0 tclass=file permissive=0
07-08 16:51:29.229  1909  3302 I sysui_multi_action: [757,856,758,1,806,com.google.android.apps.maps,857,1551,858,3]
07-08 16:51:29.417  1909  1930 I sysui_view_visibility: [127,0]
07-08 16:51:29.417  1909  1930 I sysui_multi_action: [757,127,758,2]
07-08 16:51:29.417  1909  1930 I notification_panel_hidden: 
07-08 16:51:29.483  1909  1930 I am_uid_running: 10072
07-08 16:51:29.506  1909  1930 I am_proc_start: [0,3909,10072,com.google.android.apps.messaging,broadcast,com.google.android.apps.messaging/.shared.receiver.BootAndPackageReplacedReceiver]
07-08 16:51:29.532  1909  1930 I am_proc_bound: [0,3909,com.google.android.apps.messaging]
07-08 16:51:29.826  1909  3038 I am_uid_running: 10064
07-08 16:51:29.847  1909  3038 I am_proc_start: [0,3928,10064,com.google.android.tts,service,com.google.android.tts/.service.GoogleTTSService]
07-08 16:51:29.870  1909  2238 I am_proc_bound: [0,3928,com.google.android.tts]
07-08 16:51:29.945  3909  3909 I auditd  : type=1400 audit(0.0:42): avc: denied { read } for comm=".apps.messaging" name="stat" dev="proc" ino=4026532072 scontext=u:r:untrusted_app:s0:c512,c768 tcontext=u:object_r:proc_stat:s0 tclass=file permissive=0
07-08 16:51:29.955  3909  3909 I chatty  : uid=10072(com.google.android.apps.messaging) identical 1 line
07-08 16:51:29.975  3909  3909 I auditd  : type=1400 audit(0.0:44): avc: denied { read } for comm=".apps.messaging" name="stat" dev="proc" ino=4026532072 scontext=u:r:untrusted_app:s0:c512,c768 tcontext=u:object_r:proc_stat:s0 tclass=file permissive=0
07-08 16:51:30.147  1909  3038 I am_proc_start: [0,3967,10072,com.google.android.apps.messaging:rcs,broadcast,com.google.android.apps.messaging/com.google.android.ims.receiver.AutoStartReceiver]
07-08 16:51:30.194  1909  2867 I am_proc_bound: [0,3967,com.google.android.apps.messaging:rcs]
07-08 16:51:30.426  1909  1930 I am_proc_start: [0,3998,10014,com.google.android.gms.unstable,service,com.google.android.gms/.droidguard.DroidGuardService]
07-08 16:51:30.443  1909  2358 I am_proc_bound: [0,3998,com.google.android.gms.unstable]
07-08 16:51:30.465  1909  2238 I am_uid_running: 10052
07-08 16:51:30.480  1909  2238 I am_proc_start: [0,4013,10052,com.google.android.calendar,broadcast,com.google.android.calendar/.alerts.HabitsIntentReceiver]
07-08 16:51:30.509  1909  2358 I am_proc_bound: [0,4013,com.google.android.calendar]
07-08 16:51:30.515  1909  2238 I battery_status: [4,2,1,0,Li-ion]
07-08 16:51:30.920  1909  2238 I am_uid_running: 10006
07-08 16:51:30.932  1909  2238 I am_proc_start: [0,4073,10006,com.google.android.configupdater,broadcast,com.google.android.configupdater/.MainReceiver]
07-08 16:51:30.946  1909  2358 I am_proc_bound: [0,4073,com.google.android.configupdater]
07-08 16:51:31.004  1909  2319 I battery_status: [2,2,1,0,Li-ion]
07-08 16:51:31.098  1909  2238 I am_uid_running: 10017
07-08 16:51:31.114  1909  2238 I am_proc_start: [0,4121,10017,com.google.android.contacts,broadcast,com.google.android.contacts/com.google.android.apps.contacts.interactions.OnBootOrUpgradeReceiver]
07-08 16:51:31.129  1909  2238 I am_proc_bound: [0,4121,com.google.android.contacts]
07-08 16:51:31.215   790   790 I auditd  : type=1400 audit(0.0:45): avc: denied { dac_override } for comm="usb@1.0-service" capability=1 scontext=u:r:hal_usb_default:s0 tcontext=u:r:hal_usb_default:s0 tclass=capability permissive=0
07-08 16:51:31.228  1909  2867 I battery_status: [2,2,1,2,Li-ion]
07-08 16:51:31.331  1909  2238 I am_uid_running: 10061
07-08 16:51:31.349  1909  2238 I am_proc_start: [0,4155,10061,com.google.android.gm,broadcast,com.google.android.gm/.GoogleMailDeviceStartupReceiver]
07-08 16:51:31.367  1909  2319 I am_proc_bound: [0,4155,com.google.android.gm]
07-08 16:51:31.505  1909  1909 I notification_enqueue: [1000,1909,android,32,NULL,-1,Notification(channel=USB pri=0 contentView=null vibrate=null sound=null tick defaults=0x0 flags=0x2 color=0xff607d8b vis=PUBLIC),0]
07-08 16:51:31.511  1909  1909 I notification_enqueue: [1000,1909,android,26,NULL,-1,Notification(channel=DEVELOPER pri=0 contentView=null vibrate=null sound=null tick defaults=0x0 flags=0x2 color=0xff607d8b vis=PUBLIC),0]
07-08 16:51:31.713  1909  2238 I notification_expansion: [-1|android|26|null|1000,0,1,204,204,0]
07-08 16:51:32.121  1909  2867 I am_uid_running: 10059
07-08 16:51:32.132  1909  2867 I am_proc_start: [0,4240,10059,com.android.chrome,service,com.android.chrome/org.chromium.chrome.browser.customtabs.CustomTabsConnectionService]
07-08 16:51:32.169  2183  2418 I sysui_multi_action: [757,1093,758,4,793,5358,1094,9437184,1095,2]
07-08 16:51:32.170  1909  1930 I am_uid_running: 10007
07-08 16:51:32.183  1909  1930 I am_proc_start: [0,4260,10007,com.google.android.ims,broadcast,com.google.android.ims/.receivers.BootCompletedReceiver]
07-08 16:51:32.193  1909  2319 I am_proc_bound: [0,4240,com.android.chrome]
07-08 16:51:32.222  1909  2319 I am_proc_bound: [0,4260,com.google.android.ims]
07-08 16:51:32.227  1909  2238 I am_uid_running: 10098
07-08 16:51:32.238  1909  2238 I am_proc_start: [0,4278,10098,com.google.android.music:main,content provider,com.google.android.music/.search.IcingContentProvider]
07-08 16:51:32.247  1909  2319 I am_proc_bound: [0,4278,com.google.android.music:main]
07-08 16:51:32.249  1909  2319 I am_uid_active: 10098
07-08 16:51:32.394  2183  2183 I sysui_count: [panel_open,1]
07-08 16:51:32.394  2183  2183 I sysui_multi_action: [757,803,799,panel_open,802,1]
07-08 16:51:32.410  1909  1930 I sysui_view_visibility: [127,100]
07-08 16:51:32.410  1909  1930 I sysui_multi_action: [757,127,758,1]
07-08 16:51:32.410  1909  1930 I sysui_histogram: [note_load,2]
07-08 16:51:32.411  1909  1930 I sysui_multi_action: [757,804,799,note_load,801,2,802,1]
07-08 16:51:32.411  1909  1930 I notification_panel_revealed: 2
07-08 16:51:32.405   790   790 I auditd  : type=1400 audit(0.0:47): avc: denied { dac_override } for comm="usb@1.0-service" capability=1 scontext=u:r:hal_usb_default:s0 tcontext=u:r:hal_usb_default:s0 tclass=capability permissive=0
07-08 16:51:32.721  3020  4078 I [70220] : 47122
07-08 16:51:32.890  2888  3460 I force_gc: Binder
07-08 16:51:32.914  1909  3038 I sysui_multi_action: [757,128,758,1,793,1405,794,0,795,1405,796,26,798,0,806,android,857,DEVELOPER,858,2,947,0]
07-08 16:51:32.914  1909  3038 I sysui_histogram: [note_freshness,1405]
07-08 16:51:32.914  1909  3038 I sysui_multi_action: [757,804,799,note_freshness,801,1405,802,1]
07-08 16:51:32.914  1909  3038 I notification_visibility: [-1|android|26|null|1000,1,1405,1405,0,0]
07-08 16:51:32.914  1909  3038 I sysui_multi_action: [757,128,758,1,793,1411,794,0,795,1411,796,32,798,1,806,android,857,USB,858,1,947,0]
07-08 16:51:32.914  1909  3038 I sysui_histogram: [note_freshness,1411]
07-08 16:51:32.914  1909  3038 I sysui_multi_action: [757,804,799,note_freshness,801,1411,802,1]
07-08 16:51:32.914  1909  3038 I notification_visibility: [-1|android|32|null|1000,1,1411,1411,0,1]
07-08 16:51:32.983  1909  2358 I am_uid_active: 10072
07-08 16:51:32.983  1909  2358 I am_uid_active: 10064
07-08 16:51:33.182  3020  4193 I aggregation: 1531048893182
07-08 16:51:33.186  1909  1929 I am_uid_active: 10026
07-08 16:51:33.173  2700  4412 I gtalk_connection: 16778239
07-08 16:51:33.204  3020  4193 I [70220] : [4100,319]
07-08 16:51:33.274  1909  3302 I am_proc_start: [0,4424,10014,com.google.android.gms.ui,service,com.google.android.gms/.chimera.UiIntentOperationService]
07-08 16:51:33.310  1909  2358 I am_proc_bound: [0,4424,com.google.android.gms.ui]
07-08 16:51:33.409  2183  2183 I sysui_action: [407,true]
07-08 16:51:33.409  2183  2183 I sysui_multi_action: [757,407,758,4,759,1]
07-08 16:51:33.409  1909  3302 I sysui_multi_action: [757,128,758,3,793,1906,794,495,795,1906,796,32,806,android,857,USB,858,1,947,0]
07-08 16:51:33.409  1909  3302 I notification_expansion: [-1|android|32|null|1000,1,1,1906,1906,495]
07-08 16:51:33.595   790   790 I auditd  : type=1400 audit(0.0:49): avc: denied { dac_override } for comm="usb@1.0-service" capability=1 scontext=u:r:hal_usb_default:s0 tcontext=u:r:hal_usb_default:s0 tclass=capability permissive=0
07-08 16:51:33.620  2183  2418 I sysui_multi_action: [757,1093,758,4,793,1451,1094,9437184,1095,2]
07-08 16:51:33.641  1909  1929 I am_uid_running: 10066
07-08 16:51:33.673  1909  1929 I am_proc_start: [0,4492,10066,com.google.android.inputmethod.japanese,broadcast,com.google.android.inputmethod.japanese/com.google.android.apps.inputmethod.libs.framework.core.LauncherIconVisibilityInitializer]
07-08 16:51:33.713  1909  1929 I am_proc_bound: [0,4492,com.google.android.inputmethod.japanese]
07-08 16:51:33.949  1909  1929 I am_uid_running: 10068
07-08 16:51:33.970  1909  1929 I am_proc_start: [0,4548,10068,com.google.android.inputmethod.korean,broadcast,com.google.android.inputmethod.korean/com.google.android.apps.inputmethod.libs.framework.core.LauncherIconVisibilityInitializer]
07-08 16:51:33.986  1909  4512 I am_proc_bound: [0,4548,com.google.android.inputmethod.korean]
