07-08 17:07:26.042  2183  2183 I sysui_multi_action: [757,119,758,1,759,119,833,1,927,5,928,0]
07-08 17:07:26.557  1909  8916 I sysui_multi_action: [757,128,758,2,793,206629,794,1378,795,206629,796,0,797,com.android.systemui.pip.phone.PipNotificationController,798,2,806,com.android.systemui,857,GEN,858,1,947,0]
07-08 17:07:26.557  1909  8916 I notification_visibility: [0|com.android.systemui|0|com.android.systemui.pip.phone.PipNotificationController|10035,0,206629,206629,0,2]
07-08 17:07:27.423  2183  2183 I sysui_multi_action: [757,925,758,4,759,113,833,1,927,2,928,1]
07-08 17:07:27.502  1909  8916 I sysui_multi_action: [757,856,758,2,806,com.android.bluetooth,857,avrcp_notification,858,3]
07-08 17:07:27.533  1909  1944 I am_pss  : [8863,1000,com.android.settings,36444160,31363072,212992]
07-08 17:07:27.556  3644  3644 I liblog  : 23
07-08 17:07:27.586  3644  3644 I liblog  : 57
07-08 17:07:27.590  3644  6939 I liblog  : 12
07-08 17:07:27.593  3644  6644 I liblog  : 1
07-08 17:07:27.752  1909  1909 I notification_cancel_all: [1000,1909,com.android.bluetooth,0,0,0,17,NULL]
07-08 17:07:28.454  2183  2418 I sysui_multi_action: [757,1093,758,4,793,7741,1094,9437248,1095,4]
07-08 17:07:28.642  1909  1944 I am_pss  : [2888,10014,com.google.process.gservices,5785600,2793472,1971200]
07-08 17:07:29.035  2183  2183 I sysui_view_visibility: [111,0]
07-08 17:07:29.035  2183  2183 I sysui_multi_action: [757,111,758,2]
07-08 17:07:29.035  2183  2183 I sysui_view_visibility: [111,0]
07-08 17:07:29.035  2183  2183 I sysui_multi_action: [757,111,758,2]
07-08 17:07:29.276  1909  2294 I sysui_multi_action: [757,128,758,2,793,195576,794,4097,795,24440,796,101,798,1,806,com.caf.fmradio,857,fmradio_notification_channel,858,2,947,0]
07-08 17:07:29.276  1909  2294 I notification_visibility: [0|com.caf.fmradio|101|null|1000,0,195576,24440,0,1]
07-08 17:07:29.276  1909  2294 I sysui_multi_action: [757,128,758,2,793,223327,794,4097,795,11706,796,1,798,0,806,com.google.android.apps.maps,857,1_foreground_1,858,3,946,navigation_status_notificat-d493b52d,947,0]
07-08 17:07:29.276  1909  2294 I notification_visibility: [0|com.google.android.apps.maps|1|null|10071,0,223327,11706,0,0]
07-08 17:07:29.278  1909  2294 I sysui_view_visibility: [127,0]
07-08 17:07:29.278  1909  2294 I sysui_multi_action: [757,127,758,2]
07-08 17:07:29.278  1909  2294 I notification_panel_hidden: 
07-08 17:07:31.985   775   775 I auditd  : type=1400 audit(0.0:99): avc: denied { read } for comm="HwBinder:775_1" name="u:object_r:dolby_prop:s0" dev="tmpfs" ino=16893 scontext=u:r:hal_audio_default:s0 tcontext=u:object_r:dolby_prop:s0 tclass=file permissive=0
07-08 17:07:33.604  1909  3038 I stream_devices_changed: [2,6,2]
07-08 17:07:33.605  1909  3038 I stream_devices_changed: [4,6,2]
07-08 17:07:33.610  1909  3038 I stream_devices_changed: [3,4,2]
07-08 17:07:34.749  2183  2418 I sysui_multi_action: [757,1093,758,4,793,6295,1094,9437248,1095,4]
07-08 17:07:36.756  2183  2418 I sysui_multi_action: [757,1093,758,4,793,2007,1094,9437248,1095,4]
07-08 17:07:37.754  2700  6904 I c2dm    : [0,,47,38]
07-08 17:07:38.071  2700  6952 I c2dm    : [1,,47,38]
07-08 17:07:38.418  1909  1909 I notification_enqueue: [10071,3789,com.google.android.apps.maps,1,NULL,0,Notification(channel=1_foreground_1 pri=2 contentView=com.google.android.apps.maps/0x7f05008d vibrate=null sound=null defaults=0x0 flags=0xa color=0x00000000 groupKey=navigation_status_notification_group vis=PRIVATE),1]
07-08 17:07:38.767  2183  2418 I sysui_multi_action: [757,1093,758,4,793,2012,1094,9437248,1095,4]
07-08 17:07:39.005   775   775 I auditd  : type=1400 audit(0.0:100): avc: denied { read } for comm="HwBinder:775_1" name="u:object_r:dolby_prop:s0" dev="tmpfs" ino=16893 scontext=u:r:hal_audio_default:s0 tcontext=u:object_r:dolby_prop:s0 tclass=file permissive=0
07-08 17:07:39.015   775   775 I chatty  : uid=1041(audioserver) audio@2.0-servi identical 1 line
07-08 17:07:39.015   775   775 I auditd  : type=1400 audit(0.0:102): avc: denied { read } for comm="HwBinder:775_1" name="u:object_r:dolby_prop:s0" dev="tmpfs" ino=16893 scontext=u:r:hal_audio_default:s0 tcontext=u:object_r:dolby_prop:s0 tclass=file permissive=0
07-08 17:07:39.772  2183  2418 I sysui_multi_action: [757,1093,758,4,793,1005,1094,9437248,1095,4]
07-08 17:07:42.780  2183  2418 I sysui_multi_action: [757,1093,758,4,793,3008,1094,9437248,1095,4]
07-08 17:07:43.637  1909  2294 I stream_devices_changed: [2,2,6]
07-08 17:07:43.638  1909  2294 I stream_devices_changed: [4,2,6]
07-08 17:07:43.641  1909  2294 I stream_devices_changed: [3,2,4]
07-08 17:07:43.782  2183  2418 I sysui_multi_action: [757,1093,758,4,793,1001,1094,9437248,1095,4]
07-08 17:07:44.788  2183  2418 I sysui_multi_action: [757,1093,758,4,793,1007,1094,9437248,1095,4]
07-08 17:07:45.796  2183  2418 I sysui_multi_action: [757,1093,758,4,793,1008,1094,9437248,1095,4]
07-08 17:07:47.856  1909  1944 I am_pss  : [2964,10003,android.process.acore,12294144,9326592,1470464]
07-08 17:07:48.779  1909  1944 I am_pss  : [3789,10071,com.google.android.apps.maps,277297152,262586368,0]
07-08 17:07:48.807  2183  2418 I sysui_multi_action: [757,1093,758,4,793,3011,1094,9437248,1095,4]
07-08 17:07:48.816  1909  1944 I am_pss  : [7126,1000,com.generalmobile.gmservice,5831680,3395584,1315840]
07-08 17:07:49.810  2183  2418 I sysui_multi_action: [757,1093,758,4,793,1003,1094,9437248,1095,4]
07-08 17:07:51.116  2183  2183 I sysui_count: [panel_open,1]
07-08 17:07:51.116  2183  2183 I sysui_multi_action: [757,803,799,panel_open,802,1]
07-08 17:07:51.137  1909  2294 I sysui_view_visibility: [127,100]
07-08 17:07:51.138  1909  2294 I sysui_multi_action: [757,127,758,1]
07-08 17:07:51.138  1909  2294 I sysui_histogram: [note_load,3]
07-08 17:07:51.138  1909  2294 I sysui_multi_action: [757,804,799,note_load,801,3,802,1]
07-08 17:07:51.138  1909  2294 I notification_panel_revealed: 3
07-08 17:07:51.641  1909  1929 I sysui_multi_action: [757,128,758,1,793,217942,794,0,795,46806,796,101,798,1,806,com.caf.fmradio,857,fmradio_notification_channel,858,2,947,0]
07-08 17:07:51.641  1909  1929 I sysui_histogram: [note_freshness,46806]
07-08 17:07:51.641  1909  1929 I sysui_multi_action: [757,804,799,note_freshness,801,46806,802,1]
07-08 17:07:51.641  1909  1929 I notification_visibility: [0|com.caf.fmradio|101|null|1000,1,217942,46806,0,1]
07-08 17:07:51.641  1909  1929 I sysui_multi_action: [757,128,758,1,793,245692,794,0,795,13226,796,1,798,0,806,com.google.android.apps.maps,857,1_foreground_1,858,3,946,navigation_status_notificat-d493b52d,947,0]
07-08 17:07:51.642  1909  1929 I sysui_histogram: [note_freshness,13226]
07-08 17:07:51.642  1909  1929 I sysui_multi_action: [757,804,799,note_freshness,801,13226,802,1]
07-08 17:07:51.642  1909  1929 I notification_visibility: [0|com.google.android.apps.maps|1|null|10071,1,245692,13226,0,0]
07-08 17:07:51.642  1909  1929 I sysui_multi_action: [757,128,758,1,793,231714,794,0,795,231714,796,0,797,com.android.systemui.pip.phone.PipNotificationController,798,2,806,com.android.systemui,857,GEN,858,1,947,0]
07-08 17:07:51.642  1909  1929 I sysui_histogram: [note_freshness,231714]
07-08 17:07:51.642  1909  1929 I sysui_multi_action: [757,804,799,note_freshness,801,231714,802,1]
07-08 17:07:51.642  1909  1929 I notification_visibility: [0|com.android.systemui|0|com.android.systemui.pip.phone.PipNotificationController|10035,1,231714,231714,0,2]
07-08 17:07:52.529  1909  1929 I sysui_multi_action: [757,128,758,2,793,218829,794,887,795,47693,796,101,798,1,806,com.caf.fmradio,857,fmradio_notification_channel,858,2,947,0]
07-08 17:07:52.529  1909  1929 I notification_visibility: [0|com.caf.fmradio|101|null|1000,0,218829,47693,0,1]
07-08 17:07:52.529  1909  1929 I sysui_multi_action: [757,128,758,2,793,246580,794,888,795,14114,796,1,798,0,806,com.google.android.apps.maps,857,1_foreground_1,858,3,946,navigation_status_notificat-d493b52d,947,0]
07-08 17:07:52.529  1909  1929 I notification_visibility: [0|com.google.android.apps.maps|1|null|10071,0,246580,14114,0,0]
07-08 17:07:52.529  1909  1929 I sysui_multi_action: [757,128,758,2,793,232601,794,887,795,232601,796,0,797,com.android.systemui.pip.phone.PipNotificationController,798,2,806,com.android.systemui,857,GEN,858,1,947,0]
07-08 17:07:52.529  1909  1929 I notification_visibility: [0|com.android.systemui|0|com.android.systemui.pip.phone.PipNotificationController|10035,0,232601,232601,0,2]
07-08 17:07:52.530  1909  1929 I sysui_view_visibility: [127,0]
07-08 17:07:52.530  1909  1929 I sysui_multi_action: [757,127,758,2]
07-08 17:07:52.530  1909  1929 I notification_panel_hidden: 
07-08 17:07:52.822  2183  2418 I sysui_multi_action: [757,1093,758,4,793,3012,1094,9437248,1095,4]
07-08 17:07:53.834  2183  2418 I sysui_multi_action: [757,1093,758,4,793,1012,1094,9437248,1095,4]
07-08 17:07:55.415   775   775 I auditd  : type=1400 audit(0.0:103): avc: denied { read } for comm="HwBinder:775_1" name="u:object_r:dolby_prop:s0" dev="tmpfs" ino=16893 scontext=u:r:hal_audio_default:s0 tcontext=u:object_r:dolby_prop:s0 tclass=file permissive=0
07-08 17:07:55.425   775   775 I chatty  : uid=1041(audioserver) audio@2.0-servi identical 1 line
07-08 17:07:55.435   775   775 I auditd  : type=1400 audit(0.0:105): avc: denied { read } for comm="HwBinder:775_1" name="u:object_r:dolby_prop:s0" dev="tmpfs" ino=16893 scontext=u:r:hal_audio_default:s0 tcontext=u:object_r:dolby_prop:s0 tclass=file permissive=0
07-08 17:07:55.838  2183  2418 I sysui_multi_action: [757,1093,758,4,793,2003,1094,9437248,1095,4]
07-08 17:07:56.844  2183  2418 I sysui_multi_action: [757,1093,758,4,793,1006,1094,9437248,1095,4]
07-08 17:07:57.832  2183  2183 I sysui_count: [panel_open,1]
07-08 17:07:57.832  2183  2183 I sysui_multi_action: [757,803,799,panel_open,802,1]
07-08 17:07:57.843  1909  1929 I sysui_view_visibility: [127,100]
07-08 17:07:57.843  1909  1929 I sysui_multi_action: [757,127,758,1]
07-08 17:07:57.843  1909  1929 I sysui_histogram: [note_load,3]
07-08 17:07:57.844  1909  1929 I sysui_multi_action: [757,804,799,note_load,801,3,802,1]
07-08 17:07:57.844  1909  1929 I notification_panel_revealed: 3
07-08 17:07:57.845  1909  1944 I am_pss  : [7628,99002,com.android.chrome:sandboxed_process0,48234496,38707200,0]
07-08 17:07:57.864  2183  2418 I sysui_multi_action: [757,1093,758,4,793,1021,1094,9437248,1095,4]
07-08 17:07:57.936  1909  1909 I notification_enqueue: [10071,3789,com.google.android.apps.maps,1,NULL,0,Notification(channel=1_foreground_1 pri=2 contentView=com.google.android.apps.maps/0x7f05008d vibrate=null sound=null defaults=0x0 flags=0xa color=0x00000000 groupKey=navigation_status_notification_group vis=PRIVATE),1]
07-08 17:07:58.345  1909  2294 I sysui_multi_action: [757,128,758,1,793,224646,794,0,795,53510,796,101,798,1,806,com.caf.fmradio,857,fmradio_notification_channel,858,2,947,0]
07-08 17:07:58.345  1909  2294 I sysui_histogram: [note_freshness,53510]
07-08 17:07:58.345  1909  2294 I sysui_multi_action: [757,804,799,note_freshness,801,53510,802,1]
07-08 17:07:58.345  1909  2294 I notification_visibility: [0|com.caf.fmradio|101|null|1000,1,224646,53510,0,1]
07-08 17:07:58.346  1909  2294 I sysui_multi_action: [757,128,758,1,793,252396,794,0,795,410,796,1,798,0,806,com.google.android.apps.maps,857,1_foreground_1,858,3,946,navigation_status_notificat-d493b52d,947,0]
07-08 17:07:58.346  1909  2294 I sysui_histogram: [note_freshness,410]
07-08 17:07:58.346  1909  2294 I sysui_multi_action: [757,804,799,note_freshness,801,410,802,1]
07-08 17:07:58.346  1909  2294 I notification_visibility: [0|com.google.android.apps.maps|1|null|10071,1,252396,410,0,0]
07-08 17:07:58.346  1909  2294 I sysui_multi_action: [757,128,758,1,793,238418,794,0,795,238418,796,0,797,com.android.systemui.pip.phone.PipNotificationController,798,2,806,com.android.systemui,857,GEN,858,1,947,0]
07-08 17:07:58.346  1909  2294 I sysui_histogram: [note_freshness,238418]
07-08 17:07:58.346  1909  2294 I sysui_multi_action: [757,804,799,note_freshness,801,238418,802,1]
07-08 17:07:58.346  1909  2294 I notification_visibility: [0|com.android.systemui|0|com.android.systemui.pip.phone.PipNotificationController|10035,1,238418,238418,0,2]
07-08 17:07:58.717  2183  2183 I sysui_view_visibility: [111,100]
07-08 17:07:58.717  2183  2183 I sysui_multi_action: [757,111,758,1]
07-08 17:07:58.718  2183  2183 I sysui_multi_action: [757,126,758,1,759,126,833,1,927,0,928,0]
07-08 17:07:58.718  2183  2183 I sysui_multi_action: [757,115,758,1,759,115,833,1,927,1,928,1]
07-08 17:07:58.718  2183  2183 I sysui_multi_action: [757,113,758,1,759,113,833,1,927,2,928,0]
07-08 17:07:58.718  2183  2183 I sysui_multi_action: [757,122,758,1,759,122,833,1,927,3,928,1]
07-08 17:07:58.718  2183  2183 I sysui_multi_action: [757,116,758,1,759,116,833,1,927,4,928,0]
07-08 17:07:58.718  2183  2183 I sysui_multi_action: [757,119,758,1,759,119,833,1,927,5,928,0]
07-08 17:07:58.718  2183  2183 I sysui_multi_action: [757,123,758,1,759,123,833,0,927,6,928,1]
07-08 17:07:58.719  2183  2183 I sysui_multi_action: [757,261,758,1,759,261,833,0,927,7,928,0]
07-08 17:07:58.719  2183  2183 I sysui_multi_action: [757,112,758,1,759,112,833,0,927,8,928,0]
07-08 17:07:58.719  2183  2183 I sysui_multi_action: [757,114,758,1,759,114,833,0,927,9,928,0]
07-08 17:07:58.719  2183  2183 I sysui_multi_action: [757,120,758,1,759,120,833,0,927,10,928,0]
07-08 17:07:58.719  2183  2183 I sysui_view_visibility: [111,100]
07-08 17:07:58.719  2183  2183 I sysui_multi_action: [757,111,758,1]
07-08 17:07:58.719  2183  2183 I sysui_multi_action: [757,126,758,1,759,126,833,1,927,0,928,0]
07-08 17:07:58.720  2183  2183 I sysui_multi_action: [757,115,758,1,759,115,833,1,927,1,928,1]
07-08 17:07:58.720  2183  2183 I sysui_multi_action: [757,113,758,1,759,113,833,1,927,2,928,0]
07-08 17:07:58.720  2183  2183 I sysui_multi_action: [757,122,758,1,759,122,833,1,927,3,928,1]
07-08 17:07:58.720  2183  2183 I sysui_multi_action: [757,116,758,1,759,116,833,1,927,4,928,0]
07-08 17:07:58.720  2183  2183 I sysui_multi_action: [757,119,758,1,759,119,833,1,927,5,928,0]
07-08 17:07:58.742  1909  1929 I stream_devices_changed: [2,6,2]
07-08 17:07:58.743  1909  1929 I stream_devices_changed: [4,6,2]
07-08 17:07:58.760  1909  1929 I stream_devices_changed: [3,4,2]
07-08 17:07:58.880  2183  2418 I sysui_multi_action: [757,1093,758,4,793,1016,1094,9437248,1095,4]
07-08 17:07:59.353  1909  2294 I sysui_multi_action: [757,128,758,2,793,239425,794,1007,795,239425,796,0,797,com.android.systemui.pip.phone.PipNotificationController,798,2,806,com.android.systemui,857,GEN,858,1,947,0]
07-08 17:07:59.353  1909  2294 I notification_visibility: [0|com.android.systemui|0|com.android.systemui.pip.phone.PipNotificationController|10035,0,239425,239425,0,2]
07-08 17:07:59.717  2183  2183 I sysui_multi_action: [757,925,758,4,759,113,833,1,927,2,928,0]
07-08 17:07:59.800  1909  1929 I sysui_multi_action: [757,856,758,1,806,com.android.bluetooth,857,avrcp_notification,858,3]
07-08 17:07:59.889  3644  3644 I liblog  : 20
07-08 17:07:59.892  3644  3644 I liblog  : 47
07-08 17:07:59.892  3644  3667 I liblog  : 2
07-08 17:07:59.904  3644  6939 I liblog  : 15
07-08 17:07:59.906  3644  6766 I liblog  : 2
07-08 17:07:59.910  3644  6766 I liblog  : 1
07-08 17:07:59.911  3644  3644 I liblog  : 4
07-08 17:07:59.915  3644  3644 I liblog  : 12
07-08 17:07:59.916  3644  9192 I liblog  : 4
07-08 17:07:59.920  3644  3808 I liblog  : 3
07-08 17:07:59.922  3644  3808 I liblog  : 1
07-08 17:07:59.926  3644  6766 I liblog  : 3
07-08 17:07:59.928  3644  9192 I liblog  : 14
07-08 17:07:59.929  3644  9200 I liblog  : 7
07-08 17:08:00.758  2183  2418 I sysui_multi_action: [757,1093,758,4,793,1877,1094,9437376,1095,5]
07-08 17:08:01.874  2183  2418 I sysui_multi_action: [757,1093,758,4,793,1117,1094,9437376,1095,5]
07-08 17:08:02.095   775   775 I auditd  : type=1400 audit(0.0:106): avc: denied { read } for comm="HwBinder:775_2" name="u:object_r:dolby_prop:s0" dev="tmpfs" ino=16893 scontext=u:r:hal_audio_default:s0 tcontext=u:object_r:dolby_prop:s0 tclass=file permissive=0
07-08 17:08:02.425   775   775 I auditd  : type=1400 audit(0.0:108): avc: denied { read } for comm="HwBinder:775_2" name="u:object_r:dolby_prop:s0" dev="tmpfs" ino=16893 scontext=u:r:hal_audio_default:s0 tcontext=u:object_r:dolby_prop:s0 tclass=file permissive=0
07-08 17:08:02.935   775   775 I auditd  : type=1400 audit(0.0:109): avc: denied { read } for comm="HwBinder:775_1" name="u:object_r:dolby_prop:s0" dev="tmpfs" ino=16893 scontext=u:r:hal_audio_default:s0 tcontext=u:object_r:dolby_prop:s0 tclass=file permissive=0
07-08 17:08:03.175   775   775 I auditd  : type=1400 audit(0.0:112): avc: denied { read } for comm="HwBinder:775_2" name="u:object_r:dolby_prop:s0" dev="tmpfs" ino=16893 scontext=u:r:hal_audio_default:s0 tcontext=u:object_r:dolby_prop:s0 tclass=file permissive=0
07-08 17:08:02.534  3644  3644 I liblog  : 4
07-08 17:08:03.235   775   775 I auditd  : type=1400 audit(0.0:114): avc: denied { read } for comm="HwBinder:775_2" name="u:object_r:dolby_prop:s0" dev="tmpfs" ino=16893 scontext=u:r:hal_audio_default:s0 tcontext=u:object_r:dolby_prop:s0 tclass=file permissive=0
07-08 17:08:02.665  1909  2139 I stream_devices_changed: [0,4,128]
07-08 17:08:02.668  1909  2139 I stream_devices_changed: [2,2,130]
07-08 17:08:02.670  1909  2139 I stream_devices_changed: [3,2,128]
07-08 17:08:02.758   775  1555 I liblog  : 124
07-08 17:08:02.768  1909  2139 I stream_devices_changed: [4,2,130]
07-08 17:08:02.798   775  9247 I liblog  : 88
07-08 17:08:03.022   775  1830 I liblog  : 57
07-08 17:08:03.053  1909  2139 I stream_devices_changed: [6,4,128]
07-08 17:08:03.135   775  1830 I liblog  : 66
07-08 17:08:03.144   775  8992 I liblog  : 40
07-08 17:08:03.169  3644  3808 I liblog  : 1
07-08 17:08:03.176  3644  3808 I liblog  : 5
07-08 17:08:03.179   775  8992 I liblog  : 1
07-08 17:08:03.180   775  8992 I liblog  : 4
07-08 17:08:03.198  3644  3808 I liblog  : 19
07-08 17:08:03.201   775  8992 I liblog  : 14
07-08 17:08:05.409  2183  2183 I sysui_view_visibility: [111,0]
07-08 17:08:05.409  2183  2183 I sysui_multi_action: [757,111,758,2]
07-08 17:08:05.410  2183  2183 I sysui_view_visibility: [111,0]
07-08 17:08:05.410  2183  2183 I sysui_multi_action: [757,111,758,2]
07-08 17:08:05.569  1909  5410 I sysui_multi_action: [757,128,758,2,793,231870,794,7224,795,60734,796,101,798,1,806,com.caf.fmradio,857,fmradio_notification_channel,858,2,947,0]
07-08 17:08:05.569  1909  5410 I notification_visibility: [0|com.caf.fmradio|101|null|1000,0,231870,60734,0,1]
07-08 17:08:05.569  1909  5410 I sysui_multi_action: [757,128,758,2,793,259620,794,7224,795,7634,796,1,798,0,806,com.google.android.apps.maps,857,1_foreground_1,858,3,946,navigation_status_notificat-d493b52d,947,0]
07-08 17:08:05.569  1909  5410 I notification_visibility: [0|com.google.android.apps.maps|1|null|10071,0,259620,7634,0,0]
07-08 17:08:05.638  1909  5410 I sysui_view_visibility: [127,0]
07-08 17:08:05.638  1909  5410 I sysui_multi_action: [757,127,758,2]
07-08 17:08:05.639  1909  5410 I notification_panel_hidden: 
07-08 17:08:09.889  2183  2418 I sysui_multi_action: [757,1093,758,4,793,8015,1094,9437376,1095,5]
07-08 17:08:10.898  2183  2418 I sysui_multi_action: [757,1093,758,4,793,1009,1094,9437376,1095,5]
07-08 17:08:12.275  1909  1909 I notification_enqueue: [10071,3789,com.google.android.apps.maps,1,NULL,0,Notification(channel=1_foreground_1 pri=2 contentView=com.google.android.apps.maps/0x7f05008d vibrate=null sound=null defaults=0x0 flags=0xa color=0x00000000 groupKey=navigation_status_notification_group vis=PRIVATE),1]
07-08 17:08:18.841  1909  1944 I am_pss  : [2183,10035,com.android.systemui,85412864,77070336,0]
07-08 17:08:18.893  1909  1944 I am_pss  : [1909,1000,system,161906688,150781952,0]
07-08 17:08:23.870  1909  1944 I am_pss  : [2303,1001,com.android.phone,27362304,23601152,0]
07-08 17:08:23.905  1909  1944 I am_pss  : [2287,1001,com.qualcomm.qti.telephonyservice,4296704,3489792,0]
07-08 17:08:23.940  1909  1944 I am_pss  : [2262,1000,.dataservices,6213632,5308416,0]
07-08 17:08:28.876  1909  1944 I am_pss  : [2819,1000,com.qualcomm.qti.services.secureui:sui_service,3254272,2576384,0]
07-08 17:08:28.913  1909  1944 I am_pss  : [2806,10030,com.android.test.soundtrigger,2525184,1937408,0]
07-08 17:08:28.946  1909  1944 I am_pss  : [2791,1000,com.quicinc.wbcserviceapp,2637824,2035712,0]
07-08 17:08:28.980  1909  1944 I am_pss  : [2775,1001,com.qualcomm.qti.loadcarrier,2789376,2174976,0]
07-08 17:08:31.801  1909  1909 I notification_enqueue: [10071,3789,com.google.android.apps.maps,1,NULL,0,Notification(channel=1_foreground_1 pri=2 contentView=com.google.android.apps.maps/0x7f05008d vibrate=null sound=null defaults=0x0 flags=0xa color=0x00000000 groupKey=navigation_status_notification_group vis=PRIVATE),1]
07-08 17:08:33.949  1909  1909 I volume_changed: [3,8,7,15,MediaSessionService]
07-08 17:08:33.953  2183  2413 I sysui_action: [210,3]
07-08 17:08:33.953  2183  2413 I sysui_multi_action: [757,210,758,4,759,3]
07-08 17:08:33.955  2183  2413 I sysui_action: [211,7]
07-08 17:08:33.956  2183  2413 I sysui_multi_action: [757,211,758,4,759,7]
07-08 17:08:33.965  2183  2183 I sysui_view_visibility: [207,100]
07-08 17:08:33.965  2183  2183 I sysui_multi_action: [757,207,758,1]
07-08 17:08:33.965  2183  2183 I sysui_histogram: [volume_from_keyguard,0]
07-08 17:08:33.965  2183  2183 I sysui_multi_action: [757,804,799,volume_from_keyguard,801,0,802,1]
07-08 17:08:34.993  2183  2418 I sysui_multi_action: [757,1093,758,4,793,24095,1094,9437376,1095,5]
07-08 17:08:35.459  2183  2183 I sysui_view_visibility: [207,0]
07-08 17:08:35.459  2183  2183 I sysui_multi_action: [757,207,758,2]
07-08 17:08:35.460  2183  2413 I sysui_action: [210,-1]
07-08 17:08:35.460  2183  2413 I sysui_multi_action: [757,210,758,4,759,-1]
07-08 17:08:36.002  1909  1909 I volume_changed: [3,7,6,15,MediaSessionService]
07-08 17:08:36.003  2183  2413 I sysui_action: [210,3]
07-08 17:08:36.003  2183  2413 I sysui_multi_action: [757,210,758,4,759,3]
07-08 17:08:36.015  2183  2413 I sysui_action: [211,6]
07-08 17:08:36.015  2183  2413 I sysui_multi_action: [757,211,758,4,759,6]
07-08 17:08:36.029  2183  2183 I sysui_view_visibility: [207,100]
07-08 17:08:36.029  2183  2183 I sysui_multi_action: [757,207,758,1]
07-08 17:08:36.029  2183  2183 I sysui_histogram: [volume_from_keyguard,0]
07-08 17:08:36.029  2183  2183 I sysui_multi_action: [757,804,799,volume_from_keyguard,801,0,802,1]
07-08 17:08:36.029  1909  1909 I volume_changed: [3,6,5,15,MediaSessionService]
07-08 17:08:36.035  1909  2294 I volume_changed: [3,5,6,15,com.android.bluetooth]
07-08 17:08:36.047  2183  2413 I sysui_action: [211,6]
07-08 17:08:36.047  2183  2413 I sysui_multi_action: [757,211,758,4,759,6]
07-08 17:08:36.173  2183  2418 I sysui_multi_action: [757,1093,758,4,793,1180,1094,9437376,1095,5]
07-08 17:08:37.558  2183  2183 I sysui_view_visibility: [207,0]
07-08 17:08:37.558  2183  2183 I sysui_multi_action: [757,207,758,2]
07-08 17:08:37.560  2183  2413 I sysui_action: [210,-1]
07-08 17:08:37.560  2183  2413 I sysui_multi_action: [757,210,758,4,759,-1]
07-08 17:08:37.617  2183  2418 I sysui_multi_action: [757,1093,758,4,793,1444,1094,9437376,1095,5]
07-08 17:08:39.635   775   775 I auditd  : type=1400 audit(0.0:116): avc: denied { read } for comm="HwBinder:775_1" name="u:object_r:dolby_prop:s0" dev="tmpfs" ino=16893 scontext=u:r:hal_audio_default:s0 tcontext=u:object_r:dolby_prop:s0 tclass=file permissive=0
07-08 17:08:39.775   775   775 I chatty  : uid=1041(audioserver) audio@2.0-servi identical 1 line
07-08 17:08:39.775   775   775 I auditd  : type=1400 audit(0.0:118): avc: denied { read } for comm="HwBinder:775_1" name="u:object_r:dolby_prop:s0" dev="tmpfs" ino=16893 scontext=u:r:hal_audio_default:s0 tcontext=u:object_r:dolby_prop:s0 tclass=file permissive=0
07-08 17:08:40.634  2183  2418 I sysui_multi_action: [757,1093,758,4,793,3016,1094,9437376,1095,5]
07-08 17:08:43.631  2183  2418 I sysui_multi_action: [757,1093,758,4,793,2998,1094,9437376,1095,5]
07-08 17:08:43.735   775   775 I auditd  : type=1400 audit(0.0:119): avc: denied { read } for comm="HwBinder:775_2" name="u:object_r:dolby_prop:s0" dev="tmpfs" ino=16893 scontext=u:r:hal_audio_default:s0 tcontext=u:object_r:dolby_prop:s0 tclass=file permissive=0
07-08 17:08:43.975   775   775 I chatty  : uid=1041(audioserver) audio@2.0-servi identical 1 line
07-08 17:08:43.975   775   775 I auditd  : type=1400 audit(0.0:121): avc: denied { read } for comm="HwBinder:775_2" name="u:object_r:dolby_prop:s0" dev="tmpfs" ino=16893 scontext=u:r:hal_audio_default:s0 tcontext=u:object_r:dolby_prop:s0 tclass=file permissive=0
07-08 17:08:48.074  1909  2238 I sysui_multi_action: [757,856,758,2,806,com.caf.fmradio,857,fmradio_notification_channel,858,2]
07-08 17:08:48.146  1909  1909 I notification_cancel_all: [1000,1909,com.caf.fmradio,0,0,0,17,NULL]
07-08 17:08:48.147  1909  1909 I sysui_multi_action: [757,128,758,5,759,17,793,274448,794,49802,795,103312,796,101,806,com.caf.fmradio,857,fmradio_notification_channel,858,2,947,0]
07-08 17:08:48.147  1909  1909 I notification_canceled: [0|com.caf.fmradio|101|null|1000,17,274448,103312,49802,NULL]
07-08 17:08:49.073  2183  2418 I sysui_multi_action: [757,1093,758,4,793,5442,1094,9437376,1095,4]
07-08 17:08:51.326  1909  1909 I notification_enqueue: [10071,3789,com.google.android.apps.maps,1,NULL,0,Notification(channel=1_foreground_1 pri=2 contentView=com.google.android.apps.maps/0x7f05008d vibrate=null sound=null defaults=0x0 flags=0xa color=0x00000000 groupKey=navigation_status_notification_group vis=PRIVATE),1]
07-08 17:08:55.602  2303  2303 I gsm_service_state_change: [0,0,0,1]
07-08 17:08:55.635  2700  6952 I gtalk_conn_close: [20,324]
07-08 17:08:55.692  1909  2319 I sysui_multi_action: [757,856,758,1,806,com.caf.fmradio,857,fmradio_notification_channel,858,2]
07-08 17:08:55.693  8348  8388 I liblog  : 38
07-08 17:08:55.702  8348  8388 I liblog  : 90
07-08 17:08:55.704  8348  9361 I liblog  : 33
07-08 17:08:55.705  8348  9361 I liblog  : 24
07-08 17:08:55.721  3020  3120 I liblog  : 3
07-08 17:08:55.723  1909  1945 I liblog  : 5
07-08 17:08:55.725  2303  2303 I liblog  : 4
07-08 17:08:55.726  2262  2262 I liblog  : 2
07-08 17:08:55.733  8424  8424 I liblog  : 1
07-08 17:08:55.748  2700  9386 I liblog  : 1
07-08 17:08:55.751   776  3806 I liblog  : 10
07-08 17:08:55.763   775  9378 I liblog  : 1
07-08 17:08:55.766  8348  8388 I liblog  : 98
07-08 17:08:55.776  2700  9390 I liblog  : 1
07-08 17:08:55.783  2700  9390 I gtalk_connection: 16778239
07-08 17:08:55.786  3020  4185 I liblog  : 1
07-08 17:08:55.795  1390  1390 I liblog  : 3
07-08 17:08:55.797  1909  1930 I liblog  : 1
07-08 17:08:55.798  2262  2373 I liblog  : 2
07-08 17:08:55.798  1909  2131 I netstats_mobile_sample: [3204086,4940,1346437,4465,3203358,4926,1296164,4152,3203358,4926,1296164,4152,1531049936403]
07-08 17:08:55.798  1909  2131 I netstats_wifi_sample: [0,0,0,0,0,0,0,0,0,0,0,0,1531049936403]
07-08 17:08:55.813  8348  8388 I liblog  : 17
07-08 17:08:55.820  3020  3020 I liblog  : 1
07-08 17:08:55.856  2303  6209 I liblog  : 1
07-08 17:08:55.870   775  1555 I liblog  : 33
07-08 17:08:55.871   775  1830 I liblog  : 4
07-08 17:08:55.871   775  1830 I liblog  : 1
07-08 17:08:55.875  1909  2121 I liblog  : 1
07-08 17:08:55.882   775  9394 I liblog  : 1
07-08 17:08:55.899  1909  1944 I liblog  : 1
07-08 17:08:55.955  1909  2402 I liblog  : 3
07-08 17:08:55.964  1909  1909 I liblog  : 1
07-08 17:08:55.964  1909  1909 I notification_enqueue: [1000,8348,com.caf.fmradio,101,NULL,0,Notification(channel=fmradio_notification_channel pri=0 contentView=com.caf.fmradio/0x7f030010 vibrate=null sound=null defaults=0x0 flags=0x42 color=0x00000000 vis=PRIVATE),0]
07-08 17:08:56.004  3644  9185 I liblog  : 4
07-08 17:08:56.004  3644  9185 I liblog  : 2
07-08 17:08:56.005  3644  3674 I liblog  : 4
07-08 17:08:56.007   775  8992 I liblog  : 22
07-08 17:08:56.009   775  8992 I liblog  : 6
07-08 17:08:56.014  3644  3808 I liblog  : 37
07-08 17:08:56.016   775  8992 I liblog  : 3
07-08 17:08:56.050   775  8992 I liblog  : 1
07-08 17:08:56.052  3644  3698 I liblog  : 13
07-08 17:08:56.169  2700  6178 I liblog  : 1
07-08 17:08:56.525  2183  2418 I sysui_multi_action: [757,1093,758,4,793,7452,1094,9437376,1095,5]
07-08 17:08:57.010  2700  9397 I gtalk_connection: 16778239
07-08 17:08:57.101  1909  1909 I notification_enqueue: [10071,3789,com.google.android.apps.maps,1,NULL,0,Notification(channel=1_foreground_1 pri=2 contentView=com.google.android.apps.maps/0x7f05008d vibrate=null sound=null defaults=0x0 flags=0xa color=0x00000000 groupKey=navigation_status_notification_group vis=PRIVATE),1]
07-08 17:08:57.138  1909  1909 I notification_enqueue: [10071,3789,com.google.android.apps.maps,1,NULL,0,Notification(channel=1_foreground_1 pri=2 contentView=com.google.android.apps.maps/0x7f05008d vibrate=null sound=null defaults=0x0 flags=0xa color=0x00000000 groupKey=navigation_status_notification_group vis=PRIVATE),1]
07-08 17:08:57.267  2303  2303 I gsm_service_state_change: [0,1,0,0]
07-08 17:08:57.267  2303  2303 I gsm_rat_switched_new: [231283467,3,14]
07-08 17:08:57.354  1909  1945 I am_uid_running: 10016
07-08 17:08:57.368  1909  1945 I am_proc_start: [0,9404,10016,com.google.android.dialer,broadcast,com.google.android.dialer/com.android.dialer.app.voicemail.LegacyVoicemailNotificationReceiver]
07-08 17:08:57.373  1909  8916 I am_uid_active: 10003
07-08 17:08:57.406  8348  8348 I liblog  : 23
07-08 17:08:57.409  1909  2358 I am_proc_bound: [0,9404,com.google.android.dialer]
07-08 17:08:57.832  1909  2131 I netstats_mobile_sample: [3204086,4940,1346437,4465,3203358,4926,1296164,4152,3203358,4926,1296164,4152,1531049938437]
07-08 17:08:57.833  1909  2131 I netstats_wifi_sample: [0,0,0,0,0,0,0,0,0,0,0,0,1531049938437]
07-08 17:08:57.842  1909  2131 I netstats_mobile_sample: [3204086,4940,1346437,4465,3203358,4926,1296164,4152,3203358,4926,1296164,4152,1531049938446]
07-08 17:08:57.842  1909  2131 I netstats_wifi_sample: [0,0,0,0,0,0,0,0,0,0,0,0,1531049938446]
07-08 17:08:57.872  8424  8424 I liblog  : 2
07-08 17:08:58.226  2183  2418 I sysui_multi_action: [757,1093,758,4,793,1700,1094,9437376,1095,5]
07-08 17:08:59.894  2183  2418 I sysui_multi_action: [757,1093,758,4,793,1668,1094,9437376,1095,5]
07-08 17:09:01.905  2183  2418 I sysui_multi_action: [757,1093,758,4,793,2011,1094,9437376,1095,5]
07-08 17:09:02.913  2183  2418 I sysui_multi_action: [757,1093,758,4,793,1009,1094,9437376,1095,5]
07-08 17:09:03.919  2183  2418 I sysui_multi_action: [757,1093,758,4,793,1005,1094,9437376,1095,5]
07-08 17:09:05.928  2183  2418 I sysui_multi_action: [757,1093,758,4,793,2009,1094,9437376,1095,5]
07-08 17:09:06.932  2183  2418 I sysui_multi_action: [757,1093,758,4,793,1005,1094,9437376,1095,5]
07-08 17:09:07.953  2183  2418 I sysui_multi_action: [757,1093,758,4,793,1021,1094,9437376,1095,5]
07-08 17:09:09.954  2183  2418 I sysui_multi_action: [757,1093,758,4,793,2000,1094,9437376,1095,5]
07-08 17:09:10.958  2183  2418 I sysui_multi_action: [757,1093,758,4,793,1004,1094,9437376,1095,5]
07-08 17:09:12.795  1909  1944 I am_pss  : [8348,1000,com.caf.fmradio,66274304,63860736,0]
07-08 17:09:12.851  1909  1944 I am_pss  : [3000,10039,com.google.android.googlequicksearchbox:search,72899584,63578112,0]
07-08 17:09:12.969  2183  2418 I sysui_multi_action: [757,1093,758,4,793,2012,1094,9437376,1095,5]
07-08 17:09:14.258  2183  2418 I sysui_multi_action: [757,1093,758,4,793,1289,1094,9437376,1095,5]
07-08 17:09:15.979  2183  2418 I sysui_multi_action: [757,1093,758,4,793,1721,1094,9437376,1095,5]
07-08 17:09:17.655  1909  3304 I am_kill : [0,7717,com.google.android.partnersetup,906,empty #31]
07-08 17:09:17.678  1909  2358 I am_proc_died: [0,7717,com.google.android.partnersetup,906,17]
07-08 17:09:17.679  1909  2358 I am_uid_stopped: 10022
07-08 17:09:17.994  2183  2418 I sysui_multi_action: [757,1093,758,4,793,2014,1094,9437376,1095,5]
07-08 17:09:18.998  2183  2418 I sysui_multi_action: [757,1093,758,4,793,1004,1094,9437376,1095,5]
07-08 17:09:20.465   775   775 I auditd  : type=1400 audit(0.0:122): avc: denied { read } for comm="HwBinder:775_2" name="u:object_r:dolby_prop:s0" dev="tmpfs" ino=16893 scontext=u:r:hal_audio_default:s0 tcontext=u:object_r:dolby_prop:s0 tclass=file permissive=0
07-08 17:09:20.755   775   775 I chatty  : uid=1041(audioserver) audio@2.0-servi identical 1 line
07-08 17:09:20.755   775   775 I auditd  : type=1400 audit(0.0:124): avc: denied { read } for comm="HwBinder:775_2" name="u:object_r:dolby_prop:s0" dev="tmpfs" ino=16893 scontext=u:r:hal_audio_default:s0 tcontext=u:object_r:dolby_prop:s0 tclass=file permissive=0
07-08 17:09:21.004  2183  2418 I sysui_multi_action: [757,1093,758,4,793,2007,1094,9437376,1095,5]
07-08 17:09:22.009  2183  2418 I sysui_multi_action: [757,1093,758,4,793,1005,1094,9437376,1095,5]
07-08 17:09:22.125   775   775 I auditd  : type=1400 audit(0.0:125): avc: denied { read } for comm="HwBinder:775_1" name="u:object_r:dolby_prop:s0" dev="tmpfs" ino=16893 scontext=u:r:hal_audio_default:s0 tcontext=u:object_r:dolby_prop:s0 tclass=file permissive=0
07-08 17:09:22.385   775   775 I chatty  : uid=1041(audioserver) audio@2.0-servi identical 1 line
07-08 17:09:22.385   775   775 I auditd  : type=1400 audit(0.0:127): avc: denied { read } for comm="HwBinder:775_1" name="u:object_r:dolby_prop:s0" dev="tmpfs" ino=16893 scontext=u:r:hal_audio_default:s0 tcontext=u:object_r:dolby_prop:s0 tclass=file permissive=0
07-08 17:09:24.017  2183  2418 I sysui_multi_action: [757,1093,758,4,793,2008,1094,9437376,1095,5]
07-08 17:09:26.022  2183  2418 I sysui_multi_action: [757,1093,758,4,793,2005,1094,9437376,1095,5]
07-08 17:09:27.373  1909  1944 I am_pss  : [7205,10105,com.gaana,16295936,14557184,0]
07-08 17:09:27.537  1909  1944 I am_pss  : [9404,10016,com.google.android.dialer,10587136,9809920,0]
07-08 17:09:28.395   775   775 I auditd  : type=1400 audit(0.0:128): avc: denied { read } for comm="HwBinder:775_1" name="u:object_r:dolby_prop:s0" dev="tmpfs" ino=16893 scontext=u:r:hal_audio_default:s0 tcontext=u:object_r:dolby_prop:s0 tclass=file permissive=0
07-08 17:09:28.535   775   775 I chatty  : uid=1041(audioserver) audio@2.0-servi identical 1 line
07-08 17:09:28.535   775   775 I auditd  : type=1400 audit(0.0:130): avc: denied { read } for comm="HwBinder:775_1" name="u:object_r:dolby_prop:s0" dev="tmpfs" ino=16893 scontext=u:r:hal_audio_default:s0 tcontext=u:object_r:dolby_prop:s0 tclass=file permissive=0
07-08 17:09:29.040  2183  2418 I sysui_multi_action: [757,1093,758,4,793,3018,1094,9437376,1095,5]
07-08 17:09:29.139  1909  1929 I stream_devices_changed: [0,128,4]
07-08 17:09:29.141  1909  1929 I stream_devices_changed: [2,130,6]
07-08 17:09:29.143  1909  1929 I stream_devices_changed: [4,130,6]
07-08 17:09:29.145  1909  1929 I stream_devices_changed: [6,128,4]
07-08 17:09:29.148  1909  1929 I stream_devices_changed: [3,128,4]
07-08 17:09:29.199  1909  1944 I am_pss  : [2964,10003,android.process.acore,11554816,8323072,1740800]
07-08 17:09:31.045  2183  2418 I sysui_multi_action: [757,1093,758,4,793,2005,1094,9437376,1095,5]
07-08 17:09:31.187  1909  1929 I am_kill : [0,2914,android.process.media,906,empty #31]
07-08 17:09:31.209  1909  2294 I am_proc_died: [0,2914,android.process.media,906,17]
07-08 17:09:35.665   775   775 I auditd  : type=1400 audit(0.0:131): avc: denied { read } for comm="HwBinder:775_1" name="u:object_r:dolby_prop:s0" dev="tmpfs" ino=16893 scontext=u:r:hal_audio_default:s0 tcontext=u:object_r:dolby_prop:s0 tclass=file permissive=0
07-08 17:09:36.063  2183  2418 I sysui_multi_action: [757,1093,758,4,793,5017,1094,9437376,1095,5]
07-08 17:09:36.315   775   775 I auditd  : type=1400 audit(0.0:132): avc: denied { read } for comm="HwBinder:775_2" name="u:object_r:dolby_prop:s0" dev="tmpfs" ino=16893 scontext=u:r:hal_audio_default:s0 tcontext=u:object_r:dolby_prop:s0 tclass=file permissive=0
07-08 17:09:38.071  2183  2418 I sysui_multi_action: [757,1093,758,4,793,2009,1094,9437376,1095,5]
07-08 17:09:38.995   775   775 I auditd  : type=1400 audit(0.0:134): avc: denied { read } for comm="HwBinder:775_1" name="u:object_r:dolby_prop:s0" dev="tmpfs" ino=16893 scontext=u:r:hal_audio_default:s0 tcontext=u:object_r:dolby_prop:s0 tclass=file permissive=0
07-08 17:09:39.125   775   775 I chatty  : uid=1041(audioserver) audio@2.0-servi identical 1 line
07-08 17:09:39.125   775   775 I auditd  : type=1400 audit(0.0:136): avc: denied { read } for comm="HwBinder:775_1" name="u:object_r:dolby_prop:s0" dev="tmpfs" ino=16893 scontext=u:r:hal_audio_default:s0 tcontext=u:object_r:dolby_prop:s0 tclass=file permissive=0
07-08 17:09:40.081  2183  2418 I sysui_multi_action: [757,1093,758,4,793,2010,1094,9437376,1095,5]
07-08 17:09:42.511  2700  9524 I gtalk_connection: 16777984
07-08 17:09:42.568  1909  1944 I am_pss  : [2888,10014,com.google.process.gservices,5798912,2793472,1969152]
07-08 17:09:44.325   775   775 I auditd  : type=1400 audit(0.0:137): avc: denied { read } for comm="HwBinder:775_2" name="u:object_r:dolby_prop:s0" dev="tmpfs" ino=16893 scontext=u:r:hal_audio_default:s0 tcontext=u:object_r:dolby_prop:s0 tclass=file permissive=0
07-08 17:09:44.555   775   775 I auditd  : type=1400 audit(0.0:138): avc: denied { read } for comm="HwBinder:775_1" name="u:object_r:dolby_prop:s0" dev="tmpfs" ino=16893 scontext=u:r:hal_audio_default:s0 tcontext=u:object_r:dolby_prop:s0 tclass=file permissive=0
07-08 17:09:44.566  1909  2294 I stream_devices_changed: [0,4,128]
07-08 17:09:44.680  1909  2294 I stream_devices_changed: [2,6,130]
07-08 17:09:44.681  1909  2294 I stream_devices_changed: [4,6,130]
07-08 17:09:44.684  1909  2294 I stream_devices_changed: [6,4,128]
07-08 17:09:44.687  1909  2294 I stream_devices_changed: [3,4,128]
07-08 17:09:47.098  2183  2418 I sysui_multi_action: [757,1093,758,4,793,7016,1094,9437376,1095,5]
07-08 17:09:48.104  2183  2418 I sysui_multi_action: [757,1093,758,4,793,1007,1094,9437376,1095,5]
07-08 17:09:49.330  1909  1944 I am_pss  : [3789,10071,com.google.android.apps.maps,272115712,257228800,0]
07-08 17:09:49.506  1909  2358 I sysui_multi_action: [757,856,758,2,806,com.caf.fmradio,857,fmradio_notification_channel,858,2]
07-08 17:09:49.745   775   775 I auditd  : type=1400 audit(0.0:140): avc: denied { read } for comm="HwBinder:775_1" name="u:object_r:dolby_prop:s0" dev="tmpfs" ino=16893 scontext=u:r:hal_audio_default:s0 tcontext=u:object_r:dolby_prop:s0 tclass=file permissive=0
07-08 17:09:49.817  1909  2358 I stream_devices_changed: [0,128,1]
07-08 17:09:49.819  1909  2358 I stream_devices_changed: [2,130,2]
07-08 17:09:49.820  1909  2358 I stream_devices_changed: [4,130,2]
07-08 17:09:49.821  1909  2358 I stream_devices_changed: [6,128,1]
07-08 17:09:49.824  1909  2358 I stream_devices_changed: [3,128,2]
07-08 17:09:49.825  1909  1909 I notification_cancel_all: [1000,1909,com.caf.fmradio,0,0,0,17,NULL]
07-08 17:09:49.825  1909  1909 I sysui_multi_action: [757,128,758,5,759,17,793,54001,794,0,795,54001,796,101,806,com.caf.fmradio,857,fmradio_notification_channel,858,2,947,0]
07-08 17:09:49.825  1909  1909 I notification_canceled: [0|com.caf.fmradio|101|null|1000,17,54001,54001,0,NULL]
07-08 17:09:49.826  7205  7205 I liblog  : 1
07-08 17:09:50.034   774   774 I liblog  : 1
07-08 17:09:50.258  1909  2139 I stream_devices_changed: [0,1,8]
07-08 17:09:50.263  1909  2139 I stream_devices_changed: [2,2,10]
07-08 17:09:50.264  1909  2139 I stream_devices_changed: [3,2,8]
07-08 17:09:50.265  1909  2139 I stream_devices_changed: [4,2,10]
07-08 17:09:50.267  1909  2139 I stream_devices_changed: [6,1,8]
07-08 17:09:50.465   775   775 I auditd  : type=1400 audit(0.0:143): avc: denied { read } for comm="HwBinder:775_2" name="u:object_r:dolby_prop:s0" dev="tmpfs" ino=16893 scontext=u:r:hal_audio_default:s0 tcontext=u:object_r:dolby_prop:s0 tclass=file permissive=0
07-08 17:09:50.284  1909  8916 I stream_devices_changed: [0,8,128]
07-08 17:09:50.291  1909  8916 I stream_devices_changed: [2,10,130]
07-08 17:09:50.292  1909  8916 I stream_devices_changed: [3,8,128]
07-08 17:09:50.294  1909  8916 I stream_devices_changed: [6,8,128]
07-08 17:09:50.299  1909  8916 I stream_devices_changed: [4,10,130]
07-08 17:09:50.315  1909  8916 I sysui_multi_action: [757,856,758,1,806,com.caf.fmradio,857,fmradio_notification_channel,858,2]
07-08 17:09:50.431  8348  8388 I liblog  : 271
07-08 17:09:50.451  8348  8388 I liblog  : 27
07-08 17:09:50.507  2183  2418 I sysui_multi_action: [757,1093,758,4,793,2402,1094,9437376,1095,5]
07-08 17:09:50.698   775  1555 I liblog  : 18
07-08 17:09:50.710  1909  1909 I notification_enqueue: [1000,8348,com.caf.fmradio,101,NULL,0,Notification(channel=fmradio_notification_channel pri=0 contentView=com.caf.fmradio/0x7f030010 vibrate=null sound=null defaults=0x0 flags=0x42 color=0x00000000 vis=PRIVATE),0]
07-08 17:09:50.728  1909  1909 I notification_enqueue: [1000,8348,com.caf.fmradio,101,NULL,0,Notification(channel=fmradio_notification_channel pri=0 contentView=com.caf.fmradio/0x7f030010 vibrate=null sound=null defaults=0x0 flags=0x42 color=0x00000000 vis=PRIVATE),0]
07-08 17:09:51.115  8348  8348 I liblog  : 14
07-08 17:09:52.118  2183  2418 I sysui_multi_action: [757,1093,758,4,793,1611,1094,9437376,1095,5]
07-08 17:09:56.133  2183  2418 I sysui_multi_action: [757,1093,758,4,793,4016,1094,9437376,1095,5]
07-08 17:09:57.594  1909  1945 I am_uid_idle: 10003
07-08 17:09:58.138  2183  2418 I sysui_multi_action: [757,1093,758,4,793,2004,1094,9437376,1095,5]
07-08 17:09:58.486  1909  1944 I am_pss  : [7628,99002,com.android.chrome:sandboxed_process0,48218112,38637568,0]
07-08 17:09:59.146  2183  2418 I sysui_multi_action: [757,1093,758,4,793,1009,1094,9437376,1095,5]
07-08 17:10:00.153  2183  2418 I sysui_multi_action: [757,1093,758,4,793,1007,1094,9437376,1095,5]
07-08 17:10:01.159  2183  2418 I sysui_multi_action: [757,1093,758,4,793,1006,1094,9437376,1095,5]
07-08 17:10:03.168  2183  2418 I sysui_multi_action: [757,1093,758,4,793,2009,1094,9437376,1095,5]
07-08 17:10:04.174  2183  2418 I sysui_multi_action: [757,1093,758,4,793,1005,1094,9437376,1095,5]
07-08 17:10:07.188  2183  2418 I sysui_multi_action: [757,1093,758,4,793,3015,1094,9437376,1095,5]
07-08 17:10:07.425   775   775 I auditd  : type=1400 audit(0.0:146): avc: denied { read } for comm="HwBinder:775_2" name="u:object_r:dolby_prop:s0" dev="tmpfs" ino=16893 scontext=u:r:hal_audio_default:s0 tcontext=u:object_r:dolby_prop:s0 tclass=file permissive=0
07-08 17:10:07.575   775   775 I auditd  : type=1400 audit(0.0:147): avc: denied { read } for comm="audio@2.0-servi" name="u:object_r:dolby_prop:s0" dev="tmpfs" ino=16893 scontext=u:r:hal_audio_default:s0 tcontext=u:object_r:dolby_prop:s0 tclass=file permissive=0
07-08 17:10:09.320  1909  6887 I stream_devices_changed: [0,128,8]
07-08 17:10:09.323  1909  6887 I stream_devices_changed: [2,130,10]
07-08 17:10:09.325  1909  6887 I stream_devices_changed: [4,130,10]
07-08 17:10:09.328  1909  6887 I stream_devices_changed: [6,128,8]
07-08 17:10:09.331  1909  6887 I stream_devices_changed: [3,128,8]
07-08 17:10:10.200  2183  2418 I sysui_multi_action: [757,1093,758,4,793,3012,1094,9437376,1095,5]
07-08 17:10:11.206  2183  2418 I sysui_multi_action: [757,1093,758,4,793,1006,1094,9437376,1095,5]
07-08 17:10:12.208  2183  2418 I sysui_multi_action: [757,1093,758,4,793,1001,1094,9437376,1095,5]
07-08 17:10:13.217  2183  2418 I sysui_multi_action: [757,1093,758,4,793,1010,1094,9437376,1095,5]
07-08 17:10:15.815   775   775 I auditd  : type=1400 audit(0.0:149): avc: denied { read } for comm="HwBinder:775_2" name="u:object_r:dolby_prop:s0" dev="tmpfs" ino=16893 scontext=u:r:hal_audio_default:s0 tcontext=u:object_r:dolby_prop:s0 tclass=file permissive=0
07-08 17:10:16.395   775   775 I chatty  : uid=1041(audioserver) audio@2.0-servi identical 1 line
07-08 17:10:16.395   775   775 I auditd  : type=1400 audit(0.0:151): avc: denied { read } for comm="HwBinder:775_2" name="u:object_r:dolby_prop:s0" dev="tmpfs" ino=16893 scontext=u:r:hal_audio_default:s0 tcontext=u:object_r:dolby_prop:s0 tclass=file permissive=0
07-08 17:10:17.224  2183  2418 I sysui_multi_action: [757,1093,758,4,793,4007,1094,9437376,1095,5]
07-08 17:10:18.230  2183  2418 I sysui_multi_action: [757,1093,758,4,793,1006,1094,9437376,1095,5]
07-08 17:10:19.236  2183  2418 I sysui_multi_action: [757,1093,758,4,793,1006,1094,9437376,1095,5]
07-08 17:10:19.374  1909  2294 I stream_devices_changed: [0,8,128]
07-08 17:10:19.375  1909  2294 I stream_devices_changed: [2,10,130]
07-08 17:10:19.376  1909  2294 I stream_devices_changed: [4,10,130]
07-08 17:10:19.377  1909  2294 I stream_devices_changed: [6,8,128]
07-08 17:10:19.379  1909  2294 I stream_devices_changed: [3,8,128]
07-08 17:10:19.950  1909  6887 I sysui_multi_action: [757,856,758,2,806,com.caf.fmradio,857,fmradio_notification_channel,858,2]
07-08 17:10:19.974  1909  1909 I notification_cancel_all: [1000,1909,com.caf.fmradio,0,0,0,17,NULL]
07-08 17:10:19.975  1909  1909 I sysui_multi_action: [757,128,758,5,759,17,793,29540,794,0,795,29540,796,101,806,com.caf.fmradio,857,fmradio_notification_channel,858,2,947,0]
07-08 17:10:19.975  1909  1909 I notification_canceled: [0|com.caf.fmradio|101|null|1000,17,29540,29540,0,NULL]
07-08 17:10:20.244  2183  2418 I sysui_multi_action: [757,1093,758,4,793,1008,1094,9437376,1095,4]
07-08 17:10:20.976  2700  9571 I c2dm    : [-2,,1,1]
07-08 17:10:21.045  3020  9630 I aggregation: 1531050021045
07-08 17:10:22.232  1909  2139 I stream_devices_changed: [0,128,8]
07-08 17:10:22.236  1909  2139 I stream_devices_changed: [2,130,10]
07-08 17:10:22.237  1909  2139 I stream_devices_changed: [3,128,8]
07-08 17:10:22.238  1909  2139 I stream_devices_changed: [4,130,10]
07-08 17:10:22.239  1909  2139 I stream_devices_changed: [6,128,8]
07-08 17:10:22.243  2183  2418 I sysui_multi_action: [757,1093,758,4,793,1998,1094,9437376,1095,5]
07-08 17:10:22.299  1909  1930 I sysui_multi_action: [757,856,758,1,806,com.caf.fmradio,857,fmradio_notification_channel,858,2]
07-08 17:10:22.434  8348  8388 I liblog  : 262
07-08 17:10:22.434  8348  9645 I liblog  : 3
07-08 17:10:22.438  8348  9645 I liblog  : 10
07-08 17:10:22.462  8348  8388 I liblog  : 28
07-08 17:10:22.598   775  1830 I liblog  : 10
07-08 17:10:22.611  1909  1909 I notification_enqueue: [1000,8348,com.caf.fmradio,101,NULL,0,Notification(channel=fmradio_notification_channel pri=0 contentView=com.caf.fmradio/0x7f030010 vibrate=null sound=null defaults=0x0 flags=0x42 color=0x00000000 vis=PRIVATE),0]
07-08 17:10:22.615  3000  8183 I liblog  : 2
07-08 17:10:22.628  1909  1909 I liblog  : 1
07-08 17:10:22.638   775  8992 I liblog  : 3
07-08 17:10:22.663   776  3806 I liblog  : 1
07-08 17:10:22.671  3644  3644 I liblog  : 34
07-08 17:10:23.243  2183  2418 I sysui_multi_action: [757,1093,758,4,793,1001,1094,9437376,1095,5]
07-08 17:10:24.253  8348  8348 I liblog  : 13
07-08 17:10:24.391  1909  1930 I stream_devices_changed: [0,8,128]
07-08 17:10:24.393  1909  1930 I stream_devices_changed: [2,10,130]
07-08 17:10:24.393  1909  1930 I stream_devices_changed: [4,10,130]
07-08 17:10:24.395  1909  1930 I stream_devices_changed: [6,8,128]
07-08 17:10:24.399  1909  1930 I stream_devices_changed: [3,8,128]
07-08 17:10:25.258  2183  2418 I sysui_multi_action: [757,1093,758,4,793,2014,1094,9437376,1095,5]
07-08 17:10:26.266  2183  2418 I sysui_multi_action: [757,1093,758,4,793,1009,1094,9437376,1095,5]
07-08 17:10:27.269  2183  2418 I sysui_multi_action: [757,1093,758,4,793,1002,1094,9437376,1095,5]
07-08 17:10:27.632  3000  3000 I liblog  : 9
07-08 17:10:28.276  2183  2418 I sysui_multi_action: [757,1093,758,4,793,1008,1094,9437376,1095,5]
07-08 17:10:29.635   775   775 I auditd  : type=1400 audit(0.0:152): avc: denied { read } for comm="HwBinder:775_2" name="u:object_r:dolby_prop:s0" dev="tmpfs" ino=16893 scontext=u:r:hal_audio_default:s0 tcontext=u:object_r:dolby_prop:s0 tclass=file permissive=0
07-08 17:10:29.795   775   775 I auditd  : type=1400 audit(0.0:153): avc: denied { read } for comm="audio@2.0-servi" name="u:object_r:dolby_prop:s0" dev="tmpfs" ino=16893 scontext=u:r:hal_audio_default:s0 tcontext=u:object_r:dolby_prop:s0 tclass=file permissive=0
07-08 17:10:34.298  2183  2418 I sysui_multi_action: [757,1093,758,4,793,6022,1094,9437376,1095,5]
07-08 17:10:34.365   775   775 I auditd  : type=1400 audit(0.0:155): avc: denied { read } for comm="HwBinder:775_2" name="u:object_r:dolby_prop:s0" dev="tmpfs" ino=16893 scontext=u:r:hal_audio_default:s0 tcontext=u:object_r:dolby_prop:s0 tclass=file permissive=0
07-08 17:10:34.595   775   775 I chatty  : uid=1041(audioserver) audio@2.0-servi identical 1 line
07-08 17:10:34.595   775   775 I auditd  : type=1400 audit(0.0:157): avc: denied { read } for comm="HwBinder:775_2" name="u:object_r:dolby_prop:s0" dev="tmpfs" ino=16893 scontext=u:r:hal_audio_default:s0 tcontext=u:object_r:dolby_prop:s0 tclass=file permissive=0
07-08 17:10:35.302  2183  2418 I sysui_multi_action: [757,1093,758,4,793,1004,1094,9437376,1095,5]
07-08 17:10:35.955   775   775 I auditd  : type=1400 audit(0.0:158): avc: denied { read } for comm="HwBinder:775_2" name="u:object_r:dolby_prop:s0" dev="tmpfs" ino=16893 scontext=u:r:hal_audio_default:s0 tcontext=u:object_r:dolby_prop:s0 tclass=file permissive=0
07-08 17:10:36.085   775   775 I auditd  : type=1400 audit(0.0:159): avc: denied { read } for comm="audio@2.0-servi" name="u:object_r:dolby_prop:s0" dev="tmpfs" ino=16893 scontext=u:r:hal_audio_default:s0 tcontext=u:object_r:dolby_prop:s0 tclass=file permissive=0
07-08 17:10:36.307  2183  2418 I sysui_multi_action: [757,1093,758,4,793,1005,1094,9437376,1095,5]
07-08 17:10:37.309  2183  2418 I sysui_multi_action: [757,1093,758,4,793,1002,1094,9437376,1095,5]
07-08 17:10:37.399  1909  1909 I stream_devices_changed: [0,128,8]
07-08 17:10:37.401  1909  1909 I stream_devices_changed: [2,130,10]
