07-08 17:05:59.997  1909  6884 I sysui_multi_action: [757,128,758,1,793,134048,794,0,795,4443,796,1,798,0,806,com.google.android.apps.maps,857,1_foreground_1,858,3,946,navigation_status_notificat-d493b52d,947,0]
07-08 17:05:59.997  1909  6884 I sysui_histogram: [note_freshness,4443]
07-08 17:05:59.998  1909  6884 I sysui_multi_action: [757,804,799,note_freshness,801,4443,802,1]
07-08 17:05:59.998  1909  6884 I notification_visibility: [0|com.google.android.apps.maps|1|null|10071,1,134048,4443,0,0]
07-08 17:05:59.998  1909  6884 I sysui_multi_action: [757,128,758,1,793,120070,794,0,795,120070,796,0,797,com.android.systemui.pip.phone.PipNotificationController,798,2,806,com.android.systemui,857,GEN,858,1,947,0]
07-08 17:05:59.999  1909  6884 I sysui_histogram: [note_freshness,120070]
07-08 17:05:59.999  1909  6884 I sysui_multi_action: [757,804,799,note_freshness,801,120070,802,1]
07-08 17:05:59.999  1909  6884 I notification_visibility: [0|com.android.systemui|0|com.android.systemui.pip.phone.PipNotificationController|10035,1,120070,120070,0,2]
07-08 17:06:01.357  2183  2418 I sysui_multi_action: [757,1093,758,4,793,8905,1094,9437248,1095,4]
07-08 17:06:02.350  2183  2183 I sysui_view_visibility: [111,100]
07-08 17:06:02.351  2183  2183 I sysui_multi_action: [757,111,758,1]
07-08 17:06:02.352  2183  2183 I sysui_multi_action: [757,126,758,1,759,126,833,1,927,0,928,0]
07-08 17:06:02.352  2183  2183 I sysui_multi_action: [757,115,758,1,759,115,833,1,927,1,928,1]
07-08 17:06:02.352  2183  2183 I sysui_multi_action: [757,113,758,1,759,113,833,1,927,2,928,0]
07-08 17:06:02.352  2183  2183 I sysui_multi_action: [757,122,758,1,759,122,833,1,927,3,928,1]
07-08 17:06:02.352  2183  2183 I sysui_multi_action: [757,116,758,1,759,116,833,1,927,4,928,0]
07-08 17:06:02.352  2183  2183 I sysui_multi_action: [757,119,758,1,759,119,833,1,927,5,928,0]
07-08 17:06:02.353  2183  2183 I sysui_multi_action: [757,123,758,1,759,123,833,0,927,6,928,1]
07-08 17:06:02.353  2183  2183 I sysui_multi_action: [757,261,758,1,759,261,833,0,927,7,928,0]
07-08 17:06:02.353  2183  2183 I sysui_multi_action: [757,112,758,1,759,112,833,0,927,8,928,0]
07-08 17:06:02.353  2183  2183 I sysui_multi_action: [757,114,758,1,759,114,833,0,927,9,928,0]
07-08 17:06:02.354  2183  2183 I sysui_multi_action: [757,120,758,1,759,120,833,0,927,10,928,0]
07-08 17:06:02.354  2183  2183 I sysui_view_visibility: [111,100]
07-08 17:06:02.354  2183  2183 I sysui_multi_action: [757,111,758,1]
07-08 17:06:02.354  2183  2183 I sysui_multi_action: [757,126,758,1,759,126,833,1,927,0,928,0]
07-08 17:06:02.354  2183  2183 I sysui_multi_action: [757,115,758,1,759,115,833,1,927,1,928,1]
07-08 17:06:02.354  2183  2183 I sysui_multi_action: [757,113,758,1,759,113,833,1,927,2,928,0]
07-08 17:06:02.355  2183  2183 I sysui_multi_action: [757,122,758,1,759,122,833,1,927,3,928,1]
07-08 17:06:02.355  2183  2183 I sysui_multi_action: [757,116,758,1,759,116,833,1,927,4,928,0]
07-08 17:06:02.355  2183  2183 I sysui_multi_action: [757,119,758,1,759,119,833,1,927,5,928,0]
07-08 17:06:02.756  2183  2418 I sysui_multi_action: [757,1093,758,4,793,1398,1094,9437248,1095,4]
07-08 17:06:02.834  1909  6884 I sysui_multi_action: [757,128,758,2,793,122905,794,2835,795,122905,796,0,797,com.android.systemui.pip.phone.PipNotificationController,798,2,806,com.android.systemui,857,GEN,858,1,947,0]
07-08 17:06:02.834  1909  6884 I notification_visibility: [0|com.android.systemui|0|com.android.systemui.pip.phone.PipNotificationController|10035,0,122905,122905,0,2]
07-08 17:06:03.855  2183  2418 I sysui_multi_action: [757,1093,758,4,793,1100,1094,9437248,1095,4]
07-08 17:06:04.668  2183  2183 I sysui_multi_action: [757,925,758,4,759,113,833,1,927,2,928,0]
07-08 17:06:04.744  1909  2319 I sysui_multi_action: [757,856,758,1,806,com.android.bluetooth,857,avrcp_notification,858,3]
07-08 17:06:04.827  3644  3644 I liblog  : 43
07-08 17:06:04.831  3644  8783 I liblog  : 47
07-08 17:06:04.836  3644  3644 I liblog  : 2
07-08 17:06:04.841  3644  3808 I liblog  : 13
07-08 17:06:04.846  3644  3644 I liblog  : 3
07-08 17:06:04.847  3644  8786 I liblog  : 2
07-08 17:06:04.850  3644  8783 I liblog  : 9
07-08 17:06:04.853  3644  8786 I liblog  : 13
07-08 17:06:04.853  3644  8786 I liblog  : 15
07-08 17:06:04.856  3644  8795 I liblog  : 5
07-08 17:06:04.860  3644  3808 I liblog  : 2
07-08 17:06:04.865  3644  8783 I liblog  : 4
07-08 17:06:04.866  3644  6939 I liblog  : 2
07-08 17:06:04.866  3644  8799 I liblog  : 1
07-08 17:06:05.707  2183  2418 I sysui_multi_action: [757,1093,758,4,793,1852,1094,9437376,1095,5]
07-08 17:06:06.309  2183  2183 I sysui_multi_action: [757,926,758,4,759,113,833,1,927,2,928,1]
07-08 17:06:06.333  2183  2183 I sysui_view_visibility: [150,100]
07-08 17:06:06.333  2183  2183 I sysui_multi_action: [757,150,758,1]
07-08 17:06:06.795  2183  2183 I sysui_view_visibility: [111,0]
07-08 17:06:06.796  2183  2183 I sysui_multi_action: [757,111,758,2]
07-08 17:06:15.710  1909  1944 I am_pss  : [8348,1000,com.caf.fmradio,64332800,61972480,0]
07-08 17:06:16.404  1909  1909 I notification_enqueue: [10071,3789,com.google.android.apps.maps,1,NULL,0,Notification(channel=1_foreground_1 pri=2 contentView=com.google.android.apps.maps/0x7f05008d vibrate=null sound=null defaults=0x0 flags=0xa color=0x00000000 groupKey=navigation_status_notification_group vis=PRIVATE),1]
07-08 17:06:16.468  1909  1944 I am_pss  : [3000,10039,com.google.android.googlequicksearchbox:search,78818304,70545408,0]
07-08 17:06:18.078  1909  1945 I am_proc_start: [0,8863,1000,com.android.settings,broadcast,com.android.settings/.bluetooth.BluetoothPairingRequest]
07-08 17:06:18.096  1909  6885 I am_proc_bound: [0,8863,com.android.settings]
07-08 17:06:18.196  1909  6885 I sysui_multi_action: [757,856,758,1,806,com.android.settings,857,bluetooth_notification_channel,858,4]
07-08 17:06:18.212  1909  1909 I notification_enqueue: [1000,8863,com.android.settings,17301632,NULL,0,Notification(channel=bluetooth_notification_channel pri=0 contentView=null vibrate=null sound=default tick defaults=0x1 flags=0x140 color=0xff607d8b actions=2 vis=PRIVATE),0]
07-08 17:06:18.214  1909  1909 I sysui_multi_action: [757,199,758,1,759,2,793,5,794,0,795,5,796,17301632,806,com.android.settings,857,bluetooth_notification_channel,858,4,947,0]
07-08 17:06:18.214  1909  1909 I notification_alert: [0|com.android.settings|17301632|null|1000,0,1,0]
07-08 17:06:18.274  1909  6885 I notification_expansion: [0|com.android.settings|17301632|null|1000,0,1,65,65,0]
07-08 17:06:18.274  1909  8483 I notification_expansion: [0|com.google.android.apps.maps|1|null|10071,0,0,152325,1873,18277]
07-08 17:06:18.505  2183  2418 I sysui_multi_action: [757,1093,758,4,793,12795,1094,9437376,1095,5]
07-08 17:06:18.875  1909  1909 I auditd  : type=1400 audit(0.0:83): avc: denied { write } for comm="Binder:1909_6" name="timerslack_ns" dev="proc" ino=100546 scontext=u:r:system_server:s0 tcontext=u:r:hal_audio_default:s0 tclass=file permissive=0
07-08 17:06:18.905   775   775 I auditd  : type=1400 audit(0.0:84): avc: denied { read } for comm="HwBinder:775_2" name="u:object_r:dolby_prop:s0" dev="tmpfs" ino=16893 scontext=u:r:hal_audio_default:s0 tcontext=u:object_r:dolby_prop:s0 tclass=file permissive=0
07-08 17:06:18.915   775   775 I auditd  : type=1400 audit(0.0:85): avc: denied { read } for comm="effect" name="u:object_r:dolby_prop:s0" dev="tmpfs" ino=16893 scontext=u:r:hal_audio_default:s0 tcontext=u:object_r:dolby_prop:s0 tclass=file permissive=0
07-08 17:06:18.933  1909  2319 I sysui_multi_action: [757,128,758,1,793,724,794,0,795,724,796,17301632,798,0,806,com.android.settings,857,bluetooth_notification_channel,858,4,947,0]
07-08 17:06:18.933  1909  2319 I sysui_histogram: [note_freshness,724]
07-08 17:06:18.933  1909  2319 I sysui_multi_action: [757,804,799,note_freshness,801,724,802,1]
07-08 17:06:18.933  1909  2319 I notification_visibility: [0|com.android.settings|17301632|null|1000,1,724,724,0,0]
07-08 17:06:18.933  1909  2319 I sysui_multi_action: [757,128,758,2,793,125234,794,18937,795,58794,796,101,798,1,806,com.caf.fmradio,857,fmradio_notification_channel,858,2,947,0]
07-08 17:06:18.933  1909  2319 I notification_visibility: [0|com.caf.fmradio|101|null|1000,0,125234,58794,0,1]
07-08 17:06:20.510  2183  2418 I sysui_multi_action: [757,1093,758,4,793,2008,1094,9437376,1095,5]
07-08 17:06:21.198  1909  2319 I sysui_multi_action: [757,129,758,4,759,0,793,2989,794,2265,795,2989,796,17301632,806,com.android.settings,857,bluetooth_notification_channel,858,4,947,0]
07-08 17:06:21.198  1909  2319 I notification_action_clicked: [0|com.android.settings|17301632|null|1000,0,2989,2989,2265]
07-08 17:06:21.219  1909  8483 I wm_task_created: [130,1]
07-08 17:06:21.220  1909  8483 I wm_task_moved: [130,1,3]
07-08 17:06:21.220  1909  8483 I wm_task_moved: [130,1,3]
07-08 17:06:21.220  1909  8483 I am_create_task: [0,130]
07-08 17:06:21.220  1909  8483 I am_create_activity: [0,23429274,130,com.android.settings/.bluetooth.BluetoothPairingDialog,android.bluetooth.device.action.PAIRING_REQUEST,NULL,NULL,276824064]
07-08 17:06:21.220  1909  8483 I wm_task_moved: [130,1,3]
07-08 17:06:21.222  1909  8483 I am_pause_activity: [0,121954434,com.caf.fmradio/.FMRadio]
07-08 17:06:21.223  8348  8348 I am_on_paused_called: [0,com.caf.fmradio.FMRadio,handlePauseActivity]
07-08 17:06:21.226  1909  8483 I sysui_multi_action: [757,128,758,2,793,3017,794,2293,795,3017,796,17301632,798,0,806,com.android.settings,857,bluetooth_notification_channel,858,4,947,0]
07-08 17:06:21.226  1909  8483 I notification_visibility: [0|com.android.settings|17301632|null|1000,0,3017,3017,0,0]
07-08 17:06:21.226  1909  8483 I sysui_multi_action: [757,128,758,2,793,155277,794,21229,795,4825,796,1,798,1,806,com.google.android.apps.maps,857,1_foreground_1,858,3,946,navigation_status_notificat-d493b52d,947,0]
07-08 17:06:21.226  1909  8483 I notification_visibility: [0|com.google.android.apps.maps|1|null|10071,0,155277,4825,0,1]
07-08 17:06:21.226  1909  8483 I sysui_view_visibility: [127,0]
07-08 17:06:21.226  1909  8483 I sysui_multi_action: [757,127,758,2]
07-08 17:06:21.226  1909  8483 I notification_panel_hidden: 
07-08 17:06:21.229  1909  2319 I am_restart_activity: [0,23429274,130,com.android.settings/.bluetooth.BluetoothPairingDialog]
07-08 17:06:21.231  1909  2319 I am_set_resumed_activity: [0,com.android.settings/.bluetooth.BluetoothPairingDialog,minimalResumeActivityLocked]
07-08 17:06:21.235  1909  1945 I sysui_count: [window_time_0,136]
07-08 17:06:21.235  1909  1945 I sysui_multi_action: [757,803,799,window_time_0,802,136]
07-08 17:06:21.289  8863  8863 I sysui_multi_action: [757,613,758,1,833,0]
07-08 17:06:21.289  8863  8863 I am_on_resume_called: [0,com.android.settings.bluetooth.BluetoothPairingDialog,LAUNCH_ACTIVITY]
07-08 17:06:21.358  1909  1956 I am_activity_launch_time: [0,23429274,com.android.settings/.bluetooth.BluetoothPairingDialog,129,129]
07-08 17:06:21.359  1909  1956 I sysui_multi_action: [319,146,322,146,325,917,757,761,758,8,759,2,806,com.android.settings,871,com.android.settings.bluetooth.BluetoothPairingDialog,904,com.android.settings,905,0]
07-08 17:06:21.460  2183  2183 I sysui_view_visibility: [111,0]
07-08 17:06:21.460  2183  2183 I sysui_multi_action: [757,111,758,2]
07-08 17:06:21.461  2183  2183 I sysui_view_visibility: [111,0]
07-08 17:06:21.461  2183  2183 I sysui_multi_action: [757,111,758,2]
07-08 17:06:21.479  2183  2183 I sysui_view_visibility: [150,0]
07-08 17:06:21.479  2183  2183 I sysui_multi_action: [757,150,758,2]
07-08 17:06:21.479  2183  2183 I sysui_view_visibility: [111,100]
07-08 17:06:21.479  2183  2183 I sysui_multi_action: [757,111,758,1]
07-08 17:06:21.771  2183  2418 I sysui_multi_action: [757,1093,758,4,793,1261,1094,9437376,1095,5]
07-08 17:06:22.659  1909  1909 I sysui_multi_action: [757,128,758,5,759,8,793,4450,794,3726,795,4450,796,17301632,806,com.android.settings,857,bluetooth_notification_channel,858,4,947,0]
07-08 17:06:22.659  1909  1909 I notification_canceled: [0|com.android.settings|17301632|null|1000,8,4450,4450,3726,NULL]
07-08 17:06:22.666  1909  4512 I notification_expansion: [0|com.google.android.apps.maps|1|null|10071,0,1,156717,6265,22669]
07-08 17:06:22.677  1909  6885 I am_finish_activity: [0,23429274,130,com.android.settings/.bluetooth.BluetoothPairingDialog,app-request]
07-08 17:06:22.678  1909  6885 I am_pause_activity: [0,23429274,com.android.settings/.bluetooth.BluetoothPairingDialog]
07-08 17:06:22.692  1909  1945 I sysui_count: [window_time_0,1]
07-08 17:06:22.692  1909  1945 I sysui_multi_action: [757,803,799,window_time_0,802,1]
07-08 17:06:22.728  8863  8863 I sysui_view_visibility: [613,0]
07-08 17:06:22.729  8863  8863 I sysui_multi_action: [757,613,758,2]
07-08 17:06:22.729  8863  8863 I am_on_paused_called: [0,com.android.settings.bluetooth.BluetoothPairingDialog,handlePauseActivity]
07-08 17:06:22.732  1909  4512 I am_set_resumed_activity: [0,com.caf.fmradio/.FMRadio,resumeTopActivityInnerLocked]
07-08 17:06:22.735  1909  4512 I am_resume_activity: [0,121954434,129,com.caf.fmradio/.FMRadio]
07-08 17:06:22.776  1909  1945 I sysui_count: [window_time_0,0]
07-08 17:06:22.776  1909  1945 I sysui_multi_action: [757,803,799,window_time_0,802,0]
07-08 17:06:22.776  8348  8348 I am_on_resume_called: [0,com.caf.fmradio.FMRadio,RESUME_ACTIVITY]
07-08 17:06:22.827  1909  6885 I am_destroy_activity: [0,23429274,130,com.android.settings/.bluetooth.BluetoothPairingDialog,finish-idle]
07-08 17:06:22.828  8863  8863 I am_on_stop_called: [0,com.android.settings.bluetooth.BluetoothPairingDialog,destroy]
07-08 17:06:22.977  1909  2069 I wm_task_removed: [130,removeAppToken: last token]
07-08 17:06:22.977  1909  2069 I wm_task_removed: [130,removeTask]
07-08 17:06:24.681  1909  1909 I am_kill : [0,4155,com.google.android.gm,906,empty #31]
07-08 17:06:24.715  1909  3038 I am_proc_died: [0,4155,com.google.android.gm,906,17]
07-08 17:06:24.715  1909  3038 I am_uid_stopped: 10061
07-08 17:06:26.528  2183  2418 I sysui_multi_action: [757,1093,758,4,793,4756,1094,9437376,1095,5]
07-08 17:06:27.538  2183  2418 I sysui_multi_action: [757,1093,758,4,793,1010,1094,9437376,1095,5]
07-08 17:06:27.723  2183  2183 I sysui_count: [panel_open,1]
07-08 17:06:27.723  2183  2183 I sysui_multi_action: [757,803,799,panel_open,802,1]
07-08 17:06:27.749  1909  3038 I sysui_view_visibility: [127,100]
07-08 17:06:27.749  1909  3038 I sysui_multi_action: [757,127,758,1]
07-08 17:06:27.749  1909  3038 I sysui_histogram: [note_load,3]
07-08 17:06:27.749  1909  3038 I sysui_multi_action: [757,804,799,note_load,801,3,802,1]
07-08 17:06:27.749  1909  3038 I notification_panel_revealed: 3
07-08 17:06:28.251  1909  4512 I sysui_multi_action: [757,128,758,1,793,134552,794,0,795,68112,796,101,798,1,806,com.caf.fmradio,857,fmradio_notification_channel,858,2,947,0]
07-08 17:06:28.252  1909  4512 I sysui_histogram: [note_freshness,68112]
07-08 17:06:28.252  1909  4512 I sysui_multi_action: [757,804,799,note_freshness,801,68112,802,1]
07-08 17:06:28.252  1909  4512 I notification_visibility: [0|com.caf.fmradio|101|null|1000,1,134552,68112,0,1]
07-08 17:06:28.252  1909  4512 I sysui_multi_action: [757,128,758,1,793,162303,794,0,795,11851,796,1,798,0,806,com.google.android.apps.maps,857,1_foreground_1,858,3,946,navigation_status_notificat-d493b52d,947,0]
07-08 17:06:28.252  1909  4512 I sysui_histogram: [note_freshness,11851]
07-08 17:06:28.252  1909  4512 I sysui_multi_action: [757,804,799,note_freshness,801,11851,802,1]
07-08 17:06:28.252  1909  4512 I notification_visibility: [0|com.google.android.apps.maps|1|null|10071,1,162303,11851,0,0]
07-08 17:06:28.253  1909  4512 I sysui_multi_action: [757,128,758,1,793,148324,794,0,795,148324,796,0,797,com.android.systemui.pip.phone.PipNotificationController,798,2,806,com.android.systemui,857,GEN,858,1,947,0]
07-08 17:06:28.254  1909  4512 I sysui_histogram: [note_freshness,148324]
07-08 17:06:28.254  1909  4512 I sysui_multi_action: [757,804,799,note_freshness,801,148324,802,1]
07-08 17:06:28.254  1909  4512 I notification_visibility: [0|com.android.systemui|0|com.android.systemui.pip.phone.PipNotificationController|10035,1,148324,148324,0,2]
07-08 17:06:28.921  2183  2183 I sysui_view_visibility: [111,100]
07-08 17:06:28.921  2183  2183 I sysui_multi_action: [757,111,758,1]
07-08 17:06:28.921  2183  2183 I sysui_multi_action: [757,126,758,1,759,126,833,1,927,0,928,0]
07-08 17:06:28.922  2183  2183 I sysui_multi_action: [757,115,758,1,759,115,833,1,927,1,928,1]
07-08 17:06:28.922  2183  2183 I sysui_multi_action: [757,113,758,1,759,113,833,1,927,2,928,1]
07-08 17:06:28.922  2183  2183 I sysui_multi_action: [757,122,758,1,759,122,833,1,927,3,928,1]
07-08 17:06:28.922  2183  2183 I sysui_multi_action: [757,116,758,1,759,116,833,1,927,4,928,0]
07-08 17:06:28.922  2183  2183 I sysui_multi_action: [757,119,758,1,759,119,833,1,927,5,928,0]
07-08 17:06:28.922  2183  2183 I sysui_multi_action: [757,123,758,1,759,123,833,0,927,6,928,1]
07-08 17:06:28.922  2183  2183 I sysui_multi_action: [757,261,758,1,759,261,833,0,927,7,928,0]
07-08 17:06:28.923  2183  2183 I sysui_multi_action: [757,112,758,1,759,112,833,0,927,8,928,0]
07-08 17:06:28.923  2183  2183 I sysui_multi_action: [757,114,758,1,759,114,833,0,927,9,928,0]
07-08 17:06:28.923  2183  2183 I sysui_multi_action: [757,120,758,1,759,120,833,0,927,10,928,0]
07-08 17:06:28.923  2183  2183 I sysui_view_visibility: [111,100]
07-08 17:06:28.923  2183  2183 I sysui_multi_action: [757,111,758,1]
07-08 17:06:28.923  2183  2183 I sysui_multi_action: [757,126,758,1,759,126,833,1,927,0,928,0]
07-08 17:06:28.923  2183  2183 I sysui_multi_action: [757,115,758,1,759,115,833,1,927,1,928,1]
07-08 17:06:28.923  2183  2183 I sysui_multi_action: [757,113,758,1,759,113,833,1,927,2,928,1]
07-08 17:06:28.924  2183  2183 I sysui_multi_action: [757,122,758,1,759,122,833,1,927,3,928,1]
07-08 17:06:28.924  2183  2183 I sysui_multi_action: [757,116,758,1,759,116,833,1,927,4,928,0]
07-08 17:06:28.924  2183  2183 I sysui_multi_action: [757,119,758,1,759,119,833,1,927,5,928,0]
07-08 17:06:29.453  1909  8916 I sysui_multi_action: [757,128,758,2,793,149525,794,1201,795,149525,796,0,797,com.android.systemui.pip.phone.PipNotificationController,798,2,806,com.android.systemui,857,GEN,858,1,947,0]
07-08 17:06:29.454  1909  8916 I notification_visibility: [0|com.android.systemui|0|com.android.systemui.pip.phone.PipNotificationController|10035,0,149525,149525,0,2]
07-08 17:06:29.557  2183  2418 I sysui_multi_action: [757,1093,758,4,793,2020,1094,9437376,1095,5]
07-08 17:06:29.904  2183  2183 I sysui_multi_action: [757,926,758,4,759,113,833,1,927,2,928,1]
07-08 17:06:29.911  2183  2183 I sysui_view_visibility: [150,100]
07-08 17:06:29.912  2183  2183 I sysui_multi_action: [757,150,758,1]
07-08 17:06:30.373  2183  2183 I sysui_view_visibility: [111,0]
07-08 17:06:30.373  2183  2183 I sysui_multi_action: [757,111,758,2]
07-08 17:06:31.565  2183  2418 I sysui_multi_action: [757,1093,758,4,793,2007,1094,9437376,1095,5]
07-08 17:06:31.784  2183  2183 I sysui_action: [929,150]
07-08 17:06:31.785  2183  2183 I sysui_multi_action: [757,929,758,4,759,150]
07-08 17:06:31.799  1909  4512 I wm_task_created: [131,1]
07-08 17:06:31.800  1909  4512 I wm_task_moved: [131,1,3]
07-08 17:06:31.802  1909  4512 I wm_task_moved: [131,1,3]
07-08 17:06:31.803  1909  4512 I am_create_task: [0,131]
07-08 17:06:31.803  1909  4512 I am_create_activity: [0,56952492,131,com.android.settings/.Settings$BluetoothSettingsActivity,android.settings.BLUETOOTH_SETTINGS,NULL,NULL,335544320]
07-08 17:06:31.804  1909  4512 I wm_task_moved: [131,1,3]
07-08 17:06:31.806  1909  4512 I am_pause_activity: [0,121954434,com.caf.fmradio/.FMRadio]
07-08 17:06:31.816  8348  8348 I am_on_paused_called: [0,com.caf.fmradio.FMRadio,handlePauseActivity]
07-08 17:06:31.825  1909  4512 I am_restart_activity: [0,56952492,131,com.android.settings/.Settings$BluetoothSettingsActivity]
07-08 17:06:31.826  1909  4512 I am_set_resumed_activity: [0,com.android.settings/.Settings$BluetoothSettingsActivity,minimalResumeActivityLocked]
07-08 17:06:31.829  1909  1945 I sysui_count: [window_time_0,9]
07-08 17:06:31.829  1909  1945 I sysui_multi_action: [757,803,799,window_time_0,802,9]
07-08 17:06:32.009  8863  8863 I sysui_multi_action: [757,24,758,1,833,0]
07-08 17:06:32.010  8863  8863 I am_on_resume_called: [0,com.android.settings.Settings$BluetoothSettingsActivity,LAUNCH_ACTIVITY]
07-08 17:06:32.090  1909  1956 I sysui_multi_action: [319,65,321,52,322,292,325,927,757,761,758,8,759,1,806,com.android.settings,871,com.android.settings.Settings$BluetoothSettingsActivity,904,com.android.systemui,905,0]
07-08 17:06:32.090  1909  1956 I am_activity_launch_time: [0,56952492,com.android.settings/.Settings$BluetoothSettingsActivity,264,264]
07-08 17:06:32.149  2183  2183 I sysui_view_visibility: [111,0]
07-08 17:06:32.149  2183  2183 I sysui_multi_action: [757,111,758,2]
07-08 17:06:32.149  2183  2183 I sysui_view_visibility: [111,0]
07-08 17:06:32.149  2183  2183 I sysui_multi_action: [757,111,758,2]
07-08 17:06:32.167  2183  2183 I sysui_view_visibility: [150,0]
07-08 17:06:32.168  2183  2183 I sysui_multi_action: [757,150,758,2]
07-08 17:06:32.168  2183  2183 I sysui_view_visibility: [111,100]
07-08 17:06:32.168  2183  2183 I sysui_multi_action: [757,111,758,1]
07-08 17:06:32.390  1909  3038 I sysui_multi_action: [757,128,758,2,793,138691,794,4139,795,72251,796,101,798,1,806,com.caf.fmradio,857,fmradio_notification_channel,858,2,947,0]
07-08 17:06:32.390  1909  3038 I notification_visibility: [0|com.caf.fmradio|101|null|1000,0,138691,72251,0,1]
07-08 17:06:32.390  1909  3038 I sysui_multi_action: [757,128,758,2,793,166441,794,4138,795,15989,796,1,798,0,806,com.google.android.apps.maps,857,1_foreground_1,858,3,946,navigation_status_notificat-d493b52d,947,0]
07-08 17:06:32.390  1909  3038 I notification_visibility: [0|com.google.android.apps.maps|1|null|10071,0,166441,15989,0,0]
07-08 17:06:32.390  1909  3038 I sysui_view_visibility: [127,0]
07-08 17:06:32.390  1909  3038 I sysui_multi_action: [757,127,758,2]
07-08 17:06:32.390  1909  3038 I notification_panel_hidden: 
07-08 17:06:32.603  1909  1945 I am_stop_activity: [0,121954434,com.caf.fmradio/.FMRadio]
07-08 17:06:32.604  8348  8348 I am_on_stop_called: [0,com.caf.fmradio.FMRadio,handleStopActivity]
07-08 17:06:34.672  1909  8916 I wm_task_moved: [131,1,3]
07-08 17:06:34.673  1909  8916 I am_create_activity: [0,170331769,131,com.android.settings/.SubSettings,android.intent.action.MAIN,NULL,NULL,0]
07-08 17:06:34.675  1909  8916 I am_pause_activity: [0,56952492,com.android.settings/.Settings$BluetoothSettingsActivity]
07-08 17:06:34.678  8863  8863 I sysui_view_visibility: [24,0]
07-08 17:06:34.678  8863  8863 I sysui_multi_action: [757,24,758,2]
07-08 17:06:34.679  8863  8863 I am_on_paused_called: [0,com.android.settings.Settings$BluetoothSettingsActivity,handlePauseActivity]
07-08 17:06:34.681  1909  3038 I am_restart_activity: [0,170331769,131,com.android.settings/.SubSettings]
07-08 17:06:34.682  1909  3038 I am_set_resumed_activity: [0,com.android.settings/.SubSettings,minimalResumeActivityLocked]
07-08 17:06:34.684  1909  1945 I sysui_count: [window_time_0,3]
07-08 17:06:34.684  1909  1945 I sysui_multi_action: [757,803,799,window_time_0,802,3]
07-08 17:06:34.743  8863  8863 I sysui_multi_action: [757,1018,758,1,833,24]
07-08 17:06:34.744  8863  8863 I am_on_resume_called: [0,com.android.settings.SubSettings,LAUNCH_ACTIVITY]
07-08 17:06:34.800  1909  1956 I am_activity_launch_time: [0,170331769,com.android.settings/.SubSettings,116,116]
07-08 17:06:35.170  1909  1945 I am_stop_activity: [0,56952492,com.android.settings/.Settings$BluetoothSettingsActivity]
07-08 17:06:35.203  8863  8863 I am_on_stop_called: [0,com.android.settings.Settings$BluetoothSettingsActivity,handleStopActivity]
07-08 17:06:35.933  1909  1909 I notification_enqueue: [10071,3789,com.google.android.apps.maps,1,NULL,0,Notification(channel=1_foreground_1 pri=2 contentView=com.google.android.apps.maps/0x7f05008d vibrate=null sound=null defaults=0x0 flags=0xa color=0x00000000 groupKey=navigation_status_notification_group vis=PRIVATE),1]
07-08 17:06:36.561  8863  8863 I sysui_action: [866,]
07-08 17:06:36.561  8863  8863 I sysui_multi_action: [757,866,758,4,806,]
07-08 17:06:38.175  1909  1929 I wm_task_created: [132,1]
07-08 17:06:38.175  1909  1929 I wm_task_moved: [132,1,4]
07-08 17:06:38.175  1909  1929 I wm_task_moved: [132,1,4]
07-08 17:06:38.176  1909  1929 I am_create_task: [0,132]
07-08 17:06:38.176  1909  1929 I am_create_activity: [0,38076918,132,com.android.settings/.bluetooth.BluetoothPairingDialog,android.bluetooth.device.action.PAIRING_REQUEST,NULL,NULL,276824064]
07-08 17:06:38.176  1909  1929 I wm_task_moved: [132,1,4]
07-08 17:06:38.178  1909  1929 I am_pause_activity: [0,170331769,com.android.settings/.SubSettings]
07-08 17:06:38.183  8863  8863 I sysui_view_visibility: [1018,0]
07-08 17:06:38.183  8863  8863 I sysui_multi_action: [757,1018,758,2]
07-08 17:06:38.184  8863  8863 I am_on_paused_called: [0,com.android.settings.SubSettings,handlePauseActivity]
07-08 17:06:38.186  1909  8916 I am_restart_activity: [0,38076918,132,com.android.settings/.bluetooth.BluetoothPairingDialog]
07-08 17:06:38.188  1909  8916 I am_set_resumed_activity: [0,com.android.settings/.bluetooth.BluetoothPairingDialog,minimalResumeActivityLocked]
07-08 17:06:38.190  1909  1945 I sysui_count: [window_time_0,4]
07-08 17:06:38.190  1909  1945 I sysui_multi_action: [757,803,799,window_time_0,802,4]
07-08 17:06:38.190  1909  1944 I am_pss  : [2170,10070,com.google.android.inputmethod.latin,74860544,71639040,0]
07-08 17:06:38.213  8863  8863 I sysui_multi_action: [757,613,758,1,833,0]
07-08 17:06:38.213  8863  8863 I am_on_resume_called: [0,com.android.settings.bluetooth.BluetoothPairingDialog,LAUNCH_ACTIVITY]
07-08 17:06:38.263  1909  1956 I am_activity_launch_time: [0,38076918,com.android.settings/.bluetooth.BluetoothPairingDialog,73,73]
07-08 17:06:40.159  1909  3038 I am_finish_activity: [0,38076918,132,com.android.settings/.bluetooth.BluetoothPairingDialog,app-request]
07-08 17:06:40.160  1909  3038 I am_pause_activity: [0,38076918,com.android.settings/.bluetooth.BluetoothPairingDialog]
07-08 17:06:40.175  1909  1945 I sysui_count: [window_time_0,2]
07-08 17:06:40.176  1909  1945 I sysui_multi_action: [757,803,799,window_time_0,802,2]
07-08 17:06:40.177  8863  8863 I sysui_view_visibility: [613,0]
07-08 17:06:40.177  8863  8863 I sysui_multi_action: [757,613,758,2]
07-08 17:06:40.177  8863  8863 I am_on_paused_called: [0,com.android.settings.bluetooth.BluetoothPairingDialog,handlePauseActivity]
07-08 17:06:40.182  1909  3038 I am_set_resumed_activity: [0,com.android.settings/.SubSettings,resumeTopActivityInnerLocked]
07-08 17:06:40.183  1909  3038 I am_resume_activity: [0,170331769,131,com.android.settings/.SubSettings]
07-08 17:06:40.225  1909  1945 I sysui_count: [window_time_0,0]
07-08 17:06:40.226  1909  1945 I sysui_multi_action: [757,803,799,window_time_0,802,0]
07-08 17:06:40.231  8863  8863 I sysui_multi_action: [757,1018,758,1,833,24]
07-08 17:06:40.233  8863  8863 I am_on_resume_called: [0,com.android.settings.SubSettings,RESUME_ACTIVITY]
07-08 17:06:40.315  1909  2358 I am_destroy_activity: [0,38076918,132,com.android.settings/.bluetooth.BluetoothPairingDialog,finish-idle]
07-08 17:06:40.324  8863  8863 I am_on_stop_called: [0,com.android.settings.bluetooth.BluetoothPairingDialog,destroy]
07-08 17:06:40.453  1909  2069 I wm_task_removed: [132,removeAppToken: last token]
07-08 17:06:40.454  1909  2069 I wm_task_removed: [132,removeTask]
07-08 17:06:40.527  1909  2358 I am_finish_activity: [0,170331769,131,com.android.settings/.SubSettings,app-request]
07-08 17:06:40.530  1909  2358 I am_pause_activity: [0,170331769,com.android.settings/.SubSettings]
07-08 17:06:40.531  1909  1945 I sysui_count: [window_time_0,0]
07-08 17:06:40.532  1909  1945 I sysui_multi_action: [757,803,799,window_time_0,802,0]
07-08 17:06:40.541  8863  8863 I sysui_view_visibility: [1018,0]
07-08 17:06:40.541  8863  8863 I sysui_multi_action: [757,1018,758,2]
07-08 17:06:40.544  8863  8863 I am_on_paused_called: [0,com.android.settings.SubSettings,handlePauseActivity]
07-08 17:06:40.549  1909  2294 I am_set_resumed_activity: [0,com.android.settings/.Settings$BluetoothSettingsActivity,resumeTopActivityInnerLocked]
07-08 17:06:40.550  1909  2294 I am_resume_activity: [0,56952492,131,com.android.settings/.Settings$BluetoothSettingsActivity]
07-08 17:06:40.559  1909  1945 I sysui_count: [window_time_0,0]
07-08 17:06:40.559  1909  1945 I sysui_multi_action: [757,803,799,window_time_0,802,0]
07-08 17:06:40.634  8863  8863 I sysui_multi_action: [757,24,758,1,833,0]
07-08 17:06:40.636  8863  8863 I am_on_resume_called: [0,com.android.settings.Settings$BluetoothSettingsActivity,RESUME_ACTIVITY]
07-08 17:06:41.135   775   775 I auditd  : type=1400 audit(0.0:87): avc: denied { read } for comm="HwBinder:775_2" name="u:object_r:dolby_prop:s0" dev="tmpfs" ino=16893 scontext=u:r:hal_audio_default:s0 tcontext=u:object_r:dolby_prop:s0 tclass=file permissive=0
07-08 17:06:40.914  1909  8916 I volume_changed: [6,7,12,15,com.android.bluetooth]
07-08 17:06:40.923  3644  8768 I liblog  : 24
07-08 17:06:40.960  3644  6766 I liblog  : 9
07-08 17:06:40.995  1909  1945 I am_destroy_activity: [0,170331769,131,com.android.settings/.SubSettings,finish-imm]
07-08 17:06:41.016  8863  8863 I am_on_stop_called: [0,com.android.settings.SubSettings,destroy]
07-08 17:06:41.166   775  1830 I liblog  : 1
07-08 17:06:41.284   775  1830 I liblog  : 30
07-08 17:06:41.351   775   775 I liblog  : 15
07-08 17:06:41.355   775  1830 I liblog  : 5
07-08 17:06:41.357   775  1830 I liblog  : 3
07-08 17:06:41.360   775   775 I liblog  : 43
07-08 17:06:41.384  1909  2139 I stream_devices_changed: [0,4,128]
07-08 17:06:41.386  1909  2139 I stream_devices_changed: [2,6,130]
07-08 17:06:41.388  1909  2139 I stream_devices_changed: [3,4,128]
07-08 17:06:41.389  1909  2139 I stream_devices_changed: [4,6,130]
07-08 17:06:41.392  1909  2139 I stream_devices_changed: [6,4,128]
07-08 17:06:41.406   775   775 I liblog  : 7
07-08 17:06:41.415  1909  8916 I volume_changed: [3,11,8,15,com.android.bluetooth]
07-08 17:06:42.615  3644  3698 I liblog  : 12
07-08 17:06:42.643  1909  1944 I am_pss  : [8863,1000,com.android.settings,67046400,62234624,0]
07-08 17:06:42.693  1909  1944 I am_pss  : [2700,10014,com.google.android.gms.persistent,82187264,67379200,0]
07-08 17:06:42.716  1909  1944 I am_pss  : [2678,1001,com.qualcomm.qcrilmsgtunnel,3890176,3268608,0]
07-08 17:06:43.165   775   775 I auditd  : type=1400 audit(0.0:88): avc: denied { read } for comm="audio@2.0-servi" name="u:object_r:dolby_prop:s0" dev="tmpfs" ino=16893 scontext=u:r:hal_audio_default:s0 tcontext=u:object_r:dolby_prop:s0 tclass=file permissive=0
07-08 17:06:43.431  1909  1944 I am_pss  : [3644,1002,com.android.bluetooth,13592576,11894784,0]
07-08 17:06:43.464  1909  1944 I am_pss  : [2751,10039,com.google.android.googlequicksearchbox:interactor,17052672,12144640,0]
07-08 17:06:43.488  1909  1944 I am_pss  : [2849,10084,com.android.smspush,2642944,2043904,0]
07-08 17:06:45.601  2183  2418 I sysui_multi_action: [757,1093,758,4,793,14036,1094,9437376,1095,5]
07-08 17:06:46.612  2183  2418 I sysui_multi_action: [757,1093,758,4,793,1012,1094,9437376,1095,5]
07-08 17:06:47.617  2183  2418 I sysui_multi_action: [757,1093,758,4,793,1004,1094,9437376,1095,5]
07-08 17:06:49.842  1909  1944 I am_pss  : [2888,10014,com.google.process.gservices,5801984,2678784,2102272]
07-08 17:06:52.514  2183  2418 I sysui_multi_action: [757,1093,758,4,793,4898,1094,9437376,1095,5]
07-08 17:06:52.738  1909  1944 I am_pss  : [8348,1000,com.caf.fmradio,35954688,33570816,0]
07-08 17:06:56.275  2183  2183 I sysui_multi_action: [757,931,758,4,759,3,932,0,933,0]
07-08 17:06:56.435  2183  2183 I sysui_multi_action: [757,931,758,4,759,3,932,0,933,1]
07-08 17:06:56.445  1909  2103 I am_new_intent: [0,74943016,121,com.android.launcher3/com.android.searchlauncher.SearchLauncher,android.intent.action.MAIN,NULL,NULL,268435712]
07-08 17:06:56.446  1909  2103 I wm_task_moved: [121,1,0]
07-08 17:06:56.446  1909  2103 I am_focused_stack: [0,0,1,bringingFoundTaskToFront]
07-08 17:06:56.446  1909  2103 I wm_task_moved: [121,1,0]
07-08 17:06:56.448  1909  2103 I am_pause_activity: [0,56952492,com.android.settings/.Settings$BluetoothSettingsActivity]
07-08 17:06:56.449  8863  8863 I sysui_view_visibility: [24,0]
07-08 17:06:56.449  8863  8863 I sysui_multi_action: [757,24,758,2]
07-08 17:06:56.452  1909  2103 I am_set_resumed_activity: [0,com.android.launcher3/com.android.searchlauncher.SearchLauncher,resumeTopActivityInnerLocked]
07-08 17:06:56.459  1909  2103 I am_resume_activity: [0,74943016,121,com.android.launcher3/com.android.searchlauncher.SearchLauncher]
07-08 17:06:56.467  1909  2103 I am_task_to_front: [0,121]
07-08 17:06:56.471  8863  8863 I am_on_paused_called: [0,com.android.settings.Settings$BluetoothSettingsActivity,handlePauseActivity]
07-08 17:06:56.477  1909  1945 I am_stop_activity: [0,56952492,com.android.settings/.Settings$BluetoothSettingsActivity]
07-08 17:06:56.484  1909  1945 I sysui_count: [window_time_0,16]
07-08 17:06:56.484  1909  1945 I sysui_multi_action: [757,803,799,window_time_0,802,16]
07-08 17:06:56.489  2873  2873 I am_on_resume_called: [0,com.android.searchlauncher.SearchLauncher,RESUME_ACTIVITY]
07-08 17:06:56.516  8863  8863 I am_on_stop_called: [0,com.android.settings.Settings$BluetoothSettingsActivity,handleStopActivity]
07-08 17:06:56.551  1909  1956 I sysui_multi_action: [319,98,322,82,325,952,757,761,758,9,759,2,806,com.android.launcher3,871,com.android.searchlauncher.SearchLauncher,905,0]
07-08 17:06:56.762  1909  1909 I notification_enqueue: [10071,3789,com.google.android.apps.maps,1,NULL,0,Notification(channel=1_foreground_1 pri=2 contentView=com.google.android.apps.maps/0x7f05008d vibrate=null sound=null defaults=0x0 flags=0xa color=0x00000000 groupKey=navigation_status_notification_group vis=PRIVATE),1]
07-08 17:06:57.676  2183  2183 I sysui_count: [panel_open,1]
07-08 17:06:57.676  2183  2183 I sysui_multi_action: [757,803,799,panel_open,802,1]
07-08 17:06:57.689  1909  2294 I sysui_view_visibility: [127,100]
07-08 17:06:57.689  1909  2294 I sysui_multi_action: [757,127,758,1]
07-08 17:06:57.689  1909  2294 I sysui_histogram: [note_load,3]
07-08 17:06:57.689  1909  2294 I sysui_multi_action: [757,804,799,note_load,801,3,802,1]
07-08 17:06:57.689  1909  2294 I notification_panel_revealed: 3
07-08 17:06:58.191  1909  2294 I sysui_multi_action: [757,128,758,1,793,164492,794,0,795,98052,796,101,798,1,806,com.caf.fmradio,857,fmradio_notification_channel,858,2,947,0]
07-08 17:06:58.191  1909  2294 I sysui_histogram: [note_freshness,98052]
07-08 17:06:58.192  1909  2294 I sysui_multi_action: [757,804,799,note_freshness,801,98052,802,1]
07-08 17:06:58.192  1909  2294 I notification_visibility: [0|com.caf.fmradio|101|null|1000,1,164492,98052,0,1]
07-08 17:06:58.192  1909  2294 I sysui_multi_action: [757,128,758,1,793,192243,794,0,795,1434,796,1,798,0,806,com.google.android.apps.maps,857,1_foreground_1,858,3,946,navigation_status_notificat-d493b52d,947,0]
07-08 17:06:58.192  1909  2294 I sysui_histogram: [note_freshness,1434]
07-08 17:06:58.192  1909  2294 I sysui_multi_action: [757,804,799,note_freshness,801,1434,802,1]
07-08 17:06:58.192  1909  2294 I notification_visibility: [0|com.google.android.apps.maps|1|null|10071,1,192243,1434,0,0]
07-08 17:06:58.192  1909  2294 I sysui_multi_action: [757,128,758,1,793,178264,794,0,795,178264,796,0,797,com.android.systemui.pip.phone.PipNotificationController,798,2,806,com.android.systemui,857,GEN,858,1,947,0]
07-08 17:06:58.193  1909  2294 I sysui_histogram: [note_freshness,178264]
07-08 17:06:58.193  1909  2294 I sysui_multi_action: [757,804,799,note_freshness,801,178264,802,1]
07-08 17:06:58.193  1909  2294 I notification_visibility: [0|com.android.systemui|0|com.android.systemui.pip.phone.PipNotificationController|10035,1,178264,178264,0,2]
07-08 17:06:58.709  1909  2294 I sysui_multi_action: [757,128,758,2,793,165010,794,518,795,98570,796,101,798,1,806,com.caf.fmradio,857,fmradio_notification_channel,858,2,947,0]
07-08 17:06:58.709  1909  2294 I notification_visibility: [0|com.caf.fmradio|101|null|1000,0,165010,98570,0,1]
07-08 17:06:58.710  1909  2294 I sysui_multi_action: [757,128,758,2,793,192760,794,517,795,1951,796,1,798,0,806,com.google.android.apps.maps,857,1_foreground_1,858,3,946,navigation_status_notificat-d493b52d,947,0]
07-08 17:06:58.710  1909  2294 I notification_visibility: [0|com.google.android.apps.maps|1|null|10071,0,192760,1951,0,0]
07-08 17:06:58.710  1909  2294 I sysui_multi_action: [757,128,758,2,793,178782,794,518,795,178782,796,0,797,com.android.systemui.pip.phone.PipNotificationController,798,2,806,com.android.systemui,857,GEN,858,1,947,0]
07-08 17:06:58.710  1909  2294 I notification_visibility: [0|com.android.systemui|0|com.android.systemui.pip.phone.PipNotificationController|10035,0,178782,178782,0,2]
07-08 17:06:58.711  1909  2294 I sysui_view_visibility: [127,0]
07-08 17:06:58.711  1909  2294 I sysui_multi_action: [757,127,758,2]
07-08 17:06:58.711  1909  2294 I notification_panel_hidden: 
07-08 17:06:59.842  2183  2183 I sysui_count: [panel_open,1]
07-08 17:06:59.842  2183  2183 I sysui_multi_action: [757,803,799,panel_open,802,1]
07-08 17:06:59.865  1909  2358 I sysui_view_visibility: [127,100]
07-08 17:06:59.865  1909  2358 I sysui_multi_action: [757,127,758,1]
07-08 17:06:59.865  1909  2358 I sysui_histogram: [note_load,3]
07-08 17:06:59.865  1909  2358 I sysui_multi_action: [757,804,799,note_load,801,3,802,1]
07-08 17:06:59.865  1909  2358 I notification_panel_revealed: 3
07-08 17:07:00.368  1909  8916 I sysui_multi_action: [757,128,758,1,793,166669,794,0,795,100229,796,101,798,1,806,com.caf.fmradio,857,fmradio_notification_channel,858,2,947,0]
07-08 17:07:00.369  1909  8916 I sysui_histogram: [note_freshness,100229]
07-08 17:07:00.369  1909  8916 I sysui_multi_action: [757,804,799,note_freshness,801,100229,802,1]
07-08 17:07:00.369  1909  8916 I notification_visibility: [0|com.caf.fmradio|101|null|1000,1,166669,100229,0,1]
07-08 17:07:00.369  1909  8916 I sysui_multi_action: [757,128,758,1,793,194420,794,0,795,3611,796,1,798,0,806,com.google.android.apps.maps,857,1_foreground_1,858,3,946,navigation_status_notificat-d493b52d,947,0]
07-08 17:07:00.369  1909  8916 I sysui_histogram: [note_freshness,3611]
07-08 17:07:00.369  1909  8916 I sysui_multi_action: [757,804,799,note_freshness,801,3611,802,1]
07-08 17:07:00.369  1909  8916 I notification_visibility: [0|com.google.android.apps.maps|1|null|10071,1,194420,3611,0,0]
07-08 17:07:00.370  1909  8916 I sysui_multi_action: [757,128,758,1,793,180441,794,0,795,180441,796,0,797,com.android.systemui.pip.phone.PipNotificationController,798,2,806,com.android.systemui,857,GEN,858,1,947,0]
07-08 17:07:00.370  1909  8916 I sysui_histogram: [note_freshness,180441]
07-08 17:07:00.370  1909  8916 I sysui_multi_action: [757,804,799,note_freshness,801,180441,802,1]
07-08 17:07:00.370  1909  8916 I notification_visibility: [0|com.android.systemui|0|com.android.systemui.pip.phone.PipNotificationController|10035,1,180441,180441,0,2]
07-08 17:07:00.596  1909  2294 I sysui_multi_action: [757,128,758,2,793,166897,794,228,795,100457,796,101,798,1,806,com.caf.fmradio,857,fmradio_notification_channel,858,2,947,0]
07-08 17:07:00.596  1909  2294 I notification_visibility: [0|com.caf.fmradio|101|null|1000,0,166897,100457,0,1]
07-08 17:07:00.596  1909  2294 I sysui_multi_action: [757,128,758,2,793,194647,794,227,795,3838,796,1,798,0,806,com.google.android.apps.maps,857,1_foreground_1,858,3,946,navigation_status_notificat-d493b52d,947,0]
07-08 17:07:00.596  1909  2294 I notification_visibility: [0|com.google.android.apps.maps|1|null|10071,0,194647,3838,0,0]
07-08 17:07:00.599  1909  2294 I sysui_multi_action: [757,128,758,2,793,180668,794,227,795,180668,796,0,797,com.android.systemui.pip.phone.PipNotificationController,798,2,806,com.android.systemui,857,GEN,858,1,947,0]
07-08 17:07:00.599  1909  2294 I notification_visibility: [0|com.android.systemui|0|com.android.systemui.pip.phone.PipNotificationController|10035,0,180668,180668,0,2]
07-08 17:07:00.602  1909  2358 I sysui_view_visibility: [127,0]
07-08 17:07:00.602  1909  2358 I sysui_multi_action: [757,127,758,2]
07-08 17:07:00.602  1909  2358 I notification_panel_hidden: 
07-08 17:07:00.604  1909  8916 I am_new_intent: [0,121954434,129,com.caf.fmradio/.FMRadio,android.intent.action.MAIN,NULL,NULL,270532608]
07-08 17:07:00.608  1909  8916 I wm_task_moved: [129,1,3]
07-08 17:07:00.608  1909  8916 I am_focused_stack: [0,1,0,bringingFoundTaskToFront]
07-08 17:07:00.608  1909  8916 I wm_task_moved: [129,1,3]
07-08 17:07:00.615  1909  8916 I am_pause_activity: [0,74943016,com.android.launcher3/com.android.searchlauncher.SearchLauncher]
07-08 17:07:00.615  2873  2873 I am_on_paused_called: [0,com.android.searchlauncher.SearchLauncher,handlePauseActivity]
07-08 17:07:00.616  1909  8916 I am_task_to_front: [0,129]
07-08 17:07:00.620  1909  2294 I sysui_multi_action: [757,128,758,4,793,166921,794,252,795,100481,796,101,806,com.caf.fmradio,857,fmradio_notification_channel,858,2,947,0]
07-08 17:07:00.620  1909  2294 I notification_clicked: [0|com.caf.fmradio|101|null|1000,166921,100481,252]
07-08 17:07:00.621  1909  1909 I sysui_histogram: [note_click_longevity,1]
07-08 17:07:00.621  1909  1909 I sysui_multi_action: [757,804,799,note_click_longevity,801,1,802,1]
07-08 17:07:00.625  1909  2358 I am_set_resumed_activity: [0,com.caf.fmradio/.FMRadio,resumeTopActivityInnerLocked]
07-08 17:07:00.635  1909  2358 I am_resume_activity: [0,121954434,129,com.caf.fmradio/.FMRadio]
07-08 17:07:00.641  1909  1945 I sysui_count: [window_time_0,4]
07-08 17:07:00.641  1909  1945 I sysui_multi_action: [757,803,799,window_time_0,802,4]
07-08 17:07:00.644  8348  8348 I am_on_resume_called: [0,com.caf.fmradio.FMRadio,RESUME_ACTIVITY]
07-08 17:07:00.713  1909  1956 I sysui_multi_action: [319,108,322,108,325,956,757,761,758,9,759,2,806,com.caf.fmradio,871,com.caf.fmradio.FMRadio,904,com.android.launcher3,905,0]
07-08 17:07:01.449  1909  1945 I am_stop_activity: [0,74943016,com.android.launcher3/com.android.searchlauncher.SearchLauncher]
07-08 17:07:01.462  2873  2873 I am_on_stop_called: [0,com.android.searchlauncher.SearchLauncher,handleStopActivity]
07-08 17:07:03.678  1909  1909 I notification_enqueue: [1000,8348,com.caf.fmradio,101,NULL,0,Notification(channel=fmradio_notification_channel pri=0 contentView=com.caf.fmradio/0x7f030010 vibrate=null sound=null defaults=0x0 flags=0x42 color=0x00000000 vis=PRIVATE),1]
07-08 17:07:04.842  1909  1909 I notification_enqueue: [1000,8348,com.caf.fmradio,101,NULL,0,Notification(channel=fmradio_notification_channel pri=0 contentView=com.caf.fmradio/0x7f030010 vibrate=null sound=null defaults=0x0 flags=0x42 color=0x00000000 vis=PRIVATE),1]
07-08 17:07:07.995   775   775 I auditd  : type=1400 audit(0.0:90): avc: denied { read } for comm="HwBinder:775_1" name="u:object_r:dolby_prop:s0" dev="tmpfs" ino=16893 scontext=u:r:hal_audio_default:s0 tcontext=u:object_r:dolby_prop:s0 tclass=file permissive=0
07-08 17:07:08.135   775   775 I auditd  : type=1400 audit(0.0:91): avc: denied { read } for comm="audio@2.0-servi" name="u:object_r:dolby_prop:s0" dev="tmpfs" ino=16893 scontext=u:r:hal_audio_default:s0 tcontext=u:object_r:dolby_prop:s0 tclass=file permissive=0
07-08 17:07:08.483  1909  2358 I stream_devices_changed: [0,128,4]
07-08 17:07:08.488  1909  2358 I stream_devices_changed: [2,130,6]
07-08 17:07:08.490  1909  2358 I stream_devices_changed: [4,130,6]
07-08 17:07:08.493  1909  2358 I stream_devices_changed: [6,128,4]
07-08 17:07:08.496  1909  2358 I stream_devices_changed: [3,128,4]
07-08 17:07:12.762  1909  1944 I am_pss  : [8348,1000,com.caf.fmradio,64934912,62545920,0]
07-08 17:07:12.810  1909  1944 I am_pss  : [3000,10039,com.google.android.googlequicksearchbox:search,75617280,66318336,0]
07-08 17:07:17.571  1909  1909 I notification_enqueue: [10071,3789,com.google.android.apps.maps,1,NULL,0,Notification(channel=1_foreground_1 pri=2 contentView=com.google.android.apps.maps/0x7f05008d vibrate=null sound=null defaults=0x0 flags=0xa color=0x00000000 groupKey=navigation_status_notification_group vis=PRIVATE),1]
07-08 17:07:17.695  2183  2418 I sysui_multi_action: [757,1093,758,4,793,25181,1094,9437376,1095,5]
07-08 17:07:18.703  2183  2418 I sysui_multi_action: [757,1093,758,4,793,1008,1094,9437376,1095,5]
07-08 17:07:18.905   775   775 I auditd  : type=1400 audit(0.0:93): avc: denied { read } for comm="audio@2.0-servi" name="u:object_r:dolby_prop:s0" dev="tmpfs" ino=16893 scontext=u:r:hal_audio_default:s0 tcontext=u:object_r:dolby_prop:s0 tclass=file permissive=0
07-08 17:07:19.725   775   775 I auditd  : type=1400 audit(0.0:94): avc: denied { read } for comm="HwBinder:775_1" name="u:object_r:dolby_prop:s0" dev="tmpfs" ino=16893 scontext=u:r:hal_audio_default:s0 tcontext=u:object_r:dolby_prop:s0 tclass=file permissive=0
07-08 17:07:20.713  2183  2418 I sysui_multi_action: [757,1093,758,4,793,2009,1094,9437376,1095,5]
07-08 17:07:21.695  1909  1944 I am_pss  : [2873,1000,com.android.launcher3,69723136,58273792,0]
07-08 17:07:21.737  1909  1944 I am_pss  : [3644,1002,com.android.bluetooth,13910016,12210176,0]
07-08 17:07:22.135   775   775 I auditd  : type=1400 audit(0.0:96): avc: denied { read } for comm="audio@2.0-servi" name="u:object_r:dolby_prop:s0" dev="tmpfs" ino=16893 scontext=u:r:hal_audio_default:s0 tcontext=u:object_r:dolby_prop:s0 tclass=file permissive=0
07-08 17:07:22.295   775   775 I chatty  : uid=1041(audioserver) audio@2.0-servi identical 1 line
07-08 17:07:22.295   775   775 I auditd  : type=1400 audit(0.0:98): avc: denied { read } for comm="audio@2.0-servi" name="u:object_r:dolby_prop:s0" dev="tmpfs" ino=16893 scontext=u:r:hal_audio_default:s0 tcontext=u:object_r:dolby_prop:s0 tclass=file permissive=0
07-08 17:07:24.654  2183  2183 I sysui_count: [panel_open,1]
07-08 17:07:24.654  2183  2183 I sysui_multi_action: [757,803,799,panel_open,802,1]
07-08 17:07:24.676  1909  2358 I sysui_view_visibility: [127,100]
07-08 17:07:24.676  1909  2358 I sysui_multi_action: [757,127,758,1]
07-08 17:07:24.676  1909  2358 I sysui_histogram: [note_load,3]
07-08 17:07:24.676  1909  2358 I sysui_multi_action: [757,804,799,note_load,801,3,802,1]
07-08 17:07:24.676  1909  2358 I notification_panel_revealed: 3
07-08 17:07:25.178  1909  8916 I sysui_multi_action: [757,128,758,1,793,191479,794,0,795,20343,796,101,798,1,806,com.caf.fmradio,857,fmradio_notification_channel,858,2,947,0]
07-08 17:07:25.178  1909  8916 I sysui_histogram: [note_freshness,20343]
07-08 17:07:25.179  1909  8916 I sysui_multi_action: [757,804,799,note_freshness,801,20343,802,1]
07-08 17:07:25.179  1909  8916 I notification_visibility: [0|com.caf.fmradio|101|null|1000,1,191479,20343,0,1]
07-08 17:07:25.179  1909  8916 I sysui_multi_action: [757,128,758,1,793,219230,794,0,795,7609,796,1,798,0,806,com.google.android.apps.maps,857,1_foreground_1,858,3,946,navigation_status_notificat-d493b52d,947,0]
07-08 17:07:25.179  1909  8916 I sysui_histogram: [note_freshness,7609]
07-08 17:07:25.179  1909  8916 I sysui_multi_action: [757,804,799,note_freshness,801,7609,802,1]
07-08 17:07:25.179  1909  8916 I notification_visibility: [0|com.google.android.apps.maps|1|null|10071,1,219230,7609,0,0]
07-08 17:07:25.179  1909  8916 I sysui_multi_action: [757,128,758,1,793,205251,794,0,795,205251,796,0,797,com.android.systemui.pip.phone.PipNotificationController,798,2,806,com.android.systemui,857,GEN,858,1,947,0]
07-08 17:07:25.179  1909  8916 I sysui_histogram: [note_freshness,205251]
07-08 17:07:25.179  1909  8916 I sysui_multi_action: [757,804,799,note_freshness,801,205251,802,1]
07-08 17:07:25.179  1909  8916 I notification_visibility: [0|com.android.systemui|0|com.android.systemui.pip.phone.PipNotificationController|10035,1,205251,205251,0,2]
07-08 17:07:26.040  2183  2183 I sysui_view_visibility: [111,100]
07-08 17:07:26.040  2183  2183 I sysui_multi_action: [757,111,758,1]
07-08 17:07:26.040  2183  2183 I sysui_multi_action: [757,126,758,1,759,126,833,1,927,0,928,0]
07-08 17:07:26.040  2183  2183 I sysui_multi_action: [757,115,758,1,759,115,833,1,927,1,928,1]
07-08 17:07:26.040  2183  2183 I sysui_multi_action: [757,113,758,1,759,113,833,1,927,2,928,1]
07-08 17:07:26.040  2183  2183 I sysui_multi_action: [757,122,758,1,759,122,833,1,927,3,928,1]
07-08 17:07:26.041  2183  2183 I sysui_multi_action: [757,116,758,1,759,116,833,1,927,4,928,0]
07-08 17:07:26.041  2183  2183 I sysui_multi_action: [757,119,758,1,759,119,833,1,927,5,928,0]
07-08 17:07:26.041  2183  2183 I sysui_multi_action: [757,123,758,1,759,123,833,0,927,6,928,1]
07-08 17:07:26.041  2183  2183 I sysui_multi_action: [757,261,758,1,759,261,833,0,927,7,928,0]
07-08 17:07:26.041  2183  2183 I sysui_multi_action: [757,112,758,1,759,112,833,0,927,8,928,0]
07-08 17:07:26.041  2183  2183 I sysui_multi_action: [757,114,758,1,759,114,833,0,927,9,928,0]
07-08 17:07:26.041  2183  2183 I sysui_multi_action: [757,120,758,1,759,120,833,0,927,10,928,0]
07-08 17:07:26.041  2183  2183 I sysui_view_visibility: [111,100]
07-08 17:07:26.041  2183  2183 I sysui_multi_action: [757,111,758,1]
07-08 17:07:26.041  2183  2183 I sysui_multi_action: [757,126,758,1,759,126,833,1,927,0,928,0]
07-08 17:07:26.041  2183  2183 I sysui_multi_action: [757,115,758,1,759,115,833,1,927,1,928,1]
07-08 17:07:26.042  2183  2183 I sysui_multi_action: [757,113,758,1,759,113,833,1,927,2,928,1]
07-08 17:07:26.042  2183  2183 I sysui_multi_action: [757,122,758,1,759,122,833,1,927,3,928,1]
07-08 17:07:26.042  2183  2183 I sysui_multi_action: [757,116,758,1,759,116,833,1,927,4,928,0]
