07-13 12:11:49.936  2004  2153 D CompatibilityInfo: applicationDensity - 480
07-13 12:11:49.936  2004  2153 D CompatibilityInfo: applicationScale - 1.0
07-13 12:11:53.160  2004  2042 D CompatibilityInfo: mCompatibilityFlags - 10
07-13 12:11:53.160  2004  2042 D CompatibilityInfo: applicationDensity - 480
07-13 12:11:53.160  2004  2042 D CompatibilityInfo: applicationScale - 1.0
07-13 12:11:53.166 28817 28817 D PlacedReceiver: received intent: com.placed.client.android.persistent.LOCATION
07-13 12:11:53.170 28817 28817 D PlacedReceiver: Start service timer scheduled interval 300000
07-13 12:11:53.176 28817 28817 D PlacedReceiver: Schedule next alarm at 1531464413176
07-13 12:11:53.176 28817 28817 D PlacedReceiver: Starting location service
07-13 12:11:53.182  2004  2379 D CompatibilityInfo: mCompatibilityFlags - 10
07-13 12:11:53.182  2004  2379 D CompatibilityInfo: applicationDensity - 480
07-13 12:11:53.182  2004  2379 D CompatibilityInfo: applicationScale - 1.0
07-13 12:11:53.192  2004  2153 D CompatibilityInfo: mCompatibilityFlags - 10
07-13 12:11:53.192  2004  2153 D CompatibilityInfo: applicationDensity - 480
07-13 12:11:53.192  2004  2153 D CompatibilityInfo: applicationScale - 1.0
07-13 12:11:53.199 28817 28817 D PlacedService: created service
07-13 12:11:53.206  2004  2153 D CompatibilityInfo: mCompatibilityFlags - 10
07-13 12:11:53.206  2004  2153 D CompatibilityInfo: applicationDensity - 480
07-13 12:11:53.206  2004  2153 D CompatibilityInfo: applicationScale - 1.0
07-13 12:11:53.236  2004  3391 I WifiService: getConnectionInfo uid=10104
07-13 12:11:53.242  2004 18208 I WifiService: getWifiEnabledState uid=10104
07-13 12:11:53.244  2004  3391 D CompatibilityInfo: mCompatibilityFlags - 10
07-13 12:11:53.244  2004  3391 D CompatibilityInfo: applicationDensity - 480
07-13 12:11:53.244  2004  3391 D CompatibilityInfo: applicationScale - 1.0
07-13 12:11:53.251  2004 18208 I GnssLocationProvider: WakeLock acquired by sendMessage(SET_REQUEST, 0, com.android.server.location.GnssLocationProvider$GpsRequest@d7cf076)
07-13 12:11:53.252   804   804 I LocSvc_GnssInterface: ===> setPositionMode line 268 
07-13 12:11:53.253   804   804 I LocSvc_GnssInterface: ===> start line 200 
07-13 12:11:53.253   804   804 I LocSvc_APIClientBase: locAPIStartTracking:312] start new session: 343
07-13 12:11:53.253   804  3291 I LocSvc_libulp: ulp_msg_process_criteria_update: valid 0x27 action:1, minTime:600000, minDistance:0.000000, singleShot:0, horizontalAccuracy:0, powerRequirement:0, emergency_request:0
07-13 12:11:53.253   804  3291 I LocSvc_libulp: ulp_brain_process_criteria_update index at 0, isNew = 1, mask 0x27, provider source = 1,accuracy = 0, singleshot = 0, tbf = 600000 emergency_request = 0
07-13 12:11:53.253   804  3291 I LocSvc_libulp: ulp_brain_process_criteria_update index at 2, isNew = 0, mask 0x9a77, provider source = 4,accuracy = 1, singleshot = 0, tbf = 1000 emergency_request = 0
07-13 12:11:53.253   804  3291 I LocSvc_libulp: ulp_brain_transition_all_providers, before transition, 
07-13 12:11:53.253   804  3291 I LocSvc_libulp:  GNSS provider state = 1,  GNSS selected to run = 1,  GNSS onoff_cnt = 5, GNSS high speed flag = 0 
07-13 12:11:53.253   804  3291 I LocSvc_libulp:  QUIPC provider state = 0, QUIPC selected to run = 0, QUIPC onoff_cnt = 5, 
07-13 12:11:53.253   804  3291 I LocSvc_libulp:  GNP provider state = 1,   GNP selected to run = 1,   GNP onoff_cnt = 1, 
07-13 12:11:53.253   804  3291 I LocSvc_libulp: ulp_brain_transition_all_providers, after transition, 
07-13 12:11:53.253   804  3291 I LocSvc_libulp:  GNSS provider state = 1,  GNSS selected to run = 1,  GNSS onoff_cnt = 0, GNSS high speed flag = 0 
07-13 12:11:53.253   804  3291 I LocSvc_libulp:  QUIPC provider state = 0, QUIPC selected to run = 0, QUIPC onoff_cnt = 5, 
07-13 12:11:53.253   804  3291 I LocSvc_libulp:  GNP provider state = 1,   GNP selected to run = 1,   GNP onoff_cnt = 1 
07-13 12:11:53.254   804  3291 I LocSvc_libulp: ulp_msg_process_start_req, at ulp state = 1
07-13 12:11:53.254  2004  2041 I GnssLocationProvider: WakeLock released by handleMessage(SET_REQUEST, 0, com.android.server.location.GnssLocationProvider$GpsRequest@d7cf076)
07-13 12:11:53.255   804  2387 I LocSvc_api_v02: ---> locClientSendReq line 2102 QMI_LOC_REG_EVENTS_REQ_V02
07-13 12:11:53.258  2004  3270 D LocSvc_HIDL_IzatProvider_jni: Provider Type: 2; Num Updates : 2147483647; Interval : 600000Displacement : 0.000000; Accuracy : 1
07-13 12:11:53.258  2004  3270 V LocSvc_HIDL_IzatProvider_jni: [onAddRequest][338] [HC] =>> [HS]
07-13 12:11:53.258   804   804 V LocSvc_HIDL_IzatProvider: [onAddRequest][179] [HS] <<<<= [HC]
07-13 12:11:53.258   804   804 I IzatSvc_IzatManager: LocTech-Label :: IZATMANAGER :: Add Request In
07-13 12:11:53.258   804   804 I IzatSvc_IzatManager: LocTech-Value :: Provider: 2, Num Updates: 2147483647, TTFF: 0, Interval: 600000, Displacement: 0.000000, Horizontal Accuracy: 1, Altitude Accuracy: 2, Bearing Accuracy: 2
07-13 12:11:53.259   804  2387 I LocSvc_api_v02: ---> locClientSendReq line 2102 QMI_LOC_SET_OPERATION_MODE_REQ_V02
07-13 12:11:53.261   804  2391 I LocSvc_ApiV02: <--- globalRespCb line 141 QMI_LOC_SET_OPERATION_MODE_REQ_V02
07-13 12:11:53.261   804  2387 I LocSvc_api_v02: ---> locClientSendReq line 2102 QMI_LOC_START_REQ_V02
07-13 12:11:53.261   804  3291 I LocSvc_libulp: ulp_msg_process_criteria_update: valid 0x9a77 action:1, minTime:600000, minDistance:0.000000, singleShot:0, horizontalAccuracy:1, powerRequirement:0, emergency_request:0
07-13 12:11:53.261  2912  1035 I AsyncOpDispatcher: 35-GetDeviceDataUploadOptInStatusOperation
07-13 12:11:53.261   804  3291 I LocSvc_libulp: ulp_brain_process_criteria_update index at 0, isNew = 0, mask 0x27, provider source = 1,accuracy = 0, singleshot = 0, tbf = 600000 emergency_request = 0
07-13 12:11:53.261   804  3291 I LocSvc_libulp: ulp_brain_process_criteria_update index at 1, isNew = 1, mask 0x9a77, provider source = 4,accuracy = 1, singleshot = 0, tbf = 600000 emergency_request = 0
07-13 12:11:53.262   804  3291 I LocSvc_libulp: ulp_brain_process_criteria_update index at 2, isNew = 0, mask 0x9a77, provider source = 4,accuracy = 1, singleshot = 0, tbf = 1000 emergency_request = 0
07-13 12:11:53.262  2004  2173 V LocSvc_HIDL_OsNpGlue_jni: [onSetRequest][70] [HC] <<= [HS]
07-13 12:11:53.262  2004  2173 V LocSvc_HIDL_OsNpGlue_jni: [onSetRequest][70] [HC] <<= [HS]
07-13 12:11:53.262  2004  3270 W NpProxy : 
07-13 12:11:53.262  2004  3270 W NpProxy : java.lang.NullPointerException: Attempt to invoke interface method 'void com.android.internal.location.ILocationProvider.setRequest(com.android.internal.location.ProviderRequest, android.os.WorkSource)' on a null object reference
07-13 12:11:53.262  2004  3270 W NpProxy : 	at com.qualcomm.location.izatprovider.NpProxy.setRequestTry(NpProxy.java:171)
07-13 12:11:53.262  2004  3270 W NpProxy : 	at com.qualcomm.location.izatprovider.NpProxy.handleMessage(NpProxy.java:291)
07-13 12:11:53.262  2004  3270 W NpProxy : 	at android.os.Handler.dispatchMessage(Handler.java:102)
07-13 12:11:53.262  2004  3270 W NpProxy : 	at android.os.Looper.loop(Looper.java:164)
07-13 12:11:53.262  2004  3270 W NpProxy : 	at android.os.HandlerThread.run(HandlerThread.java:65)
07-13 12:11:53.263  2004  3270 W NpProxy : 
07-13 12:11:53.263  2004  3270 W NpProxy : java.lang.NullPointerException: Attempt to invoke interface method 'void com.android.internal.location.ILocationProvider.setRequest(com.android.internal.location.ProviderRequest, android.os.WorkSource)' on a null object reference
07-13 12:11:53.263  2004  3270 W NpProxy : 	at com.qualcomm.location.izatprovider.NpProxy.setRequestTry(NpProxy.java:171)
07-13 12:11:53.263  2004  3270 W NpProxy : 	at com.qualcomm.location.izatprovider.NpProxy.handleMessage(NpProxy.java:291)
07-13 12:11:53.263  2004  3270 W NpProxy : 	at android.os.Handler.dispatchMessage(Handler.java:102)
07-13 12:11:53.263  2004  3270 W NpProxy : 	at android.os.Looper.loop(Looper.java:164)
07-13 12:11:53.263  2004  3270 W NpProxy : 	at android.os.HandlerThread.run(HandlerThread.java:65)
07-13 12:11:53.265   804  2391 I LocSvc_ApiV02: <--- globalEventCb line 115 QMI_LOC_EVENT_WIFI_REQ_IND_V02
07-13 12:11:53.265   804  2391 I LocSvc_ApiV02: <--- globalEventCb line 115 QMI_LOC_EVENT_NMEA_IND_V02
07-13 12:11:53.268   804  2387 I IzatSvc_IzatManager: LocTech-Label :: IZATMANAGER :: Add ODCPI Request In
07-13 12:11:53.268   804  2387 I IzatSvc_IzatManager: LocTech-Value :: Interval: 3500, Emergency 0
07-13 12:11:53.269   804  3291 I LocSvc_libulp: ulp_msg_process_criteria_update: valid 0x9a77 action:1, minTime:3500, minDistance:0.000000, singleShot:0, horizontalAccuracy:1, powerRequirement:0, emergency_request:0
07-13 12:11:53.269   804  3291 I LocSvc_libulp: ulp_brain_process_criteria_update index at 0, isNew = 0, mask 0x27, provider source = 1,accuracy = 0, singleshot = 0, tbf = 600000 emergency_request = 0
07-13 12:11:53.269   804  3291 I LocSvc_libulp: ulp_brain_process_criteria_update index at 1, isNew = 0, mask 0x9a77, provider source = 4,accuracy = 1, singleshot = 0, tbf = 600000 emergency_request = 0
07-13 12:11:53.269   804  3291 I LocSvc_libulp: ulp_brain_process_criteria_update index at 2, isNew = 0, mask 0x9a77, provider source = 4,accuracy = 1, singleshot = 0, tbf = 1000 emergency_request = 0
07-13 12:11:53.269   804  3291 I LocSvc_libulp: ulp_brain_process_criteria_update index at 3, isNew = 1, mask 0x9a77, provider source = 4,accuracy = 1, singleshot = 0, tbf = 3500 emergency_request = 0
07-13 12:11:53.269  2004  2173 V LocSvc_HIDL_OsNpGlue_jni: [onSetRequest][70] [HC] <<= [HS]
07-13 12:11:53.270  2004  3270 W NpProxy : 
07-13 12:11:53.270  2004  3270 W NpProxy : java.lang.NullPointerException: Attempt to invoke interface method 'void com.android.internal.location.ILocationProvider.setRequest(com.android.internal.location.ProviderRequest, android.os.WorkSource)' on a null object reference
07-13 12:11:53.270  2004  3270 W NpProxy : 	at com.qualcomm.location.izatprovider.NpProxy.setRequestTry(NpProxy.java:171)
07-13 12:11:53.270  2004  3270 W NpProxy : 	at com.qualcomm.location.izatprovider.NpProxy.handleMessage(NpProxy.java:291)
07-13 12:11:53.270  2004  3270 W NpProxy : 	at android.os.Handler.dispatchMessage(Handler.java:102)
07-13 12:11:53.270  2004  3270 W NpProxy : 	at android.os.Looper.loop(Looper.java:164)
07-13 12:11:53.270  2004  3270 W NpProxy : 	at android.os.HandlerThread.run(HandlerThread.java:65)
07-13 12:11:53.271  2004  3391 I WifiService: getConnectionInfo uid=10104
07-13 12:11:53.277   804  2391 I LocSvc_ApiV02: <--- globalEventCb line 115 QMI_LOC_EVENT_LOCATION_SERVER_CONNECTION_REQ_IND_V02
07-13 12:11:53.277   804  2391 I LocSvc_GnssAdapter: GnssAdapter::requestATL
07-13 12:11:53.278  2004  2173 V LocSvc_HIDL_LocationService_jni: [agnssStatusIpV4Cb][226] [HC] <<= [HS]
07-13 12:11:53.279  2004  2004 D ConnectivityService: requestNetwork for uid/pid:1000/2004 NetworkRequest [ REQUEST id=190, legacyType=3, [ Transports: CELLULAR Capabilities: SUPL&NOT_RESTRICTED&TRUSTED&NOT_VPN] ]
07-13 12:11:53.288  2004  2258 D Ethernet: got request NetworkRequest [ REQUEST id=190, legacyType=3, [ Transports: CELLULAR Capabilities: SUPL&NOT_RESTRICTED&TRUSTED&NOT_VPN] ] with score 50
07-13 12:11:53.288  2004  2198 D WIFI    : got request NetworkRequest [ REQUEST id=190, legacyType=3, [ Transports: CELLULAR Capabilities: SUPL&NOT_RESTRICTED&TRUSTED&NOT_VPN] ] with score 50
07-13 12:11:53.288  2004  2198 D WIFI_UT : got request NetworkRequest [ REQUEST id=190, legacyType=3, [ Transports: CELLULAR Capabilities: SUPL&NOT_RESTRICTED&TRUSTED&NOT_VPN] ] with score 50
07-13 12:11:53.288  2444  2444 D PhoneSwitcherNetworkRequstListener: got request NetworkRequest [ REQUEST id=190, legacyType=3, [ Transports: CELLULAR Capabilities: SUPL&NOT_RESTRICTED&TRUSTED&NOT_VPN] ] with score 50
07-13 12:11:53.290  2795  2795 D QcrilMsgTunnelIfaceManager: handleMessage what = 1
07-13 12:11:53.291  2795  2795 I QcrilOemhookMsgTunnel: [0]invokeOemRilRequestRaw: serial=1358 length=24
07-13 12:11:53.291  2004  2210 D ConnectivityService: Sending CONNECTED broadcast for type 3 NetworkAgentInfo [MOBILE (LTE) - 110] isDefaultNetwork=true
07-13 12:11:53.292  2795  2815 I QcrilOemhookMsgTunnel: [0]processOemHookResponse serial no: 1358 error: 0length=0
07-13 12:11:53.292  2795  2795 D QcrilMsgTunnelIfaceManager: handleMessage what = 2
07-13 12:11:53.294  2795  2795 D QcrilMsgTunnelIfaceManager: handleMessage what = 1
07-13 12:11:53.295  2795  2815 I QcrilOemhookMsgTunnel: [0]processOemHookIndication length=28
07-13 12:11:53.296  2795  2795 I QcrilOemhookMsgTunnel: [1]invokeOemRilRequestRaw: serial=1359 length=24
07-13 12:11:53.296  2795  2795 D QcrilMsgTunnelIfaceManager: handleMessage what = 0
07-13 12:11:53.299  2795  2815 I QcrilOemhookMsgTunnel: [1]processOemHookResponse serial no: 1359 error: 0length=0
07-13 12:11:53.299  2795  2795 D QcrilMsgTunnelIfaceManager: handleMessage what = 2
07-13 12:11:53.301  2795  2815 I QcrilOemhookMsgTunnel: [1]processOemHookIndication length=28
07-13 12:11:53.301  2795  2795 D QcrilMsgTunnelIfaceManager: handleMessage what = 0
07-13 12:11:53.326  2004  2379 I WifiService: getWifiEnabledState uid=10104
07-13 12:11:53.340  2004  3391 D CompatibilityInfo: mCompatibilityFlags - 10
07-13 12:11:53.340  2004  3391 D CompatibilityInfo: applicationDensity - 480
07-13 12:11:53.340  2004  3391 D CompatibilityInfo: applicationScale - 1.0
07-13 12:11:53.347  2004  1037 D LocSvc_java: ipProtocol: IPV4V6 apn: apn networkType: LTE state: 2
07-13 12:11:53.348  2004  2004 D LocSvc_HIDL_LocationService_jni: LocationService_agps_data_conn_open
07-13 12:11:53.348  2004  2004 V LocSvc_HIDL_LocationService_jni: [LocationService_agps_data_conn_open][440] [HC] =>> [HS]
07-13 12:11:53.348   804   804 V LocSvc_HIDL_AGnss: [dataConnOpenExt][154] [HS] <<<<= [HC]
07-13 12:11:53.348   804   804 D LocSvc_HIDL_AGnss: dataConnOpenExt] dataConnOpen APN name = [apn]
07-13 12:11:53.348   804   804 I LocSvc_GnssAdapter: GnssAdapter::frameworkDataConnOpen
07-13 12:11:53.348   804  2387 I LocSvc_api_v02: ---> locClientSendReq line 2102 QMI_LOC_INFORM_LOCATION_SERVER_CONN_STATUS_REQ_V02
07-13 12:11:53.350   804  2391 I LocSvc_ApiV02: <--- globalRespCb line 141 QMI_LOC_INFORM_LOCATION_SERVER_CONN_STATUS_REQ_V02
07-13 12:11:53.716  1346  1485 E NetlinkEvent: NetlinkEvent::FindParam(): Parameter 'INTERFACE' not found
07-13 12:11:53.716  1346  1485 E NetlinkEvent: NetlinkEvent::FindParam(): Parameter 'STATE' not found
07-13 12:11:53.716  1346  1485 E NetlinkEvent: NetlinkEvent::FindParam(): Parameter 'TIME_NS' not found
07-13 12:11:53.716  1346  1485 E NetlinkEvent: NetlinkEvent::FindParam(): Parameter 'UID' not found
07-13 12:11:53.852   804  2391 I LocSvc_ApiV02: <--- globalEventCb line 115 QMI_LOC_EVENT_LOCATION_SERVER_CONNECTION_REQ_IND_V02
07-13 12:11:53.852   804  2391 I LocSvc_GnssAdapter: GnssAdapter::releaseATL
07-13 12:11:53.853   804  2387 I LocSvc_api_v02: ---> locClientSendReq line 2102 QMI_LOC_INFORM_LOCATION_SERVER_CONN_STATUS_REQ_V02
07-13 12:11:53.855   804  2391 I LocSvc_ApiV02: <--- globalRespCb line 141 QMI_LOC_INFORM_LOCATION_SERVER_CONN_STATUS_REQ_V02
07-13 12:11:53.856  2004  2173 V LocSvc_HIDL_LocationService_jni: [agnssStatusIpV4Cb][226] [HC] <<= [HS]
07-13 12:11:53.858  2004  2004 D LocSvc_HIDL_LocationService_jni: LocationService_agps_data_conn_closed
07-13 12:11:53.858  2004  2004 V LocSvc_HIDL_LocationService_jni: [LocationService_agps_data_conn_closed][459] [HC] =>> [HS]
07-13 12:11:53.858  2004  2210 D ConnectivityService: releasing NetworkRequest [ REQUEST id=190, legacyType=3, [ Transports: CELLULAR Capabilities: SUPL&NOT_RESTRICTED&TRUSTED&NOT_VPN] ] (release request)
07-13 12:11:53.859   804  2391 I LocSvc_ApiV02: <--- globalEventCb line 115 QMI_LOC_EVENT_LOCATION_SERVER_CONNECTION_REQ_IND_V02
07-13 12:11:53.859   804  2391 I LocSvc_GnssAdapter: GnssAdapter::requestATL
07-13 12:11:53.859  2004  2173 V LocSvc_HIDL_LocationService_jni: [agnssStatusIpV4Cb][226] [HC] <<= [HS]
07-13 12:11:53.859  2004  2210 D ConnectivityService: Sending DISCONNECTED broadcast for type 3 NetworkAgentInfo [MOBILE (LTE) - 110] isDefaultNetwork=false
07-13 12:11:53.860   804   804 V LocSvc_HIDL_AGnss: [dataConnClosedExt][192] [HS] <<<<= [HC]
07-13 12:11:53.860   804   804 I LocSvc_GnssAdapter: GnssAdapter::frameworkDataConnClosed
07-13 12:11:53.866  2004  3270 V LocSvc_HIDL_Subscription_jni: networkinfo_update
07-13 12:11:53.866  2004  3270 V LocSvc_HIDL_Subscription_jni: [networkinfo_update][305] [HC] =>> [HS]
07-13 12:11:53.867   804   804 V LocSvc_HIDL_IzatSubscription: [networkinfoUpdate][322] [HS] <<<<= [HC]
07-13 12:11:53.869  2004  3270 V LocSvc_HIDL_Subscription_jni: Exit Result 0
07-13 12:11:53.875  2004  2004 D ConnectivityService: requestNetwork for uid/pid:1000/2004 NetworkRequest [ REQUEST id=191, legacyType=3, [ Transports: CELLULAR Capabilities: SUPL&NOT_RESTRICTED&TRUSTED&NOT_VPN] ]
07-13 12:11:53.881  2004  2379 W ActivityManager: Background start not allowed: service Intent { cmp=com.google.android.apps.messaging/.shared.datamodel.action.ActionExecutorImpl$EmptyService } to com.google.android.apps.messaging/.shared.datamodel.action.ActionExecutorImpl$EmptyService from pid=2742 uid=10072 pkg=com.google.android.apps.messaging
07-13 12:11:53.882  2004  2465 I WifiService: getConnectionInfo uid=10107
07-13 12:11:53.882  2795  2795 D QcrilMsgTunnelIfaceManager: handleMessage what = 1
07-13 12:11:53.883  2742  2742 W BugleDataModel: service started without protection. DataModel.startActionUnsafe is deprecated. class com.google.android.apps.messaging.shared.datamodel.action.CountryCodeDetectorAction-CountryCodeDetectorAction:1531452086654083
07-13 12:11:53.883  2795  2795 I QcrilOemhookMsgTunnel: [0]invokeOemRilRequestRaw: serial=1360 length=24
07-13 12:11:53.885  2742  2742 W BugleDataModel: java.lang.IllegalStateException: Not allowed to start service Intent { cmp=com.google.android.apps.messaging/.shared.datamodel.action.ActionExecutorImpl$EmptyService }: app is in background uid UidRecord{ceb918c u0a72 TRNB idle procs:2 seq(0,0,0)}
07-13 12:11:53.885  2742  2742 W BugleDataModel: 	at android.app.ContextImpl.startServiceCommon(ContextImpl.java:1521)
07-13 12:11:53.885  2742  2742 W BugleDataModel: 	at android.app.ContextImpl.startService(ContextImpl.java:1477)
07-13 12:11:53.885  2742  2742 W BugleDataModel: 	at android.content.ContextWrapper.startService(ContextWrapper.java:650)
07-13 12:11:53.885  2742  2742 W BugleDataModel: 	at com.google.android.apps.messaging.shared.datamodel.action.ActionExecutorImpl.a(SourceFile:25)
07-13 12:11:53.885  2742  2742 W BugleDataModel: 	at ccf.a(SourceFile:92)
07-13 12:11:53.885  2742  2742 W BugleDataModel: 	at ccf.a(SourceFile:51)
07-13 12:11:53.885  2742  2742 W BugleDataModel: 	at cgw.b(SourceFile:75)
07-13 12:11:53.885  2742  2742 W BugleDataModel: 	at cgw.a(SourceFile:36)
07-13 12:11:53.885  2742  2742 W BugleDataModel: 	at com.google.android.apps.messaging.shared.datamodel.action.ThrottledAction.schedule(SourceFile:39)
07-13 12:11:53.885  2742  2742 W BugleDataModel: 	at byk.a(SourceFile:3)
07-13 12:11:53.885  2742  2742 W BugleDataModel: 	at dez.a(SourceFile:77)
07-13 12:11:53.885  2742  2742 W BugleDataModel: 	at dfd.onReceive(SourceFile:6)
07-13 12:11:53.885  2742  2742 W BugleDataModel: 	at android.app.LoadedApk$ReceiverDispatcher$Args.lambda$-android_app_LoadedApk$ReceiverDispatcher$Args_52497(LoadedApk.java:1313)
07-13 12:11:53.885  2742  2742 W BugleDataModel: 	at android.app.-$Lambda$aS31cHIhRx41653CMnd4gZqshIQ.$m$7(Unknown Source:4)
07-13 12:11:53.885  2742  2742 W BugleDataModel: 	at android.app.-$Lambda$aS31cHIhRx41653CMnd4gZqshIQ.run(Unknown Source:39)
07-13 12:11:53.885  2742  2742 W BugleDataModel: 	at android.os.Handler.handleCallback(Handler.java:790)
07-13 12:11:53.885  2742  2742 W BugleDataModel: 	at android.os.Handler.dispatchMessage(Handler.java:99)
07-13 12:11:53.885  2742  2742 W BugleDataModel: 	at android.os.Looper.loop(Looper.java:164)
07-13 12:11:53.885  2742  2742 W BugleDataModel: 	at android.app.ActivityThread.main(ActivityThread.java:6518)
07-13 12:11:53.885  2742  2742 W BugleDataModel: 	at java.lang.reflect.Method.invoke(Native Method)
07-13 12:11:53.885  2742  2742 W BugleDataModel: 	at com.android.internal.os.RuntimeInit$MethodAndArgsCaller.run(RuntimeInit.java:438)
07-13 12:11:53.885  2742  2742 W BugleDataModel: 	at com.android.internal.os.ZygoteInit.main(ZygoteInit.java:807)
07-13 12:11:53.885  2795  2815 I QcrilOemhookMsgTunnel: [0]processOemHookResponse serial no: 1360 error: 0length=0
07-13 12:11:53.886  2795  2795 D QcrilMsgTunnelIfaceManager: handleMessage what = 2
07-13 12:11:53.887  2795  2795 D QcrilMsgTunnelIfaceManager: handleMessage what = 1
07-13 12:11:53.890  2795  2815 I QcrilOemhookMsgTunnel: [0]processOemHookIndication length=28
07-13 12:11:53.890  2795  2795 I QcrilOemhookMsgTunnel: [1]invokeOemRilRequestRaw: serial=1361 length=24
07-13 12:11:53.891  2795  2795 D QcrilMsgTunnelIfaceManager: handleMessage what = 0
07-13 12:11:53.892  2795  2815 I QcrilOemhookMsgTunnel: [1]processOemHookResponse serial no: 1361 error: 0length=0
07-13 12:11:53.894  2795  2815 I QcrilOemhookMsgTunnel: [1]processOemHookIndication length=28
07-13 12:11:53.895  2004  2042 D CompatibilityInfo: mCompatibilityFlags - 10
07-13 12:11:53.895  2004  2042 D CompatibilityInfo: applicationDensity - 480
07-13 12:11:53.895  2004  2042 D CompatibilityInfo: applicationScale - 1.0
07-13 12:11:53.898  2795  2795 D QcrilMsgTunnelIfaceManager: handleMessage what = 2
07-13 12:11:53.899  2795  2795 D QcrilMsgTunnelIfaceManager: handleMessage what = 0
07-13 12:11:53.905  2004  2258 D Ethernet: got request NetworkRequest [ REQUEST id=191, legacyType=3, [ Transports: CELLULAR Capabilities: SUPL&NOT_RESTRICTED&TRUSTED&NOT_VPN] ] with score 50
07-13 12:11:53.905  2004  2198 D WIFI    : got request NetworkRequest [ REQUEST id=191, legacyType=3, [ Transports: CELLULAR Capabilities: SUPL&NOT_RESTRICTED&TRUSTED&NOT_VPN] ] with score 50
07-13 12:11:53.905  2004  2198 D WIFI_UT : got request NetworkRequest [ REQUEST id=191, legacyType=3, [ Transports: CELLULAR Capabilities: SUPL&NOT_RESTRICTED&TRUSTED&NOT_VPN] ] with score 50
07-13 12:11:53.906  2444  2444 D PhoneSwitcherNetworkRequstListener: got request NetworkRequest [ REQUEST id=191, legacyType=3, [ Transports: CELLULAR Capabilities: SUPL&NOT_RESTRICTED&TRUSTED&NOT_VPN] ] with score 50
07-13 12:11:53.906  2004  2210 D ConnectivityService: Sending CONNECTED broadcast for type 3 NetworkAgentInfo [MOBILE (LTE) - 110] isDefaultNetwork=true
07-13 12:11:53.911  2795  2795 D QcrilMsgTunnelIfaceManager: handleMessage what = 1
07-13 12:11:53.912  2795  2795 I QcrilOemhookMsgTunnel: [0]invokeOemRilRequestRaw: serial=1362 length=24
07-13 12:11:53.913  2795  2815 I QcrilOemhookMsgTunnel: [0]processOemHookResponse serial no: 1362 error: 0length=0
07-13 12:11:53.913  2795  2795 D QcrilMsgTunnelIfaceManager: handleMessage what = 2
07-13 12:11:53.915  2795  2815 I QcrilOemhookMsgTunnel: [0]processOemHookIndication length=28
07-13 12:11:53.915  2795  2795 D QcrilMsgTunnelIfaceManager: handleMessage what = 0
07-13 12:11:53.917  2795  2795 D QcrilMsgTunnelIfaceManager: handleMessage what = 1
07-13 12:11:53.919  2795  2795 I QcrilOemhookMsgTunnel: [1]invokeOemRilRequestRaw: serial=1363 length=24
07-13 12:11:53.920  2795  2815 I QcrilOemhookMsgTunnel: [1]processOemHookResponse serial no: 1363 error: 0length=0
07-13 12:11:53.921  2795  2795 D QcrilMsgTunnelIfaceManager: handleMessage what = 2
07-13 12:11:53.924  2795  2815 I QcrilOemhookMsgTunnel: [1]processOemHookIndication length=28
07-13 12:11:53.924  2795  2795 D QcrilMsgTunnelIfaceManager: handleMessage what = 0
07-13 12:11:53.932  2004  2194 D RecurrenceRule: Resolving using anchor 2018-07-13T12:11:53.932+05:30[Asia/Kolkata]
07-13 12:11:53.936  2004  2194 D RecurrenceRule: Resolving using anchor 2018-07-13T12:11:53.935+05:30[Asia/Kolkata]
07-13 12:11:53.939  2004  2194 D RecurrenceRule: Cycle 17 from 2018-06-30T23:59:59.999999999+05:30[Asia/Kolkata] to 2018-07-31T00:00+05:30[Asia/Kolkata]
07-13 12:11:53.939  2004  2194 D NetworkStats: Resolving plan for NetworkTemplate: matchRule=MOBILE_ALL, subscriberId=404490..., matchSubscriberIds=[404490...]
07-13 12:11:53.942  2004  2194 D NetworkStats: Found active matching subId 1
07-13 12:11:53.945  2004  1048 D LocSvc_java: ipProtocol: IPV4V6 apn: apn networkType: LTE state: 2
07-13 12:11:53.946  2004  2004 D LocSvc_HIDL_LocationService_jni: LocationService_agps_data_conn_open
07-13 12:11:53.946  2004  2004 V LocSvc_HIDL_LocationService_jni: [LocationService_agps_data_conn_open][440] [HC] =>> [HS]
07-13 12:11:53.946   804   804 V LocSvc_HIDL_AGnss: [dataConnOpenExt][154] [HS] <<<<= [HC]
07-13 12:11:53.946   804   804 D LocSvc_HIDL_AGnss: dataConnOpenExt] dataConnOpen APN name = [apn]
07-13 12:11:53.946   804   804 I LocSvc_GnssAdapter: GnssAdapter::frameworkDataConnOpen
07-13 12:11:53.946   804  2387 I LocSvc_api_v02: ---> locClientSendReq line 2102 QMI_LOC_INFORM_LOCATION_SERVER_CONN_STATUS_REQ_V02
07-13 12:11:53.948   804  2391 I LocSvc_ApiV02: <--- globalRespCb line 141 QMI_LOC_INFORM_LOCATION_SERVER_CONN_STATUS_REQ_V02
07-13 12:11:53.951  2004  2194 D NetworkStats: Resolved to plan null
07-13 12:11:53.959  2912  2912 D Backup  : [BackupScheduler] Setting backup scheduler enabled=true due to desired state 1
07-13 12:11:53.960  2912  2912 V Backup  : [BackupTransportCS] no backup now: [OperationScheduler: enabledState=true moratoriumSet=2018-07-13/10:40:37 moratorium=1970-01-01/05:30:00]
07-13 12:11:53.962  3190  3190 I CmaSystemUpdateService: connectivity change: Intent { act=android.net.conn.CONNECTIVITY_CHANGE flg=0x4000010 (has extras) }
07-13 12:11:53.962  3190  3190 I CmaSystemUpdateService: receiver: Intent { act=android.net.conn.CONNECTIVITY_CHANGE flg=0x4000010 (has extras) }
07-13 12:11:53.963 28817 32104 E tc      : 2018 07 13 12:11:53.963 [Tango.32106.A]	TCTypingHandler::calc_mutual_conversation_id: can't start service, account id is empty
07-13 12:11:53.968 28817 32104 E tc      : 2018 07 13 12:11:53.963 [Tango.32106.A]	TCTypingHandler::async_resolve_dns: (current: m_conversation_id = , m_sending_status = STATUS_NONE, m_typing_flag = false) no server url configured, can't start typing service
07-13 12:11:53.970  2004  2153 D CompatibilityInfo: mCompatibilityFlags - 10
07-13 12:11:53.970  2004  2153 D CompatibilityInfo: applicationDensity - 480
07-13 12:11:53.970  2004  2153 D CompatibilityInfo: applicationScale - 1.0
07-13 12:11:53.973  2004  2042 D CompatibilityInfo: mCompatibilityFlags - 10
07-13 12:11:53.974  2004  2042 D CompatibilityInfo: applicationDensity - 480
07-13 12:11:53.974  2004  2042 D CompatibilityInfo: applicationScale - 1.0
07-13 12:11:53.979  2912 32704 W ctxmgr  : [NetworkStateProducer]No state change for network connection context
07-13 12:11:53.994   804  2391 I LocSvc_ApiV02: <--- globalEventCb line 115 QMI_LOC_EVENT_LOCATION_SERVER_CONNECTION_REQ_IND_V02
07-13 12:11:53.994   804  2391 I LocSvc_GnssAdapter: GnssAdapter::releaseATL
07-13 12:11:53.994   804  2387 I LocSvc_api_v02: ---> locClientSendReq line 2102 QMI_LOC_INFORM_LOCATION_SERVER_CONN_STATUS_REQ_V02
07-13 12:11:53.996   804  2391 I LocSvc_ApiV02: <--- globalRespCb line 141 QMI_LOC_INFORM_LOCATION_SERVER_CONN_STATUS_REQ_V02
07-13 12:11:53.997  2004  2173 V LocSvc_HIDL_LocationService_jni: [agnssStatusIpV4Cb][226] [HC] <<= [HS]
07-13 12:11:53.998  2004  2004 D LocSvc_HIDL_LocationService_jni: LocationService_agps_data_conn_closed
07-13 12:11:53.998  2004  2004 V LocSvc_HIDL_LocationService_jni: [LocationService_agps_data_conn_closed][459] [HC] =>> [HS]
07-13 12:11:53.998   804   804 V LocSvc_HIDL_AGnss: [dataConnClosedExt][192] [HS] <<<<= [HC]
07-13 12:11:53.998  2004  2210 D ConnectivityService: releasing NetworkRequest [ REQUEST id=191, legacyType=3, [ Transports: CELLULAR Capabilities: SUPL&NOT_RESTRICTED&TRUSTED&NOT_VPN] ] (release request)
07-13 12:11:53.998   804   804 I LocSvc_GnssAdapter: GnssAdapter::frameworkDataConnClosed
07-13 12:11:53.999  2004  2210 D ConnectivityService: Sending DISCONNECTED broadcast for type 3 NetworkAgentInfo [MOBILE (LTE) - 110] isDefaultNetwork=false
07-13 12:11:54.003  2795  2795 D QcrilMsgTunnelIfaceManager: handleMessage what = 1
07-13 12:11:54.006  2004  2379 I WifiService: getConnectionInfo uid=10107
07-13 12:11:54.006  2004  3270 V LocSvc_HIDL_Subscription_jni: networkinfo_update
07-13 12:11:54.006  2004  3270 V LocSvc_HIDL_Subscription_jni: [networkinfo_update][305] [HC] =>> [HS]
07-13 12:11:54.006   804   804 V LocSvc_HIDL_IzatSubscription: [networkinfoUpdate][322] [HS] <<<<= [HC]
07-13 12:11:54.007  2795  2795 I QcrilOemhookMsgTunnel: [0]invokeOemRilRequestRaw: serial=1364 length=24
07-13 12:11:54.007  2004  3270 V LocSvc_HIDL_Subscription_jni: Exit Result 0
07-13 12:11:54.009  2004  2042 D CompatibilityInfo: mCompatibilityFlags - 10
07-13 12:11:54.009  2004  2042 D CompatibilityInfo: applicationDensity - 480
07-13 12:11:54.009  2004  2042 D CompatibilityInfo: applicationScale - 1.0
07-13 12:11:54.009  2795  2815 I QcrilOemhookMsgTunnel: [0]processOemHookResponse serial no: 1364 error: 0length=0
07-13 12:11:54.009  2795  2795 D QcrilMsgTunnelIfaceManager: handleMessage what = 2
07-13 12:11:54.011  2795  2815 I QcrilOemhookMsgTunnel: [0]processOemHookIndication length=28
07-13 12:11:54.012  2795  2795 D QcrilMsgTunnelIfaceManager: handleMessage what = 1
07-13 12:11:54.012  2795  2795 I QcrilOemhookMsgTunnel: [1]invokeOemRilRequestRaw: serial=1365 length=24
07-13 12:11:54.013  2795  2795 D QcrilMsgTunnelIfaceManager: handleMessage what = 0
07-13 12:11:54.013  2795  2815 I QcrilOemhookMsgTunnel: [1]processOemHookResponse serial no: 1365 error: 0length=0
07-13 12:11:54.014  2795  2795 D QcrilMsgTunnelIfaceManager: handleMessage what = 2
07-13 12:11:54.016  2795  2815 I QcrilOemhookMsgTunnel: [1]processOemHookIndication length=28
07-13 12:11:54.016  2795  2795 D QcrilMsgTunnelIfaceManager: handleMessage what = 0
07-13 12:11:54.032  2004  2194 D RecurrenceRule: Resolving using anchor 2018-07-13T12:11:54.031+05:30[Asia/Kolkata]
07-13 12:11:54.035  2004  2194 D RecurrenceRule: Resolving using anchor 2018-07-13T12:11:54.035+05:30[Asia/Kolkata]
07-13 12:11:54.039  2004  2194 D RecurrenceRule: Cycle 17 from 2018-06-30T23:59:59.999999999+05:30[Asia/Kolkata] to 2018-07-31T00:00+05:30[Asia/Kolkata]
07-13 12:11:54.039  2004  2194 D NetworkStats: Resolving plan for NetworkTemplate: matchRule=MOBILE_ALL, subscriberId=404490..., matchSubscriberIds=[404490...]
07-13 12:11:54.042  2004  2194 D NetworkStats: Found active matching subId 1
07-13 12:11:54.050  2004  2194 D NetworkStats: Resolved to plan null
07-13 12:11:54.060  2912  2912 D Backup  : [BackupScheduler] Setting backup scheduler enabled=true due to desired state 1
07-13 12:11:54.063  3190  3190 I CmaSystemUpdateService: connectivity change: Intent { act=android.net.conn.CONNECTIVITY_CHANGE flg=0x4000010 (has extras) }
07-13 12:11:54.063  3190  3190 I CmaSystemUpdateService: receiver: Intent { act=android.net.conn.CONNECTIVITY_CHANGE flg=0x4000010 (has extras) }
07-13 12:11:54.065  2912  2912 V Backup  : [BackupTransportCS] no backup now: [OperationScheduler: enabledState=true moratoriumSet=2018-07-13/10:40:37 moratorium=1970-01-01/05:30:00]
07-13 12:11:54.068  2004  2153 D CompatibilityInfo: mCompatibilityFlags - 10
07-13 12:11:54.068  2004  2153 D CompatibilityInfo: applicationDensity - 480
07-13 12:11:54.068  2004  2153 D CompatibilityInfo: applicationScale - 1.0
07-13 12:11:54.068 28817 32104 E tc      : 2018 07 13 12:11:54.067 [Tango.32106.A]	TCTypingHandler::calc_mutual_conversation_id: can't start service, account id is empty
07-13 12:11:54.070 28817 32104 E tc      : 2018 07 13 12:11:54.067 [Tango.32106.A]	TCTypingHandler::async_resolve_dns: (current: m_conversation_id = , m_sending_status = STATUS_NONE, m_typing_flag = false) no server url configured, can't start typing service
07-13 12:11:54.076  2004  2042 D CompatibilityInfo: mCompatibilityFlags - 10
07-13 12:11:54.076  2004  2042 D CompatibilityInfo: applicationDensity - 480
07-13 12:11:54.076  2004  2042 D CompatibilityInfo: applicationScale - 1.0
07-13 12:11:54.086  2912 32704 W ctxmgr  : [NetworkStateProducer]No state change for network connection context
07-13 12:11:54.255   804  2391 I LocSvc_ApiV02: <--- globalEventCb line 115 QMI_LOC_EVENT_POSITION_REPORT_IND_V02
07-13 12:11:54.255   804  3291 I LocSvc_libulp: ulp_brain_process_gnss_position_report, transition provider returned = 0
07-13 12:11:54.255   804  3291 I LocSvc_libulp: ulp_brain_process_gnss_position_report, report GNSS position/status to hybrid fix requests = 0
07-13 12:11:54.255   804  2387 E IzatSvc_PassiveLocListener: Exiting with error onLocationChanged line 152 "1"
07-13 12:11:54.333   804  2391 I LocSvc_ApiV02: <--- globalEventCb line 115 QMI_LOC_EVENT_NMEA_IND_V02
07-13 12:11:55.253   804  2391 I chatty  : uid=1021(gps) Loc_hal identical 1 line
07-13 12:11:55.253   804  2391 I LocSvc_ApiV02: <--- globalEventCb line 115 QMI_LOC_EVENT_NMEA_IND_V02
07-13 12:11:55.253   804  2391 I LocSvc_ApiV02: <--- globalEventCb line 115 QMI_LOC_EVENT_GNSS_SV_INFO_IND_V02
07-13 12:11:55.254   804  2391 I LocSvc_ApiV02: <--- globalEventCb line 115 QMI_LOC_EVENT_NMEA_IND_V02
07-13 12:11:55.254   804  2391 I chatty  : uid=1021(gps) Loc_hal identical 1 line
07-13 12:11:55.254   804  2391 I LocSvc_ApiV02: <--- globalEventCb line 115 QMI_LOC_EVENT_NMEA_IND_V02
07-13 12:11:55.254   804  2391 I LocSvc_ApiV02: <--- globalEventCb line 115 QMI_LOC_EVENT_POSITION_REPORT_IND_V02
07-13 12:11:55.254   804  3291 I LocSvc_libulp: ulp_brain_process_gnss_sv_report, gnss sv report cnt = 2001, gnss pos report cnt = 0,strong sv cnt = 0
07-13 12:11:55.254   804  3291 I LocSvc_libulp: ulp_brain_process_gnss_position_report, transition provider returned = 0
07-13 12:11:55.254   804  3291 I LocSvc_libulp: ulp_brain_process_gnss_position_report, report GNSS position/status to hybrid fix requests = 0
07-13 12:11:55.260   804  2387 E IzatSvc_PassiveLocListener: Exiting with error onLocationChanged line 152 "1"
07-13 12:11:55.274  2912 32704 W ctxmgr  : [AclManager]No 2 for (accnt=account#-517948760#, com.google.android.gms(10015):IndoorOutdoorProducer, vrsn=12689000, 0, 3pPkg = null ,  3pMdlId = null ,  pid = 2912). Was: 3 for 57, account#-517948760#
07-13 12:11:55.335   804  2391 I LocSvc_ApiV02: <--- globalEventCb line 115 QMI_LOC_EVENT_NMEA_IND_V02
07-13 12:11:56.250   804  2391 I chatty  : uid=1021(gps) Loc_hal identical 2 lines
07-13 12:11:56.250   804  2391 I LocSvc_ApiV02: <--- globalEventCb line 115 QMI_LOC_EVENT_NMEA_IND_V02
07-13 12:11:56.251   804  2391 I LocSvc_ApiV02: <--- globalEventCb line 115 QMI_LOC_EVENT_GNSS_SV_INFO_IND_V02
07-13 12:11:56.251   804  2391 I LocSvc_ApiV02: <--- globalEventCb line 115 QMI_LOC_EVENT_POSITION_REPORT_IND_V02
07-13 12:11:56.251   804  2391 I LocSvc_ApiV02: <--- globalEventCb line 115 QMI_LOC_EVENT_NMEA_IND_V02
07-13 12:11:56.251   804  3291 I LocSvc_libulp: ulp_brain_process_gnss_sv_report, gnss sv report cnt = 2002, gnss pos report cnt = 0,strong sv cnt = 0
07-13 12:11:56.251   804  3291 I LocSvc_libulp: ulp_brain_process_gnss_position_report, transition provider returned = 0
07-13 12:11:56.251   804  2391 I LocSvc_ApiV02: <--- globalEventCb line 115 QMI_LOC_EVENT_NMEA_IND_V02
07-13 12:11:56.251   804  3291 I LocSvc_libulp: ulp_brain_process_gnss_position_report, report GNSS position/status to hybrid fix requests = 0
07-13 12:11:56.252   804  2391 I LocSvc_ApiV02: <--- globalEventCb line 115 QMI_LOC_EVENT_NMEA_IND_V02
07-13 12:11:56.259   804  2387 E IzatSvc_PassiveLocListener: Exiting with error onLocationChanged line 152 "1"
07-13 12:11:56.333   804  2391 I LocSvc_ApiV02: <--- globalEventCb line 115 QMI_LOC_EVENT_NMEA_IND_V02
07-13 12:11:57.251   804  2391 I chatty  : uid=1021(gps) Loc_hal identical 2 lines
07-13 12:11:57.251   804  2391 I LocSvc_ApiV02: <--- globalEventCb line 115 QMI_LOC_EVENT_NMEA_IND_V02
07-13 12:11:57.251   804  2391 I LocSvc_ApiV02: <--- globalEventCb line 115 QMI_LOC_EVENT_GNSS_SV_INFO_IND_V02
07-13 12:11:57.252   804  3291 I LocSvc_libulp: ulp_brain_process_gnss_sv_report, gnss sv report cnt = 2003, gnss pos report cnt = 0,strong sv cnt = 0
07-13 12:11:57.252   804  2391 I LocSvc_ApiV02: <--- globalEventCb line 115 QMI_LOC_EVENT_POSITION_REPORT_IND_V02
07-13 12:11:57.252   804  3291 I LocSvc_libulp: ulp_brain_process_gnss_position_report, transition provider returned = 0
07-13 12:11:57.252   804  2391 I LocSvc_ApiV02: <--- globalEventCb line 115 QMI_LOC_EVENT_NMEA_IND_V02
07-13 12:11:57.252   804  3291 I LocSvc_libulp: ulp_brain_process_gnss_position_report, report GNSS position/status to hybrid fix requests = 0
07-13 12:11:57.252   804  2391 I LocSvc_ApiV02: <--- globalEventCb line 115 QMI_LOC_EVENT_NMEA_IND_V02
07-13 12:11:57.252   804  2391 I LocSvc_ApiV02: <--- globalEventCb line 115 QMI_LOC_EVENT_NMEA_IND_V02
07-13 12:11:57.270   804  2387 E IzatSvc_PassiveLocListener: Exiting with error onLocationChanged line 152 "1"
07-13 12:11:57.335   804  2391 I LocSvc_ApiV02: <--- globalEventCb line 115 QMI_LOC_EVENT_NMEA_IND_V02
07-13 12:11:58.251   804  2391 I chatty  : uid=1021(gps) Loc_hal identical 2 lines
07-13 12:11:58.251   804  2391 I LocSvc_ApiV02: <--- globalEventCb line 115 QMI_LOC_EVENT_NMEA_IND_V02
07-13 12:11:58.251   804  2391 I LocSvc_ApiV02: <--- globalEventCb line 115 QMI_LOC_EVENT_GNSS_SV_INFO_IND_V02
07-13 12:11:58.252   804  3291 I LocSvc_libulp: ulp_brain_process_gnss_sv_report, gnss sv report cnt = 2004, gnss pos report cnt = 0,strong sv cnt = 0
07-13 12:11:58.252   804  2391 I LocSvc_ApiV02: <--- globalEventCb line 115 QMI_LOC_EVENT_POSITION_REPORT_IND_V02
07-13 12:11:58.252   804  3291 I LocSvc_libulp: ulp_brain_process_gnss_position_report, transition provider returned = 0
07-13 12:11:58.252   804  2391 I LocSvc_ApiV02: <--- globalEventCb line 115 QMI_LOC_EVENT_NMEA_IND_V02
07-13 12:11:58.252   804  3291 I LocSvc_libulp: ulp_brain_process_gnss_position_report, report GNSS position/status to hybrid fix requests = 0
07-13 12:11:58.252   804  2391 I LocSvc_ApiV02: <--- globalEventCb line 115 QMI_LOC_EVENT_NMEA_IND_V02
07-13 12:11:58.252   804  2391 I LocSvc_ApiV02: <--- globalEventCb line 115 QMI_LOC_EVENT_NMEA_IND_V02
07-13 12:11:58.263   804  2387 E IzatSvc_PassiveLocListener: Exiting with error onLocationChanged line 152 "1"
07-13 12:11:58.334   804  2391 I LocSvc_ApiV02: <--- globalEventCb line 115 QMI_LOC_EVENT_NMEA_IND_V02
07-13 12:11:59.251   804  2391 I chatty  : uid=1021(gps) Loc_hal identical 2 lines
07-13 12:11:59.251   804  2391 I LocSvc_ApiV02: <--- globalEventCb line 115 QMI_LOC_EVENT_NMEA_IND_V02
07-13 12:11:59.252   804  2391 I LocSvc_ApiV02: <--- globalEventCb line 115 QMI_LOC_EVENT_GNSS_SV_INFO_IND_V02
07-13 12:11:59.252   804  2391 I LocSvc_ApiV02: <--- globalEventCb line 115 QMI_LOC_EVENT_POSITION_REPORT_IND_V02
07-13 12:11:59.252   804  2391 I LocSvc_ApiV02: <--- globalEventCb line 115 QMI_LOC_EVENT_NMEA_IND_V02
07-13 12:11:59.252   804  3291 I LocSvc_libulp: ulp_brain_process_gnss_sv_report, gnss sv report cnt = 2005, gnss pos report cnt = 0,strong sv cnt = 0
07-13 12:11:59.252   804  2391 I LocSvc_ApiV02: <--- globalEventCb line 115 QMI_LOC_EVENT_NMEA_IND_V02
07-13 12:11:59.252   804  3291 I LocSvc_libulp: ulp_brain_process_gnss_position_report, transition provider returned = 0
07-13 12:11:59.252   804  3291 I LocSvc_libulp: ulp_brain_process_gnss_position_report, report GNSS position/status to hybrid fix requests = 0
07-13 12:11:59.252   804  2391 I LocSvc_ApiV02: <--- globalEventCb line 115 QMI_LOC_EVENT_NMEA_IND_V02
07-13 12:11:59.270   804  2387 E IzatSvc_PassiveLocListener: Exiting with error onLocationChanged line 152 "1"
07-13 12:11:59.332   804  2391 I LocSvc_ApiV02: <--- globalEventCb line 115 QMI_LOC_EVENT_NMEA_IND_V02
07-13 12:11:59.350  2004 18203 I ActivityManager: Force stopping com.android.settings appid=1000 user=0: from pid 1071
07-13 12:11:59.350  2004 18203 I ActivityManager: Killing 32053:com.android.settings/1000 (adj 902): stop com.android.settings
07-13 12:11:59.334   804  2391 I LocSvc_ApiV02: <--- globalEventCb line 115 QMI_LOC_EVENT_NMEA_IND_V02
07-13 12:11:59.351  2004  2044 W zygote64: kill(-32053, 9) failed: No such process
07-13 12:11:59.368  2444  2444 D CarrierSvcBindHelper: No carrier app for: 0
07-13 12:11:59.369  2444  2444 D CarrierSvcBindHelper: No carrier app for: 1
07-13 12:11:59.393  2004  2044 W zygote64: kill(-32053, 9) failed: No such process
07-13 12:11:59.440  2004  2044 W zygote64: kill(-32053, 9) failed: No such process
07-13 12:11:59.441  2004  2044 I zygote64: Successfully killed process cgroup uid 1000 pid 32053 in 89ms
07-13 12:11:59.582  2004 18203 I ActivityManager: START u0 {act=android.settings.SETTINGS flg=0x10000000 cmp=com.android.settings/.Settings} from uid 2000
07-13 12:11:59.584   807   839 E ANDR-PERF-MPCTL: Invalid profile no. 0, total profiles 0 only
07-13 12:11:59.587   645   645 W /system/bin/hwservicemanager: getTransport: Cannot find entry vendor.qti.hardware.iop@1.0::IIop/default in either framework or device manifest.
07-13 12:11:59.587  2004 18203 E ANDR-PERF-JNI: Iop tryGetService failed
07-13 12:11:59.591  2004 18203 D ActivityTrigger: activityStartTrigger: Activity is Triggerred in full screen ApplicationInfo{22fd375 com.android.settings}
07-13 12:11:59.591  2004 18203 E ActivityTrigger: activityStartTrigger: not whiteListedcom.android.settings/com.android.settings.Settings/27
07-13 12:11:59.592  2004 18203 D CompatibilityInfo: mCompatibilityFlags - 0
07-13 12:11:59.592  2004 18203 D CompatibilityInfo: applicationDensity - 480
07-13 12:11:59.592  2004 18203 D CompatibilityInfo: applicationScale - 1.0
07-13 12:11:59.592  2004 18203 D ActivityTrigger: activityResumeTrigger: The activity in ApplicationInfo{22fd375 com.android.settings} is now in focus and seems to be in full-screen mode
07-13 12:11:59.592  2004 18203 E ActivityTrigger: activityResumeTrigger: not whiteListedcom.android.settings/com.android.settings.Settings/27
07-13 12:11:59.592  2004 18203 D ActivityTrigger: ActivityTrigger activityPauseTrigger 
07-13 12:11:59.596  2004 18209 D ActivityTrigger: activityResumeTrigger: The activity in ApplicationInfo{22fd375 com.android.settings} is now in focus and seems to be in full-screen mode
07-13 12:11:59.596  2004 18209 E ActivityTrigger: activityResumeTrigger: not whiteListedcom.android.settings/com.android.settings.Settings/27
07-13 12:11:59.612  2004 18209 I ActivityManager: Start proc 1132:com.android.settings/1000 for activity com.android.settings/.Settings
07-13 12:11:59.629  2004 18209 D CompatibilityInfo: mCompatibilityFlags - 0
07-13 12:11:59.629  2004 18209 D CompatibilityInfo: applicationDensity - 480
07-13 12:11:59.629  2004 18209 D CompatibilityInfo: applicationScale - 1.0
07-13 12:11:59.633  2004 18209 D CompatibilityInfo: mCompatibilityFlags - 0
07-13 12:11:59.633  2004 18209 D CompatibilityInfo: applicationDensity - 480
07-13 12:11:59.633  2004 18209 D CompatibilityInfo: applicationScale - 1.0
07-13 12:11:59.652  1132  1132 I zygote64: The ClassLoaderContext is a special shared library.
07-13 12:11:59.686  1132  1132 D OpenGLRenderer: HWUI GL Pipeline
07-13 12:11:59.697 15306 15306 I MicroDetector: Keeping mic open: false
07-13 12:11:59.698 15306 27948 I DeviceStateChecker: DeviceStateChecker cancelled
07-13 12:11:59.699 15306 15408 I MicroRecognitionRunner: Stopping hotword detection.
07-13 12:11:59.699 15306  1149 I AudioController: internalShutdown
07-13 12:11:59.699 15306 28640 I MicroRecognitionRunner: Detection finished
07-13 12:11:59.709  1132  1150 E ActivityThread: Failed to find provider info for com.qti.smq.qualcommFeedback.provider
07-13 12:11:59.724  1132  1132 W TileUtils: Found com.android.settings.backup.BackupSettingsActivity for intent Intent { act=com.android.settings.action.SETTINGS pkg=com.android.settings } missing metadata com.android.settings.category
07-13 12:11:59.725   784  2731 D audio_hw_primary: in_standby: enter: stream (0xebd918c0) usecase(18: audio-record)
07-13 12:11:59.745  1132  1132 W TileUtils: Ignoring icon tintable for ActivityInfo{25c690b com.google.android.gms.security.settings.VerifyAppsSettingsActivity}
07-13 12:11:59.746  1132  1132 W TileUtils: Ignoring icon tintable for ActivityInfo{2dc43e8 com.google.android.gms.security.settings.AdmSettingsActivity}
07-13 12:11:59.746  1132  1132 W TileUtils: Ignoring icon tintable for ActivityInfo{1e9ca01 com.google.android.gms.update.SystemUpdateActivity}
07-13 12:11:59.749  1132  1132 D ConditionManager: conditions loading asychronously
07-13 12:11:59.750  1132  1157 D ConditionManager: loading conditions from xml
07-13 12:11:59.758  1132  1154 V NFC     : this device does not have NFC support
07-13 12:11:59.777   784  2731 V audio_hw_primary: stop_input_stream: enter: usecase(18: audio-record)
07-13 12:11:59.777   784  2731 V audio_hw_primary: disable_audio_route: enter: usecase(18)
07-13 12:11:59.777   784  2731 D audio_hw_primary: disable_audio_route: reset and update mixer path: audio-record
07-13 12:11:59.779   784  2731 V audio_hw_primary: disable_audio_route: exit
07-13 12:11:59.779   784  2731 D hardware_info: hw_info_append_hw_type : device_name = voice-rec-mic
07-13 12:11:59.779   784  2731 D audio_hw_primary: disable_snd_device: snd_device(96: voice-rec-mic)
07-13 12:11:59.779   784  2731 D msm8916_platform: platform_split_snd_device: snd_device(96) num devices(0) new_snd_devices(0)
07-13 12:11:59.783   784  2731 V audio_hw_primary: stop_input_stream: exit: status(0)
07-13 12:11:59.783   784  2731 V audio_hw_primary: in_standby: exit:  status(0)
07-13 12:11:59.784  1132  1132 D ConditionManager: conditions loaded from xml, refreshing conditions
07-13 12:11:59.784  1132  1132 D APM_Condition: APM condition refreshed
07-13 12:11:59.785   784  1938 D audio_hw_primary: in_set_parameters: enter: kvpairs=routing=0
07-13 12:11:59.785   784  1938 V audio_hw_primary: in_set_parameters: exit: status(0)
07-13 12:11:59.785  1132  1132 D APM_Condition: setActive was called with false
07-13 12:11:59.785  2004  2153 I WifiService: getWifiApEnabledState uid=1000
07-13 12:11:59.786  1336  1966 I SoundTriggerHwService::Module: onCallbackEvent no clients
07-13 12:11:59.788  1132  1160 D SuggestionParser: Day 2 for com.android.settings.suggested.category.FIRST_IMPRESSION
07-13 12:11:59.789 15306 28884 I MicrophoneInputStream: mic_close  SR : 16000 CC : 16 SO : 1999
07-13 12:11:59.790   784  1938 D audio_hw_primary: adev_close_input_stream: enter:stream_handle(0xebd918c0)
07-13 12:11:59.790   784  1938 D audio_hw_primary: in_standby: enter: stream (0xebd918c0) usecase(18: audio-record)
07-13 12:11:59.790   784  1938 V audio_hw_primary: in_standby: exit:  status(0)
07-13 12:11:59.807  1132  1161 I Adreno  : QUALCOMM build                   : dcd4b96, I568c71768a
07-13 12:11:59.807  1132  1161 I Adreno  : Build Date                       : 04/30/18
07-13 12:11:59.807  1132  1161 I Adreno  : OpenGL ES Shader Compiler Version: EV031.22.00.01_06
07-13 12:11:59.807  1132  1161 I Adreno  : Local Branch                     : 
07-13 12:11:59.807  1132  1161 I Adreno  : Remote Branch                    : quic/gfx-adreno.lnx.1.0.r33-rel
07-13 12:11:59.807  1132  1161 I Adreno  : Remote Branch                    : NONE
07-13 12:11:59.807  1132  1161 I Adreno  : Reconstruct Branch               : NOTHING
07-13 12:11:59.819  1132  1161 I Adreno  : PFP: 0x005ff087, ME: 0x005ff063
07-13 12:11:59.819  1132  1132 D DashboardSummary: Listening for condition changes
07-13 12:11:59.819  1132  1132 D DashboardSummary: onConditionsChanged
07-13 12:11:59.819  1132  1132 D DashboardSummary: conditions refreshed
07-13 12:11:59.819  1132  1132 D APM_Condition: APM condition refreshed
07-13 12:11:59.819  1132  1132 D APM_Condition: setActive was called with false
07-13 12:11:59.819  2004 18208 I WifiService: getWifiApEnabledState uid=1000
07-13 12:11:59.819  1132  1163 W TileUtils: Found com.android.settings.backup.BackupSettingsActivity for intent Intent { act=com.android.settings.action.SETTINGS pkg=com.android.settings } missing metadata com.android.settings.category
07-13 12:11:59.829  1132  1161 I zygote64: android::hardware::configstore::V1_0::ISurfaceFlingerConfigs::hasWideColorDisplay retrieved: 0
07-13 12:11:59.830  2301  2301 I GoogleInputMethod: onFinishInput() : Dummy InputConnection bound
07-13 12:11:59.830  2301  2301 I GoogleInputMethod: onStartInput() : Dummy InputConnection bound
07-13 12:11:59.834  1132  1161 I OpenGLRenderer: Initialized EGL, version 1.4
07-13 12:11:59.834  1132  1161 D OpenGLRenderer: Swap behavior 2
07-13 12:11:59.846  1132  1163 D Settings: No enabled state changed, skipping updateCategory call
07-13 12:11:59.855  1132  1154 D BatteryInfo: time to make batteryStatsHelper: 4ms
07-13 12:11:59.855  2004  2046 I WifiService: requestActivityInfo uid=1000
07-13 12:11:59.855  2004  2046 I WifiService: reportActivityInfo uid=1000
07-13 12:11:59.855  2004  2046 I WifiService: getSupportedFeatures uid=1000
07-13 12:11:59.871  2004  2046 E BatteryExternalStatsWorker: no controller energy info supplied for bluetooth
07-13 12:11:59.878  2004  2046 E KernelCpuSpeedReader: Failed to read cpu-freq: /sys/devices/system/cpu/cpu0/cpufreq/stats/time_in_state (No such file or directory)
07-13 12:11:59.879  2004  2046 E KernelCpuSpeedReader: Failed to read cpu-freq: /sys/devices/system/cpu/cpu4/cpufreq/stats/time_in_state (No such file or directory)
07-13 12:11:59.883  2004  2056 I ActivityManager: Displayed com.android.settings/.Settings: +280ms
07-13 12:11:59.884   645   645 W /system/bin/hwservicemanager: getTransport: Cannot find entry vendor.qti.hardware.iop@1.0::IIop/default in either framework or device manifest.
07-13 12:11:59.884  2004  2056 E ANDR-PERF-JNI: Iop tryGetService failed
