07-13 12:11:59.935  1132  1154 D BatteryInfo: time for getStats: 80ms
07-13 12:11:59.936  1132  1157 D BatteryInfo: time for regular BatteryInfo: 1ms
07-13 12:11:59.940  2301  2301 I GoogleInputMethod: onFinishInput() : Dummy InputConnection bound
07-13 12:11:59.940  2301  2301 I GoogleInputMethod: onStartInput() : Dummy InputConnection bound
07-13 12:11:59.955  1132  1157 D BatteryInfo: time for getBatteryInfo: 19ms
07-13 12:11:59.956  1132  1132 D BatteryInfo: time for callback: 0ms
07-13 12:12:00.001  2315  2315 D KeyguardUpdateMonitor: received broadcast android.intent.action.TIME_TICK
07-13 12:12:00.001  2315  2315 D KeyguardUpdateMonitor: handleTimeUpdate
07-13 12:12:00.249   804  2391 I LocSvc_ApiV02: <--- globalEventCb line 115 QMI_LOC_EVENT_NMEA_IND_V02
07-13 12:12:00.249   804  2391 I LocSvc_ApiV02: <--- globalEventCb line 115 QMI_LOC_EVENT_NMEA_IND_V02
07-13 12:12:00.249   804  2391 I LocSvc_ApiV02: <--- globalEventCb line 115 QMI_LOC_EVENT_GNSS_SV_INFO_IND_V02
07-13 12:12:00.249   804  2391 I LocSvc_ApiV02: <--- globalEventCb line 115 QMI_LOC_EVENT_POSITION_REPORT_IND_V02
07-13 12:12:00.249   804  2391 I LocSvc_ApiV02: <--- globalEventCb line 115 QMI_LOC_EVENT_NMEA_IND_V02
07-13 12:12:00.249   804  3291 I LocSvc_libulp: ulp_brain_process_gnss_sv_report, gnss sv report cnt = 2006, gnss pos report cnt = 0,strong sv cnt = 0
07-13 12:12:00.249   804  3291 I LocSvc_libulp: ulp_brain_process_gnss_position_report, transition provider returned = 0
07-13 12:12:00.249   804  3291 I LocSvc_libulp: ulp_brain_process_gnss_position_report, report GNSS position/status to hybrid fix requests = 0
07-13 12:12:00.249   804  2391 I LocSvc_ApiV02: <--- globalEventCb line 115 QMI_LOC_EVENT_NMEA_IND_V02
07-13 12:12:00.250   804  2391 I LocSvc_ApiV02: <--- globalEventCb line 115 QMI_LOC_EVENT_NMEA_IND_V02
07-13 12:12:00.252   804  2387 E IzatSvc_PassiveLocListener: Exiting with error onLocationChanged line 152 "1"
07-13 12:12:00.332   804  2391 I LocSvc_ApiV02: <--- globalEventCb line 115 QMI_LOC_EVENT_NMEA_IND_V02
07-13 12:12:00.334   804  2391 I LocSvc_ApiV02: <--- globalEventCb line 115 QMI_LOC_EVENT_NMEA_IND_V02
07-13 12:12:00.382  2004  2042 D ActivityTrigger: ActivityTrigger activityStopTrigger 
07-13 12:12:00.505 15306 15306 I StreamRenderer: cleanUpRendererScope(nowcards--7242399411941599597)
07-13 12:12:00.516 15306  1168 I PBSessionCacheImpl: Deleted sessionId[977387308424] from persistence.
07-13 12:12:00.523 15306 15306 W SearchServiceCore: Abort, client detached.
07-13 12:12:00.525 15306 15306 I StreamController: cleanUpControllerScope(nowcards--7242399411941599597)
07-13 12:12:00.532  2004 18209 I WifiService: getWifiEnabledState uid=10039
07-13 12:12:00.701  2004  2042 D CompatibilityInfo: mCompatibilityFlags - 0
07-13 12:12:00.701  2004  2042 D CompatibilityInfo: applicationDensity - 480
07-13 12:12:00.701  2004  2042 D CompatibilityInfo: applicationScale - 1.0
07-13 12:12:00.704  2004 18208 D CompatibilityInfo: mCompatibilityFlags - 0
07-13 12:12:00.704  2004 18208 D CompatibilityInfo: applicationDensity - 480
07-13 12:12:00.704  2004 18208 D CompatibilityInfo: applicationScale - 1.0
07-13 12:12:00.915  1172  1172 W ADebug  : Failed to get property persist.sys.media.traces
07-13 12:12:00.933  1172  1172 D AndroidRuntime: >>>>>> START com.android.internal.os.RuntimeInit uid 2000 <<<<<<
07-13 12:12:01.053  1172  1172 I app_process: The ClassLoaderContext is a special shared library.
07-13 12:12:01.090  1172  1172 D AndroidRuntime: Calling main entry com.android.commands.input.Input
07-13 12:12:01.095  1172  1172 I Input   : injectMotionEvent: MotionEvent { action=ACTION_DOWN, actionButton=0, id[0]=0, x[0]=696.0, y[0]=222.0, toolType[0]=TOOL_TYPE_UNKNOWN, buttonState=0, metaState=0, flags=0x0, edgeFlags=0x0, pointerCount=1, historySize=0, eventTime=18164974, downTime=18164974, deviceId=4, source=0x1002 }
07-13 12:12:01.096  1172  1172 I Input   : injectMotionEvent: MotionEvent { action=ACTION_UP, actionButton=0, id[0]=0, x[0]=696.0, y[0]=222.0, toolType[0]=TOOL_TYPE_UNKNOWN, buttonState=0, metaState=0, flags=0x0, edgeFlags=0x0, pointerCount=1, historySize=0, eventTime=18164974, downTime=18164974, deviceId=4, source=0x1002 }
07-13 12:12:01.098  1172  1172 D AndroidRuntime: Shutting down VM
07-13 12:12:01.105   807   839 E ANDR-PERF-OPTSHANDLER: perf_lock_rel: updated /sys/class/mmc_host/mmc0/clk_scaling/enable with 1
07-13 12:12:01.105   807   839 E ANDR-PERF-OPTSHANDLER:  return value 2
07-13 12:12:01.116  1336  2739 I AudioPolicyManagerCustom: FLAG None hence request for a primary output
07-13 12:12:01.117  2004 18208 I ActivityManager: START u0 {cmp=com.android.settings/.search.SearchActivity} from uid 1000
07-13 12:12:01.116  1336  2739 I AudioPolicyManagerCustom: FLAG None hence request for a primary output
07-13 12:12:01.118   784  6848 D audio_hw_primary: start_output_stream: enter: stream(0xeb3dd000)usecase(12: audio-ull-playback) devices(0x2)
07-13 12:12:01.119   784  6848 D audio_hw_primary: select_devices for use case (audio-ull-playback)
07-13 12:12:01.120   784  6848 D audio_hw_primary: select_devices: out_snd_device(2: speaker) in_snd_device(0: )
07-13 12:12:01.120   784  6848 I msm8916_platform: platform_check_and_set_codec_backend_cfg:becf: afe: bitwidth 16, samplerate 48000 channels 2, backend_idx 0 usecase = 12 device (speaker)
07-13 12:12:01.120   784  6848 D msm8916_platform: platform_split_snd_device: snd_device(2) num devices(1) new_snd_devices(0)
07-13 12:12:01.120   784  6848 I msm8916_platform: platform_check_and_set_codec_backend_cfg: becf: new_snd_devices[0] is speaker
07-13 12:12:01.120   784  6848 I msm8916_platform: platform_check_codec_backend_cfg:becf: afe: Codec selected backend: 0 current bit width: 16 sample rate: 48000 channels: 2 usecase 12 device (speaker)
07-13 12:12:01.120   784  6848 D msm8916_platform: platform_check_codec_backend_cfg:becf: afe: playback on codec device not supporting native playback set default Sample Rate(48k)
07-13 12:12:01.120   784  6848 I msm8916_platform: platform_check_codec_backend_cfg:becf: afe: Codec selected backend: 0 updated bit width: 16 sample rate: 48000 channels: 2
07-13 12:12:01.120   784  6848 D audio_hw_primary: check_usecases_codec_backend:becf: force routing 0
07-13 12:12:01.120   784  6848 E msm8916_platform: platform_check_backends_match: Invalid snd_device = 
07-13 12:12:01.120   784  6848 D audio_hw_primary: check_usecases_codec_backend:becf: (59) check_usecases curr device: speaker, usecase device: backends match 0
07-13 12:12:01.120   784  6848 D audio_hw_primary: check_usecases_codec_backend:becf: check_usecases num.of Usecases to switch 0
07-13 12:12:01.120   784  6848 D hardware_info: hw_info_append_hw_type : device_name = speaker
07-13 12:12:01.120   784  6848 D msm8916_platform: platform_split_snd_device: snd_device(2) num devices(0) new_snd_devices(0)
07-13 12:12:01.120   784  6848 D audio_hw_primary: enable_snd_device: snd_device(2: speaker)
07-13 12:12:01.120   784  6848 D audio_route: Apply path: speaker
07-13 12:12:01.120   784  6848 D audio_hw_primary: audio_is_true_native_stream_active:napb: (0) (audio-ull-playback)id (12) sr 48000 bw (16) device speaker
07-13 12:12:01.120   784  6848 V audio_hw_primary: enable_audio_route: enter: usecase(12)
07-13 12:12:01.120   784  6848 D audio_hw_utils: audio_extn_utils_send_app_type_cfg: usecase->out_snd_device speaker
07-13 12:12:01.120   784  6848 D msm8916_platform: platform_split_snd_device: snd_device(2) num devices(0) new_snd_devices(0)
07-13 12:12:01.120   784  6848 I audio_hw_utils: ULL doesnt need sending app type cfg, returning
07-13 12:12:01.120   784  6848 D msm8916_platform: platform_split_snd_device: snd_device(2) num devices(1) new_snd_devices(0)
07-13 12:12:01.120   784  6848 D ACDB-LOADER: ACDB -> send_audio_cal, acdb_id = 15, path = 0, app id = 0x11131, sample rate = 48000
07-13 12:12:01.120   784  6848 D ACDB-LOADER: ACDB -> send_asm_topology
07-13 12:12:01.120   784  6848 D ACDB-LOADER: ACDB -> ACDB_CMD_GET_AUDPROC_STREAM_TOPOLOGY_ID
07-13 12:12:01.120   784  6848 D ACDB-LOADER: ACDB -> send_adm_topology
07-13 12:12:01.120   784  6848 D ACDB-LOADER: ACDB -> ACDB_CMD_GET_AUDPROC_COMMON_TOPOLOGY_ID
07-13 12:12:01.120   784  6848 D ACDB-LOADER: ACDB -> send_audtable
07-13 12:12:01.120   784  6848 D ACDB-LOADER: ACDB -> ACDB_CMD_GET_AUDPROC_COMMON_TABLE_SIZE
07-13 12:12:01.120   784  6848 D ACDB-LOADER: ACDB -> ACDB_CMD_GET_AUDPROC_COMMON_TABLE
07-13 12:12:01.120   784  6848 D ACDB-LOADER: ACDB -> AUDIO_SET_AUDPROC_CAL
07-13 12:12:01.120   784  6848 D ACDB-LOADER: ACDB -> send_audvoltable
07-13 12:12:01.120   784  6848 D ACDB-LOADER: ACDB -> ACDB_CMD_GET_AUDPROC_VOL_STEP_TABLE_SIZE
07-13 12:12:01.120   784  6848 D ACDB-LOADER: ACDB -> ACDB_CMD_GET_AUDPROC_GAIN_DEP_STEP_TABLE, vol index 0
07-13 12:12:01.120   784  6848 D ACDB-LOADER: ACDB -> AUDIO_SET_VOL_CAL cal type = 12
07-13 12:12:01.120   784  6848 D ACDB-LOADER: ACDB -> ACDB_CMD_GET_AUDPROC_STREAM_TABLE_SIZE
07-13 12:12:01.120   784  6848 D ACDB-LOADER: ACDB -> send_audstrmtable
07-13 12:12:01.120   784  6848 D ACDB-LOADER: ACDB -> ACDB_CMD_GET_AUDPROC_STREAM_TABLE_V2
07-13 12:12:01.120   784  6848 D ACDB-LOADER: ACDB -> audstrm_cal->cal_type.cal_data.cal_size = 16
07-13 12:12:01.120   784  6848 D ACDB-LOADER: ACDB -> send_afe_topology
07-13 12:12:01.120   784  6848 D ACDB-LOADER: ACDB -> ACDB_CMD_GET_AFE_TOPOLOGY_ID
07-13 12:12:01.120   784  6848 D ACDB-LOADER: ACDB -> GET_AFE_TOPOLOGY_ID for adcd_id 15, Topology Id 1025e
07-13 12:12:01.120   784  6848 D ACDB-LOADER: ACDB -> send_afe_cal
07-13 12:12:01.120   784  6848 D ACDB-LOADER: ACDB -> ACDB_CMD_GET_AFE_COMMON_TABLE_SIZE
07-13 12:12:01.120   784  6848 D ACDB-LOADER: ACDB -> ACDB_CMD_GET_AFE_COMMON_TABLE
07-13 12:12:01.120   784  6848 D ACDB-LOADER: ACDB -> AUDIO_SET_AFE_CAL
07-13 12:12:01.120   784  6848 D ACDB-LOADER: ACDB -> send_hw_delay : acdb_id = 15 path = 0
07-13 12:12:01.120   784  6848 D ACDB-LOADER: ACDB -> ACDB_AVSYNC_INFO: ACDB_CMD_GET_DEVICE_PROPERTY
07-13 12:12:01.120   784  6848 D audio_hw_primary: enable_audio_route: apply mixer and update path: audio-ull-playback speaker
07-13 12:12:01.120   784  6848 D audio_route: Apply path: audio-ull-playback speaker
07-13 12:12:01.121   784  6848 V audio_hw_primary: enable_audio_route: exit
07-13 12:12:01.121   784  6848 D audio_hw_primary: select_devices: done
07-13 12:12:01.122   784  6848 V audio_hw_primary: start_output_stream: Opening PCM device card_id(0) device_id(17) format(0)
07-13 12:12:01.122  2004 18208 D ActivityTrigger: activityStartTrigger: Activity is Triggerred in full screen ApplicationInfo{68de9 com.android.settings}
07-13 12:12:01.122  2004 18208 E ActivityTrigger: activityStartTrigger: not whiteListedcom.android.settings/com.android.settings.search.SearchActivity/27
07-13 12:12:01.122  2004 18208 D CompatibilityInfo: mCompatibilityFlags - 0
07-13 12:12:01.122  2004 18208 D CompatibilityInfo: applicationDensity - 480
07-13 12:12:01.122  2004 18208 D CompatibilityInfo: applicationScale - 1.0
07-13 12:12:01.122  2004 18208 D ActivityTrigger: activityResumeTrigger: The activity in ApplicationInfo{68de9 com.android.settings} is now in focus and seems to be in full-screen mode
07-13 12:12:01.122  2004 18208 E ActivityTrigger: activityResumeTrigger: not whiteListedcom.android.settings/com.android.settings.search.SearchActivity/27
07-13 12:12:01.122  2004 18208 D ActivityTrigger: ActivityTrigger activityPauseTrigger 
07-13 12:12:01.140  2004 18203 D ActivityTrigger: activityResumeTrigger: The activity in ApplicationInfo{68de9 com.android.settings} is now in focus and seems to be in full-screen mode
07-13 12:12:01.140  2004 18203 E ActivityTrigger: activityResumeTrigger: not whiteListedcom.android.settings/com.android.settings.search.SearchActivity/27
07-13 12:12:01.141  2004 18203 D CompatibilityInfo: mCompatibilityFlags - 0
07-13 12:12:01.142  2004 18203 D CompatibilityInfo: applicationDensity - 480
07-13 12:12:01.142  2004 18203 D CompatibilityInfo: applicationScale - 1.0
07-13 12:12:01.164   784  6848 V audio_hw_primary: start_output_stream: pcm_prepare
07-13 12:12:01.169  1132  1132 I zygote64: Deoptimizing int android.support.v7.widget.RecyclerView$5.getChildCount() due to JIT inline cache
07-13 12:12:01.172  1132  1132 I zygote64: Deoptimizing int android.support.v7.widget.ChildHelper.getChildCount() due to JIT inline cache
07-13 12:12:01.174 17396 27291 D CellBroadcastSettings: subId: 1
07-13 12:12:01.175 17396 27291 D CellBroadcastSettings: value: true
07-13 12:12:01.179  1132  1132 D DashboardSummary: Stopped listening for condition changes
07-13 12:12:01.219  1132  1160 D SettingsSearchProvider: SearchIndexableResource 'com.android.settings.notification.ZenModeSettings' should implement the com.android.settings.search.Indexable interface!
07-13 12:12:01.228  1132  1160 D SettingsSearchProvider: SearchIndexableResource 'com.android.settings.fuelgauge.BatterySaverSettings' should implement the com.android.settings.search.Indexable interface!
07-13 12:12:01.229  1132  1160 D SettingsSearchProvider: SearchIndexableResource 'com.android.settings.notification.ZenModeVisualInterruptionSettings' should implement the com.android.settings.search.Indexable interface!
07-13 12:12:01.230  1132  1160 D SettingsSearchProvider: SearchIndexableResource 'com.android.settings.location.ScanningSettings' should implement the com.android.settings.search.Indexable interface!
07-13 12:12:01.233  1132  1160 D SettingsSearchProvider: SearchIndexableResource 'com.android.settings.notification.ZenModePrioritySettings' should implement the com.android.settings.search.Indexable interface!
07-13 12:12:01.239  2301  2301 I GoogleInputMethod: onFinishInput() : Dummy InputConnection bound
07-13 12:12:01.240  1132  1160 V SettingsSearchProvider: com.android.settings.security.LockscreenDashboardFragment tried to add an empty non-indexable key
07-13 12:12:01.243  2004  2056 I ActivityManager: Displayed com.android.settings/.search.SearchActivity: +93ms
07-13 12:12:01.243   645   645 W /system/bin/hwservicemanager: getTransport: Cannot find entry vendor.qti.hardware.iop@1.0::IIop/default in either framework or device manifest.
07-13 12:12:01.243  2004  2056 E ANDR-PERF-JNI: Iop tryGetService failed
07-13 12:12:01.245   784  6848 D msm8916_platform: platform_set_channel_map mixer_ctl_name:Playback Channel Map17
07-13 12:12:01.246   784  6848 D msm8916_platform: platform_set_channel_map: set mapping(1 2 0 0 0 0 0 0) for channel:2
07-13 12:12:01.247  1132  1132 V View    : dispatchProvideAutofillStructure(): not laid out, ignoring 3 children of 1073741835
07-13 12:12:01.249   804  2391 I LocSvc_ApiV02: <--- globalEventCb line 115 QMI_LOC_EVENT_NMEA_IND_V02
07-13 12:12:01.249   804  2391 I LocSvc_ApiV02: <--- globalEventCb line 115 QMI_LOC_EVENT_NMEA_IND_V02
07-13 12:12:01.250   804  2391 I LocSvc_ApiV02: <--- globalEventCb line 115 QMI_LOC_EVENT_GNSS_SV_INFO_IND_V02
07-13 12:12:01.250   804  2391 I LocSvc_ApiV02: <--- globalEventCb line 115 QMI_LOC_EVENT_POSITION_REPORT_IND_V02
07-13 12:12:01.250   804  2391 I LocSvc_ApiV02: <--- globalEventCb line 115 QMI_LOC_EVENT_NMEA_IND_V02
07-13 12:12:01.250   804  2391 I chatty  : uid=1021(gps) Loc_hal identical 1 line
07-13 12:12:01.250   804  2391 I LocSvc_ApiV02: <--- globalEventCb line 115 QMI_LOC_EVENT_NMEA_IND_V02
07-13 12:12:01.251   804  3291 I LocSvc_libulp: ulp_brain_process_gnss_sv_report, gnss sv report cnt = 2007, gnss pos report cnt = 0,strong sv cnt = 0
07-13 12:12:01.251   804  3291 I LocSvc_libulp: ulp_brain_process_gnss_position_report, transition provider returned = 0
07-13 12:12:01.251   804  3291 I LocSvc_libulp: ulp_brain_process_gnss_position_report, report GNSS position/status to hybrid fix requests = 0
07-13 12:12:01.253   784  6848 D audio_hw_primary: start_output_stream: exit
07-13 12:12:01.253   784  6848 W qc_adm  : margin check: adm_request_focus_v2(p) failed diff -48
07-13 12:12:01.253   784  6848 W qc_adm  : margin check: adm_abandon_focus(p) failed diff -48
07-13 12:12:01.256  2912 32704 W ctxmgr  : [AclManager]No 2 for (accnt=account#-517948760#, com.google.android.gms(10015):IndoorOutdoorProducer, vrsn=12689000, 0, 3pPkg = null ,  3pMdlId = null ,  pid = 2912). Was: 3 for 57, account#-517948760#
07-13 12:12:01.256   804  2387 E IzatSvc_PassiveLocListener: Exiting with error onLocationChanged line 152 "1"
07-13 12:12:01.261  2004 18208 W Binder  : Outgoing transactions from this process must be FLAG_ONEWAY
07-13 12:12:01.261  2004 18208 W Binder  : java.lang.Throwable
07-13 12:12:01.261  2004 18208 W Binder  : 	at android.os.BinderProxy.transact(Binder.java:752)
07-13 12:12:01.261  2004 18208 W Binder  : 	at android.app.assist.AssistStructure$ParcelTransferReader.fetchData(AssistStructure.java:407)
07-13 12:12:01.261  2004 18208 W Binder  : 	at android.app.assist.AssistStructure$ParcelTransferReader.go(AssistStructure.java:343)
07-13 12:12:01.261  2004 18208 W Binder  : 	at android.app.assist.AssistStructure.ensureData(AssistStructure.java:2110)
07-13 12:12:01.261  2004 18208 W Binder  : 	at com.android.server.autofill.Session$1.send(Session.java:227)
07-13 12:12:01.261  2004 18208 W Binder  : 	at com.android.server.am.ActivityManagerService.reportAssistContextExtras(ActivityManagerService.java:13444)
07-13 12:12:01.261  2004 18208 W Binder  : 	at android.app.IActivityManager$Stub.onTransact(IActivityManager.java:2472)
07-13 12:12:01.261  2004 18208 W Binder  : 	at com.android.server.am.ActivityManagerService.onTransact(ActivityManagerService.java:2971)
07-13 12:12:01.261  2004 18208 W Binder  : 	at android.os.Binder.execTransact(Binder.java:697)
07-13 12:12:01.261  1132  1132 I AssistStructure: Flattened final assist data: 3324 bytes, containing 1 windows, 14 views
07-13 12:12:01.265  2004  2054 D CompatibilityInfo: mCompatibilityFlags - 10
07-13 12:12:01.265  2004  2054 D CompatibilityInfo: applicationDensity - 480
07-13 12:12:01.265  2004  2054 D CompatibilityInfo: applicationScale - 1.0
07-13 12:12:01.275  1132  1161 D OpenGLRenderer: endAllActiveAnimators on 0x72803a2400 (RippleDrawable) with handle 0x728dfeca40
07-13 12:12:01.278  2004 18209 I AssistStructure: Flattened final assist data: 3216 bytes, containing 1 windows, 14 views
07-13 12:12:01.282  2301  2301 I LatinIme: onActivate() : EditorInfo = Package = com.android.settings : Type = Text : Learning = Disable : Suggestion = Hide : AutoCorrection = Disable : Microphone = Show : Incognito = Disable
07-13 12:12:01.283  2301  2301 I LatinIme: isMonolingualEnUs(): false. enable_autospace_after_punctuation_setting: true. pref_key_enable_autospace_after_punctuation: false. EditorInfoUtil.shouldEnableAutoCorrection(editorInfo): false.
07-13 12:12:01.283  1336  2739 I AudioPolicyManagerCustom: setting force DEEP buffer now 
07-13 12:12:01.284  2301  2301 I InputContext: input context reset success: true error: 0 input_state_id 981
07-13 12:12:01.284   784  1938 V audio_hw_primary: out_get_latency: Latency 8
07-13 12:12:01.284  1336  2739 I AudioPolicyManagerCustom: setting force DEEP buffer now 
07-13 12:12:01.285   784  7154 V audio_hw_primary: out_get_latency: Latency 80
07-13 12:12:01.285   784  1938 V audio_hw_primary: out_get_latency: Latency 64
07-13 12:12:01.285  1336  1336 I AudioPolicyManagerCustom: setting force DEEP buffer now 
07-13 12:12:01.286  2301  2301 W VoiceImeTranscriptor: UIME feature enabled: true
07-13 12:12:01.286  1336  1336 D AudioPolicyManagerCustom: Force Direct Flag .. old flags(0x0)
07-13 12:12:01.286  1336  1336 D AudioPolicyManagerCustom: non offloadable effect is enabled, try with non direct output
07-13 12:12:01.286  1336  1336 I AudioPolicyManagerCustom: setting force DEEP buffer now 
07-13 12:12:01.287  2004  2043 D AutofillUI: destroySaveUiUiThread(): already destroyed
07-13 12:12:01.287   784  1938 V audio_hw_primary: out_get_parameters: deep-buffer-playback enter: keys - is_direct_pcm_track
07-13 12:12:01.287   784  1938 D compress_voip: voice_extn_compress_voip_out_get_parameters: enter
07-13 12:12:01.287   784  1938 V audio_hw_primary: not in direct_pcm
07-13 12:12:01.287   784  1938 V audio_hw_primary: out_get_parameters: exit: returns - is_direct_pcm_track=false
07-13 12:12:01.290  2301  2301 I LatinMotionHandler: consumeEvent() : GestureTypingEnabled = true
07-13 12:12:01.291  2301  2301 I EmojiDataExtension: onActivate() : Locale = en_IN
07-13 12:12:01.291  2301  2301 I EmojiSuperpacksFeature: Emoji superpacks enabled
07-13 12:12:01.291  2301  2301 I FeatureCardNotice: Feature card notice not shown: no cards to display
07-13 12:12:01.291  2301  2301 I Conv2QueryExtension: isEnabled() : true
07-13 12:12:01.291  2301  2384 I PrimesMetrics: Ignore memory metric of com.google.android.apps.inputmethod.libs.search.nativecard.FeatureCardNoticeExtension.
07-13 12:12:01.291  2301  2301 I Conv2QueryExtension: Current locale: en_IN, config allows these locales: de,en,fr,it,es,pt
07-13 12:12:01.291  2301  2384 I PrimesMetrics: Ignore memory metric of com.google.android.apps.inputmethod.libs.pill.PillExtension.
07-13 12:12:01.292  2301  2301 I Conv2QueryExtension: Conv2Query not enabled due to current app [com.android.settings] not in whitelist
07-13 12:12:01.292  2301  2301 W Conv2QueryExtension: onActivate() : Disabled by unsupported host app
07-13 12:12:01.292  2301  2301 I GifEntryExtension: onActivate()
07-13 12:12:01.292  2301  2301 I DevFeatureConfig: Gif candidate disabled by Phenotype
07-13 12:12:01.292  2301  2384 I PrimesMetrics: Ignore memory metric of com.google.android.apps.inputmethod.libs.search.gif.GifEntryPointCandidateExtension.
07-13 12:12:01.292  2301  2301 W VoiceImeTranscriptor: UIME feature enabled: true
07-13 12:12:01.292  2301  2301 I VoiceImeExtension: Voice Extension onStartInputView() Mic status = [MicIconAvailable]
07-13 12:12:01.293  1132  1160 W AudioTrack: Use of stream types is deprecated for operations other than volume control
07-13 12:12:01.293  1132  1160 W AudioTrack: See the documentation of AudioTrack() for what to use instead with android.media.AudioAttributes to qualify your playback use case
07-13 12:12:01.297   784  1938 V audio_hw_primary: out_get_latency: Latency 10
07-13 12:12:01.300   783   783 W /system/bin/hw/android.hidl.allocator@1.0-service: ashmem_create_region(7680) returning hidl_memory(0x75f7e2b460, 7680)
07-13 12:12:01.301   783   783 W /system/bin/hw/android.hidl.allocator@1.0-service: ashmem_create_region(7680) returning hidl_memory(0x75f7e2b460, 7680)
07-13 12:12:01.302   784  1938 I DlbDlbEffect: create(uuid=9D4921DA-8225-4F29-AEFA-39537A04BCAA, sessionId=1873, ioId=29, pHandle=0xea39743c)
07-13 12:12:01.302   784  1938 I DlbEffectDap: EffectDapFactory()
07-13 12:12:01.302   784  1938 I DlbDap2Process: Dap2Process()
07-13 12:12:01.302   784  1938 D DlbDlbBufferProvider: DlbBufferProvider()
07-13 12:12:01.302   784  1938 D DlbDlbBufferProvider: DlbBufferProvider()
07-13 12:12:01.302   784  1938 D DlbDapBufferAdapter: DapBufferAdapter()
07-13 12:12:01.302   784  1938 D DlbDlbBufferProvider: DlbBufferProvider()
07-13 12:12:01.302   784  1938 D DlbDapCrossfadeProcess: CrossfadeProcess()
07-13 12:12:01.302   784  1938 D DlbDapEndpointParamCache: EndpointParamCache()
07-13 12:12:01.302   784  1938 D DlbEffectDap: EffectDap()
07-13 12:12:01.302   784  1938 I DlbEffectContext: EffectContext()
07-13 12:12:01.302   784  1938 I DlbDlbEffect: create() Created effect DAP FULL
07-13 12:12:01.302   784  1938 D DlbDlbEffect: effectGetDescriptor(handle=0xebdd90e0)
07-13 12:12:01.303   784  1938 D DlbDlbEffect: handle_EFFECT_CMD_INIT()
07-13 12:12:01.303   784  1938 D DlbDapCrossfadeProcess: init()
07-13 12:12:01.303   784  1938 D DlbDapBufferAdapter: init()
07-13 12:12:01.303   784  1938 I DlbDap2Process: init()
07-13 12:12:01.303   784  1938 I DlbDap2Process: open()
07-13 12:12:01.303   784  1938 I DlbDap2Process: loadLicense() no license check!
07-13 12:12:01.303   784  1938 I DlbDap2Process: validateLicense() no license check!
07-13 12:12:01.303   784  1938 I DlbDap2Process: init() DAP opened
07-13 12:12:01.303   784  1938 I DlbDap2Process: DAP library version: 2.5.1-P2.0
07-13 12:12:01.303   784  1938 D DlbDap2Process: DAP output mode set to 1 with 2 output channels and null mix matrix.
07-13 12:12:01.304   784  1938 D DlbDlbEffect: handle_EFFECT_CMD_SET_CONFIG()
07-13 12:12:01.304   784  1938 I DlbDap2Process: close()
07-13 12:12:01.304   784  1938 I DlbDap2Process: init()
07-13 12:12:01.304   784  1938 I DlbDap2Process: open()
07-13 12:12:01.305   784  1938 I DlbDap2Process: loadLicense() no license check!
07-13 12:12:01.305   784  1938 I DlbDap2Process: validateLicense() no license check!
07-13 12:12:01.305   784  1938 I DlbDap2Process: init() DAP opened
07-13 12:12:01.305   784  1938 I DlbDap2Process: DAP library version: 2.5.1-P2.0
07-13 12:12:01.305   784  1938 D DlbDap2Process: DAP output mode set to 1 with 2 output channels and null mix matrix.
07-13 12:12:01.305   784  1938 I DlbDapBufferAdapter: configure()sampleRate = 48000
07-13 12:12:01.305   784  1938 D DlbDlbBufferProvider: setConfig() Updating buffer configuration.
07-13 12:12:01.305   784  1938 D DlbDlbBufferProvider: configure() Allocating new memory for the buffer.
07-13 12:12:01.305   784  1938 D DlbDlbBufferProvider: setConfig() Updating buffer configuration.
07-13 12:12:01.305   784  1938 D DlbDlbBufferProvider: configure() Allocating new memory for the buffer.
07-13 12:12:01.305   784  1938 D DlbDlbBufferProvider: setConfig() Updating buffer configuration.
07-13 12:12:01.305   784  1938 D DlbDapEndpointParamCache: commitAllParams()
07-13 12:12:01.305   784  1938 D DlbDlbBufferProvider: setConfig() Updating buffer configuration.
07-13 12:12:01.305   784  1938 D DlbDlbBufferProvider: setConfig() Updating buffer configuration.
07-13 12:12:01.311  2301  2301 I FeaturePermissions: onSharedPreferenceChanged() : Key = latest_activation_time : Feature = null
07-13 12:12:01.324  1132  1160 D SettingsSearchProvider: SearchIndexableResource 'com.android.settings.location.LocationSettings' should implement the com.android.settings.search.Indexable interface!
07-13 12:12:01.332   804  2391 I LocSvc_ApiV02: <--- globalEventCb line 115 QMI_LOC_EVENT_NMEA_IND_V02
07-13 12:12:01.334  2004 18203 D CryptdConnector: SND -> {67 cryptfs getpwtype}
07-13 12:12:01.335   664   668 D VoldCryptCmdListener: cryptfs getpwtype
07-13 12:12:01.336  2004  2184 D CryptdConnector: RCV <- {213 67 default}
07-13 12:12:01.335   804  2391 I LocSvc_ApiV02: <--- globalEventCb line 115 QMI_LOC_EVENT_NMEA_IND_V02
07-13 12:12:01.365  1132  1160 D BaseSearchIndex: com.android.settings.display.TapToSleepPreferenceController must implement com.android.settings.core.PreferenceControllerMixin
07-13 12:12:01.373  1132  1160 V SettingsSearchProvider: com.android.settings.notification.ConfigureNotificationSettings tried to add an empty non-indexable key
07-13 12:12:01.397   784  1938 V audio_hw_primary: out_get_latency: Latency 10
07-13 12:12:01.417   784  1938 V audio_hw_primary: out_get_latency: Latency 10
07-13 12:12:01.421  1132  1160 I IndexDatabaseHelper: Using schema version: 117
07-13 12:12:01.422  1132  1160 I IndexDatabaseHelper: Index is fine
07-13 12:12:01.452  1132  1132 I zygote64: Deoptimizing int android.support.v7.widget.ChildHelper.getOffset(int) due to JIT inline cache
07-13 12:12:01.452  1132  1132 I zygote64: Deoptimizing android.view.View android.support.v7.widget.RecyclerView$5.getChildAt(int) due to JIT inline cache
07-13 12:12:01.464  1132  1138 I zygote64: Do partial code cache collection, code=27KB, data=28KB
07-13 12:12:01.465  1132  1138 I zygote64: After code cache collection, code=25KB, data=27KB
07-13 12:12:01.465  1132  1138 I zygote64: Increasing code cache capacity to 128KB
07-13 12:12:01.544  1186  1186 W ADebug  : Failed to get property persist.sys.media.traces
07-13 12:12:01.562  1186  1186 D AndroidRuntime: >>>>>> START com.android.internal.os.RuntimeInit uid 2000 <<<<<<
07-13 12:12:01.636  2004  2042 D ActivityTrigger: ActivityTrigger activityStopTrigger 
07-13 12:12:01.637  1322  1355 D         : DpmQmiMgr areAllIfaceActive 
07-13 12:12:01.681  1186  1186 I app_process: The ClassLoaderContext is a special shared library.
07-13 12:12:01.720  1186  1186 D AndroidRuntime: Calling main entry com.android.commands.input.Input
07-13 12:12:01.722  1186  1186 I Input   : injectKeyEvent: KeyEvent { action=ACTION_DOWN, keyCode=KEYCODE_U, scanCode=0, metaState=0, flags=0x0, repeatCount=0, eventTime=18165605, downTime=18165605, deviceId=-1, source=0x101 }
07-13 12:12:01.733  1186  1186 I Input   : injectKeyEvent: KeyEvent { action=ACTION_UP, keyCode=KEYCODE_U, scanCode=0, metaState=0, flags=0x0, repeatCount=0, eventTime=18165605, downTime=18165605, deviceId=-1, source=0x101 }
07-13 12:12:01.741  1186  1186 I Input   : injectKeyEvent: KeyEvent { action=ACTION_DOWN, keyCode=KEYCODE_S, scanCode=0, metaState=0, flags=0x0, repeatCount=0, eventTime=18165605, downTime=18165605, deviceId=-1, source=0x101 }
07-13 12:12:01.767  1186  1186 I Input   : injectKeyEvent: KeyEvent { action=ACTION_UP, keyCode=KEYCODE_S, scanCode=0, metaState=0, flags=0x0, repeatCount=0, eventTime=18165605, downTime=18165605, deviceId=-1, source=0x101 }
07-13 12:12:01.773  1186  1186 I Input   : injectKeyEvent: KeyEvent { action=ACTION_DOWN, keyCode=KEYCODE_E, scanCode=0, metaState=0, flags=0x0, repeatCount=0, eventTime=18165605, downTime=18165605, deviceId=-1, source=0x101 }
07-13 12:12:01.787  1186  1186 I Input   : injectKeyEvent: KeyEvent { action=ACTION_UP, keyCode=KEYCODE_E, scanCode=0, metaState=0, flags=0x0, repeatCount=0, eventTime=18165605, downTime=18165605, deviceId=-1, source=0x101 }
07-13 12:12:01.794  1186  1186 I Input   : injectKeyEvent: KeyEvent { action=ACTION_DOWN, keyCode=KEYCODE_R, scanCode=0, metaState=0, flags=0x0, repeatCount=0, eventTime=18165605, downTime=18165605, deviceId=-1, source=0x101 }
07-13 12:12:01.821  1186  1186 I Input   : injectKeyEvent: KeyEvent { action=ACTION_UP, keyCode=KEYCODE_R, scanCode=0, metaState=0, flags=0x0, repeatCount=0, eventTime=18165605, downTime=18165605, deviceId=-1, source=0x101 }
07-13 12:12:01.823  1186  1186 I Input   : injectKeyEvent: KeyEvent { action=ACTION_DOWN, keyCode=KEYCODE_S, scanCode=0, metaState=0, flags=0x0, repeatCount=0, eventTime=18165605, downTime=18165605, deviceId=-1, source=0x101 }
07-13 12:12:01.831  1186  1186 I Input   : injectKeyEvent: KeyEvent { action=ACTION_UP, keyCode=KEYCODE_S, scanCode=0, metaState=0, flags=0x0, repeatCount=0, eventTime=18165605, downTime=18165605, deviceId=-1, source=0x101 }
07-13 12:12:01.845  1186  1186 D AndroidRuntime: Shutting down VM
07-13 12:12:02.183  1132  1138 I zygote64: Do partial code cache collection, code=58KB, data=47KB
07-13 12:12:02.183  1132  1138 I zygote64: After code cache collection, code=57KB, data=47KB
07-13 12:12:02.183  1132  1138 I zygote64: Increasing code cache capacity to 256KB
07-13 12:12:02.249   804  2391 I LocSvc_ApiV02: <--- globalEventCb line 115 QMI_LOC_EVENT_NMEA_IND_V02
07-13 12:12:02.249   804  2391 I LocSvc_ApiV02: <--- globalEventCb line 115 QMI_LOC_EVENT_NMEA_IND_V02
07-13 12:12:02.250   804  2391 I LocSvc_ApiV02: <--- globalEventCb line 115 QMI_LOC_EVENT_GNSS_SV_INFO_IND_V02
07-13 12:12:02.250   804  2391 I LocSvc_ApiV02: <--- globalEventCb line 115 QMI_LOC_EVENT_POSITION_REPORT_IND_V02
07-13 12:12:02.250   804  2391 I LocSvc_ApiV02: <--- globalEventCb line 115 QMI_LOC_EVENT_NMEA_IND_V02
07-13 12:12:02.250   804  3291 I LocSvc_libulp: ulp_brain_process_gnss_sv_report, gnss sv report cnt = 2008, gnss pos report cnt = 0,strong sv cnt = 0
07-13 12:12:02.250   804  2391 I LocSvc_ApiV02: <--- globalEventCb line 115 QMI_LOC_EVENT_NMEA_IND_V02
07-13 12:12:02.251   804  2391 I LocSvc_ApiV02: <--- globalEventCb line 115 QMI_LOC_EVENT_NMEA_IND_V02
07-13 12:12:02.251   804  3291 I LocSvc_libulp: ulp_brain_process_gnss_position_report, transition provider returned = 0
07-13 12:12:02.251   804  3291 I LocSvc_libulp: ulp_brain_process_gnss_position_report, report GNSS position/status to hybrid fix requests = 0
07-13 12:12:02.259   804  2387 E IzatSvc_PassiveLocListener: Exiting with error onLocationChanged line 152 "1"
07-13 12:12:02.332   804  2391 I LocSvc_ApiV02: <--- globalEventCb line 115 QMI_LOC_EVENT_NMEA_IND_V02
07-13 12:12:02.334   804  2391 I LocSvc_ApiV02: <--- globalEventCb line 115 QMI_LOC_EVENT_NMEA_IND_V02
07-13 12:12:02.341  1202  1202 W ADebug  : Failed to get property persist.sys.media.traces
07-13 12:12:02.359  1202  1202 D AndroidRuntime: >>>>>> START com.android.internal.os.RuntimeInit uid 2000 <<<<<<
07-13 12:12:02.480  1202  1202 I app_process: The ClassLoaderContext is a special shared library.
07-13 12:12:02.519  1202  1202 D AndroidRuntime: Calling main entry com.android.commands.input.Input
07-13 12:12:02.519  1202  1202 I Input   : injectKeyEvent: KeyEvent { action=ACTION_DOWN, keyCode=KEYCODE_ENTER, scanCode=0, metaState=0, flags=0x0, repeatCount=0, eventTime=18166402, downTime=18166402, deviceId=-1, source=0x101 }
07-13 12:12:02.527  2301  2301 I GoogleInputMethodImpl: hideSoftInput() : flags = 0
07-13 12:12:02.529  2301  2301 I PhenotypeExpConfig: refreshConfiguration() : Force = false : UpdateAvailable = false : Age = 204 minutes : MaxAge = 720 minutes
07-13 12:12:02.531  2301  2301 I LatinIme: abortComposing()
07-13 12:12:02.532  1202  1202 I Input   : injectKeyEvent: KeyEvent { action=ACTION_UP, keyCode=KEYCODE_ENTER, scanCode=0, metaState=0, flags=0x0, repeatCount=0, eventTime=18166402, downTime=18166402, deviceId=-1, source=0x101 }
07-13 12:12:02.534  2301  2301 I Delight5Decoder: abortComposing() : input state id = 992
07-13 12:12:02.535  2301  2301 I LatinIme: onDeactivate()
07-13 12:12:02.541  1202  1202 D AndroidRuntime: Shutting down VM
07-13 12:12:02.588  2301  2301 I GoogleInputMethod: onStartInput() : Dummy InputConnection bound
07-13 12:12:03.020  1212  1212 W ADebug  : Failed to get property persist.sys.media.traces
07-13 12:12:03.039  1212  1212 D AndroidRuntime: >>>>>> START com.android.internal.os.RuntimeInit uid 2000 <<<<<<
07-13 12:12:03.161  1212  1212 I app_process: The ClassLoaderContext is a special shared library.
07-13 12:12:03.200  1212  1212 D AndroidRuntime: Calling main entry com.android.commands.input.Input
07-13 12:12:03.200  1212  1212 I Input   : injectKeyEvent: KeyEvent { action=ACTION_DOWN, keyCode=KEYCODE_DPAD_DOWN, scanCode=0, metaState=0, flags=0x0, repeatCount=0, eventTime=18167083, downTime=18167083, deviceId=-1, source=0x101 }
07-13 12:12:03.208  1212  1212 I Input   : injectKeyEvent: KeyEvent { action=ACTION_UP, keyCode=KEYCODE_DPAD_DOWN, scanCode=0, metaState=0, flags=0x0, repeatCount=0, eventTime=18167083, downTime=18167083, deviceId=-1, source=0x101 }
07-13 12:12:03.208  1336  2739 I AudioPolicyManagerCustom: FLAG None hence request for a primary output
07-13 12:12:03.209  1336  2739 I AudioPolicyManagerCustom: FLAG None hence request for a primary output
07-13 12:12:03.211  1212  1212 D AndroidRuntime: Shutting down VM
07-13 12:12:03.226  2301  2301 I GoogleInputMethod: onFinishInput() : Dummy InputConnection bound
07-13 12:12:03.227  2301  2301 I GoogleInputMethod: onStartInput() : Dummy InputConnection bound
07-13 12:12:03.249   804  2391 I LocSvc_ApiV02: <--- globalEventCb line 115 QMI_LOC_EVENT_NMEA_IND_V02
07-13 12:12:03.249   804  2391 I LocSvc_ApiV02: <--- globalEventCb line 115 QMI_LOC_EVENT_NMEA_IND_V02
07-13 12:12:03.251   804  2391 I LocSvc_ApiV02: <--- globalEventCb line 115 QMI_LOC_EVENT_GNSS_SV_INFO_IND_V02
07-13 12:12:03.251   804  3291 I LocSvc_libulp: ulp_brain_process_gnss_sv_report, gnss sv report cnt = 2009, gnss pos report cnt = 0,strong sv cnt = 0
07-13 12:12:03.251   804  2391 I LocSvc_ApiV02: <--- globalEventCb line 115 QMI_LOC_EVENT_POSITION_REPORT_IND_V02
07-13 12:12:03.251   804  3291 I LocSvc_libulp: ulp_brain_process_gnss_position_report, transition provider returned = 0
07-13 12:12:03.251   804  2391 I LocSvc_ApiV02: <--- globalEventCb line 115 QMI_LOC_EVENT_NMEA_IND_V02
07-13 12:12:03.251   804  3291 I LocSvc_libulp: ulp_brain_process_gnss_position_report, report GNSS position/status to hybrid fix requests = 0
07-13 12:12:03.251   804  2391 I LocSvc_ApiV02: <--- globalEventCb line 115 QMI_LOC_EVENT_NMEA_IND_V02
07-13 12:12:03.252   804  2391 I LocSvc_ApiV02: <--- globalEventCb line 115 QMI_LOC_EVENT_NMEA_IND_V02
07-13 12:12:03.265   804  2387 E IzatSvc_PassiveLocListener: Exiting with error onLocationChanged line 152 "1"
07-13 12:12:03.332   804  2391 I LocSvc_ApiV02: <--- globalEventCb line 115 QMI_LOC_EVENT_NMEA_IND_V02
07-13 12:12:03.333   804  2391 I LocSvc_ApiV02: <--- globalEventCb line 115 QMI_LOC_EVENT_NMEA_IND_V02
07-13 12:12:03.337   784  1938 V audio_hw_primary: out_get_latency: Latency 10
07-13 12:12:03.357   784  1938 V audio_hw_primary: out_get_latency: Latency 10
07-13 12:12:03.674  1222  1222 W ADebug  : Failed to get property persist.sys.media.traces
07-13 12:12:03.693  1222  1222 D AndroidRuntime: >>>>>> START com.android.internal.os.RuntimeInit uid 2000 <<<<<<
07-13 12:12:03.813  1222  1222 I app_process: The ClassLoaderContext is a special shared library.
07-13 12:12:03.852  1222  1222 D AndroidRuntime: Calling main entry com.android.commands.input.Input
07-13 12:12:03.852  1222  1222 I Input   : injectKeyEvent: KeyEvent { action=ACTION_DOWN, keyCode=KEYCODE_ENTER, scanCode=0, metaState=0, flags=0x0, repeatCount=0, eventTime=18167735, downTime=18167735, deviceId=-1, source=0x101 }
07-13 12:12:03.859  1222  1222 I Input   : injectKeyEvent: KeyEvent { action=ACTION_UP, keyCode=KEYCODE_ENTER, scanCode=0, metaState=0, flags=0x0, repeatCount=0, eventTime=18167735, downTime=18167735, deviceId=-1, source=0x101 }
07-13 12:12:03.862  1336  2739 I AudioPolicyManagerCustom: FLAG None hence request for a primary output
07-13 12:12:03.866  2004 18203 I ActivityManager: START u0 {act=android.intent.action.MAIN cmp=com.android.settings/.SubSettings (has extras)} from uid 1000
07-13 12:12:03.862  1336  2739 I AudioPolicyManagerCustom: FLAG None hence request for a primary output
07-13 12:12:03.871  2004 18203 D ActivityTrigger: activityStartTrigger: Activity is Triggerred in full screen ApplicationInfo{68de9 com.android.settings}
07-13 12:12:03.871  2004 18203 E ActivityTrigger: activityStartTrigger: not whiteListedcom.android.settings/com.android.settings.SubSettings/27
07-13 12:12:03.872  2004 18203 D CompatibilityInfo: mCompatibilityFlags - 0
07-13 12:12:03.872  2004 18203 D CompatibilityInfo: applicationDensity - 480
07-13 12:12:03.872  2004 18203 D CompatibilityInfo: applicationScale - 1.0
07-13 12:12:03.872  2004 18203 D ActivityTrigger: activityResumeTrigger: The activity in ApplicationInfo{68de9 com.android.settings} is now in focus and seems to be in full-screen mode
07-13 12:12:03.872  2004 18203 E ActivityTrigger: activityResumeTrigger: not whiteListedcom.android.settings/com.android.settings.SubSettings/27
07-13 12:12:03.872  2004 18203 D ActivityTrigger: ActivityTrigger activityPauseTrigger 
07-13 12:12:03.875  1222  1222 D AndroidRuntime: Shutting down VM
07-13 12:12:03.876  2004 18206 D ActivityTrigger: activityResumeTrigger: The activity in ApplicationInfo{68de9 com.android.settings} is now in focus and seems to be in full-screen mode
07-13 12:12:03.876  2004 18206 E ActivityTrigger: activityResumeTrigger: not whiteListedcom.android.settings/com.android.settings.SubSettings/27
07-13 12:12:03.877  2004 18206 D CompatibilityInfo: mCompatibilityFlags - 0
07-13 12:12:03.877  2004 18206 D CompatibilityInfo: applicationDensity - 480
07-13 12:12:03.877  2004 18206 D CompatibilityInfo: applicationScale - 1.0
07-13 12:12:03.899  1132  1163 E ActivityThread: Failed to find provider info for com.qti.smq.qualcommFeedback.provider
07-13 12:12:03.924  1132  1132 D SubSettings: Launching fragment com.android.settings.accounts.UserAndAccountDashboardFragment
07-13 12:12:03.930  1132  1132 I zygote64: Deoptimizing int android.support.v4.util.SimpleArrayMap.indexOfKey(java.lang.Object) due to JIT same target
07-13 12:12:03.933  2004 18203 E UserRestrictionsUtils: Unknown restriction: null
07-13 12:12:03.950  1132  1150 D DatabaseIndexingManager: Indexing locale 'en_IN' took 9 millis
07-13 12:12:03.997   784  1938 V audio_hw_primary: out_get_latency: Latency 10
07-13 12:12:04.003  1132  1160 I zygote64: Deoptimizing java.util.List com.android.settingslib.drawer.TileUtils.getCategories(android.content.Context, java.util.Map, boolean, java.lang.String, java.lang.String) due to JIT inline cache
07-13 12:12:04.006  1132  1160 W TileUtils: Found com.android.settings.backup.BackupSettingsActivity for intent Intent { act=com.android.settings.action.SETTINGS pkg=com.android.settings } missing metadata com.android.settings.category
07-13 12:12:04.015  1132  1160 D Settings: No enabled state changed, skipping updateCategory call
07-13 12:12:04.017   784  1938 V audio_hw_primary: out_get_latency: Latency 10
07-13 12:12:04.032  1132  1132 I zygote64: Deoptimizing android.support.v7.widget.RecyclerView$ViewHolder android.support.v7.widget.RecyclerView$Recycler.tryGetViewHolderForPositionByDeadline(int, boolean, long) due to JIT inline cache
07-13 12:12:04.038  1132  1132 I zygote64: Deoptimizing void android.support.v7.widget.LinearLayoutManager.layoutChunk(android.support.v7.widget.RecyclerView$Recycler, android.support.v7.widget.RecyclerView$State, android.support.v7.widget.LinearLayoutManager$LayoutState, android.support.v7.widget.LinearLayoutManager$LayoutChunkResult) due to JIT inline cache
07-13 12:12:04.079  1132  1132 I zygote64: Deoptimizing void android.support.v7.widget.DefaultItemAnimator.endAnimation(android.support.v7.widget.RecyclerView$ViewHolder) due to JIT inline cache
07-13 12:12:04.104  2004  2056 I ActivityManager: Displayed com.android.settings/.SubSettings: +225ms
07-13 12:12:04.104  2301  2301 I GoogleInputMethod: onFinishInput() : Dummy InputConnection bound
07-13 12:12:04.105  2301  2301 I GoogleInputMethod: onStartInput() : Dummy InputConnection bound
07-13 12:12:04.105   645   645 W /system/bin/hwservicemanager: getTransport: Cannot find entry vendor.qti.hardware.iop@1.0::IIop/default in either framework or device manifest.
07-13 12:12:04.105  2004  2056 E ANDR-PERF-JNI: Iop tryGetService failed
07-13 12:12:04.249   804  2391 I LocSvc_ApiV02: <--- globalEventCb line 115 QMI_LOC_EVENT_NMEA_IND_V02
07-13 12:12:04.249   804  2391 I LocSvc_ApiV02: <--- globalEventCb line 115 QMI_LOC_EVENT_NMEA_IND_V02
07-13 12:12:04.251   804  2391 I LocSvc_ApiV02: <--- globalEventCb line 115 QMI_LOC_EVENT_GNSS_SV_INFO_IND_V02
07-13 12:12:04.251   804  2391 I LocSvc_ApiV02: <--- globalEventCb line 115 QMI_LOC_EVENT_NMEA_IND_V02
07-13 12:12:04.251   804  3291 I LocSvc_libulp: ulp_brain_process_gnss_sv_report, gnss sv report cnt = 2010, gnss pos report cnt = 0,strong sv cnt = 0
07-13 12:12:04.251   804  2391 I LocSvc_ApiV02: <--- globalEventCb line 115 QMI_LOC_EVENT_NMEA_IND_V02
07-13 12:12:04.251   804  2391 I LocSvc_ApiV02: <--- globalEventCb line 115 QMI_LOC_EVENT_POSITION_REPORT_IND_V02
07-13 12:12:04.251   804  2391 I LocSvc_ApiV02: <--- globalEventCb line 115 QMI_LOC_EVENT_NMEA_IND_V02
07-13 12:12:04.251   804  3291 I LocSvc_libulp: ulp_brain_process_gnss_position_report, transition provider returned = 0
07-13 12:12:04.252   804  3291 I LocSvc_libulp: ulp_brain_process_gnss_position_report, report GNSS position/status to hybrid fix requests = 0
07-13 12:12:04.263   804  2387 E IzatSvc_PassiveLocListener: Exiting with error onLocationChanged line 152 "1"
07-13 12:12:04.332   804  2391 I LocSvc_ApiV02: <--- globalEventCb line 115 QMI_LOC_EVENT_NMEA_IND_V02
07-13 12:12:04.335   804  2391 I LocSvc_ApiV02: <--- globalEventCb line 115 QMI_LOC_EVENT_NMEA_IND_V02
07-13 12:12:04.486  2004  2042 D ActivityTrigger: ActivityTrigger activityStopTrigger 
07-13 12:12:05.249   804  2391 I LocSvc_ApiV02: <--- globalEventCb line 115 QMI_LOC_EVENT_NMEA_IND_V02
07-13 12:12:05.249   804  2391 I LocSvc_ApiV02: <--- globalEventCb line 115 QMI_LOC_EVENT_NMEA_IND_V02
07-13 12:12:05.250   804  2391 I LocSvc_ApiV02: <--- globalEventCb line 115 QMI_LOC_EVENT_GNSS_SV_INFO_IND_V02
07-13 12:12:05.251   804  2391 I LocSvc_ApiV02: <--- globalEventCb line 115 QMI_LOC_EVENT_POSITION_REPORT_IND_V02
07-13 12:12:05.251   804  3291 I LocSvc_libulp: ulp_brain_process_gnss_sv_report, gnss sv report cnt = 2011, gnss pos report cnt = 0,strong sv cnt = 0
07-13 12:12:05.251   804  2391 I LocSvc_ApiV02: <--- globalEventCb line 115 QMI_LOC_EVENT_NMEA_IND_V02
07-13 12:12:05.251   804  3291 I LocSvc_libulp: ulp_brain_process_gnss_position_report, transition provider returned = 0
07-13 12:12:05.251   804  3291 I LocSvc_libulp: ulp_brain_process_gnss_position_report, report GNSS position/status to hybrid fix requests = 0
07-13 12:12:05.251   804  2391 I LocSvc_ApiV02: <--- globalEventCb line 115 QMI_LOC_EVENT_NMEA_IND_V02
07-13 12:12:05.251   804  2391 I LocSvc_ApiV02: <--- globalEventCb line 115 QMI_LOC_EVENT_NMEA_IND_V02
07-13 12:12:05.256   804  2387 E IzatSvc_PassiveLocListener: Exiting with error onLocationChanged line 152 "1"
07-13 12:12:05.323  1238  1238 W ADebug  : Failed to get property persist.sys.media.traces
07-13 12:12:05.332   804  2391 I LocSvc_ApiV02: <--- globalEventCb line 115 QMI_LOC_EVENT_NMEA_IND_V02
07-13 12:12:05.334   804  2391 I LocSvc_ApiV02: <--- globalEventCb line 115 QMI_LOC_EVENT_NMEA_IND_V02
07-13 12:12:05.342  1238  1238 D AndroidRuntime: >>>>>> START com.android.internal.os.RuntimeInit uid 2000 <<<<<<
07-13 12:12:05.460  1238  1238 I app_process: The ClassLoaderContext is a special shared library.
07-13 12:12:05.495  1238  1238 D AndroidRuntime: Calling main entry com.android.commands.input.Input
07-13 12:12:05.496  1238  1238 I Input   : injectKeyEvent: KeyEvent { action=ACTION_DOWN, keyCode=KEYCODE_DPAD_DOWN, scanCode=0, metaState=0, flags=0x0, repeatCount=0, eventTime=18169379, downTime=18169379, deviceId=-1, source=0x101 }
07-13 12:12:05.500  1238  1238 I Input   : injectKeyEvent: KeyEvent { action=ACTION_UP, keyCode=KEYCODE_DPAD_DOWN, scanCode=0, metaState=0, flags=0x0, repeatCount=0, eventTime=18169379, downTime=18169379, deviceId=-1, source=0x101 }
07-13 12:12:05.500  1336  2739 I AudioPolicyManagerCustom: FLAG None hence request for a primary output
07-13 12:12:05.501  1336  1336 I AudioPolicyManagerCustom: FLAG None hence request for a primary output
07-13 12:12:05.501  1238  1238 D AndroidRuntime: Shutting down VM
07-13 12:12:05.524  2301  2301 I GoogleInputMethod: onFinishInput() : Dummy InputConnection bound
07-13 12:12:05.524  2301  2301 I GoogleInputMethod: onStartInput() : Dummy InputConnection bound
07-13 12:12:05.597   784  1938 V audio_hw_primary: out_get_latency: Latency 10
07-13 12:12:05.637   784  1938 V audio_hw_primary: out_get_latency: Latency 10
07-13 12:12:05.916  1248  1248 W ADebug  : Failed to get property persist.sys.media.traces
07-13 12:12:05.940  1248  1248 D AndroidRuntime: >>>>>> START com.android.internal.os.RuntimeInit uid 2000 <<<<<<
07-13 12:12:06.056  1248  1248 I app_process: The ClassLoaderContext is a special shared library.
07-13 12:12:06.096  1248  1248 D AndroidRuntime: Calling main entry com.android.commands.input.Input
07-13 12:12:06.097  1248  1248 I Input   : injectKeyEvent: KeyEvent { action=ACTION_DOWN, keyCode=KEYCODE_ENTER, scanCode=0, metaState=0, flags=0x0, repeatCount=0, eventTime=18169979, downTime=18169979, deviceId=-1, source=0x101 }
07-13 12:12:06.103  1248  1248 I Input   : injectKeyEvent: KeyEvent { action=ACTION_UP, keyCode=KEYCODE_ENTER, scanCode=0, metaState=0, flags=0x0, repeatCount=0, eventTime=18169979, downTime=18169979, deviceId=-1, source=0x101 }
07-13 12:12:06.106  1336  1336 I AudioPolicyManagerCustom: FLAG None hence request for a primary output
07-13 12:12:06.110  2004 18208 I ActivityManager: START u0 {act=android.intent.action.MAIN cmp=com.android.settings/.SubSettings (has extras)} from uid 1000
07-13 12:12:06.106  1336  1336 I AudioPolicyManagerCustom: FLAG None hence request for a primary output
07-13 12:12:06.115  2004 18208 D ActivityTrigger: activityStartTrigger: Activity is Triggerred in full screen ApplicationInfo{68de9 com.android.settings}
07-13 12:12:06.115  2004 18208 E ActivityTrigger: activityStartTrigger: not whiteListedcom.android.settings/com.android.settings.SubSettings/27
07-13 12:12:06.115  2004 18208 D CompatibilityInfo: mCompatibilityFlags - 0
07-13 12:12:06.115  2004 18208 D CompatibilityInfo: applicationDensity - 480
07-13 12:12:06.115  2004 18208 D CompatibilityInfo: applicationScale - 1.0
07-13 12:12:06.115  2004 18208 D ActivityTrigger: activityResumeTrigger: The activity in ApplicationInfo{68de9 com.android.settings} is now in focus and seems to be in full-screen mode
07-13 12:12:06.115  2004 18208 E ActivityTrigger: activityResumeTrigger: not whiteListedcom.android.settings/com.android.settings.SubSettings/27
07-13 12:12:06.115  2004 18208 D ActivityTrigger: ActivityTrigger activityPauseTrigger 
07-13 12:12:06.119  1248  1248 D AndroidRuntime: Shutting down VM
07-13 12:12:06.122  2004 18203 D ActivityTrigger: activityResumeTrigger: The activity in ApplicationInfo{68de9 com.android.settings} is now in focus and seems to be in full-screen mode
07-13 12:12:06.122  2004 18203 E ActivityTrigger: activityResumeTrigger: not whiteListedcom.android.settings/com.android.settings.SubSettings/27
07-13 12:12:06.123  2004 18203 D CompatibilityInfo: mCompatibilityFlags - 0
07-13 12:12:06.123  2004 18203 D CompatibilityInfo: applicationDensity - 480
07-13 12:12:06.123  2004 18203 D CompatibilityInfo: applicationScale - 1.0
07-13 12:12:06.140  1132  1157 E ActivityThread: Failed to find provider info for com.qti.smq.qualcommFeedback.provider
07-13 12:12:06.149  1132  1132 D SubSettings: Launching fragment com.android.settings.accounts.AccountDetailDashboardFragment
