07-13 12:12:53.459  1875  1875 D APM_Condition: setActive was called with false
07-13 12:12:53.459  2004 18208 I WifiService: getWifiApEnabledState uid=1000
07-13 12:12:53.460  2004  2056 I ActivityManager: Displayed com.android.settings/.Settings: +296ms
07-13 12:12:53.461   645   645 W /system/bin/hwservicemanager: getTransport: Cannot find entry vendor.qti.hardware.iop@1.0::IIop/default in either framework or device manifest.
07-13 12:12:53.461  2004  2056 E ANDR-PERF-JNI: Iop tryGetService failed
07-13 12:12:53.481  2301  2301 I GoogleInputMethod: onFinishInput() : Dummy InputConnection bound
07-13 12:12:53.481  2301  2301 I GoogleInputMethod: onStartInput() : Dummy InputConnection bound
07-13 12:12:53.498  1875  1965 D BatteryInfo: time for getStats: 140ms
07-13 12:12:53.498  2004  2014 I zygote64: Background concurrent copying GC freed 197268(12MB) AllocSpace objects, 113(7MB) LOS objects, 42% free, 25MB/44MB, paused 376us total 111.677ms
07-13 12:12:53.509  1875  1991 D BatteryInfo: time for regular BatteryInfo: 2ms
07-13 12:12:53.533  1875  1991 D BatteryInfo: time for getBatteryInfo: 24ms
07-13 12:12:53.547  1875  1875 D BatteryInfo: time for callback: 0ms
07-13 12:12:53.946  2004  2042 D ActivityTrigger: ActivityTrigger activityStopTrigger 
07-13 12:12:54.111 15306 15306 I StreamRenderer: cleanUpRendererScope(nowcards-3572206567052237667)
07-13 12:12:54.120 15306  1149 I PBSessionCacheImpl: Deleted sessionId[977387315514] from persistence.
07-13 12:12:54.131 15306 15306 W SearchServiceCore: Abort, client detached.
07-13 12:12:54.133 15306 15306 I StreamController: cleanUpControllerScope(nowcards-3572206567052237667)
07-13 12:12:54.144  2004 18208 I WifiService: getWifiEnabledState uid=10039
07-13 12:12:54.264  2004  2042 D CompatibilityInfo: mCompatibilityFlags - 0
07-13 12:12:54.264  2004  2042 D CompatibilityInfo: applicationDensity - 480
07-13 12:12:54.264  2004  2042 D CompatibilityInfo: applicationScale - 1.0
07-13 12:12:54.266  2004  4913 D CompatibilityInfo: mCompatibilityFlags - 0
07-13 12:12:54.266  2004  4913 D CompatibilityInfo: applicationDensity - 480
07-13 12:12:54.266  2004  4913 D CompatibilityInfo: applicationScale - 1.0
07-13 12:12:54.344  2795  2815 I QcrilOemhookMsgTunnel: [0]processOemHookIndication length=21
07-13 12:12:54.344  2795  2795 D QcrilMsgTunnelIfaceManager: handleMessage what = 0
07-13 12:12:54.513  2021  2021 W ADebug  : Failed to get property persist.sys.media.traces
07-13 12:12:54.531  2021  2021 D AndroidRuntime: >>>>>> START com.android.internal.os.RuntimeInit uid 2000 <<<<<<
07-13 12:12:54.652  2021  2021 I app_process: The ClassLoaderContext is a special shared library.
07-13 12:12:54.665   807   839 E ANDR-PERF-OPTSHANDLER: perf_lock_rel: updated /sys/class/mmc_host/mmc0/clk_scaling/enable with 1
07-13 12:12:54.665   807   839 E ANDR-PERF-OPTSHANDLER:  return value 2
07-13 12:12:54.689  2021  2021 D AndroidRuntime: Calling main entry com.android.commands.input.Input
07-13 12:12:54.694  2021  2021 I Input   : injectMotionEvent: MotionEvent { action=ACTION_DOWN, actionButton=0, id[0]=0, x[0]=696.0, y[0]=222.0, toolType[0]=TOOL_TYPE_UNKNOWN, buttonState=0, metaState=0, flags=0x0, edgeFlags=0x0, pointerCount=1, historySize=0, eventTime=18218572, downTime=18218572, deviceId=4, source=0x1002 }
07-13 12:12:54.697  2021  2021 I Input   : injectMotionEvent: MotionEvent { action=ACTION_UP, actionButton=0, id[0]=0, x[0]=696.0, y[0]=222.0, toolType[0]=TOOL_TYPE_UNKNOWN, buttonState=0, metaState=0, flags=0x0, edgeFlags=0x0, pointerCount=1, historySize=0, eventTime=18218572, downTime=18218572, deviceId=4, source=0x1002 }
07-13 12:12:54.699  2021  2021 D AndroidRuntime: Shutting down VM
07-13 12:12:54.709  2301  2301 I GoogleInputMethod: onFinishInput() : Dummy InputConnection bound
07-13 12:12:54.709  2301  2301 I GoogleInputMethod: onStartInput() : Dummy InputConnection bound
07-13 12:12:54.711  1336  1628 I AudioPolicyManagerCustom: FLAG None hence request for a primary output
07-13 12:12:54.712  2004  4913 I ActivityManager: START u0 {cmp=com.android.settings/.search.SearchActivity} from uid 1000
07-13 12:12:54.712  1336  1628 I AudioPolicyManagerCustom: FLAG None hence request for a primary output
07-13 12:12:54.713   784  6848 D audio_hw_primary: start_output_stream: enter: stream(0xeb3dd000)usecase(12: audio-ull-playback) devices(0x2)
07-13 12:12:54.714   784  6848 D audio_hw_primary: select_devices for use case (audio-ull-playback)
07-13 12:12:54.714   784  6848 D audio_hw_primary: select_devices: out_snd_device(2: speaker) in_snd_device(0: )
07-13 12:12:54.714   784  6848 I msm8916_platform: platform_check_and_set_codec_backend_cfg:becf: afe: bitwidth 16, samplerate 48000 channels 2, backend_idx 0 usecase = 12 device (speaker)
07-13 12:12:54.714   784  6848 D msm8916_platform: platform_split_snd_device: snd_device(2) num devices(1) new_snd_devices(0)
07-13 12:12:54.714   784  6848 I msm8916_platform: platform_check_and_set_codec_backend_cfg: becf: new_snd_devices[0] is speaker
07-13 12:12:54.714   784  6848 I msm8916_platform: platform_check_codec_backend_cfg:becf: afe: Codec selected backend: 0 current bit width: 16 sample rate: 48000 channels: 2 usecase 12 device (speaker)
07-13 12:12:54.714   784  6848 D msm8916_platform: platform_check_codec_backend_cfg:becf: afe: playback on codec device not supporting native playback set default Sample Rate(48k)
07-13 12:12:54.714   784  6848 I msm8916_platform: platform_check_codec_backend_cfg:becf: afe: Codec selected backend: 0 updated bit width: 16 sample rate: 48000 channels: 2
07-13 12:12:54.714   784  6848 D audio_hw_primary: check_usecases_codec_backend:becf: force routing 0
07-13 12:12:54.714   784  6848 E msm8916_platform: platform_check_backends_match: Invalid snd_device = 
07-13 12:12:54.714   784  6848 D audio_hw_primary: check_usecases_codec_backend:becf: (59) check_usecases curr device: speaker, usecase device: backends match 0
07-13 12:12:54.714   784  6848 D audio_hw_primary: check_usecases_codec_backend:becf: check_usecases num.of Usecases to switch 0
07-13 12:12:54.714   784  6848 D hardware_info: hw_info_append_hw_type : device_name = speaker
07-13 12:12:54.714   784  6848 D msm8916_platform: platform_split_snd_device: snd_device(2) num devices(0) new_snd_devices(0)
07-13 12:12:54.714   784  6848 D audio_hw_primary: enable_snd_device: snd_device(2: speaker)
07-13 12:12:54.714   784  6848 D audio_route: Apply path: speaker
07-13 12:12:54.714   784  6848 D audio_hw_primary: audio_is_true_native_stream_active:napb: (0) (audio-ull-playback)id (12) sr 48000 bw (16) device speaker
07-13 12:12:54.714   784  6848 V audio_hw_primary: enable_audio_route: enter: usecase(12)
07-13 12:12:54.714   784  6848 D audio_hw_utils: audio_extn_utils_send_app_type_cfg: usecase->out_snd_device speaker
07-13 12:12:54.714   784  6848 D msm8916_platform: platform_split_snd_device: snd_device(2) num devices(0) new_snd_devices(0)
07-13 12:12:54.714   784  6848 I audio_hw_utils: ULL doesnt need sending app type cfg, returning
07-13 12:12:54.714   784  6848 D msm8916_platform: platform_split_snd_device: snd_device(2) num devices(1) new_snd_devices(0)
07-13 12:12:54.714   784  6848 D ACDB-LOADER: ACDB -> send_audio_cal, acdb_id = 15, path = 0, app id = 0x11131, sample rate = 48000
07-13 12:12:54.714   784  6848 D ACDB-LOADER: ACDB -> send_asm_topology
07-13 12:12:54.714   784  6848 D ACDB-LOADER: ACDB -> ACDB_CMD_GET_AUDPROC_STREAM_TOPOLOGY_ID
07-13 12:12:54.714   784  6848 D ACDB-LOADER: ACDB -> send_adm_topology
07-13 12:12:54.714   784  6848 D ACDB-LOADER: ACDB -> ACDB_CMD_GET_AUDPROC_COMMON_TOPOLOGY_ID
07-13 12:12:54.714   784  6848 D ACDB-LOADER: ACDB -> send_audtable
07-13 12:12:54.714   784  6848 D ACDB-LOADER: ACDB -> ACDB_CMD_GET_AUDPROC_COMMON_TABLE_SIZE
07-13 12:12:54.714   784  6848 D ACDB-LOADER: ACDB -> ACDB_CMD_GET_AUDPROC_COMMON_TABLE
07-13 12:12:54.714   784  6848 D ACDB-LOADER: ACDB -> AUDIO_SET_AUDPROC_CAL
07-13 12:12:54.714   784  6848 D ACDB-LOADER: ACDB -> send_audvoltable
07-13 12:12:54.714   784  6848 D ACDB-LOADER: ACDB -> ACDB_CMD_GET_AUDPROC_VOL_STEP_TABLE_SIZE
07-13 12:12:54.714   784  6848 D ACDB-LOADER: ACDB -> ACDB_CMD_GET_AUDPROC_GAIN_DEP_STEP_TABLE, vol index 0
07-13 12:12:54.714   784  6848 D ACDB-LOADER: ACDB -> AUDIO_SET_VOL_CAL cal type = 12
07-13 12:12:54.714   784  6848 D ACDB-LOADER: ACDB -> ACDB_CMD_GET_AUDPROC_STREAM_TABLE_SIZE
07-13 12:12:54.714   784  6848 D ACDB-LOADER: ACDB -> send_audstrmtable
07-13 12:12:54.714   784  6848 D ACDB-LOADER: ACDB -> ACDB_CMD_GET_AUDPROC_STREAM_TABLE_V2
07-13 12:12:54.714   784  6848 D ACDB-LOADER: ACDB -> audstrm_cal->cal_type.cal_data.cal_size = 16
07-13 12:12:54.714   784  6848 D ACDB-LOADER: ACDB -> send_afe_topology
07-13 12:12:54.714   784  6848 D ACDB-LOADER: ACDB -> ACDB_CMD_GET_AFE_TOPOLOGY_ID
07-13 12:12:54.714   784  6848 D ACDB-LOADER: ACDB -> GET_AFE_TOPOLOGY_ID for adcd_id 15, Topology Id 1025e
07-13 12:12:54.714   784  6848 D ACDB-LOADER: ACDB -> send_afe_cal
07-13 12:12:54.714   784  6848 D ACDB-LOADER: ACDB -> ACDB_CMD_GET_AFE_COMMON_TABLE_SIZE
07-13 12:12:54.714   784  6848 D ACDB-LOADER: ACDB -> ACDB_CMD_GET_AFE_COMMON_TABLE
07-13 12:12:54.714   784  6848 D ACDB-LOADER: ACDB -> AUDIO_SET_AFE_CAL
07-13 12:12:54.714   784  6848 D ACDB-LOADER: ACDB -> send_hw_delay : acdb_id = 15 path = 0
07-13 12:12:54.714   784  6848 D ACDB-LOADER: ACDB -> ACDB_AVSYNC_INFO: ACDB_CMD_GET_DEVICE_PROPERTY
07-13 12:12:54.714   784  6848 D audio_hw_primary: enable_audio_route: apply mixer and update path: audio-ull-playback speaker
07-13 12:12:54.714   784  6848 D audio_route: Apply path: audio-ull-playback speaker
07-13 12:12:54.715  2004  4913 D ActivityTrigger: activityStartTrigger: Activity is Triggerred in full screen ApplicationInfo{68de9 com.android.settings}
07-13 12:12:54.715  2004  4913 E ActivityTrigger: activityStartTrigger: not whiteListedcom.android.settings/com.android.settings.search.SearchActivity/27
07-13 12:12:54.716  2004  4913 D CompatibilityInfo: mCompatibilityFlags - 0
07-13 12:12:54.716   784  6848 V audio_hw_primary: enable_audio_route: exit
07-13 12:12:54.716  2004  4913 D CompatibilityInfo: applicationDensity - 480
07-13 12:12:54.716   784  6848 D audio_hw_primary: select_devices: done
07-13 12:12:54.716   784  6848 V audio_hw_primary: start_output_stream: Opening PCM device card_id(0) device_id(17) format(0)
07-13 12:12:54.716  2004  4913 D CompatibilityInfo: applicationScale - 1.0
07-13 12:12:54.716  2004  4913 D ActivityTrigger: activityResumeTrigger: The activity in ApplicationInfo{68de9 com.android.settings} is now in focus and seems to be in full-screen mode
07-13 12:12:54.716  2004  4913 E ActivityTrigger: activityResumeTrigger: not whiteListedcom.android.settings/com.android.settings.search.SearchActivity/27
07-13 12:12:54.716  2004  4913 D ActivityTrigger: ActivityTrigger activityPauseTrigger 
07-13 12:12:54.722  2004  4913 D ActivityTrigger: activityResumeTrigger: The activity in ApplicationInfo{68de9 com.android.settings} is now in focus and seems to be in full-screen mode
07-13 12:12:54.722  2004  4913 E ActivityTrigger: activityResumeTrigger: not whiteListedcom.android.settings/com.android.settings.search.SearchActivity/27
07-13 12:12:54.723  2004  4913 D CompatibilityInfo: mCompatibilityFlags - 0
07-13 12:12:54.723  2004  4913 D CompatibilityInfo: applicationDensity - 480
07-13 12:12:54.723  2004  4913 D CompatibilityInfo: applicationScale - 1.0
07-13 12:12:54.758   784  6848 V audio_hw_primary: start_output_stream: pcm_prepare
07-13 12:12:54.758 17396 18228 D CellBroadcastSettings: subId: 1
07-13 12:12:54.759 17396 18228 D CellBroadcastSettings: value: true
07-13 12:12:54.759  1875  1875 I zygote64: Deoptimizing int android.support.v7.widget.RecyclerView$5.getChildCount() due to JIT inline cache
07-13 12:12:54.761  1875  1875 I zygote64: Deoptimizing int android.support.v7.widget.ChildHelper.getChildCount() due to JIT inline cache
07-13 12:12:54.767  1875  1875 D DashboardSummary: Stopped listening for condition changes
07-13 12:12:54.793  1875  2000 D SettingsSearchProvider: SearchIndexableResource 'com.android.settings.notification.ZenModeSettings' should implement the com.android.settings.search.Indexable interface!
07-13 12:12:54.799  1875  2000 D SettingsSearchProvider: SearchIndexableResource 'com.android.settings.fuelgauge.BatterySaverSettings' should implement the com.android.settings.search.Indexable interface!
07-13 12:12:54.800  1875  2000 D SettingsSearchProvider: SearchIndexableResource 'com.android.settings.notification.ZenModeVisualInterruptionSettings' should implement the com.android.settings.search.Indexable interface!
07-13 12:12:54.803  1875  2000 D SettingsSearchProvider: SearchIndexableResource 'com.android.settings.location.ScanningSettings' should implement the com.android.settings.search.Indexable interface!
07-13 12:12:54.807  1875  2000 D SettingsSearchProvider: SearchIndexableResource 'com.android.settings.notification.ZenModePrioritySettings' should implement the com.android.settings.search.Indexable interface!
07-13 12:12:54.814  2004  2056 I ActivityManager: Displayed com.android.settings/.search.SearchActivity: +90ms
07-13 12:12:54.815   645   645 W /system/bin/hwservicemanager: getTransport: Cannot find entry vendor.qti.hardware.iop@1.0::IIop/default in either framework or device manifest.
07-13 12:12:54.815  2004  2056 E ANDR-PERF-JNI: Iop tryGetService failed
07-13 12:12:54.818  1875  2000 V SettingsSearchProvider: com.android.settings.security.LockscreenDashboardFragment tried to add an empty non-indexable key
07-13 12:12:54.829  2301  2301 I GoogleInputMethod: onFinishInput() : Dummy InputConnection bound
07-13 12:12:54.840   784  6848 D msm8916_platform: platform_set_channel_map mixer_ctl_name:Playback Channel Map17
07-13 12:12:54.840   784  6848 D msm8916_platform: platform_set_channel_map: set mapping(1 2 0 0 0 0 0 0) for channel:2
07-13 12:12:54.846  1336  1628 I AudioPolicyManagerCustom: setting force DEEP buffer now 
07-13 12:12:54.847   784  6848 D audio_hw_primary: start_output_stream: exit
07-13 12:12:54.847   784  6848 W qc_adm  : margin check: adm_request_focus_v2(p) failed diff -48
07-13 12:12:54.847   784  6848 W qc_adm  : margin check: adm_abandon_focus(p) failed diff -48
07-13 12:12:54.848   784  1938 V audio_hw_primary: out_get_latency: Latency 8
07-13 12:12:54.848   784  2731 V audio_hw_primary: out_get_latency: Latency 64
07-13 12:12:54.848  1336  1628 I AudioPolicyManagerCustom: setting force DEEP buffer now 
07-13 12:12:54.849   784  7154 V audio_hw_primary: out_get_latency: Latency 80
07-13 12:12:54.850  1336  1628 I AudioPolicyManagerCustom: setting force DEEP buffer now 
07-13 12:12:54.851  1336  1628 D AudioPolicyManagerCustom: Force Direct Flag .. old flags(0x0)
07-13 12:12:54.851  1336  1628 D AudioPolicyManagerCustom: non offloadable effect is enabled, try with non direct output
07-13 12:12:54.851  1336  1628 I AudioPolicyManagerCustom: setting force DEEP buffer now 
07-13 12:12:54.851   784  2731 V audio_hw_primary: out_get_parameters: deep-buffer-playback enter: keys - is_direct_pcm_track
07-13 12:12:54.851   784  2731 D compress_voip: voice_extn_compress_voip_out_get_parameters: enter
07-13 12:12:54.851   784  2731 V audio_hw_primary: not in direct_pcm
07-13 12:12:54.851   784  2731 V audio_hw_primary: out_get_parameters: exit: returns - is_direct_pcm_track=false
07-13 12:12:54.854  1875  1875 V View    : dispatchProvideAutofillStructure(): not laid out, ignoring 3 children of 1073741835
07-13 12:12:54.855  2004  4913 W Binder  : Outgoing transactions from this process must be FLAG_ONEWAY
07-13 12:12:54.855  2004  4913 W Binder  : java.lang.Throwable
07-13 12:12:54.855  2004  4913 W Binder  : 	at android.os.BinderProxy.transact(Binder.java:752)
07-13 12:12:54.855  2004  4913 W Binder  : 	at android.app.assist.AssistStructure$ParcelTransferReader.fetchData(AssistStructure.java:407)
07-13 12:12:54.855  2004  4913 W Binder  : 	at android.app.assist.AssistStructure$ParcelTransferReader.go(AssistStructure.java:343)
07-13 12:12:54.855  2004  4913 W Binder  : 	at android.app.assist.AssistStructure.ensureData(AssistStructure.java:2110)
07-13 12:12:54.855  2004  4913 W Binder  : 	at com.android.server.autofill.Session$1.send(Session.java:227)
07-13 12:12:54.855  2004  4913 W Binder  : 	at com.android.server.am.ActivityManagerService.reportAssistContextExtras(ActivityManagerService.java:13444)
07-13 12:12:54.855  2004  4913 W Binder  : 	at android.app.IActivityManager$Stub.onTransact(IActivityManager.java:2472)
07-13 12:12:54.855  2004  4913 W Binder  : 	at com.android.server.am.ActivityManagerService.onTransact(ActivityManagerService.java:2971)
07-13 12:12:54.855  2004  4913 W Binder  : 	at android.os.Binder.execTransact(Binder.java:697)
07-13 12:12:54.855  1875  1875 I AssistStructure: Flattened final assist data: 3324 bytes, containing 1 windows, 14 views
07-13 12:12:54.856  1875  2000 W AudioTrack: Use of stream types is deprecated for operations other than volume control
07-13 12:12:54.856  1875  2000 W AudioTrack: See the documentation of AudioTrack() for what to use instead with android.media.AudioAttributes to qualify your playback use case
07-13 12:12:54.857  2004  2054 D CompatibilityInfo: mCompatibilityFlags - 10
07-13 12:12:54.857  2004  2054 D CompatibilityInfo: applicationDensity - 480
07-13 12:12:54.857  2004  2054 D CompatibilityInfo: applicationScale - 1.0
07-13 12:12:54.868   784  2731 V audio_hw_primary: out_get_latency: Latency 10
07-13 12:12:54.869   783   783 W /system/bin/hw/android.hidl.allocator@1.0-service: ashmem_create_region(7680) returning hidl_memory(0x75f7e2b460, 7680)
07-13 12:12:54.869  1875  2003 D OpenGLRenderer: endAllActiveAnimators on 0x727e9fe400 (RippleDrawable) with handle 0x727f49dbc0
07-13 12:12:54.870  2004  3104 I AssistStructure: Flattened final assist data: 3216 bytes, containing 1 windows, 14 views
07-13 12:12:54.870   783   783 W /system/bin/hw/android.hidl.allocator@1.0-service: ashmem_create_region(7680) returning hidl_memory(0x75f7e2b460, 7680)
07-13 12:12:54.871   784  2731 I DlbDlbEffect: create(uuid=9D4921DA-8225-4F29-AEFA-39537A04BCAA, sessionId=1897, ioId=29, pHandle=0xea00243c)
07-13 12:12:54.871   784  2731 I DlbEffectDap: EffectDapFactory()
07-13 12:12:54.871   784  2731 I DlbDap2Process: Dap2Process()
07-13 12:12:54.871   784  2731 D DlbDlbBufferProvider: DlbBufferProvider()
07-13 12:12:54.871   784  2731 D DlbDlbBufferProvider: DlbBufferProvider()
07-13 12:12:54.871   784  2731 D DlbDapBufferAdapter: DapBufferAdapter()
07-13 12:12:54.871   784  2731 D DlbDlbBufferProvider: DlbBufferProvider()
07-13 12:12:54.871   784  2731 D DlbDapCrossfadeProcess: CrossfadeProcess()
07-13 12:12:54.871   784  2731 D DlbDapEndpointParamCache: EndpointParamCache()
07-13 12:12:54.871   784  2731 D DlbEffectDap: EffectDap()
07-13 12:12:54.871   784  2731 I DlbEffectContext: EffectContext()
07-13 12:12:54.871   784  2731 I DlbDlbEffect: create() Created effect DAP FULL
07-13 12:12:54.871   784  2731 D DlbDlbEffect: effectGetDescriptor(handle=0xebdd90e0)
07-13 12:12:54.872   784  2731 D DlbDlbEffect: handle_EFFECT_CMD_INIT()
07-13 12:12:54.872   784  2731 D DlbDapCrossfadeProcess: init()
07-13 12:12:54.872   784  2731 D DlbDapBufferAdapter: init()
07-13 12:12:54.872   784  2731 I DlbDap2Process: init()
07-13 12:12:54.872   784  2731 I DlbDap2Process: open()
07-13 12:12:54.872   784  2731 I DlbDap2Process: loadLicense() no license check!
07-13 12:12:54.872   784  2731 I DlbDap2Process: validateLicense() no license check!
07-13 12:12:54.872   784  2731 I DlbDap2Process: init() DAP opened
07-13 12:12:54.872   784  2731 I DlbDap2Process: DAP library version: 2.5.1-P2.0
07-13 12:12:54.872   784  2731 D DlbDap2Process: DAP output mode set to 1 with 2 output channels and null mix matrix.
07-13 12:12:54.873   784  2731 D DlbDlbEffect: handle_EFFECT_CMD_SET_CONFIG()
07-13 12:12:54.873   784  2731 I DlbDap2Process: close()
07-13 12:12:54.873   784  2731 I DlbDap2Process: init()
07-13 12:12:54.874   784  2731 I DlbDap2Process: open()
07-13 12:12:54.875   784  2731 I DlbDap2Process: loadLicense() no license check!
07-13 12:12:54.875  2301  2301 I LatinIme: onActivate() : EditorInfo = Package = com.android.settings : Type = Text : Learning = Disable : Suggestion = Hide : AutoCorrection = Disable : Microphone = Show : Incognito = Disable
07-13 12:12:54.875   784  2731 I DlbDap2Process: validateLicense() no license check!
07-13 12:12:54.875   784  2731 I DlbDap2Process: init() DAP opened
07-13 12:12:54.875   784  2731 I DlbDap2Process: DAP library version: 2.5.1-P2.0
07-13 12:12:54.875   784  2731 D DlbDap2Process: DAP output mode set to 1 with 2 output channels and null mix matrix.
07-13 12:12:54.875  2301  2301 I LatinIme: isMonolingualEnUs(): false. enable_autospace_after_punctuation_setting: true. pref_key_enable_autospace_after_punctuation: false. EditorInfoUtil.shouldEnableAutoCorrection(editorInfo): false.
07-13 12:12:54.875   784  2731 I DlbDapBufferAdapter: configure()sampleRate = 48000
07-13 12:12:54.875   784  2731 D DlbDlbBufferProvider: setConfig() Updating buffer configuration.
07-13 12:12:54.875   784  2731 D DlbDlbBufferProvider: configure() Allocating new memory for the buffer.
07-13 12:12:54.875   784  2731 D DlbDlbBufferProvider: setConfig() Updating buffer configuration.
07-13 12:12:54.875   784  2731 D DlbDlbBufferProvider: configure() Allocating new memory for the buffer.
07-13 12:12:54.875   784  2731 D DlbDlbBufferProvider: setConfig() Updating buffer configuration.
07-13 12:12:54.875   784  2731 D DlbDapEndpointParamCache: commitAllParams()
07-13 12:12:54.875   784  2731 D DlbDlbBufferProvider: setConfig() Updating buffer configuration.
07-13 12:12:54.875   784  2731 D DlbDlbBufferProvider: setConfig() Updating buffer configuration.
07-13 12:12:54.876  2301  2301 I InputContext: input context reset success: true error: 0 input_state_id 1006
07-13 12:12:54.878  2301  2301 W VoiceImeTranscriptor: UIME feature enabled: true
07-13 12:12:54.881  2301  2301 I LatinMotionHandler: consumeEvent() : GestureTypingEnabled = true
07-13 12:12:54.882  2301  2301 I EmojiDataExtension: onActivate() : Locale = en_IN
07-13 12:12:54.882  2301  2301 I EmojiSuperpacksFeature: Emoji superpacks enabled
07-13 12:12:54.882  2004  2043 D AutofillUI: destroySaveUiUiThread(): already destroyed
07-13 12:12:54.883  2301  2301 I FeatureCardNotice: Feature card notice not shown: no cards to display
07-13 12:12:54.883  2301  2301 I Conv2QueryExtension: isEnabled() : true
07-13 12:12:54.883  2301  2301 I Conv2QueryExtension: Current locale: en_IN, config allows these locales: de,en,fr,it,es,pt
07-13 12:12:54.883  2301  2301 I Conv2QueryExtension: Conv2Query not enabled due to current app [com.android.settings] not in whitelist
07-13 12:12:54.883  2301  2301 W Conv2QueryExtension: onActivate() : Disabled by unsupported host app
07-13 12:12:54.883  2301  2301 I GifEntryExtension: onActivate()
07-13 12:12:54.883  2301  2301 I DevFeatureConfig: Gif candidate disabled by Phenotype
07-13 12:12:54.883  2301  2384 I PrimesMetrics: Ignore memory metric of com.google.android.apps.inputmethod.libs.search.nativecard.FeatureCardNoticeExtension.
07-13 12:12:54.883  2301  2384 I PrimesMetrics: Ignore memory metric of com.google.android.apps.inputmethod.libs.pill.PillExtension.
07-13 12:12:54.883  2301  2384 I PrimesMetrics: Ignore memory metric of com.google.android.apps.inputmethod.libs.search.gif.GifEntryPointCandidateExtension.
07-13 12:12:54.883  2301  2301 W VoiceImeTranscriptor: UIME feature enabled: true
07-13 12:12:54.884  2301  2301 I VoiceImeExtension: Voice Extension onStartInputView() Mic status = [MicIconAvailable]
07-13 12:12:54.887  1875  2000 D SettingsSearchProvider: SearchIndexableResource 'com.android.settings.location.LocationSettings' should implement the com.android.settings.search.Indexable interface!
07-13 12:12:54.895  2004 18208 D CryptdConnector: SND -> {69 cryptfs getpwtype}
07-13 12:12:54.895   664   668 D VoldCryptCmdListener: cryptfs getpwtype
07-13 12:12:54.895  2004  2184 D CryptdConnector: RCV <- {213 69 default}
07-13 12:12:54.898  2301  2301 I FeaturePermissions: onSharedPreferenceChanged() : Key = latest_activation_time : Feature = null
07-13 12:12:54.932  1875  2000 D BaseSearchIndex: com.android.settings.display.TapToSleepPreferenceController must implement com.android.settings.core.PreferenceControllerMixin
07-13 12:12:54.943  1875  2000 V SettingsSearchProvider: com.android.settings.notification.ConfigureNotificationSettings tried to add an empty non-indexable key
07-13 12:12:54.986  1875  2000 I IndexDatabaseHelper: Using schema version: 117
07-13 12:12:54.987  1875  2000 I IndexDatabaseHelper: Index is fine
07-13 12:12:54.994   784  2731 V audio_hw_primary: out_get_latency: Latency 10
07-13 12:12:55.014   784  2731 V audio_hw_primary: out_get_latency: Latency 10
07-13 12:12:55.015  1875  1875 I zygote64: Deoptimizing int android.support.v7.widget.ChildHelper.getOffset(int) due to JIT inline cache
07-13 12:12:55.016  1875  1875 I zygote64: Deoptimizing android.view.View android.support.v7.widget.RecyclerView$5.getChildAt(int) due to JIT inline cache
07-13 12:12:55.022  1875  1924 I zygote64: Do partial code cache collection, code=27KB, data=29KB
07-13 12:12:55.022  1875  1924 I zygote64: After code cache collection, code=25KB, data=28KB
07-13 12:12:55.022  1875  1924 I zygote64: Increasing code cache capacity to 128KB
07-13 12:12:55.135  2064  2064 W ADebug  : Failed to get property persist.sys.media.traces
07-13 12:12:55.154  2064  2064 D AndroidRuntime: >>>>>> START com.android.internal.os.RuntimeInit uid 2000 <<<<<<
07-13 12:12:55.209  2004  2042 D ActivityTrigger: ActivityTrigger activityStopTrigger 
07-13 12:12:55.271  2064  2064 I app_process: The ClassLoaderContext is a special shared library.
07-13 12:12:55.311  2064  2064 D AndroidRuntime: Calling main entry com.android.commands.input.Input
07-13 12:12:55.313  2064  2064 I Input   : injectKeyEvent: KeyEvent { action=ACTION_DOWN, keyCode=KEYCODE_U, scanCode=0, metaState=0, flags=0x0, repeatCount=0, eventTime=18219196, downTime=18219196, deviceId=-1, source=0x101 }
07-13 12:12:55.318  2064  2064 I Input   : injectKeyEvent: KeyEvent { action=ACTION_UP, keyCode=KEYCODE_U, scanCode=0, metaState=0, flags=0x0, repeatCount=0, eventTime=18219196, downTime=18219196, deviceId=-1, source=0x101 }
07-13 12:12:55.322  2064  2064 I Input   : injectKeyEvent: KeyEvent { action=ACTION_DOWN, keyCode=KEYCODE_S, scanCode=0, metaState=0, flags=0x0, repeatCount=0, eventTime=18219196, downTime=18219196, deviceId=-1, source=0x101 }
07-13 12:12:55.340  2064  2064 I Input   : injectKeyEvent: KeyEvent { action=ACTION_UP, keyCode=KEYCODE_S, scanCode=0, metaState=0, flags=0x0, repeatCount=0, eventTime=18219196, downTime=18219196, deviceId=-1, source=0x101 }
07-13 12:12:55.345  2064  2064 I Input   : injectKeyEvent: KeyEvent { action=ACTION_DOWN, keyCode=KEYCODE_E, scanCode=0, metaState=0, flags=0x0, repeatCount=0, eventTime=18219196, downTime=18219196, deviceId=-1, source=0x101 }
07-13 12:12:55.358  2064  2064 I Input   : injectKeyEvent: KeyEvent { action=ACTION_UP, keyCode=KEYCODE_E, scanCode=0, metaState=0, flags=0x0, repeatCount=0, eventTime=18219196, downTime=18219196, deviceId=-1, source=0x101 }
07-13 12:12:55.378  2064  2064 I Input   : injectKeyEvent: KeyEvent { action=ACTION_DOWN, keyCode=KEYCODE_R, scanCode=0, metaState=0, flags=0x0, repeatCount=0, eventTime=18219196, downTime=18219196, deviceId=-1, source=0x101 }
07-13 12:12:55.382  2064  2064 I Input   : injectKeyEvent: KeyEvent { action=ACTION_UP, keyCode=KEYCODE_R, scanCode=0, metaState=0, flags=0x0, repeatCount=0, eventTime=18219196, downTime=18219196, deviceId=-1, source=0x101 }
07-13 12:12:55.385  2064  2064 I Input   : injectKeyEvent: KeyEvent { action=ACTION_DOWN, keyCode=KEYCODE_S, scanCode=0, metaState=0, flags=0x0, repeatCount=0, eventTime=18219196, downTime=18219196, deviceId=-1, source=0x101 }
07-13 12:12:55.393  2064  2064 I Input   : injectKeyEvent: KeyEvent { action=ACTION_UP, keyCode=KEYCODE_S, scanCode=0, metaState=0, flags=0x0, repeatCount=0, eventTime=18219196, downTime=18219196, deviceId=-1, source=0x101 }
07-13 12:12:55.404  2064  2064 D AndroidRuntime: Shutting down VM
07-13 12:12:55.766  1875  1924 I zygote64: Do partial code cache collection, code=56KB, data=46KB
07-13 12:12:55.766  1875  1924 I zygote64: After code cache collection, code=56KB, data=46KB
07-13 12:12:55.766  1875  1924 I zygote64: Increasing code cache capacity to 256KB
07-13 12:12:55.854  1346  1485 E NetlinkEvent: NetlinkEvent::FindParam(): Parameter 'INTERFACE' not found
07-13 12:12:55.854  1346  1485 E NetlinkEvent: NetlinkEvent::FindParam(): Parameter 'STATE' not found
07-13 12:12:55.854  1346  1485 E NetlinkEvent: NetlinkEvent::FindParam(): Parameter 'TIME_NS' not found
07-13 12:12:55.854  1346  1485 E NetlinkEvent: NetlinkEvent::FindParam(): Parameter 'UID' not found
07-13 12:12:55.879  2080  2080 W ADebug  : Failed to get property persist.sys.media.traces
07-13 12:12:55.896  2080  2080 D AndroidRuntime: >>>>>> START com.android.internal.os.RuntimeInit uid 2000 <<<<<<
07-13 12:12:56.011  2080  2080 I app_process: The ClassLoaderContext is a special shared library.
07-13 12:12:56.049  2080  2080 D AndroidRuntime: Calling main entry com.android.commands.input.Input
07-13 12:12:56.050  2080  2080 I Input   : injectKeyEvent: KeyEvent { action=ACTION_DOWN, keyCode=KEYCODE_ENTER, scanCode=0, metaState=0, flags=0x0, repeatCount=0, eventTime=18219933, downTime=18219933, deviceId=-1, source=0x101 }
07-13 12:12:56.058  2301  2301 I GoogleInputMethodImpl: hideSoftInput() : flags = 0
07-13 12:12:56.059  2301  2301 I PhenotypeExpConfig: refreshConfiguration() : Force = false : UpdateAvailable = false : Age = 205 minutes : MaxAge = 720 minutes
07-13 12:12:56.061  2080  2080 I Input   : injectKeyEvent: KeyEvent { action=ACTION_UP, keyCode=KEYCODE_ENTER, scanCode=0, metaState=0, flags=0x0, repeatCount=0, eventTime=18219933, downTime=18219933, deviceId=-1, source=0x101 }
07-13 12:12:56.062  2301  2301 I LatinIme: abortComposing()
07-13 12:12:56.064  2301  2301 I Delight5Decoder: abortComposing() : input state id = 1017
07-13 12:12:56.065  2301  2301 I LatinIme: onDeactivate()
07-13 12:12:56.076  2080  2080 D AndroidRuntime: Shutting down VM
07-13 12:12:56.106  2301  2301 I GoogleInputMethod: onStartInput() : Dummy InputConnection bound
07-13 12:12:56.546  2107  2107 W ADebug  : Failed to get property persist.sys.media.traces
07-13 12:12:56.565  2107  2107 D AndroidRuntime: >>>>>> START com.android.internal.os.RuntimeInit uid 2000 <<<<<<
07-13 12:12:56.688  2107  2107 I app_process: The ClassLoaderContext is a special shared library.
07-13 12:12:56.727  2107  2107 D AndroidRuntime: Calling main entry com.android.commands.input.Input
07-13 12:12:56.727  2107  2107 I Input   : injectKeyEvent: KeyEvent { action=ACTION_DOWN, keyCode=KEYCODE_DPAD_DOWN, scanCode=0, metaState=0, flags=0x0, repeatCount=0, eventTime=18220610, downTime=18220610, deviceId=-1, source=0x101 }
07-13 12:12:56.735  2107  2107 I Input   : injectKeyEvent: KeyEvent { action=ACTION_UP, keyCode=KEYCODE_DPAD_DOWN, scanCode=0, metaState=0, flags=0x0, repeatCount=0, eventTime=18220610, downTime=18220610, deviceId=-1, source=0x101 }
07-13 12:12:56.735  1336  1628 I AudioPolicyManagerCustom: FLAG None hence request for a primary output
07-13 12:12:56.736  1336  1628 I AudioPolicyManagerCustom: FLAG None hence request for a primary output
07-13 12:12:56.737  2107  2107 D AndroidRuntime: Shutting down VM
07-13 12:12:56.753  2301  2301 I GoogleInputMethod: onFinishInput() : Dummy InputConnection bound
07-13 12:12:56.754  2301  2301 I GoogleInputMethod: onStartInput() : Dummy InputConnection bound
07-13 12:12:56.834   784  2731 V audio_hw_primary: out_get_latency: Latency 10
07-13 12:12:56.874   784  2731 V audio_hw_primary: out_get_latency: Latency 10
07-13 12:12:57.244  2119  2119 W ADebug  : Failed to get property persist.sys.media.traces
07-13 12:12:57.263  2119  2119 D AndroidRuntime: >>>>>> START com.android.internal.os.RuntimeInit uid 2000 <<<<<<
07-13 12:12:57.382  2119  2119 I app_process: The ClassLoaderContext is a special shared library.
07-13 12:12:57.421  2119  2119 D AndroidRuntime: Calling main entry com.android.commands.input.Input
07-13 12:12:57.422  2119  2119 I Input   : injectKeyEvent: KeyEvent { action=ACTION_DOWN, keyCode=KEYCODE_ENTER, scanCode=0, metaState=0, flags=0x0, repeatCount=0, eventTime=18221304, downTime=18221304, deviceId=-1, source=0x101 }
07-13 12:12:57.427  2119  2119 I Input   : injectKeyEvent: KeyEvent { action=ACTION_UP, keyCode=KEYCODE_ENTER, scanCode=0, metaState=0, flags=0x0, repeatCount=0, eventTime=18221304, downTime=18221304, deviceId=-1, source=0x101 }
07-13 12:12:57.431  1336  1628 I AudioPolicyManagerCustom: FLAG None hence request for a primary output
07-13 12:12:57.435  2004  5536 I ActivityManager: START u0 {act=android.intent.action.MAIN cmp=com.android.settings/.SubSettings (has extras)} from uid 1000
07-13 12:12:57.432  1336  1628 I AudioPolicyManagerCustom: FLAG None hence request for a primary output
07-13 12:12:57.440  2004  5536 D ActivityTrigger: activityStartTrigger: Activity is Triggerred in full screen ApplicationInfo{68de9 com.android.settings}
07-13 12:12:57.440  2004  5536 E ActivityTrigger: activityStartTrigger: not whiteListedcom.android.settings/com.android.settings.SubSettings/27
07-13 12:12:57.440  2004  5536 D CompatibilityInfo: mCompatibilityFlags - 0
07-13 12:12:57.441  2004  5536 D CompatibilityInfo: applicationDensity - 480
07-13 12:12:57.441  2004  5536 D CompatibilityInfo: applicationScale - 1.0
07-13 12:12:57.441  2004  5536 D ActivityTrigger: activityResumeTrigger: The activity in ApplicationInfo{68de9 com.android.settings} is now in focus and seems to be in full-screen mode
07-13 12:12:57.441  2004  5536 E ActivityTrigger: activityResumeTrigger: not whiteListedcom.android.settings/com.android.settings.SubSettings/27
07-13 12:12:57.441  2004  5536 D ActivityTrigger: ActivityTrigger activityPauseTrigger 
07-13 12:12:57.446  2119  2119 D AndroidRuntime: Shutting down VM
07-13 12:12:57.447  2004  5536 D ActivityTrigger: activityResumeTrigger: The activity in ApplicationInfo{68de9 com.android.settings} is now in focus and seems to be in full-screen mode
07-13 12:12:57.448  2004  5536 E ActivityTrigger: activityResumeTrigger: not whiteListedcom.android.settings/com.android.settings.SubSettings/27
07-13 12:12:57.450  2004  5536 D CompatibilityInfo: mCompatibilityFlags - 0
07-13 12:12:57.450  2004  5536 D CompatibilityInfo: applicationDensity - 480
07-13 12:12:57.450  2004  5536 D CompatibilityInfo: applicationScale - 1.0
07-13 12:12:57.475  1875  1960 E ActivityThread: Failed to find provider info for com.qti.smq.qualcommFeedback.provider
07-13 12:12:57.499  1875  1875 D SubSettings: Launching fragment com.android.settings.accounts.UserAndAccountDashboardFragment
07-13 12:12:57.505  1875  1875 I zygote64: Deoptimizing int android.support.v4.util.SimpleArrayMap.indexOfKey(java.lang.Object) due to JIT same target
07-13 12:12:57.507  2004  5536 E UserRestrictionsUtils: Unknown restriction: null
07-13 12:12:57.526  1875  1991 D DatabaseIndexingManager: Indexing locale 'en_IN' took 11 millis
07-13 12:12:57.534   784  2731 V audio_hw_primary: out_get_latency: Latency 10
07-13 12:12:57.567  1875  2005 I zygote64: Deoptimizing java.util.List com.android.settingslib.drawer.TileUtils.getCategories(android.content.Context, java.util.Map, boolean, java.lang.String, java.lang.String) due to JIT inline cache
07-13 12:12:57.570  1875  2005 W TileUtils: Found com.android.settings.backup.BackupSettingsActivity for intent Intent { act=com.android.settings.action.SETTINGS pkg=com.android.settings } missing metadata com.android.settings.category
07-13 12:12:57.573   784  2731 V audio_hw_primary: out_get_latency: Latency 10
07-13 12:12:57.578  1875  2005 D Settings: No enabled state changed, skipping updateCategory call
07-13 12:12:57.595  1875  1875 I zygote64: Deoptimizing android.support.v7.widget.RecyclerView$ViewHolder android.support.v7.widget.RecyclerView$Recycler.tryGetViewHolderForPositionByDeadline(int, boolean, long) due to JIT inline cache
07-13 12:12:57.601  1875  1875 I zygote64: Deoptimizing void android.support.v7.widget.LinearLayoutManager.layoutChunk(android.support.v7.widget.RecyclerView$Recycler, android.support.v7.widget.RecyclerView$State, android.support.v7.widget.LinearLayoutManager$LayoutState, android.support.v7.widget.LinearLayoutManager$LayoutChunkResult) due to JIT inline cache
07-13 12:12:57.601  1875  1875 I zygote64: Deoptimizing void android.support.v7.widget.RecyclerView$LayoutManager.layoutDecoratedWithMargins(android.view.View, int, int, int, int) due to JIT inline cache
07-13 12:12:57.638  2301  2301 I GoogleInputMethod: onFinishInput() : Dummy InputConnection bound
07-13 12:12:57.638  2301  2301 I GoogleInputMethod: onStartInput() : Dummy InputConnection bound
07-13 12:12:57.671  2004  2056 I ActivityManager: Displayed com.android.settings/.SubSettings: +217ms
07-13 12:12:57.672   645   645 W /system/bin/hwservicemanager: getTransport: Cannot find entry vendor.qti.hardware.iop@1.0::IIop/default in either framework or device manifest.
07-13 12:12:57.672  2004  2056 E ANDR-PERF-JNI: Iop tryGetService failed
07-13 12:12:58.048  2004  2042 D ActivityTrigger: ActivityTrigger activityStopTrigger 
07-13 12:12:58.927  2145  2145 W ADebug  : Failed to get property persist.sys.media.traces
07-13 12:12:58.946  2145  2145 D AndroidRuntime: >>>>>> START com.android.internal.os.RuntimeInit uid 2000 <<<<<<
07-13 12:12:59.061  2145  2145 I app_process: The ClassLoaderContext is a special shared library.
07-13 12:12:59.097  2145  2145 D AndroidRuntime: Calling main entry com.android.commands.input.Input
07-13 12:12:59.098  2145  2145 I Input   : injectKeyEvent: KeyEvent { action=ACTION_DOWN, keyCode=KEYCODE_DPAD_DOWN, scanCode=0, metaState=0, flags=0x0, repeatCount=0, eventTime=18222980, downTime=18222980, deviceId=-1, source=0x101 }
07-13 12:12:59.102  2145  2145 I Input   : injectKeyEvent: KeyEvent { action=ACTION_UP, keyCode=KEYCODE_DPAD_DOWN, scanCode=0, metaState=0, flags=0x0, repeatCount=0, eventTime=18222980, downTime=18222980, deviceId=-1, source=0x101 }
07-13 12:12:59.102  1336  1628 I AudioPolicyManagerCustom: FLAG None hence request for a primary output
07-13 12:12:59.103  1336  1628 I AudioPolicyManagerCustom: FLAG None hence request for a primary output
07-13 12:12:59.104  2145  2145 D AndroidRuntime: Shutting down VM
07-13 12:12:59.113  2301  2301 I GoogleInputMethod: onFinishInput() : Dummy InputConnection bound
07-13 12:12:59.114  2301  2301 I GoogleInputMethod: onStartInput() : Dummy InputConnection bound
07-13 12:12:59.234   784  2731 V audio_hw_primary: out_get_latency: Latency 10
07-13 12:12:59.254   784  2731 V audio_hw_primary: out_get_latency: Latency 10
07-13 12:12:59.583  2166  2166 W ADebug  : Failed to get property persist.sys.media.traces
07-13 12:12:59.601  2166  2166 D AndroidRuntime: >>>>>> START com.android.internal.os.RuntimeInit uid 2000 <<<<<<
07-13 12:12:59.721  2166  2166 I app_process: The ClassLoaderContext is a special shared library.
07-13 12:12:59.760  2166  2166 D AndroidRuntime: Calling main entry com.android.commands.input.Input
07-13 12:12:59.760  2166  2166 I Input   : injectKeyEvent: KeyEvent { action=ACTION_DOWN, keyCode=KEYCODE_ENTER, scanCode=0, metaState=0, flags=0x0, repeatCount=0, eventTime=18223643, downTime=18223643, deviceId=-1, source=0x101 }
07-13 12:12:59.766  2166  2166 I Input   : injectKeyEvent: KeyEvent { action=ACTION_UP, keyCode=KEYCODE_ENTER, scanCode=0, metaState=0, flags=0x0, repeatCount=0, eventTime=18223643, downTime=18223643, deviceId=-1, source=0x101 }
07-13 12:12:59.769  1336  1628 I AudioPolicyManagerCustom: FLAG None hence request for a primary output
07-13 12:12:59.771  2004  5536 I ActivityManager: START u0 {act=android.intent.action.MAIN cmp=com.android.settings/.SubSettings (has extras)} from uid 1000
07-13 12:12:59.770  1336  1628 I AudioPolicyManagerCustom: FLAG None hence request for a primary output
07-13 12:12:59.776  2004  5536 D ActivityTrigger: activityStartTrigger: Activity is Triggerred in full screen ApplicationInfo{68de9 com.android.settings}
07-13 12:12:59.776  2004  5536 E ActivityTrigger: activityStartTrigger: not whiteListedcom.android.settings/com.android.settings.SubSettings/27
07-13 12:12:59.776  2004  5536 D CompatibilityInfo: mCompatibilityFlags - 0
07-13 12:12:59.776  2004  5536 D CompatibilityInfo: applicationDensity - 480
07-13 12:12:59.776  2004  5536 D CompatibilityInfo: applicationScale - 1.0
07-13 12:12:59.777  2004  5536 D ActivityTrigger: activityResumeTrigger: The activity in ApplicationInfo{68de9 com.android.settings} is now in focus and seems to be in full-screen mode
07-13 12:12:59.777  2004  5536 E ActivityTrigger: activityResumeTrigger: not whiteListedcom.android.settings/com.android.settings.SubSettings/27
07-13 12:12:59.777  2004  5536 D ActivityTrigger: ActivityTrigger activityPauseTrigger 
07-13 12:12:59.780  2166  2166 D AndroidRuntime: Shutting down VM
07-13 12:12:59.783  2004 18211 D ActivityTrigger: activityResumeTrigger: The activity in ApplicationInfo{68de9 com.android.settings} is now in focus and seems to be in full-screen mode
07-13 12:12:59.783  2004 18211 E ActivityTrigger: activityResumeTrigger: not whiteListedcom.android.settings/com.android.settings.SubSettings/27
07-13 12:12:59.784  2004 18211 D CompatibilityInfo: mCompatibilityFlags - 0
07-13 12:12:59.784  2004 18211 D CompatibilityInfo: applicationDensity - 480
07-13 12:12:59.784  2004 18211 D CompatibilityInfo: applicationScale - 1.0
07-13 12:12:59.803  1875  2000 E ActivityThread: Failed to find provider info for com.qti.smq.qualcommFeedback.provider
07-13 12:12:59.811  1875  1875 D SubSettings: Launching fragment com.android.settings.accounts.AccountDetailDashboardFragment
07-13 12:12:59.837  1875  1960 W TileUtils: Found com.android.settings.backup.BackupSettingsActivity for intent Intent { act=com.android.settings.action.SETTINGS pkg=com.android.settings } missing metadata com.android.settings.category
07-13 12:12:59.845  1875  1960 D Settings: No enabled state changed, skipping updateCategory call
07-13 12:12:59.853   827   827 D SurfaceFlinger: duplicate layer name: changing com.android.settings/com.android.settings.SubSettings to com.android.settings/com.android.settings.SubSettings#1
07-13 12:12:59.866  1875  1875 I zygote64: Deoptimizing int android.support.v7.widget.OrientationHelper$2.getDecoratedStart(android.view.View) due to JIT inline cache
07-13 12:12:59.874   784  2731 V audio_hw_primary: out_get_latency: Latency 10
07-13 12:12:59.875  2301  2301 I GoogleInputMethod: onFinishInput() : Dummy InputConnection bound
07-13 12:12:59.875  2301  2301 I GoogleInputMethod: onStartInput() : Dummy InputConnection bound
07-13 12:12:59.878  1875  1875 I zygote64: Deoptimizing android.view.View android.support.v7.widget.ViewBoundsCheck.findOneViewWithinBoundFlags(int, int, int, int) due to JIT inline cache
07-13 12:12:59.878  1875  1875 I zygote64: Deoptimizing int android.support.v7.widget.RecyclerView$LayoutManager$2.getChildStart(android.view.View) due to JIT inline cache
07-13 12:12:59.878  1875  1875 I zygote64: Deoptimizing int android.support.v7.widget.RecyclerView$LayoutManager$2.getChildEnd(android.view.View) due to JIT inline cache
07-13 12:12:59.878  1875  1875 I zygote64: Deoptimizing int android.support.v7.widget.OrientationHelper$2.getDecoratedEnd(android.view.View) due to JIT inline cache
07-13 12:12:59.900  2004  2056 I ActivityManager: Displayed com.android.settings/.SubSettings: +110ms
07-13 12:12:59.901   645   645 W /system/bin/hwservicemanager: getTransport: Cannot find entry vendor.qti.hardware.iop@1.0::IIop/default in either framework or device manifest.
07-13 12:12:59.901  2004  2056 E ANDR-PERF-JNI: Iop tryGetService failed
07-13 12:12:59.914   784  2731 V audio_hw_primary: out_get_latency: Latency 10
07-13 12:13:00.003  2315  2315 D KeyguardUpdateMonitor: received broadcast android.intent.action.TIME_TICK
07-13 12:13:00.003  2315  2315 D KeyguardUpdateMonitor: handleTimeUpdate
07-13 12:13:00.193  2214  2214 W ADebug  : Failed to get property persist.sys.media.traces
07-13 12:13:00.211  2214  2214 D AndroidRuntime: >>>>>> START com.android.internal.os.RuntimeInit uid 2000 <<<<<<
07-13 12:13:00.269  2004  2042 D ActivityTrigger: ActivityTrigger activityStopTrigger 
07-13 12:13:00.323  2214  2214 I app_process: The ClassLoaderContext is a special shared library.
07-13 12:13:00.359  2214  2214 D AndroidRuntime: Calling main entry com.android.commands.input.Input
07-13 12:13:00.359  2214  2214 I Input   : injectKeyEvent: KeyEvent { action=ACTION_DOWN, keyCode=KEYCODE_DPAD_DOWN, scanCode=0, metaState=0, flags=0x0, repeatCount=0, eventTime=18224242, downTime=18224242, deviceId=-1, source=0x101 }
07-13 12:13:00.364  1336  1628 I AudioPolicyManagerCustom: FLAG None hence request for a primary output
07-13 12:13:00.365  1336  1628 I AudioPolicyManagerCustom: FLAG None hence request for a primary output
07-13 12:13:00.365  2214  2214 I Input   : injectKeyEvent: KeyEvent { action=ACTION_UP, keyCode=KEYCODE_DPAD_DOWN, scanCode=0, metaState=0, flags=0x0, repeatCount=0, eventTime=18224242, downTime=18224242, deviceId=-1, source=0x101 }
07-13 12:13:00.366  2214  2214 D AndroidRuntime: Shutting down VM
07-13 12:13:00.381  2301  2301 I GoogleInputMethod: onFinishInput() : Dummy InputConnection bound
07-13 12:13:00.381  2301  2301 I GoogleInputMethod: onStartInput() : Dummy InputConnection bound
07-13 12:13:00.495   784  2731 V audio_hw_primary: out_get_latency: Latency 10
07-13 12:13:00.515   784  2731 V audio_hw_primary: out_get_latency: Latency 10
07-13 12:13:00.749  2302  2302 W ADebug  : Failed to get property persist.sys.media.traces
07-13 12:13:00.767  2302  2302 D AndroidRuntime: >>>>>> START com.android.internal.os.RuntimeInit uid 2000 <<<<<<
07-13 12:13:00.883  2302  2302 I app_process: The ClassLoaderContext is a special shared library.
07-13 12:13:00.921  2302  2302 D AndroidRuntime: Calling main entry com.android.commands.input.Input
07-13 12:13:00.921  2302  2302 I Input   : injectKeyEvent: KeyEvent { action=ACTION_DOWN, keyCode=KEYCODE_ENTER, scanCode=0, metaState=0, flags=0x0, repeatCount=0, eventTime=18224804, downTime=18224804, deviceId=-1, source=0x101 }
07-13 12:13:00.927  2302  2302 I Input   : injectKeyEvent: KeyEvent { action=ACTION_UP, keyCode=KEYCODE_ENTER, scanCode=0, metaState=0, flags=0x0, repeatCount=0, eventTime=18224804, downTime=18224804, deviceId=-1, source=0x101 }
07-13 12:13:00.932  2004 18211 I ActivityManager: START u0 {act=android.intent.action.MAIN cmp=com.android.settings/.SubSettings (has extras)} from uid 1000
07-13 12:13:00.933  1336  1630 I AudioPolicyManagerCustom: FLAG None hence request for a primary output
07-13 12:13:00.934  1336  1630 I AudioPolicyManagerCustom: FLAG None hence request for a primary output
07-13 12:13:00.937  2004 18211 D ActivityTrigger: activityStartTrigger: Activity is Triggerred in full screen ApplicationInfo{68de9 com.android.settings}
07-13 12:13:00.937  2004 18211 E ActivityTrigger: activityStartTrigger: not whiteListedcom.android.settings/com.android.settings.SubSettings/27
07-13 12:13:00.937  2004 18211 D CompatibilityInfo: mCompatibilityFlags - 0
07-13 12:13:00.937  2004 18211 D CompatibilityInfo: applicationDensity - 480
07-13 12:13:00.937  2004 18211 D CompatibilityInfo: applicationScale - 1.0
07-13 12:13:00.937  2004 18211 D ActivityTrigger: activityResumeTrigger: The activity in ApplicationInfo{68de9 com.android.settings} is now in focus and seems to be in full-screen mode
07-13 12:13:00.937  2004 18211 E ActivityTrigger: activityResumeTrigger: not whiteListedcom.android.settings/com.android.settings.SubSettings/27
07-13 12:13:00.937  2004 18211 D ActivityTrigger: ActivityTrigger activityPauseTrigger 
07-13 12:13:00.940  2302  2302 D AndroidRuntime: Shutting down VM
07-13 12:13:00.945  2004  4913 D ActivityTrigger: activityResumeTrigger: The activity in ApplicationInfo{68de9 com.android.settings} is now in focus and seems to be in full-screen mode
07-13 12:13:00.945  2004  4913 E ActivityTrigger: activityResumeTrigger: not whiteListedcom.android.settings/com.android.settings.SubSettings/27
07-13 12:13:00.946  2004  4913 D CompatibilityInfo: mCompatibilityFlags - 0
07-13 12:13:00.946  2004  4913 D CompatibilityInfo: applicationDensity - 480
07-13 12:13:00.946  2004  4913 D CompatibilityInfo: applicationScale - 1.0
07-13 12:13:00.961  1875  2005 E ActivityThread: Failed to find provider info for com.qti.smq.qualcommFeedback.provider
07-13 12:13:00.969  1875  1875 D SubSettings: Launching fragment com.android.settings.accounts.AccountSyncSettings
07-13 12:13:00.999  1875  2000 W TileUtils: Found com.android.settings.backup.BackupSettingsActivity for intent Intent { act=com.android.settings.action.SETTINGS pkg=com.android.settings } missing metadata com.android.settings.category
07-13 12:13:01.006  1875  2000 D Settings: No enabled state changed, skipping updateCategory call
07-13 12:13:01.035   784  2731 V audio_hw_primary: out_get_latency: Latency 10
07-13 12:13:01.068  1875  1875 D android.widget.GridLayout: vertical constraints: y2-y0>=168, y1-y0>=79, y2-y0<=144 are inconsistent; permanently removing: y2-y0<=144. 
07-13 12:13:01.075   784  2731 V audio_hw_primary: out_get_latency: Latency 10
07-13 12:13:01.101  1875  1924 I zygote64: Do full code cache collection, code=123KB, data=107KB
07-13 12:13:01.101  1875  1924 I zygote64: After code cache collection, code=79KB, data=49KB
07-13 12:13:01.138  2004  2056 I ActivityManager: Displayed com.android.settings/.SubSettings: +190ms
07-13 12:13:01.139  2301  2301 I GoogleInputMethod: onFinishInput() : Dummy InputConnection bound
