07-13 12:13:14.242   784  6848 D qc_adm  : ns 3695782 > expected_ns 3000000 (skipped 95)
07-13 12:13:14.251   784  6848 D qc_adm  : ns 3602293 > expected_ns 3000000 (skipped 95)
07-13 12:13:14.259   784  6848 D qc_adm  : ns 3662970 > expected_ns 3000000 (skipped 95)
07-13 12:13:14.267   784  6848 D qc_adm  : ns 3663282 > expected_ns 3000000 (skipped 95)
07-13 12:13:14.275   784  6848 D qc_adm  : ns 3657709 > expected_ns 3000000 (skipped 95)
07-13 12:13:14.282   784  6848 D qc_adm  : ns 3721668 > expected_ns 3000000 (skipped 95)
07-13 12:13:14.290   784  6848 D qc_adm  : ns 3697136 > expected_ns 3000000 (skipped 95)
07-13 12:13:14.455  2517  2517 W ADebug  : Failed to get property persist.sys.media.traces
07-13 12:13:14.473  2517  2517 D AndroidRuntime: >>>>>> START com.android.internal.os.RuntimeInit uid 2000 <<<<<<
07-13 12:13:14.590  2517  2517 I app_process: The ClassLoaderContext is a special shared library.
07-13 12:13:14.615   784  6848 D qc_adm  : ns 3508439 > expected_ns 3000000 (skipped 95)
07-13 12:13:14.629  2517  2517 D AndroidRuntime: Calling main entry com.android.commands.input.Input
07-13 12:13:14.630  2517  2517 I Input   : injectKeyEvent: KeyEvent { action=ACTION_DOWN, keyCode=KEYCODE_ENTER, scanCode=0, metaState=0, flags=0x0, repeatCount=0, eventTime=18238513, downTime=18238513, deviceId=-1, source=0x101 }
07-13 12:13:14.635  2517  2517 I Input   : injectKeyEvent: KeyEvent { action=ACTION_UP, keyCode=KEYCODE_ENTER, scanCode=0, metaState=0, flags=0x0, repeatCount=0, eventTime=18238513, downTime=18238513, deviceId=-1, source=0x101 }
07-13 12:13:14.641  2004  5536 I ActivityManager: START u0 {act=android.intent.action.MAIN cmp=com.android.settings/.SubSettings (has extras)} from uid 1000
07-13 12:13:14.642  1336  1630 I AudioPolicyManagerCustom: FLAG None hence request for a primary output
07-13 12:13:14.643  1336  1628 I AudioPolicyManagerCustom: FLAG None hence request for a primary output
07-13 12:13:14.648  2004  5536 D ActivityTrigger: activityStartTrigger: Activity is Triggerred in full screen ApplicationInfo{68de9 com.android.settings}
07-13 12:13:14.648  2004  5536 E ActivityTrigger: activityStartTrigger: not whiteListedcom.android.settings/com.android.settings.SubSettings/27
07-13 12:13:14.648  2004  5536 D CompatibilityInfo: mCompatibilityFlags - 0
07-13 12:13:14.648  2004  5536 D CompatibilityInfo: applicationDensity - 480
07-13 12:13:14.648  2004  5536 D CompatibilityInfo: applicationScale - 1.0
07-13 12:13:14.649  2004  5536 D ActivityTrigger: activityResumeTrigger: The activity in ApplicationInfo{68de9 com.android.settings} is now in focus and seems to be in full-screen mode
07-13 12:13:14.649  2004  5536 E ActivityTrigger: activityResumeTrigger: not whiteListedcom.android.settings/com.android.settings.SubSettings/27
07-13 12:13:14.649  2004  5536 D ActivityTrigger: ActivityTrigger activityPauseTrigger 
07-13 12:13:14.652  2517  2517 D AndroidRuntime: Shutting down VM
07-13 12:13:14.652  2004  5536 D ActivityTrigger: activityResumeTrigger: The activity in ApplicationInfo{68de9 com.android.settings} is now in focus and seems to be in full-screen mode
07-13 12:13:14.652  2004  5536 E ActivityTrigger: activityResumeTrigger: not whiteListedcom.android.settings/com.android.settings.SubSettings/27
07-13 12:13:14.654  2004  5536 D CompatibilityInfo: mCompatibilityFlags - 0
07-13 12:13:14.654  2004  5536 D CompatibilityInfo: applicationDensity - 480
07-13 12:13:14.654  2004  5536 D CompatibilityInfo: applicationScale - 1.0
07-13 12:13:14.677  1875  2005 E ActivityThread: Failed to find provider info for com.qti.smq.qualcommFeedback.provider
07-13 12:13:14.698  1875  1875 D SubSettings: Launching fragment com.android.settings.accounts.UserAndAccountDashboardFragment
07-13 12:13:14.702  1875  1875 I zygote64: Deoptimizing int android.support.v4.util.SimpleArrayMap.indexOfKey(java.lang.Object) due to JIT same target
07-13 12:13:14.703  2004 18211 E UserRestrictionsUtils: Unknown restriction: null
07-13 12:13:14.717  1875  1991 D DatabaseIndexingManager: Indexing locale 'en_IN' took 9 millis
07-13 12:13:14.741   784  2731 V audio_hw_primary: out_get_latency: Latency 10
07-13 12:13:14.755  1875  1991 W TileUtils: Found com.android.settings.backup.BackupSettingsActivity for intent Intent { act=com.android.settings.action.SETTINGS pkg=com.android.settings } missing metadata com.android.settings.category
07-13 12:13:14.763  1875  1991 D Settings: No enabled state changed, skipping updateCategory call
07-13 12:13:14.769  1875  1875 I zygote64: Deoptimizing void android.support.v7.preference.Preference.onBindViewHolder(android.support.v7.preference.PreferenceViewHolder) due to JIT inline cache
07-13 12:13:14.781   784  2731 V audio_hw_primary: out_get_latency: Latency 10
07-13 12:13:14.790  1875  1875 I zygote64: Deoptimizing void android.support.v7.preference.TwoStatePreference.syncSummaryView(android.view.View) due to JIT inline cache
07-13 12:13:14.801  2301  2301 I GoogleInputMethod: onFinishInput() : Dummy InputConnection bound
07-13 12:13:14.801  2301  2301 I GoogleInputMethod: onStartInput() : Dummy InputConnection bound
07-13 12:13:14.830  2004  2056 I ActivityManager: Displayed com.android.settings/.SubSettings: +172ms
07-13 12:13:14.831   645   645 W /system/bin/hwservicemanager: getTransport: Cannot find entry vendor.qti.hardware.iop@1.0::IIop/default in either framework or device manifest.
07-13 12:13:14.832  2004  2056 E ANDR-PERF-JNI: Iop tryGetService failed
07-13 12:13:15.222  2004  2042 D ActivityTrigger: ActivityTrigger activityStopTrigger 
07-13 12:13:15.223   784  6848 D qc_adm  : ns 3511980 > expected_ns 3000000 (skipped 130)
07-13 12:13:15.231   784  6848 D qc_adm  : ns 3518855 > expected_ns 3000000 (skipped 130)
07-13 12:13:15.234   784  6848 D qc_adm  : ns 3800366 > expected_ns 3000000 (skipped 130)
07-13 12:13:15.242   784  6848 D qc_adm  : ns 3724897 > expected_ns 3000000 (skipped 130)
07-13 12:13:15.259   784  6848 D qc_adm  : ns 3541720 > expected_ns 3000000 (skipped 130)
07-13 12:13:15.262   784  6848 D qc_adm  : ns 3785939 > expected_ns 3000000 (skipped 130)
07-13 12:13:15.271   784  6848 D qc_adm  : ns 3535210 > expected_ns 3000000 (skipped 130)
07-13 12:13:15.279   784  6848 D qc_adm  : ns 3567710 > expected_ns 3000000 (skipped 130)
07-13 12:13:15.287   784  6848 D qc_adm  : ns 3558647 > expected_ns 3000000 (skipped 130)
07-13 12:13:15.290   784  6848 D qc_adm  : ns 3811512 > expected_ns 3000000 (skipped 130)
07-13 12:13:15.859   784  6848 D qc_adm  : ns 3635991 > expected_ns 3000000 (skipped 130)
07-13 12:13:15.869  2004  2004 D CompatibilityInfo: mCompatibilityFlags - 0
07-13 12:13:15.869  2004  2004 D CompatibilityInfo: applicationDensity - 480
07-13 12:13:15.869  2004  2004 D CompatibilityInfo: applicationScale - 1.0
07-13 12:13:16.045  1322  1355 D         : DpmQmiMgr areAllIfaceActive 
07-13 12:13:16.138  2544  2544 W ADebug  : Failed to get property persist.sys.media.traces
07-13 12:13:16.155  2544  2544 D AndroidRuntime: >>>>>> START com.android.internal.os.RuntimeInit uid 2000 <<<<<<
07-13 12:13:16.176  1346  1485 E NetlinkEvent: NetlinkEvent::FindParam(): Parameter 'INTERFACE' not found
07-13 12:13:16.176  1346  1485 E NetlinkEvent: NetlinkEvent::FindParam(): Parameter 'STATE' not found
07-13 12:13:16.176  1346  1485 E NetlinkEvent: NetlinkEvent::FindParam(): Parameter 'TIME_NS' not found
07-13 12:13:16.176  1346  1485 E NetlinkEvent: NetlinkEvent::FindParam(): Parameter 'UID' not found
07-13 12:13:16.230   784  6848 D qc_adm  : ns 3680679 > expected_ns 3000000 (skipped 162)
07-13 12:13:16.238   784  6848 D qc_adm  : ns 3719272 > expected_ns 3000000 (skipped 162)
07-13 12:13:16.246   784  6848 D qc_adm  : ns 3756095 > expected_ns 3000000 (skipped 162)
07-13 12:13:16.254   784  6848 D qc_adm  : ns 3791460 > expected_ns 3000000 (skipped 162)
07-13 12:13:16.258   784  6848 D qc_adm  : ns 4517397 > expected_ns 4000000 (skipped 162)
07-13 12:13:16.266   784  6848 D qc_adm  : ns 3799481 > expected_ns 3000000 (skipped 162)
07-13 12:13:16.269  2544  2544 I app_process: The ClassLoaderContext is a special shared library.
07-13 12:13:16.274   784  6848 D qc_adm  : ns 3754012 > expected_ns 3000000 (skipped 162)
07-13 12:13:16.306  2544  2544 D AndroidRuntime: Calling main entry com.android.commands.input.Input
07-13 12:13:16.307  2544  2544 I Input   : injectKeyEvent: KeyEvent { action=ACTION_DOWN, keyCode=KEYCODE_DPAD_DOWN, scanCode=0, metaState=0, flags=0x0, repeatCount=0, eventTime=18240189, downTime=18240189, deviceId=-1, source=0x101 }
07-13 12:13:16.314  2544  2544 I Input   : injectKeyEvent: KeyEvent { action=ACTION_UP, keyCode=KEYCODE_DPAD_DOWN, scanCode=0, metaState=0, flags=0x0, repeatCount=0, eventTime=18240189, downTime=18240189, deviceId=-1, source=0x101 }
07-13 12:13:16.314  1336  1628 I AudioPolicyManagerCustom: FLAG None hence request for a primary output
07-13 12:13:16.316  1336  1628 I AudioPolicyManagerCustom: FLAG None hence request for a primary output
07-13 12:13:16.317  2544  2544 D AndroidRuntime: Shutting down VM
07-13 12:13:16.321  2301  2301 I GoogleInputMethod: onFinishInput() : Dummy InputConnection bound
07-13 12:13:16.322  2301  2301 I GoogleInputMethod: onStartInput() : Dummy InputConnection bound
07-13 12:13:16.343   784  6848 D qc_adm  : ns 3504689 > expected_ns 3000000 (skipped 162)
07-13 12:13:16.347   784  6848 D qc_adm  : ns 3542814 > expected_ns 3000000 (skipped 162)
07-13 12:13:16.375   784  6848 D qc_adm  : ns 3534533 > expected_ns 3000000 (skipped 162)
07-13 12:13:16.379   784  6848 D qc_adm  : ns 3657918 > expected_ns 3000000 (skipped 162)
07-13 12:13:16.422   784  2731 V audio_hw_primary: out_get_latency: Latency 10
07-13 12:13:16.461   784  2731 V audio_hw_primary: out_get_latency: Latency 10
07-13 12:13:16.811  2581  2581 W ADebug  : Failed to get property persist.sys.media.traces
07-13 12:13:16.829  2581  2581 D AndroidRuntime: >>>>>> START com.android.internal.os.RuntimeInit uid 2000 <<<<<<
07-13 12:13:16.950  2581  2581 I app_process: The ClassLoaderContext is a special shared library.
07-13 12:13:16.990  2581  2581 D AndroidRuntime: Calling main entry com.android.commands.input.Input
07-13 12:13:16.990  2581  2581 I Input   : injectKeyEvent: KeyEvent { action=ACTION_DOWN, keyCode=KEYCODE_ENTER, scanCode=0, metaState=0, flags=0x0, repeatCount=0, eventTime=18240873, downTime=18240873, deviceId=-1, source=0x101 }
07-13 12:13:16.996  2581  2581 I Input   : injectKeyEvent: KeyEvent { action=ACTION_UP, keyCode=KEYCODE_ENTER, scanCode=0, metaState=0, flags=0x0, repeatCount=0, eventTime=18240873, downTime=18240873, deviceId=-1, source=0x101 }
07-13 12:13:17.000  1336  1630 I AudioPolicyManagerCustom: FLAG None hence request for a primary output
07-13 12:13:17.002  2004 18211 I ActivityManager: START u0 {act=android.intent.action.MAIN cmp=com.android.settings/.SubSettings (has extras)} from uid 1000
07-13 12:13:17.000  1336  1630 I AudioPolicyManagerCustom: FLAG None hence request for a primary output
07-13 12:13:17.007  2004 18211 D ActivityTrigger: activityStartTrigger: Activity is Triggerred in full screen ApplicationInfo{68de9 com.android.settings}
07-13 12:13:17.007  2004 18211 E ActivityTrigger: activityStartTrigger: not whiteListedcom.android.settings/com.android.settings.SubSettings/27
07-13 12:13:17.007  2004 18211 D CompatibilityInfo: mCompatibilityFlags - 0
07-13 12:13:17.007  2004 18211 D CompatibilityInfo: applicationDensity - 480
07-13 12:13:17.007  2004 18211 D CompatibilityInfo: applicationScale - 1.0
07-13 12:13:17.008  2004 18211 D ActivityTrigger: activityResumeTrigger: The activity in ApplicationInfo{68de9 com.android.settings} is now in focus and seems to be in full-screen mode
07-13 12:13:17.008  2004 18211 E ActivityTrigger: activityResumeTrigger: not whiteListedcom.android.settings/com.android.settings.SubSettings/27
07-13 12:13:17.008  2004 18211 D ActivityTrigger: ActivityTrigger activityPauseTrigger 
07-13 12:13:17.011  2581  2581 D AndroidRuntime: Shutting down VM
07-13 12:13:17.013  2004  5536 D ActivityTrigger: activityResumeTrigger: The activity in ApplicationInfo{68de9 com.android.settings} is now in focus and seems to be in full-screen mode
07-13 12:13:17.013  2004  5536 E ActivityTrigger: activityResumeTrigger: not whiteListedcom.android.settings/com.android.settings.SubSettings/27
07-13 12:13:17.014  2004  5536 D CompatibilityInfo: mCompatibilityFlags - 0
07-13 12:13:17.014  2004  5536 D CompatibilityInfo: applicationDensity - 480
07-13 12:13:17.014  2004  5536 D CompatibilityInfo: applicationScale - 1.0
07-13 12:13:17.031  1875  1960 E ActivityThread: Failed to find provider info for com.qti.smq.qualcommFeedback.provider
07-13 12:13:17.040  1875  1875 D SubSettings: Launching fragment com.android.settings.accounts.AccountDetailDashboardFragment
07-13 12:13:17.065  1875  2005 W TileUtils: Found com.android.settings.backup.BackupSettingsActivity for intent Intent { act=com.android.settings.action.SETTINGS pkg=com.android.settings } missing metadata com.android.settings.category
07-13 12:13:17.072  1875  2005 D Settings: No enabled state changed, skipping updateCategory call
07-13 12:13:17.080   827   827 D SurfaceFlinger: duplicate layer name: changing com.android.settings/com.android.settings.SubSettings to com.android.settings/com.android.settings.SubSettings#1
07-13 12:13:17.099  2301  2301 I GoogleInputMethod: onFinishInput() : Dummy InputConnection bound
07-13 12:13:17.099  2301  2301 I GoogleInputMethod: onStartInput() : Dummy InputConnection bound
07-13 12:13:17.101   784  2731 V audio_hw_primary: out_get_latency: Latency 10
07-13 12:13:17.120  2004  2056 I ActivityManager: Displayed com.android.settings/.SubSettings: +102ms
07-13 12:13:17.121   645   645 W /system/bin/hwservicemanager: getTransport: Cannot find entry vendor.qti.hardware.iop@1.0::IIop/default in either framework or device manifest.
07-13 12:13:17.121  2004  2056 E ANDR-PERF-JNI: Iop tryGetService failed
07-13 12:13:17.141   784  2731 V audio_hw_primary: out_get_latency: Latency 10
07-13 12:13:17.145  1875  1924 I zygote64: Do full code cache collection, code=244KB, data=163KB
07-13 12:13:17.145  1875  1924 I zygote64: After code cache collection, code=205KB, data=124KB
07-13 12:13:17.239   784  6848 D qc_adm  : ns 3590315 > expected_ns 3000000 (skipped 212)
07-13 12:13:17.255   784  6848 D qc_adm  : ns 3571721 > expected_ns 3000000 (skipped 212)
07-13 12:13:17.271   784  6848 D qc_adm  : ns 3544429 > expected_ns 3000000 (skipped 212)
07-13 12:13:17.323   784  6848 D qc_adm  : ns 3506669 > expected_ns 3000000 (skipped 212)
07-13 12:13:17.326   784  6848 D qc_adm  : ns 3739481 > expected_ns 3000000 (skipped 212)
07-13 12:13:17.403   784  6848 D qc_adm  : ns 3653544 > expected_ns 3000000 (skipped 212)
07-13 12:13:17.411   784  6848 D qc_adm  : ns 3570992 > expected_ns 3000000 (skipped 212)
07-13 12:13:17.418   784  6848 D qc_adm  : ns 3699273 > expected_ns 3000000 (skipped 212)
07-13 12:13:17.427   784  6848 D qc_adm  : ns 3528388 > expected_ns 3000000 (skipped 212)
07-13 12:13:17.431  2616  2616 W ADebug  : Failed to get property persist.sys.media.traces
07-13 12:13:17.435   784  6848 D qc_adm  : ns 3631565 > expected_ns 3000000 (skipped 212)
07-13 12:13:17.438   784  6848 D qc_adm  : ns 3774585 > expected_ns 3000000 (skipped 212)
07-13 12:13:17.449  2616  2616 D AndroidRuntime: >>>>>> START com.android.internal.os.RuntimeInit uid 2000 <<<<<<
07-13 12:13:17.519  2004  2042 D ActivityTrigger: ActivityTrigger activityStopTrigger 
07-13 12:13:17.565  2616  2616 I app_process: The ClassLoaderContext is a special shared library.
07-13 12:13:17.602  2616  2616 D AndroidRuntime: Calling main entry com.android.commands.input.Input
07-13 12:13:17.602  2616  2616 I Input   : injectKeyEvent: KeyEvent { action=ACTION_DOWN, keyCode=KEYCODE_DPAD_DOWN, scanCode=0, metaState=0, flags=0x0, repeatCount=0, eventTime=18241485, downTime=18241485, deviceId=-1, source=0x101 }
07-13 12:13:17.609  2616  2616 I Input   : injectKeyEvent: KeyEvent { action=ACTION_UP, keyCode=KEYCODE_DPAD_DOWN, scanCode=0, metaState=0, flags=0x0, repeatCount=0, eventTime=18241485, downTime=18241485, deviceId=-1, source=0x101 }
07-13 12:13:17.610  1336  1630 I AudioPolicyManagerCustom: FLAG None hence request for a primary output
07-13 12:13:17.612  1336  1630 I AudioPolicyManagerCustom: FLAG None hence request for a primary output
07-13 12:13:17.615  2301  2301 I GoogleInputMethod: onFinishInput() : Dummy InputConnection bound
07-13 12:13:17.616  2301  2301 I GoogleInputMethod: onStartInput() : Dummy InputConnection bound
07-13 12:13:17.618  2616  2616 D AndroidRuntime: Shutting down VM
07-13 12:13:17.741   784  2731 V audio_hw_primary: out_get_latency: Latency 10
07-13 12:13:17.762   784  2731 V audio_hw_primary: out_get_latency: Latency 10
07-13 12:13:18.102  2632  2632 W ADebug  : Failed to get property persist.sys.media.traces
07-13 12:13:18.120  2632  2632 D AndroidRuntime: >>>>>> START com.android.internal.os.RuntimeInit uid 2000 <<<<<<
07-13 12:13:18.241  2632  2632 I app_process: The ClassLoaderContext is a special shared library.
07-13 12:13:18.280  2632  2632 D AndroidRuntime: Calling main entry com.android.commands.input.Input
07-13 12:13:18.280  2632  2632 I Input   : injectKeyEvent: KeyEvent { action=ACTION_DOWN, keyCode=KEYCODE_ENTER, scanCode=0, metaState=0, flags=0x0, repeatCount=0, eventTime=18242163, downTime=18242163, deviceId=-1, source=0x101 }
07-13 12:13:18.285  2632  2632 I Input   : injectKeyEvent: KeyEvent { action=ACTION_UP, keyCode=KEYCODE_ENTER, scanCode=0, metaState=0, flags=0x0, repeatCount=0, eventTime=18242163, downTime=18242163, deviceId=-1, source=0x101 }
07-13 12:13:18.289  1336  1630 I AudioPolicyManagerCustom: FLAG None hence request for a primary output
07-13 12:13:18.290  2004 18211 I ActivityManager: START u0 {act=android.intent.action.MAIN cmp=com.android.settings/.SubSettings (has extras)} from uid 1000
07-13 12:13:18.290  1336  1630 I AudioPolicyManagerCustom: FLAG None hence request for a primary output
07-13 12:13:18.295   784  6848 D qc_adm  : ns 3601669 > expected_ns 3000000 (skipped 242)
07-13 12:13:18.295  2004 18211 D ActivityTrigger: activityStartTrigger: Activity is Triggerred in full screen ApplicationInfo{68de9 com.android.settings}
07-13 12:13:18.295  2004 18211 E ActivityTrigger: activityStartTrigger: not whiteListedcom.android.settings/com.android.settings.SubSettings/27
07-13 12:13:18.295  2004 18211 D CompatibilityInfo: mCompatibilityFlags - 0
07-13 12:13:18.295  2004 18211 D CompatibilityInfo: applicationDensity - 480
07-13 12:13:18.295  2004 18211 D CompatibilityInfo: applicationScale - 1.0
07-13 12:13:18.295  2004 18211 D ActivityTrigger: activityResumeTrigger: The activity in ApplicationInfo{68de9 com.android.settings} is now in focus and seems to be in full-screen mode
07-13 12:13:18.296  2004 18211 E ActivityTrigger: activityResumeTrigger: not whiteListedcom.android.settings/com.android.settings.SubSettings/27
07-13 12:13:18.296  2004 18211 D ActivityTrigger: ActivityTrigger activityPauseTrigger 
07-13 12:13:18.299  2632  2632 D AndroidRuntime: Shutting down VM
07-13 12:13:18.301  2004 18211 D ActivityTrigger: activityResumeTrigger: The activity in ApplicationInfo{68de9 com.android.settings} is now in focus and seems to be in full-screen mode
07-13 12:13:18.301  2004 18211 E ActivityTrigger: activityResumeTrigger: not whiteListedcom.android.settings/com.android.settings.SubSettings/27
07-13 12:13:18.302  2004 18211 D CompatibilityInfo: mCompatibilityFlags - 0
07-13 12:13:18.302  2004 18211 D CompatibilityInfo: applicationDensity - 480
07-13 12:13:18.302  2004 18211 D CompatibilityInfo: applicationScale - 1.0
07-13 12:13:18.303   784  6848 D qc_adm  : ns 3648805 > expected_ns 3000000 (skipped 242)
07-13 12:13:18.310   784  6848 D qc_adm  : ns 3666305 > expected_ns 3000000 (skipped 242)
07-13 12:13:18.317  1875  1991 E ActivityThread: Failed to find provider info for com.qti.smq.qualcommFeedback.provider
07-13 12:13:18.319   784  6848 D qc_adm  : ns 3592242 > expected_ns 3000000 (skipped 242)
07-13 12:13:18.326  1875  1875 D SubSettings: Launching fragment com.android.settings.accounts.AccountSyncSettings
07-13 12:13:18.326   784  6848 D qc_adm  : ns 3684169 > expected_ns 3000000 (skipped 242)
07-13 12:13:18.334   784  6848 D qc_adm  : ns 3766252 > expected_ns 3000000 (skipped 242)
07-13 12:13:18.342   784  6848 D qc_adm  : ns 3689950 > expected_ns 3000000 (skipped 242)
07-13 12:13:18.348  1875  1960 W TileUtils: Found com.android.settings.backup.BackupSettingsActivity for intent Intent { act=com.android.settings.action.SETTINGS pkg=com.android.settings } missing metadata com.android.settings.category
07-13 12:13:18.350   784  6848 D qc_adm  : ns 3661409 > expected_ns 3000000 (skipped 242)
07-13 12:13:18.354  1875  1960 D Settings: No enabled state changed, skipping updateCategory call
07-13 12:13:18.358   784  6848 D qc_adm  : ns 3670471 > expected_ns 3000000 (skipped 242)
07-13 12:13:18.366   784  6848 D qc_adm  : ns 3797242 > expected_ns 3000000 (skipped 242)
07-13 12:13:18.374   784  6848 D qc_adm  : ns 3704898 > expected_ns 3000000 (skipped 242)
07-13 12:13:18.407  1875  1875 D android.widget.GridLayout: vertical constraints: y2-y0>=168, y1-y0>=79, y2-y0<=144 are inconsistent; permanently removing: y2-y0<=144. 
07-13 12:13:18.418  2301  2301 I GoogleInputMethod: onFinishInput() : Dummy InputConnection bound
07-13 12:13:18.418  2301  2301 I GoogleInputMethod: onStartInput() : Dummy InputConnection bound
07-13 12:13:18.421   784  2731 V audio_hw_primary: out_get_latency: Latency 10
07-13 12:13:18.441   784  2731 V audio_hw_primary: out_get_latency: Latency 10
07-13 12:13:18.471  2004  2056 I ActivityManager: Displayed com.android.settings/.SubSettings: +160ms
07-13 12:13:18.471   645   645 W /system/bin/hwservicemanager: getTransport: Cannot find entry vendor.qti.hardware.iop@1.0::IIop/default in either framework or device manifest.
07-13 12:13:18.472  2004  2056 E ANDR-PERF-JNI: Iop tryGetService failed
07-13 12:13:18.654  2648  2648 W ADebug  : Failed to get property persist.sys.media.traces
07-13 12:13:18.672  2648  2648 D AndroidRuntime: >>>>>> START com.android.internal.os.RuntimeInit uid 2000 <<<<<<
07-13 12:13:18.788  2648  2648 I app_process: The ClassLoaderContext is a special shared library.
07-13 12:13:18.828  2648  2648 D AndroidRuntime: Calling main entry com.android.commands.input.Input
07-13 12:13:18.829  2648  2648 I Input   : injectKeyEvent: KeyEvent { action=ACTION_DOWN, keyCode=KEYCODE_DPAD_DOWN, scanCode=0, metaState=0, flags=0x0, repeatCount=0, eventTime=18242711, downTime=18242711, deviceId=-1, source=0x101 }
07-13 12:13:18.837  1336  1630 I AudioPolicyManagerCustom: FLAG None hence request for a primary output
07-13 12:13:18.837  2648  2648 I Input   : injectKeyEvent: KeyEvent { action=ACTION_UP, keyCode=KEYCODE_DPAD_DOWN, scanCode=0, metaState=0, flags=0x0, repeatCount=0, eventTime=18242711, downTime=18242711, deviceId=-1, source=0x101 }
07-13 12:13:18.837  1336  1630 I AudioPolicyManagerCustom: FLAG None hence request for a primary output
07-13 12:13:18.839  2648  2648 D AndroidRuntime: Shutting down VM
07-13 12:13:18.851  2301  2301 I GoogleInputMethod: onFinishInput() : Dummy InputConnection bound
07-13 12:13:18.851  2301  2301 I GoogleInputMethod: onStartInput() : Dummy InputConnection bound
07-13 12:13:18.855  2004  2042 D ActivityTrigger: ActivityTrigger activityStopTrigger 
07-13 12:13:18.962   784  2731 V audio_hw_primary: out_get_latency: Latency 10
07-13 12:13:18.981   784  2731 V audio_hw_primary: out_get_latency: Latency 10
07-13 12:13:19.281  2660  2660 W ADebug  : Failed to get property persist.sys.media.traces
07-13 12:13:19.299  2660  2660 D AndroidRuntime: >>>>>> START com.android.internal.os.RuntimeInit uid 2000 <<<<<<
07-13 12:13:19.387   784  6848 D qc_adm  : ns 3507503 > expected_ns 3000000 (skipped 295)
07-13 12:13:19.391   784  6848 D qc_adm  : ns 3541878 > expected_ns 3000000 (skipped 295)
07-13 12:13:19.403   784  6848 D qc_adm  : ns 3507607 > expected_ns 3000000 (skipped 295)
07-13 12:13:19.406   784  6848 D qc_adm  : ns 3791513 > expected_ns 3000000 (skipped 295)
07-13 12:13:19.418  2660  2660 I app_process: The ClassLoaderContext is a special shared library.
07-13 12:13:19.439   784  6848 D qc_adm  : ns 3612347 > expected_ns 3000000 (skipped 295)
07-13 12:13:19.446   784  6848 D qc_adm  : ns 3723336 > expected_ns 3000000 (skipped 295)
07-13 12:13:19.454   784  6848 D qc_adm  : ns 3722659 > expected_ns 3000000 (skipped 295)
07-13 12:13:19.457  2660  2660 D AndroidRuntime: Calling main entry com.android.commands.input.Input
07-13 12:13:19.458  2660  2660 I Input   : injectKeyEvent: KeyEvent { action=ACTION_DOWN, keyCode=KEYCODE_DPAD_DOWN, scanCode=0, metaState=0, flags=0x0, repeatCount=0, eventTime=18243340, downTime=18243340, deviceId=-1, source=0x101 }
07-13 12:13:19.462  2660  2660 I Input   : injectKeyEvent: KeyEvent { action=ACTION_UP, keyCode=KEYCODE_DPAD_DOWN, scanCode=0, metaState=0, flags=0x0, repeatCount=0, eventTime=18243340, downTime=18243340, deviceId=-1, source=0x101 }
07-13 12:13:19.462  1336  1630 I AudioPolicyManagerCustom: FLAG None hence request for a primary output
07-13 12:13:19.463   784  6848 D qc_adm  : ns 3592399 > expected_ns 3000000 (skipped 295)
07-13 12:13:19.463  1336  1630 I AudioPolicyManagerCustom: FLAG None hence request for a primary output
07-13 12:13:19.464  2660  2660 D AndroidRuntime: Shutting down VM
07-13 12:13:19.471   784  6848 D qc_adm  : ns 3625888 > expected_ns 3000000 (skipped 295)
07-13 12:13:19.475  2301  2301 I GoogleInputMethod: onFinishInput() : Dummy InputConnection bound
07-13 12:13:19.475  2301  2301 I GoogleInputMethod: onStartInput() : Dummy InputConnection bound
07-13 12:13:19.487   784  6848 D qc_adm  : ns 3627347 > expected_ns 3000000 (skipped 295)
07-13 12:13:19.499   784  6848 D qc_adm  : ns 3500211 > expected_ns 3000000 (skipped 295)
07-13 12:13:19.561   784  2731 V audio_hw_primary: out_get_latency: Latency 10
07-13 12:13:19.601   784  2731 V audio_hw_primary: out_get_latency: Latency 10
07-13 12:13:20.578   784  6848 D qc_adm  : ns 3682035 > expected_ns 3000000 (skipped 310)
07-13 12:13:20.587   784  6848 D qc_adm  : ns 3652035 > expected_ns 3000000 (skipped 310)
07-13 12:13:20.595   784  6848 D qc_adm  : ns 3664274 > expected_ns 3000000 (skipped 310)
07-13 12:13:20.602   784  6848 D qc_adm  : ns 3682555 > expected_ns 3000000 (skipped 310)
07-13 12:13:20.610   784  6848 D qc_adm  : ns 3725160 > expected_ns 3000000 (skipped 310)
07-13 12:13:20.623   784  6848 D qc_adm  : ns 3540472 > expected_ns 3000000 (skipped 310)
07-13 12:13:20.631   784  6848 D qc_adm  : ns 3600472 > expected_ns 3000000 (skipped 310)
07-13 12:13:20.638   784  6848 D qc_adm  : ns 3724222 > expected_ns 3000000 (skipped 310)
07-13 12:13:20.646   784  6848 D qc_adm  : ns 3712399 > expected_ns 3000000 (skipped 310)
07-13 12:13:20.654   784  6848 D qc_adm  : ns 3757035 > expected_ns 3000000 (skipped 310)
07-13 12:13:20.662   784  6848 D qc_adm  : ns 3730993 > expected_ns 3000000 (skipped 310)
07-13 12:13:20.924  2672  2672 W ADebug  : Failed to get property persist.sys.media.traces
07-13 12:13:20.943  2672  2672 D AndroidRuntime: >>>>>> START com.android.internal.os.RuntimeInit uid 2000 <<<<<<
07-13 12:13:21.065  2672  2672 I app_process: The ClassLoaderContext is a special shared library.
07-13 12:13:21.104  2672  2672 D AndroidRuntime: Calling main entry com.android.commands.input.Input
07-13 12:13:21.104  2672  2672 I Input   : injectKeyEvent: KeyEvent { action=ACTION_DOWN, keyCode=KEYCODE_ENTER, scanCode=0, metaState=0, flags=0x0, repeatCount=0, eventTime=18244987, downTime=18244987, deviceId=-1, source=0x101 }
07-13 12:13:21.110  2672  2672 I Input   : injectKeyEvent: KeyEvent { action=ACTION_UP, keyCode=KEYCODE_ENTER, scanCode=0, metaState=0, flags=0x0, repeatCount=0, eventTime=18244987, downTime=18244987, deviceId=-1, source=0x101 }
07-13 12:13:21.115  1336  1630 I AudioPolicyManagerCustom: FLAG None hence request for a primary output
07-13 12:13:21.115  1336  1630 I AudioPolicyManagerCustom: FLAG None hence request for a primary output
07-13 12:13:21.145  2672  2672 D AndroidRuntime: Shutting down VM
07-13 12:13:21.240  1322  1355 D         : DpmQmiMgr areAllIfaceActive 
07-13 12:13:21.241   784  2731 V audio_hw_primary: out_get_latency: Latency 10
07-13 12:13:21.261   784  2731 V audio_hw_primary: out_get_latency: Latency 10
07-13 12:13:21.583  2699  2699 W ADebug  : Failed to get property persist.sys.media.traces
07-13 12:13:21.601  2699  2699 D AndroidRuntime: >>>>>> START com.android.internal.os.RuntimeInit uid 2000 <<<<<<
07-13 12:13:21.718  2699  2699 I app_process: The ClassLoaderContext is a special shared library.
07-13 12:13:21.758  2699  2699 D AndroidRuntime: Calling main entry com.android.commands.input.Input
07-13 12:13:21.758  2699  2699 I Input   : injectKeyEvent: KeyEvent { action=ACTION_DOWN, keyCode=KEYCODE_ENTER, scanCode=0, metaState=0, flags=0x0, repeatCount=0, eventTime=18245641, downTime=18245641, deviceId=-1, source=0x101 }
07-13 12:13:21.764  2699  2699 I Input   : injectKeyEvent: KeyEvent { action=ACTION_UP, keyCode=KEYCODE_ENTER, scanCode=0, metaState=0, flags=0x0, repeatCount=0, eventTime=18245641, downTime=18245641, deviceId=-1, source=0x101 }
07-13 12:13:21.769  1336  1630 I AudioPolicyManagerCustom: FLAG None hence request for a primary output
07-13 12:13:21.770  1336  1630 I AudioPolicyManagerCustom: FLAG None hence request for a primary output
07-13 12:13:21.801  2699  2699 D AndroidRuntime: Shutting down VM
07-13 12:13:21.858  2004  2041 D CompatibilityInfo: mCompatibilityFlags - 10
07-13 12:13:21.858  2004  2041 D CompatibilityInfo: applicationDensity - 480
07-13 12:13:21.858  2004  2041 D CompatibilityInfo: applicationScale - 1.0
07-13 12:13:21.859   784  6848 D qc_adm  : ns 3507191 > expected_ns 3000000 (skipped 336)
07-13 12:13:21.876  2004 18206 D CompatibilityInfo: mCompatibilityFlags - 10
07-13 12:13:21.876  2004 18206 D CompatibilityInfo: applicationDensity - 480
07-13 12:13:21.876  2004 18206 D CompatibilityInfo: applicationScale - 1.0
07-13 12:13:21.879   784  6848 D qc_adm  : ns 3501670 > expected_ns 3000000 (skipped 336)
07-13 12:13:21.884  2004  2379 D CompatibilityInfo: mCompatibilityFlags - 10
07-13 12:13:21.884  2004  2379 D CompatibilityInfo: applicationDensity - 480
07-13 12:13:21.884  2004  2379 D CompatibilityInfo: applicationScale - 1.0
07-13 12:13:21.888  3190  2722 W FSA2_ContactsSyncAdapter: @onPerformSync Sync started
07-13 12:13:21.899   784  6848 D qc_adm  : ns 3512816 > expected_ns 3000000 (skipped 336)
07-13 12:13:21.900  3190  2722 W ChimeraUtils: Non Chimera context
07-13 12:13:21.900  3190  2722 W ChimeraUtils: Non Chimera context
07-13 12:13:21.901   784  2731 V audio_hw_primary: out_get_latency: Latency 10
07-13 12:13:21.907   784  6848 D qc_adm  : ns 3547400 > expected_ns 3000000 (skipped 336)
07-13 12:13:21.915   784  6848 D qc_adm  : ns 3583702 > expected_ns 3000000 (skipped 336)
07-13 12:13:21.921   784  2731 V audio_hw_primary: out_get_latency: Latency 10
07-13 12:13:21.923   784  6848 D qc_adm  : ns 3519848 > expected_ns 3000000 (skipped 336)
07-13 12:13:21.931   784  6848 D qc_adm  : ns 3532764 > expected_ns 3000000 (skipped 336)
07-13 12:13:21.939   784  6848 D qc_adm  : ns 3565577 > expected_ns 3000000 (skipped 336)
07-13 12:13:21.951   784  6848 D qc_adm  : ns 3534171 > expected_ns 3000000 (skipped 336)
07-13 12:13:21.959   784  6848 D qc_adm  : ns 3554535 > expected_ns 3000000 (skipped 336)
07-13 12:13:21.983   784  6848 D qc_adm  : ns 3511618 > expected_ns 3000000 (skipped 336)
07-13 12:13:22.031  2004  2379 D CompatibilityInfo: mCompatibilityFlags - 10
07-13 12:13:22.031  2004  2379 D CompatibilityInfo: applicationDensity - 480
07-13 12:13:22.031  2004  2379 D CompatibilityInfo: applicationScale - 1.0
07-13 12:13:22.043  3190  2723 I FSA2_SyncState: @readSyncState: a: "MisAQksISQAAABIIhoy_8oqb3AIQhKz1voqU3AK91Ge5h_hyDJM11Rbttz6hOhRBSURfM2ViNGNjMTJjOTMwNzhkOQ"
07-13 12:13:22.043  3190  2723 I FSA2_SyncState: c: "EKDejta8m9wC"
07-13 12:13:22.043  3190  2723 I FSA2_SyncState: e: 0
07-13 12:13:22.046  2004  2379 D CompatibilityInfo: mCompatibilityFlags - 10
07-13 12:13:22.046  2004  2379 D CompatibilityInfo: applicationDensity - 480
07-13 12:13:22.046  2004  2379 D CompatibilityInfo: applicationScale - 1.0
07-13 12:13:22.055  2004  2379 D CompatibilityInfo: mCompatibilityFlags - 10
07-13 12:13:22.055  2004  2379 D CompatibilityInfo: applicationDensity - 480
07-13 12:13:22.055  2004  2379 D CompatibilityInfo: applicationScale - 1.0
07-13 12:13:22.078  2004 18211 D CompatibilityInfo: mCompatibilityFlags - 10
07-13 12:13:22.078  2004 18211 D CompatibilityInfo: applicationDensity - 480
07-13 12:13:22.078  2004 18211 D CompatibilityInfo: applicationScale - 1.0
07-13 12:13:22.092  2004 18211 D CompatibilityInfo: mCompatibilityFlags - 10
07-13 12:13:22.092  2004 18211 D CompatibilityInfo: applicationDensity - 480
07-13 12:13:22.092  2004 18211 D CompatibilityInfo: applicationScale - 1.0
07-13 12:13:22.268  1346  1485 E NetlinkEvent: NetlinkEvent::FindParam(): Parameter 'INTERFACE' not found
07-13 12:13:22.269  1346  1485 E NetlinkEvent: NetlinkEvent::FindParam(): Parameter 'STATE' not found
07-13 12:13:22.269  1346  1485 E NetlinkEvent: NetlinkEvent::FindParam(): Parameter 'TIME_NS' not found
07-13 12:13:22.269  1346  1485 E NetlinkEvent: NetlinkEvent::FindParam(): Parameter 'UID' not found
07-13 12:13:22.413  3190  2723 I FSA2_GroupSyncGrpc: Received non-null API-group response
07-13 12:13:22.482  3190  2722 I FSA2_SyncState: @readSyncState: a: "MisAQksISQAAABIIhoy_8oqb3AIQhKz1voqU3AK91Ge5h_hyDJM11Rbttz6hOhRBSURfM2ViNGNjMTJjOTMwNzhkOQ"
07-13 12:13:22.482  3190  2722 I FSA2_SyncState: c: "EKDejta8m9wC"
07-13 12:13:22.482  3190  2722 I FSA2_SyncState: e: 0
07-13 12:13:22.566  2004 18206 D CompatibilityInfo: mCompatibilityFlags - 10
07-13 12:13:22.566  2004 18206 D CompatibilityInfo: applicationDensity - 480
07-13 12:13:22.566  2004 18206 D CompatibilityInfo: applicationScale - 1.0
07-13 12:13:22.604  2004  2042 D CompatibilityInfo: mCompatibilityFlags - 10
07-13 12:13:22.604  2004  2042 D CompatibilityInfo: applicationDensity - 480
07-13 12:13:22.604  2004  2042 D CompatibilityInfo: applicationScale - 1.0
07-13 12:13:22.625  3190  2760 I FSA2_SyncState: @readSyncState: a: "MisAQksISQAAABIIhoy_8oqb3AIQhKz1voqU3AK91Ge5h_hyDJM11Rbttz6hOhRBSURfM2ViNGNjMTJjOTMwNzhkOQ"
07-13 12:13:22.625  3190  2760 I FSA2_SyncState: c: "EKDCqd68m9wC"
07-13 12:13:22.625  3190  2760 I FSA2_SyncState: e: 0
07-13 12:13:22.924  3190  2760 I FSA2_ContactSyncGrpc: Received non-null API-contact response
07-13 12:13:22.947   784  6848 D qc_adm  : ns 3528650 > expected_ns 3000000 (skipped 418)
07-13 12:13:23.009  3190  2722 I FSA2_SyncState: @readSyncState: a: "MisAQksISQAAABIIhoy_8oqb3AIQhKz1voqU3AK91Ge5h_hyDJM11Rbttz6hOhRBSURfM2ViNGNjMTJjOTMwNzhkOQ"
07-13 12:13:23.009  3190  2722 I FSA2_SyncState: c: "EKDCqd68m9wC"
07-13 12:13:23.009  3190  2722 I FSA2_SyncState: e: 0
07-13 12:13:23.059   784  6848 D qc_adm  : ns 3505525 > expected_ns 3000000 (skipped 418)
07-13 12:13:23.067   784  6848 D qc_adm  : ns 3530890 > expected_ns 3000000 (skipped 418)
07-13 12:13:23.070   784  6848 D qc_adm  : ns 3735577 > expected_ns 3000000 (skipped 418)
07-13 12:13:23.079   784  6848 D qc_adm  : ns 3531619 > expected_ns 3000000 (skipped 418)
07-13 12:13:23.087   784  6848 D qc_adm  : ns 3514431 > expected_ns 3000000 (skipped 418)
07-13 12:13:23.090   784  6848 D qc_adm  : ns 3724744 > expected_ns 3000000 (skipped 418)
07-13 12:13:23.099   784  6848 D qc_adm  : ns 3574640 > expected_ns 3000000 (skipped 418)
07-13 12:13:23.107   784  6848 D qc_adm  : ns 3560213 > expected_ns 3000000 (skipped 418)
07-13 12:13:23.114   784  6848 D qc_adm  : ns 3753911 > expected_ns 3000000 (skipped 418)
07-13 12:13:23.123   784  6848 D qc_adm  : ns 3541202 > expected_ns 3000000 (skipped 418)
07-13 12:13:23.126  2004 18206 D CompatibilityInfo: mCompatibilityFlags - 10
07-13 12:13:23.126  2004 18206 D CompatibilityInfo: applicationDensity - 480
07-13 12:13:23.126  2004 18206 D CompatibilityInfo: applicationScale - 1.0
07-13 12:13:23.168  2004  2042 D CompatibilityInfo: mCompatibilityFlags - 10
07-13 12:13:23.168  2004  2042 D CompatibilityInfo: applicationDensity - 480
07-13 12:13:23.168  2004  2042 D CompatibilityInfo: applicationScale - 1.0
07-13 12:13:23.326  3190  2722 W FSA2_ContactsSyncAdapter: @onPerformSync Sync finished successfully
07-13 12:13:23.341  2004  5973 D CompatibilityInfo: mCompatibilityFlags - 10
07-13 12:13:23.341  2004  5973 D CompatibilityInfo: applicationDensity - 480
07-13 12:13:23.341  2004  5973 D CompatibilityInfo: applicationScale - 1.0
07-13 12:13:24.167   784  6848 D qc_adm  : ns 3504171 > expected_ns 3000000 (skipped 468)
07-13 12:13:24.915   784  2731 D audio_hw_primary: out_standby: enter: stream (0xeb3dd000) usecase(12: audio-ull-playback)
07-13 12:13:25.039   784  2731 V audio_hw_primary: stop_output_stream: enter: usecase(12: audio-ull-playback)
07-13 12:13:25.040   784  2731 V audio_hw_primary: disable_audio_route: enter: usecase(12)
07-13 12:13:25.040   784  2731 D audio_hw_primary: disable_audio_route: reset and update mixer path: audio-ull-playback speaker
07-13 12:13:25.043   784  2731 V audio_hw_primary: disable_audio_route: exit
07-13 12:13:25.043   784  2731 D hardware_info: hw_info_append_hw_type : device_name = speaker
07-13 12:13:25.043   784  2731 D audio_hw_primary: disable_snd_device: snd_device(2: speaker)
07-13 12:13:25.043   784  2731 D msm8916_platform: platform_split_snd_device: snd_device(2) num devices(0) new_snd_devices(0)
07-13 12:13:25.043   784  2731 V audio_hw_primary: stop_output_stream: exit: status(0)
07-13 12:13:25.043   784  2731 D audio_hw_primary: out_standby: exit
