07-09 09:41:29.973  2313  2313 D QtiSubscriptionController: getPhoneId, received dummy subId 2147483643
07-09 09:41:29.973  1896  2817 W SignalStrength: isWCDMA tech=0
07-09 09:41:29.973  2313  2313 D SST     : pollState: modemTriggered=true
07-09 09:41:29.974  2313  2313 D RILJ    : [3731]> OPERATOR [SUB1]
07-09 09:41:29.974  1396  1567 I RILQ    : (1/1396):RIL[1][(1396,1567)] qcril_qmi_nas_reset_data_snapshot_cache_and_timer: Resetting snapshot timer
07-09 09:41:29.974  2313  2313 D RILJ    : [3732]> DATA_REGISTRATION_STATE [SUB1]
07-09 09:41:29.975  2313  2313 D RILJ    : [3733]> VOICE_REGISTRATION_STATE [SUB1]
07-09 09:41:29.975  2313  2313 D RILJ    : [3734]> QUERY_NETWORK_SELECTION_MODE [SUB1]
07-09 09:41:29.975  2313  2313 D SST     : pollState: modemTriggered=true
07-09 09:41:29.976  2313  2313 D RILJ    : [3735]> OPERATOR [SUB0]
07-09 09:41:29.976  2313  2425 D RILJ    : [3729]< VOICE_REGISTRATION_STATE {.regState = NOT_REG_MT_SEARCHING_OP, .rat = 0, .cssSupported = false, .roamingIndicator = -1, .systemIsInPrl = -1, .defaultRoamingIndicator = -1, .reasonForDenial = 0, .cellIdentity = {.cellInfoType = NONE, .cellIdentityGsm = [], .cellIdentityWcdma = [], .cellIdentityCdma = [], .cellIdentityLte = [], .cellIdentityTdscdma = []}} [SUB1]
07-09 09:41:29.976  2313  2313 D RILJ    : [3736]> DATA_REGISTRATION_STATE [SUB0]
07-09 09:41:29.976  2313  2313 D RILJ    : [3737]> VOICE_REGISTRATION_STATE [SUB0]
07-09 09:41:29.977  2313  2313 D RILJ    : [3738]> QUERY_NETWORK_SELECTION_MODE [SUB0]
07-09 09:41:29.977  1271  1568 I RILQ    : (0/1271):RIL[0][(1271,1568)] qcril_qmi_nas_reset_data_snapshot_cache_and_timer: Resetting snapshot timer
07-09 09:41:29.978  1396  1567 I RILQ    : (1/1396):RIL[1][(1396,1567)] qcril_qmi_nas_reset_data_snapshot_cache_and_timer: Resetting snapshot timer
07-09 09:41:29.978  2313  2313 D QtiSubscriptionController: getPhoneId, received dummy subId 2147483643
07-09 09:41:29.979  2313  2313 D QtiSubscriptionController: getPhoneId, received dummy subId 2147483643
07-09 09:41:29.979  1896  2298 W SignalStrength: isWCDMA tech=0
07-09 09:41:29.979  2313  2425 D RILJ    : [3730]< QUERY_NETWORK_SELECTION_MODE {0} [SUB1]
07-09 09:41:29.979  2313  2425 D RILJ    : [3731]< OPERATOR {, , } [SUB1]
07-09 09:41:29.979  2313  2313 D SST     : pollState: modemTriggered=true
07-09 09:41:29.979  2313  2425 D RILJ    : [3732]< DATA_REGISTRATION_STATE {.regState = NOT_REG_MT_SEARCHING_OP, .rat = 0, .reasonDataDenied = 0, .maxDataCalls = 20, .cellIdentity = {.cellInfoType = NONE, .cellIdentityGsm = [], .cellIdentityWcdma = [], .cellIdentityCdma = [], .cellIdentityLte = [], .cellIdentityTdscdma = []}} [SUB1]
07-09 09:41:29.980  2313  2425 D RILJ    : [3735]< OPERATOR {, , } [SUB0]
07-09 09:41:29.980  2313  2313 D RILJ    : [3739]> OPERATOR [SUB0]
07-09 09:41:29.980  2313  2313 D RILJ    : [3740]> DATA_REGISTRATION_STATE [SUB0]
07-09 09:41:29.981  2313  2313 D RILJ    : [3741]> VOICE_REGISTRATION_STATE [SUB0]
07-09 09:41:29.981  2313  2313 D RILJ    : [3742]> QUERY_NETWORK_SELECTION_MODE [SUB0]
07-09 09:41:29.981  2313  2313 D QtiGsmCdmaPhone: handleMessage: Event: 34
07-09 09:41:29.982  1396  1567 I RILQ    : (1/1396):RIL[1][(1396,1567)] qcril_qmi_nas_reset_data_snapshot_cache_and_timer: Resetting snapshot timer
07-09 09:41:29.982  2313  2425 D RILJ    : [3736]< DATA_REGISTRATION_STATE {.regState = NOT_REG_MT_NOT_SEARCHING_OP, .rat = 0, .reasonDataDenied = 0, .maxDataCalls = 20, .cellIdentity = {.cellInfoType = NONE, .cellIdentityGsm = [], .cellIdentityWcdma = [], .cellIdentityCdma = [], .cellIdentityLte = [], .cellIdentityTdscdma = []}} [SUB0]
07-09 09:41:29.982  2313  2313 D use-Rlog/RLOG-QC_RIL_OEM_HOOK: Received Broadcast Intent ACTION_UNSOL_RESPONSE_OEM_HOOK_RAW
07-09 09:41:29.982  2313  2313 D use-Rlog/RLOG-QC_RIL_OEM_HOOK: Oem ID in QCRILHOOK UNSOL RESP is QOEMHOOK
07-09 09:41:29.982  2313  2313 D QtiGsmCdmaPhone: handleMessage: Event: 35
07-09 09:41:29.982  2313  2313 D QtiRadioCapabilityController:  radioCapabilityUpdated phoneId[1] rc = {mPhoneId = 1 mVersion=1 mSession=0 mPhase=0 mRadioAccessFamily=81928 mLogicModemId=1 mStatus=1}
07-09 09:41:29.982  2313  2313 D GsmCdmaPhone: EVENT_GET_RADIO_CAPABILITY: phone rc: {mPhoneId = 1 mVersion=1 mSession=0 mPhase=0 mRadioAccessFamily=81928 mLogicModemId=1 mStatus=1}
07-09 09:41:29.982  2313  2313 D QtiGsmCdmaPhone: handleMessage: Event: 37
07-09 09:41:29.982  2313  2313 D QtiGsmCdmaPhone: handleMessage: Event: 21
07-09 09:41:29.982  2313  2313 D QtiGsmCdmaPhone: handleMessage: Event: 6
07-09 09:41:29.982  2313  2313 D GsmCdmaPhone: [GsmCdmaPhone] Baseband version: 660_GEN_PACK-1.153823.1.154414.1
07-09 09:41:29.983  2313  2425 D RILJ    : [3733]< VOICE_REGISTRATION_STATE {.regState = NOT_REG_MT_SEARCHING_OP, .rat = 0, .cssSupported = false, .roamingIndicator = -1, .systemIsInPrl = -1, .defaultRoamingIndicator = -1, .reasonForDenial = 0, .cellIdentity = {.cellInfoType = NONE, .cellIdentityGsm = [], .cellIdentityWcdma = [], .cellIdentityCdma = [], .cellIdentityLte = [], .cellIdentityTdscdma = []}} [SUB1]
07-09 09:41:29.984  2313  2313 D QtiGsmCdmaPhone: handleMessage: Event: 34
07-09 09:41:29.984  2313  2313 D SST     : mDeviceShuttingDown=false, mDesiredPowerState=true, getRadioState=RADIO_ON, mPowerOffDelayNeed=true, mAlarmSwitch=false, mRadioDisabledByCarrier=false
07-09 09:41:29.984  2313  2425 D RILJ    : [3734]< QUERY_NETWORK_SELECTION_MODE {0} [SUB1]
07-09 09:41:29.984  2313  2313 D SST     : pollState: modemTriggered=true
07-09 09:41:29.986  1271  1568 I RILQ    : (0/1271):RIL[0][(1271,1568)] qcril_qmi_nas_reset_data_snapshot_cache_and_timer: Resetting snapshot timer
07-09 09:41:29.987  2313  2313 D RILJ    : [3743]> OPERATOR [SUB0]
07-09 09:41:29.988  2313  2313 D RILJ    : [3744]> DATA_REGISTRATION_STATE [SUB0]
07-09 09:41:29.989  2313  2313 D RILJ    : [3745]> VOICE_REGISTRATION_STATE [SUB0]
07-09 09:41:29.989  2313  2313 D RILJ    : [3746]> QUERY_NETWORK_SELECTION_MODE [SUB0]
07-09 09:41:29.990  2313  2313 D RILJ    : [3747]> GET_CURRENT_CALLS [SUB0]
07-09 09:41:29.992  2313  2313 D RILJ    : [3748]> RIL_REQUEST_IMS_REGISTRATION_STATE [SUB0]
07-09 09:41:29.992  2313  2313 D RILJ    : [3749]> RIL_REQUEST_CDMA_GET_SUBSCRIPTION_SOURCE [SUB0]
07-09 09:41:29.992  2313  2313 D IccCardProxy: setExternalState: !override and newstate unchanged from UNKNOWN
07-09 09:41:29.992  1271  1568 I RILQ    : (0/1271):RIL[0][(1271,1568)] qcril_qmi_nas_reset_data_snapshot_cache_and_timer: Resetting snapshot timer
07-09 09:41:29.992  2313  2313 D QtiGsmCdmaPhone: handleMessage: Event: 5
07-09 09:41:29.992  2313  2313 D GsmCdmaPhone: [GsmCdmaPhone] Event EVENT_RADIO_ON Received
07-09 09:41:29.993  2313  2313 D RILJ    : [3750]> RIL_REQUEST_VOICE_RADIO_TECH [SUB0]
07-09 09:41:29.994  2313  2313 D use-Rlog/RLOG-QC_RIL_OEM_HOOK: Received Broadcast Intent ACTION_UNSOL_RESPONSE_OEM_HOOK_RAW
07-09 09:41:29.994  2313  2425 D RILJ    : [3737]< VOICE_REGISTRATION_STATE {.regState = NOT_REG_MT_SEARCHING_OP, .rat = 0, .cssSupported = false, .roamingIndicator = -1, .systemIsInPrl = -1, .defaultRoamingIndicator = -1, .reasonForDenial = 0, .cellIdentity = {.cellInfoType = NONE, .cellIdentityGsm = [], .cellIdentityWcdma = [], .cellIdentityCdma = [], .cellIdentityLte = [], .cellIdentityTdscdma = []}} [SUB0]
07-09 09:41:29.994  2313  2313 D use-Rlog/RLOG-QC_RIL_OEM_HOOK: Oem ID in QCRILHOOK UNSOL RESP is QOEMHOOK
07-09 09:41:29.994  2313  2313 D QtiGsmCdmaPhone: handleMessage: Event: 34
07-09 09:41:29.994  2313  2425 D RILJ    : [3738]< QUERY_NETWORK_SELECTION_MODE {0} [SUB0]
07-09 09:41:29.994  2313  2425 D RILJ    : [3739]< OPERATOR {, , } [SUB0]
07-09 09:41:29.994  2313  2425 D RILJ    : [3740]< DATA_REGISTRATION_STATE {.regState = NOT_REG_MT_NOT_SEARCHING_OP, .rat = 0, .reasonDataDenied = 0, .maxDataCalls = 20, .cellIdentity = {.cellInfoType = NONE, .cellIdentityGsm = [], .cellIdentityWcdma = [], .cellIdentityCdma = [], .cellIdentityLte = [], .cellIdentityTdscdma = []}} [SUB0]
07-09 09:41:29.999  2313  2313 D SST     : EVENT_POLL_STATE_NETWORK_SELECTION_MODE
07-09 09:41:29.999  2313  2313 D use-Rlog/RLOG-QC_RIL_OEM_HOOK: Received Broadcast Intent ACTION_UNSOL_RESPONSE_OEM_HOOK_RAW
07-09 09:41:29.999  2313  2313 D use-Rlog/RLOG-QC_RIL_OEM_HOOK: Oem ID in QCRILHOOK UNSOL RESP is QOEMHOOK
07-09 09:41:29.999  2313  2313 D SST     : mDeviceShuttingDown=false, mDesiredPowerState=true, getRadioState=RADIO_ON, mPowerOffDelayNeed=true, mAlarmSwitch=false, mRadioDisabledByCarrier=false
07-09 09:41:29.999  2313  2313 D SST     : pollState: modemTriggered=true
07-09 09:41:30.001  2313  2313 D RILJ    : [3751]> OPERATOR [SUB1]
07-09 09:41:30.003  2313  2425 D RILJ    : [3751]< OPERATOR {, , } [SUB1]
07-09 09:41:30.003  2313  2313 D RILJ    : [3752]> DATA_REGISTRATION_STATE [SUB1]
07-09 09:41:30.004  2313  2313 D RILJ    : [3753]> VOICE_REGISTRATION_STATE [SUB1]
07-09 09:41:30.005  1396  1567 I RILQ    : (1/1396):RIL[1][(1396,1567)] qcril_qmi_nas_reset_data_snapshot_cache_and_timer: Resetting snapshot timer
07-09 09:41:30.005  1271  3262 E RILC    : responseInt: Invalid response
07-09 09:41:30.005  2313  2313 D RILJ    : [3754]> QUERY_NETWORK_SELECTION_MODE [SUB1]
07-09 09:41:30.005  2313  2425 D RILJ    : [3749]< RIL_REQUEST_CDMA_GET_SUBSCRIPTION_SOURCE error 6 [SUB0]
07-09 09:41:30.005  2313  2313 D RILJ    : [3755]> GET_CURRENT_CALLS [SUB1]
07-09 09:41:30.005  2313  2425 D RilRequest: [3749]< RIL_REQUEST_CDMA_GET_SUBSCRIPTION_SOURCE error: com.android.internal.telephony.CommandException: REQUEST_NOT_SUPPORTED ret={-1}
07-09 09:41:30.005  2313  2425 D RILJ    : [3752]< DATA_REGISTRATION_STATE {.regState = NOT_REG_MT_SEARCHING_OP, .rat = 0, .reasonDataDenied = 0, .maxDataCalls = 20, .cellIdentity = {.cellInfoType = NONE, .cellIdentityGsm = [], .cellIdentityWcdma = [], .cellIdentityCdma = [], .cellIdentityLte = [], .cellIdentityTdscdma = []}} [SUB1]
07-09 09:41:30.006  1271  1568 I RILQ    : (0/1271):RIL[0][(1271,1568)] qcril_qmi_nas_reset_data_snapshot_cache_and_timer: Resetting snapshot timer
07-09 09:41:30.007  2313  2313 D RILJ    : [3756]> RIL_REQUEST_IMS_REGISTRATION_STATE [SUB1]
07-09 09:41:30.007  2313  2313 D IccCardProxy: setExternalState: !override and newstate unchanged from UNKNOWN
07-09 09:41:30.007  1396  1567 I RILQ    : (1/1396):RIL[1][(1396,1567)] qcril_qmi_nas_reset_data_snapshot_cache_and_timer: Resetting snapshot timer
07-09 09:41:30.007  2313  2313 D QtiGsmCdmaPhone: handleMessage: Event: 5
07-09 09:41:30.007  2313  2313 D GsmCdmaPhone: [GsmCdmaPhone] Event EVENT_RADIO_ON Received
07-09 09:41:30.008  2313  2313 D RILJ    : [3757]> RIL_REQUEST_VOICE_RADIO_TECH [SUB1]
07-09 09:41:30.008  2313  2313 D SST     : EVENT_POLL_STATE_NETWORK_SELECTION_MODE
07-09 09:41:30.008  2313  2313 D SubscriptionController: [getPhoneId]- no sims, returning default phoneId=0
07-09 09:41:30.009  2313  2425 D RILJ    : [3741]< VOICE_REGISTRATION_STATE {.regState = NOT_REG_MT_SEARCHING_OP, .rat = 0, .cssSupported = false, .roamingIndicator = -1, .systemIsInPrl = -1, .defaultRoamingIndicator = -1, .reasonForDenial = 0, .cellIdentity = {.cellInfoType = NONE, .cellIdentityGsm = [], .cellIdentityWcdma = [], .cellIdentityCdma = [], .cellIdentityLte = [], .cellIdentityTdscdma = []}} [SUB0]
07-09 09:41:30.009  2313  2313 D PhoneSwitcher: handle event - 103
07-09 09:41:30.009  2313  2425 D RILJ    : [3753]< VOICE_REGISTRATION_STATE {.regState = NOT_REG_MT_SEARCHING_OP, .rat = 0, .cssSupported = false, .roamingIndicator = -1, .systemIsInPrl = -1, .defaultRoamingIndicator = -1, .reasonForDenial = 0, .cellIdentity = {.cellInfoType = NONE, .cellIdentityGsm = [], .cellIdentityWcdma = [], .cellIdentityCdma = [], .cellIdentityLte = [], .cellIdentityTdscdma = []}} [SUB1]
07-09 09:41:30.009  2313  2425 D RILJ    : [3754]< QUERY_NETWORK_SELECTION_MODE {0} [SUB1]
07-09 09:41:30.009  2313  2313 D SubscriptionController: [getPhoneId]- no sims, returning default phoneId=0
07-09 09:41:30.009  2313  2313 D PhoneSwitcher: evaluating due to netRequest default 0->1 phone[0] 0->2147483643 phone[1] 0->2147483644
07-09 09:41:30.010  2313  2313 D SubscriptionController: [getPhoneId]- no sims, returning default phoneId=0
07-09 09:41:30.010  2313  2313 D PhoneSwitcher: InformDdsToRil rild= 0, DDS=0
07-09 09:41:30.010  2313  2425 D RILJ    : [3755]< GET_CURRENT_CALLS {} [SUB1]
07-09 09:41:30.010  2313  2313 D use-Rlog/RLOG-QC_RIL_OEM_HOOK: dds phoneId: 0 reason: 0
07-09 09:41:30.011  2313  2425 D RILJ    : [3742]< QUERY_NETWORK_SELECTION_MODE {0} [SUB0]
07-09 09:41:30.011  2313  2425 D RILJ    : [3743]< OPERATOR {, , } [SUB0]
07-09 09:41:30.011  1271  1568 I RILQ    : (0/1271):RIL[0][(1271,1568)] qcril_qmi_nas_reset_data_snapshot_cache_and_timer: Resetting snapshot timer
07-09 09:41:30.013  2313  2425 D RILJ    : [3756]< RIL_REQUEST_IMS_REGISTRATION_STATE {0, 1} [SUB1]
07-09 09:41:30.014  2313  2425 D RILJ    : [3744]< DATA_REGISTRATION_STATE {.regState = NOT_REG_MT_NOT_SEARCHING_OP, .rat = 0, .reasonDataDenied = 0, .maxDataCalls = 20, .cellIdentity = {.cellInfoType = NONE, .cellIdentityGsm = [], .cellIdentityWcdma = [], .cellIdentityCdma = [], .cellIdentityLte = [], .cellIdentityTdscdma = []}} [SUB0]
07-09 09:41:30.015  2313  2313 D use-Rlog/RLOG-QC_RIL_OEM_HOOK: sendOemRilRequestRaw returns value = 0
07-09 09:41:30.015  2313  2313 D PhoneSwitcher: InformDdsToRil rild= 1, DDS=0
07-09 09:41:30.016  2313  2313 D use-Rlog/RLOG-QC_RIL_OEM_HOOK: dds phoneId: 0 reason: 0
07-09 09:41:30.017  2313  2425 D RILJ    : [3747]< GET_CURRENT_CALLS {} [SUB0]
07-09 09:41:30.017  2290  2290 D use-Rlog/RLOG-QC_RIL_OEM_HOOK: Received Broadcast Intent ACTION_UNSOL_RESPONSE_OEM_HOOK_RAW
07-09 09:41:30.017  2290  2290 D use-Rlog/RLOG-QC_RIL_OEM_HOOK: Oem ID in QCRILHOOK UNSOL RESP is QOEMHOOK
07-09 09:41:30.017  2313  2425 D RILJ    : [3757]< RIL_REQUEST_VOICE_RADIO_TECH {4} [SUB1]
07-09 09:41:30.021  2313  2313 D use-Rlog/RLOG-QC_RIL_OEM_HOOK: sendOemRilRequestRaw returns value = 0
07-09 09:41:30.021  2313  2313 D SubscriptionController: [getPhoneId]- no sims, returning default phoneId=0
07-09 09:41:30.021  2290  2290 D use-Rlog/RLOG-QC_RIL_OEM_HOOK: Received Broadcast Intent ACTION_UNSOL_RESPONSE_OEM_HOOK_RAW
07-09 09:41:30.021  2313  2313 D PhoneSwitcher: handle event - 103
07-09 09:41:30.021  2290  2290 D use-Rlog/RLOG-QC_RIL_OEM_HOOK: Oem ID in QCRILHOOK UNSOL RESP is QOEMHOOK
07-09 09:41:30.021  2313  2313 D SubscriptionController: [getPhoneId]- no sims, returning default phoneId=0
07-09 09:41:30.022  2313  2313 D PhoneSwitcher: evaluating due to netRequest
07-09 09:41:30.022  2313  2313 D SubscriptionController: [getPhoneId]- no sims, returning default phoneId=0
07-09 09:41:30.022  2313  2313 D PhoneSwitcher: InformDdsToRil rild= 0, DDS=0
07-09 09:41:30.022  2313  2313 D use-Rlog/RLOG-QC_RIL_OEM_HOOK: dds phoneId: 0 reason: 0
07-09 09:41:30.023  2313  2425 D RILJ    : [3748]< RIL_REQUEST_IMS_REGISTRATION_STATE {0, 1} [SUB0]
07-09 09:41:30.025  2313  2313 D use-Rlog/RLOG-QC_RIL_OEM_HOOK: sendOemRilRequestRaw returns value = 0
07-09 09:41:30.025  2313  2313 D PhoneSwitcher: InformDdsToRil rild= 1, DDS=0
07-09 09:41:30.026  2290  2290 D use-Rlog/RLOG-QC_RIL_OEM_HOOK: Received Broadcast Intent ACTION_UNSOL_RESPONSE_OEM_HOOK_RAW
07-09 09:41:30.026  2313  2425 D RILJ    : [3750]< RIL_REQUEST_VOICE_RADIO_TECH {3} [SUB0]
07-09 09:41:30.026  2290  2290 D use-Rlog/RLOG-QC_RIL_OEM_HOOK: Oem ID in QCRILHOOK UNSOL RESP is QOEMHOOK
07-09 09:41:30.027  2313  2313 D use-Rlog/RLOG-QC_RIL_OEM_HOOK: dds phoneId: 0 reason: 0
07-09 09:41:30.028  1271  1568 I RILQ    : (0/1271):RIL[0][(1271,1568)] qcril_qmi_nas_reset_data_snapshot_cache_and_timer: Resetting snapshot timer
07-09 09:41:30.030  2313  2425 D RILJ    : [3745]< VOICE_REGISTRATION_STATE {.regState = NOT_REG_MT_SEARCHING_OP, .rat = 0, .cssSupported = false, .roamingIndicator = -1, .systemIsInPrl = -1, .defaultRoamingIndicator = -1, .reasonForDenial = 0, .cellIdentity = {.cellInfoType = NONE, .cellIdentityGsm = [], .cellIdentityWcdma = [], .cellIdentityCdma = [], .cellIdentityLte = [], .cellIdentityTdscdma = []}} [SUB0]
07-09 09:41:30.031  2313  2425 D RILJ    : [3746]< QUERY_NETWORK_SELECTION_MODE {0} [SUB0]
07-09 09:41:30.031  2313  2313 D use-Rlog/RLOG-QC_RIL_OEM_HOOK: sendOemRilRequestRaw returns value = 0
07-09 09:41:30.031  2313  2313 D SubscriptionController: [getPhoneId]- no sims, returning default phoneId=0
07-09 09:41:30.032  2313  2313 D PhoneSwitcher: handle event - 103
07-09 09:41:30.032  2313  2313 D SubscriptionController: [getPhoneId]- no sims, returning default phoneId=0
07-09 09:41:30.032  2313  2313 D PhoneSwitcher: evaluating due to netRequest
07-09 09:41:30.032  2313  2313 D SubscriptionController: [getPhoneId]- no sims, returning default phoneId=0
07-09 09:41:30.032  2313  2313 D PhoneSwitcher: InformDdsToRil rild= 0, DDS=0
07-09 09:41:30.033  2290  2290 D use-Rlog/RLOG-QC_RIL_OEM_HOOK: Received Broadcast Intent ACTION_UNSOL_RESPONSE_OEM_HOOK_RAW
07-09 09:41:30.033  2290  2290 D use-Rlog/RLOG-QC_RIL_OEM_HOOK: Oem ID in QCRILHOOK UNSOL RESP is QOEMHOOK
07-09 09:41:30.033  2313  2313 D use-Rlog/RLOG-QC_RIL_OEM_HOOK: dds phoneId: 0 reason: 0
07-09 09:41:30.035  2313  2313 D use-Rlog/RLOG-QC_RIL_OEM_HOOK: sendOemRilRequestRaw returns value = 0
07-09 09:41:30.035  2313  2313 D PhoneSwitcher: InformDdsToRil rild= 1, DDS=0
07-09 09:41:30.035  2313  2313 D use-Rlog/RLOG-QC_RIL_OEM_HOOK: dds phoneId: 0 reason: 0
07-09 09:41:30.037  2290  2290 D use-Rlog/RLOG-QC_RIL_OEM_HOOK: Received Broadcast Intent ACTION_UNSOL_RESPONSE_OEM_HOOK_RAW
07-09 09:41:30.037  2290  2290 D use-Rlog/RLOG-QC_RIL_OEM_HOOK: Oem ID in QCRILHOOK UNSOL RESP is QOEMHOOK
07-09 09:41:30.039  2313  2313 D use-Rlog/RLOG-QC_RIL_OEM_HOOK: sendOemRilRequestRaw returns value = 0
07-09 09:41:30.039  2313  2313 D SubscriptionController: [getPhoneId]- no sims, returning default phoneId=0
07-09 09:41:30.039  2313  2313 D PhoneSwitcher: handle event - 103
07-09 09:41:30.039  2313  2313 D SubscriptionController: [getPhoneId]- no sims, returning default phoneId=0
07-09 09:41:30.039  2313  2313 D PhoneSwitcher: evaluating due to netRequest
07-09 09:41:30.040  2313  2313 D SubscriptionController: [getPhoneId]- no sims, returning default phoneId=0
07-09 09:41:30.040  2313  2313 D PhoneSwitcher: InformDdsToRil rild= 0, DDS=0
07-09 09:41:30.040  2313  2313 D use-Rlog/RLOG-QC_RIL_OEM_HOOK: dds phoneId: 0 reason: 0
07-09 09:41:30.040  2290  2290 D use-Rlog/RLOG-QC_RIL_OEM_HOOK: Received Broadcast Intent ACTION_UNSOL_RESPONSE_OEM_HOOK_RAW
07-09 09:41:30.040  2290  2290 D use-Rlog/RLOG-QC_RIL_OEM_HOOK: Oem ID in QCRILHOOK UNSOL RESP is QOEMHOOK
07-09 09:41:30.042  2313  2313 D use-Rlog/RLOG-QC_RIL_OEM_HOOK: sendOemRilRequestRaw returns value = 0
07-09 09:41:30.042  2313  2313 D PhoneSwitcher: InformDdsToRil rild= 1, DDS=0
07-09 09:41:30.042  2313  2313 D use-Rlog/RLOG-QC_RIL_OEM_HOOK: dds phoneId: 0 reason: 0
07-09 09:41:30.045  2313  2313 D use-Rlog/RLOG-QC_RIL_OEM_HOOK: sendOemRilRequestRaw returns value = 0
07-09 09:41:30.045  2313  2313 D SubscriptionController: [getPhoneId]- no sims, returning default phoneId=0
07-09 09:41:30.045  2290  2290 D use-Rlog/RLOG-QC_RIL_OEM_HOOK: Received Broadcast Intent ACTION_UNSOL_RESPONSE_OEM_HOOK_RAW
07-09 09:41:30.045  2290  2290 D use-Rlog/RLOG-QC_RIL_OEM_HOOK: Oem ID in QCRILHOOK UNSOL RESP is QOEMHOOK
07-09 09:41:30.045  2313  2313 D PhoneSwitcher: handle event - 103
07-09 09:41:30.046  2313  2313 D SubscriptionController: [getPhoneId]- no sims, returning default phoneId=0
07-09 09:41:30.046  2313  2313 D PhoneSwitcher: evaluating due to netRequest
07-09 09:41:30.046  2313  2313 D SubscriptionController: [getPhoneId]- no sims, returning default phoneId=0
07-09 09:41:30.046  2313  2313 D PhoneSwitcher: InformDdsToRil rild= 0, DDS=0
07-09 09:41:30.046  2313  2313 D use-Rlog/RLOG-QC_RIL_OEM_HOOK: dds phoneId: 0 reason: 0
07-09 09:41:30.047  2290  2290 D use-Rlog/RLOG-QC_RIL_OEM_HOOK: Received Broadcast Intent ACTION_UNSOL_RESPONSE_OEM_HOOK_RAW
07-09 09:41:30.047  2290  2290 D use-Rlog/RLOG-QC_RIL_OEM_HOOK: Oem ID in QCRILHOOK UNSOL RESP is QOEMHOOK
07-09 09:41:30.049  2313  2313 D use-Rlog/RLOG-QC_RIL_OEM_HOOK: sendOemRilRequestRaw returns value = 0
07-09 09:41:30.049  2313  2313 D PhoneSwitcher: InformDdsToRil rild= 1, DDS=0
07-09 09:41:30.049  2313  2313 D use-Rlog/RLOG-QC_RIL_OEM_HOOK: dds phoneId: 0 reason: 0
07-09 09:41:30.053  2290  2290 D use-Rlog/RLOG-QC_RIL_OEM_HOOK: Received Broadcast Intent ACTION_UNSOL_RESPONSE_OEM_HOOK_RAW
07-09 09:41:30.053  2290  2290 D use-Rlog/RLOG-QC_RIL_OEM_HOOK: Oem ID in QCRILHOOK UNSOL RESP is QOEMHOOK
07-09 09:41:30.054  2313  2313 D use-Rlog/RLOG-QC_RIL_OEM_HOOK: sendOemRilRequestRaw returns value = 0
07-09 09:41:30.054  2290  2290 D use-Rlog/RLOG-QC_RIL_OEM_HOOK: Received Broadcast Intent ACTION_UNSOL_RESPONSE_OEM_HOOK_RAW
07-09 09:41:30.054  2313  2313 D TelephonyNetworkFactory[0]: not acting - isApp=false, isAct=false NetworkRequest [ TRACK_DEFAULT id=8, [ Capabilities: INTERNET&NOT_RESTRICTED&TRUSTED&NOT_VPN] ]
07-09 09:41:30.054  2290  2290 D use-Rlog/RLOG-QC_RIL_OEM_HOOK: Oem ID in QCRILHOOK UNSOL RESP is QOEMHOOK
07-09 09:41:30.055  2313  2313 D TelephonyNetworkFactory[0]: not acting - isApp=false, isAct=false NetworkRequest [ REQUEST id=1, [ Capabilities: INTERNET&NOT_RESTRICTED&TRUSTED&NOT_VPN] ]
07-09 09:41:30.055  2313  2313 D TelephonyNetworkFactory[0]: not acting - isApp=false, isAct=false NetworkRequest [ BACKGROUND_REQUEST id=2, [ Transports: CELLULAR Capabilities: INTERNET&NOT_RESTRICTED&TRUSTED&NOT_VPN] ]
07-09 09:41:30.055  2313  2313 D TelephonyNetworkFactory[0]: not acting - isApp=false, isAct=false NetworkRequest [ TRACK_DEFAULT id=3, [ Capabilities: INTERNET&NOT_RESTRICTED&TRUSTED&NOT_VPN] ]
07-09 09:41:30.056  2313  2313 D TelephonyNetworkFactory[0]: not acting - isApp=false, isAct=false NetworkRequest [ TRACK_DEFAULT id=5, [ Capabilities: INTERNET&NOT_RESTRICTED&TRUSTED&NOT_VPN] ]
07-09 09:41:30.056  2313  2313 D TelephonyNetworkFactory[1]: not acting - isApp=false, isAct=false NetworkRequest [ TRACK_DEFAULT id=8, [ Capabilities: INTERNET&NOT_RESTRICTED&TRUSTED&NOT_VPN] ]
07-09 09:41:30.056  2313  2313 D TelephonyNetworkFactory[1]: not acting - isApp=false, isAct=false NetworkRequest [ REQUEST id=1, [ Capabilities: INTERNET&NOT_RESTRICTED&TRUSTED&NOT_VPN] ]
07-09 09:41:30.057  2313  2313 D TelephonyNetworkFactory[1]: not acting - isApp=false, isAct=false NetworkRequest [ BACKGROUND_REQUEST id=2, [ Transports: CELLULAR Capabilities: INTERNET&NOT_RESTRICTED&TRUSTED&NOT_VPN] ]
07-09 09:41:30.057  2313  2313 D TelephonyNetworkFactory[1]: not acting - isApp=false, isAct=false NetworkRequest [ TRACK_DEFAULT id=3, [ Capabilities: INTERNET&NOT_RESTRICTED&TRUSTED&NOT_VPN] ]
07-09 09:41:30.057  2313  2313 D TelephonyNetworkFactory[1]: not acting - isApp=false, isAct=false NetworkRequest [ TRACK_DEFAULT id=5, [ Capabilities: INTERNET&NOT_RESTRICTED&TRUSTED&NOT_VPN] ]
07-09 09:41:30.058  2313  2313 D SST     : pollState: modemTriggered=true
07-09 09:41:30.061  2313  2313 D RILJ    : [3758]> OPERATOR [SUB0]
07-09 09:41:30.062  2313  2313 D RILJ    : [3759]> DATA_REGISTRATION_STATE [SUB0]
07-09 09:41:30.062  2313  2425 D RILJ    : [3758]< OPERATOR {, , } [SUB0]
07-09 09:41:30.063  1271  1568 I RILQ    : (0/1271):RIL[0][(1271,1568)] qcril_qmi_nas_reset_data_snapshot_cache_and_timer: Resetting snapshot timer
07-09 09:41:30.064  2313  2313 D RILJ    : [3760]> VOICE_REGISTRATION_STATE [SUB0]
07-09 09:41:30.064  2313  2425 D RILJ    : [3759]< DATA_REGISTRATION_STATE {.regState = NOT_REG_MT_NOT_SEARCHING_OP, .rat = 0, .reasonDataDenied = 0, .maxDataCalls = 20, .cellIdentity = {.cellInfoType = NONE, .cellIdentityGsm = [], .cellIdentityWcdma = [], .cellIdentityCdma = [], .cellIdentityLte = [], .cellIdentityTdscdma = []}} [SUB0]
07-09 09:41:30.064  2313  2313 D RILJ    : [3761]> QUERY_NETWORK_SELECTION_MODE [SUB0]
07-09 09:41:30.064  2313  2313 D QtiGsmCdmaPhone: handleMessage: Event: 34
07-09 09:41:30.066  2313  2313 D QtiSubscriptionController: getPhoneId, received dummy subId 2147483643
07-09 09:41:30.067  2313  2313 D QtiSubscriptionController: getPhoneId, received dummy subId 2147483643
07-09 09:41:30.068  1271  1568 I RILQ    : (0/1271):RIL[0][(1271,1568)] qcril_qmi_nas_reset_data_snapshot_cache_and_timer: Resetting snapshot timer
07-09 09:41:30.068  1896  2983 W SignalStrength: isWCDMA tech=0
07-09 09:41:30.068  2313  2313 D SST     : pollState: modemTriggered=true
07-09 09:41:30.069  2313  2313 D RILJ    : [3762]> OPERATOR [SUB0]
07-09 09:41:30.069  2313  2313 D RILJ    : [3763]> DATA_REGISTRATION_STATE [SUB0]
07-09 09:41:30.069  2313  2425 D RILJ    : [3760]< VOICE_REGISTRATION_STATE {.regState = NOT_REG_MT_SEARCHING_OP, .rat = 0, .cssSupported = false, .roamingIndicator = -1, .systemIsInPrl = -1, .defaultRoamingIndicator = -1, .reasonForDenial = 0, .cellIdentity = {.cellInfoType = NONE, .cellIdentityGsm = [], .cellIdentityWcdma = [], .cellIdentityCdma = [], .cellIdentityLte = [], .cellIdentityTdscdma = []}} [SUB0]
07-09 09:41:30.070  2313  2425 D RILJ    : [3761]< QUERY_NETWORK_SELECTION_MODE {0} [SUB0]
07-09 09:41:30.070  2313  2313 D RILJ    : [3764]> VOICE_REGISTRATION_STATE [SUB0]
07-09 09:41:30.071  2313  2313 D RILJ    : [3765]> QUERY_NETWORK_SELECTION_MODE [SUB0]
07-09 09:41:30.071  2313  2313 D use-Rlog/RLOG-QC_RIL_OEM_HOOK: Received Broadcast Intent ACTION_UNSOL_RESPONSE_OEM_HOOK_RAW
07-09 09:41:30.071  1271  1568 I RILQ    : (0/1271):RIL[0][(1271,1568)] qcril_qmi_nas_reset_data_snapshot_cache_and_timer: Resetting snapshot timer
07-09 09:41:30.071  2313  2425 D RILJ    : [3762]< OPERATOR {, , } [SUB0]
07-09 09:41:30.071  2313  2313 D use-Rlog/RLOG-QC_RIL_OEM_HOOK: Oem ID in QCRILHOOK UNSOL RESP is QOEMHOOK
07-09 09:41:30.072  2313  2425 D RILJ    : [3763]< DATA_REGISTRATION_STATE {.regState = NOT_REG_MT_NOT_SEARCHING_OP, .rat = 0, .reasonDataDenied = 0, .maxDataCalls = 20, .cellIdentity = {.cellInfoType = NONE, .cellIdentityGsm = [], .cellIdentityWcdma = [], .cellIdentityCdma = [], .cellIdentityLte = [], .cellIdentityTdscdma = []}} [SUB0]
07-09 09:41:30.074  1271  1568 I RILQ    : (0/1271):RIL[0][(1271,1568)] qcril_qmi_nas_reset_data_snapshot_cache_and_timer: Resetting snapshot timer
07-09 09:41:30.076  2313  2425 D RILJ    : [3764]< VOICE_REGISTRATION_STATE {.regState = NOT_REG_MT_SEARCHING_OP, .rat = 0, .cssSupported = false, .roamingIndicator = -1, .systemIsInPrl = -1, .defaultRoamingIndicator = -1, .reasonForDenial = 0, .cellIdentity = {.cellInfoType = NONE, .cellIdentityGsm = [], .cellIdentityWcdma = [], .cellIdentityCdma = [], .cellIdentityLte = [], .cellIdentityTdscdma = []}} [SUB0]
07-09 09:41:30.076  2313  2425 D RILJ    : [3765]< QUERY_NETWORK_SELECTION_MODE {0} [SUB0]
07-09 09:41:30.078  1271  1271 E RILQ    : (0/1271): RIL[0][rild(1271,1271)] processRequest: ImsRadioImpl::processRequest - Error 0
07-09 09:41:30.079  1396  1396 E RILQ    : (1/1396): RIL[1][rild(1396,1396)] processRequest: ImsRadioImpl::processRequest - Error 0
07-09 09:41:30.086  2313  2313 D SIMRecords: [SIMRecords] fetchSimRecords 0
07-09 09:41:30.086  2313  2313 D RILJ    : [3766]>  GET_IMSI aid = a0000000871002ff86ffff89ffffffff [SUB0]
07-09 09:41:30.088  2313  2313 D RILJ    : [3767]> iccIO: SIM_IO command = 0xc0 fileId = 0x2fe2 path = 3F00 p1 = 0 p2 = 0 p3 =  data = null aid = a0000000871002ff86ffff89ffffffff [SUB0]
07-09 09:41:30.090  2313  2313 D RILJ    : [3768]> iccIO: SIM_IO command = 0xc0 fileId = 0x6f40 path = 3F007FFF p1 = 0 p2 = 0 p3 =  data = null aid = a0000000871002ff86ffff89ffffffff [SUB0]
07-09 09:41:30.090  2313  2425 D RILJ    : [3766]< GET_IMSI  [SUB0]
07-09 09:41:30.090  2313  2313 D RILJ    : [3769]> iccIO: SIM_IO command = 0xc0 fileId = 0x6fc9 path = 3F007FFF p1 = 0 p2 = 0 p3 =  data = null aid = a0000000871002ff86ffff89ffffffff [SUB0]
07-09 09:41:30.091  2313  2313 D RILJ    : [3770]> iccIO: SIM_IO command = 0xc0 fileId = 0x6fad path = 3F007FFF p1 = 0 p2 = 0 p3 =  data = null aid = a0000000871002ff86ffff89ffffffff [SUB0]
07-09 09:41:30.092  2313  2313 D RILJ    : [3771]> iccIO: SIM_IO command = 0xc0 fileId = 0x6fca path = 3F007FFF p1 = 0 p2 = 0 p3 =  data = null aid = a0000000871002ff86ffff89ffffffff [SUB0]
07-09 09:41:30.092  2313  2425 D RILJ    : [3767]< SIM_IO IccIoResult sw1:0x90 sw2:0x0 [SUB0]
07-09 09:41:30.093  2313  2313 D RILJ    : [3772]> iccIO: SIM_IO command = 0xc0 fileId = 0x6f11 path = 3F007FFF p1 = 0 p2 = 0 p3 =  data = null aid = a0000000871002ff86ffff89ffffffff [SUB0]
07-09 09:41:30.095  2313  2313 D RILJ    : [3773]> iccIO: SIM_IO command = 0xc0 fileId = 0x6fcb path = 3F007FFF p1 = 0 p2 = 0 p3 =  data = null aid = a0000000871002ff86ffff89ffffffff [SUB0]
07-09 09:41:30.096  2313  2313 D RILJ    : [3774]> iccIO: SIM_IO command = 0xc0 fileId = 0x6f13 path = 3F007FFF p1 = 0 p2 = 0 p3 =  data = null aid = a0000000871002ff86ffff89ffffffff [SUB0]
07-09 09:41:30.097  2313  2313 D RILJ    : [3775]> iccIO: SIM_IO command = 0xc0 fileId = 0x6f46 path = 3F007FFF p1 = 0 p2 = 0 p3 =  data = null aid = a0000000871002ff86ffff89ffffffff [SUB0]
07-09 09:41:30.098  2313  2313 D RILJ    : [3776]> iccIO: SIM_IO command = 0xc0 fileId = 0x6fcd path = 3F007FFF p1 = 0 p2 = 0 p3 =  data = null aid = a0000000871002ff86ffff89ffffffff [SUB0]
07-09 09:41:30.099  2313  2313 D RILJ    : [3777]> iccIO: SIM_IO command = 0xc0 fileId = 0x6fc5 path = 3F007FFF p1 = 0 p2 = 0 p3 =  data = null aid = a0000000871002ff86ffff89ffffffff [SUB0]
07-09 09:41:30.101  2313  2313 D RILJ    : [3778]> iccIO: SIM_IO command = 0xc0 fileId = 0x6f38 path = 3F007FFF p1 = 0 p2 = 0 p3 =  data = null aid = a0000000871002ff86ffff89ffffffff [SUB0]
07-09 09:41:30.101  2313  2425 D RILJ    : [3768]< SIM_IO IccIoResult sw1:0x90 sw2:0x0 [SUB0]
07-09 09:41:30.102  2313  2425 D RILJ    : [3769]< SIM_IO error 38 [SUB0]
07-09 09:41:30.102  2313  2425 D RilRequest: [3769]< SIM_IO error: com.android.internal.telephony.CommandException: INTERNAL_ERR ret=IccIoResult sw1:0x94 sw2:0x4 Error: file ID not found/pattern not found
07-09 09:41:30.103  2313  2313 D RILJ    : [3779]> iccIO: SIM_IO command = 0xc0 fileId = 0x6f16 path = 3F007FFF p1 = 0 p2 = 0 p3 =  data = null aid = a0000000871002ff86ffff89ffffffff [SUB0]
07-09 09:41:30.103  2313  2313 D RILJ    : [3780]> iccIO: SIM_IO command = 0xc0 fileId = 0x6f15 path = 3F007FFF p1 = 0 p2 = 0 p3 =  data = null aid = a0000000871002ff86ffff89ffffffff [SUB0]
07-09 09:41:30.104  2313  2332 D QtiSubscriptionController: getPhoneId, received dummy subId 2147483643
07-09 09:41:30.104  2313  2425 D RILJ    : [3770]< SIM_IO IccIoResult sw1:0x90 sw2:0x0 [SUB0]
07-09 09:41:30.104  2313  2313 D RILJ    : [3781]> iccIO: SIM_IO command = 0xc0 fileId = 0x6f3e path = 3F007FFF p1 = 0 p2 = 0 p3 =  data = null aid = a0000000871002ff86ffff89ffffffff [SUB0]
07-09 09:41:30.105  2313  2425 D RILJ    : [3771]< SIM_IO error 38 [SUB0]
07-09 09:41:30.105  2313  2425 D RilRequest: [3771]< SIM_IO error: com.android.internal.telephony.CommandException: INTERNAL_ERR ret=IccIoResult sw1:0x94 sw2:0x4 Error: file ID not found/pattern not found
07-09 09:41:30.105  2313  2313 D RILJ    : [3782]> iccIO: SIM_IO command = 0xc0 fileId = 0x6f3f path = 3F007FFF p1 = 0 p2 = 0 p3 =  data = null aid = a0000000871002ff86ffff89ffffffff [SUB0]
07-09 09:41:30.106  2313  2313 D RILJ    : [3783]> iccIO: SIM_IO command = 0xc0 fileId = 0x6f60 path = 3F007FFF p1 = 0 p2 = 0 p3 =  data = null aid = a0000000871002ff86ffff89ffffffff [SUB0]
07-09 09:41:30.107  2313  2313 D RILJ    : [3784]> iccIO: SIM_IO command = 0xc0 fileId = 0x6f61 path = 3F007FFF p1 = 0 p2 = 0 p3 =  data = null aid = a0000000871002ff86ffff89ffffffff [SUB0]
07-09 09:41:30.107  2313  2313 D RILJ    : [3785]> iccIO: SIM_IO command = 0xc0 fileId = 0x6f62 path = 3F007FFF p1 = 0 p2 = 0 p3 =  data = null aid = a0000000871002ff86ffff89ffffffff [SUB0]
07-09 09:41:30.108  2313  2313 D RILJ    : [3786]> iccIO: SIM_IO command = 0xc0 fileId = 0x6fd9 path = 3F007FFF p1 = 0 p2 = 0 p3 =  data = null aid = a0000000871002ff86ffff89ffffffff [SUB0]
07-09 09:41:30.109  2313  2313 D RILJ    : [3787]> iccIO: SIM_IO command = 0xc0 fileId = 0x6f7b path = 3F007FFF p1 = 0 p2 = 0 p3 =  data = null aid = a0000000871002ff86ffff89ffffffff [SUB0]
07-09 09:41:30.110  2313  2313 D RILJ    : [3788]> iccIO: SIM_IO command = 0xc0 fileId = 0x6f05 path = 3F007FFF p1 = 0 p2 = 0 p3 =  data = null aid = a0000000871002ff86ffff89ffffffff [SUB0]
07-09 09:41:30.111  2313  2313 D RILJ    : [3789]> iccIO: SIM_IO command = 0xc0 fileId = 0x2f05 path = 3F00 p1 = 0 p2 = 0 p3 =  data = null aid = a0000000871002ff86ffff89ffffffff [SUB0]
07-09 09:41:30.112  2313  2313 D RILJ    : [3790]> iccIO: SIM_IO command = 0xc0 fileId = 0x6f3c path = 3F007FFF p1 = 0 p2 = 0 p3 =  data = null aid = a0000000871002ff86ffff89ffffffff [SUB0]
07-09 09:41:30.112  2313  2313 D SIMRecords: [SIMRecords] fetchSimRecords 24 requested: true
07-09 09:41:30.112  2313  2313 D UiccCardApplication: Query facility lock : 0
07-09 09:41:30.112  2313  2313 D CAT     : CatService: handleMessage[8]
07-09 09:41:30.113  2313  2313 D CAT     : CatService: MSG_ID_ICC_CHANGED
07-09 09:41:30.113  2313  2313 D CAT     : CatService: New Card State = CARDSTATE_PRESENT Old Card State = CARDSTATE_ABSENT
07-09 09:41:30.113  2313  2313 D RILJ    : [3791]> RIL_REQUEST_REPORT_STK_SERVICE_IS_RUNNING [SUB0]
07-09 09:41:30.113  2313  2313 D QtiGsmCdmaPhone: handleMessage: Event: 30
07-09 09:41:30.113  2313  2313 D GsmCdmaPhone: [GsmCdmaPhone] New Uicc application found. type = APPTYPE_USIM
07-09 09:41:30.114  2313  2313 D SIMRecords: [SIMRecords] getOperatorNumeric: IMSI == null
07-09 09:41:30.114  2313  2313 D GsmCdmaPhone: [GsmCdmaPhone] mIccRecords = SimRecords: mDestroyed=false mContext=com.android.phone.PhoneGlobals@4609524 mCi=com.qualcomm.qti.internal.telephony.QtiRIL@d175a3f mFh=Handler (com.android.internal.telephony.uicc.UsimFileHandler) {868a88d} mParentApp=com.android.internal.telephony.uicc.UiccCardApplication@1f8ea42 recordsLoadedRegistrants=android.os.RegistrantList@f680a53 mImsiReadyRegistrants=android.os.RegistrantList@1a3df90 mRecordsEventsRegistrants=android.os.RegistrantList@a444089 mNewSmsRegistrants=android.os.RegistrantList@daf688e mNetworkSelectionModeAutomaticRegistrants=android.os.RegistrantList@15ef8af recordsToLoad=24 adnCache=Handler (com.android.internal.telephony.uicc.AdnRecordCache) {b8f64bc} recordsRequested=true iccid=null msisdnTag=null voiceMailNum=null voiceMailTag=null voiceMailNum=null newVoiceMailTag=null isVoiceMailFixed=false mImsi=null mncLength=-1 mailboxIndex=0 spn=null mVmConfigcom.android.internal.telephony.uicc.VoiceMailConstants@2275c45 mSpnOverride=com.android.internal.telephony.uicc.SpnOverride@b3d7f9a callForwardingEnabled=0 spnState=READ_SPN_3GPP mCphsInfo=null mCspPlmnEnabled=true efMWIS=null efCPHS_MWI=null mEfCff=null mEfCfis=null getOperatorNumeric=null
07-09 09:41:30.114  2313  2313 D GsmSMSDispatcher: GsmSMSDispatcher: subId = 2147483643 slotId = 0
07-09 09:41:30.114  2313  2313 D GsmSMSDispatcher: New Uicc application found
07-09 09:41:30.114  2313  2313 D IccCardProxy: Icc changed. Reregistering.
07-09 09:41:30.114  2313  2313 D UiccCardApplication: Notifying 1 registrant: READY
07-09 09:41:30.114  2313  2313 D IccCardProxy: setExternalState: set mPhoneId=0 mExternalState=READY
07-09 09:41:30.114  2313  2313 D TelephonyManager: setTelephonyProperty: success phoneId=0 property=gsm.sim.state value: READY propVal=READY
07-09 09:41:30.116  2313  2425 D RILJ    : [3791]< RIL_REQUEST_REPORT_STK_SERVICE_IS_RUNNING  [SUB0]
07-09 09:41:30.120  2313  2425 D RILJ    : Unsol response received; Sending ack to ril.cpp [SUB0]
07-09 09:41:30.120  2313  2425 D RILJ    : [UNSL]< UNSOL_STK_PROACTIVE_COMMAND [SUB0]
07-09 09:41:30.121  2313  2425 D RILJ    : [3775]< SIM_IO IccIoResult sw1:0x90 sw2:0x0 [SUB0]
07-09 09:41:30.122  2313  2313 D IccCardProxy: broadcastIccStateChangedIntent intent ACTION_SIM_STATE_CHANGED value=READY reason=null for mPhoneId=0
07-09 09:41:30.124  2313  2313 D SST     : New card found
07-09 09:41:30.125  2313  2313 D UiccCardApplication: Notifying 1 registrant: READY
07-09 09:41:30.125  2313  2313 D QtiGsmDCT: [0]QtiDcTracker handleMessage msg={ when=-178ms what=270369 obj=android.os.AsyncResult@cf57584 target=com.qualcomm.qti.internal.telephony.dataconnection.QtiDcTracker }
07-09 09:41:30.126  2313  2313 D QtiGsmCdmaPhone: handleMessage: Event: 30
07-09 09:41:30.126  2313  2313 D GsmSMSDispatcher: GsmSMSDispatcher: subId = 2147483644 slotId = 1
07-09 09:41:30.126  2313  2313 D IccCardProxy: Icc changed. Reregistering.
07-09 09:41:30.126  2313  2313 D IccCardProxy: setExternalState: set mPhoneId=1 mExternalState=ABSENT
07-09 09:41:30.126  2313  2313 D TelephonyManager: setTelephonyProperty: success phoneId=1 property=gsm.sim.state value: ABSENT propVal=READY,ABSENT
07-09 09:41:30.128  2313  2313 D IccCardProxy: broadcastIccStateChangedIntent intent ACTION_SIM_STATE_CHANGED value=ABSENT reason=null for mPhoneId=1
07-09 09:41:30.128  2313  2425 D RILJ    : [3777]< SIM_IO IccIoResult sw1:0x90 sw2:0x0 [SUB0]
07-09 09:41:30.128  2313  2332 D SubscriptionController: [getPhoneId]- no sims, returning default phoneId=0
07-09 09:41:30.129  2313  2438 D SubscriptionController: [getActiveSubInfoList] Sub Controller not ready
07-09 09:41:30.131  2313  2425 D RILJ    : [3778]< SIM_IO IccIoResult sw1:0x90 sw2:0x0 [SUB0]
07-09 09:41:30.131  2313  2425 D RILJ    : [3783]< SIM_IO IccIoResult sw1:0x90 sw2:0x0 [SUB0]
07-09 09:41:30.132  2313  2332 D SubscriptionController: [getPhoneId]- no sims, returning default phoneId=0
07-09 09:41:30.132  2313  2313 D QtiGsmDCT: [1]QtiDcTracker handleMessage msg={ when=-185ms what=270369 obj=android.os.AsyncResult@669716d target=com.qualcomm.qti.internal.telephony.dataconnection.QtiDcTracker }
07-09 09:41:30.132  2313  2313 D QtiUiccCardProvisioner: updateIccAvailability, card state[0] = CARDSTATE_PRESENT
07-09 09:41:30.134  2313  3256 D SubscriptionController: [getPhoneId]- no sims, returning default phoneId=0
07-09 09:41:30.134  2313  2313 D use-Rlog/RLOG-QC_RIL_OEM_HOOK: sendOemRilRequestRaw returns value = 8
07-09 09:41:30.134  2313  2313 D QtiRilInterface: Data received: java.nio.HeapByteBuffer[pos=0 lim=8 cap=8]
07-09 09:41:30.134  2313  2313 I QtiRilInterface: get pref, phoneId 0 User pref 1 Current pref 1 exception null
07-09 09:41:30.134  2313  2313 D QtiUiccCardProvisioner:  queryUiccProvisionInfo: useSimIORequest=  true
07-09 09:41:30.136  2313  2438 D SubscriptionController: [getPhoneId]- no sims, returning default phoneId=0
07-09 09:41:30.136  2313  2332 D SubscriptionController: [getActiveSubInfoList] Sub Controller not ready
07-09 09:41:30.137  2313  2313 D RILJ    : [3793]> iccIO: SIM_IO command = 0xc0 fileId = 0x2fe2 path = 3F00 p1 = 0 p2 = 0 p3 =  data = null aid = a0000000871002ff86ffff89ffffffff [SUB0]
07-09 09:41:30.137  2313  2313 D QtiUiccCardProvisioner:  queryUiccProvisionInfo, iccId[0] = null User pref 1 Current pref 1
07-09 09:41:30.137  2313  2313 D CAT     : CatService: handleMessage[8]
07-09 09:41:30.137  2313  2313 D CAT     : CatService: MSG_ID_ICC_CHANGED
07-09 09:41:30.137  2313  2313 D CAT     : CatService: New Card State = CARDSTATE_PRESENT Old Card State = CARDSTATE_PRESENT
07-09 09:41:30.137  2313  2313 D QtiGsmCdmaPhone: handleMessage: Event: 30
07-09 09:41:30.137  2313  2313 D GsmSMSDispatcher: GsmSMSDispatcher: subId = 2147483643 slotId = 0
07-09 09:41:30.137  2313  2313 D IccCardProxy: setExternalState: !override and newstate unchanged from READY
07-09 09:41:30.138  2313  2313 D QtiGsmDCT: [0]QtiDcTracker handleMessage msg={ when=-191ms what=270369 obj=android.os.AsyncResult@2c2b1a2 target=com.qualcomm.qti.internal.telephony.dataconnection.QtiDcTracker }
07-09 09:41:30.138  2313  2313 D QtiGsmCdmaPhone: handleMessage: Event: 30
07-09 09:41:30.138  2313  2313 D GsmSMSDispatcher: GsmSMSDispatcher: subId = 2147483644 slotId = 1
07-09 09:41:30.138  2313  2313 D IccCardProxy: setExternalState: !override and newstate unchanged from ABSENT
07-09 09:41:30.138  2313  2313 D QtiGsmDCT: [1]QtiDcTracker handleMessage msg={ when=-192ms what=270369 obj=android.os.AsyncResult@4512e33 target=com.qualcomm.qti.internal.telephony.dataconnection.QtiDcTracker }
07-09 09:41:30.138  2313  2313 D QtiUiccCardProvisioner: updateIccAvailability, card state[1] = CARDSTATE_ABSENT
07-09 09:41:30.138  2313  2313 D CAT     : CatService: handleMessage[8]
07-09 09:41:30.138  2313  2313 D CAT     : CatService: MSG_ID_ICC_CHANGED
07-09 09:41:30.138  2313  2313 D CAT     : CatService: New Card State = CARDSTATE_PRESENT Old Card State = CARDSTATE_PRESENT
07-09 09:41:30.138  2313  2313 D UiccCardApplication: Query facility FDN : FDN service available: true enabled: false
07-09 09:41:30.138  2313  2313 D SST     : SubscriptionListener.onSubscriptionInfoChanged
07-09 09:41:30.138  2313  2313 D GsmCdmaPhone: [GsmCdmaPhone] updateVoiceMail countVoiceMessages = 0 subId 2147483644
07-09 09:41:30.138  2313  2313 E Phone   : setVoiceMessageCount in sharedPreference: invalid subId 2147483644
07-09 09:41:30.139  2313  2313 D QtiSubscriptionController: getPhoneId, received dummy subId 2147483644
07-09 09:41:30.139  2313  2425 D RILJ    : [3784]< SIM_IO IccIoResult sw1:0x90 sw2:0x0 [SUB0]
07-09 09:41:30.139  2313  2313 D SubscriptionController: [getPhoneId]- no sims, returning default phoneId=0
07-09 09:41:30.139  2313  2313 D PhoneSwitcher: handle event - 102
07-09 09:41:30.140  2313  2313 D SubscriptionController: [getPhoneId]- no sims, returning default phoneId=0
07-09 09:41:30.140  2313  2425 D RILJ    : [3772]< SIM_IO error 43 [SUB0]
07-09 09:41:30.140  2313  2425 D RilRequest: [3772]< SIM_IO error: com.android.internal.telephony.CommandException: SIM_ERR ret=IccIoResult sw1:0x6a sw2:0x82 Error: File not found
07-09 09:41:30.141  2313  2313 D SubscriptionController: [getActiveSubInfoList] Sub Controller not ready
07-09 09:41:30.141  2313  2425 D RILJ    : [3785]< SIM_IO IccIoResult sw1:0x90 sw2:0x0 [SUB0]
07-09 09:41:30.142  2313  2313 D QtiGsmDCT: [0]SubscriptionListener.onSubscriptionInfoChanged
07-09 09:41:30.142  2313  2425 D RILJ    : [3773]< SIM_IO error 38 [SUB0]
07-09 09:41:30.142  2313  2425 D RilRequest: [3773]< SIM_IO error: com.android.internal.telephony.CommandException: INTERNAL_ERR ret=IccIoResult sw1:0x94 sw2:0x4 Error: file ID not found/pattern not found
07-09 09:41:30.143  2313  2425 D RILJ    : [3787]< SIM_IO IccIoResult sw1:0x90 sw2:0x0 [SUB0]
07-09 09:41:30.143  2313  2313 D SubscriptionController: [getActiveSubInfoList] Sub Controller not ready
07-09 09:41:30.143  2313  2425 D RILJ    : [3788]< SIM_IO IccIoResult sw1:0x90 sw2:0x0 [SUB0]
07-09 09:41:30.144  2313  2425 D RILJ    : [3789]< SIM_IO IccIoResult sw1:0x90 sw2:0x0 [SUB0]
07-09 09:41:30.144  2313  2425 D RILJ    : [3790]< SIM_IO IccIoResult sw1:0x90 sw2:0x0 [SUB0]
07-09 09:41:30.144  2313  2425 D RILJ    : [3793]< SIM_IO IccIoResult sw1:0x90 sw2:0x0 [SUB0]
07-09 09:41:30.146  2313  2313 D QtiSubscriptionController: getPhoneId, received dummy subId 2147483643
07-09 09:41:30.147  2313  2313 D QtiSubscriptionController: getPhoneId, received dummy subId 2147483643
07-09 09:41:30.148  2313  2313 D SubscriptionController: [getActiveSubInfoList] Sub Controller not ready
07-09 09:41:30.148  2313  2313 D SubscriptionController: [getActiveSubInfoForSubscriber]- subId=2147483643 subList=null subInfo=null
07-09 09:41:30.148  2313  2313 I ImsManager: Creating ImsService using ImsResolver
07-09 09:41:30.149  2313  2425 D RILJ    : [3774]< SIM_IO error 43 [SUB0]
07-09 09:41:30.149  2313  2425 D RilRequest: [3774]< SIM_IO error: com.android.internal.telephony.CommandException: SIM_ERR ret=IccIoResult sw1:0x6a sw2:0x82 Error: File not found
07-09 09:41:30.150  2313  2313 D QtiSubscriptionController: getPhoneId, received dummy subId 2147483643
07-09 09:41:30.154  2313  2313 I chatty  : uid=1001(radio) com.android.phone identical 5 lines
07-09 09:41:30.154  2313  2313 D QtiSubscriptionController: getPhoneId, received dummy subId 2147483643
07-09 09:41:30.160  1271  1568 I RILQ    : (0/1271):RIL[0][(1271,1568)] qcril_qmi_nas_reset_data_snapshot_cache_and_timer: Resetting snapshot timer
07-09 09:41:30.165  1271  1568 I chatty  : uid=1001(radio) DispatcherModul identical 1 line
07-09 09:41:30.166  1271  1568 I RILQ    : (0/1271):RIL[0][(1271,1568)] qcril_qmi_nas_reset_data_snapshot_cache_and_timer: Resetting snapshot timer
07-09 09:41:30.168  2313  2332 D SubscriptionController: [getPhoneId]- no sims, returning default phoneId=0
07-09 09:41:30.170  2313  2425 D RILJ    : Unsol response received; Sending ack to ril.cpp [SUB0]
07-09 09:41:30.170  2313  2425 D RILJ    : [UNSL]< UNSOL_RESPONSE_NETWORK_STATE_CHANGED [SUB0]
07-09 09:41:30.170  1271  1568 I RILQ    : (0/1271):RIL[0][(1271,1568)] qcril_qmi_nas_evaluate_custom_emergency_numbers_for_card: cur_status 17408, card_state 3
07-09 09:41:30.170  1271  1568 I RILQ    : (0/1271):RIL[0][(1271,1568)] qcril_qmi_nas_evaluate_custom_emergency_numbers_for_card: card_mcc 404, card_mnc 49
07-09 09:41:30.171  2313  2313 D QtiGsmDCT: [1]SubscriptionListener.onSubscriptionInfoChanged
07-09 09:41:30.172  1271  1568 E RILQ    : (0/1271): RIL[0][(1271,1568)] get_ecc_property_name: ecc list name : ril.ecclist.
07-09 09:41:30.172  2313  2313 D SST     : SubscriptionListener.onSubscriptionInfoChanged
07-09 09:41:30.172  2313  2313 E Phone   : getStoredVoiceMessageCount: invalid subId 2147483643
07-09 09:41:30.172  2313  2313 D GsmCdmaPhone: [GsmCdmaPhone] updateVoiceMail countVoiceMessages = 0 subId 2147483643
07-09 09:41:30.172  2313  2313 E Phone   : setVoiceMessageCount in sharedPreference: invalid subId 2147483643
07-09 09:41:30.172  2313  2313 D QtiSubscriptionController: getPhoneId, received dummy subId 2147483643
07-09 09:41:30.172  2313  2313 D ImsPhone: handleMessage what=57
07-09 09:41:30.173  2313  2313 D QtiSubscriptionController: getPhoneId, received dummy subId 2147483643
07-09 09:41:30.173  2313  2313 D UiccCard: Error in SIM access with exceptioncom.android.internal.telephony.CommandException: NO_SUCH_ELEMENT
07-09 09:41:30.173  2313  2313 D SST     : EVENT_POLL_STATE_NETWORK_SELECTION_MODE
07-09 09:41:30.173  2313  2313 D SubscriptionController: [getPhoneId]- no sims, returning default phoneId=0
07-09 09:41:30.173  2313  2313 D PhoneSwitcher: handle event - 110
07-09 09:41:30.174  2313  2313 D QtiRadioCapabilityController: handleRadioCapsAvailable... 
07-09 09:41:30.174  2313  2313 D QtiRadioCapabilityController: updateStackBindingIfRequired
07-09 09:41:30.174  2313  2313 D QtiRadioCapabilityController: provisionStatus[0] : 1
07-09 09:41:30.174  2313  2313 E QtiRadioCapabilityController: Error: subId not generated yet 0
07-09 09:41:30.174  2313  2313 D QtiRadioCapabilityController: notifyRadioCapsUpdated: radio caps updated false
07-09 09:41:30.174  2313  2313 D SST     : EVENT_POLL_STATE_NETWORK_SELECTION_MODE
07-09 09:41:30.175  2313  2313 D SubscriptionController: [getPhoneId]- no sims, returning default phoneId=0
07-09 09:41:30.175  2313  2313 D PhoneSwitcher: handle event - 110
07-09 09:41:30.175  2313  2313 D SST     : EVENT_POLL_STATE_NETWORK_SELECTION_MODE
07-09 09:41:30.175  2313  2313 D SubscriptionController: [getPhoneId]- no sims, returning default phoneId=0
07-09 09:41:30.175  2313  2313 D PhoneSwitcher: handle event - 110
07-09 09:41:30.176  2313  2313 D CdmaSSM : CDMA_SUBSCRIPTION_SOURCE event = 2
07-09 09:41:30.176  2313  2313 W CdmaSSM : Unable to get CDMA Subscription Source, Exception: com.android.internal.telephony.CommandException: REQUEST_NOT_SUPPORTED, result: [I@4e67a8f
07-09 09:41:30.176  2313  2313 D SST     : handlPollStateResultMessage: GsmSST setDataRegState=1 regState=2 dataRadioTechnology=0
07-09 09:41:30.176  2313  2313 D SST     : handlPollVoiceRegResultMessage: regState=2 radioTechnology=0
07-09 09:41:30.176  2313  2313 D SST     : EVENT_POLL_STATE_NETWORK_SELECTION_MODE
07-09 09:41:30.176  2313  2425 D RILJ    : [3776]< SIM_IO error 43 [SUB0]
07-09 09:41:30.177  2313  2425 D RilRequest: [3776]< SIM_IO error: com.android.internal.telephony.CommandException: SIM_ERR ret=IccIoResult sw1:0x6a sw2:0x82 Error: File not found
07-09 09:41:30.177  2313  2313 D QtiSubscriptionController: getPhoneId, received dummy subId 2147483644
07-09 09:41:30.177  2313  2313 D SST     : Poll ServiceState done:  oldSS=[{mVoiceRegState=1(OUT_OF_SERVICE), mDataRegState=1(OUT_OF_SERVICE), mVoiceRoamingType=home, mDataRoamingType=home, mVoiceOperatorAlphaLong=null, mVoiceOperatorAlphaShort=null, mDataOperatorAlphaLong=null, mDataOperatorAlphaShort=null, isManualNetworkSelection=false(automatic), mRilVoiceRadioTechnology=0(Unknown), mRilDataRadioTechnology=0(Unknown), mCssIndicator=unsupported, mNetworkId=-1, mSystemId=-1, mCdmaRoamingIndicator=-1, mCdmaDefaultRoamingIndicator=-1, mIsEmergencyOnly=false, mIsDataRoamingFromRegistration=false, mIsUsingCarrierAggregation=false, mLteEarfcnRsrpBoost=0}] newSS=[{mVoiceRegState=1(OUT_OF_SERVICE), mDataRegState=1(OUT_OF_SERVICE), mVoiceRoamingType=home, mDataRoamingType=home, mVoiceOperatorAlphaLong=, mVoiceOperatorAlphaShort=, mDataOperatorAlphaLong=, mDataOperatorAlphaShort=, isManualNetworkSelection=false(automatic), mRilVoiceRadioTechnology=0(Unknown), mRilDataRadioTechnology=0(Unknown), mCssIndicator=unsupported, mNetworkId=-1, mSystemId=-1, mCdmaRoamingIndicator=-1, mCdmaDefaultRoamingIndicator=-1, mIsEmergencyOnly=false, mIsDataRoamingFromRegistration=false, mIsUsingCarrierAggregation=false, mLteEarfcnRsrpBoost=0}] oldMaxDataCalls=1 mNewMaxDataCalls=20 oldReasonDataDenied=-1 mNewReasonDataDenied=0
07-09 09:41:30.177  2313  2313 D SST     : pollStateDone: hasRegistered=false hasDeregistered=false hasDataAttached=false hasDataDetached=false hasDataRegStateChanged=false hasRilVoiceRadioTechnologyChanged= false hasRilDataRadioTechnologyChanged=false hasChanged=true hasVoiceRoamingOn=false hasVoiceRoamingOff=false hasDataRoamingOn=false hasDataRoamingOff=false hasLocationChanged=false has4gHandoff = false hasMultiApnSupport=false hasLostMultiApnSupport=false
