07-09 09:41:24.360  2230  2230 I /system/bin/webview_zygote32: option[5]=-verbose:gc
07-09 09:41:24.360  2230  2230 I /system/bin/webview_zygote32: option[6]=-Xms8m
07-09 09:41:24.360  2230  2230 I /system/bin/webview_zygote32: option[7]=-Xmx512m
07-09 09:41:24.360  2230  2230 I /system/bin/webview_zygote32: option[8]=-XX:HeapGrowthLimit=256m
07-09 09:41:24.360  2230  2230 I /system/bin/webview_zygote32: option[9]=-XX:HeapMinFree=512k
07-09 09:41:24.360  2230  2230 I /system/bin/webview_zygote32: option[10]=-XX:HeapMaxFree=8m
07-09 09:41:24.360  2230  2230 I /system/bin/webview_zygote32: option[11]=-XX:HeapTargetUtilization=0.75
07-09 09:41:24.360  2230  2230 I /system/bin/webview_zygote32: option[12]=-Xusejit:true
07-09 09:41:24.360  2230  2230 I /system/bin/webview_zygote32: option[13]=-Xjitsaveprofilinginfo
07-09 09:41:24.360  2230  2230 I /system/bin/webview_zygote32: option[14]=-agentlib:jdwp=transport=dt_android_adb,suspend=n,server=y
07-09 09:41:24.360  2230  2230 I /system/bin/webview_zygote32: option[15]=-Ximage-compiler-option
07-09 09:41:24.360  2230  2230 I /system/bin/webview_zygote32: option[16]=--runtime-arg
07-09 09:41:24.360  2230  2230 I /system/bin/webview_zygote32: option[17]=-Ximage-compiler-option
07-09 09:41:24.360  2230  2230 I /system/bin/webview_zygote32: option[18]=-Xms64m
07-09 09:41:24.360  2230  2230 I /system/bin/webview_zygote32: option[19]=-Ximage-compiler-option
07-09 09:41:24.360  2230  2230 I /system/bin/webview_zygote32: option[20]=--runtime-arg
07-09 09:41:24.360  2230  2230 I /system/bin/webview_zygote32: option[21]=-Ximage-compiler-option
07-09 09:41:24.360  2230  2230 I /system/bin/webview_zygote32: option[22]=-Xmx64m
07-09 09:41:24.360  2230  2230 I /system/bin/webview_zygote32: option[23]=-Ximage-compiler-option
07-09 09:41:24.360  2230  2230 I /system/bin/webview_zygote32: option[24]=--image-classes=/system/etc/preloaded-classes
07-09 09:41:24.360  2230  2230 I /system/bin/webview_zygote32: option[25]=-Ximage-compiler-option
07-09 09:41:24.360  2230  2230 I /system/bin/webview_zygote32: option[26]=--compiled-classes=/system/etc/compiled-classes
07-09 09:41:24.360  2230  2230 I /system/bin/webview_zygote32: option[27]=-Ximage-compiler-option
07-09 09:41:24.360  2230  2230 I /system/bin/webview_zygote32: option[28]=--dirty-image-objects=/system/etc/dirty-image-objects
07-09 09:41:24.360  2230  2230 I /system/bin/webview_zygote32: option[29]=-Xcompiler-option
07-09 09:41:24.360  2230  2230 I /system/bin/webview_zygote32: option[30]=--runtime-arg
07-09 09:41:24.360  2230  2230 I /system/bin/webview_zygote32: option[31]=-Xcompiler-option
07-09 09:41:24.360  2230  2230 I /system/bin/webview_zygote32: option[32]=-Xms64m
07-09 09:41:24.360  2230  2230 I /system/bin/webview_zygote32: option[33]=-Xcompiler-option
07-09 09:41:24.360  2230  2230 I /system/bin/webview_zygote32: option[34]=--runtime-arg
07-09 09:41:24.360  2230  2230 I /system/bin/webview_zygote32: option[35]=-Xcompiler-option
07-09 09:41:24.360  2230  2230 I /system/bin/webview_zygote32: option[36]=-Xmx512m
07-09 09:41:24.360  2230  2230 I /system/bin/webview_zygote32: option[37]=-Ximage-compiler-option
07-09 09:41:24.360  2230  2230 I /system/bin/webview_zygote32: option[38]=--instruction-set-variant=cortex-a53
07-09 09:41:24.360  2230  2230 I /system/bin/webview_zygote32: option[39]=-Xcompiler-option
07-09 09:41:24.360  2230  2230 I /system/bin/webview_zygote32: option[40]=--instruction-set-variant=cortex-a53
07-09 09:41:24.360  2230  2230 I /system/bin/webview_zygote32: option[41]=-Ximage-compiler-option
07-09 09:41:24.360  2230  2230 I /system/bin/webview_zygote32: option[42]=--instruction-set-features=default
07-09 09:41:24.360  2230  2230 I /system/bin/webview_zygote32: option[43]=-Xcompiler-option
07-09 09:41:24.360  2230  2230 I /system/bin/webview_zygote32: option[44]=--instruction-set-features=default
07-09 09:41:24.360  2230  2230 I /system/bin/webview_zygote32: option[45]=-Duser.locale=en-IN
07-09 09:41:24.360  2230  2230 I /system/bin/webview_zygote32: option[46]=--cpu-abilist=armeabi-v7a,armeabi
07-09 09:41:24.360  2230  2230 I /system/bin/webview_zygote32: option[47]=-Xfingerprint:GM/GM9PRO/GM9PRO_d_sprout:8.1.0/OPM1.171019.019/117:user/release-keys
07-09 09:41:24.362  2230  2230 W /system/bin/webview_zygote32: Could not reserve sentinel fault page
07-09 09:41:24.368  1266  1462 I OMXClient: Treble IOmx obtained
07-09 09:41:24.368  1270  1551 I OMXMaster: makeComponentInstance(OMX.google.g711.mlaw.decoder) in omx@1.0-service process
07-09 09:41:24.370   793  2267 E QMI_FW  : QMUXD: WARNING qmi_qmux_if_pwr_up_init failed! rc=-6
07-09 09:41:24.373  1266  1462 I OMXClient: Treble IOmx obtained
07-09 09:41:24.373  1270  1551 I OMXMaster: makeComponentInstance(OMX.google.gsm.decoder) in omx@1.0-service process
07-09 09:41:24.375  2173  2173 I TransientFileCleaner: Deleting 0 files
07-09 09:41:24.378  2186  2186 V MediaRouter: Adding route: RouteInfo{ name=Phone, description=null, status=null, category=RouteCategory{ name=System types=ROUTE_TYPE_LIVE_AUDIO ROUTE_TYPE_LIVE_VIDEO  groupable=false }, supportedTypes=ROUTE_TYPE_LIVE_AUDIO ROUTE_TYPE_LIVE_VIDEO , presentationDisplay=null }
07-09 09:41:24.378  1896  1896 W LocationProviderProxy-network: Odd, no component found for service com.android.location.service.v3.NetworkLocationProvider
07-09 09:41:24.380  1896  1896 W GeocoderProxy: Odd, no component found for service com.android.location.service.GeocodeProvider
07-09 09:41:24.381  1896  1896 D LocationManagerService: FLP HAL not supported
07-09 09:41:24.381  2186  2186 V MediaRouter: Selecting route: RouteInfo{ name=Phone, description=null, status=null, category=RouteCategory{ name=System types=ROUTE_TYPE_LIVE_AUDIO ROUTE_TYPE_LIVE_VIDEO  groupable=false }, supportedTypes=ROUTE_TYPE_LIVE_AUDIO ROUTE_TYPE_LIVE_VIDEO , presentationDisplay=null }
07-09 09:41:24.382  1896  1896 I chatty  : uid=1000 system_server expire 5 lines
07-09 09:41:24.382  1896  1896 W GeofenceProxy: Odd, no component found for service com.android.location.service.GeofenceProvider
07-09 09:41:24.383  1896  1896 D LocationManagerService: Hardware Activity-Recognition not supported.
07-09 09:41:24.384  1896  1896 W ActivityRecognitionProxy: Odd, no component found for service com.android.location.service.ActivityRecognitionProvider
07-09 09:41:24.385  1266  1462 I OMXClient: Treble IOmx obtained
07-09 09:41:24.386  1270  2243 I OMXMaster: makeComponentInstance(OMX.google.mp3.decoder) in omx@1.0-service process
07-09 09:41:24.386  1896  1896 I SystemServer: MakeCountryDetectionServiceReady
07-09 09:41:24.386  1896  1896 I SystemServer: MakeNetworkTimeUpdateReady
07-09 09:41:24.388  1896  1896 D ConnectivityService: requestNetwork for uid/pid:1000/1896 NetworkRequest [ TRACK_DEFAULT id=5, [ Capabilities: INTERNET&NOT_RESTRICTED&TRUSTED&NOT_VPN] ]
07-09 09:41:24.388  1896  1896 I SystemServer: MakeCommonTimeManagementServiceReady
07-09 09:41:24.388  2173  2173 I TransientFileCleaner: Deleting 0 files
07-09 09:41:24.389  1896  1896 I SystemServer: MakeInputManagerServiceReady
07-09 09:41:24.389  1896  2151 I chatty  : uid=1000(system) EthernetService expire 1 line
07-09 09:41:24.389  1896  1896 I SystemServer: MakeTelephonyRegistryReady
07-09 09:41:24.390  1896  1896 I SystemServer: MakeMediaRouterServiceReady
07-09 09:41:24.390  1896  2106 I chatty  : uid=1000(system) InputReader expire 2 lines
07-09 09:41:24.390  1896  1896 I SystemServer: MakeMmsServiceReady
07-09 09:41:24.390  1896  1896 I MmsServiceBroker: Delay connecting to MmsService until an API is called
07-09 09:41:24.390  1896  1896 I SystemServer: MakeNetworkScoreServiceReady
07-09 09:41:24.390  1896  1896 I SystemServer: IncidentDaemonReady
07-09 09:41:24.390  1896  1896 I SystemServiceManager: Calling onStartUser u0
07-09 09:41:24.391   793  2267 E LocSvc_GnssAdapter: initDefaultAgps]: libloc_net_iface.so not found !
07-09 09:41:24.395  1896  2100 I chatty  : uid=1000(system) HwBinder:1896_1 expire 2 lines
07-09 09:41:24.397  2186  2186 V KeyguardUpdateMonitor: startListeningForFingerprint()
07-09 09:41:24.402  1266  1462 I OMXClient: Treble IOmx obtained
07-09 09:41:24.402  1270  2243 I OMXMaster: makeComponentInstance(OMX.google.opus.decoder) in omx@1.0-service process
07-09 09:41:24.403  1896  1896 I ActivityManager: Start proc 2278:.dataservices/1000 for added application .dataservices
07-09 09:41:24.412   808   828 D PerMgrSrv: modem state: is on-line, add client GPS
07-09 09:41:24.412   808   828 D PerMgrSrv: GPS registered
07-09 09:41:24.413   793  2267 D PerMgrLib: GPS successfully registered for modem
07-09 09:41:24.413   793  2267 D PerMgrLib: GPS voting for modem
07-09 09:41:24.413   808   828 D PerMgrSrv: GPS voting for modem
07-09 09:41:24.413   808   828 D PerMgrSrv: modem num voters is 5
07-09 09:41:24.417  1372  1430 E QMI_FW  : QCCI qmi_cci_xport_recv: txn not found. svc_id: 16
07-09 09:41:24.418  1896  1896 I ActivityManager: Start proc 2290:com.qualcomm.qti.telephonyservice/1001 for added application com.qualcomm.qti.telephonyservice
07-09 09:41:24.419  1266  1462 I OMXClient: Treble IOmx obtained
07-09 09:41:24.420  1270  2243 I OMXMaster: makeComponentInstance(OMX.google.raw.decoder) in omx@1.0-service process
07-09 09:41:24.427   793  2267 E Diag_Lib:  Diag_LSM_Init: Failed to open handle to diag driver, error = 13
07-09 09:41:24.430  1266  1462 I OMXClient: Treble IOmx obtained
07-09 09:41:24.430  1270  2243 I OMXMaster: makeComponentInstance(OMX.google.vorbis.decoder) in omx@1.0-service process
07-09 09:41:24.431  1896  1896 I ActivityManager: Start proc 2313:com.android.phone/1001 for added application com.android.phone
07-09 09:41:24.432  1896  1896 I ActivityManager: START u0 {act=android.intent.action.MAIN cat=[android.intent.category.HOME] flg=0x10000100 cmp=com.android.settings/.FallbackHome} from uid 0
07-09 09:41:24.435  1266  1462 I OMXClient: Treble IOmx obtained
07-09 09:41:24.436  1270  1551 I OMXMaster: makeComponentInstance(OMX.google.aac.encoder) in omx@1.0-service process
07-09 09:41:24.438   793  2267 D PerMgrLib: GPS unvoting for modem
07-09 09:41:24.439   808   828 D PerMgrSrv: GPS removing vote for modem
07-09 09:41:24.439   808   828 D PerMgrSrv: modem num voters is 5
07-09 09:41:24.448  1266  1462 I OMXClient: Treble IOmx obtained
07-09 09:41:24.448  1270  1551 I OMXMaster: makeComponentInstance(OMX.google.amrnb.encoder) in omx@1.0-service process
07-09 09:41:24.471  1266  1462 I OMXClient: Treble IOmx obtained
07-09 09:41:24.472  1270  1551 I OMXMaster: makeComponentInstance(OMX.google.amrwb.encoder) in omx@1.0-service process
07-09 09:41:24.484  1266  1462 I OMXClient: Treble IOmx obtained
07-09 09:41:24.484  1270  2243 I OMXMaster: makeComponentInstance(OMX.google.flac.encoder) in omx@1.0-service process
07-09 09:41:24.497  1266  1462 I OMXClient: Treble IOmx obtained
07-09 09:41:24.498  1270  2243 I OMXMaster: makeComponentInstance(OMX.qcom.video.decoder.avc) in omx@1.0-service process
07-09 09:41:24.518  1270  2243 E         : Service not available yet
07-09 09:41:24.532  1270  2243 I OMX-VDEC-1080P: Video slvp perflock acquired
07-09 09:41:24.546   592   592 W /system/bin/hwservicemanager: getTransport: Cannot find entry vendor.qti.hardware.iop@1.0::IIop/default in either framework or device manifest.
07-09 09:41:24.549  1896  1896 I ActivityManager: Loaded persisted task ids for user 0
07-09 09:41:24.554  1896  1896 D ActivityTrigger: activityStartTrigger: Activity is Triggerred in full screen ApplicationInfo{c6429a9 com.android.settings}
07-09 09:41:24.554  1896  1896 E ActivityTrigger: activityStartTrigger: not whiteListedcom.android.settings/com.android.settings.FallbackHome/27
07-09 09:41:24.554  1896  1896 D CompatibilityInfo: mCompatibilityFlags - 0
07-09 09:41:24.554  1896  1896 D CompatibilityInfo: applicationDensity - 480
07-09 09:41:24.554  1896  1896 D CompatibilityInfo: applicationScale - 1.0
07-09 09:41:24.554  1896  1896 D ActivityTrigger: activityResumeTrigger: The activity in ApplicationInfo{c6429a9 com.android.settings} is now in focus and seems to be in full-screen mode
07-09 09:41:24.554  1896  1896 E ActivityTrigger: activityResumeTrigger: not whiteListedcom.android.settings/com.android.settings.FallbackHome/27
07-09 09:41:24.566  1896  1896 I ActivityManager: Start proc 2348:com.android.settings/1000 for activity com.android.settings/.FallbackHome
07-09 09:41:24.584  1896  1896 D ActivityTrigger: activityResumeTrigger: The activity in ApplicationInfo{c6429a9 com.android.settings} is now in focus and seems to be in full-screen mode
07-09 09:41:24.584  1896  1896 E ActivityTrigger: activityResumeTrigger: not whiteListedcom.android.settings/com.android.settings.FallbackHome/27
07-09 09:41:24.584  1896  1896 D CompatibilityInfo: mCompatibilityFlags - 0
07-09 09:41:24.584  1896  1896 D CompatibilityInfo: applicationDensity - 480
07-09 09:41:24.584  1896  1896 D CompatibilityInfo: applicationScale - 1.0
07-09 09:41:24.586  1896  1914 D CompatibilityInfo: mCompatibilityFlags - 10
07-09 09:41:24.586  1896  1914 D CompatibilityInfo: applicationDensity - 480
07-09 09:41:24.586  1896  1914 D CompatibilityInfo: applicationScale - 1.0
07-09 09:41:24.587  1896  1896 D SystemServerInitThreadPool: Shutdown successful
07-09 09:41:24.588  1896  2301 D CompatibilityInfo: mCompatibilityFlags - 0
07-09 09:41:24.588  1896  2301 D CompatibilityInfo: applicationDensity - 480
07-09 09:41:24.588  1896  2301 D CompatibilityInfo: applicationScale - 1.0
07-09 09:41:24.589  1896  2298 D CompatibilityInfo: mCompatibilityFlags - 0
07-09 09:41:24.590  1896  2298 D CompatibilityInfo: applicationDensity - 480
07-09 09:41:24.590  1896  2298 D CompatibilityInfo: applicationScale - 1.0
07-09 09:41:24.593  1896  2334 D CompatibilityInfo: mCompatibilityFlags - 0
07-09 09:41:24.593  1896  2334 D CompatibilityInfo: applicationDensity - 480
07-09 09:41:24.593  1896  2334 D CompatibilityInfo: applicationScale - 1.0
07-09 09:41:24.605  2290  2290 I zygote64: The ClassLoaderContext is a special shared library.
07-09 09:41:24.614  1270  2243 I OMX-VDEC-1080P: component_init: OMX.qcom.video.decoder.avc : fd=10
07-09 09:41:24.621  1270  2243 I OMX-VDEC-1080P: omx_vdec::component_init() success : fd=10
07-09 09:41:24.622  1896  2334 D CompatibilityInfo: mCompatibilityFlags - 0
07-09 09:41:24.622  1896  2334 D CompatibilityInfo: applicationDensity - 480
07-09 09:41:24.622  1896  2334 D CompatibilityInfo: applicationScale - 1.0
07-09 09:41:24.623  1270  1551 E OMXNodeInstance: getParameter(0xe7139dc4:qcom.decoder.avc, ??(0x7f000044)) ERROR: UnsupportedSetting(0x80001019)
07-09 09:41:24.623  1270  1551 E OMXNodeInstance: getParameter(0xe7139dc4:qcom.decoder.avc, ??(0x7f000044)) ERROR: UnsupportedSetting(0x80001019)
07-09 09:41:24.623  1270  1551 E OMXNodeInstance: getExtensionIndex(0xe7139dc4:qcom.decoder.avc, OMX.google.android.index.configureVideoTunnelMode) ERROR: NotImplemented(0x80001006)
07-09 09:41:24.624  1270  1551 E OMX-VDEC-1080P: Enable/Disable allocate-native-handle allowed only on input port!
07-09 09:41:24.624  1270  1551 E OMX-VDEC-1080P: set_parameter: Error: 0x80001019, setting param 0x7f00005d
07-09 09:41:24.624  1270  1551 E OMXNodeInstance: setParameter(0xe7139dc4:qcom.decoder.avc, OMX.google.android.index.allocateNativeHandle(0x7f00005d): Output:1 en=0) ERROR: UnsupportedSetting(0x80001019)
07-09 09:41:24.624  1270  1551 I OMX-VDEC-1080P: omx_vdec::component_deinit() complete
07-09 09:41:24.626  1270  1551 I OMX-VDEC-1080P: Exit OMX vdec Destructor: fd=10
07-09 09:41:24.627  1270  1551 I OMX-VDEC-1080P: Video slvp perflock released
07-09 09:41:24.629  1266  1462 I OMXClient: Treble IOmx obtained
07-09 09:41:24.630  1270  2243 I OMXMaster: makeComponentInstance(OMX.qcom.video.decoder.avc.secure) in omx@1.0-service process
07-09 09:41:24.633  1270  2243 E         : Service not available yet
07-09 09:41:24.633  1896  1931 W Looper  : Dispatch took 229ms on android.ui, h=Handler (com.android.server.am.ActivityManagerService$UiHandler) {6d2cc50} cb=null msg=53
07-09 09:41:24.633  1896  1896 D ConditionProviders.SCP: onConnected
07-09 09:41:24.635  1896  1896 D ConditionProviders: Subscribing to condition://android/event?userId=-10000&calendar=&reply=1 with ComponentInfo{android/com.android.server.notification.EventConditionProvider}
07-09 09:41:24.635  1896  1896 D ConditionProviders: Subscribing to condition://android/schedule?days=1.2.3.4.5&start=22.0&end=7.0&exitAtAlarm=false with ComponentInfo{android/com.android.server.notification.ScheduleConditionProvider}
07-09 09:41:24.635  1896  1896 D ConditionProviders: Subscribing to condition://android/schedule?days=6.7&start=23.30&end=10.0&exitAtAlarm=false with ComponentInfo{android/com.android.server.notification.ScheduleConditionProvider}
07-09 09:41:24.636  2278  2278 D CNEServiceApp: start cne
07-09 09:41:24.638  1896  2131 I WifiScanningService: wifi driver unloaded
07-09 09:41:24.638  1896  1896 D RttService: SCAN_AVAILABLE : 1
07-09 09:41:24.638  1896  2132 D RttService: DefaultState got{ when=0 what=160513 target=com.android.internal.util.StateMachine$SmHandler }
07-09 09:41:24.639  1270  2243 I OMX-VDEC-1080P: Video slvp perflock acquired
07-09 09:41:24.640  1270  2243 I OMX-VDEC-1080P: component_init: OMX.qcom.video.decoder.avc : fd=10
07-09 09:41:24.640  2173  2173 I ModuleManager: Key 'module:com.google.android.apps.inputmethod.libs.search.IUniversalMediaExtension' has value 'res/xml/extension_universal_media.xml'
07-09 09:41:24.642  2186  2186 V KeyguardUpdateMonitor: *** register callback for com.android.systemui.statusbar.phone.StatusBarKeyguardViewManager$1@560e50d
07-09 09:41:24.642  2186  2186 V KeyguardUpdateMonitor: *** unregister callback for null
07-09 09:41:24.644  2278  2278 I QCNEJ   : |CORE| phoneCount: 2
07-09 09:41:24.645  2186  2186 W SoundPool: Use of stream types is deprecated for operations other than volume control
07-09 09:41:24.645  2186  2186 W SoundPool: See the documentation of SoundPool() for what to use instead with android.media.AudioAttributes to qualify your playback use case
07-09 09:41:24.645  1270  2243 I OMX-VDEC-1080P: omx_vdec::component_init() success : fd=10
07-09 09:41:24.646  2186  2375 V NuMediaExtractor: setDataSource fd=39 (/system/media/audio/ui/Lock.ogg), offset=0, length=8308
07-09 09:41:24.646  2278  2278 I QCNEJ/CndHalConnector: CndHalConnector()
07-09 09:41:24.647  2278  2278 I zygote64: Looking for service android.hidl.manager@1.0::IServiceManager/default
07-09 09:41:24.647  1270  1551 E OMXNodeInstance: getParameter(0xe700f8c4:qcom.decoder.avc.secure, ??(0x7f000044)) ERROR: UnsupportedSetting(0x80001019)
07-09 09:41:24.648  1270  1551 E OMXNodeInstance: getParameter(0xe700f8c4:qcom.decoder.avc.secure, ??(0x7f000044)) ERROR: UnsupportedSetting(0x80001019)
07-09 09:41:24.648  1270  1551 E OMXNodeInstance: getExtensionIndex(0xe700f8c4:qcom.decoder.avc.secure, OMX.google.android.index.configureVideoTunnelMode) ERROR: NotImplemented(0x80001006)
07-09 09:41:24.648  1270  1551 E OMX-VDEC-1080P: Enable/Disable allocate-native-handle allowed only on input port!
07-09 09:41:24.648  1270  1551 E OMX-VDEC-1080P: set_parameter: Error: 0x80001019, setting param 0x7f00005d
07-09 09:41:24.648  2278  2278 I zygote64: Starting thread pool.
07-09 09:41:24.648  1270  1551 E OMXNodeInstance: setParameter(0xe700f8c4:qcom.decoder.avc.secure, OMX.google.android.index.allocateNativeHandle(0x7f00005d): Output:1 en=0) ERROR: UnsupportedSetting(0x80001019)
07-09 09:41:24.648  1270  1551 I OMX-VDEC-1080P: omx_vdec::component_deinit() complete
07-09 09:41:24.650  2278  2380 I QCNEJ/CndHalConnector: IServiceNotification.onRegistration
07-09 09:41:24.650  2278  2371 I QCNEJ/CndHalConnector: handling CND_SERVER_UP
07-09 09:41:24.650  2278  2371 V QCNEJ/CndHalConnector: connect() mCnd=null
07-09 09:41:24.651  2278  2371 I zygote64: Looking for service com.quicinc.cne.server@2.0::IServer/cnd
07-09 09:41:24.652  2278  2371 I zygote64: Starting thread pool.
07-09 09:41:24.652  2278  2371 I QCNEJ/CndHalServerCallback: <- RCV:OnAvailableEvent{}
07-09 09:41:24.652  2278  2371 I QCNEJ/CndHalConnector: Connected to service SUCC
07-09 09:41:24.652  1270  1551 I OMX-VDEC-1080P: Exit OMX vdec Destructor: fd=10
07-09 09:41:24.653  1896  2301 I WifiService: getWifiEnabledState uid=1000
07-09 09:41:24.653  2278  2371 I QCNEJ   : |CORE| set wifi state to 1
07-09 09:41:24.654  2278  2278 E QCNEJ   : |CORE| Feature WQE is not enabled
07-09 09:41:24.654  2278  2377 I QCNEJ/CndHalConnector: -> SND notifyRatConnectionStatusChanged(rat = 1, UNKNOWN)
07-09 09:41:24.654  2278  2371 W QCNEJ   : |CORE| Phone id invalid or Service State available
07-09 09:41:24.654  2278  2371 I QCNEJ/CndHalConnector: -> SND notifyMobileDataEnabledChanged(false)
07-09 09:41:24.655  2278  2377 I QCNEJ/CndHalConnector: -> SND notifyRatConnectionStatusChanged(rat = 1, DISCONNECTED)
07-09 09:41:24.655  1270  1551 I OMX-VDEC-1080P: Video slvp perflock released
07-09 09:41:24.655  2278  2371 I QCNEJ/CndHalConnector: -> SND notifyScreenStateChanged(true)
07-09 09:41:24.656  2278  2377 I QCNEJ   : |CORE| registerSettingsObserver: getSubId for phone 0 returned Invalid sub
07-09 09:41:24.658  1896  2301 D ConnectivityService: requestNetwork for uid/pid:1000/2278 NetworkRequest [ TRACK_DEFAULT id=8, [ Capabilities: INTERNET&NOT_RESTRICTED&TRUSTED&NOT_VPN] ]
07-09 09:41:24.659  2278  2371 I QCNEJ/CndHalConnector: -> SND notifyScreenStateChanged(false)
07-09 09:41:24.659  2278  2278 D CNEServiceApp: broadcast cne started
07-09 09:41:24.659  2278  2371 I QCNEJ/CndHalConnector: -> SND notifyDefaultNetworkChanged(17)
07-09 09:41:24.660  1266  1462 I OMXClient: Treble IOmx obtained
07-09 09:41:24.660  2278  2371 E QCNEJ/CndHalConnector: Failed to parse input for notifyDefaultNetworkChanged: java.lang.IllegalArgumentException: Unknown RatType:17
07-09 09:41:24.660  2278  2371 W QCNEJ   : |CORE| notifyDefaultNetworkChanged failed
07-09 09:41:24.660  1270  1551 I OMXMaster: makeComponentInstance(OMX.google.h264.decoder) in omx@1.0-service process
07-09 09:41:24.660  1896  2151 D Ethernet: got request NetworkRequest [ TRACK_DEFAULT id=8, [ Capabilities: INTERNET&NOT_RESTRICTED&TRUSTED&NOT_VPN] ] with score 0
07-09 09:41:24.661  2278  2377 I QCNEJ   : |CORE| registerSettingsObserver: getSubId for phone 1 returned Invalid sub
07-09 09:41:24.661  1264  1422 I ExtendedExtractor: QTIParser is prefered .. flags 0
07-09 09:41:24.662  1264  1422 D MMParserExtractor: setExtraFlags called with flags 0 for paser instance ef41a960
07-09 09:41:24.662  1264  1422 I ExtendedExtractor: ExtendedExtractor::create 0x76ef41a960
07-09 09:41:24.662  2278  2371 I QCNEJ/CndHalConnector: -> SND notifyIMSProfileOverrideSettingChanged(FALSE)
07-09 09:41:24.663  2186  2375 E MediaExtractor: Trace connect 0x71a7618340 0x71a7628480
07-09 09:41:24.685  1270  1551 E OMXNodeInstance: getExtensionIndex(0xea7a33e0:google.h264.decoder, OMX.google.android.index.configureVideoTunnelMode) ERROR: UnsupportedIndex(0x8000101a)
07-09 09:41:24.685  1270  1551 E OMXNodeInstance: getExtensionIndex(0xea7a33e0:google.h264.decoder, OMX.google.android.index.enableAndroidNativeBuffers) ERROR: UnsupportedIndex(0x8000101a)
07-09 09:41:24.686  1896  1896 I zygote64: The ClassLoaderContext is a special shared library.
07-09 09:41:24.688  1266  1462 I OMXClient: Treble IOmx obtained
07-09 09:41:24.688  1270  1551 I OMXMaster: makeComponentInstance(OMX.qcom.video.decoder.divx) in omx@1.0-service process
07-09 09:41:24.695  1270  1551 I OMX-VDEC-1080P: Video slvp perflock acquired
07-09 09:41:24.695  1270  1551 I OMX-VDEC-1080P: component_init: OMX.qcom.video.decoder.divx : fd=10
07-09 09:41:24.695  1270  1551 E OMX-VDEC-1080P: DIVX 5/6 Decoder selected
07-09 09:41:24.698  1270  1551 I OMX-VDEC-1080P: omx_vdec::component_init() success : fd=10
07-09 09:41:24.699  1270  2243 E OMX-VDEC-1080P: get_parameter: OMX_IndexParamVideoProfileLevelQuerySupported ret NoMore for codec: OMX.qcom.video.decoder.divx
07-09 09:41:24.699  1270  2243 E OMXNodeInstance: getParameter(0xe700f8c4:qcom.decoder.divx, ??(0x7f000044)) ERROR: UnsupportedSetting(0x80001019)
07-09 09:41:24.700  1270  2243 E OMXNodeInstance: getParameter(0xe700f8c4:qcom.decoder.divx, ??(0x7f000044)) ERROR: UnsupportedSetting(0x80001019)
07-09 09:41:24.700  1270  2243 E OMXNodeInstance: getExtensionIndex(0xe700f8c4:qcom.decoder.divx, OMX.google.android.index.configureVideoTunnelMode) ERROR: NotImplemented(0x80001006)
07-09 09:41:24.700  1270  2243 E OMX-VDEC-1080P: Enable/Disable allocate-native-handle allowed only on input port!
07-09 09:41:24.700  1270  2243 E OMX-VDEC-1080P: set_parameter: Error: 0x80001019, setting param 0x7f00005d
07-09 09:41:24.700  1270  2243 E OMXNodeInstance: setParameter(0xe700f8c4:qcom.decoder.divx, OMX.google.android.index.allocateNativeHandle(0x7f00005d): Output:1 en=0) ERROR: UnsupportedSetting(0x80001019)
07-09 09:41:24.701  1270  2243 I OMX-VDEC-1080P: omx_vdec::component_deinit() complete
07-09 09:41:24.701  2173  2173 I ModuleManager: Adding [GIMS_UserUnlocked] NotificationListener for module com.google.android.apps.inputmethod.libs.search.universalmedia.UniversalMediaExtension
07-09 09:41:24.702  2173  2173 I ModuleManager: Unexpected key 'com.google.android.partnersetup.RLZ_BOUNTY_ACCESS_POINT' does not match 'module:'
07-09 09:41:24.702  2173  2173 I ModuleManager: Key 'module:com.google.android.apps.inputmethod.libs.search.IDoodleExtension' has value 'res/xml/extension_doodle.xml'
07-09 09:41:24.703  2173  2173 I ModuleManager: Adding [GIMS_UserUnlocked] NotificationListener for module com.google.android.apps.inputmethod.libs.search.doodle.DoodleExtension
07-09 09:41:24.703  2173  2173 I ModuleManager: Key 'module:com.google.android.apps.inputmethod.libs.translate.ITranslateUIExtension' has value 'res/xml/extension_def_translate.xml'
07-09 09:41:24.704  2173  2173 I ModuleManager: Adding [GIMS_UserUnlocked] NotificationListener for module com.google.android.apps.inputmethod.libs.translate.TranslateUIExtension
07-09 09:41:24.704  2173  2173 I ModuleManager: Key 'module:com.google.android.apps.inputmethod.libs.hmm.superpacks.IHmmModule' has value 'res/xml/module_hmm.xml'
07-09 09:41:24.706  2173  2173 I ModuleManager: Adding [GIMS_UserUnlocked] NotificationListener for module com.google.android.apps.inputmethod.libs.hmm.superpacks.HmmModule
07-09 09:41:24.706  2173  2173 I ModuleManager: Key 'module:com.google.android.apps.inputmethod.libs.search.sense.IConversationToQueryExtension' has value 'res/xml/extension_conv2query.xml'
07-09 09:41:24.706  1270  2243 I OMX-VDEC-1080P: Exit OMX vdec Destructor: fd=10
07-09 09:41:24.706  1270  2243 I OMX-VDEC-1080P: Video slvp perflock released
07-09 09:41:24.707  2173  2173 I ModuleManager: Adding [GIMS_UserUnlocked] NotificationListener for module com.google.android.apps.inputmethod.libs.search.sense.ConversationToQueryExtension
07-09 09:41:24.707  2173  2173 I ModuleManager: Key 'module:com.google.android.apps.inputmethod.libs.search.IDefaultStickerExtension' has value 'res/xml/extension_default_sticker.xml'
07-09 09:41:24.708  2173  2173 I ModuleManager: Adding [GIMS_UserUnlocked] NotificationListener for module com.google.android.apps.inputmethod.libs.search.sticker.DefaultStickerExtension
07-09 09:41:24.708  2173  2173 I ModuleManager: Key 'module:com.google.android.apps.inputmethod.libs.pill.IPillExtension' has value 'res/xml/extension_pill.xml'
07-09 09:41:24.709  1266  1462 I OMXClient: Treble IOmx obtained
07-09 09:41:24.709  1270  2243 I OMXMaster: makeComponentInstance(OMX.qcom.video.decoder.divx311) in omx@1.0-service process
07-09 09:41:24.709  2173  2173 I ModuleManager: Adding [GIMS_UserUnlocked] NotificationListener for module com.google.android.apps.inputmethod.libs.pill.PillExtension
07-09 09:41:24.709  2173  2173 I ModuleManager: Key 'module:com.google.android.apps.inputmethod.libs.search.IStickerExtension' has value 'res/xml/extension_sticker.xml'
07-09 09:41:24.710  2173  2173 I ModuleManager: Adding [GIMS_UserUnlocked] NotificationListener for module com.google.android.apps.inputmethod.libs.search.sticker.StickerExtension
07-09 09:41:24.711  2173  2173 I ModuleManager: Key 'module:com.google.android.apps.inputmethod.libs.search.IGifKeyboardExtension' has value 'res/xml/extension_gif_search.xml'
07-09 09:41:24.712  2173  2173 I ModuleManager: Adding [GIMS_UserUnlocked] NotificationListener for module com.google.android.apps.inputmethod.libs.search.gif.GifExtensionImpl
07-09 09:41:24.712  2173  2173 I ModuleManager: Key 'module:com.google.android.apps.inputmethod.libs.search.IEmoticonExtension' has value 'res/xml/extension_emoticon.xml'
07-09 09:41:24.713  2173  2173 I ModuleManager: Adding [GIMS_UserUnlocked] NotificationListener for module com.google.android.apps.inputmethod.libs.search.emoji.EmoticonExtension
07-09 09:41:24.713  2173  2173 I ModuleManager: Unexpected key 'com.google.android.backup.api_key' does not match 'module:'
07-09 09:41:24.713  2173  2173 I ModuleManager: Key 'module:com.google.android.apps.inputmethod.libs.handwriting.ime.IHandwritingImeExtension' has value 'res/xml/extension_handwriting_ime.xml'
07-09 09:41:24.714  2173  2173 I ModuleManager: Adding [GIMS_UserUnlocked] NotificationListener for module com.google.android.apps.inputmethod.libs.handwriting.ime.HandwritingImeExtension
07-09 09:41:24.714  2173  2173 I ModuleManager: Key 'module:com.google.android.apps.inputmethod.libs.swissarmyknife.IDecoderBugReportExtension' has value 'res/xml/extension_decoder_bug_report.xml'
07-09 09:41:24.715  1270  2243 I OMX-VDEC-1080P: Video slvp perflock acquired
07-09 09:41:24.715  1270  2243 I OMX-VDEC-1080P: component_init: OMX.qcom.video.decoder.divx311 : fd=10
07-09 09:41:24.716  2173  2173 I ModuleManager: Adding [GIMS_UserUnlocked] NotificationListener for module com.google.android.apps.inputmethod.libs.swissarmyknife.DecoderBugReportExtension
07-09 09:41:24.716  2173  2173 I ModuleManager: Key 'module:com.google.android.apps.inputmethod.libs.search.IEmojiDataExtension' has value 'res/xml/extension_emoji_data.xml'
07-09 09:41:24.717  2173  2173 I ModuleManager: Adding [GIMS_UserUnlocked] NotificationListener for module com.google.android.apps.inputmethod.libs.search.emojidata.EmojiDataExtension
07-09 09:41:24.717  2173  2173 I ModuleManager: Key 'module:com.google.android.apps.inputmethod.libs.search.IEmojiOrGifExtension' has value 'res/xml/extension_emoji_or_gif.xml'
07-09 09:41:24.718  2173  2173 I ModuleManager: Adding [GIMS_UserUnlocked] NotificationListener for module com.google.android.apps.inputmethod.libs.search.ArtExtension
07-09 09:41:24.718  2173  2173 I ModuleManager: Key 'module:com.google.android.apps.inputmethod.libs.search.INativeCardExtension' has value 'res/xml/extension_native_card.xml'
07-09 09:41:24.719  1270  2243 I OMX-VDEC-1080P: omx_vdec::component_init() success : fd=10
07-09 09:41:24.719  2173  2173 I ModuleManager: Adding [GIMS_UserUnlocked] NotificationListener for module com.google.android.apps.inputmethod.libs.search.nativecard.NativeCardExtension
07-09 09:41:24.720  2173  2173 I ModuleManager: Key 'module:com.google.android.apps.inputmethod.libs.voiceime.IVoiceImeExtension' has value 'res/xml/extension_voice_ime.xml'
07-09 09:41:24.720  2186  2186 I vol.Events: writeEvent collection_started
07-09 09:41:24.721  1270  2243 E OMX-VDEC-1080P: get_parameter: OMX_IndexParamVideoProfileLevelQuerySupported ret NoMore for codec: OMX.qcom.video.decoder.divx311
07-09 09:41:24.722  1270  2243 E OMXNodeInstance: getParameter(0xe700f8c4:qcom.decoder.divx311, ??(0x7f000044)) ERROR: UnsupportedSetting(0x80001019)
07-09 09:41:24.722  1270  2243 E OMXNodeInstance: getParameter(0xe700f8c4:qcom.decoder.divx311, ??(0x7f000044)) ERROR: UnsupportedSetting(0x80001019)
07-09 09:41:24.722  2173  2173 I ModuleManager: Adding [App_UserUnlocked] NotificationListener for module com.google.android.apps.inputmethod.libs.voiceime.VoiceImeExtension
07-09 09:41:24.722  2173  2173 I ModuleManager: Unexpected key 'com.google.android.gms.version' does not match 'module:'
07-09 09:41:24.722  2173  2173 I ModuleManager: Key 'module:com.google.android.apps.inputmethod.libs.search.IEmojiSearchExtension' has value 'res/xml/extension_emoji_search.xml'
07-09 09:41:24.723  1270  2243 E OMXNodeInstance: getExtensionIndex(0xe700f8c4:qcom.decoder.divx311, OMX.google.android.index.configureVideoTunnelMode) ERROR: NotImplemented(0x80001006)
07-09 09:41:24.723  1270  2243 E OMX-VDEC-1080P: Enable/Disable allocate-native-handle allowed only on input port!
07-09 09:41:24.723  1270  2243 E OMX-VDEC-1080P: set_parameter: Error: 0x80001019, setting param 0x7f00005d
07-09 09:41:24.723  1270  2243 E OMXNodeInstance: setParameter(0xe700f8c4:qcom.decoder.divx311, OMX.google.android.index.allocateNativeHandle(0x7f00005d): Output:1 en=0) ERROR: UnsupportedSetting(0x80001019)
07-09 09:41:24.723  1270  2243 I OMX-VDEC-1080P: omx_vdec::component_deinit() complete
07-09 09:41:24.723  2173  2173 I ModuleManager: Adding [GIMS_UserUnlocked] NotificationListener for module com.google.android.apps.inputmethod.libs.search.emoji.EmojiSearchExtension
07-09 09:41:24.723  2173  2173 I ModuleManager: Key 'module:com.google.android.apps.inputmethod.libs.textediting.ITextEditingExtension' has value 'res/xml/extension_text_editing.xml'
07-09 09:41:24.724  1270  2243 I OMX-VDEC-1080P: Exit OMX vdec Destructor: fd=10
07-09 09:41:24.725  1270  2243 I OMX-VDEC-1080P: Video slvp perflock released
07-09 09:41:24.725  2173  2173 I ModuleManager: Adding [GIMS_UserUnlocked] NotificationListener for module com.google.android.apps.inputmethod.libs.textediting.TextEditingExtension
07-09 09:41:24.725  2173  2173 I ModuleManager: Key 'module:com.google.android.apps.inputmethod.libs.search.IGifEntryPointCandidateExtension' has value 'res/xml/extension_gif_entry_point_candidate.xml'
07-09 09:41:24.725  2173  2173 I ModuleManager: Adding [GIMS_UserUnlocked] NotificationListener for module com.google.android.apps.inputmethod.libs.search.gif.GifEntryPointCandidateExtension
07-09 09:41:24.726  2173  2173 I ModuleManager: Key 'module:com.google.android.apps.inputmethod.libs.search.IBitmojiExtension' has value 'res/xml/extension_bitmoji.xml'
07-09 09:41:24.726  2173  2173 I ModuleManager: Adding [GIMS_UserUnlocked] NotificationListener for module com.google.android.apps.inputmethod.libs.search.sticker.BitmojiExtension
07-09 09:41:24.727  2173  2173 I ModuleManager: Key 'module:com.google.android.apps.inputmethod.libs.search.IFeatureCardNoticeExtension' has value 'res/xml/extension_feature_notice.xml'
07-09 09:41:24.727  1266  1462 I OMXClient: Treble IOmx obtained
07-09 09:41:24.727  1270  2243 I OMXMaster: makeComponentInstance(OMX.qcom.video.decoder.divx4) in omx@1.0-service process
07-09 09:41:24.727  2173  2173 I ModuleManager: Adding [GIMS_UserUnlocked] NotificationListener for module com.google.android.apps.inputmethod.libs.search.nativecard.FeatureCardNoticeExtension
07-09 09:41:24.728  2173  2173 I LatinApp: onCreate()
07-09 09:41:24.729  2186  2398 I vol.Events: writeEvent external_ringer_mode_changed normal
07-09 09:41:24.730  2186  2398 I vol.Events: writeEvent internal_ringer_mode_changed normal
07-09 09:41:24.731  1896  1896 D BluetoothManagerService: Trying to bind to profile: 1, while Bluetooth was disabled
07-09 09:41:24.732  1270  2243 I OMX-VDEC-1080P: Video slvp perflock acquired
07-09 09:41:24.732  1270  2243 I OMX-VDEC-1080P: component_init: OMX.qcom.video.decoder.divx4 : fd=10
07-09 09:41:24.732  1270  2243 E OMX-VDEC-1080P: DIVX 4 Decoder selected
07-09 09:41:24.733  1896  2399 I Telecom : BluetoothRouteManager: getBluetoothAudioConnectedDevice: no headset service available.
07-09 09:41:24.735  1270  2243 I OMX-VDEC-1080P: omx_vdec::component_init() success : fd=10
07-09 09:41:24.736  1270  2243 E OMX-VDEC-1080P: get_parameter: OMX_IndexParamVideoProfileLevelQuerySupported ret NoMore for codec: OMX.qcom.video.decoder.divx4
07-09 09:41:24.736  1270  2243 E OMXNodeInstance: getParameter(0xe700f8c4:qcom.decoder.divx4, ??(0x7f000044)) ERROR: UnsupportedSetting(0x80001019)
07-09 09:41:24.736  1270  2243 E OMXNodeInstance: getParameter(0xe700f8c4:qcom.decoder.divx4, ??(0x7f000044)) ERROR: UnsupportedSetting(0x80001019)
07-09 09:41:24.737  1270  2243 E OMXNodeInstance: getExtensionIndex(0xe700f8c4:qcom.decoder.divx4, OMX.google.android.index.configureVideoTunnelMode) ERROR: NotImplemented(0x80001006)
07-09 09:41:24.737  1896  1896 I Telecom : SystemStateProvider: Registering car mode receiver: android.content.IntentFilter@de7e20c: TS.init@AAA
07-09 09:41:24.737  1270  2243 E OMX-VDEC-1080P: Enable/Disable allocate-native-handle allowed only on input port!
07-09 09:41:24.737  1270  2243 E OMX-VDEC-1080P: set_parameter: Error: 0x80001019, setting param 0x7f00005d
07-09 09:41:24.737  1270  2243 E OMXNodeInstance: setParameter(0xe700f8c4:qcom.decoder.divx4, OMX.google.android.index.allocateNativeHandle(0x7f00005d): Output:1 en=0) ERROR: UnsupportedSetting(0x80001019)
07-09 09:41:24.737  1270  2243 I OMX-VDEC-1080P: omx_vdec::component_deinit() complete
07-09 09:41:24.739  1270  2243 I OMX-VDEC-1080P: Exit OMX vdec Destructor: fd=10
07-09 09:41:24.739  1270  2243 I OMX-VDEC-1080P: Video slvp perflock released
07-09 09:41:24.741  1896  2403 I Telecom : Logging.Events: Non-call EVENT: AUDIO_ROUTE, Entering state QuiescentEarpieceRoute
07-09 09:41:24.742  1266  1462 I OMXClient: Treble IOmx obtained
07-09 09:41:24.742  1270  1551 I OMXMaster: makeComponentInstance(OMX.qcom.video.decoder.h263) in omx@1.0-service process
07-09 09:41:24.743  1896  2405 I Telecom : CallAudioModeStateMachine: Message received: null.: TS.init->CAMSM.pM_1@AAA
07-09 09:41:24.747  1896  1896 I Telecom : MissedCallNotifierImpl: Boot not yet complete -- call log db may not be available. Deferring loading until boot complete.: TS.init@AAA
07-09 09:41:24.750  1270  1551 I OMX-VDEC-1080P: Video slvp perflock acquired
07-09 09:41:24.751  1270  1551 I OMX-VDEC-1080P: component_init: OMX.qcom.video.decoder.h263 : fd=10
07-09 09:41:24.751  1896  1896 I Telecom : Class: TelecomSystem.INSTANCE being set
07-09 09:41:24.752  1896  1896 W ContextImpl: Calling a method in the system process without a qualified user: android.app.ContextImpl.startService:1476 android.content.ContextWrapper.startService:650 com.android.server.telecom.components.TelecomService.initializeTelecomSystem:180 com.android.server.telecom.components.TelecomService.onBind:64 android.app.ActivityThread.handleBindService:3369 
07-09 09:41:24.752  1896  1896 D CompatibilityInfo: mCompatibilityFlags - 0
07-09 09:41:24.752  1896  1896 D CompatibilityInfo: applicationDensity - 480
07-09 09:41:24.752  1896  1896 D CompatibilityInfo: applicationScale - 1.0
07-09 09:41:24.755  1270  1551 I OMX-VDEC-1080P: omx_vdec::component_init() success : fd=10
07-09 09:41:24.756  1896  1896 D RttService: SCAN_AVAILABLE : 3
07-09 09:41:24.756  1896  2132 D RttService: DefaultState got{ when=0 what=160512 target=com.android.internal.util.StateMachine$SmHandler }
07-09 09:41:24.757  1896  1896 W ContextImpl: Calling a method in the system process without a qualified user: android.app.ContextImpl.startService:1476 com.android.server.content.SyncManager$13.run:722 android.os.Handler.handleCallback:790 android.os.Handler.dispatchMessage:99 android.os.Looper.loop:164 
07-09 09:41:24.757  1896  1896 D CompatibilityInfo: mCompatibilityFlags - 0
07-09 09:41:24.757  1896  1896 D CompatibilityInfo: applicationDensity - 480
07-09 09:41:24.757  1896  1896 D CompatibilityInfo: applicationScale - 1.0
07-09 09:41:24.757  1896  2131 I WifiScanningService: wifi driver loaded with scan capabilities: max buckets=6
07-09 09:41:24.758  1270  1551 E OMXNodeInstance: getParameter(0xe7139dc4:qcom.decoder.h263, ??(0x7f000044)) ERROR: UnsupportedSetting(0x80001019)
07-09 09:41:24.758  1261  2074 D installd: Found quota mount /dev/block/dm-2 at /data
07-09 09:41:24.758  1261  2074 E installd: Failed to enable USRQUOTA on /dev/block/dm-2: File exists
07-09 09:41:24.758  1261  2074 E installd: Failed to enable GRPQUOTA on /dev/block/dm-2: File exists
07-09 09:41:24.758  1261  2074 D installd: Found storage mount /data/media at /mnt/runtime/default/emulated
07-09 09:41:24.758  1270  1551 E OMXNodeInstance: getParameter(0xe7139dc4:qcom.decoder.h263, ??(0x7f000044)) ERROR: UnsupportedSetting(0x80001019)
07-09 09:41:24.760  1270  2243 E OMXNodeInstance: getExtensionIndex(0xe7139dc4:qcom.decoder.h263, OMX.google.android.index.configureVideoTunnelMode) ERROR: NotImplemented(0x80001006)
07-09 09:41:24.760  1270  2243 E OMX-VDEC-1080P: Enable/Disable allocate-native-handle allowed only on input port!
07-09 09:41:24.760  1270  2243 E OMX-VDEC-1080P: set_parameter: Error: 0x80001019, setting param 0x7f00005d
07-09 09:41:24.760  1270  2243 E OMXNodeInstance: setParameter(0xe7139dc4:qcom.decoder.h263, OMX.google.android.index.allocateNativeHandle(0x7f00005d): Output:1 en=0) ERROR: UnsupportedSetting(0x80001019)
07-09 09:41:24.760  1270  2243 I OMX-VDEC-1080P: omx_vdec::component_deinit() complete
07-09 09:41:24.761  1270  2243 I OMX-VDEC-1080P: Exit OMX vdec Destructor: fd=10
07-09 09:41:24.762  1270  2243 I OMX-VDEC-1080P: Video slvp perflock released
07-09 09:41:24.769  1266  1462 I OMXClient: Treble IOmx obtained
07-09 09:41:24.770  1270  2243 I OMXMaster: makeComponentInstance(OMX.google.h263.decoder) in omx@1.0-service process
07-09 09:41:24.776  1270  1551 E OMXNodeInstance: getExtensionIndex(0xea7a3080:google.h263.decoder, OMX.google.android.index.configureVideoTunnelMode) ERROR: UnsupportedIndex(0x8000101a)
07-09 09:41:24.776  1270  1551 E OMXNodeInstance: getExtensionIndex(0xea7a3080:google.h263.decoder, OMX.google.android.index.enableAndroidNativeBuffers) ERROR: UnsupportedIndex(0x8000101a)
07-09 09:41:24.778  1266  1462 I OMXClient: Treble IOmx obtained
07-09 09:41:24.778  1270  1551 I OMXMaster: makeComponentInstance(OMX.qcom.video.decoder.hevc) in omx@1.0-service process
07-09 09:41:24.779  2313  2313 D TelephonyProvider: dbh.onOpen: ok, queried table=siminfo
07-09 09:41:24.779  2313  2313 D TelephonyProvider: dbh.onOpen: ok, queried table=carriers
07-09 09:41:24.781  1896  1896 I zygote64: The ClassLoaderContext is a special shared library.
07-09 09:41:24.784  1270  1551 I OMX-VDEC-1080P: Video slvp perflock acquired
07-09 09:41:24.784  1270  1551 I OMX-VDEC-1080P: component_init: OMX.qcom.video.decoder.hevc : fd=10
07-09 09:41:24.790  1270  1551 I OMX-VDEC-1080P: omx_vdec::component_init() success : fd=10
07-09 09:41:24.793  1270  2243 E OMXNodeInstance: getParameter(0xe701e104:qcom.decoder.hevc, ??(0x7f000044)) ERROR: UnsupportedSetting(0x80001019)
07-09 09:41:24.793  1270  2243 E OMXNodeInstance: getParameter(0xe701e104:qcom.decoder.hevc, ??(0x7f000044)) ERROR: UnsupportedSetting(0x80001019)
07-09 09:41:24.793  1270  2243 E OMXNodeInstance: getExtensionIndex(0xe701e104:qcom.decoder.hevc, OMX.google.android.index.configureVideoTunnelMode) ERROR: NotImplemented(0x80001006)
07-09 09:41:24.793  1270  2243 E OMX-VDEC-1080P: Enable/Disable allocate-native-handle allowed only on input port!
07-09 09:41:24.793  1270  2243 E OMX-VDEC-1080P: set_parameter: Error: 0x80001019, setting param 0x7f00005d
07-09 09:41:24.793  1270  2243 E OMXNodeInstance: setParameter(0xe701e104:qcom.decoder.hevc, OMX.google.android.index.allocateNativeHandle(0x7f00005d): Output:1 en=0) ERROR: UnsupportedSetting(0x80001019)
07-09 09:41:24.794  1270  2243 I OMX-VDEC-1080P: omx_vdec::component_deinit() complete
07-09 09:41:24.794  2313  2313 D CarrierProvider: onCreate
07-09 09:41:24.795  1270  2243 I OMX-VDEC-1080P: Exit OMX vdec Destructor: fd=10
07-09 09:41:24.795  1270  2243 I OMX-VDEC-1080P: Video slvp perflock released
07-09 09:41:24.797  1896  1896 I zygote64: The ClassLoaderContext is a special shared library.
07-09 09:41:24.800  2348  2419 D OpenGLRenderer: HWUI GL Pipeline
07-09 09:41:24.801  1266  1462 I OMXClient: Treble IOmx obtained
07-09 09:41:24.801  1270  2243 I OMXMaster: makeComponentInstance(OMX.qcom.video.decoder.hevc.secure) in omx@1.0-service process
07-09 09:41:24.809  1270  2243 I OMX-VDEC-1080P: Video slvp perflock acquired
07-09 09:41:24.810  1270  2243 I OMX-VDEC-1080P: component_init: OMX.qcom.video.decoder.hevc : fd=10
07-09 09:41:24.811  1896  1896 D GpsNetInitiatedHandler: location enabled :true
07-09 09:41:24.812  1896  1896 V WiredAccessoryManager: notifyWiredAccessoryChanged: when=0 bits= mask=54
07-09 09:41:24.812  1896  1896 V WiredAccessoryManager: newName=h2w newState=0 headsetState=0 prev headsetState=0
07-09 09:41:24.812  1896  1896 E WiredAccessoryManager: No state change.
07-09 09:41:24.812  1896  1896 V WiredAccessoryManager: init()
07-09 09:41:24.816  1270  2243 I OMX-VDEC-1080P: omx_vdec::component_init() success : fd=10
07-09 09:41:24.817  1270  1551 E OMXNodeInstance: getParameter(0xe701e104:qcom.decoder.hevc.secure, ??(0x7f000044)) ERROR: UnsupportedSetting(0x80001019)
07-09 09:41:24.824  2348  2419 I Adreno  : QUALCOMM build                   : dcd4b96, I568c71768a
07-09 09:41:24.824  2348  2419 I Adreno  : Build Date                       : 04/30/18
07-09 09:41:24.824  2348  2419 I Adreno  : OpenGL ES Shader Compiler Version: EV031.22.00.01_06
07-09 09:41:24.824  2348  2419 I Adreno  : Local Branch                     : 
07-09 09:41:24.824  2348  2419 I Adreno  : Remote Branch                    : quic/gfx-adreno.lnx.1.0.r33-rel
07-09 09:41:24.824  2348  2419 I Adreno  : Remote Branch                    : NONE
07-09 09:41:24.824  2348  2419 I Adreno  : Reconstruct Branch               : NOTHING
07-09 09:41:24.824  1270  2243 E OMXNodeInstance: getParameter(0xe701e104:qcom.decoder.hevc.secure, ??(0x7f000044)) ERROR: UnsupportedSetting(0x80001019)
07-09 09:41:24.825  1270  1551 E OMXNodeInstance: getExtensionIndex(0xe701e104:qcom.decoder.hevc.secure, OMX.google.android.index.configureVideoTunnelMode) ERROR: NotImplemented(0x80001006)
07-09 09:41:24.825  1270  1551 E OMX-VDEC-1080P: Enable/Disable allocate-native-handle allowed only on input port!
07-09 09:41:24.825  1270  1551 E OMX-VDEC-1080P: set_parameter: Error: 0x80001019, setting param 0x7f00005d
07-09 09:41:24.825  1270  1551 E OMXNodeInstance: setParameter(0xe701e104:qcom.decoder.hevc.secure, OMX.google.android.index.allocateNativeHandle(0x7f00005d): Output:1 en=0) ERROR: UnsupportedSetting(0x80001019)
07-09 09:41:24.826  1270  1551 I OMX-VDEC-1080P: omx_vdec::component_deinit() complete
07-09 09:41:24.827  2313  2313 I zygote64: The ClassLoaderContext is a special shared library.
07-09 09:41:24.830  1270  1551 I OMX-VDEC-1080P: Exit OMX vdec Destructor: fd=10
07-09 09:41:24.830  2348  2419 I Adreno  : PFP: 0x005ff087, ME: 0x005ff063
07-09 09:41:24.830  1270  1551 I OMX-VDEC-1080P: Video slvp perflock released
07-09 09:41:24.832  1266  1462 I OMXClient: Treble IOmx obtained
07-09 09:41:24.833  1270  1551 I OMXMaster: makeComponentInstance(OMX.google.hevc.decoder) in omx@1.0-service process
07-09 09:41:24.841  2348  2419 I zygote64: android::hardware::configstore::V1_0::ISurfaceFlingerConfigs::hasWideColorDisplay retrieved: 0
07-09 09:41:24.842  2348  2419 I OpenGLRenderer: Initialized EGL, version 1.4
07-09 09:41:24.842  2348  2419 D OpenGLRenderer: Swap behavior 2
07-09 09:41:24.845  2313  2313 I ImsResolver: Initializing cache and binding.
07-09 09:41:24.851  1270  2243 E OMXNodeInstance: getExtensionIndex(0xea7a3080:google.hevc.decoder, OMX.google.android.index.configureVideoTunnelMode) ERROR: UnsupportedIndex(0x8000101a)
07-09 09:41:24.851  1270  2243 E OMXNodeInstance: getExtensionIndex(0xea7a3080:google.hevc.decoder, OMX.google.android.index.enableAndroidNativeBuffers) ERROR: UnsupportedIndex(0x8000101a)
07-09 09:41:24.854  1266  1462 I OMXClient: Treble IOmx obtained
07-09 09:41:24.854  1270  2243 I OMXMaster: makeComponentInstance(OMX.qcom.video.decoder.mpeg2) in omx@1.0-service process
07-09 09:41:24.856  2313  2313 I zygote64: Looking for service android.hardware.radio@1.0::IRadio/slot1
07-09 09:41:24.857  2313  2313 I zygote64: Starting thread pool.
07-09 09:41:24.860  1270  2243 I OMX-VDEC-1080P: Video slvp perflock acquired
07-09 09:41:24.861  1270  2243 I OMX-VDEC-1080P: component_init: OMX.qcom.video.decoder.mpeg2 : fd=10
07-09 09:41:24.862  2313  2313 I zygote64: Looking for service android.hardware.radio.deprecated@1.0::IOemHook/slot1
07-09 09:41:24.863  1896  1930 W KeyguardServiceDelegate: onScreenTurningOn(): no keyguard service!
07-09 09:41:24.863  1896  1941 I ActivityManager: Displayed com.android.settings/.FallbackHome: +307ms
07-09 09:41:24.864  2313  2313 I zygote64: Starting thread pool.
07-09 09:41:24.864   592   592 W /system/bin/hwservicemanager: getTransport: Cannot find entry vendor.qti.hardware.iop@1.0::IIop/default in either framework or device manifest.
07-09 09:41:24.864  1896  1941 E ANDR-PERF-JNI: Iop tryGetService failed
07-09 09:41:24.865  2313  2313 I zygote64: Looking for service android.hidl.manager@1.0::IServiceManager/default
07-09 09:41:24.865  1896  2106 I InputReader: Reconfiguring input devices.  changes=0x00000004
07-09 09:41:24.867  2313  2313 I zygote64: Starting thread pool.
07-09 09:41:24.867  1270  2243 I OMX-VDEC-1080P: omx_vdec::component_init() success : fd=10
07-09 09:41:24.869  1270  2243 E OMXNodeInstance: getParameter(0xe7139dc4:qcom.decoder.mpeg2, ??(0x7f000044)) ERROR: UnsupportedSetting(0x80001019)
07-09 09:41:24.869  1270  2243 E OMXNodeInstance: getParameter(0xe7139dc4:qcom.decoder.mpeg2, ??(0x7f000044)) ERROR: UnsupportedSetting(0x80001019)
07-09 09:41:24.870  1270  2243 E OMXNodeInstance: getExtensionIndex(0xe7139dc4:qcom.decoder.mpeg2, OMX.google.android.index.configureVideoTunnelMode) ERROR: NotImplemented(0x80001006)
07-09 09:41:24.870  1270  2243 E OMX-VDEC-1080P: Enable/Disable allocate-native-handle allowed only on input port!
07-09 09:41:24.870  1270  2243 E OMX-VDEC-1080P: set_parameter: Error: 0x80001019, setting param 0x7f00005d
