07-09 09:41:40.223  1896  1915 I am_proc_start: [0,4734,10067,com.google.android.talk,broadcast,com.google.android.talk/com.google.android.apps.hangouts.service.broadcastreceiver.BootReceiver]
07-09 09:41:40.238  1896  1915 I am_proc_bound: [0,4734,com.google.android.talk]
07-09 09:41:40.311  1896  1939 I sysui_view_visibility: [223,100]
07-09 09:41:40.311  1896  1939 I sysui_multi_action: [757,223,758,1]
07-09 09:41:40.360  1896  1896 I sysui_multi_action: [757,198,758,2,759,3]
07-09 09:41:40.360  1896  1896 I power_screen_state: [0,3,0,0,0]
07-09 09:41:40.360  1896  1896 I screen_toggled: 0
07-09 09:41:40.360  1896  1896 I sysui_histogram: [screen_timeout,60]
07-09 09:41:40.360  1896  1896 I sysui_multi_action: [757,804,799,screen_timeout,801,60,802,1]
07-09 09:41:40.361  1896  1896 I power_screen_broadcast_send: 1
07-09 09:41:40.369  1896  1896 I device_idle: [1,no activity]
07-09 09:41:40.369  1896  1896 I device_idle_light: [1,no activity]
07-09 09:41:40.383  1896  1915 I sysui_view_visibility: [127,0]
07-09 09:41:40.383  1896  1915 I sysui_multi_action: [757,127,758,2]
07-09 09:41:40.383  1896  1915 I notification_panel_hidden: 
07-09 09:41:40.416  1896  1896 I power_screen_broadcast_done: [1,55,1]
07-09 09:41:40.416  1896  1896 I power_screen_broadcast_send: 1
07-09 09:41:40.458  1896  1896 I power_screen_broadcast_done: [0,41,1]
07-09 09:41:40.622  1896  2986 I am_uid_running: 10093
07-09 09:41:40.644  1896  2986 I am_proc_start: [0,4777,10093,com.google.android.youtube,broadcast,com.google.android.youtube/com.google.android.libraries.youtube.mdx.background.MdxBackgroundScanBootReceiver]
07-09 09:41:40.654  1896  1915 I am_kill : [0,3237,com.qualcomm.qti.qmmi,906,empty #31]
07-09 09:41:40.666   774   774 I auditd  : type=1400 audit(0.0:49): avc: denied { read write } for comm="bluetooth@1.0-s" name="diag" dev="tmpfs" ino=15437 scontext=u:r:hal_bluetooth_qti:s0 tcontext=u:object_r:diag_device:s0 tclass=chr_file permissive=0
07-09 09:41:40.680  1896  2986 I am_proc_bound: [0,4777,com.google.android.youtube]
07-09 09:41:40.702  1896  2333 I am_proc_died: [0,3237,com.qualcomm.qti.qmmi,906,17]
07-09 09:41:41.118  1896  2333 I wm_task_created: [148,1]
07-09 09:41:41.118  1896  2333 I wm_task_moved: [148,0,0]
07-09 09:41:41.195  1896  1896 I notification_cancel_all: [1000,1896,com.google.android.youtube,0,0,0,17,NULL]
07-09 09:41:41.445  1896  2333 I am_proc_start: [0,4906,1000,com.longcheertel.midtest,broadcast,com.longcheertel.midtest/.FactoryTestReceiver]
07-09 09:41:41.446  1896  2333 I am_kill : [0,2348,com.android.settings,906,empty #31]
07-09 09:41:41.470  1896  2817 I am_proc_died: [0,2348,com.android.settings,906,17]
07-09 09:41:41.474  1896  2202 I am_proc_bound: [0,4906,com.longcheertel.midtest]
07-09 09:41:41.591  1896  2818 I am_kill : [0,3022,com.qualcomm.location.XT,906,empty #31]
07-09 09:41:41.644  1896  1896 I am_proc_start: [0,4935,1000,com.qualcomm.location.XT,broadcast,com.qualcomm.location.XT/.XTBroadcastReceiver]
07-09 09:41:41.676  1896  2202 I am_proc_bound: [0,4935,com.qualcomm.location.XT]
07-09 09:41:41.734  1896  2202 I am_uid_running: 10082
07-09 09:41:41.750  1896  2202 I am_proc_start: [0,4951,10082,com.qualcomm.qti.StatsPollManager,broadcast,com.qualcomm.qti.StatsPollManager/.StatsPollManagerReceiver]
07-09 09:41:41.769  1896  2202 I am_proc_bound: [0,4951,com.qualcomm.qti.StatsPollManager]
07-09 09:41:41.789  1896  2202 I am_kill : [0,3361,com.qualcomm.display,906,empty #31]
07-09 09:41:41.800  1896  1915 I am_proc_died: [0,3361,com.qualcomm.display,906,17]
07-09 09:41:41.823  1896  1915 I am_proc_start: [0,4970,1001,com.qualcomm.qti.autoregistration,broadcast,com.qualcomm.qti.autoregistration/.AutoRegReceiver]
07-09 09:41:41.839  1896  1915 I am_proc_bound: [0,4970,com.qualcomm.qti.autoregistration]
07-09 09:41:41.894  1896  2202 I am_proc_died: [0,4970,com.qualcomm.qti.autoregistration,0,12]
07-09 09:41:41.894  1896  2202 I am_broadcast_discard_app: [0,179831924,android.intent.action.BOOT_COMPLETED,100,ResolveInfo{c9208e9 com.qualcomm.qti.autoregistration/.AutoRegReceiver m=0x108000}]
07-09 09:41:41.918  1896  1930 I am_proc_start: [0,4988,1000,com.qualcomm.qti.biometrics.fingerprint.service,broadcast,com.qualcomm.qti.biometrics.fingerprint.service/.ShutdownReceiver]
07-09 09:41:41.935  1896  2202 I am_proc_bound: [0,4988,com.qualcomm.qti.biometrics.fingerprint.service]
07-09 09:41:41.991  1896  2202 I am_proc_start: [0,5005,1000,com.qualcomm.qti.callenhancement,broadcast,com.qualcomm.qti.callenhancement/.BootCompletedReceiver]
07-09 09:41:41.992  1896  2202 I am_kill : [0,2664,com.google.android.marvin.talkback,906,empty #31]
07-09 09:41:42.007  1896  2202 I am_proc_died: [0,2664,com.google.android.marvin.talkback,906,17]
07-09 09:41:42.007  1896  2202 I am_uid_stopped: 10094
07-09 09:41:42.016  1896  2202 I am_proc_bound: [0,5005,com.qualcomm.qti.callenhancement]
07-09 09:41:42.078  3051  3989 I [70220] : [6,1878,9,0]
07-09 09:41:42.103  1896  2298 I am_proc_start: [0,5020,1001,com.qualcomm.qti.lpa,broadcast,com.qualcomm.qti.lpa/.UimLpaBootReceiver]
07-09 09:41:42.124  1896  2298 I am_proc_bound: [0,5020,com.qualcomm.qti.lpa]
07-09 09:41:42.189  1896  2298 I am_proc_start: [0,5035,1000,com.qualcomm.qti.smcinvokepkgmgr,broadcast,com.qualcomm.qti.smcinvokepkgmgr/.SmcInvokeBroadcastReceiver]
07-09 09:41:42.191  1896  2298 I am_kill : [0,3393,com.android.cellbroadcastreceiver,906,empty #31]
07-09 09:41:42.205  1896  2202 I am_proc_bound: [0,5035,com.qualcomm.qti.smcinvokepkgmgr]
07-09 09:41:42.209  1896  2298 I am_proc_died: [0,3393,com.android.cellbroadcastreceiver,906,17]
07-09 09:41:42.209  1896  2298 I am_uid_stopped: 10012
07-09 09:41:42.269  1896  2202 I am_proc_start: [0,5054,1001,com.qualcomm.simcontacts,broadcast,com.qualcomm.simcontacts/.SimStateReceiver]
07-09 09:41:42.276  3051  3989 I [70220] : [5,1531109497873,1531109497873,36,95,12,0,0,17,0,7,0,0,0,0,1,0,2,20]
07-09 09:41:42.279  3051  3989 I [70220] : 119
07-09 09:41:42.283  3051  3989 I [70220] : 24
07-09 09:41:42.286  1896  1915 I am_proc_bound: [0,5054,com.qualcomm.simcontacts]
07-09 09:41:42.332  1896  1930 I am_uid_running: 10097
07-09 09:41:42.347  1896  1930 I am_proc_start: [0,5071,10097,com.google.android.apps.tachyon,broadcast,com.google.android.apps.tachyon/.BootReceiver]
07-09 09:41:42.362  1896  2298 I am_proc_bound: [0,5071,com.google.android.apps.tachyon]
07-09 09:41:42.950  1896  2298 I am_uid_running: 10100
07-09 09:41:42.974  1896  2298 I am_proc_start: [0,5118,10100,com.google.android.keep,broadcast,com.google.android.keep/.notification.ReminderNotificationReceiver]
07-09 09:41:42.979  1896  1915 I am_kill : [0,3418,com.android.hotwordenrollment.okgoogle,906,empty #31]
07-09 09:41:43.012  1896  2298 I am_proc_bound: [0,5118,com.google.android.keep]
07-09 09:41:43.021  1896  2818 I am_proc_died: [0,3418,com.android.hotwordenrollment.okgoogle,906,17]
07-09 09:41:43.022  1896  2818 I am_uid_stopped: 10023
07-09 09:41:43.417  1896  2298 I am_uid_running: 10107
07-09 09:41:43.438  1896  2298 I am_proc_start: [0,5147,10107,com.kimcy929.screenrecorder,broadcast,com.kimcy929.screenrecorder/androidx.work.impl.background.systemalarm.RescheduleReceiver]
07-09 09:41:43.456  1896  1929 I am_pss  : [2173,10070,com.google.android.inputmethod.latin,28040192,25726976,0]
07-09 09:41:43.457  1896  2298 I am_proc_bound: [0,5147,com.kimcy929.screenrecorder]
07-09 09:41:43.521  1896  2818 I am_kill : [0,3450,com.android.managedprovisioning,906,empty #31]
07-09 09:41:43.546  1896  2818 I am_proc_died: [0,3450,com.android.managedprovisioning,906,17]
07-09 09:41:43.546  1896  2818 I am_uid_stopped: 10024
07-09 09:41:45.148  1896  2298 I am_kill : [0,3662,com.generalmobile.app.gmfilemanager,906,empty #31]
07-09 09:41:45.179  1896  2298 I am_proc_died: [0,3662,com.generalmobile.app.gmfilemanager,906,17]
07-09 09:41:45.180  1896  2298 I am_uid_stopped: 10089
07-09 09:41:45.566  1896  2334 I am_kill : [0,2830,com.android.printspooler,906,empty #31]
07-09 09:41:45.594  1896  2334 I am_proc_died: [0,2830,com.android.printspooler,906,17]
07-09 09:41:45.595  1896  2334 I am_uid_stopped: 10078
07-09 09:41:48.610  1896  1929 I am_pss  : [2683,10014,com.google.android.gms.persistent,67426304,55799808,0]
07-09 09:41:48.661  1896  1929 I am_pss  : [2699,1001,com.qualcomm.qcrilmsgtunnel,3468288,2899968,0]
07-09 09:41:48.701  1896  1929 I am_pss  : [2936,10084,com.android.smspush,2662400,2121728,0]
07-09 09:41:48.743  1896  1929 I am_pss  : [2873,1000,com.android.launcher3,38488064,28000256,0]
07-09 09:41:48.779  1896  1929 I am_pss  : [2744,10039,com.google.android.googlequicksearchbox:interactor,15077376,11575296,0]
07-09 09:41:49.313  1896  2334 I am_kill : [0,3823,com.generalmobile.storeoid,906,empty #31]
07-09 09:41:49.347  1896  2334 I am_proc_died: [0,3823,com.generalmobile.storeoid,906,17]
07-09 09:41:49.348  1896  2334 I am_uid_stopped: 10091
07-09 09:41:49.382  1896  2817 I am_kill : [0,3807,com.generalmobile.gmservice,906,empty #31]
07-09 09:41:49.402  1896  2334 I am_proc_died: [0,3807,com.generalmobile.gmservice,906,17]
07-09 09:41:51.391  1896  2334 I am_kill : [0,3854,com.google.android.apps.maps,906,empty #31]
07-09 09:41:51.438  1896  1915 I am_proc_died: [0,3854,com.google.android.apps.maps,906,17]
07-09 09:41:51.438  1896  1915 I am_uid_stopped: 10071
07-09 09:41:51.744  1896  1915 I am_kill : [0,3563,com.google.android.play.games.ui,906,empty #31]
07-09 09:41:51.787  1896  1915 I am_proc_died: [0,3563,com.google.android.play.games.ui,906,17]
07-09 09:41:52.617  1896  1940 I am_uid_running: 10018
07-09 09:41:52.662  1896  1940 I am_proc_start: [0,5228,10018,com.google.android.ext.services,service,com.google.android.ext.services/android.ext.services.storage.CacheQuotaServiceImpl]
07-09 09:41:52.687  1896  5226 I am_proc_bound: [0,5228,com.google.android.ext.services]
07-09 09:41:52.691  1896  5226 I am_uid_active: 10018
07-09 09:41:52.818  1896  5226 I am_kill : [0,3927,com.android.vending:instant_app_installer,906,empty #31]
07-09 09:41:52.833  1896  5226 I am_proc_died: [0,3927,com.android.vending:instant_app_installer,906,17]
07-09 09:41:54.487  1896  1915 I am_proc_start: [0,5256,1000,com.android.keychain,service,com.android.keychain/.KeyChainService]
07-09 09:41:54.518  1896  1915 I am_proc_bound: [0,5256,com.android.keychain]
07-09 09:41:54.590  1896  5226 I am_kill : [0,4070,com.google.android.calendar,906,empty #31]
07-09 09:41:54.606  1896  1915 I am_proc_died: [0,4070,com.google.android.calendar,906,17]
07-09 09:41:54.606  1896  1915 I am_uid_stopped: 10052
07-09 09:41:55.080  1896  1915 I am_proc_start: [0,5271,1000,com.android.settings,broadcast,com.android.settings/.sim.SimSelectNotification]
07-09 09:41:55.105  1896  1915 I am_proc_bound: [0,5271,com.android.settings]
07-09 09:41:55.206  1896  1915 I am_kill : [0,3473,com.android.providers.calendar,906,empty #31]
07-09 09:41:55.235  1896  1915 I am_proc_died: [0,3473,com.android.providers.calendar,906,17]
07-09 09:41:55.235  1896  1915 I am_uid_stopped: 10004
07-09 09:41:55.348  3051  3051 I [70220] : 2369
07-09 09:41:55.351  3051  3051 I [70220] : 47106
07-09 09:41:55.403  3051  3989 I aggregation: 1531109515403
07-09 09:41:55.436  3051  3989 I [70220] : [32772,51]
07-09 09:41:55.589  2186  2404 I sysui_multi_action: [757,1093,758,4,793,21643,1094,9437184,1095,2]
07-09 09:41:55.615  1896  2986 I am_proc_start: [0,5298,1001,com.qualcomm.qti.autoregistration,broadcast,com.qualcomm.qti.autoregistration/.AutoRegReceiver]
07-09 09:41:55.647  1896  1915 I am_proc_bound: [0,5298,com.qualcomm.qti.autoregistration]
07-09 09:41:55.667  1896  1929 I sync    : [com.google.android.gms.games,0,2,1555827538]
07-09 09:41:55.689  1896  1929 I sync    : [com.google.android.gms.games.background,0,2,1555827538]
07-09 09:41:55.693  1896  1929 I sync    : [com.google.android.gms.drive.sync,0,2,1555827538]
07-09 09:41:55.719  1896  2298 I am_proc_start: [0,5315,10014,com.google.android.play.games.ui,content provider,com.google.android.gms/.games.provider.NotificationStubContentProvider]
07-09 09:41:55.721  1896  2986 I am_proc_died: [0,5298,com.qualcomm.qti.autoregistration,0,12]
07-09 09:41:55.721  1896  2986 I am_broadcast_discard_app: [0,109182942,org.codeaurora.intent.action.ACTION_DDS_SWITCH_DONE,0,ResolveInfo{f32dbf2 com.qualcomm.qti.autoregistration/.AutoRegReceiver m=0x108000}]
07-09 09:41:55.727  1896  1929 I sync    : [com.google.android.gms.games.background,1,2,1555827538]
07-09 09:41:55.753  1896  1929 I sync    : [com.google.android.gms.drive.sync,1,2,1555827538]
07-09 09:41:55.760  1896  1915 I am_proc_bound: [0,5315,com.google.android.play.games.ui]
07-09 09:41:55.768  3051  3051 I [70220] : 2369
07-09 09:41:55.768  3051  3051 I [70220] : 47106
07-09 09:41:55.813  3010  4319 I contacts_aggregation: [1531109515813,-5]
07-09 09:41:55.816  3010  4319 I contacts_aggregation: [3,5]
07-09 09:41:55.836  1896  1929 I sync    : [com.google.android.gms.games,1,2,1555827538]
07-09 09:41:55.857  1896  1930 I am_uid_running: 10012
07-09 09:41:55.875  1896  1930 I am_proc_start: [0,5339,10012,com.android.cellbroadcastreceiver,broadcast,com.android.cellbroadcastreceiver/.CellBroadcastReceiver]
07-09 09:41:55.903  1896  2984 I am_proc_bound: [0,5339,com.android.cellbroadcastreceiver]
07-09 09:41:55.986  1896  2301 I am_uid_active: 10016
07-09 09:41:55.987  1896  2333 I am_uid_running: 10052
07-09 09:41:55.998  1896  2333 I am_proc_start: [0,5361,10052,com.google.android.calendar,broadcast,com.google.android.calendar/com.android.calendar.widget.CalendarAppWidgetProvider]
07-09 09:41:56.016  3010  4319 I contacts_aggregation: [1531109516016,-11]
07-09 09:41:56.019  3010  4319 I contacts_aggregation: [3,11]
07-09 09:41:56.025  1896  2333 I am_proc_bound: [0,5361,com.google.android.calendar]
07-09 09:41:56.129  1896  2984 I am_uid_running: 10004
07-09 09:41:56.144  1896  2984 I am_proc_start: [0,5384,10004,com.android.providers.calendar,content provider,com.android.providers.calendar/.CalendarProvider2]
07-09 09:41:56.157  1896  2298 I am_proc_bound: [0,5384,com.android.providers.calendar]
07-09 09:41:56.162  3010  4319 I contacts_aggregation: [1531109516162,-7]
07-09 09:41:56.164  3010  4319 I contacts_aggregation: [2,7]
07-09 09:41:56.254  1896  2298 I am_uid_running: 10095
07-09 09:41:56.265  1896  2298 I am_proc_start: [0,5415,10095,com.qualcomm.timeservice,broadcast,com.qualcomm.timeservice/.TimeServiceBroadcastReceiver]
07-09 09:41:56.285  1896  2298 I am_proc_bound: [0,5415,com.qualcomm.timeservice]
07-09 09:41:56.376  4356  4356 I auditd  : type=1400 audit(0.0:50): avc: denied { read } for comm="Binder:4356_3" name="modules" dev="proc" ino=4026532117 scontext=u:r:priv_app:s0:c512,c768 tcontext=u:object_r:proc_modules:s0 tclass=file permissive=0
07-09 09:41:56.386  4356  4356 I auditd  : type=1400 audit(0.0:51): avc: denied { read } for comm="Binder:4356_3" name="/" dev="tmpfs" ino=13463 scontext=u:r:priv_app:s0:c512,c768 tcontext=u:object_r:device:s0 tclass=dir permissive=0
07-09 09:41:56.386  4356  4356 I auditd  : type=1400 audit(0.0:52): avc: denied { read } for comm="Binder:4356_3" name="interrupts" dev="proc" ino=4026532069 scontext=u:r:priv_app:s0:c512,c768 tcontext=u:object_r:proc_interrupts:s0 tclass=file permissive=0
07-09 09:41:56.425  3051  3989 I [70220] : [5,1531109497873,1531109497873,72,1,33,0,0,61,0,9,0,694,0,0,2,0,3,19]
07-09 09:41:58.154  1896  1929 I am_pss  : [2727,10054,com.google.android.deskclock,7234560,5771264,0]
07-09 09:41:58.464  3051  3989 I [70220] : [6,2033,2,0]
07-09 09:41:58.613  3051  3989 I [70220] : [5,1531109497873,1531109497873,78,1,19,0,1,9,0,9,0,0,0,0,2,0,3,19]
07-09 09:41:58.615  3051  3989 I [70220] : 119
07-09 09:41:58.621  3051  3989 I [70220] : 24
07-09 09:41:58.640  3051  3975 I aggregation: 1531109518640
07-09 09:41:58.661  3051  3975 I [70220] : [32772,27]
07-09 09:41:58.676  1896  1929 I am_pss  : [4284,10007,com.google.android.ims,11643904,9908224,0]
07-09 09:41:58.725  1896  1929 I am_pss  : [3943,10072,com.google.android.apps.messaging,20777984,17932288,0]
07-09 09:41:58.760  1896  1929 I am_pss  : [3994,10064,com.google.android.tts,51650560,44613632,0]
07-09 09:41:59.456  4356  4356 I auditd  : type=1400 audit(0.0:53): avc: denied { read } for comm="Binder:4356_1" name="modules" dev="proc" ino=4026532117 scontext=u:r:priv_app:s0:c512,c768 tcontext=u:object_r:proc_modules:s0 tclass=file permissive=0
07-09 09:41:59.466  4356  4356 I auditd  : type=1400 audit(0.0:54): avc: denied { read } for comm="Binder:4356_1" name="/" dev="tmpfs" ino=13463 scontext=u:r:priv_app:s0:c512,c768 tcontext=u:object_r:device:s0 tclass=dir permissive=0
07-09 09:41:59.466  4356  4356 I auditd  : type=1400 audit(0.0:55): avc: denied { read } for comm="Binder:4356_1" name="interrupts" dev="proc" ino=4026532069 scontext=u:r:priv_app:s0:c512,c768 tcontext=u:object_r:proc_interrupts:s0 tclass=file permissive=0
07-09 09:41:59.519  1896  2298 I am_kill : [0,4116,com.google.android.configupdater,906,empty #31]
07-09 09:41:59.524  3051  3975 I [70220] : [5,1531109497873,1531109497873,59,0,11,0,0,6,0,6,0,728,0,0,2,0,3,32]
07-09 09:41:59.559  1896  2298 I am_proc_died: [0,4116,com.google.android.configupdater,906,17]
07-09 09:41:59.560  1896  2298 I am_uid_stopped: 10006
07-09 09:41:59.569  1896  1929 I am_pss  : [3194,10022,com.google.android.partnersetup,3918848,3317760,0]
07-09 09:41:59.606  1896  1929 I am_pss  : [4616,1002,com.android.bluetooth,8104960,6864896,0]
07-09 09:42:01.417  1896  2986 I am_kill : [0,4159,com.google.android.contacts,906,empty #31]
07-09 09:42:01.468  1896  2986 I am_proc_died: [0,4159,com.google.android.contacts,906,17]
07-09 09:42:01.468  1896  2986 I am_uid_stopped: 10017
07-09 09:42:01.663  3051  3975 I [70220] : [6,2133,2,0]
07-09 09:42:01.851  3051  3975 I [70220] : [5,1531109497873,1531109497873,79,2,18,0,1,41,0,11,0,0,0,0,2,0,4,20]
07-09 09:42:01.853  3051  3975 I [70220] : 119
07-09 09:42:01.860  3051  3975 I [70220] : 24
07-09 09:42:01.913  1896  1929 I am_pss  : [4951,10082,com.qualcomm.qti.StatsPollManager,2509824,1974272,0]
07-09 09:42:02.777  1896  1929 I am_pss  : [5054,1001,com.qualcomm.simcontacts,4365312,2879488,0]
07-09 09:42:02.831  1896  1929 I am_pss  : [5035,1000,com.qualcomm.qti.smcinvokepkgmgr,2503680,1978368,0]
07-09 09:42:02.878  1896  1929 I am_pss  : [5005,1000,com.qualcomm.qti.callenhancement,2551808,2015232,0]
07-09 09:42:04.314  1896  1896 I am_proc_start: [0,5453,1000,com.generalmobile.gmservice,service,com.generalmobile.gmservice/.utils.services.ActivationJobService]
07-09 09:42:04.347  1896  5449 I am_proc_bound: [0,5453,com.generalmobile.gmservice]
07-09 09:42:05.038  1896  5449 I am_kill : [0,3730,com.generalmobile.assistant,906,empty #31]
07-09 09:42:05.090  1896  2333 I am_proc_died: [0,3730,com.generalmobile.assistant,906,17]
07-09 09:42:05.090  1896  2333 I am_uid_stopped: 10092
07-09 09:42:06.185  1896  1896 I am_uid_running: 10017
07-09 09:42:06.231  1896  1896 I am_proc_start: [0,5484,10017,com.google.android.contacts,service,com.google.android.contacts/com.google.android.apps.contacts.operation.ContactsService]
07-09 09:42:06.257  1896  2986 I am_proc_bound: [0,5484,com.google.android.contacts]
07-09 09:42:06.381  1896  2985 I am_kill : [0,4262,com.android.chrome,906,empty #31]
07-09 09:42:06.410  1896  5449 I am_proc_died: [0,4262,com.android.chrome,906,17]
07-09 09:42:06.411  1896  5449 I am_uid_stopped: 10059
07-09 09:42:06.458  1896  2333 I am_uid_running: 10071
07-09 09:42:06.472  1896  2333 I am_proc_start: [0,5515,10071,com.google.android.apps.maps,broadcast,com.google.android.apps.maps/com.google.android.apps.gmm.ugc.ataplace.AtAPlaceService]
07-09 09:42:06.508  1896  2985 I am_proc_bound: [0,5515,com.google.android.apps.maps]
07-09 09:42:06.513  1896  5226 I am_kill : [0,2919,android.process.media,906,empty #31]
07-09 09:42:06.533  1896  5449 I am_proc_died: [0,2919,android.process.media,906,17]
07-09 09:42:06.534  1896  5449 I am_uid_stopped: 10011
07-09 09:42:06.626  5515  5515 I auditd  : type=1400 audit(0.0:56): avc: denied { read } for comm="NativeLibLoader" name="stat" dev="proc" ino=4026532072 scontext=u:r:untrusted_app:s0:c512,c768 tcontext=u:object_r:proc_stat:s0 tclass=file permissive=0
07-09 09:42:07.274  1896  2985 I am_kill : [0,4427,com.google.android.gms.ui,906,empty #31]
07-09 09:42:07.306  1896  4580 I am_proc_died: [0,4427,com.google.android.gms.ui,906,17]
07-09 09:42:07.515  1896  2298 I am_uid_running: 10089
07-09 09:42:07.532  1896  2298 I am_proc_start: [0,5572,10089,com.generalmobile.app.gmfilemanager:alarm,broadcast,com.generalmobile.app.gmfilemanager/.core.services.AlarmBroadcastReceiver]
07-09 09:42:07.553  1896  4580 I am_proc_bound: [0,5572,com.generalmobile.app.gmfilemanager:alarm]
07-09 09:42:08.705  1896  4580 I am_kill : [0,4533,com.google.android.inputmethod.japanese,906,empty #31]
07-09 09:42:08.731  1896  2817 I am_proc_died: [0,4533,com.google.android.inputmethod.japanese,906,17]
07-09 09:42:08.732  1896  2817 I am_uid_stopped: 10066
07-09 09:42:09.136  1896  1929 I am_pss  : [4574,10068,com.google.android.inputmethod.korean,7391232,6455296,0]
07-09 09:42:09.294  1896  2818 I am_proc_start: [0,5641,10014,com.google.android.gms.ui,service,com.google.android.gms/.chimera.UiIntentOperationService]
07-09 09:42:09.320  1896  2818 I am_proc_bound: [0,5641,com.google.android.gms.ui]
07-09 09:42:09.386  1896  1929 I am_pss  : [4038,10072,com.google.android.apps.messaging:rcs,7629824,5726208,0]
07-09 09:42:09.424  1896  1929 I am_pss  : [4629,10063,com.google.android.inputmethod.pinyin,7918592,6873088,0]
07-09 09:42:09.782  1896  5226 I am_uid_running: 10098
07-09 09:42:09.798  1896  5226 I am_proc_start: [0,5664,10098,com.google.android.music:main,broadcast,com.google.android.music/.AccountsBroadcastReceiver]
07-09 09:42:09.800  1896  1929 I am_pss  : [4679,10019,com.google.android.onetimeinitializer,2574336,2088960,0]
07-09 09:42:09.811  1896  5226 I am_proc_bound: [0,5664,com.google.android.music:main]
07-09 09:42:09.946  1896  1929 I am_pss  : [4701,10021,com.google.android.packageinstaller,4111360,3637248,0]
07-09 09:42:10.300  1896  1929 I am_pss  : [3547,10057,com.google.process.gapps,4099072,3354624,0]
07-09 09:42:10.516  4356  4356 I auditd  : type=1400 audit(0.0:57): avc: denied { read } for comm="Binder:4356_3" name="modules" dev="proc" ino=4026532117 scontext=u:r:priv_app:s0:c512,c768 tcontext=u:object_r:proc_modules:s0 tclass=file permissive=0
07-09 09:42:10.623  1896  2947 I am_uid_running: 10059
07-09 09:42:10.637  1896  2947 I am_proc_start: [0,5733,10059,com.android.chrome,broadcast,com.android.chrome/org.chromium.chrome.browser.services.AccountsChangedReceiver]
07-09 09:42:10.651  1896  2818 I am_proc_bound: [0,5733,com.android.chrome]
07-09 09:42:10.700  1896  1929 I am_pss  : [4734,10067,com.google.android.talk,15810560,14639104,0]
07-09 09:42:10.747  1896  1929 I am_pss  : [4777,10093,com.google.android.youtube,40390656,37117952,0]
07-09 09:42:11.066  4356  4356 I auditd  : type=1400 audit(0.0:58): avc: denied { read } for comm="Binder:4356_3" name="/" dev="tmpfs" ino=13463 scontext=u:r:priv_app:s0:c512,c768 tcontext=u:object_r:device:s0 tclass=dir permissive=0
07-09 09:42:11.286  1896  1929 I sync    : [gmail-ls,0,0,1555827538]
07-09 09:42:11.295  3531  5787 I google_http_request: [211,200,Android-Finsky/10.6.08-all%20%5B0%5D%20%5BPR%5D%20200628961 (api=3,versionCode=81060800,sdk=27,device=GM9PRO_d_sprout,hardware=qcom,product=GM9PRO,platformVersionRelease=8.1.0,model=GM%209%20Pro%20d,buildId=OPM1.171019.019,isWideScreen=0,supportedAbis=arm64-v8a;armeabi-v7a;armeabi),1]
07-09 09:42:11.475  3531  5787 I google_http_request: [139,200,Android-Finsky/10.6.08-all%20%5B0%5D%20%5BPR%5D%20200628961 (api=3,versionCode=81060800,sdk=27,device=GM9PRO_d_sprout,hardware=qcom,product=GM9PRO,platformVersionRelease=8.1.0,model=GM%209%20Pro%20d,buildId=OPM1.171019.019,isWideScreen=0,supportedAbis=arm64-v8a;armeabi-v7a;armeabi),1]
07-09 09:42:11.667  1896  1929 I am_pss  : [4906,1000,com.longcheertel.midtest,3169280,2605056,0]
07-09 09:42:11.774  1896  2987 I am_proc_start: [0,5823,10026,com.android.vending:instant_app_installer,service,com.android.vending/com.google.android.finsky.instantapps.statussync.StatusSyncService]
07-09 09:42:11.787  1896  2983 I am_proc_bound: [0,5823,com.android.vending:instant_app_installer]
07-09 09:42:11.829  1896  1929 I am_pss  : [4935,1000,com.qualcomm.location.XT,3826688,2772992,0]
07-09 09:42:11.981  1896  1929 I am_pss  : [4988,1000,com.qualcomm.qti.biometrics.fingerprint.service,2573312,2084864,0]
07-09 09:42:12.083  1896  2983 I am_kill : [0,4038,com.google.android.apps.messaging:rcs,906,empty #31]
07-09 09:42:12.107  1896  2983 I am_proc_died: [0,4038,com.google.android.apps.messaging:rcs,906,17]
07-09 09:42:12.209  1896  1929 I am_pss  : [5020,1001,com.qualcomm.qti.lpa,2400256,1925120,0]
07-09 09:42:12.486  1896  1929 I am_pss  : [5071,10097,com.google.android.apps.tachyon,17696768,16515072,0]
07-09 09:42:12.506  1896  1929 I sync    : [com.google.android.music.MusicContent,0,0,1555827538]
07-09 09:42:12.518  1896  1929 I sync    : [com.google.android.music.MusicContent,1,0,1555827538]
07-09 09:42:12.523  1896  1929 I sync    : [com.google.android.music.MusicContent,0,0,1555827538]
07-09 09:42:12.671  1896  1929 I sync    : [gmail-ls,1,0,1555827538]
07-09 09:42:12.672  1896  1929 I sync    : [gmail-ls,0,1,1555827538]
07-09 09:42:12.700  1896  1929 I sync    : [gmail-ls,1,1,1555827538]
07-09 09:42:13.887  1896  1929 I am_pss  : [5147,10107,com.kimcy929.screenrecorder,9119744,7749632,0]
07-09 09:42:14.719  1896  1929 I am_pss  : [3051,10014,com.google.android.gms,66270208,54452224,0]
07-09 09:42:15.483  1896  2106 I sysui_histogram: [power_consecutive_short_tap_count,1]
07-09 09:42:15.483  1896  2106 I sysui_multi_action: [757,804,799,power_consecutive_short_tap_count,801,1,802,1]
07-09 09:42:15.483  1896  2106 I sysui_histogram: [power_double_tap_interval,66429]
07-09 09:42:15.484  1896  2106 I sysui_multi_action: [757,804,799,power_double_tap_interval,801,66429,802,1]
07-09 09:42:15.489  1896  1896 I screen_toggled: 1
07-09 09:42:15.489  1896  1896 I power_screen_broadcast_send: 1
07-09 09:42:15.504  1896  1896 I device_idle: [0,screen]
07-09 09:42:15.505  1896  1896 I device_idle_light: [0,screen]
07-09 09:42:15.505  1896  1929 I device_idle_off_start: screen
07-09 09:42:15.506  1896  1929 I device_idle_off_complete: 
07-09 09:42:15.507  1896  2983 I sysui_view_visibility: [127,100]
07-09 09:42:15.507  1896  2983 I sysui_multi_action: [757,127,758,1]
07-09 09:42:15.507  1896  2983 I sysui_histogram: [note_load,0]
07-09 09:42:15.507  1896  2983 I sysui_multi_action: [757,804,799,note_load,801,0,802,1]
07-09 09:42:15.507  1896  2983 I notification_panel_revealed: 0
07-09 09:42:15.611  1896  1896 I power_screen_broadcast_done: [1,121,1]
07-09 09:42:15.765  1896  2202 I am_kill : [0,4574,com.google.android.inputmethod.korean,906,empty #31]
07-09 09:42:15.775  1896  4580 I am_proc_died: [0,4574,com.google.android.inputmethod.korean,906,17]
07-09 09:42:15.775  1896  4580 I am_uid_stopped: 10068
07-09 09:42:15.812  1896  1945 I sysui_multi_action: [757,198,758,1,759,0,793,334]
07-09 09:42:15.812  1896  1945 I power_screen_state: [1,0,0,0,334]
07-09 09:42:15.821  1896  1939 I sysui_view_visibility: [223,0]
07-09 09:42:15.821  1896  1939 I sysui_multi_action: [757,223,758,2]
07-09 09:42:15.821  1896  1939 I sysui_histogram: [dozing_minutes,0]
07-09 09:42:15.821  1896  1939 I sysui_multi_action: [757,804,799,dozing_minutes,801,0,802,1]
07-09 09:42:15.969  1896  2202 I am_kill : [0,4629,com.google.android.inputmethod.pinyin,906,empty #31]
07-09 09:42:15.979  1896  5226 I am_proc_died: [0,4629,com.google.android.inputmethod.pinyin,906,17]
07-09 09:42:15.979  1896  5226 I am_uid_stopped: 10063
07-09 09:42:16.164  1896  2987 I am_kill : [0,4679,com.google.android.onetimeinitializer,906,empty #31]
07-09 09:42:16.174  1896  2987 I am_proc_died: [0,4679,com.google.android.onetimeinitializer,906,17]
07-09 09:42:16.175  1896  2987 I am_uid_stopped: 10019
07-09 09:42:16.622  1896  2987 I am_kill : [0,4701,com.google.android.packageinstaller,906,empty #31]
07-09 09:42:16.636  1896  2987 I am_proc_died: [0,4701,com.google.android.packageinstaller,906,17]
07-09 09:42:16.636  1896  2987 I am_uid_stopped: 10021
07-09 09:42:16.704  5664  5868 I sync_details: [com.google.android.music,8393,53355,]
07-09 09:42:16.714  1896  1929 I sync    : [com.google.android.music.MusicContent,1,0,1555827538]
07-09 09:42:16.716  1896  2987 I am_kill : [0,3194,com.google.android.partnersetup,906,empty #31]
07-09 09:42:16.736  1896  1929 I sync    : [com.google.android.music.MusicContent,0,0,1555827538]
07-09 09:42:16.749  1896  2987 I am_proc_died: [0,3194,com.google.android.partnersetup,906,17]
07-09 09:42:16.750  1896  2987 I am_uid_stopped: 10022
07-09 09:42:16.926  2186  2186 I sysui_multi_action: [757,186,758,4,826,346,827,4268]
07-09 09:42:16.927  2186  2186 I sysui_lockscreen_gesture: [1,346,4268]
07-09 09:42:16.934  1896  2987 I sysui_view_visibility: [127,0]
07-09 09:42:16.935  1896  2987 I sysui_multi_action: [757,127,758,2]
07-09 09:42:16.935  1896  2987 I notification_panel_hidden: 
07-09 09:42:16.942  1896  2987 I am_set_resumed_activity: [0,com.android.launcher3/com.android.searchlauncher.SearchLauncher,resumeTopActivityInnerLocked]
07-09 09:42:16.944  1896  2987 I am_resume_activity: [0,63403618,173,com.android.launcher3/com.android.searchlauncher.SearchLauncher]
07-09 09:42:17.036  2873  2873 I am_on_resume_called: [0,com.android.searchlauncher.SearchLauncher,RESUME_ACTIVITY]
07-09 09:42:17.227  1896  1941 I am_activity_launch_time: [0,63403618,com.android.launcher3/com.android.searchlauncher.SearchLauncher,49097,49131]
07-09 09:42:17.228  2186  2186 I sysui_view_visibility: [111,0]
07-09 09:42:17.228  2186  2186 I sysui_multi_action: [757,111,758,2]
07-09 09:42:17.231  2186  2186 I sysui_multi_action: [757,196,758,2,759,0]
07-09 09:42:17.231  2186  2186 I sysui_status_bar_state: [0,0,0,0,0,1]
07-09 09:42:17.256  1896  1896 I auditd  : type=1400 audit(0.0:60): avc: denied { write } for comm="Binder:1896_10" name="timerslack_ns" dev="proc" ino=63680 scontext=u:r:system_server:s0 tcontext=u:r:hal_audio_default:s0 tclass=file permissive=0
07-09 09:42:17.270  1896  1930 I am_uid_running: 10091
07-09 09:42:17.306  1896  1930 I am_proc_start: [0,5934,10091,com.generalmobile.storeoid,broadcast,com.generalmobile.storeoid/.livedevice.OnBootBroadcast]
07-09 09:42:17.325  1896  2987 I am_proc_bound: [0,5934,com.generalmobile.storeoid]
07-09 09:42:17.408  1896  2986 I am_kill : [0,4906,com.longcheertel.midtest,906,empty #31]
07-09 09:42:17.488  1896  2983 I am_proc_died: [0,4906,com.longcheertel.midtest,906,17]
07-09 09:42:19.087  2186  2404 I sysui_multi_action: [757,1093,758,4,793,23498,1094,9437184,1095,2]
07-09 09:42:19.804  1896  1929 I am_pss  : [3151,10076,com.google.android.apps.photos,16444416,15499264,0]
07-09 09:42:20.028  5664  5908 I sync_details: [com.google.android.music,6484,15019,]
07-09 09:42:20.035  1896  2983 I am_kill : [0,4935,com.qualcomm.location.XT,906,empty #31]
07-09 09:42:20.038  1896  1929 I sync    : [com.google.android.music.MusicContent,1,0,1555827538]
07-09 09:42:20.042  1896  1929 I sync    : [com.google.android.music.MusicContent,0,1,1555827538]
07-09 09:42:20.067  1896  4580 I am_proc_died: [0,4935,com.qualcomm.location.XT,906,17]
07-09 09:42:20.169  5664  6004 I sync_details: [com.google.android.music,0,0,]
07-09 09:42:20.175  1896  1929 I sync    : [com.google.android.music.MusicContent,1,1,1555827538]
07-09 09:42:22.590  2186  2404 I sysui_multi_action: [757,1093,758,4,793,3503,1094,9437184,1095,2]
07-09 09:42:23.022  1896  1929 I am_pss  : [5228,10018,com.google.android.ext.services,3172352,2289664,0]
07-09 09:42:24.600  2186  2404 I sysui_multi_action: [757,1093,758,4,793,2010,1094,9437184,1095,2]
07-09 09:42:25.715  1896  1929 I am_pss  : [5271,1000,com.android.settings,5296128,3461120,0]
07-09 09:42:25.751  1896  1929 I am_pss  : [5256,1000,com.android.keychain,2598912,2039808,0]
07-09 09:42:25.753  1896  1929 I sync    : [com.android.contacts,0,1,1555827538]
07-09 09:42:25.889  1896  1929 I am_pss  : [5315,10014,com.google.android.play.games.ui,6173696,3756032,0]
07-09 09:42:26.041  3547  6019 I sync_details: [Sync,0,0,]
07-09 09:42:26.052  1896  1929 I sync    : [com.android.contacts,1,1,1555827538]
07-09 09:42:26.301  1896  1929 I am_pss  : [3310,10016,com.google.android.dialer,11148288,9596928,0]
07-09 09:42:26.337  1896  1929 I am_pss  : [5339,10012,com.android.cellbroadcastreceiver,4279296,3620864,0]
07-09 09:42:26.609  2186  2404 I sysui_multi_action: [757,1093,758,4,793,2010,1094,9437184,1095,2]
07-09 09:42:26.985  1896  1929 I am_pss  : [5118,10100,com.google.android.keep,10553344,9048064,0]
07-09 09:42:27.020  1896  1929 I am_pss  : [5415,10095,com.qualcomm.timeservice,2435072,1892352,0]
07-09 09:42:27.067  1896  1929 I am_pss  : [2873,1000,com.android.launcher3,87996416,82079744,0]
07-09 09:42:28.897  2186  2404 I sysui_multi_action: [757,1093,758,4,793,2287,1094,9437184,1095,2]
07-09 09:42:32.641  2186  2404 I sysui_multi_action: [757,1093,758,4,793,3744,1094,9437184,1095,2]
07-09 09:42:33.659  2186  2404 I sysui_multi_action: [757,1093,758,4,793,1019,1094,9437184,1095,2]
07-09 09:42:36.141  1896  2986 I am_kill : [0,4988,com.qualcomm.qti.biometrics.fingerprint.service,906,empty #31]
07-09 09:42:36.175  1896  2301 I am_proc_died: [0,4988,com.qualcomm.qti.biometrics.fingerprint.service,906,17]
07-09 09:42:36.195  1896  1929 I am_pss  : [5453,1000,com.generalmobile.gmservice,4718592,3555328,0]
07-09 09:42:37.625  1896  1929 I am_pss  : [5572,10089,com.generalmobile.app.gmfilemanager:alarm,18228224,11534336,0]
07-09 09:42:37.671  1896  1929 I am_pss  : [5515,10071,com.google.android.apps.maps,42561536,40091648,0]
07-09 09:42:37.704  1896  1929 I am_pss  : [5484,10017,com.google.android.contacts,10993664,9359360,0]
07-09 09:42:38.120  1896  1930 I am_uid_idle: 10026
07-09 09:42:40.886  1896  1929 I am_pss  : [3069,10039,com.google.android.googlequicksearchbox:search,93471744,86327296,0]
07-09 09:42:40.922  1896  1929 I am_pss  : [5384,10004,com.android.providers.calendar,4443136,3719168,0]
07-09 09:42:40.950  1896  1929 I am_pss  : [5733,10059,com.android.chrome,8852480,5079040,0]
07-09 09:42:43.593  1896  2986 I battery_status: [4,2,1,0,Li-ion]
07-09 09:42:43.615  1896  1929 I am_pss  : [5361,10052,com.google.android.calendar,11371520,9662464,0]
07-09 09:42:43.656  1896  1929 I am_pss  : [4186,10061,com.google.android.gm,35326976,32161792,0]
07-09 09:42:43.687  1896  1929 I am_pss  : [5823,10026,com.android.vending:instant_app_installer,16606208,8294400,0]
07-09 09:42:43.714  1896  1929 I am_pss  : [4284,10007,com.google.android.ims,11794432,9994240,0]
07-09 09:42:43.740  1896  1929 I am_pss  : [3943,10072,com.google.android.apps.messaging,22366208,19832832,0]
07-09 09:42:43.761  1896  1929 I am_pss  : [3994,10064,com.google.android.tts,49243136,44494848,0]
07-09 09:42:44.074  1896  2986 I battery_status: [2,2,1,0,Li-ion]
07-09 09:42:44.248  1896  4580 I battery_status: [2,2,1,2,Li-ion]
07-09 09:42:44.246   788   788 I auditd  : type=1400 audit(0.0:61): avc: denied { dac_override } for comm="usb@1.0-service" capability=1 scontext=u:r:hal_usb_default:s0 tcontext=u:r:hal_usb_default:s0 tclass=capability permissive=0
07-09 09:42:44.557  1896  1896 I notification_enqueue: [1000,1896,android,32,NULL,-1,Notification(channel=USB pri=0 contentView=null vibrate=null sound=null tick defaults=0x0 flags=0x2 color=0xff607d8b vis=PUBLIC),0]
07-09 09:42:44.562  1896  1896 I notification_enqueue: [1000,1896,android,26,NULL,-1,Notification(channel=DEVELOPER pri=0 contentView=null vibrate=null sound=null tick defaults=0x0 flags=0x2 color=0xff607d8b vis=PUBLIC),0]
07-09 09:42:44.563  1896  1930 I am_uid_running: 10011
07-09 09:42:44.586  1896  1930 I am_proc_start: [0,6061,10011,android.process.media,broadcast,com.android.providers.media/.MtpReceiver]
07-09 09:42:44.608  1896  2298 I am_proc_bound: [0,6061,android.process.media]
07-09 09:42:44.694  1896  2301 I notification_expansion: [-1|android|26|null|1000,0,1,133,133,0]
07-09 09:42:44.785  1896  2986 I am_kill : [0,5020,com.qualcomm.qti.lpa,906,empty #31]
07-09 09:42:44.802  1896  2298 I am_proc_died: [0,5020,com.qualcomm.qti.lpa,906,17]
07-09 09:42:45.299  2186  2404 I sysui_multi_action: [757,1093,758,4,793,11639,1094,9437184,1095,2]
07-09 09:42:45.426   788   788 I auditd  : type=1400 audit(0.0:63): avc: denied { dac_override } for comm="usb@1.0-service" capability=1 scontext=u:r:hal_usb_default:s0 tcontext=u:r:hal_usb_default:s0 tclass=capability permissive=0
07-09 09:42:45.500  1896  2986 I am_uid_active: 10026
07-09 09:42:45.948  1896  2298 I am_kill : [0,5071,com.google.android.apps.tachyon,906,empty #31]
07-09 09:42:45.971  1896  2987 I am_proc_died: [0,5071,com.google.android.apps.tachyon,906,17]
07-09 09:42:45.972  1896  2987 I am_uid_stopped: 10097
07-09 09:42:46.568  1896  2202 I am_kill : [0,5228,com.google.android.ext.services,906,empty #31]
07-09 09:42:46.598  1896  2202 I am_proc_died: [0,5228,com.google.android.ext.services,906,17]
07-09 09:42:46.599  1896  2202 I am_uid_stopped: 10018
07-09 09:42:46.618  1896  1929 I am_pss  : [4356,10014,com.google.android.gms.unstable,33655808,28450816,0]
07-09 09:42:46.616   788   788 I auditd  : type=1400 audit(0.0:65): avc: denied { dac_override } for comm="usb@1.0-service" capability=1 scontext=u:r:hal_usb_default:s0 tcontext=u:r:hal_usb_default:s0 tclass=capability permissive=0
07-09 09:42:46.659  2186  2404 I sysui_multi_action: [757,1093,758,4,793,1361,1094,9437184,1095,2]
07-09 09:42:46.679  1896  1929 I am_pss  : [5641,10014,com.google.android.gms.ui,6979584,4075520,0]
07-09 09:42:47.806   788   788 I auditd  : type=1400 audit(0.0:67): avc: denied { dac_override } for comm="usb@1.0-service" capability=1 scontext=u:r:hal_usb_default:s0 tcontext=u:r:hal_usb_default:s0 tclass=capability permissive=0
07-09 09:42:48.340  2186  2404 I sysui_multi_action: [757,1093,758,4,793,1680,1094,9437184,1095,2]
07-09 09:42:49.542  1896  1929 I am_pss  : [5934,10091,com.generalmobile.storeoid,6269952,5173248,0]
07-09 09:42:50.247  1896  1929 I am_pss  : [5664,10098,com.google.android.music:main,28235776,24965120,0]
07-09 09:42:50.610  2186  2186 I sysui_count: [panel_open,1]
07-09 09:42:50.610  2186  2186 I sysui_multi_action: [757,803,799,panel_open,802,1]
07-09 09:42:50.627  1896  5226 I sysui_view_visibility: [127,100]
07-09 09:42:50.628  1896  5226 I sysui_multi_action: [757,127,758,1]
07-09 09:42:50.628  1896  5226 I sysui_histogram: [note_load,2]
07-09 09:42:50.628  1896  5226 I sysui_multi_action: [757,804,799,note_load,801,2,802,1]
07-09 09:42:50.628  1896  5226 I notification_panel_revealed: 2
07-09 09:42:50.680  2186  2404 I sysui_multi_action: [757,1093,758,4,793,2340,1094,9437184,1095,2]
07-09 09:42:51.134  1896  2947 I sysui_multi_action: [757,128,758,1,793,6572,794,0,795,6572,796,26,798,0,806,android,857,DEVELOPER,858,2,947,0]
07-09 09:42:51.134  1896  2947 I sysui_histogram: [note_freshness,6572]
07-09 09:42:51.134  1896  2947 I sysui_multi_action: [757,804,799,note_freshness,801,6572,802,1]
07-09 09:42:51.135  1896  2947 I notification_visibility: [-1|android|26|null|1000,1,6572,6572,0,0]
07-09 09:42:51.135  1896  2947 I sysui_multi_action: [757,128,758,1,793,6582,794,0,795,6582,796,32,798,1,806,android,857,USB,858,1,947,0]
07-09 09:42:51.135  1896  2947 I sysui_histogram: [note_freshness,6582]
07-09 09:42:51.135  1896  2947 I sysui_multi_action: [757,804,799,note_freshness,801,6582,802,1]
07-09 09:42:51.135  1896  2947 I notification_visibility: [-1|android|32|null|1000,1,6582,6582,0,1]
07-09 09:42:51.350  1896  2947 I am_uid_active: 10098
07-09 09:42:51.689  2186  2404 I sysui_multi_action: [757,1093,758,4,793,1010,1094,9437184,1095,2]
07-09 09:42:51.899  2186  2186 I sysui_action: [407,true]
07-09 09:42:51.899  2186  2186 I sysui_multi_action: [757,407,758,4,759,1]
07-09 09:42:51.900  1896  5226 I sysui_multi_action: [757,128,758,3,793,7347,794,765,795,7347,796,32,806,android,857,USB,858,1,947,0]
07-09 09:42:51.900  1896  5226 I notification_expansion: [-1|android|32|null|1000,1,1,7347,7347,765]
07-09 09:42:52.872  1896  2202 I sysui_multi_action: [757,128,758,2,793,8310,794,1738,795,8310,796,26,798,0,806,android,857,DEVELOPER,858,2,947,0]
07-09 09:42:52.872  1896  2202 I notification_visibility: [-1|android|26|null|1000,0,8310,8310,0,0]
07-09 09:42:52.872  1896  2202 I sysui_view_visibility: [127,0]
07-09 09:42:52.872  1896  2202 I sysui_multi_action: [757,127,758,2]
07-09 09:42:52.872  1896  2202 I notification_panel_hidden: 
07-09 09:42:52.891  1896  2947 I wm_task_created: [174,1]
07-09 09:42:52.892  1896  2947 I wm_task_moved: [174,1,2]
07-09 09:42:52.892  1896  2947 I am_focused_stack: [0,1,0,reuseOrNewTask]
07-09 09:42:52.892  1896  2947 I wm_task_moved: [174,1,2]
07-09 09:42:52.892  1896  2947 I am_create_task: [0,174]
07-09 09:42:52.892  1896  2947 I am_create_activity: [0,3368638,174,com.android.settings/.deviceinfo.UsbModeChooserActivity,android.intent.action.MAIN,NULL,NULL,276856832]
07-09 09:42:52.892  1896  2947 I wm_task_moved: [174,1,2]
07-09 09:42:52.894  1896  2947 I am_pause_activity: [0,63403618,com.android.launcher3/com.android.searchlauncher.SearchLauncher]
07-09 09:42:52.895  2873  2873 I am_on_paused_called: [0,com.android.searchlauncher.SearchLauncher,handlePauseActivity]
07-09 09:42:52.897  1896  5226 I sysui_multi_action: [757,128,758,4,793,8343,794,1761,795,8343,796,32,806,android,857,USB,858,1,947,0]
07-09 09:42:52.897  1896  5226 I notification_clicked: [-1|android|32|null|1000,8343,8343,1761]
07-09 09:42:52.897  1896  1896 I sysui_histogram: [note_click_longevity,0]
07-09 09:42:52.897  1896  1896 I sysui_multi_action: [757,804,799,note_click_longevity,801,0,802,1]
07-09 09:42:52.903  1896  2202 I am_restart_activity: [0,3368638,174,com.android.settings/.deviceinfo.UsbModeChooserActivity]
07-09 09:42:52.904  1896  2202 I am_set_resumed_activity: [0,com.android.settings/.deviceinfo.UsbModeChooserActivity,minimalResumeActivityLocked]
07-09 09:42:52.906  1896  1930 I sysui_count: [window_time_0,84]
07-09 09:42:52.906  1896  1930 I sysui_multi_action: [757,803,799,window_time_0,802,84]
07-09 09:42:52.958  5271  5271 I am_on_resume_called: [0,com.android.settings.deviceinfo.UsbModeChooserActivity,LAUNCH_ACTIVITY]
07-09 09:42:53.042  1896  1941 I am_activity_launch_time: [0,3368638,com.android.settings/.deviceinfo.UsbModeChooserActivity,140,140]
07-09 09:42:53.044  1896  1941 I sysui_multi_action: [319,168,322,165,325,103,757,761,758,8,759,2,806,com.android.settings,871,com.android.settings.deviceinfo.UsbModeChooserActivity,904,android,905,0]
07-09 09:42:54.596  1896  2202 I am_finish_activity: [0,3368638,174,com.android.settings/.deviceinfo.UsbModeChooserActivity,app-request]
07-09 09:42:54.597  1896  2202 I am_focused_stack: [0,0,1,finishActivity adjustFocus]
07-09 09:42:54.597  1896  2202 I wm_task_moved: [173,1,0]
07-09 09:42:54.598  1896  2202 I am_pause_activity: [0,3368638,com.android.settings/.deviceinfo.UsbModeChooserActivity]
07-09 09:42:54.612  1896  1930 I sysui_count: [window_time_0,2]
07-09 09:42:54.612  1896  1930 I sysui_multi_action: [757,803,799,window_time_0,802,2]
07-09 09:42:54.614  5271  5271 I am_on_paused_called: [0,com.android.settings.deviceinfo.UsbModeChooserActivity,handlePauseActivity]
07-09 09:42:54.614  1896  2202 I am_destroy_activity: [0,3368638,174,com.android.settings/.deviceinfo.UsbModeChooserActivity,finish-imm]
07-09 09:42:54.619  1896  2202 I am_set_resumed_activity: [0,com.android.launcher3/com.android.searchlauncher.SearchLauncher,resumeTopActivityInnerLocked]
07-09 09:42:54.620  1896  2202 I am_resume_activity: [0,63403618,173,com.android.launcher3/com.android.searchlauncher.SearchLauncher]
07-09 09:42:54.663  1896  1930 I sysui_count: [window_time_0,0]
07-09 09:42:54.663  1896  1930 I sysui_multi_action: [757,803,799,window_time_0,802,0]
07-09 09:42:54.663  2873  2873 I am_on_resume_called: [0,com.android.searchlauncher.SearchLauncher,RESUME_ACTIVITY]
07-09 09:42:54.667  5271  5271 I am_on_stop_called: [0,com.android.settings.deviceinfo.UsbModeChooserActivity,destroy]
07-09 09:42:54.846  1896  2058 I wm_task_removed: [174,removeAppToken: last token]
07-09 09:42:54.846  1896  2058 I wm_task_removed: [174,removeTask]
07-09 09:42:54.951  1896  1896 I sysui_multi_action: [757,128,758,5,759,8,793,10398,794,3816,795,10398,796,32,806,android,857,USB,858,1,947,0]
07-09 09:42:54.951  1896  1896 I notification_canceled: [-1|android|32|null|1000,8,10398,10398,3816,NULL]
07-09 09:42:54.954  1896  1896 I notification_enqueue: [1000,1896,android,27,NULL,-1,Notification(channel=USB pri=0 contentView=null vibrate=null sound=null tick defaults=0x0 flags=0x2 color=0xff607d8b vis=PUBLIC),0]
07-09 09:42:55.356   592   592 I auditd  : avc:  denied  { find } for interface=vendor.qti.hardware.perf::IPerf pid=6061 scontext=u:r:mediaprovider:s0:c512,c768 tcontext=u:object_r:hal_perf_hwservice:s0 tclass=hwservice_manager permissive=0
07-09 09:42:55.698  2186  2404 I sysui_multi_action: [757,1093,758,4,793,4009,1094,9437184,1095,2]
07-09 09:42:56.058  1896  1930 I am_uid_idle: 10016
07-09 09:42:56.189  1896  1929 I am_pss  : [3547,10057,com.google.process.gapps,4244480,3424256,0]
07-09 09:42:56.232  1896  1929 I am_pss  : [3010,10003,android.process.acore,11414528,9949184,0]
07-09 09:42:56.269  1896  1929 I am_pss  : [3172,10014,com.google.process.gapps,4825088,3518464,0]
07-09 09:42:56.704  2186  2404 I sysui_multi_action: [757,1093,758,4,793,1006,1094,9437184,1095,2]
07-09 09:43:06.762  2186  2404 I sysui_multi_action: [757,1093,758,4,793,10057,1094,9437184,1095,2]
07-09 09:43:07.776  2186  2404 I sysui_multi_action: [757,1093,758,4,793,1009,1094,9437184,1095,2]
07-09 09:43:08.785  2186  2404 I sysui_multi_action: [757,1093,758,4,793,1014,1094,9437184,1095,2]
07-09 09:43:14.624  1896  1929 I am_pss  : [3069,10039,com.google.android.googlequicksearchbox:search,110743552,101597184,0]
07-09 09:43:14.668  1896  1929 I am_pss  : [5515,10071,com.google.android.apps.maps,44482560,42115072,0]
07-09 09:43:15.958  1896  1929 I am_pss  : [6061,10011,android.process.media,5542912,4542464,0]
07-09 09:43:16.008  1896  1929 I am_pss  : [4777,10093,com.google.android.youtube,41463808,38543360,0]
07-09 09:43:25.917  1896  1930 I am_uid_idle: 10003
07-09 09:43:34.091  2683  3875 I c2dm    : [0,,2,2]
07-09 09:43:34.161  1896  1929 I am_pss  : [3531,10026,com.android.vending,35719168,26103808,0]
07-09 09:43:34.196  1896  1929 I am_pss  : [5271,1000,com.android.settings,19200000,15814656,0]
07-09 09:43:34.230  1896  1929 I am_pss  : [5664,10098,com.google.android.music:main,28953600,26157056,0]
07-09 09:43:34.253  1896  1929 I am_pss  : [2811,1000,com.qualcomm.qti.services.secureui:sui_service,3308544,2600960,0]
07-09 09:43:34.275  1896  1929 I am_pss  : [2794,10030,com.android.test.soundtrigger,2549760,1953792,0]
07-09 09:43:34.294  1896  1929 I am_pss  : [2775,1000,com.quicinc.wbcserviceapp,2636800,2043904,0]
07-09 09:43:34.312  1896  1929 I am_pss  : [2766,1001,com.qualcomm.qti.loadcarrier,2824192,2191360,0]
07-09 09:43:34.336  1896  1929 I am_pss  : [2313,1001,com.android.phone,27770880,23638016,0]
07-09 09:43:34.353  1896  1929 I am_pss  : [2290,1001,com.qualcomm.qti.telephonyservice,3454976,2592768,0]
07-09 09:43:34.370  1896  1929 I am_pss  : [2278,1000,.dataservices,5653504,4702208,0]
07-09 09:43:34.376  2683  3894 I c2dm    : [1,,2,2]
07-09 09:43:34.393  1896  1929 I am_pss  : [2186,10035,com.android.systemui,73530368,64786432,0]
07-09 09:43:34.425  1896  1929 I am_pss  : [1896,1000,system,160762880,150446080,0]
07-09 09:43:36.134  2186  2404 I sysui_multi_action: [757,1093,758,4,793,27350,1094,9437184,1095,2]
07-09 09:43:37.150  2186  2404 I sysui_multi_action: [757,1093,758,4,793,1015,1094,9437184,1095,2]
07-09 09:43:43.612  2186  2404 I sysui_multi_action: [757,1093,758,4,793,6462,1094,9437184,1095,2]
07-09 09:43:44.186  1896  1929 I am_pss  : [5453,1000,com.generalmobile.gmservice,5141504,3923968,0]
07-09 09:43:44.213  1896  1929 I am_pss  : [3010,10003,android.process.acore,10408960,8945664,0]
07-09 09:43:45.282  2186  2404 I sysui_multi_action: [757,1093,758,4,793,1670,1094,9437184,1095,2]
07-09 09:43:45.553  1896  1930 I am_uid_idle: 10026
07-09 09:43:51.437  1896  1930 I am_uid_idle: 10098
07-09 09:43:54.580  1896  1945 I power_sleep_requested: 0
07-09 09:43:54.651  1896  1945 I am_pause_activity: [0,63403618,com.android.launcher3/com.android.searchlauncher.SearchLauncher]
07-09 09:43:54.653  2873  2873 I am_on_paused_called: [0,com.android.searchlauncher.SearchLauncher,handlePauseActivity]
07-09 09:43:54.664  1896  1930 I am_stop_activity: [0,63403618,com.android.launcher3/com.android.searchlauncher.SearchLauncher]
07-09 09:43:54.691  2873  2873 I am_on_stop_called: [0,com.android.searchlauncher.SearchLauncher,sleeping]
07-09 09:43:54.891  1896  1939 I sysui_view_visibility: [223,100]
07-09 09:43:54.891  1896  1939 I sysui_multi_action: [757,223,758,1]
07-09 09:43:54.921  2186  2186 I sysui_multi_action: [757,196,758,2,759,0]
07-09 09:43:54.921  2186  2186 I sysui_status_bar_state: [1,0,0,0,0,1]
07-09 09:43:54.930  1896  2818 I notification_expansion: [-1|android|26|null|1000,0,0,70369,70369,63797]
07-09 09:43:54.933  2186  2186 I sysui_view_visibility: [111,100]
07-09 09:43:54.934  2186  2186 I sysui_multi_action: [757,111,758,1]
07-09 09:43:54.934  2186  2186 I sysui_multi_action: [757,126,758,1,759,126,833,0,927,0,928,0]
07-09 09:43:54.934  2186  2186 I sysui_multi_action: [757,115,758,1,759,115,833,0,927,1,928,1]
07-09 09:43:54.934  2186  2186 I sysui_multi_action: [757,113,758,1,759,113,833,0,927,2,928,0]
07-09 09:43:54.934  2186  2186 I sysui_multi_action: [757,122,758,1,759,122,833,0,927,3,928,1]
