07-09 09:41:21.117  1258  1817 I AudioFlinger: AudioFlinger's thread 0xe9803cc0 tid=1817 ready to run
07-09 09:41:21.117   773   773 D audio_hw_primary: adev_close_input_stream: enter:stream_handle(0xec4511c0)
07-09 09:41:21.117   773   773 D audio_hw_primary: in_standby: enter: stream (0xec4511c0) usecase(18: audio-record)
07-09 09:41:21.117   773   773 V audio_hw_primary: in_standby: exit:  status(0)
07-09 09:41:21.117   773   773 D audio_hw_primary: adev_open_input_stream: enter: sample_rate(192000) channel_mask(0x8000000f) devices(0x80000004)        stream_handle(0xec4511c0) io_handle(30) source(1) format 5
07-09 09:41:21.118   773   773 W DeviceHAL: Device 0xebd8e000 open_input_stream: Invalid argument
07-09 09:41:21.118   773   773 D audio_hw_primary: adev_open_input_stream: enter: sample_rate(48000) channel_mask(0x8000000f) devices(0x80000004)        stream_handle(0xec4511c0) io_handle(30) source(1) format 1
07-09 09:41:21.118   773   773 W audio_hw_utils: audio_extn_utils_update_stream_input_app_type_cfg: App type could not be selected. Falling back to default
07-09 09:41:21.118   773   773 V audio_hw_primary: adev_open_input_stream: exit
07-09 09:41:21.118  1258  1818 I AudioFlinger: AudioFlinger's thread 0xe9803e80 tid=1818 ready to run
07-09 09:41:21.119   773   773 D audio_hw_primary: adev_close_input_stream: enter:stream_handle(0xec4511c0)
07-09 09:41:21.119   773   773 D audio_hw_primary: in_standby: enter: stream (0xec4511c0) usecase(18: audio-record)
07-09 09:41:21.119   773   773 V audio_hw_primary: in_standby: exit:  status(0)
07-09 09:41:21.119   773  1815 D audio_hw_primary: adev_open_input_stream: enter: sample_rate(48000) channel_mask(0xc) devices(0x80000040)        stream_handle(0xebd93700) io_handle(38) source(1) format 1
07-09 09:41:21.119   773  1815 W DeviceHAL: Device 0xebd8e000 open_input_stream: Invalid argument
07-09 09:41:21.119   773  1815 D audio_hw_primary: adev_open_input_stream: enter: sample_rate(48000) channel_mask(0xc) devices(0x80000040)        stream_handle(0xebd93700) io_handle(38) source(1) format 1
07-09 09:41:21.119   773  1815 W DeviceHAL: Device 0xebd8e000 open_input_stream: Invalid argument
07-09 09:41:21.119  1258  1258 W APM_AudioPolicyManager: Cannot open input stream for device 80000040 on hw module primary
07-09 09:41:21.136  1258  1258 I bt_a2dp_hw: adev_open:  adev_open in A2dp_hw module
07-09 09:41:21.136  1258  1258 I AudioFlinger: loadHwModule() Loaded a2dp audio interface, handle 18
07-09 09:41:21.136   773  1815 D vndksupport: Loading /vendor/lib/hw/audio.usb.default.so from current namespace instead of sphal namespace.
07-09 09:41:21.140  1258  1258 I AudioFlinger: loadHwModule() Loaded usb audio interface, handle 26
07-09 09:41:21.141   773  1815 D vndksupport: Loading /vendor/lib/hw/audio.r_submix.default.so from current namespace instead of sphal namespace.
07-09 09:41:21.143   773  1815 I r_submix: adev_open(name=audio_hw_if)
07-09 09:41:21.144   773  1815 I r_submix: adev_init_check()
07-09 09:41:21.144   773  1815 W DeviceHAL: Device 0xeb39d100 set_master_mute: Function not implemented
07-09 09:41:21.144  1258  1258 I AudioFlinger: loadHwModule() Loaded r_submix audio interface, handle 34
07-09 09:41:21.144   773  1815 D r_submix: adev_open_input_stream(addr=0)
07-09 09:41:21.144   773  1815 D r_submix: submix_audio_device_create_pipe_l(addr=0, idx=9)
07-09 09:41:21.144   773  1815 D r_submix:   now using address 0 for route 9
07-09 09:41:21.145  1258  1819 I AudioFlinger: AudioFlinger's thread 0xe9803ec0 tid=1819 ready to run
07-09 09:41:21.146   773  1815 D r_submix: adev_close_input_stream()
07-09 09:41:21.146   773  1815 D r_submix: submix_audio_device_release_pipe_l(idx=9) addr=0
07-09 09:41:21.146   773  1815 D r_submix: submix_audio_device_destroy_pipe_l(): pipe destroyed
07-09 09:41:21.146  1258  1258 D AudioPolicyManagerCustom: USE_XML_AUDIO_POLICY_CONF is TRUE
07-09 09:41:21.146  1258  1258 E EffectsConfig: Failed to parse /vendor/etc/audio_effects.xml: Tinyxml2 error (3): /vendor/etc/audio_effects.xml (null)
07-09 09:41:21.146  1258  1258 W AudioPolicyEffects: Failed to load XML effect configuration, fallback to .conf
07-09 09:41:21.146  1258  1258 W AudioPolicyEffects: loadEffectConfig() no valid effects found in config music
07-09 09:41:21.146  1258  1258 W AudioPolicyEffects: loadEffectConfig() no valid effects found in config ring
07-09 09:41:21.146  1258  1258 W AudioPolicyEffects: loadEffectConfig() no valid effects found in config alarm
07-09 09:41:21.146  1258  1258 W AudioPolicyEffects: loadEffectConfig() no valid effects found in config voice_call
07-09 09:41:21.147  1258  1258 W AudioPolicyEffects: loadEffectConfig() no valid effects found in config notification
07-09 09:41:21.148   773  1815 I sound_trigger_hw_dbmdx: stdev_get_properties:
07-09 09:41:21.149  1258  1258 I SoundTriggerHalHidl: getProperties res implementor DSP Group
07-09 09:41:21.149  1258  1258 I SoundTriggerHalHidl: getProperties ret 0
07-09 09:41:21.149  1258  1258 I SoundTriggerHwService: loaded default module DBMDX Sound Trigger HAL , handle 1
07-09 09:41:21.334  1396  1396 D PerMgrLib: QCRIL voting for modem
07-09 09:41:21.334   808   828 D PerMgrSrv: QCRIL voting for modem
07-09 09:41:21.334   808   828 D PerMgrSrv: modem num voters is 4
07-09 09:41:21.341  1396  1396 E QMI_FW  : QMUXD: WARNING qmi_qmux_if_pwr_up_init failed! rc=-6
07-09 09:41:21.359  1255  1255 E ActivityRecognitionHardware: activity_recognition HAL is deprecated. class_init is effectively a no-op
07-09 09:41:21.365  1396  1396 W libc    : Unable to set property "ro.vendor.ril.svlte1x" to "false": error code: 0xb
07-09 09:41:21.365  1396  1396 W libc    : Unable to set property "ro.vendor.ril.svdo" to "false": error code: 0xb
07-09 09:41:21.393  1255  1255 W Zygote  : Class not found for preloading: android.icu.impl.number.Parse
07-09 09:41:21.400  1255  1255 I zygote64: Thread[1,tid=1255,Native,Thread*=0x71afec2a00,peer=0x12c01f60,"main"] recursive attempt to load library "/system/lib64/libmedia_jni.so"
07-09 09:41:21.400  1255  1255 D MtpDeviceJNI: register_android_mtp_MtpDevice
07-09 09:41:21.401  1255  1255 I zygote64: Thread[1,tid=1255,Native,Thread*=0x71afec2a00,peer=0x12c01f60,"main"] recursive attempt to load library "/system/lib64/libmedia_jni.so"
07-09 09:41:21.401  1255  1255 I zygote64: Thread[1,tid=1255,Native,Thread*=0x71afec2a00,peer=0x12c01f60,"main"] recursive attempt to load library "/system/lib64/libmedia_jni.so"
07-09 09:41:21.480  1255  1255 I Zygote  : ...preloaded 4715 classes in 421ms.
07-09 09:41:21.480  1255  1255 I zygote64: VMRuntime.preloadDexCaches starting
07-09 09:41:21.511  1255  1255 I zygote64: VMRuntime.preloadDexCaches strings total=318957 before=10674 after=10674
07-09 09:41:21.511  1255  1255 I zygote64: VMRuntime.preloadDexCaches types total=27130 before=5682 after=5686
07-09 09:41:21.511  1255  1255 I zygote64: VMRuntime.preloadDexCaches fields total=129186 before=5527 after=5569
07-09 09:41:21.511  1255  1255 I zygote64: VMRuntime.preloadDexCaches methods total=228078 before=10185 after=10199
07-09 09:41:21.511  1255  1255 I zygote64: VMRuntime.preloadDexCaches finished
07-09 09:41:21.511  1255  1255 D         : Environment::getOverlayDir() = /vendor/package/Default/system/vendor/overlay
07-09 09:41:21.523  1451  1797 E QMI_FW  : QMUXD: WARNING qmi_qmux_if_pwr_up_init failed! rc=-6
07-09 09:41:21.575  1877  1877 I NetUtilsWrapper: Unexpected command: /system/bin/iptables -w -W 10000 -t mangle -A PREROUTING -m mark --mark 0x20 -j ACCEPT
07-09 09:41:21.585  1248  1345 E QC-time-services: Daemon:genoff_wlan_qmi_service_request: qmi_client_get_service_list returned -2num_services 0
07-09 09:41:21.589  1878  1878 I NetUtilsWrapper: Unexpected command: /system/bin/iptables -w -W 10000 -t mangle -D PREROUTING -m mark --mark 0x20 -j ACCEPT
07-09 09:41:21.671  1255  1255 I Zygote  : Preloading resources...
07-09 09:41:21.691  1255  1255 W Resources: Preloaded drawable resource #0x1080264 (android:drawable/dialog_background_material) that varies with configuration!!
07-09 09:41:21.702  1255  1255 I Zygote  : ...preloaded 64 resources in 32ms.
07-09 09:41:21.704  1255  1255 W Resources: Preloaded color resource #0x1060053 (android:color/btn_default_material_dark) that varies with configuration!!
07-09 09:41:21.705  1255  1255 I Zygote  : ...preloaded 41 resources in 2ms.
07-09 09:41:21.713  1255  1255 D libEGL  : loaded /vendor/lib64/egl/libEGL_adreno.so
07-09 09:41:21.717  1255  1255 D libEGL  : loaded /vendor/lib64/egl/libGLESv1_CM_adreno.so
07-09 09:41:21.726  1255  1255 D libEGL  : loaded /vendor/lib64/egl/libGLESv2_adreno.so
07-09 09:41:21.735  1255  1255 I Zygote  : Preloading shared libraries...
07-09 09:41:21.747  1255  1255 I Zygote  : Uninstalled ICU cache reference pinning...
07-09 09:41:21.748  1255  1255 I Zygote  : Installed AndroidKeyStoreProvider in 0ms.
07-09 09:41:21.754  1255  1255 I Zygote  : Warmed up JCA providers in 5ms.
07-09 09:41:21.754  1255  1255 D Zygote  : end preload
07-09 09:41:21.763  1255  1255 I zygote64: Explicit concurrent copying GC freed 30468(2MB) AllocSpace objects, 23(432KB) LOS objects, 49% free, 1555KB/3MB, paused 40us total 9.321ms
07-09 09:41:21.769  1268  1386 I ServiceManager: Waiting for service package_native...
07-09 09:41:21.772  1255  1255 I zygote64: Explicit concurrent copying GC freed 5435(198KB) AllocSpace objects, 0(0B) LOS objects, 52% free, 1388KB/2MB, paused 26us total 6.340ms
07-09 09:41:21.773  1255  1255 I zygote64: Global filter of size 170 installed
07-09 09:41:21.794  1255  1255 I Zygote  : System server process 1896 has been created
07-09 09:41:21.794  1255  1255 E Zygote  : couldn't write 1896 to /dev/memcg/system/tasks
07-09 09:41:21.797  1255  1255 I Zygote  : Accepting command socket connections
07-09 09:41:21.809  1896  1896 I Zygote  : Process: zygote socket zygote_secondary opened, supported ABIS: armeabi-v7a,armeabi
07-09 09:41:21.849  1371  1446 W slim_daemon: Waited one second for android.frameworks.sensorservice@1.0::ISensorManager/default. Waiting another...
07-09 09:41:21.878  1896  1896 I zygote64: The ClassLoaderContext is a special shared library.
07-09 09:41:21.894  1896  1896 I chatty  : uid=1000 system_server identical 208 lines
07-09 09:41:21.924  1896  1896 I SystemServer: InitBeforeStartServices
07-09 09:41:21.924  1896  1896 I SystemServer: Entered the Android system server!
07-09 09:41:22.048  1896  1896 I SystemServer: StartServices
07-09 09:41:22.048  1896  1896 I SystemServer: Reading configuration...
07-09 09:41:22.049  1896  1896 I SystemServer: ReadingSystemConfig
07-09 09:41:22.049  1896  1896 I SystemServer: StartInstaller
07-09 09:41:22.049  1896  1896 I SystemServiceManager: Starting com.android.server.pm.Installer
07-09 09:41:22.051  1261  1342 D installd: Found quota mount /dev/block/dm-2 at /data
07-09 09:41:22.052  1896  1896 I SystemServer: DeviceIdentifiersPolicyService
07-09 09:41:22.052  1896  1896 I SystemServiceManager: Starting com.android.server.os.DeviceIdentifiersPolicyService
07-09 09:41:22.053  1896  1896 I SystemServer: StartActivityManager
07-09 09:41:22.053  1896  1896 I SystemServiceManager: Starting com.android.server.am.ActivityManagerService$Lifecycle
07-09 09:41:22.067  1896  1896 I ActivityManager: Memory class: 256
07-09 09:41:22.077  1896  1896 D BatteryStatsImpl: Reading daily items from /data/system/batterystats-daily.xml
07-09 09:41:22.094  1896  1934 I chatty  : uid=1000(system) batterystats-wo expire 3 lines
07-09 09:41:22.094  1896  1927 W SystemConfig: Got exception parsing permissions.
07-09 09:41:22.094  1896  1927 W SystemConfig: org.xmlpull.v1.XmlPullParserException: expected: /privapp-permissions read: permissions (position:END_TAG </permissions>@429:15 in java.io.FileReader@3e9a711) 
07-09 09:41:22.094  1896  1927 W SystemConfig: 	at org.kxml2.io.KXmlParser.readEndTag(KXmlParser.java:998)
07-09 09:41:22.094  1896  1927 W SystemConfig: 	at org.kxml2.io.KXmlParser.next(KXmlParser.java:383)
07-09 09:41:22.094  1896  1927 W SystemConfig: 	at org.kxml2.io.KXmlParser.next(KXmlParser.java:321)
07-09 09:41:22.094  1896  1927 W SystemConfig: 	at com.android.internal.util.XmlUtils.nextElementWithin(XmlUtils.java:1583)
07-09 09:41:22.094  1896  1927 W SystemConfig: 	at com.android.server.SystemConfig.readPrivAppPermissions(SystemConfig.java:684)
07-09 09:41:22.094  1896  1927 W SystemConfig: 	at com.android.server.SystemConfig.readPermissionsFromXml(SystemConfig.java:585)
07-09 09:41:22.094  1896  1927 W SystemConfig: 	at com.android.server.SystemConfig.readPermissions(SystemConfig.java:299)
07-09 09:41:22.094  1896  1927 W SystemConfig: 	at com.android.server.SystemConfig.<init>(SystemConfig.java:233)
07-09 09:41:22.094  1896  1927 W SystemConfig: 	at com.android.server.SystemConfig.getInstance(SystemConfig.java:150)
07-09 09:41:22.094  1896  1927 W SystemConfig: 	at com.android.server.SystemServer.-com_android_server_SystemServer-mthref-0(SystemServer.java:510)
07-09 09:41:22.094  1896  1927 W SystemConfig: 	at com.android.server.-$Lambda$T7cKu_OKm_Fk2kBNthmo_uUJTSo.$m$0(Unknown Source:0)
07-09 09:41:22.094  1896  1927 W SystemConfig: 	at com.android.server.-$Lambda$T7cKu_OKm_Fk2kBNthmo_uUJTSo.run(Unknown Source:11)
07-09 09:41:22.094  1896  1927 W SystemConfig: 	at java.util.concurrent.Executors$RunnableAdapter.call(Executors.java:457)
07-09 09:41:22.094  1896  1927 W SystemConfig: 	at java.util.concurrent.FutureTask.run(FutureTask.java:266)
07-09 09:41:22.094  1896  1927 W SystemConfig: 	at java.util.concurrent.ThreadPoolExecutor.runWorker(ThreadPoolExecutor.java:1162)
07-09 09:41:22.094  1896  1927 W SystemConfig: 	at java.util.concurrent.ThreadPoolExecutor$Worker.run(ThreadPoolExecutor.java:636)
07-09 09:41:22.094  1896  1927 W SystemConfig: 	at com.android.internal.util.ConcurrentUtils$1$1.run(ConcurrentUtils.java:59)
07-09 09:41:22.097  1896  1934 E BatteryExternalStatsWorker: no controller energy info supplied for telephony
07-09 09:41:22.100  1896  1934 E KernelUidCpuFreqTimeReader: Failed to read /proc/uid_time_in_state: java.io.FileNotFoundException: /proc/uid_time_in_state (No such file or directory)
07-09 09:41:22.105  1896  1934 W KernelMemoryBandwidthStats: No kernel memory bandwidth stats available
07-09 09:41:22.146  1896  1896 I IntentFirewall: Read new rules (A:0 B:0 S:0)
07-09 09:41:22.156  1896  1896 D AppOps  : AppOpsService published
07-09 09:41:22.157  1896  1896 I SystemServer: StartPowerManager
07-09 09:41:22.157  1896  1896 I SystemServiceManager: Starting com.android.server.power.PowerManagerService
07-09 09:41:22.181   785   785 E QCOM PowerHAL: Failed to acquire lock.
07-09 09:41:22.181   785   785 I QTI PowerHAL: Got set_interactive hint
07-09 09:41:22.183  1896  1896 I SystemServer: InitPowerManagement
07-09 09:41:22.183  1896  1896 I SystemServer: StartRecoverySystemService
07-09 09:41:22.183  1896  1896 I SystemServiceManager: Starting com.android.server.RecoverySystemService
07-09 09:41:22.185  1896  1896 W RescueParty: Noticed 1 events for UID 0 in last 12 sec
07-09 09:41:22.185  1896  1896 I SystemServer: StartLightsService
07-09 09:41:22.185  1896  1896 I SystemServiceManager: Starting com.android.server.lights.LightsService
07-09 09:41:22.185  1896  1896 I SystemServer: StartDisplayManager
07-09 09:41:22.185  1896  1896 I SystemServiceManager: Starting com.android.server.display.DisplayManagerService
07-09 09:41:22.187  1896  1896 I SystemServer: WaitForDisplay
07-09 09:41:22.187  1896  1896 I SystemServiceManager: Starting phase 100
07-09 09:41:22.189   781   781 I SDM     : HWCDisplay::GetColorModeCount: Supported color mode count = 1
07-09 09:41:22.189   781   781 I SDM     : HWCDisplay::GetColorModes: Supports color mode[0] = 0
07-09 09:41:22.190   781   781 I SDM     : HWCDisplay::GetHdrCapabilities: HDR is not supported
07-09 09:41:22.190   781   781 I SDM     : HWCDisplay::GetHdrCapabilities: HDR is not supported
07-09 09:41:22.191  1896  1941 I DisplayManagerService: Display device added: DisplayDeviceInfo{"Built-in Screen": uniqueId="local:0", 1080 x 2160, modeId 1, defaultModeId 1, supportedModes [{id=1, width=1080, height=2160, fps=60.000004}], colorMode 0, supportedColorModes [0], HdrCapabilities android.view.Display$HdrCapabilities@1d6308, density 480, 391.885 x 386.366 dpi, appVsyncOff 1000000, presDeadline 16666666, touch INTERNAL, rotation 0, type BUILT_IN, state UNKNOWN, FLAG_DEFAULT_DISPLAY, FLAG_ROTATES_WITH_CONTENT, FLAG_SECURE, FLAG_SUPPORTS_PROTECTED_BUFFERS}
07-09 09:41:22.191   811   811 D SurfaceFlinger: Set power mode=2, type=0 flinger=0x71c825f000
07-09 09:41:22.193  1896  1941 I DisplayManagerService: Display device changed state: "Built-in Screen", ON
07-09 09:41:22.193  1896  1896 I SystemServer: Regionalization Service
07-09 09:41:22.194  1896  1896 I SystemServer: StartPackageManagerService
07-09 09:41:22.201  1896  1896 D SELinuxMMAC: Using policy file /system/etc/selinux/plat_mac_permissions.xml
07-09 09:41:22.203  1896  1896 D SELinuxMMAC: Using policy file /vendor/etc/selinux/nonplat_mac_permissions.xml
07-09 09:41:22.218  1896  1942 W ProcessCpuTracker: Skipping unknown process pid 1943
07-09 09:41:22.311  1375  1375 E QMI_FW  : QMUXD: WARNING qmi_qmux_if_pwr_up_init failed! rc=-6
07-09 09:41:22.334  1962  1962 I imsrcsd : Uce Service HAL  is starting up...
07-09 09:41:22.356  1896  1896 W PackageManager: Failed to parse /system/framework/arm64: Missing base APK in /system/framework/arm64
07-09 09:41:22.356  1896  1896 W PackageManager: Failed to parse /system/framework/arm: Missing base APK in /system/framework/arm
07-09 09:41:22.356  1896  1896 W PackageManager: Failed to parse /system/framework/oat: Missing base APK in /system/framework/oat
07-09 09:41:22.463  1896  1896 W PackageManager: Failed to scan /system/priv-app/Phonesky: Package com.android.vending at /system/priv-app/Phonesky ignored: updated version 81060800 better than this 80980700
07-09 09:41:22.475  1896  1896 W PackageManager: Failed to scan /system/priv-app/GmsCore: Package com.google.android.gms at /system/priv-app/GmsCore ignored: updated version 12685025 better than this 12221440
07-09 09:41:22.507  1961  1961 W ADebug  : Failed to get property persist.sys.media.traces
07-09 09:41:22.533  1961  1961 W ims_rtp_daemon: type=1400 audit(0.0:26): avc: denied { read write } for name="diag" dev="tmpfs" ino=15437 scontext=u:r:hal_imsrtp:s0 tcontext=u:object_r:diag_device:s0 tclass=chr_file permissive=0
07-09 09:41:22.535  1896  1896 W PackageManager: Failed to scan /system/app/PlayAutoInstallConfig: Package android.autoinstalls.config.gm.gm9pro at /system/app/PlayAutoInstallConfig ignored: updated version 1002 better than this 1
07-09 09:41:22.535  1896  1896 W PackageManager: Failed to parse /system/app/PhotoTable: /system/app/PhotoTable/PhotoTable.apk (at Binary XML file line #10): Requires development platform 23+ but this is a release platform.
07-09 09:41:22.545  1961  1961 E Diag_Lib:  Diag_LSM_Init: Failed to open handle to diag driver, error = 13
07-09 09:41:22.545  1961  1961 E RTPServiceImpl:  Couldn't register with Diag LSM, errno: 25
07-09 09:41:22.545  1961  1961 E RTPServiceImpl: qpLogDiagInit <== result : 0; log_write_mutex is Initialized
07-09 09:41:22.545  1961  1961 E RTPServiceImpl: [IMS_AP_RTP]"RTP Daemon bLogRTPMsgs 1, bLogRTPDataMsgs 1, bLogAdbMsgs 0"
07-09 09:41:22.545  1961  1961 E RTPServiceImpl: [IMS_AP_RTP]"RTP Daemon main entry : 3e9"
07-09 09:41:22.545  1961  1961 E Diag_Lib: [IMS_AP_RTP]"qvp_rtp_task_init"
07-09 09:41:22.546  1961  1961 E RTPServiceImpl: [IMS_AP_RTP]"ims-rtp-daemon listen done"
07-09 09:41:22.546  1961  1961 E RTPServiceImpl: [IMS_AP_RTP]"ims-rtp-daemon qmi_rtp_register_service >"
07-09 09:41:22.546  1961  2005 E Diag_Lib: DPL : gIsQXDMDisabled 0, gIsADBDisabled 1, gIsDebugDisabled 0, gIsIMSLogsDisabled 0 gIsDebugDataPathDisabled = 0
07-09 09:41:22.546  1961  2005 E Diag_Lib: [IMS_FATAL]| 2005 |qpNetSetReadFds - DataD IPC socket not available
07-09 09:41:22.546  1961  2005 E Diag_Lib: [IMS_FATAL]| 2005 |qpCheckSockEventsOnNetConnProfiles : pNetConnProfileArray NULL
07-09 09:41:22.547  1961  2005 E Diag_Lib: qvp_rtp_h264_profile_init rateadaptEnabled =15
07-09 09:41:22.547  1961  1961 E RTPServiceImpl: [IMS_AP_RTP]"ims-rtp-daemon qmi_rtp_register_service rc : 0"
07-09 09:41:22.547  1961  1961 E RTPServiceImpl: [IMS_AP_RTP]"ims-rtp-daemon qmi_rtp_register_service service_cookie.service_handle : 0x1"
07-09 09:41:22.547  1961  1961 E RTPServiceImpl: [IMS_AP_RTP]"HIDL Service is starting."
07-09 09:41:22.547  1961  1961 E Diag_Lib: bLogRTPMSgs =1,rtpdata=1,adblog=0
07-09 09:41:22.547  1961  1961 E RTPServiceImpl: [IMS_AP_RTP]"RTPService callback Registraton"
07-09 09:41:22.547  1961  2007 E RTPServiceImpl: [IMS_AP_RTP]"ms-rtp-daemon ims_rtp_qmi_handler_thread_func >"
07-09 09:41:22.549  1961  1961 E RTPServiceImpl: [IMS_AP_RTP]"[ION_RTP]Device open success"
07-09 09:41:22.558  1961  2010 E RTPServiceImpl: [IMS_AP_RTP]"QmiOttLoop : ims_rtp_qmi_ott_init failed....."
07-09 09:41:22.558  1961  2005 E Diag_Lib: [IMS_FATAL]| 2005 |qpCheckSockEventsOnNetConnProfiles : pNetConnProfileArray NULL
07-09 09:41:22.594  1896  1896 I PackageManager: Finished scanning system apps. Time: 258 ms, packageCount: 164 , timePerPackage: 1 , cached: 167
07-09 09:41:22.632  1896  2017 W PackageParser: Unknown element under <manifest>: meta-data at /data/app/bubbleshooter.orig-sqWqslalFzmUL_N9Dp-7Xw==/base.apk Binary XML file line #26
07-09 09:41:22.636  1896  2017 W PackageParser: Unknown element under <application>: intent-filter at /data/app/bubbleshooter.orig-sqWqslalFzmUL_N9Dp-7Xw==/base.apk Binary XML file line #148
07-09 09:41:22.656  1896  1896 I PackageManager: Finished scanning non-system apps. Time: 62 ms, packageCount: 15 , timePerPackage: 4 , cached: 13
07-09 09:41:22.657  1896  1896 E PackageManager: updateAllSharedLibrariesLPw failed: Package com.qualcomm.qcrilmsgtunnel requires unavailable shared library android.hidl.manager@1.0-java; failing!
07-09 09:41:22.657  1896  1896 E PackageManager: updateAllSharedLibrariesLPw failed: Package com.qualcomm.qti.uim requires unavailable shared library com.qualcomm.qti.uim.uimservicelibrary; failing!
07-09 09:41:22.661  1896  1896 I PackageManager: Time to scan packages: 0.325 seconds
07-09 09:41:22.662  1896  1896 I PackageManager: Un-granting permission android.permission.INSTALL_GRANT_RUNTIME_PERMISSIONS from package com.android.vending (protectionLevel=770 flags=0x384abec5)
07-09 09:41:22.662  1896  1896 I PackageManager: Un-granting permission android.permission.GRANT_RUNTIME_PERMISSIONS from package com.android.vending (protectionLevel=770 flags=0x384abec5)
07-09 09:41:22.662  1896  1896 I PackageManager: Un-granting permission android.permission.REVOKE_RUNTIME_PERMISSIONS from package com.android.vending (protectionLevel=770 flags=0x384abec5)
07-09 09:41:22.662  1896  1896 I PackageManager: Un-granting permission android.permission.SET_PREFERRED_APPLICATIONS from package com.android.vending (protectionLevel=514 flags=0x384abec5)
07-09 09:41:22.662  1896  1896 I PackageManager: Un-granting permission android.permission.ACCESS_INSTANT_APPS from package com.android.vending (protectionLevel=770 flags=0x384abec5)
07-09 09:41:22.663  1896  1896 I PackageManager: Un-granting permission android.permission.CLEAR_APP_USER_DATA from package com.google.android.packageinstaller (protectionLevel=258 flags=0x38483e45)
07-09 09:41:22.663  1896  1896 I PackageManager: Un-granting permission android.permission.GRANT_RUNTIME_PERMISSIONS from package com.google.android.packageinstaller (protectionLevel=770 flags=0x38483e45)
07-09 09:41:22.663  1896  1896 I PackageManager: Un-granting permission android.permission.REVOKE_RUNTIME_PERMISSIONS from package com.google.android.packageinstaller (protectionLevel=770 flags=0x38483e45)
07-09 09:41:22.663  1896  1896 I PackageManager: Un-granting permission android.permission.INSTALL_GRANT_RUNTIME_PERMISSIONS from package com.google.android.packageinstaller (protectionLevel=770 flags=0x38483e45)
07-09 09:41:22.663  1896  1896 I PackageManager: Un-granting permission android.permission.KILL_UID from package com.google.android.packageinstaller (protectionLevel=258 flags=0x38483e45)
07-09 09:41:22.663  1896  1896 I PackageManager: Un-granting permission android.permission.MANAGE_APP_OPS_RESTRICTIONS from package com.google.android.packageinstaller (protectionLevel=258 flags=0x38483e45)
07-09 09:41:22.663  1896  1896 I PackageManager: Un-granting permission android.permission.HIDE_NON_SYSTEM_OVERLAY_WINDOWS from package com.google.android.packageinstaller (protectionLevel=258 flags=0x38483e45)
07-09 09:41:22.663  1896  1896 I PackageManager: Un-granting permission android.permission.ACCESS_INSTANT_APPS from package com.google.android.packageinstaller (protectionLevel=770 flags=0x38483e45)
07-09 09:41:22.665  1896  1896 V PackageManager: reconcileAppsData for null u0 0x3 migrateAppData=true
07-09 09:41:22.667  1896  1896 W PackageManager: Destroying /data/user/0/media due to: com.android.server.pm.PackageManagerException: Package media is unknown
07-09 09:41:22.677  1261  1342 I SELinux : SELinux: Loaded file_contexts
07-09 09:41:22.769  1268  1386 I ServiceManager: Waiting for service package_native...
07-09 09:41:22.835  1896  1896 V PackageManager: reconcileAppsData finished 30 packages
07-09 09:41:22.850  1371  1446 W slim_daemon: Waited one second for android.frameworks.sensorservice@1.0::ISensorManager/default. Waiting another...
07-09 09:41:22.873  1261  1261 W installd: Ignoring /data/data/com.generalmobile.app.gmfilemanager/lib with unexpected GID 0 instead of 10089
07-09 09:41:22.879  1261  1261 W installd: Ignoring /data/data/com.android.vending/lib with unexpected GID 0 instead of 10026
07-09 09:41:22.927  1261  1261 W installd: Ignoring /data/data/com.android.chrome/lib with unexpected GID 0 instead of 10059
07-09 09:41:22.930  1261  1261 W installd: Ignoring /data/data/com.google.android.tts/lib with unexpected GID 0 instead of 10064
07-09 09:41:22.947  1261  1261 W installd: Ignoring /data/data/com.google.android.videos/lib with unexpected GID 0 instead of 10099
07-09 09:41:22.949  1261  1261 W installd: Ignoring /data/data/com.google.android.apps.translate/lib with unexpected GID 0 instead of 10102
07-09 09:41:22.951  1261  1261 W installd: Ignoring /data/data/bubbleshooter.orig/lib with unexpected GID 0 instead of 10106
07-09 09:41:22.966  1896  1896 I SystemServer: StartOtaDexOptService
07-09 09:41:22.967  1896  1896 D OTADexopt: No upgrade, skipping A/B artifacts check.
07-09 09:41:22.967  1896  1896 I SystemServer: StartUserManagerService
07-09 09:41:22.967  1896  1896 I SystemServiceManager: Starting com.android.server.pm.UserManagerService$LifeCycle
07-09 09:41:22.967  1896  1896 I SystemServer: InitAttributerCache
07-09 09:41:22.967  1896  1896 I SystemServer: SetSystemProcess
07-09 09:41:22.972   810   810 I lowmemorykiller: ActivityManager connected
07-09 09:41:22.976  1896  1896 I SystemServer: StartOverlayManagerService
07-09 09:41:22.978  1896  1896 I SystemServer: StartDropBoxManager
07-09 09:41:22.978  1896  1896 I SystemServiceManager: Starting com.android.server.DropBoxManagerService
07-09 09:41:22.978  1896  2062 I chatty  : uid=1000 system_server expire 3 lines
07-09 09:41:22.979  1896  1896 I SystemServer: StartBatteryService
07-09 09:41:22.979  1896  1896 I SystemServiceManager: Starting com.android.server.BatteryService
07-09 09:41:22.983   786   786 W qti_sensors_hal: sensors_get_sensors_list: handle 59 is not registered!
07-09 09:41:22.983   786   786 W qti_sensors_hal: sensors_get_sensors_list: handle 60 is not registered!
07-09 09:41:22.983   786   786 W qti_sensors_hal: sensors_get_sensors_list: handle 4 is not registered!
07-09 09:41:22.983   786   786 W qti_sensors_hal: sensors_get_sensors_list: handle 10 is not registered!
07-09 09:41:22.983   786   786 W qti_sensors_hal: sensors_get_sensors_list: handle 16 is not registered!
07-09 09:41:22.983   786   786 W qti_sensors_hal: sensors_get_sensors_list: handle 84 is not registered!
07-09 09:41:22.983   786   786 W qti_sensors_hal: sensors_get_sensors_list: handle 85 is not registered!
07-09 09:41:22.983   786   786 W qti_sensors_hal: sensors_get_sensors_list: handle 26 is not registered!
07-09 09:41:22.983   786   786 W qti_sensors_hal: sensors_get_sensors_list: handle 31 is not registered!
07-09 09:41:22.983   786   786 W qti_sensors_hal: sensors_get_sensors_list: handle 34 is not registered!
07-09 09:41:22.983   786   786 W qti_sensors_hal: sensors_get_sensors_list: handle 64 is not registered!
07-09 09:41:22.983   786   786 W qti_sensors_hal: sensors_get_sensors_list: handle 65 is not registered!
07-09 09:41:22.983   786   786 W qti_sensors_hal: sensors_get_sensors_list: handle 67 is not registered!
07-09 09:41:22.983   786   786 W qti_sensors_hal: sensors_get_sensors_list: handle 86 is not registered!
07-09 09:41:22.983   786   786 W qti_sensors_hal: sensors_get_sensors_list: handle 5 is not registered!
07-09 09:41:22.983   786   786 W qti_sensors_hal: sensors_get_sensors_list: handle 6 is not registered!
07-09 09:41:22.983   786   786 W qti_sensors_hal: sensors_get_sensors_list: handle 7 is not registered!
07-09 09:41:22.983   786   786 W qti_sensors_hal: sensors_get_sensors_list: handle 8 is not registered!
07-09 09:41:22.983   786   786 W qti_sensors_hal: sensors_get_sensors_list: handle 27 is not registered!
07-09 09:41:22.983   786   786 W qti_sensors_hal: sensors_get_sensors_list: handle 28 is not registered!
07-09 09:41:22.983   786   786 W qti_sensors_hal: sensors_get_sensors_list: handle 29 is not registered!
07-09 09:41:22.983   786   786 W qti_sensors_hal: sensors_get_sensors_list: handle 39 is not registered!
07-09 09:41:22.983   786   786 W qti_sensors_hal: sensors_get_sensors_list: handle 40 is not registered!
07-09 09:41:22.983   786   786 W qti_sensors_hal: sensors_get_sensors_list: handle 43 is not registered!
07-09 09:41:22.983   786   786 W qti_sensors_hal: sensors_get_sensors_list: handle 45 is not registered!
07-09 09:41:22.983   786   786 W qti_sensors_hal: sensors_get_sensors_list: handle 46 is not registered!
07-09 09:41:22.983   786   786 W qti_sensors_hal: sensors_get_sensors_list: handle 47 is not registered!
07-09 09:41:22.983   786   786 W qti_sensors_hal: sensors_get_sensors_list: handle 48 is not registered!
07-09 09:41:22.983   786   786 W qti_sensors_hal: sensors_get_sensors_list: handle 49 is not registered!
07-09 09:41:22.983   786   786 W qti_sensors_hal: sensors_get_sensors_list: handle 53 is not registered!
07-09 09:41:22.983   786   786 W qti_sensors_hal: sensors_get_sensors_list: handle 62 is not registered!
07-09 09:41:22.983   786   786 W qti_sensors_hal: sensors_get_sensors_list: handle 13 is not registered!
07-09 09:41:22.983   786   786 W qti_sensors_hal: sensors_get_sensors_list: handle 14 is not registered!
07-09 09:41:22.983   786   786 W qti_sensors_hal: sensors_get_sensors_list: handle 17 is not registered!
07-09 09:41:22.983   786   786 W qti_sensors_hal: sensors_get_sensors_list: handle 66 is not registered!
07-09 09:41:22.983   786   786 W qti_sensors_hal: sensors_get_sensors_list: handle 18 is not registered!
07-09 09:41:22.983   786   786 W qti_sensors_hal: sensors_get_sensors_list: handle 19 is not registered!
07-09 09:41:22.983   786   786 W qti_sensors_hal: sensors_get_sensors_list: handle 20 is not registered!
07-09 09:41:22.983   786   786 W qti_sensors_hal: sensors_get_sensors_list: handle 68 is not registered!
07-09 09:41:22.983   786   786 W qti_sensors_hal: sensors_get_sensors_list: handle 69 is not registered!
07-09 09:41:22.983   786   786 W qti_sensors_hal: sensors_get_sensors_list: handle 70 is not registered!
07-09 09:41:22.985  1896  1896 I SystemServer: StartUsageService
07-09 09:41:22.985  1896  1896 I SystemServiceManager: Starting com.android.server.usage.UsageStatsService
07-09 09:41:22.985  1896  1934 E BatteryExternalStatsWorker: no controller energy info supplied for telephony
07-09 09:41:22.986  1896  1915 I chatty  : uid=1000(system) Binder:1896_2 expire 1 line
07-09 09:41:22.987  1896  1934 E KernelUidCpuFreqTimeReader: Failed to read /proc/uid_time_in_state: java.io.FileNotFoundException: /proc/uid_time_in_state (No such file or directory)
07-09 09:41:22.988   786   786 E         : IGNORED register_direct_channel(mem=0x0, handle=-1) call to non-API-compliant sensor
07-09 09:41:22.992  1896  1934 E KernelUidCpuFreqTimeReader: Failed to read /proc/uid_time_in_state: java.io.FileNotFoundException: /proc/uid_time_in_state (No such file or directory)
07-09 09:41:22.996  1896  2067 I chatty  : uid=1000(system) SensorService expire 1 line
07-09 09:41:22.999   884   884 I Atfwd_Daemon: 
07-09 09:41:22.999   884   884 I Atfwd_Daemon:  Out of sleep...
07-09 09:41:22.999   884   884 I Atfwd_Daemon: 
07-09 09:41:22.999   884   884 I Atfwd_Daemon: 
07-09 09:41:22.999   884   884 I Atfwd_Daemon:  TrtyInit: retryCnt: 2
07-09 09:41:23.001  1896  1896 I SystemServer: StartWebViewUpdateService
07-09 09:41:23.001  1896  2066 I chatty  : uid=1000(system) SensorEventAckR expire 1 line
07-09 09:41:23.005  1896  1896 I SystemServiceManager: Starting com.android.server.webkit.WebViewUpdateService
07-09 09:41:23.008  1896  1896 I SystemServer: StartKeyAttestationApplicationIdProviderService
07-09 09:41:23.008  1896  1927 I SystemServer: SecondaryZygotePreload
07-09 09:41:23.009  1896  1896 I SystemServer: StartKeyChainSystemService
07-09 09:41:23.009  1896  1896 I SystemServiceManager: Starting com.android.server.security.KeyChainSystemService
07-09 09:41:23.009  1896  1896 I SystemServer: StartSchedulingPolicyService
07-09 09:41:23.012  1896  1896 I SystemServer: StartTelecomLoaderService
07-09 09:41:23.012  1896  1896 I SystemServiceManager: Starting com.android.server.telecom.TelecomLoaderService
07-09 09:41:23.012  1896  1896 I SystemServer: StartTelephonyRegistry
07-09 09:41:23.015  1896  1896 I SystemServer: StartEntropyMixer
07-09 09:41:23.015  1896  1930 W ProcessCpuTracker: Skipping unknown process pid 2065
07-09 09:41:23.016  1896  1896 I EntropyMixer: Writing entropy...
07-09 09:41:23.019  1896  1927 I chatty  : uid=1000 system_server expire 2 lines
07-09 09:41:23.023  1896  1896 I SystemServer: StartAccountManagerService
07-09 09:41:23.024  1896  1896 I SystemServiceManager: Starting com.android.server.accounts.AccountManagerService$Lifecycle
07-09 09:41:23.030  1256  1256 I Zygote  : Lazily preloading resources.
07-09 09:41:23.030  1896  1896 I SystemServer: StartContentService
07-09 09:41:23.030  1256  1256 D Zygote  : begin preload
07-09 09:41:23.030  1256  1256 I Zygote  : Installing ICU cache reference pinning...
07-09 09:41:23.030  1256  1256 I Zygote  : Preloading ICU data...
07-09 09:41:23.038  1896  1896 I SystemServiceManager: Starting com.android.server.content.ContentService$Lifecycle
07-09 09:41:23.039  1896  1896 I SystemServer: InstallSystemProviders
07-09 09:41:23.044  1256  1256 I Zygote  : Preloading classes...
07-09 09:41:23.075  1896  1896 I SystemServer: StartVibratorService
07-09 09:41:23.081  1896  1896 I SystemServer: StartConsumerIrService
07-09 09:41:23.082   592   592 W /system/bin/hwservicemanager: getTransport: Cannot find entry android.hardware.ir@1.0::IConsumerIr/default in either framework or device manifest.
07-09 09:41:23.083  1896  1896 I SystemServer: StartAlarmManagerService
07-09 09:41:23.084  1896  1896 I SystemServiceManager: Starting com.android.server.AlarmManagerService
07-09 09:41:23.088  1896  1896 I SystemServer: InitWatchdog
07-09 09:41:23.089  1896  1896 I SystemServer: StartInputManagerService
07-09 09:41:23.089  1896  1896 I InputManager: Initializing input manager, mUseDevInputEventForAudioJack=true
07-09 09:41:23.091  1896  1896 I SystemServer: StartWindowManagerService
07-09 09:41:23.103  1896  1941 I WindowManager: No existing display settings /data/system/display_settings.xml; starting empty
07-09 09:41:23.128  1896  1931 V WindowManager: Broadcasting Intent for HDMI HPD :false
07-09 09:41:23.131  1896  1896 I SystemServer: StartVrManagerService
07-09 09:41:23.131  1896  1896 I SystemServiceManager: Starting com.android.server.vr.VrManagerService
07-09 09:41:23.134   592   592 W /system/bin/hwservicemanager: getTransport: Cannot find entry android.hardware.vr@1.0::IVr/default in either framework or device manifest.
07-09 09:41:23.134  1371  1446 E slim_daemon: Could not unregister service notification for android.frameworks.sensorservice@1.0::ISensorManager/default.
07-09 09:41:23.135  1896  1896 I SystemServer: SetWindowManagerService
07-09 09:41:23.138  1896  2103 I chatty  : uid=1000(system) hidl_ssvc_poll expire 1 line
07-09 09:41:23.139  1896  1896 I SystemServer: StartInputManager
07-09 09:41:23.139  1896  1896 I InputManager: Starting input manager
07-09 09:41:23.139  1371  1446 E slim_daemon: [NDK] bindNDKSensors: Found Sensor Name: BMI120 Accelerometer Vendor: BOSCH Type: android.sensor.accelerometer (1) Min Delay: 5000 us handle: 1
07-09 09:41:23.139  1371  1446 E slim_daemon: [NDK] bindNDKSensors: Found Sensor Name: BMI120 Gyroscope Uncalibrated Vendor: BOSCH Type: android.sensor.gyroscope_uncalibrated (16) Min Delay: 5000 us handle: 6
07-09 09:41:23.139  1371  1446 E slim_daemon: [NDK] bindNDKSensors: Found Sensor Name: AK09918 Magnetometer Vendor: AKM Type: android.sensor.magnetic_field (2) Min Delay: 20000 us handle: 3
07-09 09:41:23.139  1371  1446 E slim_daemon: [NDK] bindNDKSensors: Found Sensor Name: AK09918 Magnetometer Uncalibrated Vendor: AKM Type: android.sensor.magnetic_field_uncalibrated (14) Min Delay: 20000 us handle: 4
07-09 09:41:23.139  1371  1371 I slim_daemon: [SLIM] slim_ProviderConfigure: Updated available providers for service 0: 00000003.
07-09 09:41:23.139  1371  1371 I slim_daemon: [QMISLIM] slim_QSQmiSvcTask_HandleIpc: IPC_SLIM_QS_TO_TASK_SLIM_CALLBACK_MSG
07-09 09:41:23.139  1371  1371 I slim_daemon: [QMISLIM] QSQmiSvcClt_HandleSlimIndication: INDICATION: status=0 msg=2
07-09 09:41:23.139  1371  1371 I slim_daemon: [SLIM] slim_ProviderConfigure: Updated available providers for service 2: 00000003.
07-09 09:41:23.139  1371  1371 I slim_daemon: [QMISLIM] slim_QSQmiSvcTask_HandleIpc: IPC_SLIM_QS_TO_TASK_SLIM_CALLBACK_MSG
07-09 09:41:23.139  1371  1371 I slim_daemon: [QMISLIM] QSQmiSvcClt_HandleSlimIndication: INDICATION: status=0 msg=2
07-09 09:41:23.140  1371  1371 I slim_daemon: [SLIM] slim_ProviderConfigure: Updated available providers for service 13: 00000003.
07-09 09:41:23.140  1371  1371 I slim_daemon: [QMISLIM] slim_QSQmiSvcTask_HandleIpc: IPC_SLIM_QS_TO_TASK_SLIM_CALLBACK_MSG
07-09 09:41:23.140  1371  1371 I slim_daemon: [QMISLIM] QSQmiSvcClt_HandleSlimIndication: INDICATION: status=0 msg=2
07-09 09:41:23.140  1371  1371 I slim_daemon: [SLIM] slim_ProviderConfigure: Updated available providers for service 14: 00000003.
07-09 09:41:23.140  1371  1371 I slim_daemon: [QMISLIM] slim_QSQmiSvcTask_HandleIpc: IPC_SLIM_QS_TO_TASK_SLIM_CALLBACK_MSG
07-09 09:41:23.140  1371  1371 I slim_daemon: [QMISLIM] QSQmiSvcClt_HandleSlimIndication: INDICATION: status=0 msg=2
07-09 09:41:23.140  1896  1896 I SystemServer: DisplayManagerWindowManagerAndInputReady
07-09 09:41:23.140  1896  1896 I SystemServer: StartBluetoothService
07-09 09:41:23.141  1896  1896 I SystemServiceManager: Starting com.android.server.BluetoothService
07-09 09:41:23.142  1896  1896 D BluetoothManagerService: Loading stored name and address
07-09 09:41:23.142  1896  1896 D BluetoothManagerService: Stored bluetooth Name=GM 9 Pro d,Address=B8:DE:5E:13:56:B1
07-09 09:41:23.142  1896  1896 D BluetoothManagerService: Bluetooth persisted state: 0
07-09 09:41:23.143  1896  1896 I SystemServer: IpConnectivityMetrics
07-09 09:41:23.143  1896  1896 I SystemServiceManager: Starting com.android.server.connectivity.IpConnectivityMetrics
07-09 09:41:23.143  1896  1896 I SystemServer: PinnerService
07-09 09:41:23.143  1896  1896 I SystemServiceManager: Starting com.android.server.PinnerService
07-09 09:41:23.144  1256  1256 E ActivityRecognitionHardware: activity_recognition HAL is deprecated. class_init is effectively a no-op
07-09 09:41:23.144  1896  2106 I chatty  : uid=1000(system) InputReader expire 41 lines
07-09 09:41:23.145  1896  1896 I SystemServer: StartInputMethodManagerLifecycle
07-09 09:41:23.145  1896  1896 I SystemServiceManager: Starting com.android.server.InputMethodManagerService$Lifecycle
07-09 09:41:23.153  1896  1896 I SystemServer: StartAccessibilityManagerService
07-09 09:41:23.155  1256  1256 W Zygote  : Class not found for preloading: android.icu.impl.number.Parse
07-09 09:41:23.156  1896  1896 I SystemServer: MakeDisplayReady
07-09 09:41:23.159  1896  1896 I ActivityManager: Config changes=5df8 {1.0 ?mcc?mnc [en_IN] ldltr sw360dp w360dp h720dp 480dpi nrml long port ?uimode ?night -touch -keyb/v/h -nav/h appBounds=Rect(0, 0 - 1080, 2160) s.2}
07-09 09:41:23.164  1896  1896 I ActivityManager: Override config changes=40007dfc {1.0 ?mcc?mnc [en_IN] ldltr sw360dp w360dp h720dp 480dpi nrml long port ?uimode ?night -touch -keyb/v/h -nav/h appBounds=Rect(0, 0 - 1080, 2160) s.2} for displayId=0
07-09 09:41:23.165  1256  1256 I zygote  : Thread[1,tid=1256,Native,Thread*=0xec00f000,peer=0x12d80088,"main"] recursive attempt to load library "/system/lib/libmedia_jni.so"
07-09 09:41:23.166  1256  1256 D MtpDeviceJNI: register_android_mtp_MtpDevice
07-09 09:41:23.166  1256  1256 I zygote  : Thread[1,tid=1256,Native,Thread*=0xec00f000,peer=0x12d80088,"main"] recursive attempt to load library "/system/lib/libmedia_jni.so"
07-09 09:41:23.166  1256  1256 I zygote  : Thread[1,tid=1256,Native,Thread*=0xec00f000,peer=0x12d80088,"main"] recursive attempt to load library "/system/lib/libmedia_jni.so"
07-09 09:41:23.198  1896  1929 I UsageStatsService: User[0] Rollover scheduled @ 2018-07-09 16:51:25(1531135285200)
07-09 09:41:23.204  1896  2105 I ActivityManager: Config changes=408 {1.0 ?mcc?mnc [en_IN] ldltr sw360dp w360dp h648dp 480dpi nrml long port ?uimode ?night finger -keyb/v/h -nav/h appBounds=Rect(0, 0 - 1080, 2016) s.3}
07-09 09:41:23.208  1896  2105 I ActivityManager: Override config changes=408 {1.0 ?mcc?mnc [en_IN] ldltr sw360dp w360dp h648dp 480dpi nrml long port ?uimode ?night finger -keyb/v/h -nav/h appBounds=Rect(0, 0 - 1080, 2016) s.3} for displayId=0
07-09 09:41:23.212  1896  1896 I SystemServer: StartStorageManagerService
07-09 09:41:23.213  1896  1896 I SystemServiceManager: Starting com.android.server.StorageManagerService$Lifecycle
07-09 09:41:23.217  1896  1896 I SystemServer: StartStorageStatsService
07-09 09:41:23.218  1896  1896 I SystemServiceManager: Starting com.android.server.usage.StorageStatsService$Lifecycle
07-09 09:41:23.218  1896  2107 D StorageManagerService: Thinking about init, mSystemReady=false, mDaemonConnected=true
07-09 09:41:23.218  1896  2107 D StorageManagerService: Thinking about reset, mSystemReady=false, mDaemonConnected=true
07-09 09:41:23.218  1896  2107 D StorageManagerService: Thinking about init, mSystemReady=false, mDaemonConnected=true
07-09 09:41:23.218  1896  2107 D StorageManagerService: Thinking about reset, mSystemReady=false, mDaemonConnected=true
07-09 09:41:23.218  1896  2107 D CryptdConnector: SND -> {1 cryptfs getfield SystemLocale}
07-09 09:41:23.220  1261  2025 D installd: Found quota mount /dev/block/dm-2 at /data
07-09 09:41:23.220  1261  2025 E installd: Failed to enable USRQUOTA on /dev/block/dm-2: File exists
07-09 09:41:23.220  1261  2025 E installd: Failed to enable GRPQUOTA on /dev/block/dm-2: File exists
07-09 09:41:23.220  1261  2025 D installd: Found quota mount /dev/block/dm-2 at /data
07-09 09:41:23.220  1261  2025 E installd: Failed to enable USRQUOTA on /dev/block/dm-2: File exists
07-09 09:41:23.220  1261  2025 E installd: Failed to enable GRPQUOTA on /dev/block/dm-2: File exists
07-09 09:41:23.221  1896  1896 I SystemServer: StartUiModeManager
07-09 09:41:23.222  1896  1896 I SystemServiceManager: Starting com.android.server.UiModeManagerService
07-09 09:41:23.223  1896  2061 I ActivityManager: Config changes=200 {1.0 ?mcc?mnc [en_IN] ldltr sw360dp w360dp h648dp 480dpi nrml long port finger -keyb/v/h -nav/h appBounds=Rect(0, 0 - 1080, 2016) s.4}
07-09 09:41:23.223  1896  1896 I SystemServer: UpdatePackagesIfNeeded
07-09 09:41:23.223  1896  1896 I SystemServer: PerformFstrimIfNeeded
07-09 09:41:23.224  1896  1896 I SystemServer: StartLockSettingsService
07-09 09:41:23.224  1896  1896 I SystemServiceManager: Starting com.android.server.locksettings.LockSettingsService$Lifecycle
07-09 09:41:23.231  1896  2061 I ActivityManager: Override config changes=200 {1.0 ?mcc?mnc [en_IN] ldltr sw360dp w360dp h648dp 480dpi nrml long port finger -keyb/v/h -nav/h appBounds=Rect(0, 0 - 1080, 2016) s.4} for displayId=0
07-09 09:41:23.236  1896  1896 I SystemServer: StartPersistentDataBlock
07-09 09:41:23.236  1896  1896 I SystemServiceManager: Starting com.android.server.PersistentDataBlockService
07-09 09:41:23.237  1896  1896 I SystemServer: StartOemLockService
07-09 09:41:23.237  1896  1896 I SystemServiceManager: Starting com.android.server.oemlock.OemLockService
07-09 09:41:23.239   592   592 W /system/bin/hwservicemanager: getTransport: Cannot find entry android.hardware.oemlock@1.0::IOemLock/default in either framework or device manifest.
07-09 09:41:23.240  1896  1896 I OemLock : OemLock HAL not present on device
07-09 09:41:23.240  1896  1896 I OemLock : Using persistent data block based lock
07-09 09:41:23.241  1896  1896 I SystemServer: StartDeviceIdleController
07-09 09:41:23.241  1896  1896 I SystemServiceManager: Starting com.android.server.DeviceIdleController
07-09 09:41:23.244  1896  1896 I SystemServer: StartDevicePolicyManager
07-09 09:41:23.244  1896  1896 I SystemServiceManager: Starting com.android.server.devicepolicy.DevicePolicyManagerService$Lifecycle
07-09 09:41:23.245  1896  2109 D CryptdConnector: RCV <- {113 1 en-IN}
07-09 09:41:23.246  1896  2109 D CryptdConnector: RCV <- {200 1 0}
07-09 09:41:23.246  1896  2107 D StorageManagerService: Got locale en-IN from mount service
07-09 09:41:23.246  1256  1256 I Zygote  : ...preloaded 4715 classes in 203ms.
07-09 09:41:23.246  1256  1256 I zygote  : VMRuntime.preloadDexCaches starting
07-09 09:41:23.247  1896  2107 I ActivityManager: Config changes=100 {1.0 ?mcc?mnc [en_IN] ldltr sw360dp w360dp h648dp 480dpi nrml long port finger -keyb/v/h -nav/h appBounds=Rect(0, 0 - 1080, 2016) s.5}
07-09 09:41:23.251  1896  2107 I ActivityManager: Override config changes=100 {1.0 ?mcc?mnc [en_IN] ldltr sw360dp w360dp h648dp 480dpi nrml long port finger -keyb/v/h -nav/h appBounds=Rect(0, 0 - 1080, 2016) s.5} for displayId=0
07-09 09:41:23.253  1896  2107 D StorageManagerService: Setting system properties to en-IN from mount service
07-09 09:41:23.253  1896  1941 I ActivityManager: Config changes=100 {1.0 ?mcc?mnc [en_IN] ldltr sw360dp w360dp h648dp 480dpi nrml long port finger -keyb/v/h -nav/h appBounds=Rect(0, 0 - 1080, 2016) s.6}
07-09 09:41:23.259  1896  2107 W StorageManagerService: No primary storage mounted!
07-09 09:41:23.259  1896  1941 I ActivityManager: Override config changes=100 {1.0 ?mcc?mnc [en_IN] ldltr sw360dp w360dp h648dp 480dpi nrml long port finger -keyb/v/h -nav/h appBounds=Rect(0, 0 - 1080, 2016) s.6} for displayId=0
07-09 09:41:23.259  1896  2107 D VoldConnector: SND -> {1 asec list}
07-09 09:41:23.261  1896  2108 D VoldConnector: RCV <- {200 1 asec operation succeeded}
07-09 09:41:23.262  1896  1896 I SystemServer: StartStatusBarManagerService
07-09 09:41:23.262  1896  2107 I chatty  : uid=1000(system) StorageManagerS expire 3 lines
07-09 09:41:23.264  1896  1896 I SystemServer: StartClipboardService
07-09 09:41:23.264  1896  1896 I SystemServiceManager: Starting com.android.server.clipboard.ClipboardService
07-09 09:41:23.266  1896  1896 I SystemServer: StartNetworkManagementService
07-09 09:41:23.268  1896  2115 I NetworkManagement: onDaemonConnected()
07-09 09:41:23.270  1896  1896 I SystemServer: StartTextServicesManager
07-09 09:41:23.271  1896  1896 I SystemServiceManager: Starting com.android.server.TextServicesManagerService$Lifecycle
07-09 09:41:23.282  1256  1256 I zygote  : VMRuntime.preloadDexCaches strings total=318957 before=10674 after=10674
07-09 09:41:23.282  1256  1256 I zygote  : VMRuntime.preloadDexCaches types total=27130 before=5682 after=5686
07-09 09:41:23.282  1256  1256 I zygote  : VMRuntime.preloadDexCaches fields total=129186 before=5527 after=5569
07-09 09:41:23.282  1256  1256 I zygote  : VMRuntime.preloadDexCaches methods total=228078 before=10185 after=10199
07-09 09:41:23.282  1256  1256 I zygote  : VMRuntime.preloadDexCaches finished
07-09 09:41:23.282  1256  1256 D         : Environment::getOverlayDir() = /vendor/package/Default/system/vendor/overlay
07-09 09:41:23.325  1896  1896 W TextServicesManagerService: no available spell checker services found
07-09 09:41:23.325  1896  1896 I SystemServer: StartNetworkScoreService
07-09 09:41:23.327  1896  1896 I SystemServer: StartNetworkStatsService
07-09 09:41:23.327  1896  2107 W StorageManagerService: No primary storage mounted!
07-09 09:41:23.327  1896  2107 D VoldConnector: SND -> {2 asec list}
07-09 09:41:23.328  1896  2108 D VoldConnector: RCV <- {200 2 asec operation succeeded}
07-09 09:41:23.330  1256  1256 I Zygote  : Preloading resources...
07-09 09:41:23.331  1896  1896 I SystemServer: StartNetworkPolicyManagerService
07-09 09:41:23.335  1896  1896 I SystemServer: StartWifi
07-09 09:41:23.338  1256  1256 W Resources: Preloaded drawable resource #0x1080264 (android:drawable/dialog_background_material) that varies with configuration!!
07-09 09:41:23.344  1896  1896 I SystemServiceManager: Starting com.android.server.wifi.WifiService
07-09 09:41:23.355  1256  1256 I Zygote  : ...preloaded 64 resources in 24ms.
