07-09 09:41:30.177  2313  2313 D SST     : updateSpnDisplay: radio is on but out of service, set plmn='No service'
07-09 09:41:30.177  2313  2313 D SST     : updateSpnDisplay: changed sending intent rule=0 showPlmn='true' plmn='No service' showSpn='false' spn='' dataSpn='' subId='2147483644'
07-09 09:41:30.179  2313  2313 D SubscriptionController: [setCarrierText]+ text:No service subId:2147483644
07-09 09:41:30.180  1271  1568 I RILQ    : (0/1271):RIL[0][(1271,1568)] qcril_qmi_nas_evaluate_custom_emergency_numbers_for_card: cur_status 1024, card_state 3
07-09 09:41:30.180  1271  1568 I RILQ    : (0/1271):RIL[0][(1271,1568)] qcril_qmi_nas_evaluate_custom_emergency_numbers_for_card: card_mcc 404, card_mnc 49
07-09 09:41:30.180  2313  2332 D QtiSubscriptionController: getPhoneId, received dummy subId 2147483643
07-09 09:41:30.180  1271  1568 E RILQ    : (0/1271): RIL[0][(1271,1568)] get_ecc_property_name: ecc list name : ril.ecclist.
07-09 09:41:30.180  2313  2313 D SubscriptionController: notifySubscriptionInfoChanged:
07-09 09:41:30.182  2313  2640 D SubscriptionController: [getActiveSubInfoList] Sub Controller not ready
07-09 09:41:30.182  2313  2332 D SubscriptionController: [getPhoneId]- no sims, returning default phoneId=0
07-09 09:41:30.182  2313  2313 D TelephonyManager: setTelephonyProperty: success phoneId=1 property=gsm.operator.alpha value:  propVal=,
07-09 09:41:30.183  1271  1568 I RILQ    : (0/1271):RIL[0][(1271,1568)] qcril_qmi_nas_evaluate_custom_emergency_numbers_for_card: cur_status 1024, card_state 3
07-09 09:41:30.183  1271  1568 I RILQ    : (0/1271):RIL[0][(1271,1568)] qcril_qmi_nas_evaluate_custom_emergency_numbers_for_card: card_mcc 404, card_mnc 49
07-09 09:41:30.183  2313  2313 D TelephonyManager: setTelephonyProperty: success phoneId=1 property=gsm.operator.numeric value:  propVal=,
07-09 09:41:30.184  1271  1568 E RILQ    : (0/1271): RIL[0][(1271,1568)] get_ecc_property_name: ecc list name : ril.ecclist.
07-09 09:41:30.184  2313  2313 D SST     : operatorNumeric  is invalid
07-09 09:41:30.184  2313  2313 D TelephonyManager: setTelephonyProperty: success phoneId=1 property=gsm.operator.iso-country value:  propVal=,
07-09 09:41:30.186  2313  2332 D QtiSubscriptionController: getPhoneId, received dummy subId 2147483643
07-09 09:41:30.186  2313  2313 D TelephonyManager: setTelephonyProperty: success phoneId=1 property=gsm.operator.isroaming value: false propVal=false,false
07-09 09:41:30.187  2313  2313 D SST     : Broadcasting ServiceState : {mVoiceRegState=1(OUT_OF_SERVICE), mDataRegState=1(OUT_OF_SERVICE), mVoiceRoamingType=home, mDataRoamingType=home, mVoiceOperatorAlphaLong=, mVoiceOperatorAlphaShort=, mDataOperatorAlphaLong=, mDataOperatorAlphaShort=, isManualNetworkSelection=false(automatic), mRilVoiceRadioTechnology=0(Unknown), mRilDataRadioTechnology=0(Unknown), mCssIndicator=unsupported, mNetworkId=-1, mSystemId=-1, mCdmaRoamingIndicator=-1, mCdmaDefaultRoamingIndicator=-1, mIsEmergencyOnly=false, mIsDataRoamingFromRegistration=false, mIsUsingCarrierAggregation=false, mLteEarfcnRsrpBoost=0}
07-09 09:41:30.187  2313  2313 D DefaultPhoneNotifier: nofityServiceState: mRegistry=com.android.internal.telephony.ITelephonyRegistry$Stub$Proxy@a88e6cd ss={mVoiceRegState=1(OUT_OF_SERVICE), mDataRegState=1(OUT_OF_SERVICE), mVoiceRoamingType=home, mDataRoamingType=home, mVoiceOperatorAlphaLong=, mVoiceOperatorAlphaShort=, mDataOperatorAlphaLong=, mDataOperatorAlphaShort=, isManualNetworkSelection=false(automatic), mRilVoiceRadioTechnology=0(Unknown), mRilDataRadioTechnology=0(Unknown), mCssIndicator=unsupported, mNetworkId=-1, mSystemId=-1, mCdmaRoamingIndicator=-1, mCdmaDefaultRoamingIndicator=-1, mIsEmergencyOnly=false, mIsDataRoamingFromRegistration=false, mIsUsingCarrierAggregation=false, mLteEarfcnRsrpBoost=0} sender=Handler (com.qualcomm.qti.internal.telephony.QtiGsmCdmaPhone) {6e344ef} phondId=1 subId=2147483644
07-09 09:41:30.188  2313  2332 D SubscriptionController: [getActiveSubInfoList] Sub Controller not ready
07-09 09:41:30.189  2313  2425 D RILJ    : Unsol response received; Sending ack to ril.cpp [SUB0]
07-09 09:41:30.189  2313  2425 D RILJ    : [UNSL]< UNSOL_RESPONSE_NETWORK_STATE_CHANGED [SUB0]
07-09 09:41:30.190  1271  1568 I RILQ    : (0/1271):RIL[0][(1271,1568)] qcril_qmi_nas_reset_data_snapshot_cache_and_timer: Resetting snapshot timer
07-09 09:41:30.190  2313  2425 D RILJ    : Unsol response received; Sending ack to ril.cpp [SUB0]
07-09 09:41:30.190  2313  2425 V RILJ    : [UNSL]< UNSOL_OEM_HOOK_RAW 514f454d484f4f4bfa0308000100000000 [SUB0]
07-09 09:41:30.190  2313  2425 D RILJ    : [3779]< SIM_IO error 43 [SUB0]
07-09 09:41:30.190  2313  2425 D RilRequest: [3779]< SIM_IO error: com.android.internal.telephony.CommandException: SIM_ERR ret=IccIoResult sw1:0x6a sw2:0x82 Error: File not found
07-09 09:41:30.191  2313  2313 D QtiSubscriptionController: getPhoneId, received dummy subId 2147483643
07-09 09:41:30.192  2313  2425 D RILJ    : Unsol response received; Sending ack to ril.cpp [SUB0]
07-09 09:41:30.192  2313  2425 D RILJ    : [UNSL]< UNSOL_RESPONSE_NETWORK_STATE_CHANGED [SUB0]
07-09 09:41:30.192  2290  2290 D use-Rlog/RLOG-QC_RIL_OEM_HOOK: Received Broadcast Intent ACTION_UNSOL_RESPONSE_OEM_HOOK_RAW
07-09 09:41:30.193  2290  2290 D use-Rlog/RLOG-QC_RIL_OEM_HOOK: Oem ID in QCRILHOOK UNSOL RESP is QOEMHOOK
07-09 09:41:30.193  1271  1568 I RILQ    : (0/1271):RIL[0][(1271,1568)] qcril_qmi_nas_evaluate_custom_emergency_numbers_for_card: cur_status 1024, card_state 3
07-09 09:41:30.193  1271  1568 I RILQ    : (0/1271):RIL[0][(1271,1568)] qcril_qmi_nas_evaluate_custom_emergency_numbers_for_card: card_mcc 404, card_mnc 49
07-09 09:41:30.194  2313  2332 D SubscriptionController: [getActiveSubInfoList] Sub Controller not ready
07-09 09:41:30.194  1271  1568 E RILQ    : (0/1271): RIL[0][(1271,1568)] get_ecc_property_name: ecc list name : ril.ecclist.
07-09 09:41:30.195  2313  2332 D SubscriptionController: [getPhoneId]- no sims, returning default phoneId=0
07-09 09:41:30.196  2313  2425 D RILJ    : Unsol response received; Sending ack to ril.cpp [SUB0]
07-09 09:41:30.197  2313  2425 V RILJ    : [UNSL]< UNSOL_OEM_HOOK_RAW 514f454d484f4f4bfa0308000100000000 [SUB0]
07-09 09:41:30.197  2313  3256 D SubscriptionController: [getActiveSubInfoList] Sub Controller not ready
07-09 09:41:30.198  2313  2425 D RILJ    : Unsol response received; Sending ack to ril.cpp [SUB0]
07-09 09:41:30.198  2313  2425 D RILJ    : [UNSL]< UNSOL_RESPONSE_NETWORK_STATE_CHANGED [SUB0]
07-09 09:41:30.198  2290  2290 D use-Rlog/RLOG-QC_RIL_OEM_HOOK: Received Broadcast Intent ACTION_UNSOL_RESPONSE_OEM_HOOK_RAW
07-09 09:41:30.199  2290  2290 D use-Rlog/RLOG-QC_RIL_OEM_HOOK: Oem ID in QCRILHOOK UNSOL RESP is QOEMHOOK
07-09 09:41:30.201  2313  3256 D SubscriptionController: [getActiveSubInfoList] Sub Controller not ready
07-09 09:41:30.205  2313  2313 D GsmCdmaCallTracker: Event EVENT_POLL_CALLS_RESULT Received
07-09 09:41:30.205  2313  2313 D GsmCdmaCallTracker: [GsmCdmaCallTracker] update phone state, old=IDLE new=IDLE
07-09 09:41:30.205  2313  2313 D SST     : EVENT_POLL_STATE_NETWORK_SELECTION_MODE
07-09 09:41:30.205  2313  2313 D RIL_ImsSms: IMS is NOT registered!
07-09 09:41:30.205  2313  2313 D GsmCdmaCallTracker: Event EVENT_POLL_CALLS_RESULT Received
07-09 09:41:30.205  2313  2313 D GsmCdmaCallTracker: [GsmCdmaCallTracker] update phone state, old=IDLE new=IDLE
07-09 09:41:30.205  2313  2313 D QtiGsmCdmaPhone: handleMessage: Event: 40
07-09 09:41:30.205  2313  2313 D GsmCdmaPhone: [GsmCdmaPhone] EVENT_REQUEST_VOICE_RADIO_TECH_DONE: newVoiceTech=4
07-09 09:41:30.205  2313  2313 D GsmCdmaPhone: [GsmCdmaPhone] phoneObjectUpdater: newVoiceRadioTech=4
07-09 09:41:30.205  2313  2313 D GsmCdmaPhone: [GsmCdmaPhone] Switching Voice Phone : GSM >>> CDMA
07-09 09:41:30.205  2313  2313 D GsmCdmaPhone: [GsmCdmaPhone] Precise phone type 6
07-09 09:41:30.205  2313  2313 D CdmaSSM : getcdmasubscriptionSource: 0
07-09 09:41:30.205  2313  2313 D RILJ    : setPhoneType=2 old value=1 [SUB1]
07-09 09:41:30.205  2313  2313 D TelephonyManager: setTelephonyProperty: success phoneId=1 property=gsm.current.phone-type value: 2 propVal=1,2
07-09 09:41:30.207  2313  2313 D IccCardProxy: Setting radio tech 1xRTT
07-09 09:41:30.207  2313  2313 D CdmaSSM : getcdmasubscriptionSource: 0
07-09 09:41:30.207  2313  2313 D IccCardProxy: updateQuietMode: no changes don't setExternalState
07-09 09:41:30.207  2313  2313 D IccCardProxy: updateQuietMode: QuietMode is false (app_type=2 cdmaSource=0)
07-09 09:41:30.207  2313  2313 D GsmCdmaPhone: [GsmCdmaPhone] init: operatorAlpha='' operatorNumeric=''
07-09 09:41:30.207  2313  2313 D GsmCdmaPhone: [GsmCdmaPhone] CDMAPhone: updateCurrentCarrierInProvider called
07-09 09:41:30.207  2313  2313 D CdmaSSM : getcdmasubscriptionSource: 0
07-09 09:41:30.207  2313  2425 D RILJ    : [3780]< SIM_IO error 43 [SUB0]
07-09 09:41:30.207  2313  2313 D SST     : getOtasp: otasp uninitialized due to sim not loaded
07-09 09:41:30.207  2313  2425 D RilRequest: [3780]< SIM_IO error: com.android.internal.telephony.CommandException: SIM_ERR ret=IccIoResult sw1:0x6a sw2:0x82 Error: File not found
07-09 09:41:30.207  2313  2313 D TelephonyManager: setTelephonyProperty: success phoneId=1 property=gsm.network.type value: Unknown propVal=Unknown,Unknown
07-09 09:41:30.208  2313  3256 D SubscriptionController: [getActiveSubInfoList] Sub Controller not ready
07-09 09:41:30.209  2313  2313 D RILJ    : [3800]> SIGNAL_STRENGTH [SUB1]
07-09 09:41:30.209  2313  2313 D SST     : notifyDataRegStateRilRadioTechnologyChanged: drs=1 rat=0
07-09 09:41:30.209  2313  2313 D TelephonyManager: setTelephonyProperty: success phoneId=1 property=gsm.network.type value: Unknown propVal=Unknown,Unknown
07-09 09:41:30.210  2313  2425 D RILJ    : [3800]< SIGNAL_STRENGTH SignalStrength: 0 0 0 0 0 0 0 0 0 0 0 0 0 0 cdma [SUB1]
07-09 09:41:30.210  2313  2313 D GsmCdmaPhone: [GsmCdmaPhone] can't find 3GPP2 application; trying APP_FAM_3GPP
07-09 09:41:30.211  2313  2313 D GsmCdmaCallTracker: reset
07-09 09:41:30.211  2313  2313 D GsmCdmaCallTracker: [GsmCdmaCallTracker] update phone state, old=IDLE new=IDLE
07-09 09:41:30.211  2313  2313 D RILJ    : [3801]> GET_CURRENT_CALLS [SUB1]
07-09 09:41:30.212  2313  2313 D RILJ    : [3802]> BASEBAND_VERSION [SUB1]
07-09 09:41:30.212  2313  2313 D RILJ    : [3803]> RIL_REQUEST_DEVICE_IDENTITY [SUB1]
07-09 09:41:30.213  2313  2313 D RILJ    : [3804]> RIL_REQUEST_GET_RADIO_CAPABILITY [SUB1]
07-09 09:41:30.214  2313  2425 D RILJ    : [3801]< GET_CURRENT_CALLS {} [SUB1]
07-09 09:41:30.214  2313  2313 D RILJ    : [3805]> RIL_REQUEST_START_LCE reportIntervalMs = 200 pullMode = true [SUB1]
07-09 09:41:30.215  2313  2313 D RILJ    : [3806]> RIL_REQUEST_VOICE_RADIO_TECH [SUB1]
07-09 09:41:30.215  2313  2313 D CdmaSSM : getcdmasubscriptionSource: 0
07-09 09:41:30.216  2313  2313 D IccCardProxy: Setting radio tech CDMA-IS95A
07-09 09:41:30.216  2313  2313 D CdmaSSM : getcdmasubscriptionSource: 0
07-09 09:41:30.216  2313  2313 D IccCardProxy: updateQuietMode: no changes don't setExternalState
07-09 09:41:30.216  2313  2313 D IccCardProxy: updateQuietMode: QuietMode is false (app_type=2 cdmaSource=0)
07-09 09:41:30.216  2313  2425 D RILJ    : [3781]< SIM_IO IccIoResult sw1:0x90 sw2:0x0 [SUB0]
07-09 09:41:30.217  2313  2313 D use-Rlog/RLOG-QC_RIL_OEM_HOOK: Received Broadcast Intent ACTION_UNSOL_RESPONSE_OEM_HOOK_RAW
07-09 09:41:30.217  2313  2313 D use-Rlog/RLOG-QC_RIL_OEM_HOOK: Oem ID in QCRILHOOK UNSOL RESP is QOEMHOOK
07-09 09:41:30.217  2313  2313 D use-Rlog/RLOG-QC_RIL_OEM_HOOK: Received Broadcast Intent ACTION_UNSOL_RESPONSE_OEM_HOOK_RAW
07-09 09:41:30.218  2313  2313 D use-Rlog/RLOG-QC_RIL_OEM_HOOK: Oem ID in QCRILHOOK UNSOL RESP is QOEMHOOK
07-09 09:41:30.218  2313  2313 D RIL_ImsSms: IMS is NOT registered!
07-09 09:41:30.218  2313  2313 D use-Rlog/RLOG-QC_RIL_OEM_HOOK: Received Broadcast Intent ACTION_UNSOL_RESPONSE_OEM_HOOK_RAW
07-09 09:41:30.218  2313  2313 D use-Rlog/RLOG-QC_RIL_OEM_HOOK: Oem ID in QCRILHOOK UNSOL RESP is QOEMHOOK
07-09 09:41:30.218  2313  2313 D QtiGsmCdmaPhone: handleMessage: Event: 40
07-09 09:41:30.218  2313  2313 D GsmCdmaPhone: [GsmCdmaPhone] EVENT_REQUEST_VOICE_RADIO_TECH_DONE: newVoiceTech=3
07-09 09:41:30.218  2313  2313 D GsmCdmaPhone: [GsmCdmaPhone] phoneObjectUpdater: newVoiceRadioTech=3
07-09 09:41:30.218  2313  2313 D GsmCdmaPhone: [GsmCdmaPhone] phoneObjectUpdater: No change ignore, newVoiceRadioTech=3 mActivePhone=GSM
07-09 09:41:30.218  2313  2313 D SST     : EVENT_POLL_STATE_NETWORK_SELECTION_MODE
07-09 09:41:30.218  2313  2313 D use-Rlog/RLOG-QC_RIL_OEM_HOOK: Received Broadcast Intent ACTION_UNSOL_RESPONSE_OEM_HOOK_RAW
07-09 09:41:30.218  2313  2313 D use-Rlog/RLOG-QC_RIL_OEM_HOOK: Oem ID in QCRILHOOK UNSOL RESP is QOEMHOOK
07-09 09:41:30.218  2313  2313 D use-Rlog/RLOG-QC_RIL_OEM_HOOK: Received Broadcast Intent ACTION_UNSOL_RESPONSE_OEM_HOOK_RAW
07-09 09:41:30.218  2313  2313 D use-Rlog/RLOG-QC_RIL_OEM_HOOK: Oem ID in QCRILHOOK UNSOL RESP is QOEMHOOK
07-09 09:41:30.218  2313  2425 D RILJ    : convertHalRadioCapability: session=0, phase=0, rat=81928, logicModemUuid=1, status=1 [SUB1]
07-09 09:41:30.219  2313  2425 D RILJ    : [3804]< RIL_REQUEST_GET_RADIO_CAPABILITY {mPhoneId = 1 mVersion=1 mSession=0 mPhase=0 mRadioAccessFamily=81928 mLogicModemId=1 mStatus=1} [SUB1]
07-09 09:41:30.219  2313  2313 D use-Rlog/RLOG-QC_RIL_OEM_HOOK: Received Broadcast Intent ACTION_UNSOL_RESPONSE_OEM_HOOK_RAW
07-09 09:41:30.219  2313  2313 D use-Rlog/RLOG-QC_RIL_OEM_HOOK: Oem ID in QCRILHOOK UNSOL RESP is QOEMHOOK
07-09 09:41:30.219  2313  2313 D use-Rlog/RLOG-QC_RIL_OEM_HOOK: Received Broadcast Intent ACTION_UNSOL_RESPONSE_OEM_HOOK_RAW
07-09 09:41:30.219  2313  2313 D use-Rlog/RLOG-QC_RIL_OEM_HOOK: Oem ID in QCRILHOOK UNSOL RESP is QOEMHOOK
07-09 09:41:30.219  2313  2425 D RILJ    : [3802]< BASEBAND_VERSION 660_GEN_PACK-1.153823.1.154414.1 [SUB1]
07-09 09:41:30.219  2313  2313 D use-Rlog/RLOG-QC_RIL_OEM_HOOK: Received Broadcast Intent ACTION_UNSOL_RESPONSE_OEM_HOOK_RAW
07-09 09:41:30.219  2313  2313 D use-Rlog/RLOG-QC_RIL_OEM_HOOK: Oem ID in QCRILHOOK UNSOL RESP is QOEMHOOK
07-09 09:41:30.219  2313  2425 D RILJ    : [3806]< RIL_REQUEST_VOICE_RADIO_TECH {4} [SUB1]
07-09 09:41:30.219  2313  2313 D use-Rlog/RLOG-QC_RIL_OEM_HOOK: Received Broadcast Intent ACTION_UNSOL_RESPONSE_OEM_HOOK_RAW
07-09 09:41:30.219  2313  2313 D use-Rlog/RLOG-QC_RIL_OEM_HOOK: Oem ID in QCRILHOOK UNSOL RESP is QOEMHOOK
07-09 09:41:30.219  2313  2313 D use-Rlog/RLOG-QC_RIL_OEM_HOOK: Received Broadcast Intent ACTION_UNSOL_RESPONSE_OEM_HOOK_RAW
07-09 09:41:30.219  2313  2313 D use-Rlog/RLOG-QC_RIL_OEM_HOOK: Oem ID in QCRILHOOK UNSOL RESP is QOEMHOOK
07-09 09:41:30.219  2313  2313 D SST     : EVENT_POLL_STATE_NETWORK_SELECTION_MODE
07-09 09:41:30.219  2313  2313 D SubscriptionController: [getPhoneId]- no sims, returning default phoneId=0
07-09 09:41:30.220  2313  2313 D PhoneSwitcher: handle event - 110
07-09 09:41:30.220  2313  2313 D SST     : handlPollStateResultMessage: GsmSST setDataRegState=1 regState=0 dataRadioTechnology=0
07-09 09:41:30.220  2313  2313 D SST     : handlPollVoiceRegResultMessage: regState=2 radioTechnology=0
07-09 09:41:30.220  2313  2313 D SST     : EVENT_POLL_STATE_NETWORK_SELECTION_MODE
07-09 09:41:30.220  2313  2313 D QtiSubscriptionController: getPhoneId, received dummy subId 2147483643
07-09 09:41:30.221  2313  2313 D SST     : Poll ServiceState done:  oldSS=[{mVoiceRegState=1(OUT_OF_SERVICE), mDataRegState=1(OUT_OF_SERVICE), mVoiceRoamingType=home, mDataRoamingType=home, mVoiceOperatorAlphaLong=, mVoiceOperatorAlphaShort=, mDataOperatorAlphaLong=, mDataOperatorAlphaShort=, isManualNetworkSelection=false(automatic), mRilVoiceRadioTechnology=0(Unknown), mRilDataRadioTechnology=0(Unknown), mCssIndicator=unsupported, mNetworkId=-1, mSystemId=-1, mCdmaRoamingIndicator=-1, mCdmaDefaultRoamingIndicator=-1, mIsEmergencyOnly=false, mIsDataRoamingFromRegistration=false, mIsUsingCarrierAggregation=false, mLteEarfcnRsrpBoost=0}] newSS=[{mVoiceRegState=1(OUT_OF_SERVICE), mDataRegState=1(OUT_OF_SERVICE), mVoiceRoamingType=home, mDataRoamingType=home, mVoiceOperatorAlphaLong=, mVoiceOperatorAlphaShort=, mDataOperatorAlphaLong=, mDataOperatorAlphaShort=, isManualNetworkSelection=false(automatic), mRilVoiceRadioTechnology=0(Unknown), mRilDataRadioTechnology=0(Unknown), mCssIndicator=unsupported, mNetworkId=-1, mSystemId=-1, mCdmaRoamingIndicator=-1, mCdmaDefaultRoamingIndicator=-1, mIsEmergencyOnly=false, mIsDataRoamingFromRegistration=false, mIsUsingCarrierAggregation=false, mLteEarfcnRsrpBoost=0}] oldMaxDataCalls=20 mNewMaxDataCalls=20 oldReasonDataDenied=0 mNewReasonDataDenied=0
07-09 09:41:30.221  2313  2313 D SST     : pollStateDone: hasRegistered=false hasDeregistered=false hasDataAttached=false hasDataDetached=false hasDataRegStateChanged=false hasRilVoiceRadioTechnologyChanged= false hasRilDataRadioTechnologyChanged=false hasChanged=false hasVoiceRoamingOn=false hasVoiceRoamingOff=false hasDataRoamingOn=false hasDataRoamingOff=false hasLocationChanged=false has4gHandoff = false hasMultiApnSupport=false hasLostMultiApnSupport=false
07-09 09:41:30.222  2313  2313 D SIMRecords: [SIMRecords] IMSI: mMncLength=-1
07-09 09:41:30.222  2313  2313 D SIMRecords: [SIMRecords] IMSI: 404490[****]
07-09 09:41:30.223  2313  2313 D SIMRecords: [SIMRecords] onRecordLoaded 23 requested: true
07-09 09:41:30.223  2313  2425 D RILJ    : [3805]< RIL_REQUEST_START_LCE [1, 0] [SUB1]
07-09 09:41:30.223  2313  2425 D RILJ    : [3782]< SIM_IO IccIoResult sw1:0x90 sw2:0x0 [SUB0]
07-09 09:41:30.223  2313  2313 D RILJ    : [3807]> iccIO: SIM_IO command = 0xb0 fileId = 0x2fe2 path = 3F00 p1 = 0 p2 = 0 p3 =  data = null aid = a0000000871002ff86ffff89ffffffff [SUB0]
07-09 09:41:30.224  2313  2313 D RILJ    : [3808]> iccIO: SIM_IO command = 0xb2 fileId = 0x6f40 path = 3F007FFF p1 = 1 p2 = 4 p3 =  data = null aid = a0000000871002ff86ffff89ffffffff [SUB0]
07-09 09:41:30.224  2313  2313 E UsimFH  : exception caught from EVENT_GET_RECORD_SIZE
07-09 09:41:30.225  2313  2313 D RILJ    : [3809]> iccIO: SIM_IO command = 0xb0 fileId = 0x6fad path = 3F007FFF p1 = 0 p2 = 0 p3 =  data = null aid = a0000000871002ff86ffff89ffffffff [SUB0]
07-09 09:41:30.225  2313  2313 E UsimFH  : exception caught from EVENT_GET_RECORD_SIZE
07-09 09:41:30.225  2313  2313 D QtiGsmCdmaPhone: handleMessage: Event: 29
07-09 09:41:30.225  2313  2313 D QtiGsmCdmaPhone: handleMessage: Event: 29
07-09 09:41:30.225  2313  2313 I GsmCdmaPhone: [GsmCdmaPhone] processIccRecordEvents: EVENT_CFI
07-09 09:41:30.225  2313  2313 D QtiGsmCdmaPhone: ProvisionStatus: 1 phone id:0
07-09 09:41:30.226  2313  2313 D DefaultPhoneNotifier: notifyCallForwardingChanged: subId=2147483643, isCFActive=false
07-09 09:41:30.226  2313  2313 D QtiGsmCdmaPhone: ProvisionStatus: 1 phone id:0
07-09 09:41:30.226  2313  2425 D RILJ    : [3803]< RIL_REQUEST_DEVICE_IDENTITY {865843024980077, 00, 00000000, 00000000000000} [SUB1]
07-09 09:41:30.228  2313  2313 D QtiSubscriptionController: getPhoneId, received dummy subId 2147483643
07-09 09:41:30.228  2313  2425 D RILJ    : [3807]< SIM_IO IccIoResult sw1:0x90 sw2:0x0 [SUB0]
07-09 09:41:30.230  2313  2313 D IccCardProxy: setExternalState: !override and newstate unchanged from READY
07-09 09:41:30.230  2313  2313 D CAT     : CatService: handleMessage[2]
07-09 09:41:30.230  2313  2313 D CAT     : CatService: ril message arrived,slotid:0
07-09 09:41:30.230  2313  2425 D RILJ    : [3808]< SIM_IO IccIoResult sw1:0x90 sw2:0x0 [SUB0]
07-09 09:41:30.231  2313  2425 D RILJ    : [3809]< SIM_IO IccIoResult sw1:0x90 sw2:0x0 [SUB0]
07-09 09:41:30.231  2313  3253 D CAT     : CommandParamsFactory: process SelectItem
07-09 09:41:30.232  2313  2425 D RILJ    : [3786]< SIM_IO IccIoResult sw1:0x90 sw2:0x0 [SUB0]
07-09 09:41:30.235  2313  2313 D RILJ    : [3810]> iccIO: SIM_IO command = 0xb0 fileId = 0x6f46 path = 3F007FFF p1 = 0 p2 = 0 p3 =  data = null aid = a0000000871002ff86ffff89ffffffff [SUB0]
07-09 09:41:30.236  2313  2313 D SubscriptionInfoUpdater: [Receiver]+
07-09 09:41:30.236  2313  2313 D SubscriptionInfoUpdater: Action: android.intent.action.SIM_STATE_CHANGED
07-09 09:41:30.236  2313  2313 D SubscriptionInfoUpdater: slotIndex: 0
07-09 09:41:30.236  2313  2313 D SubscriptionInfoUpdater: simStatus: READY
07-09 09:41:30.236  2313  2313 D SubscriptionInfoUpdater: Ignoring simStatus: READY
07-09 09:41:30.236  2313  2313 D SubscriptionInfoUpdater: [Receiver]-
07-09 09:41:30.236  2313  2313 D PhoneSwitcher: mSimStateIntentReceiver: phoneId = 0 value = READY
07-09 09:41:30.236  2313  2313 D PhoneSwitcher: SIM READY for phoneId: 0
07-09 09:41:30.237  2313  2425 D RILJ    : [3810]< SIM_IO IccIoResult sw1:0x90 sw2:0x0 [SUB0]
07-09 09:41:30.238  2313  2313 D SST     : pollState: modemTriggered=false
07-09 09:41:30.239  2313  2313 D RILJ    : [3811]> OPERATOR [SUB0]
07-09 09:41:30.239  2313  2313 D RILJ    : [3812]> DATA_REGISTRATION_STATE [SUB0]
07-09 09:41:30.240  2313  2313 D RILJ    : [3813]> VOICE_REGISTRATION_STATE [SUB0]
07-09 09:41:30.240  2313  2313 D RILJ    : [3814]> QUERY_NETWORK_SELECTION_MODE [SUB0]
07-09 09:41:30.241  2313  2425 D RILJ    : [3811]< OPERATOR {IND airtel, airtel, 40449} [SUB0]
07-09 09:41:30.243  2313  2313 D IccCardProxy: setExternalState: !override and newstate unchanged from ABSENT
07-09 09:41:30.244  2313  2313 D RILJ    : [3815]> iccIO: SIM_IO command = 0xb2 fileId = 0x6fc5 path = 3F007FFF p1 = 1 p2 = 4 p3 =  data = null aid = a0000000871002ff86ffff89ffffffff [SUB0]
07-09 09:41:30.244  2313  2313 D RILJ    : [3816]> iccIO: SIM_IO command = 0xb0 fileId = 0x6f38 path = 3F007FFF p1 = 0 p2 = 0 p3 =  data = null aid = a0000000871002ff86ffff89ffffffff [SUB0]
07-09 09:41:30.245  2313  2313 D RILJ    : [3817]> iccIO: SIM_IO command = 0xb0 fileId = 0x6f60 path = 3F007FFF p1 = 0 p2 = 0 p3 =  data = null aid = a0000000871002ff86ffff89ffffffff [SUB0]
07-09 09:41:30.245  2313  2313 D SAT     : [0]onSimAbsent, reset activation state to UNKNOWN
07-09 09:41:30.245  2313  2313 D SAT     : [0]setVoiceActivationState=0
07-09 09:41:30.246  2313  2425 D RILJ    : [3812]< DATA_REGISTRATION_STATE {.regState = REG_HOME, .rat = 14, .reasonDataDenied = 0, .maxDataCalls = 20, .cellIdentity = {.cellInfoType = LTE, .cellIdentityGsm = [], .cellIdentityWcdma = [], .cellIdentityCdma = [], .cellIdentityLte = [{.mcc = 404, .mnc = 49, .ci = 231622669, .pci = 338, .tac = 50302, .earfcn = 1276}], .cellIdentityTdscdma = []}} [SUB0]
07-09 09:41:30.246  2313  2313 D SAT     : [0]setDataActivationState=0
07-09 09:41:30.246  2313  2425 D RILJ    : Unsol response received; Sending ack to ril.cpp [SUB0]
07-09 09:41:30.246  2313  2425 D RILJ    : [UNSL]< UNSOL_RESPONSE_NETWORK_STATE_CHANGED [SUB0]
07-09 09:41:30.247  2313  2313 D SAT     : [1]onSimAbsent, reset activation state to UNKNOWN
07-09 09:41:30.247  2313  2313 D SAT     : [1]setVoiceActivationState=0
07-09 09:41:30.248  2313  2313 D SAT     : [1]setDataActivationState=0
07-09 09:41:30.249  2313  2313 D QtiSimPhoneBookAdnRecordCache: ACTION_SIM_STATE_CHANGED intent received simStatus: ABSENTphoneId: 1
07-09 09:41:30.249  2313  2313 D QtiSimPhoneBookAdnRecordCache: invalidateAdnCache
07-09 09:41:30.249  2313  2425 D RILJ    : [3815]< SIM_IO IccIoResult sw1:0x90 sw2:0x0 [SUB0]
07-09 09:41:30.249  2313  2313 D SubscriptionInfoUpdater: [Receiver]+
07-09 09:41:30.249  2313  2313 D SubscriptionInfoUpdater: Action: android.intent.action.SIM_STATE_CHANGED
07-09 09:41:30.249  2313  2313 D SubscriptionInfoUpdater: slotIndex: 1
07-09 09:41:30.249  2313  2313 D SubscriptionInfoUpdater: simStatus: ABSENT
07-09 09:41:30.250  2313  2313 D SubscriptionInfoUpdater: [Receiver]-
07-09 09:41:30.250  2313  2313 D PhoneSwitcher: mSimStateIntentReceiver: phoneId = 1 value = ABSENT
07-09 09:41:30.250  2313  2995 D QtiSubscriptionInfoUpdater:  handleMessage: EVENT:  4
07-09 09:41:30.250  2313  2995 D SubscriptionInfoUpdater: Wait for SIM1 IccId
07-09 09:41:30.250  2313  2425 D RILJ    : [3816]< SIM_IO IccIoResult sw1:0x90 sw2:0x0 [SUB0]
07-09 09:41:30.250  2313  2425 D RILJ    : [3817]< SIM_IO IccIoResult sw1:0x90 sw2:0x0 [SUB0]
07-09 09:41:30.250  2313  2425 D RILJ    : [3813]< VOICE_REGISTRATION_STATE {.regState = REG_HOME, .rat = 14, .cssSupported = false, .roamingIndicator = 1, .systemIsInPrl = -1, .defaultRoamingIndicator = -1, .reasonForDenial = 0, .cellIdentity = {.cellInfoType = LTE, .cellIdentityGsm = [], .cellIdentityWcdma = [], .cellIdentityCdma = [], .cellIdentityLte = [{.mcc = 404, .mnc = 49, .ci = 231622669, .pci = 338, .tac = 50302, .earfcn = 1276}], .cellIdentityTdscdma = []}} [SUB0]
07-09 09:41:30.250  2313  2425 D RILJ    : [3814]< QUERY_NETWORK_SELECTION_MODE {0} [SUB0]
07-09 09:41:30.263  2313  2313 D RILJ    : [3819]> iccIO: SIM_IO command = 0xb0 fileId = 0x6f61 path = 3F007FFF p1 = 0 p2 = 0 p3 =  data = null aid = a0000000871002ff86ffff89ffffffff [SUB0]
07-09 09:41:30.265  2313  3256 D SubscriptionController: [getPhoneId]- no sims, returning default phoneId=0
07-09 09:41:30.265  2313  3256 D GsmCdmaPhone: [GsmCdmaPhone] getDataConnectionState apnType=default ret=DISCONNECTED
07-09 09:41:30.265  2313  2313 D RILJ    : [3820]> iccIO: SIM_IO command = 0xb0 fileId = 0x6f62 path = 3F007FFF p1 = 0 p2 = 0 p3 =  data = null aid = a0000000871002ff86ffff89ffffffff [SUB0]
07-09 09:41:30.266  2313  2313 E UsimFH  : exception caught from EVENT_GET_RECORD_SIZE
07-09 09:41:30.266  2313  2313 D RILJ    : [3821]> iccIO: SIM_IO command = 0xb0 fileId = 0x6f7b path = 3F007FFF p1 = 0 p2 = 0 p3 =  data = null aid = a0000000871002ff86ffff89ffffffff [SUB0]
07-09 09:41:30.268  2313  2313 D RILJ    : [3822]> iccIO: SIM_IO command = 0xb0 fileId = 0x6f05 path = 3F007FFF p1 = 0 p2 = 0 p3 =  data = null aid = a0000000871002ff86ffff89ffffffff [SUB0]
07-09 09:41:30.268  2313  2313 D RILJ    : [3823]> iccIO: SIM_IO command = 0xb0 fileId = 0x2f05 path = 3F00 p1 = 0 p2 = 0 p3 =  data = null aid = a0000000871002ff86ffff89ffffffff [SUB0]
07-09 09:41:30.269  2313  2425 D RILJ    : [3819]< SIM_IO IccIoResult sw1:0x90 sw2:0x0 [SUB0]
07-09 09:41:30.269  2313  2313 D RILJ    : [3824]> iccIO: SIM_IO command = 0xb0 fileId = 0x2fe2 path = 3F00 p1 = 0 p2 = 0 p3 =  data = null aid = a0000000871002ff86ffff89ffffffff [SUB0]
07-09 09:41:30.269  2313  2425 D RILJ    : [3820]< SIM_IO IccIoResult sw1:0x90 sw2:0x0 [SUB0]
07-09 09:41:30.270  2313  2313 D QtiSubscriptionController: getPhoneId, received dummy subId 2147483643
07-09 09:41:30.271  2313  2313 D QtiSubscriptionController: getPhoneId, received dummy subId 2147483643
07-09 09:41:30.271  2313  2425 D RILJ    : [3821]< SIM_IO IccIoResult sw1:0x90 sw2:0x0 [SUB0]
07-09 09:41:30.272  2313  2313 D SubscriptionController: [getActiveSubInfoList] Sub Controller not ready
07-09 09:41:30.272  2313  2313 D SubscriptionController: [getActiveSubInfoForSubscriber]- subId=2147483643 subList=null subInfo=null
07-09 09:41:30.273  2313  2313 D QtiSubscriptionController: getPhoneId, received dummy subId 2147483643
07-09 09:41:30.274  2313  2313 I chatty  : uid=1001(radio) com.android.phone identical 2 lines
07-09 09:41:30.275  2313  2313 D QtiSubscriptionController: getPhoneId, received dummy subId 2147483643
07-09 09:41:30.276  2313  2425 D RILJ    : [3822]< SIM_IO IccIoResult sw1:0x90 sw2:0x0 [SUB0]
07-09 09:41:30.277  2313  2425 D RILJ    : [3823]< SIM_IO IccIoResult sw1:0x90 sw2:0x0 [SUB0]
07-09 09:41:30.278  2313  2425 D RILJ    : [3824]< SIM_IO IccIoResult sw1:0x90 sw2:0x0 [SUB0]
07-09 09:41:30.278  2313  2313 D QtiSubscriptionController: getPhoneId, received dummy subId 2147483643
07-09 09:41:30.280  2313  2313 I chatty  : uid=1001(radio) com.android.phone identical 1 line
07-09 09:41:30.281  2313  2313 D QtiSubscriptionController: getPhoneId, received dummy subId 2147483643
07-09 09:41:30.292  2313  2313 D SST     : pollState: modemTriggered=true
07-09 09:41:30.293  2313  2313 D RILJ    : [3825]> OPERATOR [SUB0]
07-09 09:41:30.294  2313  2313 D RILJ    : [3826]> DATA_REGISTRATION_STATE [SUB0]
07-09 09:41:30.295  2313  2313 D RILJ    : [3827]> VOICE_REGISTRATION_STATE [SUB0]
07-09 09:41:30.295  2313  2425 D RILJ    : [3825]< OPERATOR {IND airtel, airtel, 40449} [SUB0]
07-09 09:41:30.296  2313  2313 D RILJ    : [3828]> QUERY_NETWORK_SELECTION_MODE [SUB0]
07-09 09:41:30.296  2313  2313 D UiccPkcs15: Creating UiccPkcs15
07-09 09:41:30.297  2313  2313 D RILJ    : [3829]> RIL_REQUEST_SIM_OPEN_CHANNEL aid = A000000063504B43532D3135 p2 = 4 [SUB0]
07-09 09:41:30.297  2313  2313 D SST     : SubscriptionListener.onSubscriptionInfoChanged
07-09 09:41:30.297  2313  2313 E Phone   : getStoredVoiceMessageCount: invalid subId 2147483643
07-09 09:41:30.297  2313  2313 D GsmCdmaPhone: [GsmCdmaPhone] updateVoiceMail countVoiceMessages = 0 subId 2147483643
07-09 09:41:30.297  2313  2313 E Phone   : setVoiceMessageCount in sharedPreference: invalid subId 2147483643
07-09 09:41:30.298  2313  2313 D QtiSubscriptionController: getPhoneId, received dummy subId 2147483643
07-09 09:41:30.298  2313  2313 D QtiGsmDCT: [0]SubscriptionListener.onSubscriptionInfoChanged
07-09 09:41:30.299  2313  2425 D RILJ    : [3826]< DATA_REGISTRATION_STATE {.regState = REG_HOME, .rat = 14, .reasonDataDenied = 0, .maxDataCalls = 20, .cellIdentity = {.cellInfoType = LTE, .cellIdentityGsm = [], .cellIdentityWcdma = [], .cellIdentityCdma = [], .cellIdentityLte = [{.mcc = 404, .mnc = 49, .ci = 231622669, .pci = 338, .tac = 50302, .earfcn = 1276}], .cellIdentityTdscdma = []}} [SUB0]
07-09 09:41:30.301  2313  2313 D QtiSubscriptionController: getPhoneId, received dummy subId 2147483643
07-09 09:41:30.301  2313  2425 D RILJ    : [3827]< VOICE_REGISTRATION_STATE {.regState = REG_HOME, .rat = 14, .cssSupported = false, .roamingIndicator = 1, .systemIsInPrl = -1, .defaultRoamingIndicator = -1, .reasonForDenial = 0, .cellIdentity = {.cellInfoType = LTE, .cellIdentityGsm = [], .cellIdentityWcdma = [], .cellIdentityCdma = [], .cellIdentityLte = [{.mcc = 404, .mnc = 49, .ci = 231622669, .pci = 338, .tac = 50302, .earfcn = 1276}], .cellIdentityTdscdma = []}} [SUB0]
07-09 09:41:30.302  2313  2425 D RILJ    : [3828]< QUERY_NETWORK_SELECTION_MODE {0} [SUB0]
07-09 09:41:30.302  2313  2313 D QtiSubscriptionController: getPhoneId, received dummy subId 2147483643
07-09 09:41:30.303  2313  2313 D SubscriptionController: [getActiveSubInfoList] Sub Controller not ready
07-09 09:41:30.303  2313  2313 D SubscriptionController: [getActiveSubInfoForSubscriber]- subId=2147483643 subList=null subInfo=null
07-09 09:41:30.304  2313  2313 D QtiSubscriptionController: getPhoneId, received dummy subId 2147483643
07-09 09:41:30.306  2313  2313 I chatty  : uid=1001(radio) com.android.phone identical 5 lines
07-09 09:41:30.307  2313  2313 D QtiSubscriptionController: getPhoneId, received dummy subId 2147483643
07-09 09:41:30.314  2313  2313 D SubscriptionController: [getActiveSubInfoList] Sub Controller not ready
07-09 09:41:30.314  2313  2313 D SubscriptionController: [getPhoneId]- no sims, returning default phoneId=0
07-09 09:41:30.314  2313  2313 D PhoneSwitcher: handle event - 102
07-09 09:41:30.315  2313  2313 D SubscriptionController: [getPhoneId]- no sims, returning default phoneId=0
07-09 09:41:30.315  2313  2313 D SST     : SubscriptionListener.onSubscriptionInfoChanged
07-09 09:41:30.315  2313  2313 D QtiGsmDCT: [1]SubscriptionListener.onSubscriptionInfoChanged
07-09 09:41:30.316  2313  2313 D SubscriptionController: [getActiveSubInfoList] Sub Controller not ready
07-09 09:41:30.316  2313  2313 D ImsPhone: handleMessage what=57
07-09 09:41:30.316  2313  2313 D SST     : pollState: modemTriggered=true
07-09 09:41:30.317  2313  2313 D RILJ    : [3830]> OPERATOR [SUB0]
07-09 09:41:30.317  2313  2313 D RILJ    : [3831]> DATA_REGISTRATION_STATE [SUB0]
07-09 09:41:30.318  2313  2425 D RILJ    : [3830]< OPERATOR {IND airtel, airtel, 40449} [SUB0]
07-09 09:41:30.318  2313  2313 D RILJ    : [3832]> VOICE_REGISTRATION_STATE [SUB0]
07-09 09:41:30.321  2313  2313 D RILJ    : [3833]> QUERY_NETWORK_SELECTION_MODE [SUB0]
07-09 09:41:30.321  2313  2313 D QtiGsmCdmaPhone: handleMessage: Event: 34
07-09 09:41:30.321  2313  2425 D RILJ    : [3829]< RIL_REQUEST_SIM_OPEN_CHANNEL error 17 [SUB0]
07-09 09:41:30.321  2313  2313 D ImsPhoneCallTracker: [ImsPhoneCallTracker] handleMessage what=24
07-09 09:41:30.321  2313  2313 D ImsPhoneCallTracker: [ImsPhoneCallTracker] getImsService
07-09 09:41:30.321  2313  2425 D RilRequest: [3829]< RIL_REQUEST_SIM_OPEN_CHANNEL error: com.android.internal.telephony.CommandException: NO_SUCH_ELEMENT ret=
07-09 09:41:30.321  2313  2313 D ImsPhoneCallTracker: [ImsPhoneCallTracker] Status Changed: 2
07-09 09:41:30.322  2313  2425 D RILJ    : [3831]< DATA_REGISTRATION_STATE {.regState = REG_HOME, .rat = 14, .reasonDataDenied = 0, .maxDataCalls = 20, .cellIdentity = {.cellInfoType = LTE, .cellIdentityGsm = [], .cellIdentityWcdma = [], .cellIdentityCdma = [], .cellIdentityLte = [{.mcc = 404, .mnc = 49, .ci = 231622669, .pci = 338, .tac = 50302, .earfcn = 1276}], .cellIdentityTdscdma = []}} [SUB0]
07-09 09:41:30.324  1271  1271 E RILQ    : (0/1271): RIL[0][rild(1271,1271)] processRequest: ImsRadioImpl::processRequest - Error 0
07-09 09:41:30.324  2313  2313 D ImsManager: RegistrationListenerProxy registered.
07-09 09:41:30.324  2313  2313 D ImsManager: Local registration listener added: com.android.internal.telephony.imsphone.ImsPhoneCallTracker$4@1da30ab
07-09 09:41:30.324  2313  2313 D ImsManager: open: Session started and registration listener added.
07-09 09:41:30.324  2313  2425 D RILJ    : [3832]< VOICE_REGISTRATION_STATE {.regState = REG_HOME, .rat = 14, .cssSupported = false, .roamingIndicator = 1, .systemIsInPrl = -1, .defaultRoamingIndicator = -1, .reasonForDenial = 0, .cellIdentity = {.cellInfoType = LTE, .cellIdentityGsm = [], .cellIdentityWcdma = [], .cellIdentityCdma = [], .cellIdentityLte = [{.mcc = 404, .mnc = 49, .ci = 231622669, .pci = 338, .tac = 50302, .earfcn = 1276}], .cellIdentityTdscdma = []}} [SUB0]
07-09 09:41:30.325  2313  2313 D ImsEcbm : ImsEcbm created
07-09 09:41:30.325  2313  2425 D RILJ    : [3833]< QUERY_NETWORK_SELECTION_MODE {0} [SUB0]
07-09 09:41:30.327  1271  1271 E RILQ    : (0/1271): RIL[0][rild(1271,1271)] processRequest: ImsRadioImpl::processRequest - Error 0
07-09 09:41:30.328  2313  2313 D ImsMultiEndpoint: ImsMultiEndpoint created
07-09 09:41:30.328  2313  2313 D ImsMultiEndpoint: setExternalCallStateListener
07-09 09:41:30.330  2313  2313 D SST     : pollState: modemTriggered=true
07-09 09:41:30.331  2313  2313 D RILJ    : [3834]> OPERATOR [SUB0]
07-09 09:41:30.332  2313  2313 D RILJ    : [3835]> DATA_REGISTRATION_STATE [SUB0]
07-09 09:41:30.332  2313  2313 D RILJ    : [3836]> VOICE_REGISTRATION_STATE [SUB0]
07-09 09:41:30.332  2313  2425 D RILJ    : [3834]< OPERATOR {IND airtel, airtel, 40449} [SUB0]
07-09 09:41:30.332  2313  2313 D RILJ    : [3837]> QUERY_NETWORK_SELECTION_MODE [SUB0]
07-09 09:41:30.333  2313  2313 D use-Rlog/RLOG-QC_RIL_OEM_HOOK: Received Broadcast Intent ACTION_UNSOL_RESPONSE_OEM_HOOK_RAW
07-09 09:41:30.333  2313  2313 D use-Rlog/RLOG-QC_RIL_OEM_HOOK: Oem ID in QCRILHOOK UNSOL RESP is QOEMHOOK
07-09 09:41:30.333  2313  2313 D QtiGsmCdmaPhone: handleMessage: Event: 34
07-09 09:41:30.334  2313  2313 D QtiSubscriptionController: getPhoneId, received dummy subId 2147483644
07-09 09:41:30.334  2313  2313 D SST     : pollState: modemTriggered=true
07-09 09:41:30.334  2313  2425 D RILJ    : [3835]< DATA_REGISTRATION_STATE {.regState = REG_HOME, .rat = 14, .reasonDataDenied = 0, .maxDataCalls = 20, .cellIdentity = {.cellInfoType = LTE, .cellIdentityGsm = [], .cellIdentityWcdma = [], .cellIdentityCdma = [], .cellIdentityLte = [{.mcc = 404, .mnc = 49, .ci = 231622669, .pci = 338, .tac = 50302, .earfcn = 1276}], .cellIdentityTdscdma = []}} [SUB0]
07-09 09:41:30.335  2313  2313 D RILJ    : [3838]> OPERATOR [SUB0]
07-09 09:41:30.335  2313  2313 D RILJ    : [3839]> DATA_REGISTRATION_STATE [SUB0]
07-09 09:41:30.336  2313  2313 D RILJ    : [3840]> VOICE_REGISTRATION_STATE [SUB0]
07-09 09:41:30.336  2313  2313 D RILJ    : [3841]> QUERY_NETWORK_SELECTION_MODE [SUB0]
07-09 09:41:30.336  2313  2425 D RILJ    : [3836]< VOICE_REGISTRATION_STATE {.regState = REG_HOME, .rat = 14, .cssSupported = false, .roamingIndicator = 1, .systemIsInPrl = -1, .defaultRoamingIndicator = -1, .reasonForDenial = 0, .cellIdentity = {.cellInfoType = LTE, .cellIdentityGsm = [], .cellIdentityWcdma = [], .cellIdentityCdma = [], .cellIdentityLte = [{.mcc = 404, .mnc = 49, .ci = 231622669, .pci = 338, .tac = 50302, .earfcn = 1276}], .cellIdentityTdscdma = []}} [SUB0]
07-09 09:41:30.337  2313  2313 D use-Rlog/RLOG-QC_RIL_OEM_HOOK: Received Broadcast Intent ACTION_UNSOL_RESPONSE_OEM_HOOK_RAW
07-09 09:41:30.337  2313  2313 D use-Rlog/RLOG-QC_RIL_OEM_HOOK: Oem ID in QCRILHOOK UNSOL RESP is QOEMHOOK
07-09 09:41:30.337  2313  2313 D ImsPhoneCallTracker: [ImsPhoneCallTracker] handleMessage what=24
07-09 09:41:30.337  2313  2313 D ImsPhoneCallTracker: [ImsPhoneCallTracker] getImsService
07-09 09:41:30.337  2313  2313 I ImsManager: Creating ImsService using ImsResolver
07-09 09:41:30.337  2313  2425 D RILJ    : [3837]< QUERY_NETWORK_SELECTION_MODE {0} [SUB0]
07-09 09:41:30.338  2313  2313 D ImsPhoneCallTracker: [ImsPhoneCallTracker] Status Changed: 0
07-09 09:41:30.338  2313  2313 D ImsPhoneCallTracker: [ImsPhoneCallTracker] Resetting Capabilities...
07-09 09:41:30.338  2313  2313 D IccCardProxy: setExternalState: !override and newstate unchanged from ABSENT
07-09 09:41:30.339  2313  3223 D ImsManager: registrationFeatureCapabilityChanged :: serviceClass=1
07-09 09:41:30.339  2313  3223 D ImsPhoneCallTracker: [ImsPhoneCallTracker] onFeatureCapabilityChanged
07-09 09:41:30.339  2313  2425 D RILJ    : [3838]< OPERATOR {IND airtel, airtel, 40449} [SUB0]
07-09 09:41:30.340  2313  2313 D CdmaSSM : getcdmasubscriptionSource: 0
07-09 09:41:30.340  2313  2313 D SST     : Subscription Source : 0
07-09 09:41:30.340  2313  2313 D SST     : isFromRuim: true
07-09 09:41:30.340  2313  2313 D SST     : Storing cdma subscription source: 0
07-09 09:41:30.340  2313  2313 D SST     : Read from settings: 0
07-09 09:41:30.340  2313  2313 D SST     : mDeviceShuttingDown=false, mDesiredPowerState=true, getRadioState=RADIO_ON, mPowerOffDelayNeed=true, mAlarmSwitch=false, mRadioDisabledByCarrier=false
07-09 09:41:30.341  2313  2313 D SST     : pollState: modemTriggered=true
07-09 09:41:30.341  2313  2425 D RILJ    : [3839]< DATA_REGISTRATION_STATE {.regState = REG_HOME, .rat = 14, .reasonDataDenied = 0, .maxDataCalls = 20, .cellIdentity = {.cellInfoType = LTE, .cellIdentityGsm = [], .cellIdentityWcdma = [], .cellIdentityCdma = [], .cellIdentityLte = [{.mcc = 404, .mnc = 49, .ci = 231622669, .pci = 338, .tac = 50302, .earfcn = 1276}], .cellIdentityTdscdma = []}} [SUB0]
07-09 09:41:30.341  2313  2313 D RILJ    : [3842]> OPERATOR [SUB1]
07-09 09:41:30.342  2313  2313 D RILJ    : [3843]> DATA_REGISTRATION_STATE [SUB1]
07-09 09:41:30.342  2313  2425 D RILJ    : [3842]< OPERATOR {, , } [SUB1]
07-09 09:41:30.342  2313  2313 D RILJ    : [3844]> VOICE_REGISTRATION_STATE [SUB1]
07-09 09:41:30.343  1396  1567 I RILQ    : (1/1396):RIL[1][(1396,1567)] qcril_qmi_nas_reset_data_snapshot_cache_and_timer: Resetting snapshot timer
07-09 09:41:30.343  2313  2313 D QtiGsmDCT: [1]QtiDcTracker handleMessage msg={ when=-132ms what=270377 obj=android.os.AsyncResult@2092c87 target=com.qualcomm.qti.internal.telephony.dataconnection.QtiDcTracker }
07-09 09:41:30.343  2313  2313 D ImsPhone: handleMessage what=56
07-09 09:41:30.343  2313  2313 D ImsPhone: EVENT_DEFAULT_PHONE_DATA_STATE_CHANGED
07-09 09:41:30.343  2313  2313 D ImsPhone: updateDataServiceState: defSs = {mVoiceRegState=1(OUT_OF_SERVICE), mDataRegState=1(OUT_OF_SERVICE), mVoiceRoamingType=home, mDataRoamingType=home, mVoiceOperatorAlphaLong=null, mVoiceOperatorAlphaShort=null, mDataOperatorAlphaLong=null, mDataOperatorAlphaShort=null, isManualNetworkSelection=false(automatic), mRilVoiceRadioTechnology=0(Unknown), mRilDataRadioTechnology=0(Unknown), mCssIndicator=unsupported, mNetworkId=0, mSystemId=0, mCdmaRoamingIndicator=0, mCdmaDefaultRoamingIndicator=0, mIsEmergencyOnly=false, mIsDataRoamingFromRegistration=false, mIsUsingCarrierAggregation=false, mLteEarfcnRsrpBoost=0} imsSs = {mVoiceRegState=1(OUT_OF_SERVICE), mDataRegState=1(OUT_OF_SERVICE), mVoiceRoamingType=home, mDataRoamingType=home, mVoiceOperatorAlphaLong=null, mVoiceOperatorAlphaShort=null, mDataOperatorAlphaLong=null, mDataOperatorAlphaShort=null, isManualNetworkSelection=false(automatic), mRilVoiceRadioTechnology=0(Unknown), mRilDataRadioTechnology=0(Unknown), mCssIndicator=unsupported, mNetworkId=-1, mSystemId=-1, mCdmaRoamingIndicator=-1, mCdmaDefaultRoamingIndicator=-1, mIsEmergencyOnly=false, mIsDataRoamingFromRegistration=false, mIsUsingCarrierAggregation=false, mLteEarfcnRsrpBoost=0}
07-09 09:41:30.343  2313  2313 D QtiDdsSwitchController: isPropertyEnabled: false
07-09 09:41:30.343  2313  2313 D QtiDdsSwitchController: mUserDdsSubId - 1, voiceRat - 0
07-09 09:41:30.343  2313  2313 D GsmCdmaCallTracker: Event EVENT_POLL_CALLS_RESULT Received
07-09 09:41:30.343  2313  2313 D GsmCdmaCallTracker: [GsmCdmaCallTracker] update phone state, old=IDLE new=IDLE
07-09 09:41:30.343  2313  2313 D IccCardProxy: setExternalState: !override and newstate unchanged from ABSENT
07-09 09:41:30.343  2313  2425 D RILJ    : [3843]< DATA_REGISTRATION_STATE {.regState = NOT_REG_MT_SEARCHING_OP, .rat = 0, .reasonDataDenied = 0, .maxDataCalls = 20, .cellIdentity = {.cellInfoType = NONE, .cellIdentityGsm = [], .cellIdentityWcdma = [], .cellIdentityCdma = [], .cellIdentityLte = [], .cellIdentityTdscdma = []}} [SUB1]
07-09 09:41:30.344  2313  2313 D RILJ    : [3845]> iccIO: SIM_IO command = 0xb0 fileId = 0x6f3e path = 3F007FFF p1 = 0 p2 = 0 p3 =  data = null aid = a0000000871002ff86ffff89ffffffff [SUB0]
07-09 09:41:30.344  2313  2313 D SubscriptionController: [getPhoneId]- no sims, returning default phoneId=0
07-09 09:41:30.344  2313  2313 D PhoneSwitcher: handle event - 110
07-09 09:41:30.345  2313  2313 D SubscriptionController: [getPhoneId]- no sims, returning default phoneId=0
07-09 09:41:30.345  2313  2313 D PhoneSwitcher: handle event - 110
07-09 09:41:30.345  2313  2313 D SubscriptionController: [getPhoneId]- no sims, returning default phoneId=0
07-09 09:41:30.345  2313  2313 D PhoneSwitcher: handle event - 110
07-09 09:41:30.345  1396  1567 I RILQ    : (1/1396):RIL[1][(1396,1567)] qcril_qmi_nas_reset_data_snapshot_cache_and_timer: Resetting snapshot timer
07-09 09:41:30.348  2313  2425 D RILJ    : [3840]< VOICE_REGISTRATION_STATE {.regState = REG_HOME, .rat = 14, .cssSupported = false, .roamingIndicator = 1, .systemIsInPrl = -1, .defaultRoamingIndicator = -1, .reasonForDenial = 0, .cellIdentity = {.cellInfoType = LTE, .cellIdentityGsm = [], .cellIdentityWcdma = [], .cellIdentityCdma = [], .cellIdentityLte = [{.mcc = 404, .mnc = 49, .ci = 231622669, .pci = 338, .tac = 50302, .earfcn = 1276}], .cellIdentityTdscdma = []}} [SUB0]
07-09 09:41:30.348  2313  2425 D RILJ    : [3841]< QUERY_NETWORK_SELECTION_MODE {0} [SUB0]
07-09 09:41:30.348  2313  2425 D RILJ    : [3844]< VOICE_REGISTRATION_STATE {.regState = NOT_REG_MT_SEARCHING_OP, .rat = 0, .cssSupported = false, .roamingIndicator = -1, .systemIsInPrl = -1, .defaultRoamingIndicator = -1, .reasonForDenial = 0, .cellIdentity = {.cellInfoType = NONE, .cellIdentityGsm = [], .cellIdentityWcdma = [], .cellIdentityCdma = [], .cellIdentityLte = [], .cellIdentityTdscdma = []}} [SUB1]
07-09 09:41:30.349  2313  2313 D SubscriptionController: [getPhoneId]- no sims, returning default phoneId=0
07-09 09:41:30.349  2313  2313 D PhoneSwitcher: handle event - 110
07-09 09:41:30.349  2313  2313 D SubscriptionController: [getPhoneId]- no sims, returning default phoneId=0
07-09 09:41:30.349  2313  2313 D PhoneSwitcher: handle event - 110
07-09 09:41:30.350  2313  2313 D QtiGsmCdmaPhone: handleMessage: Event: 35
07-09 09:41:30.350  2313  2313 D QtiRadioCapabilityController:  radioCapabilityUpdated phoneId[1] rc = {mPhoneId = 1 mVersion=1 mSession=0 mPhase=0 mRadioAccessFamily=81928 mLogicModemId=1 mStatus=1}
07-09 09:41:30.350  2313  2313 D GsmCdmaPhone: EVENT_GET_RADIO_CAPABILITY: phone rc: {mPhoneId = 1 mVersion=1 mSession=0 mPhase=0 mRadioAccessFamily=81928 mLogicModemId=1 mStatus=1}
07-09 09:41:30.350  2313  2313 D SubscriptionController: [getPhoneId]- no sims, returning default phoneId=0
07-09 09:41:30.350  2313  2313 D PhoneSwitcher: handle event - 110
07-09 09:41:30.350  2313  2313 D QtiGsmCdmaPhone: handleMessage: Event: 6
07-09 09:41:30.350  2313  2313 D GsmCdmaPhone: [GsmCdmaPhone] Baseband version: 660_GEN_PACK-1.153823.1.154414.1
07-09 09:41:30.351  2313  2313 D SubscriptionController: [getPhoneId]- no sims, returning default phoneId=0
07-09 09:41:30.351  2313  2313 D PhoneSwitcher: handle event - 110
07-09 09:41:30.351  2313  2313 D SubscriptionController: [getPhoneId]- no sims, returning default phoneId=0
07-09 09:41:30.351  2313  2313 D PhoneSwitcher: handle event - 110
07-09 09:41:30.352  2313  2313 D QtiGsmCdmaPhone: handleMessage: Event: 40
07-09 09:41:30.352  2313  2313 D GsmCdmaPhone: [GsmCdmaPhone] EVENT_REQUEST_VOICE_RADIO_TECH_DONE: newVoiceTech=4
07-09 09:41:30.352  2313  2313 D GsmCdmaPhone: [GsmCdmaPhone] phoneObjectUpdater: newVoiceRadioTech=4
07-09 09:41:30.352  2313  2313 D GsmCdmaPhone: [GsmCdmaPhone] phoneObjectUpdater: No change ignore, newVoiceRadioTech=4 mActivePhone=CDMA
07-09 09:41:30.352  2313  2313 D SubscriptionController: [getPhoneId]- no sims, returning default phoneId=0
07-09 09:41:30.352  2313  2313 D PhoneSwitcher: handle event - 110
07-09 09:41:30.352  2313  2313 D SubscriptionController: [getPhoneId]- no sims, returning default phoneId=0
07-09 09:41:30.352  2313  2313 D PhoneSwitcher: handle event - 110
07-09 09:41:30.352  2313  2313 D IccCardProxy: broadcastIccStateChangedIntent intent ACTION_SIM_STATE_CHANGED value=IMSI reason=null for mPhoneId=0
07-09 09:41:30.353  2313  2313 D QtiGsmCdmaPhone: handleMessage: Event: 37
07-09 09:41:30.354  2313  2313 D RILJ    : [3846]> iccIO: SIM_IO command = 0xb0 fileId = 0x6f3f path = 3F007FFF p1 = 0 p2 = 0 p3 =  data = null aid = a0000000871002ff86ffff89ffffffff [SUB0]
07-09 09:41:30.354  2313  2313 D RILJ    : [3847]> iccIO: SIM_IO command = 0xc0 fileId = 0x6f17 path = 3F007FFF p1 = 0 p2 = 0 p3 =  data = null aid = a0000000871002ff86ffff89ffffffff [SUB0]
07-09 09:41:30.354  2313  2313 D SIMRecords: [SIMRecords] onRecordLoaded 23 requested: true
07-09 09:41:30.354  2313  2332 D SubscriptionController: [getActiveSubInfoList] Sub Controller not ready
07-09 09:41:30.354  2313  2313 D SIMRecords: [SIMRecords] EF_MWIS : null
07-09 09:41:30.355  2313  2313 D SIMRecords: [SIMRecords] EVENT_GET_MWIS_DONE exception = com.android.internal.telephony.CommandException: INTERNAL_ERR
07-09 09:41:30.355  2313  2313 D SIMRecords: [SIMRecords] onRecordLoaded 22 requested: true
07-09 09:41:30.355  2313  2313 D QtiGsmCdmaPhone: handleMessage: Event: 21
07-09 09:41:30.355  2313  2313 D RILJ    : [3848]> iccIO: SIM_IO command = 0xb0 fileId = 0x6fd9 path = 3F007FFF p1 = 0 p2 = 0 p3 =  data = null aid = a0000000871002ff86ffff89ffffffff [SUB0]
07-09 09:41:30.355  2313  2332 D SubscriptionController: [getPhoneId]- no sims, returning default phoneId=0
07-09 09:41:30.355  2313  2313 D CAT     : CatService: handleMessage[10]
07-09 09:41:30.355  2313  2313 D CAT     : CatService: SET_UP_MENU
07-09 09:41:30.356  2313  2313 D CAT     : CatService: encodeOptionalTags() Unsupported Cmd details=CmdDetails: compRequired=true commandNumber=1 typeOfCommand=37 commandQualifier=0
07-09 09:41:30.356  2313  2313 D RILJ    : [3849]> REQUEST_STK_SEND_TERMINAL_RESPONSE contents = 810301250002028281830100 [SUB0]
07-09 09:41:30.356  2313  2313 D CAT     : CatService: Sending CmdMsg: com.android.internal.telephony.cat.CatCmdMessage@e347b4 on slotid:0
07-09 09:41:30.357  2313  2332 D SubscriptionController: [getPhoneId]- no sims, returning default phoneId=0
07-09 09:41:30.357  2313  2313 E CarrierActionAgent: [0]Unsupported action: 7
07-09 09:41:30.357  2313  2313 E CarrierActionAgent: [1]Unsupported action: 7
07-09 09:41:30.358  2313  2313 D SST     : pollState: modemTriggered=true
07-09 09:41:30.358  2313  2313 D RILJ    : [3850]> OPERATOR [SUB0]
07-09 09:41:30.359  2313  2313 D RILJ    : [3851]> DATA_REGISTRATION_STATE [SUB0]
07-09 09:41:30.359  2313  2313 D RILJ    : [3852]> VOICE_REGISTRATION_STATE [SUB0]
07-09 09:41:30.359  2313  2425 D RILJ    : [3845]< SIM_IO IccIoResult sw1:0x90 sw2:0x0 [SUB0]
07-09 09:41:30.360  2313  2313 D RILJ    : [3853]> QUERY_NETWORK_SELECTION_MODE [SUB0]
07-09 09:41:30.360  2313  2313 E CarrierActionAgent: [0]Unsupported action: 7
07-09 09:41:30.360  2313  2313 D CarrierActionAgent: [0]EVENT_SIM_STATE_CHANGED status: ABSENT
07-09 09:41:30.360  2313  2313 E CarrierActionAgent: [1]Unsupported action: 7
07-09 09:41:30.360  2313  2313 D CarrierActionAgent: [1]EVENT_SIM_STATE_CHANGED status: ABSENT
07-09 09:41:30.360  2313  2313 D SST     : EVENT_POLL_STATE_NETWORK_SELECTION_MODE
07-09 09:41:30.360  2313  2425 D RILJ    : [3850]< OPERATOR {IND airtel, airtel, 40449} [SUB0]
07-09 09:41:30.360  2313  2313 D SIMRecords: [SIMRecords] EF_CPHS_MWI: null
07-09 09:41:30.360  2313  2313 D SIMRecords: [SIMRecords] EVENT_GET_VOICE_MAIL_INDICATOR_CPHS_DONE exception = com.android.internal.telephony.CommandException: SIM_ERR
07-09 09:41:30.360  2313  2313 D SIMRecords: [SIMRecords] onRecordLoaded 21 requested: true
07-09 09:41:30.360  2313  2313 D SIMRecords: [SIMRecords] onRecordLoaded 20 requested: true
07-09 09:41:30.360  2313  2313 D SIMRecords: [SIMRecords] EVENT_GET_SMS_RECORD_SIZE_DONE Size 176 total 8800 record 50
07-09 09:41:30.360  2313  2313 D SIMRecords: [SIMRecords] onRecordLoaded 19 requested: true
07-09 09:41:30.361  2313  2313 D SIMRecords: [SIMRecords] onRecordLoaded 18 requested: true
07-09 09:41:30.361  2313  2313 D SST     : EVENT_POLL_STATE_NETWORK_SELECTION_MODE
