06-06 20:52:14.044   593   593 I auditd  : SELinux: Loaded service_contexts from:
06-06 20:52:14.046   593   593 I auditd  :     /vendor/etc/selinux/vndservice_contexts
06-06 20:52:14.047   591   591 I auditd  : SELinux: Loaded service_contexts from:
06-06 20:52:14.048   591   591 I auditd  :     /system/etc/selinux/plat_service_contexts
06-06 20:52:08.837   590   590 I auditd  : type=2000 audit(0.0:1): initialized
06-06 20:52:12.849   590   590 I auditd  : type=1403 audit(0.0:2): policy loaded auid=4294967295 ses=4294967295
06-06 20:52:12.849   590   590 I auditd  : type=1404 audit(0.0:3): enforcing=1 old_enforcing=0 auid=4294967295 ses=4294967295
06-06 20:52:14.159     1     1 I auditd  : type=1400 audit(0.0:4): avc: granted { open } for comm="init" path="/dev/ipa" dev="tmpfs" ino=15405 scontext=u:r:init:s0 tcontext=u:object_r:ipa_dev:s0 tclass=chr_file
06-06 20:52:15.549   786   786 I auditd  : type=1400 audit(0.0:5): avc: denied { read write } for comm="android.hardwar" name="diag" dev="tmpfs" ino=15437 scontext=u:r:hal_sensors_default:s0 tcontext=u:object_r:diag_device:s0 tclass=chr_file permissive=0
06-06 20:52:15.619   781   781 I auditd  : type=1400 audit(0.0:6): avc: denied { read } for comm="android.hardwar" name="name" dev="sysfs" ino=34893 scontext=u:r:hal_graphics_composer_default:s0 tcontext=u:object_r:sysfs:s0 tclass=file permissive=0
06-06 20:52:15.619   781   781 I auditd  : type=1400 audit(0.0:7): avc: denied { read } for comm="android.hardwar" name="name" dev="sysfs" ino=35804 scontext=u:r:hal_graphics_composer_default:s0 tcontext=u:object_r:sysfs:s0 tclass=file permissive=0
06-06 20:52:15.699   781   781 I auditd  : type=1400 audit(0.0:8): avc: denied { read write } for comm="android.hardwar" name="diag" dev="tmpfs" ino=15437 scontext=u:r:hal_graphics_composer_default:s0 tcontext=u:object_r:diag_device:s0 tclass=chr_file permissive=0
06-06 20:52:15.759     1     1 I auditd  : type=1400 audit(0.0:9): avc: denied { write } for comm="init" name="android0" dev="sysfs" ino=46771 scontext=u:r:init:s0 tcontext=u:object_r:sysfs_android_usb:s0 tclass=dir permissive=0
06-06 20:52:15.759     1     1 I auditd  : type=1400 audit(0.0:10): avc: denied { write } for comm="init" name="android0" dev="sysfs" ino=46771 scontext=u:r:init:s0 tcontext=u:object_r:sysfs_android_usb:s0 tclass=dir permissive=0
06-06 20:52:15.789   882   882 I auditd  : type=1400 audit(0.0:11): avc: denied { read write } for comm="sensors.qcom" name="diag" dev="tmpfs" ino=15437 scontext=u:r:sensors:s0 tcontext=u:object_r:diag_device:s0 tclass=chr_file permissive=0
06-06 20:52:15.799   900   900 I auditd  : type=1400 audit(0.0:12): avc: denied { read } for comm="ueventd" name="mmcblk0p37" dev="tmpfs" ino=20578 scontext=u:r:ueventd:s0 tcontext=u:object_r:mba_debug_dev:s0 tclass=blk_file permissive=0
06-06 20:52:17.479  1217  1217 I auditd  : type=1400 audit(0.0:13): avc: denied { entrypoint } for comm="vold" path="/vendor/bin/resize_ext4" dev="dm-1" ino=276 scontext=u:r:fsck:s0 tcontext=u:object_r:resize_exec:s0 tclass=file permissive=0
06-06 20:52:18.239  1253  1253 I auditd  : type=1400 audit(0.0:14): avc: denied { read } for comm="hvdcp_opti" name="name" dev="sysfs" ino=23103 scontext=u:r:hvdcp:s0 tcontext=u:object_r:sysfs:s0 tclass=file permissive=0
06-06 20:52:18.239  1251  1251 I auditd  : type=1400 audit(0.0:15): avc: denied { read write } for comm="imsqmidaemon" name="diag" dev="tmpfs" ino=15437 scontext=u:r:ims:s0 tcontext=u:object_r:diag_device:s0 tclass=chr_file permissive=0
06-06 20:52:18.269  1268  1268 I auditd  : type=1400 audit(0.0:16): avc: denied { read } for comm="storaged" path="/sys/kernel/debug/mmc0/mmc0:0001/ext_csd" dev="debugfs" ino=14340 scontext=u:r:storaged:s0 tcontext=u:object_r:debugfs_mmc:s0 tclass=file permissive=0
07-09 09:41:19.523  1249  1249 I auditd  : type=1400 audit(0.0:17): avc: denied { read } for comm="thermal-engine" name="uio" dev="sysfs" ino=34208 scontext=u:r:thermal-engine:s0 tcontext=u:object_r:sysfs_uio:s0 tclass=dir permissive=0
07-09 09:41:19.608  1249  1356 I liblog  : 142
07-09 09:41:19.623  1246  1246 I auditd  : type=1400 audit(0.0:18): avc: denied { read write } for comm="cnd" name="diag" dev="tmpfs" ino=15437 scontext=u:r:cnd:s0 tcontext=u:object_r:diag_device:s0 tclass=chr_file permissive=0
07-09 09:41:19.643  1281  1281 I auditd  : type=1400 audit(0.0:19): avc: denied { read write } for comm="dpmd" name="diag" dev="tmpfs" ino=15437 scontext=u:r:dpmd:s0 tcontext=u:object_r:diag_device:s0 tclass=chr_file permissive=0
07-09 09:41:19.670  1255  1255 I boot_progress_start: 9992
07-09 09:41:19.683  1377  1377 I auditd  : type=1400 audit(0.0:20): avc: denied { read write } for comm="ipacm-diag" name="diag" dev="tmpfs" ino=15437 scontext=u:r:ipacm-diag:s0 tcontext=u:object_r:diag_device:s0 tclass=chr_file permissive=0
07-09 09:41:19.703  1375  1375 I auditd  : type=1400 audit(0.0:21): avc: denied { read write } for comm="imsdatadaemon" name="diag" dev="tmpfs" ino=15437 scontext=u:r:ims:s0 tcontext=u:object_r:diag_device:s0 tclass=chr_file permissive=0
07-09 09:41:19.803  1418  1418 I auditd  : type=1400 audit(0.0:22): avc: denied { read write } for comm="qti" name="diag" dev="tmpfs" ino=15437 scontext=u:r:qti:s0 tcontext=u:object_r:diag_device:s0 tclass=chr_file permissive=0
07-09 09:41:19.973  1451  1451 I auditd  : type=1400 audit(0.0:23): avc: denied { read write } for comm="netmgrd" name="diag" dev="tmpfs" ino=15437 scontext=u:r:netmgrd:s0 tcontext=u:object_r:diag_device:s0 tclass=chr_file permissive=0
07-09 09:41:20.353  1271  1271 I auditd  : type=1400 audit(0.0:24): avc: denied { ioctl } for comm="rild" path="/vendor/radio/qcril_database/qcril.db" dev="dm-1" ino=3487 ioctlcmd=f50c scontext=u:r:rild:s0 tcontext=u:object_r:vendor_file:s0 tclass=file permissive=0
07-09 09:41:20.963   773   773 I auditd  : type=1400 audit(0.0:25): avc: denied { read write } for comm="HwBinder:773_1" name="diag" dev="tmpfs" ino=15437 scontext=u:r:hal_audio_default:s0 tcontext=u:object_r:diag_device:s0 tclass=chr_file permissive=0
07-09 09:41:20.973  1255  1255 I sysui_histogram: [boot_zygote_init,11296]
07-09 09:41:20.981  1256  1256 I sysui_histogram: [boot_zygote_init,11297]
07-09 09:41:20.981  1255  1255 I sysui_multi_action: [757,804,799,boot_zygote_init,801,11296,802,1]
07-09 09:41:20.994  1255  1255 I boot_progress_preload_start: 11317
07-09 09:41:20.995  1256  1256 I sysui_multi_action: [757,804,799,boot_zygote_init,801,11297,802,1]
07-09 09:41:21.754  1255  1255 I boot_progress_preload_end: 12076
07-09 09:41:21.924  1896  1896 I boot_progress_system_run: 12247
07-09 09:41:21.926  1896  1896 I sysui_histogram: [boot_system_server_init,12247]
07-09 09:41:21.926  1896  1896 I sysui_multi_action: [757,804,799,boot_system_server_init,801,12247,802,1]
07-09 09:41:22.185  1896  1896 I rescue_note: [0,1,12507]
07-09 09:41:22.194  1896  1896 I sysui_histogram: [boot_package_manager_init_start,12516]
07-09 09:41:22.194  1896  1896 I sysui_multi_action: [757,804,799,boot_package_manager_init_start,801,12516,802,1]
07-09 09:41:22.195  1896  1896 I boot_progress_pms_start: 12518
07-09 09:41:22.336  1896  1896 I boot_progress_pms_system_scan_start: 12658
07-09 09:41:22.533  1961  1961 I auditd  : type=1400 audit(0.0:26): avc: denied { read write } for comm="ims_rtp_daemon" name="diag" dev="tmpfs" ino=15437 scontext=u:r:hal_imsrtp:s0 tcontext=u:object_r:diag_device:s0 tclass=chr_file permissive=0
07-09 09:41:22.594  1896  1896 I boot_progress_pms_data_scan_start: 12916
07-09 09:41:22.661  1896  1896 I boot_progress_pms_scan_end: 12983
07-09 09:41:22.667  1896  1896 I pm_critical_info: Destroying /data/user/0/media due to: com.android.server.pm.PackageManagerException: Package media is unknown
07-09 09:41:22.893  1896  1896 I boot_progress_pms_ready: 13215
07-09 09:41:22.966  1896  1896 I sysui_histogram: [boot_package_manager_init_ready,13288]
07-09 09:41:22.966  1896  1896 I sysui_multi_action: [757,804,799,boot_package_manager_init_ready,801,13288,802,1]
07-09 09:41:22.971  1896  1896 I am_uid_running: 1000
07-09 09:41:22.974  1896  1896 I am_uid_active: 1000
07-09 09:41:22.985  1896  1915 I battery_status: [3,2,1,0,Li-ion]
07-09 09:41:22.985  1896  1915 I battery_level: [76,3977,340]
07-09 09:41:23.138  1896  1896 I wm_stack_created: 0
07-09 09:41:23.159  1896  1896 I configuration_changed: 24056
07-09 09:41:23.204  1896  2105 I configuration_changed: 1032
07-09 09:41:23.223  1896  2061 I configuration_changed: 512
07-09 09:41:23.247  1896  2107 I configuration_changed: 256
07-09 09:41:23.253  1896  1941 I configuration_changed: 256
07-09 09:41:23.481  1896  2141 I storage_state: [41217664-9172-527a-b3d5-edabb50a7d69,0,0,49705734144,52225089536]
07-09 09:41:23.507  1896  1896 I stream_devices_changed: [0,0,1]
07-09 09:41:23.507  1896  1896 I stream_devices_changed: [2,0,2]
07-09 09:41:23.507  1896  1896 I stream_devices_changed: [3,0,2]
07-09 09:41:23.507  1896  1896 I stream_devices_changed: [4,0,2]
07-09 09:41:23.508  1896  1896 I stream_devices_changed: [6,0,1]
07-09 09:41:23.523   788   788 I auditd  : type=1400 audit(0.0:27): avc: denied { dac_override } for comm="usb@1.0-service" capability=1 scontext=u:r:hal_usb_default:s0 tcontext=u:r:hal_usb_default:s0 tclass=capability permissive=0
07-09 09:41:23.523   788   788 I auditd  : type=1400 audit(0.0:28): avc: denied { dac_override } for comm="usb@1.0-service" capability=1 scontext=u:r:hal_usb_default:s0 tcontext=u:r:hal_usb_default:s0 tclass=capability permissive=0
07-09 09:41:23.691  1896  1896 I boot_progress_ams_ready: 14013
07-09 09:41:23.692  1896  1896 I configuration_changed: 256
07-09 09:41:23.698  1896  1941 I configuration_changed: 256
07-09 09:41:23.773  1268  1386 I storaged_emmc_info: [emmc 5.1,1,1,1]
07-09 09:41:24.001  1896  1896 I am_uid_running: 10070
07-09 09:41:24.008  1896  1896 I am_proc_start: [0,2173,10070,com.google.android.inputmethod.latin,service,com.google.android.inputmethod.latin/com.android.inputmethod.latin.LatinIME]
07-09 09:41:24.014  1896  1896 I am_uid_running: 10035
07-09 09:41:24.023   788   788 I auditd  : type=1400 audit(0.0:29): avc: denied { dac_override } for comm="usb@1.0-service" capability=1 scontext=u:r:hal_usb_default:s0 tcontext=u:r:hal_usb_default:s0 tclass=capability permissive=0
07-09 09:41:24.023   788   788 I auditd  : type=1400 audit(0.0:30): avc: denied { dac_override } for comm="usb@1.0-service" capability=1 scontext=u:r:hal_usb_default:s0 tcontext=u:r:hal_usb_default:s0 tclass=capability permissive=0
07-09 09:41:24.025  1896  1896 I am_proc_start: [0,2186,10035,com.android.systemui,service,com.android.systemui/.ImageWallpaper]
07-09 09:41:24.026  1896  1915 I am_proc_bound: [0,2173,com.google.android.inputmethod.latin]
07-09 09:41:24.028  1896  1915 I am_uid_active: 10070
07-09 09:41:24.033  1896  1896 I auditd  : type=1400 audit(0.0:31): avc: denied { write } for comm="Binder:1896_1" name="timerslack_ns" dev="proc" ino=24478 scontext=u:r:system_server:s0 tcontext=u:r:audioserver:s0 tclass=file permissive=0
07-09 09:41:24.033  1896  1896 I auditd  : type=1400 audit(0.0:32): avc: denied { write } for comm="Binder:1896_1" name="timerslack_ns" dev="proc" ino=24480 scontext=u:r:system_server:s0 tcontext=u:r:audioserver:s0 tclass=file permissive=0
07-09 09:41:24.033  1896  1896 I auditd  : type=1400 audit(0.0:33): avc: denied { write } for comm="Binder:1896_1" name="timerslack_ns" dev="proc" ino=24484 scontext=u:r:system_server:s0 tcontext=u:r:audioserver:s0 tclass=file permissive=0
07-09 09:41:24.034  1896  1915 I am_proc_bound: [0,2186,com.android.systemui]
07-09 09:41:24.035  1896  1915 I am_uid_active: 10035
07-09 09:41:24.059  1896  1927 I am_uid_running: 1037
07-09 09:41:24.093  1896  1927 I am_proc_start: [0,2204,1037,WebViewLoader-armeabi-v7a,,]
07-09 09:41:24.105  1896  1927 I am_proc_start: [0,2219,1037,WebViewLoader-arm64-v8a,,]
07-09 09:41:24.350  1896  2122 I netstats_mobile_sample: [0,0,0,0,0,0,0,0,0,0,0,0,-1]
07-09 09:41:24.350  1896  2122 I netstats_wifi_sample: [0,0,0,0,0,0,0,0,0,0,0,0,-1]
07-09 09:41:24.403  1896  1896 I am_proc_start: [0,2278,1000,.dataservices,added application,.dataservices]
07-09 09:41:24.404  1896  1896 I am_uid_running: 1001
07-09 09:41:24.418  1896  1896 I am_proc_start: [0,2290,1001,com.qualcomm.qti.telephonyservice,added application,com.qualcomm.qti.telephonyservice]
07-09 09:41:24.431  1896  1896 I am_proc_start: [0,2313,1001,com.android.phone,added application,com.android.phone]
07-09 09:41:24.550  1896  1896 I wm_task_created: [1,0]
07-09 09:41:24.551  1896  1896 I wm_task_moved: [1,1,0]
07-09 09:41:24.551  1896  1896 I wm_task_moved: [1,1,0]
07-09 09:41:24.551  1896  1896 I am_create_task: [0,1]
07-09 09:41:24.551  1896  1896 I am_create_activity: [0,144983667,1,com.android.settings/.FallbackHome,android.intent.action.MAIN,NULL,NULL,276824320]
07-09 09:41:24.552  1896  1896 I wm_task_moved: [1,1,0]
07-09 09:41:24.566  1896  1896 I am_proc_start: [0,2348,1000,com.android.settings,activity,com.android.settings/.FallbackHome]
07-09 09:41:24.585  1896  1914 I am_proc_bound: [0,2278,.dataservices]
07-09 09:41:24.587  1896  1896 I sysui_histogram: [boot_system_server_ready,14909]
07-09 09:41:24.587  1896  1896 I sysui_multi_action: [757,804,799,boot_system_server_ready,801,14909,802,1]
07-09 09:41:24.587  1896  2301 I am_proc_bound: [0,2290,com.qualcomm.qti.telephonyservice]
07-09 09:41:24.588  1896  2301 I am_uid_active: 1001
07-09 09:41:24.589  1896  2298 I am_proc_bound: [0,2313,com.android.phone]
07-09 09:41:24.592  1896  2334 I am_proc_bound: [0,2348,com.android.settings]
07-09 09:41:24.622  1896  2334 I am_restart_activity: [0,144983667,1,com.android.settings/.FallbackHome]
07-09 09:41:24.623  1896  2334 I am_set_resumed_activity: [0,com.android.settings/.FallbackHome,minimalResumeActivityLocked]
07-09 09:41:24.728  2186  2398 I sysui_action: [213,2]
07-09 09:41:24.729  2186  2398 I sysui_multi_action: [757,213,758,4,759,2]
07-09 09:41:24.789  2348  2348 I am_on_resume_called: [0,com.android.settings.FallbackHome,LAUNCH_ACTIVITY]
07-09 09:41:24.863  1896  1930 I boot_progress_enable_screen: 15186
07-09 09:41:24.863  1896  1941 I am_activity_launch_time: [0,144983667,com.android.settings/.FallbackHome,307,307]
07-09 09:41:24.863  1896  1930 I screen_toggled: 1
07-09 09:41:24.944  1896  1896 I volume_changed: [3,9,8,15,AudioService]
07-09 09:41:24.955  1896  1915 I am_pause_activity: [0,144983667,com.android.settings/.FallbackHome]
07-09 09:41:24.973  2348  2348 I am_on_paused_called: [0,com.android.settings.FallbackHome,handlePauseActivity]
07-09 09:41:24.975  1896  1930 I am_stop_activity: [0,144983667,com.android.settings/.FallbackHome]
07-09 09:41:24.975  1896  1930 I sysui_count: [window_time_0,3]
07-09 09:41:24.976  1896  1930 I sysui_multi_action: [757,803,799,window_time_0,802,3]
07-09 09:41:24.976  2348  2348 I am_on_stop_called: [0,com.android.settings.FallbackHome,handleStopActivity]
07-09 09:41:25.057  2186  2186 I sysui_multi_action: [757,1093,758,4,793,8,1094,0,1095,0]
07-09 09:41:25.834  2186  2186 I sysui_view_visibility: [111,100]
07-09 09:41:25.834  2186  2186 I sysui_multi_action: [757,111,758,1]
07-09 09:41:25.834  2186  2186 I sysui_multi_action: [757,126,758,1,759,126,833,0,927,0,928,0]
07-09 09:41:25.834  2186  2186 I sysui_multi_action: [757,115,758,1,759,115,833,0,927,1,928,0]
07-09 09:41:25.834  2186  2186 I sysui_multi_action: [757,113,758,1,759,113,833,0,927,2,928,0]
07-09 09:41:25.834  2186  2186 I sysui_multi_action: [757,122,758,1,759,122,833,0,927,3,928,0]
07-09 09:41:25.834  2186  2186 I sysui_multi_action: [757,116,758,1,759,116,833,0,927,4,928,0]
07-09 09:41:25.834  2186  2186 I sysui_multi_action: [757,119,758,1,759,119,833,0,927,5,928,0]
07-09 09:41:25.844  2186  2186 I sysui_multi_action: [757,196,758,1,759,0]
07-09 09:41:25.844  2186  2186 I sysui_status_bar_state: [1,1,0,0,0,1]
07-09 09:41:25.846  1896  2202 I sysui_view_visibility: [127,100]
07-09 09:41:25.847  1896  2202 I sysui_multi_action: [757,127,758,1]
07-09 09:41:25.847  1896  2202 I sysui_histogram: [note_load,0]
07-09 09:41:25.847  1896  2202 I sysui_multi_action: [757,804,799,note_load,801,0,802,1]
07-09 09:41:25.847  1896  2202 I notification_panel_revealed: 0
07-09 09:41:27.956   811  2631 I sf_stop_bootanim: 18278
07-09 09:41:27.957  1896  1941 I wm_boot_animation_done: 18280
07-09 09:41:27.971  1896  1941 I am_user_state_changed: [0,1]
07-09 09:41:27.971  1896  1941 I sysui_histogram: [framework_locked_boot_completed,18]
07-09 09:41:27.971  1896  1941 I sysui_multi_action: [757,804,799,framework_locked_boot_completed,801,18,802,1]
07-09 09:41:27.973  1896  1941 I am_user_state_changed: [0,2]
07-09 09:41:28.000  2647  2647 I sysui_multi_action: [757,1098,758,4,1099,]
07-09 09:41:28.012  2651  2651 I sysui_multi_action: [757,804,799,factory_reset_current_time,801,1531109488,802,1]
07-09 09:41:28.012  2651  2651 I sysui_multi_action: [757,804,799,factory_reset_record_value,801,1530867275,802,1]
07-09 09:41:28.025  2653  2653 I sysui_multi_action: [757,804,799,post_decrypt_time_elapsed,801,9,802,1]
07-09 09:41:28.026  2653  2653 I sysui_multi_action: [757,804,799,last_boot_time_utc,801,1531109487,802,1]
07-09 09:41:28.026  2653  2653 I sysui_multi_action: [757,804,799,build_date,801,1530121997,802,1]
07-09 09:41:28.026  2653  2653 I sysui_multi_action: [757,804,799,boot_decryption_complete,801,18,802,1]
07-09 09:41:28.026  2653  2653 I sysui_multi_action: [757,804,799,factory_reset_boot_complete_post_decrypt,801,41,802,1]
07-09 09:41:28.026  2653  2653 I sysui_multi_action: [757,804,799,factory_reset_boot_complete,801,50,802,1]
07-09 09:41:28.026  2653  2653 I sysui_multi_action: [757,804,799,ro.boottime.init,801,4087,802,1]
07-09 09:41:28.026  2653  2653 I sysui_multi_action: [757,804,799,ro.boottime.init.selinux,801,40,802,1]
07-09 09:41:28.026  2653  2653 I sysui_multi_action: [757,804,799,ro.boottime.init.cold_boot_wait,801,937,802,1]
07-09 09:41:28.026  2653  2653 I sysui_multi_action: [757,804,799,boottime.bootloader.total,801,0,802,1]
07-09 09:41:28.026  2653  2653 I sysui_multi_action: [757,804,799,absolute_boot_time,801,18,802,1]
07-09 09:41:28.026  2653  2653 I sysui_multi_action: [757,804,799,boot_reason,801,1,802,1]
07-09 09:41:28.026  2653  2653 I sysui_multi_action: [757,804,799,factory_reset_current_time,801,1531109488,802,1]
07-09 09:41:28.026  2653  2653 I sysui_multi_action: [757,804,799,factory_reset,801,1530867275,802,1]
07-09 09:41:28.026  2653  2653 I sysui_multi_action: [757,804,799,time_since_last_boot,801,60603,802,1]
07-09 09:41:28.026  2653  2653 I sysui_multi_action: [757,804,799,ota_boot_complete_post_decrypt,801,25,802,1]
07-09 09:41:28.026  2653  2653 I sysui_multi_action: [757,804,799,ota_boot_complete,801,34,802,1]
07-09 09:41:28.026  2653  2653 I sysui_multi_action: [757,804,799,factory_reset_record_value,801,1530867275,802,1]
07-09 09:41:28.026  2653  2653 I sysui_multi_action: [757,804,799,time_since_factory_reset,801,242213,802,1]
07-09 09:41:28.026  2653  2653 I sysui_multi_action: [757,804,799,boot_complete_post_decrypt,801,9,802,1]
07-09 09:41:28.026  2653  2653 I sysui_multi_action: [757,804,799,boot_complete,801,18,802,1]
07-09 09:41:28.133  1896  1896 I am_uid_running: 10094
07-09 09:41:28.154  1896  1896 I am_proc_start: [0,2664,10094,com.google.android.marvin.talkback,broadcast,com.google.android.marvin.talkback/com.google.android.accessibility.talkback.BootReceiver]
07-09 09:41:28.170  1896  2202 I am_proc_bound: [0,2664,com.google.android.marvin.talkback]
07-09 09:41:28.211  1896  1930 I am_uid_running: 10014
07-09 09:41:28.224  1896  1930 I am_proc_start: [0,2683,10014,com.google.android.gms.persistent,service,com.google.android.gms/.backup.component.D2dTransportService]
07-09 09:41:28.237  1896  2202 I am_proc_bound: [0,2683,com.google.android.gms.persistent]
07-09 09:41:28.240  1896  2202 I am_uid_active: 10014
07-09 09:41:28.263  1896  2202 I am_proc_start: [0,2699,1001,com.qualcomm.qcrilmsgtunnel,service,com.qualcomm.qcrilmsgtunnel/.QcrilMsgTunnelService]
07-09 09:41:28.296  1896  2298 I am_proc_bound: [0,2699,com.qualcomm.qcrilmsgtunnel]
07-09 09:41:28.370  1896  2202 I am_uid_running: 10054
07-09 09:41:28.393  1896  2202 I am_proc_start: [0,2727,10054,com.google.android.deskclock,broadcast,com.google.android.deskclock/com.android.deskclock.AlarmInitReceiver]
07-09 09:41:28.421  1896  2202 I am_proc_bound: [0,2727,com.google.android.deskclock]
07-09 09:41:28.429  1896  1930 I am_uid_running: 10039
07-09 09:41:28.449  1896  1930 I am_proc_start: [0,2744,10039,com.google.android.googlequicksearchbox:interactor,service,com.google.android.googlequicksearchbox/com.google.android.voiceinteraction.GsaVoiceInteractionService]
07-09 09:41:28.523  1896  1930 I am_proc_start: [0,2766,1001,com.qualcomm.qti.loadcarrier,added application,com.qualcomm.qti.loadcarrier]
07-09 09:41:28.552  1896  1930 I am_proc_start: [0,2775,1000,com.quicinc.wbcserviceapp,added application,com.quicinc.wbcserviceapp]
07-09 09:41:28.552  1896  1930 I am_uid_running: 10030
07-09 09:41:28.578  1896  1930 I am_proc_start: [0,2794,10030,com.android.test.soundtrigger,added application,com.android.test.soundtrigger]
07-09 09:41:28.599  1896  1930 I am_proc_start: [0,2811,1000,com.qualcomm.qti.services.secureui:sui_service,added application,com.qualcomm.qti.services.secureui:sui_service]
07-09 09:41:28.602  1896  1930 I am_user_state_changed: [0,3]
07-09 09:41:28.603  1896  1930 I sysui_histogram: [framework_boot_completed,18]
07-09 09:41:28.603  1896  1930 I sysui_multi_action: [757,804,799,framework_boot_completed,801,18,802,1]
07-09 09:41:28.606  1896  2334 I am_proc_bound: [0,2744,com.google.android.googlequicksearchbox:interactor]
07-09 09:41:28.609  1896  2334 I am_uid_active: 10039
07-09 09:41:28.612  1896  1929 I am_uid_running: 10078
07-09 09:41:28.626  1896  1929 I am_proc_start: [0,2830,10078,com.android.printspooler,service,com.android.printspooler/.model.PrintSpoolerService]
07-09 09:41:28.627  1896  2301 I am_proc_bound: [0,2766,com.qualcomm.qti.loadcarrier]
07-09 09:41:28.632  1896  1915 I am_proc_bound: [0,2794,com.android.test.soundtrigger]
07-09 09:41:28.633  1896  1915 I am_uid_active: 10030
07-09 09:41:28.634  1896  2818 I am_proc_bound: [0,2811,com.qualcomm.qti.services.secureui:sui_service]
07-09 09:41:28.636  1896  1914 I am_proc_bound: [0,2775,com.quicinc.wbcserviceapp]
07-09 09:41:28.643  1896  1896 I am_uid_running: 10033
07-09 09:41:28.663  1896  1896 I am_proc_start: [0,2844,10033,com.google.android.setupwizard,service,com.google.android.setupwizard/.deferred.DeferredSetupScheduler]
07-09 09:41:28.664  1896  2333 I am_finish_activity: [0,144983667,1,com.android.settings/.FallbackHome,app-request]
07-09 09:41:28.665  1896  2333 I wm_task_moved: [1,1,0]
07-09 09:41:28.665  1896  2333 I am_destroy_activity: [0,144983667,1,com.android.settings/.FallbackHome,finish-imm]
07-09 09:41:28.672  1896  1930 I sysui_count: [window_time_0,3]
07-09 09:41:28.672  1896  1930 I sysui_multi_action: [757,803,799,window_time_0,802,3]
07-09 09:41:28.678  1896  2333 I wm_task_removed: [1,removeAppToken: last token]
07-09 09:41:28.678  1896  2333 I wm_task_removed: [1,removeTask]
07-09 09:41:28.710  1896  2333 I wm_task_created: [173,0]
07-09 09:41:28.710  1896  2333 I wm_task_moved: [173,1,0]
07-09 09:41:28.710  1896  2333 I wm_task_moved: [173,1,0]
07-09 09:41:28.711  1896  2333 I am_create_task: [0,173]
07-09 09:41:28.711  1896  2333 I am_create_activity: [0,63403618,173,com.android.launcher3/com.android.searchlauncher.SearchLauncher,android.intent.action.MAIN,NULL,NULL,268435712]
07-09 09:41:28.711  1896  2333 I wm_task_moved: [173,1,0]
07-09 09:41:28.715  1896  1914 I am_proc_bound: [0,2844,com.google.android.setupwizard]
07-09 09:41:28.731  1896  1930 I am_proc_start: [0,2873,1000,com.android.launcher3,activity,com.android.launcher3/com.android.searchlauncher.SearchLauncher]
07-09 09:41:28.732  1896  2818 I am_proc_bound: [0,2830,com.android.printspooler]
07-09 09:41:28.733  1896  2818 I am_uid_active: 10078
07-09 09:41:28.745  1896  2298 I am_proc_start: [0,2888,10014,com.google.process.gservices,content provider,com.google.android.gsf/.gservices.GservicesProvider]
07-09 09:41:28.747  1896  2334 I am_proc_bound: [0,2873,com.android.launcher3]
07-09 09:41:28.751  1896  2334 I am_restart_activity: [0,63403618,173,com.android.launcher3/com.android.searchlauncher.SearchLauncher]
07-09 09:41:28.752  1896  2334 I am_set_resumed_activity: [0,com.android.launcher3/com.android.searchlauncher.SearchLauncher,minimalResumeActivityLocked]
07-09 09:41:28.754  1896  2334 I am_pause_activity: [0,63403618,com.android.launcher3/com.android.searchlauncher.SearchLauncher]
07-09 09:41:28.759  1896  2334 I am_proc_bound: [0,2888,com.google.process.gservices]
07-09 09:41:28.786  1896  2818 I am_uid_running: 10011
07-09 09:41:28.799  1896  2818 I am_proc_start: [0,2919,10011,android.process.media,content provider,com.android.providers.media/.MediaProvider]
07-09 09:41:28.800  1896  2301 I am_uid_running: 10084
07-09 09:41:28.815  1896  2301 I am_proc_start: [0,2936,10084,com.android.smspush,service,com.android.smspush/.WapPushManager]
07-09 09:41:28.817  1896  2202 I am_proc_bound: [0,2919,android.process.media]
07-09 09:41:28.825  1896  1914 I am_proc_bound: [0,2936,com.android.smspush]
07-09 09:41:28.826  1896  1914 I am_uid_active: 10084
07-09 09:41:28.836  1896  1896 I backup_transport_lifecycle: [android/com.android.internal.backup.LocalTransportService,1]
07-09 09:41:28.904  1896  1929 I am_proc_start: [0,2967,1000,com.android.keychain,service,com.android.keychain/.KeyChainService]
07-09 09:41:28.905  1896  2334 I am_proc_bound: [0,2967,com.android.keychain]
07-09 09:41:28.983  1896  1896 I auditd  : type=1400 audit(0.0:34): avc: denied { execute } for comm="system_server" path="/data/dalvik-cache/arm64/system@priv-app@com.qualcomm.location@com.qualcomm.location.apk@classes.dex" dev="dm-2" ino=1863937 scontext=u:r:system_server:s0 tcontext=u:object_r:dalvikcache_data_file:s0 tclass=file permissive=0
07-09 09:41:28.993  2313  2313 I auditd  : type=1400 audit(0.0:36): avc: denied { read } for comm="m.android.phone" name="u:object_r:opengles_prop:s0" dev="tmpfs" ino=20426 scontext=u:r:radio:s0 tcontext=u:object_r:opengles_prop:s0 tclass=file permissive=0
07-09 09:41:29.079  1896  2985 I am_uid_running: 10003
07-09 09:41:29.089  1896  2985 I am_proc_start: [0,3010,10003,android.process.acore,content provider,com.android.providers.contacts/.ContactsProvider2]
07-09 09:41:29.115  1896  3009 I am_proc_start: [0,3022,1000,com.qualcomm.location.XT,service,com.qualcomm.location.XT/.XTSrv]
07-09 09:41:29.118  1896  2298 I am_proc_bound: [0,3010,android.process.acore]
07-09 09:41:29.124  1896  2298 I am_uid_active: 10003
07-09 09:41:29.131  1896  2987 I am_proc_bound: [0,3022,com.qualcomm.location.XT]
07-09 09:41:29.140  2186  2404 I sysui_multi_action: [757,1093,758,4,793,4083,1094,9437184,1095,3]
07-09 09:41:29.157  1896  1914 I am_proc_start: [0,3051,10014,com.google.android.gms,content provider,com.google.android.gms/.fonts.provider.FontsProvider]
07-09 09:41:29.178  1896  2817 I am_proc_start: [0,3069,10039,com.google.android.googlequicksearchbox:search,service,com.google.android.googlequicksearchbox/com.google.android.hotword.service.HotwordService]
07-09 09:41:29.179  1896  2301 I am_proc_bound: [0,3051,com.google.android.gms]
07-09 09:41:29.212  1896  2817 I am_proc_bound: [0,3069,com.google.android.googlequicksearchbox:search]
07-09 09:41:29.223  2873  2873 I am_on_resume_called: [0,com.android.searchlauncher.SearchLauncher,LAUNCH_ACTIVITY]
07-09 09:41:29.242  2873  2873 I am_on_paused_called: [0,com.android.searchlauncher.SearchLauncher,handlePauseActivity]
07-09 09:41:29.245  1896  1930 I am_stop_activity: [0,63403618,com.android.launcher3/com.android.searchlauncher.SearchLauncher]
07-09 09:41:29.246  1896  1930 I sysui_count: [window_time_0,1]
07-09 09:41:29.246  1896  1930 I sysui_multi_action: [757,803,799,window_time_0,802,1]
07-09 09:41:29.305  2873  2873 I am_on_stop_called: [0,com.android.searchlauncher.SearchLauncher,handleStopActivity]
07-09 09:41:29.361  1896  2987 I am_proc_start: [0,3114,1000,com.qualcomm.qti.poweroffalarm,broadcast,com.qualcomm.qti.poweroffalarm/.PowerOffAlarmBroadcastReceiver]
07-09 09:41:29.382  1896  2983 I am_proc_bound: [0,3114,com.qualcomm.qti.poweroffalarm]
07-09 09:41:29.509  1896  2301 I am_uid_running: 10076
07-09 09:41:29.521  1896  2301 I am_proc_start: [0,3151,10076,com.google.android.apps.photos,broadcast,com.google.android.apps.photos/.sdcard.envcache.ExternalStorageStateChangeBroadcastReceiver]
07-09 09:41:29.545  1896  1914 I am_proc_bound: [0,3151,com.google.android.apps.photos]
07-09 09:41:29.635  1896  1896 I backup_transport_lifecycle: [com.google.android.gms/.backup.component.D2dTransportService,1]
07-09 09:41:29.654  1896  2298 I am_proc_start: [0,3172,10014,com.google.process.gapps,content provider,com.google.android.gsf/.settings.GoogleSettingsProvider]
07-09 09:41:29.672  1896  2301 I am_proc_bound: [0,3172,com.google.process.gapps]
07-09 09:41:29.707  1896  2983 I am_uid_running: 10022
07-09 09:41:29.726  1896  2983 I am_proc_start: [0,3194,10022,com.google.android.partnersetup,content provider,com.google.android.partnersetup/.RlzAppProvider]
07-09 09:41:29.729  1896  2985 I am_proc_bound: [0,3194,com.google.android.partnersetup]
07-09 09:41:29.731  1896  2985 I am_uid_active: 10022
07-09 09:41:29.795  1896  1896 I backup_transport_lifecycle: [com.google.android.gms/.backup.BackupTransportService,1]
07-09 09:41:29.911  1896  1896 I notification_cancel_all: [1000,1896,com.google.android.gms,0,0,0,17,NULL]
07-09 09:41:29.925  1896  2301 I am_proc_start: [0,3237,1000,com.qualcomm.qti.qmmi,broadcast,com.qualcomm.qti.qmmi/.framework.QmmiReceiver]
07-09 09:41:29.933  1896  2298 I am_proc_bound: [0,3237,com.qualcomm.qti.qmmi]
07-09 09:41:29.940  1896  1929 I am_meminfo: [965648384,1568251904,12288,254963712,374815744]
07-09 09:41:30.228  1896  3298 I sysui_histogram: [boot_mount_all_duration_default,16]
07-09 09:41:30.228  1896  3298 I sysui_multi_action: [757,804,799,boot_mount_all_duration_default,801,16,802,1]
07-09 09:41:30.228  1896  3298 I sysui_histogram: [boot_fs_stat_dsp_a,3]
07-09 09:41:30.228  1896  3298 I sysui_multi_action: [757,804,799,boot_fs_stat_dsp_a,801,3,802,1]
07-09 09:41:30.239  1896  3298 I sysui_histogram: [shutdown_activity_manager,130]
07-09 09:41:30.239  1896  3298 I sysui_multi_action: [757,804,799,shutdown_activity_manager,801,130,802,1]
07-09 09:41:30.239  1896  3298 I sysui_histogram: [shutdown_radios,538]
07-09 09:41:30.239  1896  3298 I sysui_multi_action: [757,804,799,shutdown_radios,801,538,802,1]
07-09 09:41:30.239  1896  3298 I sysui_histogram: [shutdown_radio,533]
07-09 09:41:30.239  1896  3298 I sysui_multi_action: [757,804,799,shutdown_radio,801,533,802,1]
07-09 09:41:30.239  1896  3298 I sysui_histogram: [shutdown_send_shutdown_broadcast,333]
07-09 09:41:30.239  1896  3298 I sysui_multi_action: [757,804,799,shutdown_send_shutdown_broadcast,801,333,802,1]
07-09 09:41:30.239  1896  3298 I sysui_histogram: [shutdown_system_server,1520]
07-09 09:41:30.239  1896  3298 I sysui_multi_action: [757,804,799,shutdown_system_server,801,1520,802,1]
07-09 09:41:30.239  1896  3298 I sysui_histogram: [shutdown_package_manager,18]
07-09 09:41:30.239  1896  3298 I sysui_multi_action: [757,804,799,shutdown_package_manager,801,18,802,1]
07-09 09:41:30.239  1896  3298 I sysui_histogram: [shutdown_bt,33]
07-09 09:41:30.240  1896  3298 I sysui_multi_action: [757,804,799,shutdown_bt,801,33,802,1]
07-09 09:41:30.240  1896  3298 I sysui_histogram: [shutdown_storage_manager,500]
07-09 09:41:30.240  1896  3298 I sysui_multi_action: [757,804,799,shutdown_storage_manager,801,500,802,1]
07-09 09:41:30.257  1896  2983 I am_uid_active: 10011
07-09 09:41:30.281  1896  2983 I am_uid_running: 10016
07-09 09:41:30.291  1896  2983 I am_proc_start: [0,3310,10016,com.google.android.dialer,broadcast,com.google.android.dialer/com.google.android.apps.dialer.app.GoogleDialerBootReceiver]
07-09 09:41:30.306  1896  2983 I am_proc_bound: [0,3310,com.google.android.dialer]
07-09 09:41:30.391  1896  2983 I configuration_changed: 3
07-09 09:41:30.489  2313  2313 I gsm_service_state_change: [1,1,0,0]
07-09 09:41:30.490  2313  2313 I gsm_rat_switched_new: [231622669,0,14]
07-09 09:41:30.646  1896  1896 I notification_cancel_all: [1000,1896,com.google.android.dialer,0,0,0,17,NULL]
07-09 09:41:30.646  1896  2298 I sysui_multi_action: [757,856,758,2,806,com.google.android.dialer,857,phone_voicemail_account_:8991000900009990147f,858,3]
07-09 09:41:30.742  1896  2986 I am_proc_start: [0,3361,1000,com.qualcomm.display,broadcast,com.qualcomm.cabl/.CABLReceiver]
07-09 09:41:30.770  1896  1914 I am_proc_bound: [0,3361,com.qualcomm.display]
07-09 09:41:30.933  1896  2334 I am_uid_running: 10012
07-09 09:41:30.947  1896  2334 I am_proc_start: [0,3393,10012,com.android.cellbroadcastreceiver,broadcast,com.android.cellbroadcastreceiver/.CellBroadcastReceiver]
07-09 09:41:30.983  1896  2817 I am_proc_bound: [0,3393,com.android.cellbroadcastreceiver]
07-09 09:41:31.110  1896  2818 I am_uid_running: 10023
07-09 09:41:31.124  1896  2818 I am_proc_start: [0,3418,10023,com.android.hotwordenrollment.okgoogle,broadcast,com.android.hotwordenrollment.okgoogle/.StartupReceiver]
07-09 09:41:31.150  1896  1915 I am_proc_bound: [0,3418,com.android.hotwordenrollment.okgoogle]
07-09 09:41:31.177  2186  2404 I sysui_multi_action: [757,1093,758,4,793,2037,1094,9437184,1095,2]
07-09 09:41:31.253  1896  2818 I am_uid_running: 10024
07-09 09:41:31.268  1896  2818 I am_proc_start: [0,3450,10024,com.android.managedprovisioning,broadcast,com.android.managedprovisioning/.preprovisioning.BootReminder]
07-09 09:41:31.283  1896  1915 I am_proc_bound: [0,3450,com.android.managedprovisioning]
07-09 09:41:31.355  1896  2817 I am_uid_running: 10004
07-09 09:41:31.371  1896  2817 I am_proc_start: [0,3473,10004,com.android.providers.calendar,broadcast,com.android.providers.calendar/.CalendarReceiver]
07-09 09:41:31.426  1896  2818 I am_proc_bound: [0,3473,com.android.providers.calendar]
07-09 09:41:31.532  1896  2134 I netstats_mobile_sample: [0,0,0,0,0,0,0,0,0,0,0,0,-1]
07-09 09:41:31.532  1896  2134 I netstats_wifi_sample: [0,0,0,0,0,0,0,0,0,0,0,0,-1]
07-09 09:41:31.561  1896  2134 I netstats_mobile_sample: [0,0,0,0,0,0,0,0,0,0,0,0,-1]
07-09 09:41:31.561  1896  2134 I netstats_wifi_sample: [0,0,0,0,0,0,0,0,0,0,0,0,-1]
07-09 09:41:31.765   591   591 I auditd  : avc:  denied  { find } for service=regionalization pid=2919 uid=10011 scontext=u:r:mediaprovider:s0:c512,c768 tcontext=u:object_r:regionalization_service:s0 tclass=service_manager permissive=0
07-09 09:41:31.773  1896  2125 I ntp_success: [time.android.com/216.239.35.12,114,-631]
07-09 09:41:31.780  1896  2987 I am_uid_running: 10026
07-09 09:41:31.785  1896  2274 I ntp_success: [time.android.com/216.239.35.12,125,-627]
07-09 09:41:31.158  1896  2396 I ntp_success: [time.android.com/216.239.35.12,127,-631]
07-09 09:41:31.167  1896  2987 I am_proc_start: [0,3531,10026,com.android.vending,broadcast,com.android.vending/com.google.android.finsky.boothandler.BootCompletedReceiver]
07-09 09:41:31.175  1896  2140 I am_uid_active: 10004
07-09 09:41:31.192  1896  2987 I am_proc_bound: [0,3531,com.android.vending]
07-09 09:41:31.330  1896  1929 I sync    : [com.google.android.gms.games.background,0,2,1555827538]
07-09 09:41:31.340  1896  1929 I sync    : [com.android.contacts,0,1,1555827538]
07-09 09:41:31.342  1896  1929 I am_uid_running: 10057
07-09 09:41:31.384  1896  1929 I am_proc_start: [0,3547,10057,com.google.process.gapps,service,com.google.android.syncadapters.contacts/.ContactsSyncAdapterService]
07-09 09:41:31.389  1896  2983 I am_proc_bound: [0,3547,com.google.process.gapps]
07-09 09:41:31.395  1896  1929 I sync    : [com.google.android.gms.games,0,2,1555827538]
07-09 09:41:31.406  1896  1929 I sync    : [com.google.android.gms.drive.sync,0,2,1555827538]
07-09 09:41:31.431  1896  2298 I am_proc_start: [0,3563,10014,com.google.android.play.games.ui,content provider,com.google.android.gms/.games.provider.NotificationStubContentProvider]
07-09 09:41:31.448  1896  2987 I am_proc_bound: [0,3563,com.google.android.play.games.ui]
07-09 09:41:31.504  1896  1929 I sync    : [com.google.android.gms.games.background,1,2,1555827538]
07-09 09:41:31.572  1896  1929 I sync    : [com.google.android.gms.games,1,2,1555827538]
07-09 09:41:31.753  1896  1896 I notification_cancel_all: [1000,1896,com.android.vending,0,0,0,17,NULL]
07-09 09:41:31.765  1896  1896 I chatty  : uid=1000 system_server identical 2 lines
07-09 09:41:31.765  1896  1896 I notification_cancel_all: [1000,1896,com.android.vending,0,0,0,17,NULL]
07-09 09:41:31.906  1896  1896 I auditd  : type=1400 audit(0.0:37): avc: denied { execute } for comm="system_server" path="/data/dalvik-cache/arm64/system@app@AntHalService@AntHalService.apk@classes.dex" dev="dm-2" ino=1863865 scontext=u:r:system_server:s0 tcontext=u:object_r:dalvikcache_data_file:s0 tclass=file permissive=0
07-09 09:41:31.919  1896  1929 I sync    : [com.google.android.gms.drive.sync,1,2,1555827538]
07-09 09:41:31.958  2186  2404 I sysui_multi_action: [757,1093,758,4,793,781,1094,9437184,1095,2]
07-09 09:41:31.997  1896  1896 I am_uid_running: 10089
07-09 09:41:32.010  1896  1896 I am_proc_start: [0,3662,10089,com.generalmobile.app.gmfilemanager,broadcast,com.generalmobile.app.gmfilemanager/.core.services.BootCompleteReceiver]
07-09 09:41:32.037  1896  2987 I am_proc_bound: [0,3662,com.generalmobile.app.gmfilemanager]
07-09 09:41:32.230  3547  3580 I sync_details: [Sync,0,0,]
07-09 09:41:32.240  1896  1929 I sync    : [com.android.contacts,1,1,1555827538]
07-09 09:41:32.480  1896  2818 I am_uid_running: 10092
07-09 09:41:32.495  1896  2818 I am_proc_start: [0,3730,10092,com.generalmobile.assistant,broadcast,com.generalmobile.assistant/.utils.retail.receiver.OnBootBroadcast]
07-09 09:41:32.517  1896  2301 I am_proc_bound: [0,3730,com.generalmobile.assistant]
07-09 09:41:33.137  1896  2298 I am_proc_start: [0,3807,1000,com.generalmobile.gmservice,broadcast,com.generalmobile.gmservice/.utils.receivers.BootReceiver]
07-09 09:41:33.163  1896  2818 I am_proc_bound: [0,3807,com.generalmobile.gmservice]
07-09 09:41:33.208  3531  3750 I google_http_request: [341,200,Android-Finsky/10.6.08-all%20%5B0%5D%20%5BPR%5D%20200628961 (api=3,versionCode=81060800,sdk=27,device=GM9PRO_d_sprout,hardware=qcom,product=GM9PRO,platformVersionRelease=8.1.0,model=GM%209%20Pro%20d,buildId=OPM1.171019.019,isWideScreen=0,supportedAbis=arm64-v8a;armeabi-v7a;armeabi),1]
07-09 09:41:33.222  1896  2987 I am_uid_running: 10091
07-09 09:41:33.249  1896  2987 I am_proc_start: [0,3823,10091,com.generalmobile.storeoid,broadcast,com.generalmobile.storeoid/.livedevice.OnBootBroadcast]
07-09 09:41:33.271  1896  2301 I am_proc_bound: [0,3823,com.generalmobile.storeoid]
07-09 09:41:33.405  1896  1930 I am_uid_running: 10071
07-09 09:41:33.408  3531  3750 I google_http_request: [154,200,Android-Finsky/10.6.08-all%20%5B0%5D%20%5BPR%5D%20200628961 (api=3,versionCode=81060800,sdk=27,device=GM9PRO_d_sprout,hardware=qcom,product=GM9PRO,platformVersionRelease=8.1.0,model=GM%209%20Pro%20d,buildId=OPM1.171019.019,isWideScreen=0,supportedAbis=arm64-v8a;armeabi-v7a;armeabi),1]
07-09 09:41:33.423  1896  1930 I am_proc_start: [0,3854,10071,com.google.android.apps.maps,broadcast,com.google.android.apps.maps/com.google.android.apps.gmm.navigation.service.detection.StartDetectionReceiver]
07-09 09:41:33.441  1896  2298 I am_proc_bound: [0,3854,com.google.android.apps.maps]
07-09 09:41:33.690  1896  2987 I wm_stack_created: 1
07-09 09:41:33.691  1896  2987 I wm_task_created: [143,1]
07-09 09:41:33.691  1896  2987 I wm_task_moved: [143,1,0]
07-09 09:41:33.786  3854  3854 I auditd  : type=1400 audit(0.0:39): avc: denied { read } for comm="NativeLibLoader" name="stat" dev="proc" ino=4026532072 scontext=u:r:untrusted_app:s0:c512,c768 tcontext=u:object_r:proc_stat:s0 tclass=file permissive=0
07-09 09:41:33.935  2683  3875 I c2dm    : [-2,,1,1]
07-09 09:41:33.946  2186  2404 I sysui_multi_action: [757,1093,758,4,793,1987,1094,9437184,1095,2]
07-09 09:41:34.052  2683  3894 I c2dm    : [3,,1,1]
07-09 09:41:34.060  2683  3894 I gtalk_heartbeat_reset: [120,74.125.24.188:5228]
07-09 09:41:34.061  2683  3894 I gtalk_connection: 0
07-09 09:41:34.066  2683  3894 I c2dm    : [7,,1,1]
07-09 09:41:34.309  1896  2983 I am_proc_start: [0,3927,10026,com.android.vending:instant_app_installer,service,com.android.vending/com.google.android.finsky.instantapps.statussync.StatusSyncService]
07-09 09:41:34.351  1896  1915 I am_proc_bound: [0,3927,com.android.vending:instant_app_installer]
07-09 09:41:34.384  1896  2818 I am_uid_running: 10072
07-09 09:41:34.395  1896  2818 I am_proc_start: [0,3943,10072,com.google.android.apps.messaging,broadcast,com.google.android.apps.messaging/.shared.receiver.BootAndPackageReplacedReceiver]
07-09 09:41:34.428  1896  2818 I am_proc_bound: [0,3943,com.google.android.apps.messaging]
07-09 09:41:34.788  1896  2298 I am_uid_running: 10064
07-09 09:41:34.801  1896  2298 I am_proc_start: [0,3994,10064,com.google.android.tts,service,com.google.android.tts/.service.GoogleTTSService]
07-09 09:41:34.822  1896  2987 I am_proc_bound: [0,3994,com.google.android.tts]
07-09 09:41:34.926  3943  3943 I auditd  : type=1400 audit(0.0:40): avc: denied { read } for comm=".apps.messaging" name="stat" dev="proc" ino=4026532072 scontext=u:r:untrusted_app:s0:c512,c768 tcontext=u:object_r:proc_stat:s0 tclass=file permissive=0
07-09 09:41:34.936  3943  3943 I chatty  : uid=10072(com.google.android.apps.messaging) identical 1 line
07-09 09:41:34.946  3943  3943 I auditd  : type=1400 audit(0.0:42): avc: denied { read } for comm=".apps.messaging" name="stat" dev="proc" ino=4026532072 scontext=u:r:untrusted_app:s0:c512,c768 tcontext=u:object_r:proc_stat:s0 tclass=file permissive=0
07-09 09:41:35.121  1896  1915 I am_proc_start: [0,4038,10072,com.google.android.apps.messaging:rcs,broadcast,com.google.android.apps.messaging/com.google.android.ims.receiver.AutoStartReceiver]
07-09 09:41:35.146  1896  2818 I am_proc_bound: [0,4038,com.google.android.apps.messaging:rcs]
07-09 09:41:35.451  1896  2301 I am_uid_running: 10052
07-09 09:41:35.467  1896  2301 I am_proc_start: [0,4070,10052,com.google.android.calendar,broadcast,com.google.android.calendar/.alerts.HabitsIntentReceiver]
07-09 09:41:35.491  1896  2301 I am_proc_bound: [0,4070,com.google.android.calendar]
07-09 09:41:35.859  1896  2818 I am_uid_running: 10006
07-09 09:41:35.874  1896  2818 I am_proc_start: [0,4116,10006,com.google.android.configupdater,broadcast,com.google.android.configupdater/.MainReceiver]
07-09 09:41:35.898  1896  2334 I am_proc_bound: [0,4116,com.google.android.configupdater]
07-09 09:41:36.050  1896  2818 I am_uid_running: 10017
07-09 09:41:36.064  1896  2818 I am_proc_start: [0,4159,10017,com.google.android.contacts,broadcast,com.google.android.contacts/com.google.android.apps.contacts.interactions.OnBootOrUpgradeReceiver]
07-09 09:41:36.080  1896  2818 I am_proc_bound: [0,4159,com.google.android.contacts]
07-09 09:41:36.276  1896  2817 I am_uid_running: 10061
07-09 09:41:36.287  1896  2817 I am_proc_start: [0,4186,10061,com.google.android.gm,broadcast,com.google.android.gm/.GoogleMailDeviceStartupReceiver]
07-09 09:41:36.308  1896  2301 I am_proc_bound: [0,4186,com.google.android.gm]
07-09 09:41:36.966  1896  2817 I am_uid_running: 10059
07-09 09:41:36.978  1896  2817 I am_proc_start: [0,4262,10059,com.android.chrome,service,com.android.chrome/org.chromium.chrome.browser.customtabs.CustomTabsConnectionService]
07-09 09:41:37.052  1896  2987 I am_proc_bound: [0,4262,com.android.chrome]
07-09 09:41:37.069  1896  1915 I am_uid_running: 10007
07-09 09:41:37.089  1896  1915 I am_proc_start: [0,4284,10007,com.google.android.ims,broadcast,com.google.android.ims/.receivers.BootCompletedReceiver]
07-09 09:41:37.136  1896  2817 I am_proc_bound: [0,4284,com.google.android.ims]
07-09 09:41:37.217  1896  1929 I sync    : [com.google.android.gms.auth.accountstate,0,3,1555827538]
07-09 09:41:37.341  1896  1929 I sync    : [com.google.android.gms.auth.accountstate,1,3,1555827538]
07-09 09:41:37.416  1896  1929 I sync    : [com.google.android.gms.auth.api.credentials,0,3,1555827538]
07-09 09:41:37.518  3051  4243 I [70220] : 47122
07-09 09:41:37.539  1896  1929 I sync    : [com.google.android.gms.chromesync,0,3,1555827538]
07-09 09:41:37.633  1896  2334 I am_proc_start: [0,4356,10014,com.google.android.gms.unstable,service,com.google.android.gms/.droidguard.DroidGuardService]
07-09 09:41:37.655  1896  1929 I sync    : [com.google.android.gms.auth.api.credentials,1,3,1555827538]
07-09 09:41:37.667  2888  2992 I force_gc: Binder
07-09 09:41:37.698  1896  2301 I am_proc_bound: [0,4356,com.google.android.gms.unstable]
07-09 09:41:37.836  1896  1929 I sync    : [com.google.android.gms.chromesync,1,3,1555827538]
07-09 09:41:37.873  3051  3989 I aggregation: 1531109497873
07-09 09:41:37.910  3051  3989 I [70220] : [20484,185]
07-09 09:41:38.017  1896  2987 I am_uid_active: 10026
07-09 09:41:38.049  1896  2301 I am_proc_start: [0,4427,10014,com.google.android.gms.ui,service,com.google.android.gms/.chimera.UiIntentOperationService]
07-09 09:41:38.101  1896  2334 I am_proc_bound: [0,4427,com.google.android.gms.ui]
07-09 09:41:38.459  1896  1929 I sync    : [subscribedfeeds,0,0,1555827538]
07-09 09:41:38.690  1896  2984 I am_uid_running: 10066
07-09 09:41:38.705  1896  2984 I am_proc_start: [0,4533,10066,com.google.android.inputmethod.japanese,broadcast,com.google.android.inputmethod.japanese/com.google.android.apps.inputmethod.libs.framework.core.LauncherIconVisibilityInitializer]
07-09 09:41:38.739  1896  2987 I am_proc_bound: [0,4533,com.google.android.inputmethod.japanese]
07-09 09:41:38.746  4356  4356 I auditd  : type=1400 audit(0.0:43): avc: denied { read } for comm="IntentService[D" name="/" dev="tmpfs" ino=13463 scontext=u:r:priv_app:s0:c512,c768 tcontext=u:object_r:device:s0 tclass=dir permissive=0
07-09 09:41:38.746  4356  4356 I auditd  : type=1400 audit(0.0:44): avc: denied { read } for comm="IntentService[D" name="interrupts" dev="proc" ino=4026532069 scontext=u:r:priv_app:s0:c512,c768 tcontext=u:object_r:proc_interrupts:s0 tclass=file permissive=0
07-09 09:41:38.969  1896  2817 I am_uid_running: 10068
07-09 09:41:38.980  1896  2817 I am_proc_start: [0,4574,10068,com.google.android.inputmethod.korean,broadcast,com.google.android.inputmethod.korean/com.google.android.apps.inputmethod.libs.framework.core.LauncherIconVisibilityInitializer]
07-09 09:41:39.013  1896  1915 I am_proc_bound: [0,4574,com.google.android.inputmethod.korean]
07-09 09:41:39.098  2683  4596 I sysui_action: [920,2101142433]
07-09 09:41:39.098  2683  4596 I sysui_multi_action: [757,920,758,4,759,2101142433]
07-09 09:41:39.314  1896  1940 I am_uid_running: 1002
07-09 09:41:39.332  1896  1940 I am_proc_start: [0,4616,1002,com.android.bluetooth,service,com.android.bluetooth/.btservice.AdapterService]
07-09 09:41:39.347  1896  2987 I am_uid_running: 10063
07-09 09:41:39.359  1896  2987 I am_proc_start: [0,4629,10063,com.google.android.inputmethod.pinyin,broadcast,com.google.android.inputmethod.pinyin/com.google.android.apps.inputmethod.libs.framework.core.LauncherIconVisibilityInitializer]
07-09 09:41:39.361  1896  2983 I am_proc_bound: [0,4616,com.android.bluetooth]
07-09 09:41:39.363  1896  2983 I am_uid_active: 1002
07-09 09:41:39.391  1896  2817 I am_proc_bound: [0,4629,com.google.android.inputmethod.pinyin]
07-09 09:41:39.412  1896  1929 I sync    : [subscribedfeeds,1,0,1555827538]
07-09 09:41:39.615  4616  4656 I bt_config_source: 1
07-09 09:41:39.719  1896  1914 I am_uid_running: 10019
07-09 09:41:39.733  1896  1914 I am_proc_start: [0,4679,10019,com.google.android.onetimeinitializer,broadcast,com.google.android.onetimeinitializer/.OneTimeInitializerReceiver]
07-09 09:41:39.735  1896  1914 I am_kill : [0,2967,com.android.keychain,906,empty #31]
07-09 09:41:39.748  1896  2983 I am_proc_bound: [0,4679,com.google.android.onetimeinitializer]
07-09 09:41:39.761  1896  2983 I am_proc_died: [0,2967,com.android.keychain,906,17]
07-09 09:41:39.844  1896  2983 I am_uid_running: 10021
07-09 09:41:39.860  1896  2983 I am_proc_start: [0,4701,10021,com.google.android.packageinstaller,broadcast,com.google.android.packageinstaller/com.android.packageinstaller.TemporaryFileManager]
07-09 09:41:39.862  1896  2987 I am_kill : [0,2844,com.google.android.setupwizard,906,empty #31]
07-09 09:41:39.886  1896  1915 I am_proc_bound: [0,4701,com.google.android.packageinstaller]
07-09 09:41:39.890  1896  4580 I am_proc_died: [0,2844,com.google.android.setupwizard,906,17]
07-09 09:41:39.890  1896  4580 I am_uid_stopped: 10033
07-09 09:41:39.916  1896  1945 I power_sleep_requested: 0
07-09 09:41:39.967  1896  4580 I am_kill : [0,3114,com.qualcomm.qti.poweroffalarm,906,empty #31]
07-09 09:41:39.984  1896  1915 I am_proc_died: [0,3114,com.qualcomm.qti.poweroffalarm,906,17]
07-09 09:41:40.086  4356  4356 I auditd  : type=1400 audit(0.0:46): avc: denied { read } for comm="Binder:4356_1" name="modules" dev="proc" ino=4026532117 scontext=u:r:priv_app:s0:c512,c768 tcontext=u:object_r:proc_modules:s0 tclass=file permissive=0
07-09 09:41:40.116  4356  4356 I auditd  : type=1400 audit(0.0:47): avc: denied { read } for comm="Binder:4356_1" name="/" dev="tmpfs" ino=13463 scontext=u:r:priv_app:s0:c512,c768 tcontext=u:object_r:device:s0 tclass=dir permissive=0
07-09 09:41:40.186  3051  3989 I [70220] : [5,1531048893182,1531109497873,56,220,71,0,34,30,0,26,0,1679,0,0,3,0,2,43]
07-09 09:41:40.206  1896  1915 I am_uid_running: 10067
