07-09 09:41:28.244  1896  1930 I BackupManagerService: Backup enabled => true
07-09 09:41:28.263  1896  2202 I ActivityManager: Start proc 2699:com.qualcomm.qcrilmsgtunnel/1001 for service com.qualcomm.qcrilmsgtunnel/.QcrilMsgTunnelService
07-09 09:41:28.299  1896  2298 D CompatibilityInfo: mCompatibilityFlags - 0
07-09 09:41:28.299  1896  2298 D CompatibilityInfo: applicationDensity - 480
07-09 09:41:28.299  1896  2298 D CompatibilityInfo: applicationScale - 1.0
07-09 09:41:28.300  2683  2683 I zygote64: The ClassLoaderContext is a special shared library.
07-09 09:41:28.300  1896  2298 D CompatibilityInfo: mCompatibilityFlags - 0
07-09 09:41:28.300  1896  2298 D CompatibilityInfo: applicationDensity - 480
07-09 09:41:28.300  1896  2298 D CompatibilityInfo: applicationScale - 1.0
07-09 09:41:28.302  2683  2683 I zygote64: The ClassLoaderContext is a special shared library.
07-09 09:41:28.367  1896  2128 D WifiConfigStore: Writing to stores completed in 195 ms.
07-09 09:41:28.368  1896  2128 D WIFI    : got request NetworkRequest [ TRACK_DEFAULT id=8, [ Capabilities: INTERNET&NOT_RESTRICTED&TRUSTED&NOT_VPN] ] with score 0
07-09 09:41:28.369  1896  2128 D WIFI    : got request NetworkRequest [ REQUEST id=1, [ Capabilities: INTERNET&NOT_RESTRICTED&TRUSTED&NOT_VPN] ] with score 0
07-09 09:41:28.369  1896  2128 D WIFI    : got request NetworkRequest [ BACKGROUND_REQUEST id=2, [ Transports: CELLULAR Capabilities: INTERNET&NOT_RESTRICTED&TRUSTED&NOT_VPN] ] with score 0
07-09 09:41:28.369  1896  2128 D WIFI    : got request NetworkRequest [ TRACK_DEFAULT id=3, [ Capabilities: INTERNET&NOT_RESTRICTED&TRUSTED&NOT_VPN] ] with score 0
07-09 09:41:28.369  1896  2128 D WIFI    : got request NetworkRequest [ TRACK_DEFAULT id=5, [ Capabilities: INTERNET&NOT_RESTRICTED&TRUSTED&NOT_VPN] ] with score 0
07-09 09:41:28.370  1896  2128 D WIFI_UT : got request NetworkRequest [ TRACK_DEFAULT id=8, [ Capabilities: INTERNET&NOT_RESTRICTED&TRUSTED&NOT_VPN] ] with score 0
07-09 09:41:28.370  1896  2128 D WIFI_UT : got request NetworkRequest [ REQUEST id=1, [ Capabilities: INTERNET&NOT_RESTRICTED&TRUSTED&NOT_VPN] ] with score 0
07-09 09:41:28.370  1896  2128 D WIFI_UT : got request NetworkRequest [ BACKGROUND_REQUEST id=2, [ Transports: CELLULAR Capabilities: INTERNET&NOT_RESTRICTED&TRUSTED&NOT_VPN] ] with score 0
07-09 09:41:28.370  1896  2128 D WIFI_UT : got request NetworkRequest [ TRACK_DEFAULT id=3, [ Capabilities: INTERNET&NOT_RESTRICTED&TRUSTED&NOT_VPN] ] with score 0
07-09 09:41:28.370  1896  2128 D WIFI_UT : got request NetworkRequest [ TRACK_DEFAULT id=5, [ Capabilities: INTERNET&NOT_RESTRICTED&TRUSTED&NOT_VPN] ] with score 0
07-09 09:41:28.370  1896  2125 I WifiService: getConfiguredNetworks uid=1000
07-09 09:41:28.370  2699  2699 D QcrilMsgTunnelService: onCreate method
07-09 09:41:28.370  2699  2699 D QcrilMsgTunnelIfaceManager: :Instantiated
07-09 09:41:28.371  2699  2699 I QcrilOemhookMsgTunnel: [null]Starting QcrilOemhookMsgTunnel
07-09 09:41:28.372  2699  2699 I zygote64: Looking for service vendor.qti.hardware.radio.qcrilhook@1.0::IQtiOemHook/oemhook0
07-09 09:41:28.373  2699  2699 I zygote64: Starting thread pool.
07-09 09:41:28.374  2699  2699 I QcrilOemhookMsgTunnel: [0]initOemHook:setCallback vendor.qti.hardware.radio.qcrilhook@1.0::IQtiOemHookResponse@Stub vendor.qti.hardware.radio.qcrilhook@1.0::IQtiOemHookIndication@Stub
07-09 09:41:28.375  1896  2672 V KeyValueBackupJob: Scheduling k/v pass in 248 minutes
07-09 09:41:28.376  2699  2699 I zygote64: Looking for service android.hidl.manager@1.0::IServiceManager/default
07-09 09:41:28.384  2699  2699 I zygote64: Starting thread pool.
07-09 09:41:28.386  2699  2699 I QcrilOemhookMsgTunnel: [0]registerForServiceNotifications: ret=true
07-09 09:41:28.386  2699  2699 D QcrilMsgTunnelIfaceManager: Registered SUB0 for UNSOL OEM HOOK to deliver external apps
07-09 09:41:28.386  2699  2699 I QcrilOemhookMsgTunnel: [null]Starting QcrilOemhookMsgTunnel
07-09 09:41:28.386  2699  2699 I zygote64: Looking for service vendor.qti.hardware.radio.qcrilhook@1.0::IQtiOemHook/oemhook1
07-09 09:41:28.387  2699  2699 I zygote64: Starting thread pool.
07-09 09:41:28.388  2699  2699 I QcrilOemhookMsgTunnel: [1]initOemHook:setCallback vendor.qti.hardware.radio.qcrilhook@1.0::IQtiOemHookResponse@Stub vendor.qti.hardware.radio.qcrilhook@1.0::IQtiOemHookIndication@Stub
07-09 09:41:28.388  2699  2699 I zygote64: Looking for service android.hidl.manager@1.0::IServiceManager/default
07-09 09:41:28.389  2699  2699 I zygote64: Starting thread pool.
07-09 09:41:28.390  2699  2699 I QcrilOemhookMsgTunnel: [1]registerForServiceNotifications: ret=true
07-09 09:41:28.390  2699  2699 D QcrilMsgTunnelIfaceManager: Registered SUB1 for UNSOL OEM HOOK to deliver external apps
07-09 09:41:28.391  2699  2699 D QcrilMsgTunnelService: Returning mHookIface for QcrilMsgTunnelService binding.
07-09 09:41:28.393  1896  2202 I ActivityManager: Start proc 2727:com.google.android.deskclock/u0a54 for broadcast com.google.android.deskclock/com.android.deskclock.AlarmInitReceiver
07-09 09:41:28.400  1896  1930 W SystemServiceManager: Service com.android.server.backup.BackupManagerService$Lifecycle took 242 ms in onUnlockUser 
07-09 09:41:28.422  1896  2202 D CompatibilityInfo: mCompatibilityFlags - 0
07-09 09:41:28.422  1896  2202 D CompatibilityInfo: applicationDensity - 480
07-09 09:41:28.422  1896  2202 D CompatibilityInfo: applicationScale - 1.0
07-09 09:41:28.424  1896  2202 D CompatibilityInfo: mCompatibilityFlags - 0
07-09 09:41:28.424  1896  2202 D CompatibilityInfo: applicationDensity - 480
07-09 09:41:28.424  1896  2202 D CompatibilityInfo: applicationScale - 1.0
07-09 09:41:28.449  1896  1930 I ActivityManager: Start proc 2744:com.google.android.googlequicksearchbox:interactor/u0a39 for service com.google.android.googlequicksearchbox/com.google.android.voiceinteraction.GsaVoiceInteractionService
07-09 09:41:28.450   796   796 E ANDR-PERF-MPCTL: Request not accepted, as target initialization is not complete.
07-09 09:41:28.459  1896  1930 I ActivityManager: Loading recents for user 0 into memory.
07-09 09:41:28.499   796   858 E ANDR-PERF-TARGET-INIT: Inside InitializeTarget
07-09 09:41:28.500   796   858 E ANDR-PERF-TARGET-INIT: Init sdm660
07-09 09:41:28.512   796   858 E ANDR-PERF-OPTSDATA: Error: KPM hotplug support and core control both are present at the same time
07-09 09:41:28.513   796  2762 E ANDR-PERF-MPCTL: perflock: iobusy pfd initialized
07-09 09:41:28.514   796  2762 E ANDR-PERF-MPCTL: perflock: mode pfd initialized
07-09 09:41:28.514   796  2762 E ANDR-PERF-MPCTL: perflock: Read file 0: 0
07-09 09:41:28.514   796  2762 E ANDR-PERF-MPCTL: perflock: Read file 1: 0
07-09 09:41:28.514   796  2762 E ANDR-PERF-MPCTL: perflock: Mode change 0
07-09 09:41:28.517  1896  2755 W ResourceType: No known package when getting value for resource number 0x7f0800e2
07-09 09:41:28.517  1896  2755 W ResourceType: No known package when getting value for resource number 0x7f0e0096
07-09 09:41:28.517  1896  2755 I chatty  : uid=1000 system_server identical 1 line
07-09 09:41:28.517  1896  2755 W ResourceType: No known package when getting value for resource number 0x7f0e0096
07-09 09:41:28.519   796  2763 E ANDR-PERF-MPCTL:  before pthread_cond_wait 1750, chk_core_online_poll
07-09 09:41:28.524  1896  1930 I ActivityManager: Start proc 2766:com.qualcomm.qti.loadcarrier/1001 for added application com.qualcomm.qti.loadcarrier
07-09 09:41:28.524   796   796 E ANDR-PERF-MPCTL: Request not accepted, as target initialization is not complete.
07-09 09:41:28.552  1896  1930 I ActivityManager: Start proc 2775:com.quicinc.wbcserviceapp/1000 for added application com.quicinc.wbcserviceapp
07-09 09:41:28.578  1896  1930 I ActivityManager: Start proc 2794:com.android.test.soundtrigger/u0a30 for added application com.android.test.soundtrigger
07-09 09:41:28.578   796   796 I chatty  : uid=0(root) perf@1.0-servic identical 2 lines
07-09 09:41:28.599  1896  1930 I ActivityManager: Start proc 2811:com.qualcomm.qti.services.secureui:sui_service/1000 for added application com.qualcomm.qti.services.secureui:sui_service
07-09 09:41:28.600   796   796 E ANDR-PERF-MPCTL: Request not accepted, as target initialization is not complete.
07-09 09:41:28.602  1896  1930 V ActivityManager: Skipping ContentProviderInfo{name=com.google.android.inputmethod.latin.dvrnn.trainingservice.provider className=com.google.android.apps.inputmethod.libs.dvrnn.trainingservice.ProcessNameInitializerContentProvider}
07-09 09:41:28.602  1896  1930 V ActivityManager: Installing ContentProviderInfo{name=com.google.android.inputmethod.latin.inputcontent className=com.google.android.apps.inputmethod.libs.search.InputContentProvider}
07-09 09:41:28.602  1896  1930 I ActivityManager: User 0 state changed from RUNNING_UNLOCKING to RUNNING_UNLOCKED
07-09 09:41:28.603  1896  1930 I ActivityManager: Sending BOOT_COMPLETE user #0
07-09 09:41:28.604  2173  2173 I InputContentProvider: Created InputContentProvider: exported=[false]
07-09 09:41:28.607  1896  2334 D CompatibilityInfo: mCompatibilityFlags - 0
07-09 09:41:28.607  1896  2334 D CompatibilityInfo: applicationDensity - 480
07-09 09:41:28.608  1896  2334 D CompatibilityInfo: applicationScale - 1.0
07-09 09:41:28.609  1896  2334 D CompatibilityInfo: mCompatibilityFlags - 0
07-09 09:41:28.609  1896  2334 D CompatibilityInfo: applicationDensity - 480
07-09 09:41:28.609  1896  2334 D CompatibilityInfo: applicationScale - 1.0
07-09 09:41:28.626  1896  1929 I ActivityManager: Start proc 2830:com.android.printspooler/u0a78 for service com.android.printspooler/.model.PrintSpoolerService
07-09 09:41:28.628  1896  2301 D CompatibilityInfo: mCompatibilityFlags - 0
07-09 09:41:28.628  1896  2301 D CompatibilityInfo: applicationDensity - 480
07-09 09:41:28.628  1896  2301 D CompatibilityInfo: applicationScale - 1.0
07-09 09:41:28.632  1896  1939 I AppWidgetServiceImpl: Async processing of onUserUnlocked u0 took 231 ms
07-09 09:41:28.632  1896  1915 D CompatibilityInfo: mCompatibilityFlags - 0
07-09 09:41:28.632  1896  1915 D CompatibilityInfo: applicationDensity - 480
07-09 09:41:28.632  1896  1915 D CompatibilityInfo: applicationScale - 1.0
07-09 09:41:28.635  1896  2818 D CompatibilityInfo: mCompatibilityFlags - 0
07-09 09:41:28.635  1896  2818 D CompatibilityInfo: applicationDensity - 480
07-09 09:41:28.635  1896  2818 D CompatibilityInfo: applicationScale - 1.0
07-09 09:41:28.637  1896  1914 D CompatibilityInfo: mCompatibilityFlags - 0
07-09 09:41:28.637  1896  1914 D CompatibilityInfo: applicationDensity - 480
07-09 09:41:28.637  1896  1914 D CompatibilityInfo: applicationScale - 1.0
07-09 09:41:28.642  2348  2348 D FallbackHome: User unlocked and real home found; let's go!
07-09 09:41:28.651  2186  2186 D CarrierText: updateCarrierText(): 0
07-09 09:41:28.662  2173  2173 I TransientFileCleaner: Deleting 0 files
07-09 09:41:28.663  1896  1896 I ActivityManager: Start proc 2844:com.google.android.setupwizard/u0a33 for service com.google.android.setupwizard/.deferred.DeferredSetupScheduler
07-09 09:41:28.669  2775  2775 I zygote64: The ClassLoaderContext is a special shared library.
07-09 09:41:28.669  2186  2186 D CarrierText: updateCarrierText(): 0
07-09 09:41:28.670  1896  1931 W Looper  : Dispatch took 161ms on android.ui, h=Handler (com.android.server.am.ActivityManagerService$UiHandler) {6d2cc50} cb=null msg=53
07-09 09:41:28.679  1896  2333 I ActivityManager: START u0 {act=android.intent.action.MAIN cat=[android.intent.category.HOME] flg=0x10000100 cmp=com.android.launcher3/com.android.searchlauncher.SearchLauncher} from uid 0
07-09 09:41:28.671  2186  2186 D CarrierText: updateCarrierText(): 0
07-09 09:41:28.680  2775  2775 I zygote64: The ClassLoaderContext is a special shared library.
07-09 09:41:28.704   796   858 E ANDR-PERF-MPCTL: Invalid profile no. 0, total profiles 0 only
07-09 09:41:28.709   592   592 W /system/bin/hwservicemanager: getTransport: Cannot find entry vendor.qti.hardware.iop@1.0::IIop/default in either framework or device manifest.
07-09 09:41:28.709  1896  2333 E ANDR-PERF-JNI: Iop tryGetService failed
07-09 09:41:28.712  1896  2333 D ActivityTrigger: activityStartTrigger: Activity is Triggerred in full screen ApplicationInfo{be698b0 com.android.launcher3}
07-09 09:41:28.712  1896  2333 E ActivityTrigger: activityStartTrigger: not whiteListedcom.android.launcher3/com.android.searchlauncher.SearchLauncher/27
07-09 09:41:28.712  1896  2333 D CompatibilityInfo: mCompatibilityFlags - 10
07-09 09:41:28.712  1896  2333 D CompatibilityInfo: applicationDensity - 480
07-09 09:41:28.712  1896  2333 D CompatibilityInfo: applicationScale - 1.0
07-09 09:41:28.718  1896  1914 D CompatibilityInfo: mCompatibilityFlags - 0
07-09 09:41:28.718  1896  1914 D CompatibilityInfo: applicationDensity - 480
07-09 09:41:28.718  1896  1914 D CompatibilityInfo: applicationScale - 1.0
07-09 09:41:28.719  1896  1914 D CompatibilityInfo: mCompatibilityFlags - 0
07-09 09:41:28.719  1896  1914 D CompatibilityInfo: applicationDensity - 480
07-09 09:41:28.719  1896  1914 D CompatibilityInfo: applicationScale - 1.0
07-09 09:41:28.720  1896  1930 D ActivityTrigger: activityResumeTrigger: The activity in ApplicationInfo{be698b0 com.android.launcher3} is now in focus and seems to be in full-screen mode
07-09 09:41:28.720  1896  1930 E ActivityTrigger: activityResumeTrigger: not whiteListedcom.android.launcher3/com.android.searchlauncher.SearchLauncher/27
07-09 09:41:28.724  2775  2775 D WbcSvcApp: Wipower not supported
07-09 09:41:28.731  1896  1930 I ActivityManager: Start proc 2873:com.android.launcher3/1000 for activity com.android.launcher3/com.android.searchlauncher.SearchLauncher
07-09 09:41:28.732  1896  2818 D CompatibilityInfo: mCompatibilityFlags - 0
07-09 09:41:28.732  1896  2818 D CompatibilityInfo: applicationDensity - 480
07-09 09:41:28.732  1896  2818 D CompatibilityInfo: applicationScale - 1.0
07-09 09:41:28.733  1896  2818 D CompatibilityInfo: mCompatibilityFlags - 0
07-09 09:41:28.733  1896  2818 D CompatibilityInfo: applicationDensity - 480
07-09 09:41:28.733  1896  2818 D CompatibilityInfo: applicationScale - 1.0
07-09 09:41:28.734  2173  2173 I LauncherIconVisibility: doUpdate() : Visible = false
07-09 09:41:28.735  2766  2766 D TriggerApplication: register receiver to start TriggerService
07-09 09:41:28.736  1896  2334 D CryptdConnector: SND -> {6 cryptfs getpwtype}
07-09 09:41:28.736   635   639 D VoldCryptCmdListener: cryptfs getpwtype
07-09 09:41:28.737  1896  2109 D CryptdConnector: RCV <- {213 6 default}
07-09 09:41:28.745  1896  2298 I ActivityManager: Start proc 2888:com.google.process.gservices/u0a14 for content provider com.google.android.gsf/.gservices.GservicesProvider
07-09 09:41:28.746  1896  1896 D CompatibilityInfo: mCompatibilityFlags - 10
07-09 09:41:28.746  1896  1896 D CompatibilityInfo: applicationDensity - 480
07-09 09:41:28.746  1896  1896 D CompatibilityInfo: applicationScale - 1.0
07-09 09:41:28.748  1896  1896 V NotificationListeners: enabling notification listener for 0: ComponentInfo{com.android.launcher3/com.android.launcher3.notification.NotificationListener}
07-09 09:41:28.748  1896  2334 D CompatibilityInfo: mCompatibilityFlags - 10
07-09 09:41:28.748  1896  2334 D CompatibilityInfo: applicationDensity - 480
07-09 09:41:28.748  1896  2334 D CompatibilityInfo: applicationScale - 1.0
07-09 09:41:28.751  1896  2334 D CompatibilityInfo: mCompatibilityFlags - 10
07-09 09:41:28.751  1896  2334 D CompatibilityInfo: applicationDensity - 480
07-09 09:41:28.751  1896  2334 D CompatibilityInfo: applicationScale - 1.0
07-09 09:41:28.753  2727  2727 I GAv4    : Google Analytics 10.0.84 is starting up. To enable debug logging on a device run:
07-09 09:41:28.753  2727  2727 I GAv4    :   adb shell setprop log.tag.GAv4 DEBUG
07-09 09:41:28.753  2727  2727 I GAv4    :   adb logcat -s GAv4
07-09 09:41:28.753  1896  2334 D ActivityTrigger: ActivityTrigger activityPauseTrigger 
07-09 09:41:28.756  1896  1896 V NotificationListeners: binding: Intent { act=android.service.notification.NotificationListenerService cmp=com.android.launcher3/.notification.NotificationListener (has extras) }
07-09 09:41:28.757  1896  1896 D CompatibilityInfo: mCompatibilityFlags - 10
07-09 09:41:28.757  1896  1896 D CompatibilityInfo: applicationDensity - 480
07-09 09:41:28.757  1896  1896 D CompatibilityInfo: applicationScale - 1.0
07-09 09:41:28.757  1896  1896 V NotificationListeners: enabling notification listener for 0: ComponentInfo{com.google.android.inputmethod.latin/com.google.android.apps.inputmethod.libs.notificationsmartreply.NotificationMonitor}
07-09 09:41:28.757  1896  1896 V NotificationListeners: binding: Intent { act=android.service.notification.NotificationListenerService cmp=com.google.android.inputmethod.latin/com.google.android.apps.inputmethod.libs.notificationsmartreply.NotificationMonitor (has extras) }
07-09 09:41:28.759  1896  1896 D CompatibilityInfo: mCompatibilityFlags - 0
07-09 09:41:28.759  1896  1896 D CompatibilityInfo: applicationDensity - 480
07-09 09:41:28.759  1896  1896 D CompatibilityInfo: applicationScale - 1.0
07-09 09:41:28.759  1896  1896 I AccountManagerService: User 0 is unlocked - opening CE database
07-09 09:41:28.760  2313  2313 D QtiRilInterface: instance = com.qualcomm.qti.internal.telephony.QtiRilInterface@7c3c509
07-09 09:41:28.761  1896  2334 D CompatibilityInfo: mCompatibilityFlags - 0
07-09 09:41:28.761  1896  2334 D CompatibilityInfo: applicationDensity - 480
07-09 09:41:28.761  1896  2334 D CompatibilityInfo: applicationScale - 1.0
07-09 09:41:28.762   804   804 I tftp_server: pid=804 tid=804 tftp-server : INF :[tftp_server.c, 524] rcvd request [1] [72] [1] [0] [102]
07-09 09:41:28.765  2727  2903 W GAv4    : AnalyticsReceiver is not registered or is disabled. Register the receiver for reliable dispatching on non-Google Play devices. See http://goo.gl/8Rd3yj for instructions.
07-09 09:41:28.766   804  2902 I tftp_server: pid=804 tid=2902 tftp-server : INF :[tftp_server_utils.c, 113] file [readwrite/mcfg.tmp] : [/vendor/rfs/msm/mpss/readwrite/mcfg.tmp]
07-09 09:41:28.766   804  2902 I tftp_server: pid=804 tid=2902 tftp-server : INF :[tftp_server.c, 1044] OACK options : [7680, 200, 0, 10, 0, 0, 0, 0]
07-09 09:41:28.766   804  2902 I tftp_server: pid=804 tid=2902 tftp-server : INF :[tftp_os_la.c, 59] open : [-1] [-1] [384] [0] [/vendor/rfs/msm/mpss/readwrite/mcfg.tmp]
07-09 09:41:28.766   804  2902 E tftp_server: pid=804 tid=2902 tftp-server : ERR :[tftp_os_la.c, 65] open failed: [2] [No such file or directory]
07-09 09:41:28.766   804  2902 E tftp_server: pid=804 tid=2902 tftp-server : ERR :[tftp_server.c, 1519] open failed : [-2] [Unknown error -2]
07-09 09:41:28.769   804   804 I tftp_server: pid=804 tid=804 tftp-server : INF :[tftp_server.c, 524] rcvd request [1] [64] [2] [0] [103]
07-09 09:41:28.770   804  2902 E tftp_server: pid=804 tid=2902 tftp-server : ERR :[tftp_protocol.c, 1146] sending error-pkt. Code = 1, Msg = Err=2 String=No such file or directory
07-09 09:41:28.770  2766  2766 D TriggerApplication: register TriggerActionReceiver
07-09 09:41:28.770  2727  2903 W GAv4    : CampaignTrackingReceiver is not registered, not exported or is disabled. Installation campaign tracking is not possible. See http://goo.gl/8Rd3yj for instructions.
07-09 09:41:28.770   804  2905 I tftp_server: pid=804 tid=2905 tftp-server : INF :[tftp_server_utils.c, 113] file [readwrite/mcfg.tmp] : [/vendor/rfs/msm/mpss/readwrite/mcfg.tmp]
07-09 09:41:28.770   804  2905 I tftp_server: pid=804 tid=2905 tftp-server : INF :[tftp_server.c, 1044] OACK options : [7680, 200, 10, 0, 0, 0, 0, 0]
07-09 09:41:28.770   804  2905 I tftp_server: pid=804 tid=2905 tftp-server : INF :[tftp_server.c, 722] Using temp file[/vendor/rfs/msm/mpss/readwrite/mcfg.tmp.rfs_tmp] for atomic put
07-09 09:41:28.770   804  2905 I tftp_server: pid=804 tid=2905 tftp-server : INF :[tftp_os_la.c, 59] open : [-1] [-1] [384] [577] [/vendor/rfs/msm/mpss/readwrite/mcfg.tmp.rfs_tmp]
07-09 09:41:28.771  2727  2727 I AlarmClock: AlarmInitReceiver android.intent.action.LOCKED_BOOT_COMPLETED
07-09 09:41:28.773  2727  2903 W GAv4    : AnalyticsService not registered in the app manifest. Hits might not be delivered reliably. See http://goo.gl/8Rd3yj for instructions.
07-09 09:41:28.775  2313  2313 I zj      :    mVersionRead   ==     true
07-09 09:41:28.777  2313  2313 D QtiRilInterface: instance = com.qualcomm.qti.internal.telephony.QtiRilInterface@7c3c509
07-09 09:41:28.786   804  2905 I tftp_server: pid=804 tid=2905 tftp-server : INF :[tftp_server.c, 1315] WRQ stats : total-blocks = 1 : total-bytes = 1 : 1 timedout-pkts = 0, wrong-pkts = 0
07-09 09:41:28.786   804  2905 I tftp_server: pid=804 tid=2905 tftp-server : INF :[tftp_server.c, 1319] WRQ time stats : Total : [TX, RX] = [171, 321, 10]
07-09 09:41:28.786   804  2905 I tftp_server: pid=804 tid=2905 tftp-server : INF :[tftp_server.c, 1323] WRQ time stats : Tx [Min, Max] = [69, 102]
07-09 09:41:28.786   804  2905 I tftp_server: pid=804 tid=2905 tftp-server : INF :[tftp_server.c, 1327] WRQ time stats : Rx [Min, Max] = [321, 321]
07-09 09:41:28.789   804   804 I tftp_server: pid=804 tid=804 tftp-server : INF :[tftp_server.c, 524] rcvd request [1] [72] [1] [0] [104]
07-09 09:41:28.789   804  2913 I tftp_server: pid=804 tid=2913 tftp-server : INF :[tftp_server_utils.c, 113] file [readwrite/mcfg.tmp] : [/vendor/rfs/msm/mpss/readwrite/mcfg.tmp]
07-09 09:41:28.790   804  2913 I tftp_server: pid=804 tid=2913 tftp-server : INF :[tftp_server.c, 1044] OACK options : [7680, 200, 1, 10, 0, 0, 0, 0]
07-09 09:41:28.790   804  2913 I tftp_server: pid=804 tid=2913 tftp-server : INF :[tftp_os_la.c, 59] open : [-1] [-1] [384] [0] [/vendor/rfs/msm/mpss/readwrite/mcfg.tmp]
07-09 09:41:28.790   804  2913 I tftp_server: pid=804 tid=2913 tftp-server : INF :[tftp_protocol.c, 703] Recd END OF TRANSFER pkt. Code = 9, Msg = End of Transfer
07-09 09:41:28.790   804  2913 I tftp_server: pid=804 tid=2913 tftp-server : INF :[tftp_server.c, 1152] RRQ stats : sent_size = 0 total-blocks = 0 total-bytes = 0 timedout-pkts = 0, wrong-pkts = 0
07-09 09:41:28.790   804  2913 I tftp_server: pid=804 tid=2913 tftp-server : INF :[tftp_server.c, 1156] RRQ time stats : Total : [TX, RX] = [61, 646]
07-09 09:41:28.791   804  2913 I tftp_server: pid=804 tid=2913 tftp-server : INF :[tftp_server.c, 1162] RRQ time stats : Tx/Rx [Min, Max] = [61, 61, 646, 646]
07-09 09:41:28.791   804  2913 I tftp_server: pid=804 tid=2913 tftp-server : INF :[tftp_server.c, 1178] RRQ was successfully processed.
07-09 09:41:28.791   804   804 I tftp_server: pid=804 tid=804 tftp-server : INF :[tftp_server.c, 524] rcvd request [1] [37] [2] [0] [105]
07-09 09:41:28.792   804  2916 I tftp_server: pid=804 tid=2916 tftp-server : INF :[tftp_server_utils.c, 113] file [readwrite/mcfg.tmp] : [/vendor/rfs/msm/mpss/readwrite/mcfg.tmp]
07-09 09:41:28.792   804  2916 I tftp_server: pid=804 tid=2916 tftp-server : INF :[tftp_server.c, 1044] OACK options : [0, 0, 0, 0, 0, 0, 0, 0]
07-09 09:41:28.792   804  2916 I tftp_server: pid=804 tid=2916 tftp-server : INF :[tftp_server.c, 1397] unlink was success
07-09 09:41:28.794   804   804 I tftp_server: pid=804 tid=804 tftp-server : INF :[tftp_server.c, 524] rcvd request [1] [118] [1] [0] [106]
07-09 09:41:28.796   804  2917 I tftp_server: pid=804 tid=2917 tftp-server : INF :[tftp_server_utils.c, 113] file [readonly/firmware/image/modem_pr/mcfg/configs/mcfg_hw/mbn_hw.dig] : [/vendor/rfs/msm/mps
07-09 09:41:28.800  1896  2818 I ActivityManager: Start proc 2919:android.process.media/u0a11 for content provider com.android.providers.media/.MediaProvider
07-09 09:41:28.805   804  2917 I tftp_server: pid=804 tid=2917 tftp-server : INF :[tftp_server.c, 1044] OACK options : [7680, 200, 32, 10, 0, 0, 0, 0]
07-09 09:41:28.805   804  2917 I tftp_server: pid=804 tid=2917 tftp-server : INF :[tftp_os_la.c, 59] open : [-1] [-1] [384] [0] [/vendor/rfs/msm/mpss/readonly/firmware/image/modem_pr/mcfg/configs/mcfg_hw
07-09 09:41:28.806   804  2917 I tftp_server: pid=804 tid=2917 tftp-server : INF :[tftp_protocol.c, 703] Recd END OF TRANSFER pkt. Code = 9, Msg = End of Transfer
07-09 09:41:28.806   804  2917 I tftp_server: pid=804 tid=2917 tftp-server : INF :[tftp_server.c, 1152] RRQ stats : sent_size = 0 total-blocks = 0 total-bytes = 0 timedout-pkts = 0, wrong-pkts = 0
07-09 09:41:28.806   804  2917 I tftp_server: pid=804 tid=2917 tftp-server : INF :[tftp_server.c, 1156] RRQ time stats : Total : [TX, RX] = [61, 440]
07-09 09:41:28.806   804  2917 I tftp_server: pid=804 tid=2917 tftp-server : INF :[tftp_server.c, 1162] RRQ time stats : Tx/Rx [Min, Max] = [61, 61, 440, 440]
07-09 09:41:28.806   804  2917 I tftp_server: pid=804 tid=2917 tftp-server : INF :[tftp_server.c, 1178] RRQ was successfully processed.
07-09 09:41:28.806   804   804 I tftp_server: pid=804 tid=804 tftp-server : INF :[tftp_server.c, 524] rcvd request [1] [126] [1] [0] [107]
07-09 09:41:28.807   804  2934 I tftp_server: pid=804 tid=2934 tftp-server : INF :[tftp_server_utils.c, 113] file [readonly/firmware/image/modem_pr/mcfg/configs/mcfg_hw/mbn_hw.dig] : [/vendor/rfs/msm/mps
07-09 09:41:28.808   804  2934 I tftp_server: pid=804 tid=2934 tftp-server : INF :[tftp_server.c, 1044] OACK options : [7680, 200, 0, 10, 32, 0, 0, 0]
07-09 09:41:28.808   804  2934 I tftp_server: pid=804 tid=2934 tftp-server : INF :[tftp_os_la.c, 59] open : [-1] [-1] [384] [0] [/vendor/rfs/msm/mpss/readonly/firmware/image/modem_pr/mcfg/configs/mcfg_hw
07-09 09:41:28.812   804  2934 I tftp_server: pid=804 tid=2934 tftp-server : INF :[tftp_server.c, 1152] RRQ stats : sent_size = 32 total-blocks = 1 total-bytes = 32 timedout-pkts = 0, wrong-pkts = 0
07-09 09:41:28.812   804  2934 I tftp_server: pid=804 tid=2934 tftp-server : INF :[tftp_server.c, 1156] RRQ time stats : Total : [TX, RX] = [134, 973]
07-09 09:41:28.812   804  2934 I tftp_server: pid=804 tid=2934 tftp-server : INF :[tftp_server.c, 1162] RRQ time stats : Tx/Rx [Min, Max] = [62, 72, 460, 513]
07-09 09:41:28.812   804  2934 I tftp_server: pid=804 tid=2934 tftp-server : INF :[tftp_server.c, 1178] RRQ was successfully processed.
07-09 09:41:28.814   804   804 I tftp_server: pid=804 tid=804 tftp-server : INF :[tftp_server.c, 524] rcvd request [1] [118] [1] [0] [108]
07-09 09:41:28.815  1896  2301 I ActivityManager: Start proc 2936:com.android.smspush/u0a84 for service com.android.smspush/.WapPushManager
07-09 09:41:28.815   804  2945 I tftp_server: pid=804 tid=2945 tftp-server : INF :[tftp_server_utils.c, 113] file [readonly/firmware/image/modem_pr/mcfg/configs/mcfg_sw/mbn_sw.dig] : [/vendor/rfs/msm/mps
07-09 09:41:28.816  1896  1915 D CompatibilityInfo: mCompatibilityFlags - 10
07-09 09:41:28.816  1896  1915 D CompatibilityInfo: applicationDensity - 480
07-09 09:41:28.816  1896  1915 D CompatibilityInfo: applicationScale - 1.0
07-09 09:41:28.818  2173  2173 I UrgentSignal: getInstance(): Creating UrgentSignalsProcessor instance
07-09 09:41:28.819  1896  2202 D CompatibilityInfo: mCompatibilityFlags - 0
07-09 09:41:28.819  1896  2202 D CompatibilityInfo: applicationDensity - 480
07-09 09:41:28.819  1896  2202 D CompatibilityInfo: applicationScale - 1.0
07-09 09:41:28.822   804  2945 I tftp_server: pid=804 tid=2945 tftp-server : INF :[tftp_server.c, 1044] OACK options : [7680, 200, 32, 10, 0, 0, 0, 0]
07-09 09:41:28.822   804  2945 I tftp_server: pid=804 tid=2945 tftp-server : INF :[tftp_os_la.c, 59] open : [-1] [-1] [384] [0] [/vendor/rfs/msm/mpss/readonly/firmware/image/modem_pr/mcfg/configs/mcfg_sw
07-09 09:41:28.823   804  2945 I tftp_server: pid=804 tid=2945 tftp-server : INF :[tftp_protocol.c, 703] Recd END OF TRANSFER pkt. Code = 9, Msg = End of Transfer
07-09 09:41:28.823   804  2945 I tftp_server: pid=804 tid=2945 tftp-server : INF :[tftp_server.c, 1152] RRQ stats : sent_size = 0 total-blocks = 0 total-bytes = 0 timedout-pkts = 0, wrong-pkts = 0
07-09 09:41:28.823   804  2945 I tftp_server: pid=804 tid=2945 tftp-server : INF :[tftp_server.c, 1156] RRQ time stats : Total : [TX, RX] = [71, 1140]
07-09 09:41:28.823   804  2945 I tftp_server: pid=804 tid=2945 tftp-server : INF :[tftp_server.c, 1162] RRQ time stats : Tx/Rx [Min, Max] = [71, 71, 1140, 1140]
07-09 09:41:28.823   804  2945 I tftp_server: pid=804 tid=2945 tftp-server : INF :[tftp_server.c, 1178] RRQ was successfully processed.
07-09 09:41:28.825   804   804 I tftp_server: pid=804 tid=804 tftp-server : INF :[tftp_server.c, 524] rcvd request [1] [126] [1] [0] [109]
07-09 09:41:28.825  1896  1914 D CompatibilityInfo: mCompatibilityFlags - 0
07-09 09:41:28.825  1896  1914 D CompatibilityInfo: applicationDensity - 480
07-09 09:41:28.825  1896  1914 D CompatibilityInfo: applicationScale - 1.0
07-09 09:41:28.826  1896  1896 D AccountManagerService: Visibility was not initialized
07-09 09:41:28.826  1896  1914 D CompatibilityInfo: mCompatibilityFlags - 0
07-09 09:41:28.826  1896  1914 D CompatibilityInfo: applicationDensity - 480
07-09 09:41:28.826  1896  1896 W SyncManager: Access to Account {name=innomindsgm@gmail.com, type=com.google} denied for package com.google.android.videos in UID 10099
07-09 09:41:28.826  1896  1914 D CompatibilityInfo: applicationScale - 1.0
07-09 09:41:28.827  2888  2888 I GservicesProvider: Gservices pushing to system: true; secure/global: true
07-09 09:41:28.827  1896  2202 D CompatibilityInfo: mCompatibilityFlags - 10
07-09 09:41:28.827  1896  2202 D CompatibilityInfo: applicationDensity - 480
07-09 09:41:28.827  1896  2202 D CompatibilityInfo: applicationScale - 1.0
07-09 09:41:28.829  1896  1896 W SyncManager: Access to Account {name=innomindsgm@gmail.com, type=com.google} denied for package com.google.android.apps.docs.editors.docs in UID 10101
07-09 09:41:28.830   804  2954 I tftp_server: pid=804 tid=2954 tftp-server : INF :[tftp_server_utils.c, 113] file [readonly/firmware/image/modem_pr/mcfg/configs/mcfg_sw/mbn_sw.dig] : [/vendor/rfs/msm/mps
07-09 09:41:28.830   804  2954 I tftp_server: pid=804 tid=2954 tftp-server : INF :[tftp_server.c, 1044] OACK options : [7680, 200, 0, 10, 32, 0, 0, 0]
07-09 09:41:28.830   804  2954 I tftp_server: pid=804 tid=2954 tftp-server : INF :[tftp_os_la.c, 59] open : [-1] [-1] [384] [0] [/vendor/rfs/msm/mpss/readonly/firmware/image/modem_pr/mcfg/configs/mcfg_sw
07-09 09:41:28.832  1896  1896 W SyncManager: Access to Account {name=innomindsgm@gmail.com, type=com.google} denied for package com.google.android.apps.docs.editors.sheets in UID 10104
07-09 09:41:28.836   804  2954 I tftp_server: pid=804 tid=2954 tftp-server : INF :[tftp_server.c, 1152] RRQ stats : sent_size = 32 total-blocks = 1 total-bytes = 32 timedout-pkts = 0, wrong-pkts = 0
07-09 09:41:28.836   804  2954 I tftp_server: pid=804 tid=2954 tftp-server : INF :[tftp_server.c, 1156] RRQ time stats : Total : [TX, RX] = [124, 2401]
07-09 09:41:28.836   804  2954 I tftp_server: pid=804 tid=2954 tftp-server : INF :[tftp_server.c, 1162] RRQ time stats : Tx/Rx [Min, Max] = [58, 66, 1175, 1226]
07-09 09:41:28.836   804  2954 I tftp_server: pid=804 tid=2954 tftp-server : INF :[tftp_server.c, 1178] RRQ was successfully processed.
07-09 09:41:28.838  1896  1896 D BackupTransportManager: Bound to transport: android/com.android.internal.backup.LocalTransportService
07-09 09:41:28.845  2173  2173 I PhenotypeExpConfig: refreshConfiguration() : Force = true : UpdateAvailable = false : Age = 74 minutes : MaxAge = 720 minutes
07-09 09:41:28.850  2173  2173 I FirebaseJobDispatcher: Schedule task: fetch_configuration. Success.
07-09 09:41:28.857  2173  2173 E zygote64: The String#value field is not present on Android versions >= 6.0
07-09 09:41:28.895  1896  2672 I BackupManagerService: Found stale backup journal, scheduling
07-09 09:41:28.902  2744  2744 I InteractorInitializer: Initialized process com.google.android.googlequicksearchbox:interactor
07-09 09:41:28.904  1896  1929 W ActivityManager: Slow operation: 51ms so far, now at startProcess: returned from zygote!
07-09 09:41:28.904  1896  1929 W ActivityManager: Slow operation: 51ms so far, now at startProcess: done updating battery stats
07-09 09:41:28.904  1896  1929 W ActivityManager: Slow operation: 51ms so far, now at startProcess: building log message
07-09 09:41:28.904  1896  1929 I ActivityManager: Start proc 2967:com.android.keychain/1000 for service com.android.keychain/.KeyChainService
07-09 09:41:28.904  1896  1929 W ActivityManager: Slow operation: 51ms so far, now at startProcess: starting to update pids map
07-09 09:41:28.904  1896  1929 W ActivityManager: Slow operation: 51ms so far, now at startProcess: done updating pids map
07-09 09:41:28.904  1896  1929 W ActivityManager: Slow operation: 52ms so far, now at startProcess: done starting proc!
07-09 09:41:28.905  2173  2173 I FirebaseJobDispatcher: Schedule task: register. Success.
07-09 09:41:28.905  1896  2334 D CompatibilityInfo: mCompatibilityFlags - 0
07-09 09:41:28.905  1896  2334 D CompatibilityInfo: applicationDensity - 480
07-09 09:41:28.905  1896  2334 D CompatibilityInfo: applicationScale - 1.0
07-09 09:41:28.906  1896  2334 D CompatibilityInfo: mCompatibilityFlags - 0
07-09 09:41:28.906  1896  2334 D CompatibilityInfo: applicationDensity - 480
07-09 09:41:28.906  1896  2334 D CompatibilityInfo: applicationScale - 1.0
07-09 09:41:28.916  2844  2844 I SetupWizard: [FrpHelper] FrpTask is going to execute.
07-09 09:41:28.920  1896  2985 W WallpaperManagerService: Cannot extract colors because wallpaper could not be read.
07-09 09:41:28.922  2873  2873 V Launcher: LauncherAppState initiated
07-09 09:41:28.922  1896  2985 D CompatibilityInfo: mCompatibilityFlags - 10
07-09 09:41:28.922  1896  2985 D CompatibilityInfo: applicationDensity - 480
07-09 09:41:28.923  1896  2985 D CompatibilityInfo: applicationScale - 1.0
07-09 09:41:28.928  2313  2313 D QtiRilInterface: instance = com.qualcomm.qti.internal.telephony.QtiRilInterface@7c3c509
07-09 09:41:28.932  2967  2967 I zygote64: The ClassLoaderContext is a special shared library.
07-09 09:41:28.950  1896  1929 D CompatibilityInfo: mCompatibilityFlags - 10
07-09 09:41:28.950  1896  1929 D CompatibilityInfo: applicationDensity - 480
07-09 09:41:28.950  1896  1929 D CompatibilityInfo: applicationScale - 1.0
07-09 09:41:28.952  1896  1929 D CompatibilityInfo: mCompatibilityFlags - 10
07-09 09:41:28.952  1896  1929 D CompatibilityInfo: applicationDensity - 480
07-09 09:41:28.952  1896  1929 D CompatibilityInfo: applicationScale - 1.0
07-09 09:41:28.953  1896  1929 D CompatibilityInfo: mCompatibilityFlags - 10
07-09 09:41:28.953  1896  1929 D CompatibilityInfo: applicationDensity - 480
07-09 09:41:28.953  1896  1929 D CompatibilityInfo: applicationScale - 1.0
07-09 09:41:28.956  1896  1896 I zygote64: The ClassLoaderContext is a special shared library.
07-09 09:41:28.963  1896  1929 D CompatibilityInfo: mCompatibilityFlags - 10
07-09 09:41:28.963  1896  1929 D CompatibilityInfo: applicationDensity - 480
07-09 09:41:28.963  1896  1929 D CompatibilityInfo: applicationScale - 1.0
07-09 09:41:28.964  1896  1929 D CompatibilityInfo: mCompatibilityFlags - 10
07-09 09:41:28.964  1896  1929 D CompatibilityInfo: applicationDensity - 480
07-09 09:41:28.964  1896  1929 D CompatibilityInfo: applicationScale - 1.0
07-09 09:41:28.967  1896  1929 I SyncManager: Loaded persisted syncs: 20 periodic syncs, 4 oneshot syncs, 31 total system server jobs, JobStats: FirstLoad: 73/24/24 LastSave: -1/-1/-1
07-09 09:41:28.969  1896  1929 W SyncManager: Access to Account {name=innomindsgm@gmail.com, type=com.google} denied for package com.google.android.videos in UID 10099
07-09 09:41:28.970  1896  1929 W SyncManager: Access to Account {name=innomindsgm@gmail.com, type=com.google} denied for package com.google.android.apps.docs.editors.docs in UID 10101
07-09 09:41:28.970  1896  1929 W SyncManager: Access to Account {name=innomindsgm@gmail.com, type=com.google} denied for package com.google.android.apps.docs.editors.sheets in UID 10104
07-09 09:41:28.978  2173  2173 W native  : commandlineflags.cc:1503 Ignoring RegisterValidateFunction() for flag pointer 0x7196fa6298: no flag found at that address
07-09 09:41:28.980  2173  2173 I ShortcutsDataManager: onContentChanged()
07-09 09:41:28.980  2173  2173 I ContactsDataManager: onContentChanged()
07-09 09:41:28.981  2173  2173 I EmailDataManager: onContentChanged()
07-09 09:41:28.990  2313  2313 W SystemConfig: Got exception parsing permissions.
07-09 09:41:28.990  2313  2313 W SystemConfig: org.xmlpull.v1.XmlPullParserException: expected: /privapp-permissions read: permissions (position:END_TAG </permissions>@429:15 in java.io.FileReader@5be34b8) 
07-09 09:41:28.990  2313  2313 W SystemConfig: 	at org.kxml2.io.KXmlParser.readEndTag(KXmlParser.java:998)
07-09 09:41:28.990  2313  2313 W SystemConfig: 	at org.kxml2.io.KXmlParser.next(KXmlParser.java:383)
07-09 09:41:28.990  2313  2313 W SystemConfig: 	at org.kxml2.io.KXmlParser.next(KXmlParser.java:321)
07-09 09:41:28.990  2313  2313 W SystemConfig: 	at com.android.internal.util.XmlUtils.nextElementWithin(XmlUtils.java:1583)
07-09 09:41:28.990  2313  2313 W SystemConfig: 	at com.android.server.SystemConfig.readPrivAppPermissions(SystemConfig.java:684)
07-09 09:41:28.990  2313  2313 W SystemConfig: 	at com.android.server.SystemConfig.readPermissionsFromXml(SystemConfig.java:585)
07-09 09:41:28.990  2313  2313 W SystemConfig: 	at com.android.server.SystemConfig.readPermissions(SystemConfig.java:299)
07-09 09:41:28.990  2313  2313 W SystemConfig: 	at com.android.server.SystemConfig.<init>(SystemConfig.java:233)
07-09 09:41:28.990  2313  2313 W SystemConfig: 	at com.android.server.SystemConfig.getInstance(SystemConfig.java:150)
07-09 09:41:28.990  2313  2313 W SystemConfig: 	at com.android.internal.telephony.CarrierAppUtils.disableCarrierAppsUntilPrivileged(CarrierAppUtils.java:78)
07-09 09:41:28.990  2313  2313 W SystemConfig: 	at com.android.internal.telephony.SubscriptionInfoUpdater.initializeCarrierApps(SubscriptionInfoUpdater.java:168)
07-09 09:41:28.990  2313  2313 W SystemConfig: 	at com.android.internal.telephony.SubscriptionInfoUpdater.<init>(SubscriptionInfoUpdater.java:137)
07-09 09:41:28.990  2313  2313 W SystemConfig: 	at com.qualcomm.qti.internal.telephony.QtiSubscriptionInfoUpdater.<init>(QtiSubscriptionInfoUpdater.java:117)
07-09 09:41:28.990  2313  2313 W SystemConfig: 	at com.qualcomm.qti.internal.telephony.QtiSubscriptionInfoUpdater.init(QtiSubscriptionInfoUpdater.java:100)
07-09 09:41:28.990  2313  2313 W SystemConfig: 	at com.qualcomm.qti.internal.telephony.QtiTelephonyComponentFactory.makeSubscriptionInfoUpdater(QtiTelephonyComponentFactory.java:163)
07-09 09:41:28.990  2313  2313 W SystemConfig: 	at com.android.internal.telephony.PhoneFactory.makeDefaultPhone(PhoneFactory.java:221)
07-09 09:41:28.990  2313  2313 W SystemConfig: 	at com.android.internal.telephony.PhoneFactory.makeDefaultPhones(PhoneFactory.java:97)
07-09 09:41:28.990  2313  2313 W SystemConfig: 	at com.android.phone.PhoneGlobals.onCreate(PhoneGlobals.java:299)
07-09 09:41:28.990  2313  2313 W SystemConfig: 	at com.android.phone.PhoneApp.onCreate(PhoneApp.java:41)
07-09 09:41:28.990  2313  2313 W SystemConfig: 	at android.app.Instrumentation.callApplicationOnCreate(Instrumentation.java:1120)
07-09 09:41:28.990  2313  2313 W SystemConfig: 	at android.app.ActivityThread.handleBindApplication(ActivityThread.java:5755)
07-09 09:41:28.990  2313  2313 W SystemConfig: 	at android.app.ActivityThread.-wrap1(Unknown Source:0)
07-09 09:41:28.990  2313  2313 W SystemConfig: 	at android.app.ActivityThread$H.handleMessage(ActivityThread.java:1659)
07-09 09:41:28.990  2313  2313 W SystemConfig: 	at android.os.Handler.dispatchMessage(Handler.java:106)
07-09 09:41:28.990  2313  2313 W SystemConfig: 	at android.os.Looper.loop(Looper.java:164)
07-09 09:41:28.990  2313  2313 W SystemConfig: 	at android.app.ActivityThread.main(ActivityThread.java:6518)
07-09 09:41:28.990  2313  2313 W SystemConfig: 	at java.lang.reflect.Method.invoke(Native Method)
07-09 09:41:28.990  2313  2313 W SystemConfig: 	at com.android.internal.os.RuntimeInit$MethodAndArgsCaller.run(RuntimeInit.java:438)
07-09 09:41:28.990  2313  2313 W SystemConfig: 	at com.android.internal.os.ZygoteInit.main(ZygoteInit.java:807)
07-09 09:41:28.983  1896  1896 W system_server: type=1400 audit(0.0:34): avc: denied { execute } for path="/data/dalvik-cache/arm64/system@priv-app@com.qualcomm.location@com.qualcomm.location.apk@classes.dex" dev="dm-2" ino=1863937 scontext=u:r:system_server:s0 tcontext=u:object_r:dalvikcache_data_file:s0 tclass=file permissive=0
07-09 09:41:28.993  2173  2173 I ContextualPredictionExt: onCreateApp(): registering factories
07-09 09:41:28.996  2173  2173 I ContextualPredictionExt: onCreateApp(): Finished in 2 ms
07-09 09:41:28.996  2173  2173 I NotificationSmartReply: onCreateApp false
07-09 09:41:28.996  2173  2173 I LstmExtension: onCreateApp()
07-09 09:41:28.996  2173  2173 I LstmExtension: onCreateApp(): Finished in 1 ms
07-09 09:41:28.996  2173  2173 I FederatedC2QExtension: onCreateApp()
07-09 09:41:28.999  2313  2313 E libc    : Access denied finding property "ro.opengles.version"
07-09 09:41:28.993  2313  2313 W m.android.phone: type=1400 audit(0.0:36): avc: denied { read } for name="u:object_r:opengles_prop:s0" dev="tmpfs" ino=20426 scontext=u:r:radio:s0 tcontext=u:object_r:opengles_prop:s0 tclass=file permissive=0
07-09 09:41:29.005  2313  2313 D ImsExternalCallTracker: Registering: Handler (com.android.internal.telephony.imsphone.ImsPhone) {30e8df7}
07-09 09:41:29.005  2642  2649 I adbd    : functionfs successfully initialized
07-09 09:41:29.005  2642  2649 I adbd    : registering usb transport
07-09 09:41:29.008  1896  1896 I zygote64: The ClassLoaderContext is a special shared library.
07-09 09:41:29.011  2727  3006 I AlarmClock: Started indexing all application data.
07-09 09:41:29.015  2186  2186 D KeyguardUpdateMonitor: received broadcast android.intent.action.SERVICE_STATE
07-09 09:41:29.015  2186  2186 V KeyguardUpdateMonitor: action android.intent.action.SERVICE_STATE serviceState={mVoiceRegState=1(OUT_OF_SERVICE), mDataRegState=1(OUT_OF_SERVICE), mVoiceRoamingType=home, mDataRoamingType=home, mVoiceOperatorAlphaLong=null, mVoiceOperatorAlphaShort=null, mDataOperatorAlphaLong=null, mDataOperatorAlphaShort=null, isManualNetworkSelection=false(automatic), mRilVoiceRadioTechnology=0(Unknown), mRilDataRadioTechnology=0(Unknown), mCssIndicator=unsupported, mNetworkId=0, mSystemId=0, mCdmaRoamingIndicator=0, mCdmaDefaultRoamingIndicator=0, mIsEmergencyOnly=false, mIsDataRoamingFromRegistration=false, mIsUsingCarrierAggregation=false, mLteEarfcnRsrpBoost=0} subId=2147483643 phoneId=0
07-09 09:41:29.016  2186  2186 D KeyguardUpdateMonitor: handleServiceStateChange(subId=2147483643, phoneId=0, serviceState={mVoiceRegState=1(OUT_OF_SERVICE), mDataRegState=1(OUT_OF_SERVICE), mVoiceRoamingType=home, mDataRoamingType=home, mVoiceOperatorAlphaLong=null, mVoiceOperatorAlphaShort=null, mDataOperatorAlphaLong=null, mDataOperatorAlphaShort=null, isManualNetworkSelection=false(automatic), mRilVoiceRadioTechnology=0(Unknown), mRilDataRadioTechnology=0(Unknown), mCssIndicator=unsupported, mNetworkId=0, mSystemId=0, mCdmaRoamingIndicator=0, mCdmaDefaultRoamingIndicator=0, mIsEmergencyOnly=false, mIsDataRoamingFromRegistration=false, mIsUsingCarrierAggregation=false, mLteEarfcnRsrpBoost=0}
07-09 09:41:29.016  2186  2186 D CarrierText: updateCarrierText(): 0
07-09 09:41:29.016  2313  2313 D ImsExternalCallTracker: Registering: Handler (com.android.internal.telephony.imsphone.ImsPhone) {2ca22c9}
07-09 09:41:29.017  2186  2186 D CarrierText: updateCarrierText(): 0
07-09 09:41:29.026  2313  2313 D PhoneSwitcherNetworkRequstListener: Registering NetworkFactory
07-09 09:41:29.027  1896  2134 D ConnectivityService: Got NetworkFactory Messenger for PhoneSwitcherNetworkRequstListener
07-09 09:41:29.027  2313  2313 D QtiRilInterface: instance = com.qualcomm.qti.internal.telephony.QtiRilInterface@7c3c509
07-09 09:41:29.028  2186  2186 D CarrierText: updateCarrierText(): 0
07-09 09:41:29.032  2186  2186 D KeyguardUpdateMonitor: received broadcast android.intent.action.SERVICE_STATE
07-09 09:41:29.032  2186  2186 V KeyguardUpdateMonitor: action android.intent.action.SERVICE_STATE serviceState={mVoiceRegState=1(OUT_OF_SERVICE), mDataRegState=1(OUT_OF_SERVICE), mVoiceRoamingType=home, mDataRoamingType=home, mVoiceOperatorAlphaLong=null, mVoiceOperatorAlphaShort=null, mDataOperatorAlphaLong=null, mDataOperatorAlphaShort=null, isManualNetworkSelection=false(automatic), mRilVoiceRadioTechnology=0(Unknown), mRilDataRadioTechnology=0(Unknown), mCssIndicator=unsupported, mNetworkId=0, mSystemId=0, mCdmaRoamingIndicator=0, mCdmaDefaultRoamingIndicator=0, mIsEmergencyOnly=false, mIsDataRoamingFromRegistration=false, mIsUsingCarrierAggregation=false, mLteEarfcnRsrpBoost=0} subId=2147483644 phoneId=1
07-09 09:41:29.033  2186  2186 D KeyguardUpdateMonitor: handleServiceStateChange(subId=2147483644, phoneId=1, serviceState={mVoiceRegState=1(OUT_OF_SERVICE), mDataRegState=1(OUT_OF_SERVICE), mVoiceRoamingType=home, mDataRoamingType=home, mVoiceOperatorAlphaLong=null, mVoiceOperatorAlphaShort=null, mDataOperatorAlphaLong=null, mDataOperatorAlphaShort=null, isManualNetworkSelection=false(automatic), mRilVoiceRadioTechnology=0(Unknown), mRilDataRadioTechnology=0(Unknown), mCssIndicator=unsupported, mNetworkId=0, mSystemId=0, mCdmaRoamingIndicator=0, mCdmaDefaultRoamingIndicator=0, mIsEmergencyOnly=false, mIsDataRoamingFromRegistration=false, mIsUsingCarrierAggregation=false, mLteEarfcnRsrpBoost=0}
07-09 09:41:29.033  2186  2186 D CarrierText: updateCarrierText(): 0
07-09 09:41:29.037  1896  2134 D ConnectivityService: Got NetworkFactory Messenger for TelephonyNetworkFactory[0]
07-09 09:41:29.039  1896  2134 D ConnectivityService: Got NetworkFactory Messenger for TelephonyNetworkFactory[1]
07-09 09:41:29.035  2186  2186 I chatty  : uid=10035(com.android.systemui) identical 1 line
07-09 09:41:29.038  2186  2186 D CarrierText: updateCarrierText(): 0
07-09 09:41:29.039  2313  2313 D QtiRilInterface: instance = com.qualcomm.qti.internal.telephony.QtiRilInterface@7c3c509
07-09 09:41:29.040  2313  2313 D QtiRilInterface: instance = com.qualcomm.qti.internal.telephony.QtiRilInterface@7c3c509
07-09 09:41:29.042  2744  2744 W AppFlowTracker: Dropping App flow event "93" logged from process "com.google.android.googlequicksearchbox:interactor"
07-09 09:41:29.042  2744  2744 W AppFlowTracker: Dropping App flow event "24" logged from process "com.google.android.googlequicksearchbox:interactor"
07-09 09:41:29.044  1896  1915 D CompatibilityInfo: mCompatibilityFlags - 0
07-09 09:41:29.044  1896  1915 D CompatibilityInfo: applicationDensity - 480
07-09 09:41:29.044  1896  1915 D CompatibilityInfo: applicationScale - 1.0
07-09 09:41:29.080  1896  1896 D LocSvc_HIDL_LocationService_jni: LocationService_jni: JNI_OnLoad
07-09 09:41:29.080  1896  1896 D LocSvc_HIDL_FlpSvcProvider_jni: register_FlpServiceProvider
07-09 09:41:29.080  1896  1896 D LocSvc_HIDL_GeofenceSvcProvider_jni: register_GeofenceServiceProvider
07-09 09:41:29.081  1896  1896 D LocSvc_HIDL_DebugReportService_jni: register_DebugReportService
07-09 09:41:29.089  1896  2985 I ActivityManager: Start proc 3010:android.process.acore/u0a3 for content provider com.android.providers.contacts/.ContactsProvider2
07-09 09:41:29.090  1896  3009 D LocSvc_HIDL_OsNpGlue_jni: Got GnssVendor Service.
07-09 09:41:29.090   793   793 V LocSvc_HIDL_Gnss: [getExtensionLocHidlIzatOsNpGlue][272] [HS] <<<<= [HC]
07-09 09:41:29.090  1896  3009 D LocSvc_HIDL_OsNpGlue_jni: Got OsNpGlue Extension.
07-09 09:41:29.091  1896  3009 V LocSvc_HIDL_Subscription_jni: classInit
07-09 09:41:29.095   793   793 V LocSvc_HIDL_Gnss: [getExtensionLocHidlIzatSubscription][281] [HS] <<<<= [HC]
07-09 09:41:29.096  1896  3009 V LocSvc_HIDL_Subscription_jni: instanceInit
07-09 09:41:29.096  1896  3009 V LocSvc_HIDL_Subscription_jni: [instanceInit][176] [HC] =>> [HS]
07-09 09:41:29.096   793   793 V LocSvc_HIDL_IzatSubscription: [init][167] [HS] <<<<= [HC]
07-09 09:41:29.098  1896  3009 V LocSvc_HIDL_Subscription_jni: Exit Result 0
07-09 09:41:29.098  2313  2313 D CarrierConfigLoader: CarrierConfigLoader has started
07-09 09:41:29.098  1896  3009 D CompatibilityInfo: mCompatibilityFlags - 10
07-09 09:41:29.098  1896  3009 D CompatibilityInfo: applicationDensity - 480
07-09 09:41:29.098  1896  3009 D CompatibilityInfo: applicationScale - 1.0
07-09 09:41:29.099  1896  3009 D CompatibilityInfo: mCompatibilityFlags - 10
07-09 09:41:29.099  1896  3009 D CompatibilityInfo: applicationDensity - 480
07-09 09:41:29.099  1896  3009 D CompatibilityInfo: applicationScale - 1.0
07-09 09:41:29.100  1896  3009 D CompatibilityInfo: mCompatibilityFlags - 10
07-09 09:41:29.100  1896  3009 D CompatibilityInfo: applicationDensity - 480
07-09 09:41:29.100  1896  3009 D CompatibilityInfo: applicationScale - 1.0
07-09 09:41:29.101  1896  2987 D BluetoothManagerService: Trying to bind to profile: 1, while Bluetooth was disabled
07-09 09:41:29.109  2173  2173 W native  : commandlineflags.cc:1503 Ignoring RegisterValidateFunction() for flag pointer 0x71962a4c68: no flag found at that address
07-09 09:41:29.110  2173  2173 I FederatedC2QExtension: onCreateApp(): Finished in 113 ms
07-09 09:41:29.113  1896  1896 I FusedLocation: engine stopped (com.android.location.fused)
07-09 09:41:29.113  2173  2173 I ModuleManager: Module object of interface com.google.android.apps.inputmethod.libs.voiceime.VoiceImeExtension loaded.
07-09 09:41:29.113  2173  2173 I ModuleManager: com.google.android.apps.inputmethod.libs.voiceime.IVoiceImeExtension changed to available
07-09 09:41:29.114  2173  2173 I GoogleInputMethod: performUserUnlock() : isUserInitiallyUnlocked = false
