07-09 09:41:23.357  1256  1256 W Resources: Preloaded color resource #0x1060053 (android:color/btn_default_material_dark) that varies with configuration!!
07-09 09:41:23.358  1256  1256 I Zygote  : ...preloaded 41 resources in 3ms.
07-09 09:41:23.374  1256  1256 D libEGL  : loaded /vendor/lib/egl/libEGL_adreno.so
07-09 09:41:23.380  1961  2005 E Diag_Lib: qvp_rtp_media_init
07-09 09:41:23.381  1961  2005 E Diag_Lib: qvp_rtp_media_init
07-09 09:41:23.381  1961  2005 E Diag_Lib: qvp_rtp_media_init_pvt
07-09 09:41:23.381  1961  2005 E Diag_Lib: qvp_rtp_media_init_pvt QVP_RTP_VIDEO
07-09 09:41:23.381  1961  2005 E Diag_Lib: qvp_rtp_media_init_video_pvt function called
07-09 09:41:23.381  1961  2005 E Diag_Lib: qpRTPVideoInitialize
07-09 09:41:23.381  1961  2005 E Diag_Lib: Allocating globaldata smittal from dplVideo.cpp
07-09 09:41:23.381  1961  2005 E Diag_Lib: qpRTPVideoInitialize pVideoData
07-09 09:41:23.381  1961  2005 E Diag_Lib: qpRTPVideoInitialize pGlobalData 0x747b698020 pGlobalData->pVideo 0x747b6a8000
07-09 09:41:23.381  1961  2005 E Diag_Lib: qpRTPVideoInitialize success
07-09 09:41:23.381  1961  2005 E Diag_Lib: qvp_rtp_media_init_video_pvt function sucess
07-09 09:41:23.381  1961  2005 E Diag_Lib: qvp_rtp_media_init_pvt
07-09 09:41:23.381  1961  2005 E Diag_Lib: qvp_rtp_media_init_pvt QVP_RTP_VIDEO
07-09 09:41:23.381  1961  2005 E Diag_Lib: qvp_rtp_media_init_pvt QVP_RTP_VIDEO media_inited
07-09 09:41:23.381  1961  2005 E Diag_Lib: [IMS_FATAL]| 2005 |SingoConfig::Init()| FATAL error cannot recover: Unable to get DPLConfig
07-09 09:41:23.381  1961  2005 E Diag_Lib: [IMS_FATAL]| 2005 |InitServiceModules | pSingoConfig->Init() Failed
07-09 09:41:23.382  1961  2005 E Diag_Lib: DPL : gIsQXDMDisabled 0, gIsADBDisabled 1, gIsDebugDisabled 0, gIsIMSLogsDisabled 0 gIsDebugDataPathDisabled = 0
07-09 09:41:23.412  1896  2128 I chatty  : uid=1000(system) WifiStateMachin expire 12 lines
07-09 09:41:23.412  1267  1503 D CommandListener: Clearing all IP addresses on wlan0
07-09 09:41:23.417  1896  1896 I SystemServer: StartWifiScanning
07-09 09:41:23.418  1896  1896 I SystemServiceManager: Starting com.android.server.wifi.scanner.WifiScanningService
07-09 09:41:23.420  1896  1896 I SystemServer: StartWifiRtt
07-09 09:41:23.421  1896  1896 I SystemServiceManager: Starting com.android.server.wifi.RttService
07-09 09:41:23.423  1896  1896 I SystemServer: No Wi-Fi Aware Service (Aware support Not Present)
07-09 09:41:23.423  1896  1896 I SystemServer: StartWifiP2P
07-09 09:41:23.423  1896  1896 I SystemServiceManager: Starting com.android.server.wifi.p2p.WifiP2pService
07-09 09:41:23.428  1896  1896 I SystemServer: StartEthernet
07-09 09:41:23.429  1896  1896 I SystemServiceManager: Starting com.android.server.ethernet.EthernetService
07-09 09:41:23.437  1896  1896 I SystemServer: StartConnectivityService
07-09 09:41:23.440  1896  1896 D ConnectivityService: ConnectivityService starting up
07-09 09:41:23.441  1896  1896 D ConnectivityService: wifiOnly=false
07-09 09:41:23.442  1896  1896 E ConnectivityService: Ignoring protectedNetwork 14
07-09 09:41:23.445  1256  1256 D libEGL  : loaded /vendor/lib/egl/libGLESv1_CM_adreno.so
07-09 09:41:23.453  1896  1896 I SystemServer: StartNsdService
07-09 09:41:23.455  1896  1896 D NsdService: Network service discovery is enabled
07-09 09:41:23.456  1896  1896 I SystemServer: StartUpdateLockService
07-09 09:41:23.457  1896  1896 I SystemServer: WaitForAsecScan
07-09 09:41:23.457  1896  1896 I SystemServer: StartNotificationManager
07-09 09:41:23.458  1896  1896 I SystemServiceManager: Starting com.android.server.notification.NotificationManagerService
07-09 09:41:23.468  1896  1896 D ConditionProviders.SCP: new ScheduleConditionProvider()
07-09 09:41:23.468  1256  1256 D libEGL  : loaded /vendor/lib/egl/libGLESv2_adreno.so
07-09 09:41:23.476  1896  1896 I NotificationListeners: Read notification listener permissions from xml
07-09 09:41:23.476  1896  1896 I ConditionProviders: Read condition provider permissions from xml
07-09 09:41:23.476  1896  1896 I ConditionProviders: Read condition provider permissions from xml
07-09 09:41:23.479  1896  1896 I SystemServer: StartDeviceMonitor
07-09 09:41:23.479  1896  1896 I SystemServiceManager: Starting com.android.server.storage.DeviceStorageMonitorService
07-09 09:41:23.480  1896  1896 I SystemServer: StartLocationManagerService
07-09 09:41:23.482  1896  1896 I SystemServer: StartCountryDetectorService
07-09 09:41:23.483  1896  1896 I SystemServer: StartSearchManagerService
07-09 09:41:23.483  1896  1896 I SystemServiceManager: Starting com.android.server.search.SearchManagerService$Lifecycle
07-09 09:41:23.484  1256  1256 I Zygote  : Preloading shared libraries...
07-09 09:41:23.484  1896  1896 I SystemServer: StartWallpaperManagerService
07-09 09:41:23.485  1896  1896 I SystemServiceManager: Starting com.android.server.wallpaper.WallpaperManagerService$Lifecycle
07-09 09:41:23.486  1896  1896 I WallpaperManagerService: No static wallpaper imagery; defaults will be shown
07-09 09:41:23.488  1896  1896 I SystemServer: StartAudioService
07-09 09:41:23.488  1896  1896 I SystemServiceManager: Starting com.android.server.audio.AudioService$Lifecycle
07-09 09:41:23.494  1258  1555 D PermissionCache: checking android.permission.MODIFY_AUDIO_SETTINGS for uid=1000 => granted (364 us)
07-09 09:41:23.494  1258  1258 D PermissionCache: checking android.permission.MODIFY_AUDIO_SETTINGS for uid=1000 => granted (730 us)
07-09 09:41:23.494  1258  1258 D AudioPolicyManagerCustom: setForceUse() usage 4, config 0, mPhoneState 0
07-09 09:41:23.494  1258  1258 D AudioPolicyManagerCustom: setForceUse() usage 3, config 8, mPhoneState 0
07-09 09:41:23.495  1256  1256 I Zygote  : Uninstalled ICU cache reference pinning...
07-09 09:41:23.495   773  1815 V audio_hw_primary: out_get_latency: Latency 8
07-09 09:41:23.495  1258  1258 D AudioPolicyManagerCustom: setForceUse() usage 6, config 0, mPhoneState 0
07-09 09:41:23.495   773  1529 V audio_hw_primary: out_get_latency: Latency 80
07-09 09:41:23.495   773  1529 V audio_hw_primary: out_get_latency: Latency 64
07-09 09:41:23.495   773   773 V audio_hw_primary: out_get_latency: Latency 10
07-09 09:41:23.496   773  2144 D audio_hw_primary: adev_set_mic_mute state 0
07-09 09:41:23.496  1256  1256 I Zygote  : Installed AndroidKeyStoreProvider in 1ms.
07-09 09:41:23.496   773  2144 W DeviceHAL: Device 0xebd90d00 set_mic_mute: Function not implemented
07-09 09:41:23.496   773  2144 W DeviceHAL: Device 0xeb39d100 set_mic_mute: Function not implemented
07-09 09:41:23.503  1256  1256 I Zygote  : Warmed up JCA providers in 7ms.
07-09 09:41:23.503  1256  1256 D Zygote  : end preload
07-09 09:41:23.518  1896  2145 I chatty  : uid=1000 system_server expire 1 line
07-09 09:41:23.519  1896  1896 I SystemServer: StartDockObserver
07-09 09:41:23.519  1896  1896 I SystemServiceManager: Starting com.android.server.DockObserver
07-09 09:41:23.520  1896  1896 W DockObserver: This kernel does not have dock station support
07-09 09:41:23.520  1896  1896 I SystemServer: StartWiredAccessoryManager
07-09 09:41:23.521  1896  1896 W WiredAccessoryManager: This kernel does not have usb audio support
07-09 09:41:23.522  1896  1896 W WiredAccessoryManager: This kernel does not have DP audio support
07-09 09:41:23.522  1896  1896 I SystemServer: StartMidiManager
07-09 09:41:23.523   788   788 W usb@1.0-service: type=1400 audit(0.0:27): avc: denied { dac_override } for capability=1 scontext=u:r:hal_usb_default:s0 tcontext=u:r:hal_usb_default:s0 tclass=capability permissive=0
07-09 09:41:23.523   788   788 W usb@1.0-service: type=1400 audit(0.0:28): avc: denied { dac_override } for capability=1 scontext=u:r:hal_usb_default:s0 tcontext=u:r:hal_usb_default:s0 tclass=capability permissive=0
07-09 09:41:23.523  1896  1896 I SystemServiceManager: Starting com.android.server.midi.MidiService$Lifecycle
07-09 09:41:23.525  1896  1896 I SystemServer: StartUsbService
07-09 09:41:23.526  1896  1896 I SystemServiceManager: Starting com.android.server.usb.UsbService$Lifecycle
07-09 09:41:23.529  1896  1896 E UsbDeviceManager: failed to write to /sys/class/android_usb/android0/f_rndis/ethaddr
07-09 09:41:23.534  1896  2100 I UsbPortManager: Usb hal service started android.hardware.usb@1.0::IUsb default
07-09 09:41:23.536   788   788 I android.hardware.usb@1.0-service: registering callback
07-09 09:41:23.536   788  2146 E android.hardware.usb@1.0-service: creating thread
07-09 09:41:23.536   788   788 I android.hardware.usb@1.0-service: otg_default
07-09 09:41:23.537   788   788 I android.hardware.usb@1.0-service: canChangeMode: 1 canChagedata: 0 canChangePower:0
07-09 09:41:23.539  1896  1896 I SystemServer: StartSerialService
07-09 09:41:23.540  1896  1896 I SystemServer: StartHardwarePropertiesManagerService
07-09 09:41:23.541  1896  1896 I SystemServer: StartTwilightService
07-09 09:41:23.542  1896  1896 I SystemServiceManager: Starting com.android.server.twilight.TwilightService
07-09 09:41:23.542  1896  1896 I SystemServer: StartNightDisplay
07-09 09:41:23.542  1896  1896 I SystemServiceManager: Starting com.android.server.display.NightDisplayService
07-09 09:41:23.544  1896  1896 I SystemServer: StartJobScheduler
07-09 09:41:23.545  1896  1896 I SystemServiceManager: Starting com.android.server.job.JobSchedulerService
07-09 09:41:23.549  1896  1896 D JobStore: Start tag: job-info
07-09 09:41:23.556  1896  1896 I JobStore: Read 73 jobs
07-09 09:41:23.558  1896  1896 D ConnectivityService: requestNetwork for uid/pid:1000/1896 NetworkRequest [ TRACK_DEFAULT id=3, [ Capabilities: INTERNET&NOT_RESTRICTED&TRUSTED&NOT_VPN] ]
07-09 09:41:23.560  1896  1896 I SystemServer: StartSoundTrigger
07-09 09:41:23.560  1896  1896 I SystemServiceManager: Starting com.android.server.soundtrigger.SoundTriggerService
07-09 09:41:23.561  1896  1896 I SystemServer: StartTrustManager
07-09 09:41:23.562  1896  1896 I SystemServiceManager: Starting com.android.server.trust.TrustManagerService
07-09 09:41:23.562  1896  1896 I SystemServer: StartBackupManager
07-09 09:41:23.563  1896  1896 I SystemServiceManager: Starting com.android.server.backup.BackupManagerService$Lifecycle
07-09 09:41:23.564  1896  1896 I SystemServer: StartAppWidgerService
07-09 09:41:23.564  1896  1896 I SystemServiceManager: Starting com.android.server.appwidget.AppWidgetService
07-09 09:41:23.566  1896  1896 I SystemServer: StartVoiceRecognitionManager
07-09 09:41:23.567  1896  1896 I SystemServiceManager: Starting com.android.server.voiceinteraction.VoiceInteractionManagerService
07-09 09:41:23.568  1896  1896 I SystemServer: StartGestureLauncher
07-09 09:41:23.569  1896  1896 I SystemServiceManager: Starting com.android.server.GestureLauncherService
07-09 09:41:23.569  1896  1896 I SystemServer: StartSensorNotification
07-09 09:41:23.569  1896  1896 I SystemServiceManager: Starting com.android.server.SensorNotificationService
07-09 09:41:23.569  1896  1896 I SystemServer: StartContextHubSystemService
07-09 09:41:23.569  1896  1896 I SystemServiceManager: Starting com.android.server.ContextHubSystemService
07-09 09:41:23.569  1896  1896 I SystemServer: StartDiskStatsService
07-09 09:41:23.571  1896  1896 I SystemServer: StartNetworkTimeUpdateService
07-09 09:41:23.571   592   592 W /system/bin/hwservicemanager: getTransport: Cannot find entry android.hardware.contexthub@1.0::IContexthub/default in either framework or device manifest.
07-09 09:41:23.571  1896  2061 I chatty  : uid=1000 system_server expire 2 lines
07-09 09:41:23.571  1896  1896 I SystemServer: StartCommonTimeManagementService
07-09 09:41:23.572  1896  1896 I SystemServer: CertBlacklister
07-09 09:41:23.573  1896  1896 I SystemServer: StartEmergencyAffordanceService
07-09 09:41:23.573  1896  1896 I SystemServiceManager: Starting com.android.server.emergency.EmergencyAffordanceService
07-09 09:41:23.574  1896  1896 I SystemServer: StartDreamManager
07-09 09:41:23.574  1896  1896 I SystemServiceManager: Starting com.android.server.dreams.DreamManagerService
07-09 09:41:23.576  1896  1896 I SystemServer: AddGraphicsStatsService
07-09 09:41:23.579  1896  1896 I SystemServer: StartPrintManager
07-09 09:41:23.579  1896  1896 I SystemServiceManager: Starting com.android.server.print.PrintManagerService
07-09 09:41:23.581  1896  1896 I SystemServer: StartCompanionDeviceManager
07-09 09:41:23.581  1896  1896 I SystemServiceManager: Starting com.android.server.companion.CompanionDeviceManagerService
07-09 09:41:23.583  1896  1896 I SystemServer: StartRestrictionManager
07-09 09:41:23.583  1896  1896 I SystemServiceManager: Starting com.android.server.restrictions.RestrictionsManagerService
07-09 09:41:23.584  1896  1896 I SystemServer: StartMediaSessionService
07-09 09:41:23.584  1896  1896 I SystemServiceManager: Starting com.android.server.media.MediaSessionService
07-09 09:41:23.585  1248  1345 E QC-time-services: Daemon:genoff_wlan_qmi_service_request: qmi_client_get_service_list returned -2num_services 0
07-09 09:41:23.586  1896  1896 I SystemServer: StartMediaResourceMonitor
07-09 09:41:23.586  1896  1896 I SystemServiceManager: Starting com.android.server.media.MediaResourceMonitorService
07-09 09:41:23.587  1896  1896 I SystemServer: StartMediaRouterService
07-09 09:41:23.588  1896  1896 I SystemServer: StartFingerprintSensor
07-09 09:41:23.588  1896  1896 I SystemServiceManager: Starting com.android.server.fingerprint.FingerprintService
07-09 09:41:23.590  1896  2062 V FingerprintService: mDeamon was null, reconnect to fingerprint
07-09 09:41:23.590  1896  1896 I SystemServer: StartBackgroundDexOptService
07-09 09:41:23.590  1896  1896 I SystemServer: StartPruneInstantAppsJobService
07-09 09:41:23.591  1896  1896 I SystemServer: StartShortcutServiceLifecycle
07-09 09:41:23.591  1896  1896 I SystemServiceManager: Starting com.android.server.pm.ShortcutService$Lifecycle
07-09 09:41:23.592  1896  2062 V FingerprintService: Fingerprint HAL id: 523002720256
07-09 09:41:23.593  1287  1287 D fpc_fingerprint_hal: fpc_set_active_group
07-09 09:41:23.593  1287  1287 D fpc_tac : fpc_tee_set_cancel
07-09 09:41:23.593  1287  1287 D fpc_fingerprint_hal: fpc_worker_join_task
07-09 09:41:23.593  1287  1287 D fpc_tac : fpc_tee_clear_cancel
07-09 09:41:23.593  1287  1287 D fpc_tac : fpc_tee_load_template_db
07-09 09:41:23.593  1896  1896 I SystemServer: StartLauncherAppsService
07-09 09:41:23.593  1896  1896 I SystemServiceManager: Starting com.android.server.pm.LauncherAppsService
07-09 09:41:23.593  1287  1287 D fpc_tac : fpc_tee_load_empty_db
07-09 09:41:23.594  1896  1896 I SystemServer: StartMediaProjectionManager
07-09 09:41:23.594  1896  1896 I SystemServiceManager: Starting com.android.server.media.projection.MediaProjectionManagerService
07-09 09:41:23.594  1287  1287 D fpc_tac : fpc_tee_set_gid
07-09 09:41:23.595  1287  1287 D fpc_tac : fpc_tee_get_template_db_id
07-09 09:41:23.596  1287  1287 D fpc_fingerprint_hal: fpc_worker_join_task
07-09 09:41:23.597  1896  1896 I SystemServer: StartCameraServiceProxy
07-09 09:41:23.597  1896  1896 I SystemServiceManager: Starting com.android.server.camera.CameraServiceProxy
07-09 09:41:23.600  1896  1896 I SystemServer: StartJitCompilation
07-09 09:41:23.600  1896  1896 I SystemServer: StartMmsService
07-09 09:41:23.600  1896  1896 I SystemServiceManager: Starting com.android.server.MmsServiceBroker
07-09 09:41:23.602  1896  1896 I SystemServer: StartAutoFillService
07-09 09:41:23.602  1896  1896 I SystemServiceManager: Starting com.android.server.autofill.AutofillManagerService
07-09 09:41:23.603  1896  1896 I AutofillManagerService: Setting debug to false
07-09 09:41:23.605  1896  1896 I SystemServer: MakeVibratorServiceReady
07-09 09:41:23.606  1896  1896 I SystemServer: MakeLockSettingsServiceReady
07-09 09:41:23.615   592   592 W /system/bin/hwservicemanager: getTransport: Cannot find entry android.hardware.weaver@1.0::IWeaver/default in either framework or device manifest.
07-09 09:41:23.615  1896  1896 I SyntheticPasswordManager: Device does not support weaver
07-09 09:41:23.616  1896  1896 E LockSettingsStorage: Cannot read file java.io.FileNotFoundException: /data/system/gatekeeper.password.key: open failed: ENOENT (No such file or directory)
07-09 09:41:23.617  1896  1896 E LockSettingsStorage: Cannot read file java.io.FileNotFoundException: /data/system/password.key: open failed: ENOENT (No such file or directory)
07-09 09:41:23.617  1896  1896 E LockSettingsStorage: Cannot read file java.io.FileNotFoundException: /data/system/gatekeeper.pattern.key: open failed: ENOENT (No such file or directory)
07-09 09:41:23.617  1896  1896 E LockSettingsStorage: Cannot read file java.io.FileNotFoundException: /data/system/gatekeeper.gesture.key: open failed: ENOENT (No such file or directory)
07-09 09:41:23.617  1896  1896 E LockSettingsStorage: Cannot read file java.io.FileNotFoundException: /data/system/gesture.key: open failed: ENOENT (No such file or directory)
07-09 09:41:23.618  1896  1896 I SystemServer: StartBootPhaseLockSettingsReady
07-09 09:41:23.618  1896  1896 I SystemServiceManager: Starting phase 480
07-09 09:41:23.621  1261  2074 W cutils  : Expected path /data/data/com.google.android.gms with mode 700 but found 751
07-09 09:41:23.622  1261  2074 W cutils  : Expected path /data/user_de/0/com.google.android.gms with mode 700 but found 751
07-09 09:41:23.623  1261  2074 W cutils  : Expected path /data/data/com.google.android.gms with mode 700 but found 751
07-09 09:41:23.624  1261  2074 W cutils  : Expected path /data/user_de/0/com.google.android.gms with mode 700 but found 751
07-09 09:41:23.641  1896  1896 I DevicePolicyManager: Set ro.device_owner property to false
07-09 09:41:23.643  1896  1896 I SystemServer: StartBootPhaseSystemServicesReady
07-09 09:41:23.643  1896  1896 I SystemServiceManager: Starting phase 500
07-09 09:41:23.646  1896  1896 I VrManagerService: No default vr listener service found.
07-09 09:41:23.650  1896  1896 I WifiService: WifiService starting up with Wi-Fi disabled
07-09 09:41:23.656  1896  2100 I chatty  : uid=1000(system) HwBinder:1896_1 expire 6 lines
07-09 09:41:23.659   790   790 I android.hardware.wifi@1.0-service: Wifi HAL started
07-09 09:41:23.663  1896  2134 D ConnectivityService: Got NetworkFactory Messenger for Ethernet
07-09 09:41:23.668  1258  1552 D PermissionCache: checking android.permission.CAPTURE_AUDIO_HOTWORD for uid=1000 => granted (92 us)
07-09 09:41:23.670  1896  2151 I chatty  : uid=1000(system) EthernetService expire 3 lines
07-09 09:41:23.671  1896  1896 I SystemServer: MakeWindowManagerServiceReady
07-09 09:41:23.675  1896  1896 I SystemServer: MakePowerManagerServiceReady
07-09 09:41:23.680  1368  1393 I LOWI-8.5.0.3.b: [LOWIController] isWifiEnabled: Wifi is now enabled
07-09 09:41:23.680   790   790 I chatty  : uid=1010(wifi) android.hardwar expire 8 lines
07-09 09:41:23.681  1368  1393 I LOWI-8.5.0.3.b: [LOWI-ROME-RTT] RomeWipsOpen: libCld80211 found, load the symbols..
07-09 09:41:23.683  1368  1393 I CLD80211: lowi-server: initialized exit socket pair
07-09 09:41:23.683  1368  1393 I CLD80211: lowi-server: nlctrl family id: 16 group: oem_msgs mcast_id: 15
07-09 09:41:23.685  1896  1896 I SystemServer: MakePackageManagerServiceReady
07-09 09:41:23.685  1368  1393 I LOWI-8.5.0.3.b: [LOWI-Scan] lowi_close_record:Scan completed in 0ms and Recieved 0 APs scan results
07-09 09:41:23.685  1368  1393 I LOWI-8.5.0.3.b: [LOWI-Scan] No frequency specified. Can not trigger fresh scan, cached scan failed
07-09 09:41:23.686  1896  1945 W KeyguardServiceDelegate: onScreenTurningOn(): no keyguard service!
07-09 09:41:23.687  1368  2157 E QMI_FW  : QMUXD: WARNING qmi_qmux_if_pwr_up_init failed! rc=-6
07-09 09:41:23.688  1896  1896 V UserDataPreparer: Found /data/user_de/0 with serial number 0
07-09 09:41:23.688  1896  1896 V UserDataPreparer: Found /data/user/0 with serial number 0
07-09 09:41:23.688  1896  1896 V UserDataPreparer: Found /data/system_de/0 with serial number 0
07-09 09:41:23.688  1896  1896 V UserDataPreparer: Found /data/system_ce/0 with serial number 0
07-09 09:41:23.689  1896  1896 V UserDataPreparer: Found /data/misc_ce/0 with serial number 0
07-09 09:41:23.689  1896  1896 I SystemServer: MakeDisplayManagerServiceReady
07-09 09:41:23.691  1896  1896 I ActivityManager: System now ready
07-09 09:41:23.692  1896  1896 I ActivityManager: Config changes=100 {1.0 ?mcc?mnc [en_IN] ldltr sw360dp w360dp h648dp 480dpi nrml long port finger -keyb/v/h -nav/h appBounds=Rect(0, 0 - 1080, 2016) s.7}
07-09 09:41:23.692  1269  1269 I wificond: create scanner for interface with index: 23
07-09 09:41:23.692  1269  1269 I wificond: subscribe scan result for interface with index: 23
07-09 09:41:23.693   592   592 W /system/bin/hwservicemanager: getTransport: Cannot find entry android.hardware.wifi.offload@1.0::IOffload/default in either framework or device manifest.
07-09 09:41:23.694  1269  1269 E wificond: No Offload Service available
07-09 09:41:23.694  1269  1269 I wificond: Offload HAL not supported 
07-09 09:41:23.695  1896  1896 I ActivityManager: Override config changes=100 {1.0 ?mcc?mnc [en_IN] ldltr sw360dp w360dp h648dp 480dpi nrml long port finger -keyb/v/h -nav/h appBounds=Rect(0, 0 - 1080, 2016) s.7} for displayId=0
07-09 09:41:23.696  1267  1503 D CommandListener: Clearing all IP addresses on wlan0
07-09 09:41:23.697  1896  1896 I SystemServer: Making services ready
07-09 09:41:23.697  1896  1896 I SystemServer: StartActivityManagerReadyPhase
07-09 09:41:23.697  1896  1896 I SystemServiceManager: Starting phase 550
07-09 09:41:23.698  1896  1941 I ActivityManager: Config changes=100 {1.0 ?mcc?mnc [en_IN] ldltr sw360dp w360dp h648dp 480dpi nrml long port finger -keyb/v/h -nav/h appBounds=Rect(0, 0 - 1080, 2016) s.8}
07-09 09:41:23.704  1896  1941 I ActivityManager: Override config changes=100 {1.0 ?mcc?mnc [en_IN] ldltr sw360dp w360dp h648dp 480dpi nrml long port finger -keyb/v/h -nav/h appBounds=Rect(0, 0 - 1080, 2016) s.8} for displayId=0
07-09 09:41:23.774  2160  2160 I chatty  : uid=1010(wifi) /vendor/bin/hw/wpa_supplicant expire 208 lines
07-09 09:41:23.774  1268  1386 I /system/bin/storaged: storaged: Start
07-09 09:41:23.782  2160  2160 I wpa_supplicant: rfkill: Cannot open RFKILL control device
07-09 09:41:23.782  2160  2160 D wpa_supplicant: nl80211: RFKILL status not available
07-09 09:41:23.783  2160  2160 D wpa_supplicant: netlink: Operstate: ifindex=24 linkmode=1 (userspace-control), operstate=5 (IF_OPER_DORMANT)
07-09 09:41:23.784  2160  2160 D wpa_supplicant: Add interface p2p0 to a new radio phy0
07-09 09:41:23.784  2160  2160 D wpa_supplicant: nl80211: Regulatory information - country=US (DFS-FCC)
07-09 09:41:23.784  2160  2160 D wpa_supplicant: nl80211: 2402-2472 @ 40 MHz 30 mBm
07-09 09:41:23.784  2160  2160 D wpa_supplicant: nl80211: 5170-5250 @ 80 MHz 30 mBm
07-09 09:41:23.784  2160  2160 D wpa_supplicant: nl80211: 5250-5330 @ 80 MHz 24 mBm (DFS)
07-09 09:41:23.784  2160  2160 D wpa_supplicant: nl80211: 5490-5730 @ 160 MHz 24 mBm (DFS)
07-09 09:41:23.784  2160  2160 D wpa_supplicant: nl80211: 5735-5835 @ 80 MHz 30 mBm
07-09 09:41:23.784  2160  2160 D wpa_supplicant: nl80211: 5842-5863 @ 5 MHz 30 mBm
07-09 09:41:23.784  2160  2160 D wpa_supplicant: nl80211: 5850-5870 @ 10 MHz 30 mBm
07-09 09:41:23.784  2160  2160 D wpa_supplicant: nl80211: 5860-5880 @ 10 MHz 30 mBm
07-09 09:41:23.784  2160  2160 D wpa_supplicant: nl80211: 5865-5885 @ 20 MHz 30 mBm
07-09 09:41:23.784  2160  2160 D wpa_supplicant: nl80211: 5870-5890 @ 10 MHz 30 mBm
07-09 09:41:23.784  2160  2160 D wpa_supplicant: nl80211: 5880-5900 @ 10 MHz 30 mBm
07-09 09:41:23.784  2160  2160 D wpa_supplicant: nl80211: 5890-5910 @ 10 MHz 30 mBm
07-09 09:41:23.784  2160  2160 D wpa_supplicant: nl80211: 5895-5915 @ 20 MHz 30 mBm
07-09 09:41:23.784  2160  2160 D wpa_supplicant: nl80211: 5900-5920 @ 10 MHz 30 mBm
07-09 09:41:23.784  2160  2160 D wpa_supplicant: nl80211: 5910-5930 @ 10 MHz 30 mBm
07-09 09:41:23.784  2160  2160 D wpa_supplicant: nl80211: 57240-70200 @ 2160 MHz 40 mBm
07-09 09:41:23.784  2160  2160 D wpa_supplicant: nl80211: Added 802.11b mode based on 802.11g information
07-09 09:41:23.784  2160  2160 D wpa_supplicant: p2p0: Own MAC address: ba:de:5e:95:57:dc
07-09 09:41:23.784  2160  2160 D wpa_supplicant: wpa_driver_nl80211_set_key: ifindex=24 (p2p0) alg=0 addr=0x0 key_idx=0 set_tx=0 seq_len=0 key_len=0
07-09 09:41:23.784  2160  2160 D wpa_supplicant: wpa_driver_nl80211_set_key: ifindex=24 (p2p0) alg=0 addr=0x0 key_idx=1 set_tx=0 seq_len=0 key_len=0
07-09 09:41:23.785  2160  2160 D wpa_supplicant: wpa_driver_nl80211_set_key: ifindex=24 (p2p0) alg=0 addr=0x0 key_idx=2 set_tx=0 seq_len=0 key_len=0
07-09 09:41:23.785  2160  2160 D wpa_supplicant: wpa_driver_nl80211_set_key: ifindex=24 (p2p0) alg=0 addr=0x0 key_idx=3 set_tx=0 seq_len=0 key_len=0
07-09 09:41:23.785  2160  2160 D wpa_supplicant: wpa_driver_nl80211_set_key: ifindex=24 (p2p0) alg=0 addr=0x0 key_idx=4 set_tx=0 seq_len=0 key_len=0
07-09 09:41:23.785  2160  2160 D wpa_supplicant: wpa_driver_nl80211_set_key: ifindex=24 (p2p0) alg=0 addr=0x0 key_idx=5 set_tx=0 seq_len=0 key_len=0
07-09 09:41:23.785  2160  2160 D wpa_supplicant: p2p0: RSN: flushing PMKID list in the driver
07-09 09:41:23.785  2160  2160 D wpa_supplicant: nl80211: Flush PMKIDs
07-09 09:41:23.785  2160  2160 D wpa_supplicant: p2p0: State: DISCONNECTED -> INACTIVE
07-09 09:41:23.785  2160  2160 D wpa_supplicant: Notifying state change event to hidl control: INACTIVE
07-09 09:41:23.785  2160  2160 D wpa_supplicant: TDLS: TDLS operation supported by driver
07-09 09:41:23.785  2160  2160 D wpa_supplicant: TDLS: Driver uses external link setup
07-09 09:41:23.785  2160  2160 D wpa_supplicant: TDLS: Driver does not support TDLS channel switching
07-09 09:41:23.785  2160  2160 D wpa_supplicant: p2p0: WPS: UUID based on MAC address: 6e61e05b-b76f-5b44-888f-37d66cb66325
07-09 09:41:23.785  2160  2160 D wpa_supplicant: eap_proxy: eap_proxy_init  wpa_qmi_ssr 0
07-09 09:41:23.785  2160  2160 D wpa_supplicant: EAPOL: SUPP_PAE entering state DISCONNECTED
07-09 09:41:23.785  2160  2160 D wpa_supplicant: EAPOL: Supplicant port status: Unauthorized
07-09 09:41:23.785  2160  2160 D wpa_supplicant: nl80211: Skip set_supp_port(unauthorized) while not associated
07-09 09:41:23.785  2160  2160 D wpa_supplicant: EAPOL: KEY_RX entering state NO_KEY_RECEIVE
07-09 09:41:23.785  2160  2160 D wpa_supplicant: EAPOL: SUPP_BE entering state INITIALIZE
07-09 09:41:23.785  2160  2160 D wpa_supplicant: EAP: EAP entering state DISABLED
07-09 09:41:23.785  2160  2160 D wpa_supplicant: Using existing control interface directory.
07-09 09:41:23.786  2160  2160 D wpa_supplicant: ctrl_iface bind(PF_UNIX) failed: Address already in use
07-09 09:41:23.786  2160  2160 D wpa_supplicant: ctrl_iface exists, but does not allow connections - assuming it was leftover from forced program termination
07-09 09:41:23.786  2160  2160 D wpa_supplicant: Successfully replaced leftover ctrl_iface socket '/data/misc/wifi/sockets/p2p0'
07-09 09:41:23.786  2160  2160 D wpa_supplicant: P2P: Add operating class 81
07-09 09:41:23.786  2160  2160 D wpa_supplicant: P2P: Channels - hexdump(len=11): 01 02 03 04 05 06 07 08 09 0a 0b
07-09 09:41:23.786  2160  2160 D wpa_supplicant: P2P: Add operating class 115
07-09 09:41:23.786  2160  2160 D wpa_supplicant: P2P: Channels - hexdump(len=4): 24 28 2c 30
07-09 09:41:23.786  2160  2160 D wpa_supplicant: P2P: Add operating class 116
07-09 09:41:23.786  2160  2160 D wpa_supplicant: P2P: Channels - hexdump(len=2): 24 2c
07-09 09:41:23.786  2160  2160 D wpa_supplicant: P2P: Add operating class 117
07-09 09:41:23.786  2160  2160 D wpa_supplicant: P2P: Channels - hexdump(len=2): 28 30
07-09 09:41:23.786  2160  2160 D wpa_supplicant: P2P: Add operating class 124
07-09 09:41:23.786  2160  2160 D wpa_supplicant: P2P: Channels - hexdump(len=4): 95 99 9d a1
07-09 09:41:23.786  2160  2160 D wpa_supplicant: P2P: Add operating class 125
07-09 09:41:23.786  2160  2160 D wpa_supplicant: P2P: Channels - hexdump(len=5): 95 99 9d a1 a5
07-09 09:41:23.786  2160  2160 D wpa_supplicant: P2P: Add operating class 126
07-09 09:41:23.786  2160  2160 D wpa_supplicant: P2P: Channels - hexdump(len=2): 95 9d
07-09 09:41:23.786  2160  2160 D wpa_supplicant: P2P: Add operating class 127
07-09 09:41:23.786  2160  2160 D wpa_supplicant: P2P: Channels - hexdump(len=2): 99 a1
07-09 09:41:23.786  2160  2160 D wpa_supplicant: P2P: Add operating class 128
07-09 09:41:23.786  2160  2160 D wpa_supplicant: P2P: Channels - hexdump(len=4): 24 28 2c 30
07-09 09:41:23.786  2160  2160 D wpa_supplicant: P2P: Add operating class 130
07-09 09:41:23.786  2160  2160 D wpa_supplicant: P2P: Channels - hexdump(len=4): 24 28 2c 30
07-09 09:41:23.787  2160  2160 D wpa_supplicant: P2P: Own listen channel: 81:1
07-09 09:41:23.787  2160  2160 D wpa_supplicant: P2P: Random operating channel: 81:11
07-09 09:41:23.788  2160  2160 D wpa_supplicant: P2P: initialized
07-09 09:41:23.788  2160  2160 D wpa_supplicant: P2P: channels: 81:1,2,3,4,5,6,7,8,9,10,11 115:36,40,44,48 116:36,44 117:40,48 124:149,153,157,161 125:149,153,157,161,165 126:149,157 127:153,161 128:36,40,44,48 130:36,40,44,48
07-09 09:41:23.788  2160  2160 D wpa_supplicant: P2P: cli_channels:
07-09 09:41:23.788  2160  2160 E wpa_supplicant: eap_proxy:eap_proxy_get_imsi: Not initialized
07-09 09:41:23.788  2160  2160 D wpa_supplicant: eap_proxy: IMSI not available
07-09 09:41:23.788  2160  2160 D wpa_supplicant: MBO: Update non-preferred channels, non_pref_chan=N/A
07-09 09:41:23.788  2160  2160 D wpa_supplicant: nl80211: Scan default IEs - hexdump(len=24): 7f 0a 00 00 0a 02 01 40 00 00 00 01 dd 0a 50 6f 9a 16 03 01 03 65 01 01
07-09 09:41:23.788  2160  2160 D wpa_supplicant: Registering interface to hidl control: p2p0
07-09 09:41:23.788  2160  2160 D wpa_supplicant: p2p0: Added interface p2p0
07-09 09:41:23.788  2160  2160 D wpa_supplicant: p2p0: State: INACTIVE -> DISCONNECTED
07-09 09:41:23.788  2160  2160 D wpa_supplicant: nl80211: Set p2p0 operstate 0->0 (DORMANT)
07-09 09:41:23.788  2160  2160 D wpa_supplicant: netlink: Operstate: ifindex=24 linkmode=-1 (no change), operstate=5 (IF_OPER_DORMANT)
07-09 09:41:23.788  2160  2160 D wpa_supplicant: Notifying state change event to hidl control: DISCONNECTED
07-09 09:41:23.788  2160  2160 D wpa_supplicant: p2p0: Determining shared radio frequencies (max len 2)
07-09 09:41:23.788  2160  2160 D wpa_supplicant: p2p0: Shared frequencies (len=0): completed iteration
07-09 09:41:23.788  2160  2160 D wpa_supplicant: P2P: Add operating class 81
07-09 09:41:23.788  2160  2160 D wpa_supplicant: P2P: Channels - hexdump(len=11): 01 02 03 04 05 06 07 08 09 0a 0b
07-09 09:41:23.788  2160  2160 D wpa_supplicant: P2P: Add operating class 115
07-09 09:41:23.788  2160  2160 D wpa_supplicant: P2P: Channels - hexdump(len=4): 24 28 2c 30
07-09 09:41:23.788  2160  2160 D wpa_supplicant: P2P: Add operating class 116
07-09 09:41:23.788  2160  2160 D wpa_supplicant: P2P: Channels - hexdump(len=2): 24 2c
07-09 09:41:23.788  2160  2160 D wpa_supplicant: P2P: Add operating class 117
07-09 09:41:23.788  2160  2160 D wpa_supplicant: P2P: Channels - hexdump(len=2): 28 30
07-09 09:41:23.788  2160  2160 D wpa_supplicant: P2P: Add operating class 124
07-09 09:41:23.788  2160  2160 D wpa_supplicant: P2P: Channels - hexdump(len=4): 95 99 9d a1
07-09 09:41:23.788  2160  2160 D wpa_supplicant: P2P: Add operating class 125
07-09 09:41:23.788  2160  2160 D wpa_supplicant: P2P: Channels - hexdump(len=5): 95 99 9d a1 a5
07-09 09:41:23.788  2160  2160 D wpa_supplicant: P2P: Add operating class 126
07-09 09:41:23.788  2160  2160 D wpa_supplicant: P2P: Channels - hexdump(len=2): 95 9d
07-09 09:41:23.788  2160  2160 D wpa_supplicant: P2P: Add operating class 127
07-09 09:41:23.788  2160  2160 D wpa_supplicant: P2P: Channels - hexdump(len=2): 99 a1
07-09 09:41:23.788  2160  2160 D wpa_supplicant: P2P: Add operating class 128
07-09 09:41:23.788  2160  2160 D wpa_supplicant: P2P: Channels - hexdump(len=4): 24 28 2c 30
07-09 09:41:23.788  2160  2160 D wpa_supplicant: P2P: Add operating class 130
07-09 09:41:23.788  2160  2160 D wpa_supplicant: P2P: Channels - hexdump(len=4): 24 28 2c 30
07-09 09:41:23.788  2160  2160 D wpa_supplicant: P2P: Update channel list
07-09 09:41:23.788  2160  2160 D wpa_supplicant: P2P: channels: 81:1,2,3,4,5,6,7,8,9,10,11 115:36,40,44,48 116:36,44 117:40,48 124:149,153,157,161 125:149,153,157,161,165 126:149,157 127:153,161 128:36,40,44,48 130:36,40,44,48
07-09 09:41:23.788  2160  2160 D wpa_supplicant: P2P: cli_channels:
07-09 09:41:23.788  2160  2160 D wpa_supplicant: Override interface parameter: ctrl_interface ('(null)' -> '/data/misc/wifi/sockets')
07-09 09:41:23.788  2160  2160 D wpa_supplicant: Initializing interface 'wlan0' conf '/data/misc/wifi/wpa_supplicant.conf' driver 'nl80211' ctrl_interface '/data/misc/wifi/sockets' bridge 'N/A'
07-09 09:41:23.788  2160  2160 D wpa_supplicant: Configuration file '/data/misc/wifi/wpa_supplicant.conf' -> '/data/misc/wifi/wpa_supplicant.conf'
07-09 09:41:23.788  2160  2160 D wpa_supplicant: Reading configuration file '/data/misc/wifi/wpa_supplicant.conf'
07-09 09:41:23.788  2160  2160 D wpa_supplicant: update_config=1
07-09 09:41:23.788  2160  2160 D wpa_supplicant: eapol_version=1
07-09 09:41:23.788  2160  2160 D wpa_supplicant: ap_scan=1
07-09 09:41:23.788  2160  2160 D wpa_supplicant: fast_reauth=1
07-09 09:41:23.788  2160  2160 D wpa_supplicant: pmf=1
07-09 09:41:23.788  2160  2160 D wpa_supplicant: p2p_add_cli_chan=1
07-09 09:41:23.788  2160  2160 D wpa_supplicant: Reading configuration file '/vendor/etc/wifi/wpa_supplicant_overlay.conf'
07-09 09:41:23.789  2160  2160 D wpa_supplicant: disable_scan_offload=1
07-09 09:41:23.789  2160  2160 D wpa_supplicant: p2p_disabled=1
07-09 09:41:23.789  2160  2160 D wpa_supplicant: tdls_external_control=1
07-09 09:41:23.790  2160  2160 D wpa_supplicant: nl80211: Using driver-based roaming
07-09 09:41:23.790  2160  2160 D wpa_supplicant: nl80211: TDLS supported
07-09 09:41:23.790  2160  2160 D wpa_supplicant: nl80211: TDLS external setup
07-09 09:41:23.790  2160  2160 D wpa_supplicant: nl80211: Supported cipher 00-0f-ac:1
07-09 09:41:23.790  2160  2160 D wpa_supplicant: nl80211: Supported cipher 00-0f-ac:5
07-09 09:41:23.790  2160  2160 D wpa_supplicant: nl80211: Supported cipher 00-0f-ac:2
07-09 09:41:23.790  2160  2160 D wpa_supplicant: nl80211: Supported cipher 00-40-96:254
07-09 09:41:23.790  2160  2160 D wpa_supplicant: nl80211: Supported cipher 00-40-96:255
07-09 09:41:23.790  2160  2160 D wpa_supplicant: nl80211: Supported cipher 00-0f-ac:4
07-09 09:41:23.790  2160  2160 D wpa_supplicant: nl80211: Supported cipher 00-14-72:1
07-09 09:41:23.790  2160  2160 D wpa_supplicant: nl80211: Supported cipher 00-0f-ac:6
07-09 09:41:23.790  2160  2160 D wpa_supplicant: nl80211: Supported cipher 00-0f-ac:8
07-09 09:41:23.790  2160  2160 D wpa_supplicant: nl80211: Supported cipher 00-0f-ac:9
07-09 09:41:23.790  2160  2160 D wpa_supplicant: nl80211: Supports Probe Response offload in AP mode
07-09 09:41:23.790  2160  2160 D wpa_supplicant: nl80211: Using driver-based off-channel TX
07-09 09:41:23.790  2160  2160 D wpa_supplicant: nl80211: Supported vendor command: vendor_id=0x1374 subcmd=11
07-09 09:41:23.790  2160  2160 D wpa_supplicant: nl80211: Supported vendor command: vendor_id=0x1374 subcmd=12
07-09 09:41:23.790  2160  2160 D wpa_supplicant: nl80211: Supported vendor command: vendor_id=0x1374 subcmd=13
07-09 09:41:23.790  2160  2160 D wpa_supplicant: nl80211: Supported vendor command: vendor_id=0x1374 subcmd=20
07-09 09:41:23.790  2160  2160 D wpa_supplicant: nl80211: Supported vendor command: vendor_id=0x1374 subcmd=21
07-09 09:41:23.790  2160  2160 D wpa_supplicant: nl80211: Supported vendor command: vendor_id=0x1374 subcmd=22
07-09 09:41:23.790  2160  2160 D wpa_supplicant: nl80211: Supported vendor command: vendor_id=0x1374 subcmd=23
07-09 09:41:23.790  2160  2160 D wpa_supplicant: nl80211: Supported vendor command: vendor_id=0x1374 subcmd=24
07-09 09:41:23.790  2160  2160 D wpa_supplicant: nl80211: Supported vendor command: vendor_id=0x1374 subcmd=29
07-09 09:41:23.790  2160  2160 D wpa_supplicant: nl80211: Supported vendor command: vendor_id=0x1374 subcmd=30
07-09 09:41:23.790  2160  2160 D wpa_supplicant: nl80211: Supported vendor command: vendor_id=0x1374 subcmd=32
07-09 09:41:23.790  2160  2160 D wpa_supplicant: nl80211: Supported vendor command: vendor_id=0x1374 subcmd=33
07-09 09:41:23.790  2160  2160 D wpa_supplicant: nl80211: Supported vendor command: vendor_id=0x1374 subcmd=69
07-09 09:41:23.790  2160  2160 D wpa_supplicant: nl80211: Supported vendor command: vendor_id=0x1374 subcmd=16
07-09 09:41:23.790  2160  2160 D wpa_supplicant: nl80211: Supported vendor command: vendor_id=0x1374 subcmd=14
07-09 09:41:23.790  2160  2160 D wpa_supplicant: nl80211: Supported vendor command: vendor_id=0x1374 subcmd=15
07-09 09:41:23.790  2160  2160 D wpa_supplicant: nl80211: Supported vendor command: vendor_id=0x1374 subcmd=34
07-09 09:41:23.790  2160  2160 D wpa_supplicant: nl80211: Supported vendor command: vendor_id=0x1374 subcmd=35
07-09 09:41:23.790  2160  2160 D wpa_supplicant: nl80211: Supported vendor command: vendor_id=0x1374 subcmd=36
07-09 09:41:23.790  2160  2160 D wpa_supplicant: nl80211: Supported vendor command: vendor_id=0x1374 subcmd=38
07-09 09:41:23.790  2160  2160 D wpa_supplicant: nl80211: Supported vendor command: vendor_id=0x1374 subcmd=39
07-09 09:41:23.790  2160  2160 D wpa_supplicant: nl80211: Supported vendor command: vendor_id=0x1374 subcmd=42
07-09 09:41:23.790  2160  2160 D wpa_supplicant: nl80211: Supported vendor command: vendor_id=0x1374 subcmd=40
07-09 09:41:23.790  2160  2160 D wpa_supplicant: nl80211: Supported vendor command: vendor_id=0x1374 subcmd=120
07-09 09:41:23.790  2160  2160 D wpa_supplicant: nl80211: Supported vendor command: vendor_id=0x1374 subcmd=121
07-09 09:41:23.790  2160  2160 D wpa_supplicant: nl80211: Supported vendor command: vendor_id=0x1374 subcmd=54
07-09 09:41:23.790  2160  2160 D wpa_supplicant: nl80211: Supported vendor command: vendor_id=0x1374 subcmd=55
07-09 09:41:23.790  2160  2160 D wpa_supplicant: nl80211: Supported vendor command: vendor_id=0x1374 subcmd=50
07-09 09:41:23.790  2160  2160 D wpa_supplicant: nl80211: Supported vendor command: vendor_id=0x1374 subcmd=70
07-09 09:41:23.790  2160  2160 D wpa_supplicant: nl80211: Supported vendor command: vendor_id=0x1374 subcmd=71
07-09 09:41:23.790  2160  2160 D wpa_supplicant: nl80211: Supported vendor command: vendor_id=0x1374 subcmd=61
07-09 09:41:23.790  2160  2160 D wpa_supplicant: nl80211: Supported vendor command: vendor_id=0x1374 subcmd=74
07-09 09:41:23.790  2160  2160 D wpa_supplicant: nl80211: Supported vendor command: vendor_id=0x1374 subcmd=64
07-09 09:41:23.790  2160  2160 D wpa_supplicant: nl80211: Supported vendor command: vendor_id=0x1374 subcmd=62
07-09 09:41:23.790  2160  2160 D wpa_supplicant: nl80211: Supported vendor command: vendor_id=0x1374 subcmd=77
07-09 09:41:23.790  2160  2160 D wpa_supplicant: nl80211: Supported vendor command: vendor_id=0x1374 subcmd=103
07-09 09:41:23.790  2160  2160 D wpa_supplicant: nl80211: Supported vendor command: vendor_id=0x1374 subcmd=104
07-09 09:41:23.790  2160  2160 D wpa_supplicant: nl80211: Supported vendor command: vendor_id=0x1374 subcmd=119
07-09 09:41:23.790  2160  2160 D wpa_supplicant: nl80211: Supported vendor command: vendor_id=0x1374 subcmd=78
07-09 09:41:23.790  2160  2160 D wpa_supplicant: nl80211: Supported vendor command: vendor_id=0x1374 subcmd=79
07-09 09:41:23.790  2160  2160 D wpa_supplicant: nl80211: Supported vendor command: vendor_id=0x1374 subcmd=80
07-09 09:41:23.790  2160  2160 D wpa_supplicant: nl80211: Supported vendor command: vendor_id=0x1374 subcmd=82
07-09 09:41:23.790  2160  2160 D wpa_supplicant: nl80211: Supported vendor command: vendor_id=0x1374 subcmd=76
07-09 09:41:23.790  2160  2160 D wpa_supplicant: nl80211: Supported vendor command: vendor_id=0x1374 subcmd=106
07-09 09:41:23.790  2160  2160 D wpa_supplicant: nl80211: Supported vendor command: vendor_id=0x1374 subcmd=145
07-09 09:41:23.790  2160  2160 D wpa_supplicant: nl80211: Supported vendor command: vendor_id=0x1374 subcmd=92
07-09 09:41:23.790  2160  2160 D wpa_supplicant: nl80211: Supported vendor command: vendor_id=0x1374 subcmd=93
07-09 09:41:23.790  2160  2160 D wpa_supplicant: nl80211: Supported vendor command: vendor_id=0x1374 subcmd=94
07-09 09:41:23.790  2160  2160 D wpa_supplicant: nl80211: Supported vendor command: vendor_id=0x1374 subcmd=95
07-09 09:41:23.790  2160  2160 D wpa_supplicant: nl80211: Supported vendor command: vendor_id=0x1374 subcmd=96
07-09 09:41:23.790  2160  2160 D wpa_supplicant: nl80211: Supported vendor command: vendor_id=0x1374 subcmd=97
07-09 09:41:23.790  2160  2160 D wpa_supplicant: nl80211: Supported vendor command: vendor_id=0x1374 subcmd=98
07-09 09:41:23.790  2160  2160 D wpa_supplicant: nl80211: Supported vendor command: vendor_id=0x1374 subcmd=99
07-09 09:41:23.790  2160  2160 D wpa_supplicant: nl80211: Supported vendor command: vendor_id=0x1374 subcmd=101
07-09 09:41:23.790  2160  2160 D wpa_supplicant: nl80211: Supported vendor command: vendor_id=0x1374 subcmd=108
07-09 09:41:23.790  2160  2160 D wpa_supplicant: nl80211: Supported vendor command: vendor_id=0x1374 subcmd=102
07-09 09:41:23.790  2160  2160 D wpa_supplicant: nl80211: Supported vendor command: vendor_id=0x1374 subcmd=109
07-09 09:41:23.790  2160  2160 D wpa_supplicant: nl80211: Supported vendor command: vendor_id=0x1374 subcmd=115
07-09 09:41:23.790  2160  2160 D wpa_supplicant: nl80211: Supported vendor command: vendor_id=0x1374 subcmd=83
07-09 09:41:23.790  2160  2160 D wpa_supplicant: nl80211: Supported vendor command: vendor_id=0x1374 subcmd=116
07-09 09:41:23.790  2160  2160 D wpa_supplicant: nl80211: Supported vendor command: vendor_id=0x1374 subcmd=117
07-09 09:41:23.790  2160  2160 D wpa_supplicant: nl80211: Supported vendor command: vendor_id=0x1374 subcmd=10
07-09 09:41:23.790  2160  2160 D wpa_supplicant: nl80211: Supported vendor command: vendor_id=0x1374 subcmd=118
07-09 09:41:23.790  2160  2160 D wpa_supplicant: nl80211: Supported vendor command: vendor_id=0x1374 subcmd=122
07-09 09:41:23.790  2160  2160 D wpa_supplicant: nl80211: Supported vendor command: vendor_id=0x1374 subcmd=123
07-09 09:41:23.790  2160  2160 D wpa_supplicant: nl80211: Supported vendor command: vendor_id=0x1374 subcmd=124
07-09 09:41:23.790  2160  2160 D wpa_supplicant: nl80211: Supported vendor command: vendor_id=0x1374 subcmd=81
07-09 09:41:23.790  2160  2160 D wpa_supplicant: nl80211: Supported vendor command: vendor_id=0x1374 subcmd=85
07-09 09:41:23.790  2160  2160 D wpa_supplicant: nl80211: Supported vendor command: vendor_id=0x1374 subcmd=84
07-09 09:41:23.790  2160  2160 D wpa_supplicant: nl80211: Supported vendor command: vendor_id=0x1374 subcmd=105
07-09 09:41:23.790  2160  2160 D wpa_supplicant: nl80211: Supported vendor command: vendor_id=0x1374 subcmd=9
07-09 09:41:23.790  2160  2160 D wpa_supplicant: nl80211: Supported vendor command: vendor_id=0x1374 subcmd=137
07-09 09:41:23.790  2160  2160 D wpa_supplicant: nl80211: Supported vendor command: vendor_id=0x1374 subcmd=143
07-09 09:41:23.790  2160  2160 D wpa_supplicant: nl80211: Supported vendor command: vendor_id=0x1374 subcmd=146
07-09 09:41:23.790  2160  2160 D wpa_supplicant: nl80211: Supported vendor command: vendor_id=0x1374 subcmd=149
07-09 09:41:23.790  2160  2160 D wpa_supplicant: nl80211: Supported vendor command: vendor_id=0x1374 subcmd=150
07-09 09:41:23.790  2160  2160 D wpa_supplicant: nl80211: Supported vendor command: vendor_id=0x1374 subcmd=151
07-09 09:41:23.790  2160  2160 D wpa_supplicant: nl80211: Supported vendor command: vendor_id=0x1374 subcmd=127
07-09 09:41:23.790  2160  2160 D wpa_supplicant: nl80211: Supported vendor command: vendor_id=0x1374 subcmd=138
07-09 09:41:23.790  2160  2160 D wpa_supplicant: nl80211: Supported vendor command: vendor_id=0x1374 subcmd=154
07-09 09:41:23.790  2160  2160 D wpa_supplicant: nl80211: Supported vendor command: vendor_id=0x1374 subcmd=155
07-09 09:41:23.790  2160  2160 D wpa_supplicant: nl80211: Supported vendor command: vendor_id=0x1374 subcmd=156
07-09 09:41:23.790  2160  2160 D wpa_supplicant: nl80211: Supported vendor event: vendor_id=0x1374 subcmd=10
07-09 09:41:23.790  2160  2160 D wpa_supplicant: nl80211: Supported vendor event: vendor_id=0x1374 subcmd=12
07-09 09:41:23.790  2160  2160 D wpa_supplicant: nl80211: Supported vendor event: vendor_id=0x1374 subcmd=13
07-09 09:41:23.790  2160  2160 D wpa_supplicant: nl80211: Supported vendor event: vendor_id=0x1374 subcmd=20
07-09 09:41:23.790  2160  2160 D wpa_supplicant: nl80211: Supported vendor event: vendor_id=0x1374 subcmd=21
07-09 09:41:23.790  2160  2160 D wpa_supplicant: nl80211: Supported vendor event: vendor_id=0x1374 subcmd=23
07-09 09:41:23.790  2160  2160 D wpa_supplicant: nl80211: Supported vendor event: vendor_id=0x1374 subcmd=24
07-09 09:41:23.790  2160  2160 D wpa_supplicant: nl80211: Supported vendor event: vendor_id=0x1374 subcmd=25
07-09 09:41:23.790  2160  2160 D wpa_supplicant: nl80211: Supported vendor event: vendor_id=0x1374 subcmd=26
07-09 09:41:23.790  2160  2160 D wpa_supplicant: nl80211: Supported vendor event: vendor_id=0x1374 subcmd=27
07-09 09:41:23.790  2160  2160 D wpa_supplicant: nl80211: Supported vendor event: vendor_id=0x1374 subcmd=28
07-09 09:41:23.790  2160  2160 D wpa_supplicant: nl80211: Supported vendor event: vendor_id=0x1374 subcmd=29
07-09 09:41:23.790  2160  2160 D wpa_supplicant: nl80211: Supported vendor event: vendor_id=0x1374 subcmd=30
07-09 09:41:23.790  2160  2160 D wpa_supplicant: nl80211: Supported vendor event: vendor_id=0x1374 subcmd=31
07-09 09:41:23.790  2160  2160 D wpa_supplicant: nl80211: Supported vendor event: vendor_id=0x1374 subcmd=32
07-09 09:41:23.790  2160  2160 D wpa_supplicant: nl80211: Supported vendor event: vendor_id=0x1374 subcmd=33
07-09 09:41:23.790  2160  2160 D wpa_supplicant: nl80211: Supported vendor event: vendor_id=0x1374 subcmd=14
07-09 09:41:23.790  2160  2160 D wpa_supplicant: nl80211: Supported vendor event: vendor_id=0x1374 subcmd=15
07-09 09:41:23.790  2160  2160 D wpa_supplicant: nl80211: Supported vendor event: vendor_id=0x1374 subcmd=16
07-09 09:41:23.790  2160  2160 D wpa_supplicant: nl80211: Supported vendor event: vendor_id=0x1374 subcmd=17
07-09 09:41:23.790  2160  2160 D wpa_supplicant: nl80211: Supported vendor event: vendor_id=0x1374 subcmd=18
07-09 09:41:23.790  2160  2160 D wpa_supplicant: nl80211: Supported vendor event: vendor_id=0x1374 subcmd=19
07-09 09:41:23.790  2160  2160 D wpa_supplicant: nl80211: Supported vendor event: vendor_id=0x1374 subcmd=127
07-09 09:41:23.790  2160  2160 D wpa_supplicant: nl80211: Supported vendor event: vendor_id=0x1374 subcmd=37
07-09 09:41:23.790  2160  2160 D wpa_supplicant: nl80211: Supported vendor event: vendor_id=0x1374 subcmd=54
07-09 09:41:23.790  2160  2160 D wpa_supplicant: nl80211: Supported vendor event: vendor_id=0x1374 subcmd=51
07-09 09:41:23.790  2160  2160 D wpa_supplicant: nl80211: Supported vendor event: vendor_id=0x1374 subcmd=56
07-09 09:41:23.790  2160  2160 D wpa_supplicant: nl80211: Supported vendor event: vendor_id=0x1374 subcmd=57
07-09 09:41:23.790  2160  2160 D wpa_supplicant: nl80211: Supported vendor event: vendor_id=0x1374 subcmd=58
07-09 09:41:23.790  2160  2160 D wpa_supplicant: nl80211: Supported vendor event: vendor_id=0x1374 subcmd=59
07-09 09:41:23.790  2160  2160 D wpa_supplicant: nl80211: Supported vendor event: vendor_id=0x1374 subcmd=60
07-09 09:41:23.790  2160  2160 D wpa_supplicant: nl80211: Supported vendor event: vendor_id=0x1374 subcmd=41
07-09 09:41:23.790  2160  2160 D wpa_supplicant: nl80211: Supported vendor event: vendor_id=0x1374 subcmd=72
07-09 09:41:23.790  2160  2160 D wpa_supplicant: nl80211: Supported vendor event: vendor_id=0x1374 subcmd=73
07-09 09:41:23.790  2160  2160 D wpa_supplicant: nl80211: Supported vendor event: vendor_id=0x0 subcmd=0
07-09 09:41:23.790  2160  2160 D wpa_supplicant: nl80211: Supported vendor event: vendor_id=0x0 subcmd=0
07-09 09:41:23.790  2160  2160 D wpa_supplicant: nl80211: Supported vendor event: vendor_id=0x1374 subcmd=80
07-09 09:41:23.790  2160  2160 D wpa_supplicant: nl80211: Supported vendor event: vendor_id=0x1374 subcmd=100
07-09 09:41:23.790  2160  2160 D wpa_supplicant: nl80211: Supported vendor event: vendor_id=0x1374 subcmd=106
07-09 09:41:23.790  2160  2160 D wpa_supplicant: nl80211: Supported vendor event: vendor_id=0x1374 subcmd=107
07-09 09:41:23.790  2160  2160 D wpa_supplicant: nl80211: Supported vendor event: vendor_id=0x1374 subcmd=102
07-09 09:41:23.790  2160  2160 D wpa_supplicant: nl80211: Supported vendor event: vendor_id=0x1374 subcmd=119
07-09 09:41:23.790  2160  2160 D wpa_supplicant: nl80211: Supported vendor event: vendor_id=0x1374 subcmd=81
07-09 09:41:23.790  2160  2160 D wpa_supplicant: nl80211: Supported vendor event: vendor_id=0x1374 subcmd=123
07-09 09:41:23.790  2160  2160 D wpa_supplicant: nl80211: Supported vendor event: vendor_id=0x1374 subcmd=124
07-09 09:41:23.790  2160  2160 D wpa_supplicant: nl80211: Supported vendor event: vendor_id=0x0 subcmd=0
07-09 09:41:23.790  2160  2160 D wpa_supplicant: nl80211: Supported vendor event: vendor_id=0x1374 subcmd=150
07-09 09:41:23.790  2160  2160 D wpa_supplicant: nl80211: Supported vendor event: vendor_id=0x1374 subcmd=148
07-09 09:41:23.790  2160  2160 D wpa_supplicant: nl80211: Supported vendor event: vendor_id=0x1374 subcmd=157
07-09 09:41:23.790  2160  2160 D wpa_supplicant: nl80211: Supported vendor event: vendor_id=0x1374 subcmd=101
07-09 09:41:23.790  2160  2160 D wpa_supplicant: nl80211: Use separate P2P group interface (driver advertised support)
