07-09 09:41:28.928  2313  2313 D QtiGsmCdmaPhone: Constructor
07-09 09:41:28.928  2313  2313 I PhoneFactory: Creating Phone with type = 1 sub = 1
07-09 09:41:28.942  2313  2313 I PhoneFactory: defaultSmsApplication: com.google.android.apps.messaging
07-09 09:41:28.944  2313  2313 I PhoneFactory: Creating SubInfoRecordUpdater 
07-09 09:41:28.945  2313  2313 D QtiTelephonyComponentFactory: makeSubscriptionInfoUpdater
07-09 09:41:28.945  2313  2313 D SubscriptionInfoUpdater: Constructor invoked
07-09 09:41:29.000  2313  2313 I ImsManager: Creating ImsService using ImsResolver
07-09 09:41:29.001  2313  2313 W ImsManager: getServiceProxy: b is null! Phone Id: 0
07-09 09:41:29.002  2313  2313 D Phone   : updateImsPhone mImsServiceReady=true
07-09 09:41:29.004  2313  2313 D Phone   : mDoesRilSendMultipleCallRing=false
07-09 09:41:29.004  2313  2313 D Phone   : mCallRingDelay=3000
07-09 09:41:29.005  2313  2313 D QtiTelephonyComponentFactory: makeImsPhoneCallTracker
07-09 09:41:29.005  2313  2313 D TelephonyComponentFactory: makeImsPhoneCallTracker
07-09 09:41:29.007  2313  2313 E ImsPhoneCallTracker: [ImsPhoneCallTracker] cacheCarrierConfiguration: No carrier config service found or not active subId = 2147483643
07-09 09:41:29.009  2313  2313 D SST     : notifyDataRegStateRilRadioTechnologyChanged: drs=1 rat=0
07-09 09:41:29.009  2313  2313 D TelephonyManager: setTelephonyProperty: success phoneId=0 property=gsm.network.type value: Unknown propVal=Unknown,Unknown
07-09 09:41:29.011  2313  2313 D ImsPhone: updateDataServiceState: defSs = {mVoiceRegState=1(OUT_OF_SERVICE), mDataRegState=1(OUT_OF_SERVICE), mVoiceRoamingType=home, mDataRoamingType=home, mVoiceOperatorAlphaLong=null, mVoiceOperatorAlphaShort=null, mDataOperatorAlphaLong=null, mDataOperatorAlphaShort=null, isManualNetworkSelection=false(automatic), mRilVoiceRadioTechnology=0(Unknown), mRilDataRadioTechnology=0(Unknown), mCssIndicator=unsupported, mNetworkId=0, mSystemId=0, mCdmaRoamingIndicator=0, mCdmaDefaultRoamingIndicator=0, mIsEmergencyOnly=false, mIsDataRoamingFromRegistration=false, mIsUsingCarrierAggregation=false, mLteEarfcnRsrpBoost=0} imsSs = {mVoiceRegState=1(OUT_OF_SERVICE), mDataRegState=1(OUT_OF_SERVICE), mVoiceRoamingType=home, mDataRoamingType=home, mVoiceOperatorAlphaLong=null, mVoiceOperatorAlphaShort=null, mDataOperatorAlphaLong=null, mDataOperatorAlphaShort=null, isManualNetworkSelection=false(automatic), mRilVoiceRadioTechnology=0(Unknown), mRilDataRadioTechnology=0(Unknown), mCssIndicator=unsupported, mNetworkId=-1, mSystemId=-1, mCdmaRoamingIndicator=-1, mCdmaDefaultRoamingIndicator=-1, mIsEmergencyOnly=false, mIsDataRoamingFromRegistration=false, mIsUsingCarrierAggregation=false, mLteEarfcnRsrpBoost=0}
07-09 09:41:29.011  2313  2313 D DefaultPhoneNotifier: nofityServiceState: mRegistry=com.android.internal.telephony.ITelephonyRegistry$Stub$Proxy@a88e6cd ss={mVoiceRegState=1(OUT_OF_SERVICE), mDataRegState=1(OUT_OF_SERVICE), mVoiceRoamingType=home, mDataRoamingType=home, mVoiceOperatorAlphaLong=null, mVoiceOperatorAlphaShort=null, mDataOperatorAlphaLong=null, mDataOperatorAlphaShort=null, isManualNetworkSelection=false(automatic), mRilVoiceRadioTechnology=0(Unknown), mRilDataRadioTechnology=0(Unknown), mCssIndicator=unsupported, mNetworkId=0, mSystemId=0, mCdmaRoamingIndicator=0, mCdmaDefaultRoamingIndicator=0, mIsEmergencyOnly=false, mIsDataRoamingFromRegistration=false, mIsUsingCarrierAggregation=false, mLteEarfcnRsrpBoost=0} sender=Handler (com.qualcomm.qti.internal.telephony.QtiGsmCdmaPhone) {22aeb82} phondId=0 subId=2147483643
07-09 09:41:29.013  2313  2313 D QtiSubscriptionController: getPhoneId, received dummy subId 2147483643
07-09 09:41:29.014  2313  2313 D CallManager: registerPhone(ImsPhone Handler (com.android.internal.telephony.imsphone.ImsPhone) {30e8df7})
07-09 09:41:29.015  2313  2313 I ImsManager: Creating ImsService using ImsResolver
07-09 09:41:29.015  2313  2313 W ImsManager: getServiceProxy: b is null! Phone Id: 1
07-09 09:41:29.016  2313  2313 D Phone   : updateImsPhone mImsServiceReady=true
07-09 09:41:29.016  2313  2313 D Phone   : mDoesRilSendMultipleCallRing=false
07-09 09:41:29.016  2313  2313 D Phone   : mCallRingDelay=3000
07-09 09:41:29.016  2313  2313 D QtiTelephonyComponentFactory: makeImsPhoneCallTracker
07-09 09:41:29.016  2313  2313 D TelephonyComponentFactory: makeImsPhoneCallTracker
07-09 09:41:29.017  2313  2313 E ImsPhoneCallTracker: [ImsPhoneCallTracker] cacheCarrierConfiguration: No carrier config service found or not active subId = 2147483644
07-09 09:41:29.018  2313  2313 D SST     : notifyDataRegStateRilRadioTechnologyChanged: drs=1 rat=0
07-09 09:41:29.018  2313  2313 D TelephonyManager: setTelephonyProperty: success phoneId=1 property=gsm.network.type value: Unknown propVal=Unknown,Unknown
07-09 09:41:29.019  2313  2313 D ImsPhone: updateDataServiceState: defSs = {mVoiceRegState=1(OUT_OF_SERVICE), mDataRegState=1(OUT_OF_SERVICE), mVoiceRoamingType=home, mDataRoamingType=home, mVoiceOperatorAlphaLong=null, mVoiceOperatorAlphaShort=null, mDataOperatorAlphaLong=null, mDataOperatorAlphaShort=null, isManualNetworkSelection=false(automatic), mRilVoiceRadioTechnology=0(Unknown), mRilDataRadioTechnology=0(Unknown), mCssIndicator=unsupported, mNetworkId=0, mSystemId=0, mCdmaRoamingIndicator=0, mCdmaDefaultRoamingIndicator=0, mIsEmergencyOnly=false, mIsDataRoamingFromRegistration=false, mIsUsingCarrierAggregation=false, mLteEarfcnRsrpBoost=0} imsSs = {mVoiceRegState=1(OUT_OF_SERVICE), mDataRegState=1(OUT_OF_SERVICE), mVoiceRoamingType=home, mDataRoamingType=home, mVoiceOperatorAlphaLong=null, mVoiceOperatorAlphaShort=null, mDataOperatorAlphaLong=null, mDataOperatorAlphaShort=null, isManualNetworkSelection=false(automatic), mRilVoiceRadioTechnology=0(Unknown), mRilDataRadioTechnology=0(Unknown), mCssIndicator=unsupported, mNetworkId=-1, mSystemId=-1, mCdmaRoamingIndicator=-1, mCdmaDefaultRoamingIndicator=-1, mIsEmergencyOnly=false, mIsDataRoamingFromRegistration=false, mIsUsingCarrierAggregation=false, mLteEarfcnRsrpBoost=0}
07-09 09:41:29.019  2313  2313 D DefaultPhoneNotifier: nofityServiceState: mRegistry=com.android.internal.telephony.ITelephonyRegistry$Stub$Proxy@a88e6cd ss={mVoiceRegState=1(OUT_OF_SERVICE), mDataRegState=1(OUT_OF_SERVICE), mVoiceRoamingType=home, mDataRoamingType=home, mVoiceOperatorAlphaLong=null, mVoiceOperatorAlphaShort=null, mDataOperatorAlphaLong=null, mDataOperatorAlphaShort=null, isManualNetworkSelection=false(automatic), mRilVoiceRadioTechnology=0(Unknown), mRilDataRadioTechnology=0(Unknown), mCssIndicator=unsupported, mNetworkId=0, mSystemId=0, mCdmaRoamingIndicator=0, mCdmaDefaultRoamingIndicator=0, mIsEmergencyOnly=false, mIsDataRoamingFromRegistration=false, mIsUsingCarrierAggregation=false, mLteEarfcnRsrpBoost=0} sender=Handler (com.qualcomm.qti.internal.telephony.QtiGsmCdmaPhone) {6e344ef} phondId=1 subId=2147483644
07-09 09:41:29.021  2313  2313 D QtiSubscriptionController: getPhoneId, received dummy subId 2147483643
07-09 09:41:29.022  2313  2313 D CallManager: registerPhone(ImsPhone Handler (com.android.internal.telephony.imsphone.ImsPhone) {2ca22c9})
07-09 09:41:29.023  1896  2985 D TelephonyRegistry: listen oscl: hasNotifySubscriptionInfoChangedOccurred==false no callback
07-09 09:41:29.023  2313  2313 D SubscriptionController: [getPhoneId]- no sims, returning default phoneId=0
07-09 09:41:29.024  2313  2313 D QtiTelephonyComponentFactory: makeQtiPhoneSwitcher
07-09 09:41:29.025  1896  2985 D TelephonyRegistry: listen oscl: hasNotifySubscriptionInfoChangedOccurred==false no callback
07-09 09:41:29.026  2313  2313 D PhoneSwitcher: PhoneSwitcher started
07-09 09:41:29.028  2313  2313 D ProxyController: Constructor - Enter
07-09 09:41:29.030  2313  2313 D ProxyController: clearTransaction
07-09 09:41:29.030  2313  2313 D ProxyController: clearTransaction: phoneId=0 status=IDLE
07-09 09:41:29.030  2313  2313 D ProxyController: clearTransaction: phoneId=1 status=IDLE
07-09 09:41:29.030  2313  2313 D ProxyController: Constructor - Exit
07-09 09:41:29.037  2313  2313 D TelephonyNetworkFactory[0]: Registering NetworkFactory
07-09 09:41:29.038  2313  2313 D TelephonyNetworkFactory[1]: Registering NetworkFactory
07-09 09:41:29.039  2313  2313 D QtiTelephonyComponentFactory:  makeExtTelephonyClasses 
07-09 09:41:29.039  2313  2313 D QtiUiccCardProvisioner:  Invoking constructor, no of phones = 2
07-09 09:41:29.040  2313  2313 D QtiRadioCapabilityController: getInstance
07-09 09:41:29.041  2313  2313 D QtiRadioCapabilityController: Constructor - Exit
07-09 09:41:29.042  2313  2313 D ExtTelephonyServiceImpl: init constructor 
07-09 09:41:29.046  2313  2313 D CallManager: registerPhone(GSM Handler (com.qualcomm.qti.internal.telephony.QtiGsmCdmaPhone) {22aeb82})
07-09 09:41:29.046  2313  2313 D CallManager: registerPhone(GSM Handler (com.qualcomm.qti.internal.telephony.QtiGsmCdmaPhone) {6e344ef})
07-09 09:41:29.051  2313  2640 D QtiSubscriptionController: getPhoneId, received dummy subId 2147483643
07-09 09:41:29.074  2313  2640 I chatty  : uid=1001(radio) Binder:2313_5 identical 1 line
07-09 09:41:29.081  2313  2640 D QtiSubscriptionController: getPhoneId, received dummy subId 2147483643
07-09 09:41:29.102  1896  2298 D TelephonyRegistry: listen oscl: hasNotifySubscriptionInfoChangedOccurred==false no callback
07-09 09:41:29.102  2313  2313 D CallManager: registerForMmiComplete
07-09 09:41:29.105  2313  2640 D QtiSubscriptionController: getPhoneId, received dummy subId 2147483643
07-09 09:41:29.110  2313  2438 D QtiSubscriptionController: getPhoneId, received dummy subId 2147483643
07-09 09:41:29.125  2313  2438 D SubscriptionController: [getPhoneId] asked for default subId=2147483643
07-09 09:41:29.126  2313  2438 D QtiSubscriptionController: getPhoneId, received dummy subId 2147483643
07-09 09:41:29.143  2313  2640 D QtiSubscriptionController: getPhoneId, received dummy subId 2147483643
07-09 09:41:29.147  2313  2640 D QtiSubscriptionController: getPhoneId, received dummy subId 2147483643
07-09 09:41:29.147  2313  2438 D SubscriptionController: [getPhoneId] asked for default subId=2147483643
07-09 09:41:29.147  2313  2438 D QtiSubscriptionController: getPhoneId, received dummy subId 2147483643
07-09 09:41:29.148  2313  2640 D QtiSubscriptionController: getPhoneId, received dummy subId 2147483643
07-09 09:41:29.150  2313  2640 D QtiSubscriptionController: getPhoneId, received dummy subId 2147483643
07-09 09:41:29.161  1896  3009 D TelephonyRegistry: listen oscl: hasNotifySubscriptionInfoChangedOccurred==false no callback
07-09 09:41:29.165  2313  2313 D RILJ    : [3670]> RIL_REQUEST_SET_TTY_MODE ttyMode = 0 [SUB0]
07-09 09:41:29.165  2313  2640 D QtiSubscriptionController: getPhoneId, received dummy subId 2147483643
07-09 09:41:29.167  2313  2640 D SubscriptionController: [getActiveSubInfoList] Sub Controller not ready
07-09 09:41:29.167  2313  2313 D ImsPhone: sendErrorResponse
07-09 09:41:29.170  2313  2640 D QtiSubscriptionController: getPhoneId, received dummy subId 2147483643
07-09 09:41:29.171  2313  2640 I chatty  : uid=1001(radio) Binder:2313_5 identical 1 line
07-09 09:41:29.175  2313  2640 D QtiSubscriptionController: getPhoneId, received dummy subId 2147483643
07-09 09:41:29.176  2313  2425 D RILJ    : [3670]< RIL_REQUEST_SET_TTY_MODE  [SUB0]
07-09 09:41:29.177  2313  2640 D QtiSubscriptionController: getPhoneId, received dummy subId 2147483643
07-09 09:41:29.182  2313  2313 D RILJ    : [3671]> RIL_REQUEST_SET_TTY_MODE ttyMode = 0 [SUB1]
07-09 09:41:29.182  2313  2313 D ImsPhone: sendErrorResponse
07-09 09:41:29.191  2313  2425 D RILJ    : [3671]< RIL_REQUEST_SET_TTY_MODE  [SUB1]
07-09 09:41:29.194  1896  2817 D TelephonyRegistry: listen oscl: hasNotifySubscriptionInfoChangedOccurred==false no callback
07-09 09:41:29.197  2313  2313 D SubscriptionController: [getPhoneId] asked for default subId=2147483643
07-09 09:41:29.197  2313  2313 D QtiSubscriptionController: getPhoneId, received dummy subId 2147483643
07-09 09:41:29.199  2313  2640 D QtiSubscriptionController: getPhoneId, received dummy subId 2147483643
07-09 09:41:29.199  2313  2313 D QtiSubscriptionController: getPhoneId, received dummy subId 2147483643
07-09 09:41:29.200  2313  2313 D QtiSubscriptionController: getPhoneId, received dummy subId 2147483643
07-09 09:41:29.200  2313  2313 D QtiSubscriptionController: getPhoneId, received dummy subId 2147483644
07-09 09:41:29.201  2313  2313 D QtiSubscriptionController: getPhoneId, received dummy subId 2147483644
07-09 09:41:29.220  2313  2313 D UiccController: Received EVENT_ICC_STATUS_CHANGED, calling getIccCardStatus
07-09 09:41:29.226  2313  2313 D RILJ    : [3672]> GET_SIM_STATUS [SUB0]
07-09 09:41:29.226  2313  2313 D UiccController: Received EVENT_ICC_STATUS_CHANGED, calling getIccCardStatus
07-09 09:41:29.232  2313  2313 D RILJ    : [3673]> GET_SIM_STATUS [SUB1]
07-09 09:41:29.233  2313  2425 D RILJ    : responseIccCardStatus: from HIDL: IccCardState {CARDSTATE_PRESENT,PINSTATE_UNKNOWN,num_apps=1,gsm_id=0{APPTYPE_USIM,APPSTATE_READY,pin1=PINSTATE_DISABLED,pin2=PINSTATE_ENABLED_NOT_VERIFIED},cdma_id=-1,ims_id=-1} [SUB0]
07-09 09:41:29.233  2313  2313 D QtiGsmCdmaPhone: handleMessage: Event: 30
07-09 09:41:29.233  2313  2425 D RILJ    : [3672]< GET_SIM_STATUS IccCardState {CARDSTATE_PRESENT,PINSTATE_UNKNOWN,num_apps=1,gsm_id=0{APPTYPE_USIM,APPSTATE_READY,pin1=PINSTATE_DISABLED,pin2=PINSTATE_ENABLED_NOT_VERIFIED},cdma_id=-1,ims_id=-1} [SUB0]
07-09 09:41:29.234  2313  2425 D RILJ    : responseIccCardStatus: from HIDL: IccCardState {CARDSTATE_ABSENT,PINSTATE_UNKNOWN,num_apps=0,gsm_id=-1,cdma_id=-1,ims_id=-1} [SUB1]
07-09 09:41:29.234  2313  2313 D QtiGsmCdmaPhone: handleMessage: Event: 37
07-09 09:41:29.234  2313  2313 D Phone   : config LCE service failed: com.android.internal.telephony.CommandException: RADIO_NOT_AVAILABLE
07-09 09:41:29.234  2313  2313 D QtiGsmCdmaPhone: handleMessage: Event: 34
07-09 09:41:29.234  2313  2425 D RILJ    : [3673]< GET_SIM_STATUS IccCardState {CARDSTATE_ABSENT,PINSTATE_UNKNOWN,num_apps=0,gsm_id=-1,cdma_id=-1,ims_id=-1} [SUB1]
07-09 09:41:29.238  2313  2313 D QtiGsmCdmaPhone: handleMessage: Event: 34
07-09 09:41:29.239  2313  2313 D GsmSMSDispatcher: GsmSMSDispatcher: subId = 2147483643 slotId = 0
07-09 09:41:29.239  2313  2313 D IccCardProxy: setExternalState: !override and newstate unchanged from UNKNOWN
07-09 09:41:29.239  2313  2313 D IccCardProxy: setExternalState: !override and newstate unchanged from UNKNOWN
07-09 09:41:29.239  2313  2313 D QtiGsmCdmaPhone: handleMessage: Event: 1
07-09 09:41:29.240  2313  2313 D RILJ    : [3674]> BASEBAND_VERSION [SUB0]
07-09 09:41:29.242  2313  2313 D RILJ    : [3675]> RIL_REQUEST_DEVICE_IDENTITY [SUB0]
07-09 09:41:29.242  2313  2313 D RILJ    : [3676]> RIL_REQUEST_GET_RADIO_CAPABILITY [SUB0]
07-09 09:41:29.243  2313  2313 D RILJ    : [3677]> RIL_REQUEST_START_LCE reportIntervalMs = 200 pullMode = true [SUB0]
07-09 09:41:29.243  2313  2313 D QtiGsmCdmaPhone: handleMessage: Event: 8
07-09 09:41:29.243  2313  2313 D GsmCdmaPhone: [GsmCdmaPhone] Event EVENT_RADIO_OFF_OR_NOT_AVAILABLE Received
07-09 09:41:29.244  2313  2313 D QtiGsmCdmaPhone: handleMessage: Event: 41
07-09 09:41:29.244  2313  2313 D IccCardProxy: setExternalState: !override and newstate unchanged from UNKNOWN
07-09 09:41:29.244  2313  2313 D SST     : mDeviceShuttingDown=false, mDesiredPowerState=true, getRadioState=RADIO_OFF, mPowerOffDelayNeed=true, mAlarmSwitch=false, mRadioDisabledByCarrier=false
07-09 09:41:29.245  2313  2313 D RILJ    : [3678]> RADIO_POWER on = true [SUB0]
07-09 09:41:29.245  2313  2313 D SST     : pollState: modemTriggered=true
07-09 09:41:29.245  2313  2425 D RILJ    : convertHalRadioCapability: session=0, phase=0, rat=81928, logicModemUuid=0, status=1 [SUB0]
07-09 09:41:29.245  2313  2425 D RILJ    : [3676]< RIL_REQUEST_GET_RADIO_CAPABILITY {mPhoneId = 0 mVersion=1 mSession=0 mPhase=0 mRadioAccessFamily=81928 mLogicModemId=0 mStatus=1} [SUB0]
07-09 09:41:29.245  2313  2313 D RILJ    : [3679]> OPERATOR [SUB0]
07-09 09:41:29.246  2313  2313 D RILJ    : [3680]> DATA_REGISTRATION_STATE [SUB0]
07-09 09:41:29.247  1271  1271 D RILC    : setRadioPower: serial 30 on 1
07-09 09:41:29.249  2313  2425 D RILJ    : [3679]< OPERATOR {, , } [SUB0]
07-09 09:41:29.249  1271  1568 I RILQ    : (0/1271):RIL[0][(1271,1568)] qcril_qmi_nas_reset_data_snapshot_cache_and_timer: Resetting snapshot timer
07-09 09:41:29.250  2313  2425 D RILJ    : [3680]< DATA_REGISTRATION_STATE {.regState = NOT_REG_MT_NOT_SEARCHING_OP, .rat = 0, .reasonDataDenied = 0, .maxDataCalls = 20, .cellIdentity = {.cellInfoType = NONE, .cellIdentityGsm = [], .cellIdentityWcdma = [], .cellIdentityCdma = [], .cellIdentityLte = [], .cellIdentityTdscdma = []}} [SUB0]
07-09 09:41:29.252  2313  2425 D RILJ    : [3677]< RIL_REQUEST_START_LCE [1, 0] [SUB0]
07-09 09:41:29.253  2313  2313 D RILJ    : [3681]> VOICE_REGISTRATION_STATE [SUB0]
07-09 09:41:29.256  2313  2313 D RILJ    : [3682]> QUERY_NETWORK_SELECTION_MODE [SUB0]
07-09 09:41:29.258  2313  2313 D use-Rlog/RLOG-QC_RIL_OEM_HOOK: QcrilMsgTunnelService Connected Successfully (onServiceConnected)
07-09 09:41:29.258  2313  2313 D use-Rlog/RLOG-QC_RIL_OEM_HOOK: Calling onQcRilHookReady callback
07-09 09:41:29.258  2313  2313 D QtiRilInterface: Service ready, notifying registrants
07-09 09:41:29.258  2313  2313 D SST     : mDeviceShuttingDown=false, mDesiredPowerState=true, getRadioState=RADIO_OFF, mPowerOffDelayNeed=true, mAlarmSwitch=false, mRadioDisabledByCarrier=false
07-09 09:41:29.259  2313  2313 D RILJ    : [3683]> RADIO_POWER on = true [SUB0]
07-09 09:41:29.259  2313  2313 D SST     : pollState: modemTriggered=true
07-09 09:41:29.259  1271  1271 D RILC    : setRadioPower: serial 35 on 1
07-09 09:41:29.260  2313  2313 D RILJ    : [3684]> OPERATOR [SUB0]
07-09 09:41:29.261  2313  2313 D RILJ    : [3685]> DATA_REGISTRATION_STATE [SUB0]
07-09 09:41:29.262  2313  2425 D RILJ    : [3674]< BASEBAND_VERSION 660_GEN_PACK-1.153823.1.154414.1 [SUB0]
07-09 09:41:29.264  1271  1568 I RILQ    : (0/1271):RIL[0][(1271,1568)] qcril_qmi_nas_reset_data_snapshot_cache_and_timer: Resetting snapshot timer
07-09 09:41:29.267  2313  2313 D RILJ    : [3686]> VOICE_REGISTRATION_STATE [SUB0]
07-09 09:41:29.268  2313  2313 D RILJ    : [3687]> QUERY_NETWORK_SELECTION_MODE [SUB0]
07-09 09:41:29.269  2313  2313 I CSST    : PrefNetworkNotification: sendMessage() w/values: ,false,-1,false,false
07-09 09:41:29.269  2313  2313 I CSST    : canceling notifications: 1000
07-09 09:41:29.269  1271  1568 I RILQ    : (0/1271):RIL[0][(1271,1568)] qcril_qmi_nas_reset_data_snapshot_cache_and_timer: Resetting snapshot timer
07-09 09:41:29.269  2313  2313 D Phone   : isWifiCallingEnabled =false
07-09 09:41:29.269  2313  2313 D CSST    : isPhoneRegisteredForWifiCalling: false
07-09 09:41:29.269  2313  2313 D Phone   : isWifiCallingEnabled =false
07-09 09:41:29.269  2313  2313 I CSST    : EmergencyNetworkNotification: sendMessage() w/values: ,false,-1,false,false
07-09 09:41:29.269  2313  2313 I CSST    : canceling notifications: 1001
07-09 09:41:29.270  2313  2313 I CSST    : PrefNetworkNotification: sendMessage() w/values: ,false,-1,false,false
07-09 09:41:29.270  2313  2313 I CSST    : canceling notifications: 1000
07-09 09:41:29.270  2313  2313 D Phone   : isWifiCallingEnabled =false
07-09 09:41:29.270  2313  2313 D CSST    : isPhoneRegisteredForWifiCalling: false
07-09 09:41:29.270  2313  2313 D Phone   : isWifiCallingEnabled =false
07-09 09:41:29.270  2313  2313 I CSST    : EmergencyNetworkNotification: sendMessage() w/values: ,false,-1,false,false
07-09 09:41:29.271  2313  2425 D RILJ    : [3675]< RIL_REQUEST_DEVICE_IDENTITY {865843024977081, 00, 00000000, 00000000000000} [SUB0]
07-09 09:41:29.271  2313  2313 I CSST    : canceling notifications: 1001
07-09 09:41:29.275  1271  1568 I RILQ    : (0/1271):RIL[0][(1271,1568)] qcril_qmi_nas_reset_data_snapshot_cache_and_timer: Resetting snapshot timer
07-09 09:41:29.276  2313  2313 D QtiGsmDCT: [0]QtiDcTracker handleMessage msg={ when=-861ms what=270369 obj=android.os.AsyncResult@5e2cd71 target=com.qualcomm.qti.internal.telephony.dataconnection.QtiDcTracker }
07-09 09:41:29.276  2313  2313 D QtiGsmDCT: [0]QtiDcTracker handleMessage msg={ when=-850ms what=270337 obj=android.os.AsyncResult@2901756 target=com.qualcomm.qti.internal.telephony.dataconnection.QtiDcTracker }
07-09 09:41:29.276  2313  2313 D QtiGsmDCT: [0]onRadioAvailable
07-09 09:41:29.276  2313  2313 D QtiGsmDCT: [0]QtiDcTracker handleMessage msg={ when=-850ms what=270342 obj=android.os.AsyncResult@fa53d7 target=com.qualcomm.qti.internal.telephony.dataconnection.QtiDcTracker }
07-09 09:41:29.277  2313  2313 D QtiGsmDCT: [0]onRadioOffOrNotAvailable: is off and clean up all connections
07-09 09:41:29.277  2313  2313 D QtiGsmDCT: [0]cleanUpAllConnections: tearDown=false reason=radioTurnedOff
07-09 09:41:29.277  2313  2313 D GsmCdmaPhone: [GsmCdmaPhone] getDataConnectionState apnType=default ret=DISCONNECTED
07-09 09:41:29.278  2313  2425 D RILJ    : [3681]< VOICE_REGISTRATION_STATE {.regState = NOT_REG_MT_SEARCHING_OP, .rat = 0, .cssSupported = false, .roamingIndicator = -1, .systemIsInPrl = -1, .defaultRoamingIndicator = -1, .reasonForDenial = 0, .cellIdentity = {.cellInfoType = NONE, .cellIdentityGsm = [], .cellIdentityWcdma = [], .cellIdentityCdma = [], .cellIdentityLte = [], .cellIdentityTdscdma = []}} [SUB0]
07-09 09:41:29.280  2313  2313 D QtiGsmDCT: [0]isEmergency: result=false
07-09 09:41:29.284  2313  2313 D QtiSubscriptionController: getPhoneId, received dummy subId 2147483643
07-09 09:41:29.288  2313  2425 D RILJ    : [3682]< QUERY_NETWORK_SELECTION_MODE {0} [SUB0]
07-09 09:41:29.289  2313  2425 D RILJ    : [3684]< OPERATOR {, , } [SUB0]
07-09 09:41:29.289  2313  2425 D RILJ    : [3685]< DATA_REGISTRATION_STATE {.regState = NOT_REG_MT_SEARCHING_OP, .rat = 0, .reasonDataDenied = 0, .maxDataCalls = 20, .cellIdentity = {.cellInfoType = NONE, .cellIdentityGsm = [], .cellIdentityWcdma = [], .cellIdentityCdma = [], .cellIdentityLte = [], .cellIdentityTdscdma = []}} [SUB0]
07-09 09:41:29.289  2313  2313 D QtiSubscriptionController: getPhoneId, received dummy subId 2147483643
07-09 09:41:29.290  2313  2425 D RILJ    : [3686]< VOICE_REGISTRATION_STATE {.regState = NOT_REG_MT_SEARCHING_OP, .rat = 0, .cssSupported = false, .roamingIndicator = -1, .systemIsInPrl = -1, .defaultRoamingIndicator = -1, .reasonForDenial = 0, .cellIdentity = {.cellInfoType = NONE, .cellIdentityGsm = [], .cellIdentityWcdma = [], .cellIdentityCdma = [], .cellIdentityLte = [], .cellIdentityTdscdma = []}} [SUB0]
07-09 09:41:29.290  2313  2425 D RILJ    : [3687]< QUERY_NETWORK_SELECTION_MODE {0} [SUB0]
07-09 09:41:29.292  2313  2313 D QtiGsmDCT: [0]cleanUpConnection: X tearDown=false reason=radioTurnedOff apnContext={mApnType=default mState=IDLE mWaitingApns={null} mApnSetting={null} mReason=radioTurnedOff mDataEnabled=false mDependencyMet=true} dcac=null
07-09 09:41:29.292  2313  2313 D GsmCdmaPhone: [GsmCdmaPhone] getDataConnectionState apnType=mms ret=DISCONNECTED
07-09 09:41:29.294  2313  2640 D QtiSubscriptionController: getPhoneId, received dummy subId 2147483643
07-09 09:41:29.294  2313  2313 D QtiGsmDCT: [0]isEmergency: result=false
07-09 09:41:29.295  2313  2313 D QtiSubscriptionController: getPhoneId, received dummy subId 2147483643
07-09 09:41:29.296  2313  2313 D QtiSubscriptionController: getPhoneId, received dummy subId 2147483643
07-09 09:41:29.298  2313  2313 D QtiGsmDCT: [0]cleanUpConnection: X tearDown=false reason=radioTurnedOff apnContext={mApnType=mms mState=IDLE mWaitingApns={null} mApnSetting={null} mReason=radioTurnedOff mDataEnabled=false mDependencyMet=true} dcac=null
07-09 09:41:29.298  2313  2313 D GsmCdmaPhone: [GsmCdmaPhone] getDataConnectionState apnType=cbs ret=DISCONNECTED
07-09 09:41:29.299  2313  2313 D QtiGsmDCT: [0]isEmergency: result=false
07-09 09:41:29.299  2313  2640 D QtiSubscriptionController: getPhoneId, received dummy subId 2147483643
07-09 09:41:29.300  2313  2313 D QtiSubscriptionController: getPhoneId, received dummy subId 2147483643
07-09 09:41:29.300  2313  2640 D QtiSubscriptionController: getPhoneId, received dummy subId 2147483643
07-09 09:41:29.301  2313  2640 D QtiSubscriptionController: getPhoneId, received dummy subId 2147483643
07-09 09:41:29.301  2313  2313 D QtiSubscriptionController: getPhoneId, received dummy subId 2147483643
07-09 09:41:29.301  1396  1567 I RILQ    : (1/1396):RIL[1][(1396,1567)] qcril_qmi_nas_reset_data_snapshot_cache_and_timer: Resetting snapshot timer
07-09 09:41:29.302  2313  2640 D QtiSubscriptionController: getPhoneId, received dummy subId 2147483643
07-09 09:41:29.302  2313  2313 D QtiGsmDCT: [0]cleanUpConnection: X tearDown=false reason=radioTurnedOff apnContext={mApnType=cbs mState=IDLE mWaitingApns={null} mApnSetting={null} mReason=radioTurnedOff mDataEnabled=false mDependencyMet=true} dcac=null
07-09 09:41:29.302  2313  2313 D GsmCdmaPhone: [GsmCdmaPhone] getDataConnectionState apnType=fota ret=DISCONNECTED
07-09 09:41:29.302  1396  1567 I RILQ    : (1/1396):RIL[1][(1396,1567)] qcril_qmi_nas_reset_data_snapshot_cache_and_timer: Resetting snapshot timer
07-09 09:41:29.303  2313  2640 D QtiSubscriptionController: getPhoneId, received dummy subId 2147483643
07-09 09:41:29.304  2313  2313 D QtiGsmDCT: [0]isEmergency: result=false
07-09 09:41:29.306  2313  2313 D QtiSubscriptionController: getPhoneId, received dummy subId 2147483643
07-09 09:41:29.306  2313  2313 D QtiSubscriptionController: getPhoneId, received dummy subId 2147483643
07-09 09:41:29.308  2313  2313 D QtiGsmDCT: [0]cleanUpConnection: X tearDown=false reason=radioTurnedOff apnContext={mApnType=fota mState=IDLE mWaitingApns={null} mApnSetting={null} mReason=radioTurnedOff mDataEnabled=false mDependencyMet=true} dcac=null
07-09 09:41:29.308  2313  2313 D GsmCdmaPhone: [GsmCdmaPhone] getDataConnectionState apnType=supl ret=DISCONNECTED
07-09 09:41:29.308  2313  2425 D RILJ    : Unsol response received; Sending ack to ril.cpp [SUB1]
07-09 09:41:29.308  2313  2425 D RILJ    : [UNSL]< UNSOL_RESPONSE_NETWORK_STATE_CHANGED [SUB1]
07-09 09:41:29.308  1396  1567 I RILQ    : (1/1396):RIL[1][(1396,1567)] qcril_qmi_nas_dms_op_state_update_handler: reported op mode ONLINE
07-09 09:41:29.309  2313  2313 D QtiGsmDCT: [0]isEmergency: result=false
07-09 09:41:29.310  2313  2313 D QtiSubscriptionController: getPhoneId, received dummy subId 2147483643
07-09 09:41:29.312  2313  2313 D QtiSubscriptionController: getPhoneId, received dummy subId 2147483643
07-09 09:41:29.314  2313  2313 D QtiGsmDCT: [0]cleanUpConnection: X tearDown=false reason=radioTurnedOff apnContext={mApnType=supl mState=IDLE mWaitingApns={null} mApnSetting={null} mReason=radioTurnedOff mDataEnabled=false mDependencyMet=true} dcac=null
07-09 09:41:29.314  2313  2313 D GsmCdmaPhone: [GsmCdmaPhone] getDataConnectionState apnType=emergency ret=DISCONNECTED
07-09 09:41:29.315  2313  2313 D QtiGsmDCT: [0]isEmergency: result=false
07-09 09:41:29.315  1396  1567 I RILQ    : (1/1396):RIL[1][(1396,1567)] qcril_qmi_nas_reset_data_snapshot_cache_and_timer: Resetting snapshot timer
07-09 09:41:29.316  2313  2313 D QtiSubscriptionController: getPhoneId, received dummy subId 2147483643
07-09 09:41:29.317  2313  2313 D QtiSubscriptionController: getPhoneId, received dummy subId 2147483643
07-09 09:41:29.318  1271  1568 I RILQ    : (0/1271):RIL[0][(1271,1568)] qcril_qmi_nas_reset_data_snapshot_cache_and_timer: Resetting snapshot timer
07-09 09:41:29.318  2313  2313 D QtiGsmDCT: [0]cleanUpConnection: X tearDown=false reason=radioTurnedOff apnContext={mApnType=emergency mState=IDLE mWaitingApns={null} mApnSetting={null} mReason=radioTurnedOff mDataEnabled=false mDependencyMet=true} dcac=null
07-09 09:41:29.318  2313  2313 D GsmCdmaPhone: [GsmCdmaPhone] getDataConnectionState apnType=dun ret=DISCONNECTED
07-09 09:41:29.319  2313  2313 D QtiGsmDCT: [0]isEmergency: result=false
07-09 09:41:29.319  1271  1568 I RILQ    : (0/1271):RIL[0][(1271,1568)] qcril_qmi_nas_reset_data_snapshot_cache_and_timer: Resetting snapshot timer
07-09 09:41:29.320  2313  2313 D QtiSubscriptionController: getPhoneId, received dummy subId 2147483643
07-09 09:41:29.320  2313  2425 D RILJ    : Unsol response received; Sending ack to ril.cpp [SUB1]
07-09 09:41:29.320  2313  2425 D RILJ    : [UNSL]< UNSOL_RESPONSE_NETWORK_STATE_CHANGED [SUB1]
07-09 09:41:29.320  2313  2313 D QtiSubscriptionController: getPhoneId, received dummy subId 2147483643
07-09 09:41:29.322  1396  1567 I RILQ    : (1/1396):RIL[1][(1396,1567)] qcril_qmi_nas_evaluate_custom_emergency_numbers_for_card: cur_status 0, card_state 9
07-09 09:41:29.322  1396  1567 E RILQ    : (1/1396): RIL[1][(1396,1567)] get_ecc_property_name: ecc list name : ril.ecclist1.
07-09 09:41:29.324  2313  2425 D RILJ    : Unsol response received; Sending ack to ril.cpp [SUB0]
07-09 09:41:29.324  2313  2313 D QtiGsmDCT: [0]cleanUpConnection: X tearDown=false reason=radioTurnedOff apnContext={mApnType=dun mState=IDLE mWaitingApns={null} mApnSetting={null} mReason=radioTurnedOff mDataEnabled=false mDependencyMet=true} dcac=null
07-09 09:41:29.324  2313  2425 D RILJ    : [UNSL]< UNSOL_RESPONSE_NETWORK_STATE_CHANGED [SUB0]
07-09 09:41:29.324  2313  2313 D GsmCdmaPhone: [GsmCdmaPhone] getDataConnectionState apnType=hipri ret=DISCONNECTED
07-09 09:41:29.325  2313  2313 D QtiGsmDCT: [0]isEmergency: result=false
07-09 09:41:29.327  1271  1568 I RILQ    : (0/1271):RIL[0][(1271,1568)] qcril_qmi_nas_dms_op_state_update_handler: reported op mode ONLINE
07-09 09:41:29.327  1271  1568 I RILQ    : (0/1271):RIL[0][(1271,1568)] qcril_qmi_nas_dms_op_state_update_handler: expected op mode ONLINE
07-09 09:41:29.328  1396  1567 I RILQ    : (1/1396):RIL[1][(1396,1567)] qcril_qmi_nas_evaluate_custom_emergency_numbers_for_card: cur_status 0, card_state 9
07-09 09:41:29.328  1396  1567 E RILQ    : (1/1396): RIL[1][(1396,1567)] get_ecc_property_name: ecc list name : ril.ecclist1.
07-09 09:41:29.331  2313  2313 D QtiSubscriptionController: getPhoneId, received dummy subId 2147483643
07-09 09:41:29.332  2313  2313 D QtiSubscriptionController: getPhoneId, received dummy subId 2147483643
07-09 09:41:29.333  1396  1567 E RILQ    : (1/1396): RIL[1][(1396,1567)] get_ecc_property_name: ecc list name : ril.ecclist1.
07-09 09:41:29.333  2313  2313 D QtiGsmDCT: [0]cleanUpConnection: X tearDown=false reason=radioTurnedOff apnContext={mApnType=hipri mState=IDLE mWaitingApns={null} mApnSetting={null} mReason=radioTurnedOff mDataEnabled=false mDependencyMet=true} dcac=null
07-09 09:41:29.333  2313  2313 D GsmCdmaPhone: [GsmCdmaPhone] getDataConnectionState apnType=ims ret=DISCONNECTED
07-09 09:41:29.333  1396  1567 I RILQ    : (1/1396):RIL[1][(1396,1567)] qcril_qmi_nas_evaluate_custom_emergency_numbers_for_card: cur_status 0, card_state 9
07-09 09:41:29.333  1396  1567 E RILQ    : (1/1396): RIL[1][(1396,1567)] get_ecc_property_name: ecc list name : ril.ecclist1.
07-09 09:41:29.334  2313  2313 D QtiGsmDCT: [0]isEmergency: result=false
07-09 09:41:29.335  2313  2313 D QtiSubscriptionController: getPhoneId, received dummy subId 2147483643
07-09 09:41:29.335  2313  2313 D QtiSubscriptionController: getPhoneId, received dummy subId 2147483643
07-09 09:41:29.338  1271  1568 I RILQ    : (0/1271):RIL[0][(1271,1568)] qcril_qmi_nas_reset_data_snapshot_cache_and_timer: Resetting snapshot timer
07-09 09:41:29.339  2313  2313 D QtiGsmDCT: [0]cleanUpConnection: X tearDown=false reason=radioTurnedOff apnContext={mApnType=ims mState=IDLE mWaitingApns={null} mApnSetting={null} mReason=radioTurnedOff mDataEnabled=false mDependencyMet=true} dcac=null
07-09 09:41:29.339  2313  2313 D QtiGsmDCT: [0]stopNetStatPoll
07-09 09:41:29.340  2313  2313 D QtiSubscriptionController: getPhoneId, received dummy subId 2147483643
07-09 09:41:29.340  2313  2313 D QtiGsmDCT: [0]cleanUpConnection: mDisconnectPendingCount = 0
07-09 09:41:29.341  2313  2313 D QtiGsmDCT: [0]isEmergency: result=false
07-09 09:41:29.341  2313  2425 D RILJ    : Unsol response received; Sending ack to ril.cpp [SUB0]
07-09 09:41:29.341  2313  2425 D RILJ    : [UNSL]< UNSOL_RESPONSE_NETWORK_STATE_CHANGED [SUB0]
07-09 09:41:29.342  2313  2313 D QtiSubscriptionController: getPhoneId, received dummy subId 2147483643
07-09 09:41:29.343  2313  2313 D QtiSubscriptionController: getPhoneId, received dummy subId 2147483643
07-09 09:41:29.347  1396  1567 E RILQ    : (1/1396): RIL[1][(1396,1567)] get_ecc_property_name: ecc list name : ril.ecclist1.
07-09 09:41:29.347  1396  1567 I RILQ    : (1/1396):RIL[1][(1396,1567)] qcril_qmi_nas_evaluate_custom_emergency_numbers_for_card: cur_status 0, card_state 9
07-09 09:41:29.347  1396  1567 E RILQ    : (1/1396): RIL[1][(1396,1567)] get_ecc_property_name: ecc list name : ril.ecclist1.
07-09 09:41:29.351  2313  2425 D RILJ    : Unsol response received; Sending ack to ril.cpp [SUB0]
07-09 09:41:29.351  2313  2425 V RILJ    : [UNSL]< UNSOL_OEM_HOOK_RAW 514f454d484f4f4bf10308000100000001 [SUB0]
07-09 09:41:29.352  1271  1568 I RILQ    : (0/1271):RIL[0][(1271,1568)] qcril_qmi_nas_evaluate_custom_emergency_numbers_for_card: cur_status 0, card_state 3
07-09 09:41:29.352  1271  1568 I RILQ    : (0/1271):RIL[0][(1271,1568)] qcril_qmi_nas_evaluate_custom_emergency_numbers_for_card: card_mcc 404, card_mnc 49
07-09 09:41:29.353  1271  1568 I RILQ    : (0/1271):RIL[0][(1271,1568)] qcril_qmi_nas_evaluate_custom_emergency_numbers_for_card: imsi fetch attempt ril 0
07-09 09:41:29.353  1271  1568 E RILQ    : (0/1271): RIL[0][(1271,1568)] get_ecc_property_name: ecc list name : ril.ecclist.
07-09 09:41:29.356  1271  1568 I RILQ    : (0/1271):RIL[0][(1271,1568)] qcril_qmi_nas_evaluate_custom_emergency_numbers_for_card: cur_status 0, card_state 3
07-09 09:41:29.356  1271  1568 I RILQ    : (0/1271):RIL[0][(1271,1568)] qcril_qmi_nas_evaluate_custom_emergency_numbers_for_card: card_mcc 404, card_mnc 49
07-09 09:41:29.357  1271  1568 E RILQ    : (0/1271): RIL[0][(1271,1568)] qcril_reqlist_new_all: [RID 0] Fail to add ReqList entry with token [0xffffffffffffff04 (token id -252)] (already exists)
07-09 09:41:29.357  1271  1568 E RILQ    : (0/1271): RIL[0][(1271,1568)] get_ecc_property_name: ecc list name : ril.ecclist.
07-09 09:41:29.360  1271  1568 E RILQ    : (0/1271): RIL[0][(1271,1568)] get_ecc_property_name: ecc list name : ril.ecclist.
07-09 09:41:29.361  1271  1568 E RILQ    : (0/1271): RIL[0][(1271,1568)] qcril_qmi_dms_async_cb_helper: Req id: 6 not for QMI DMS async cb
07-09 09:41:29.361  1271  1568 I RILQ    : (0/1271):RIL[0][(1271,1568)] qcril_qmi_nas_evaluate_custom_emergency_numbers_for_card: cur_status 1024, card_state 3
07-09 09:41:29.361  1271  1568 I RILQ    : (0/1271):RIL[0][(1271,1568)] qcril_qmi_nas_evaluate_custom_emergency_numbers_for_card: card_mcc 404, card_mnc 49
07-09 09:41:29.362  1271  1568 E RILQ    : (0/1271): RIL[0][(1271,1568)] get_ecc_property_name: ecc list name : ril.ecclist.
07-09 09:41:29.365  2313  2640 D QtiSubscriptionController: getPhoneId, received dummy subId 2147483643
07-09 09:41:29.366  2313  2640 D QtiSubscriptionController: getPhoneId, received dummy subId 2147483643
07-09 09:41:29.367  2313  2313 D QtiGsmDCT: [0]isEmergency: result=false
07-09 09:41:29.367  2313  2640 D QtiSubscriptionController: getPhoneId, received dummy subId 2147483643
07-09 09:41:29.367  2313  2313 D QtiSubscriptionController: getPhoneId, received dummy subId 2147483643
07-09 09:41:29.368  2313  2640 D QtiSubscriptionController: getPhoneId, received dummy subId 2147483643
07-09 09:41:29.368  2313  2313 D QtiSubscriptionController: getPhoneId, received dummy subId 2147483643
07-09 09:41:29.368  2313  2640 D QtiSubscriptionController: getPhoneId, received dummy subId 2147483643
07-09 09:41:29.369  2313  2640 D QtiSubscriptionController: getPhoneId, received dummy subId 2147483643
07-09 09:41:29.370  2313  2313 D QtiGsmDCT: [0]isEmergency: result=false
07-09 09:41:29.370  2313  2313 D QtiSubscriptionController: getPhoneId, received dummy subId 2147483643
07-09 09:41:29.371  2313  2313 D QtiSubscriptionController: getPhoneId, received dummy subId 2147483643
07-09 09:41:29.373  2313  2313 D QtiGsmDCT: [0]isEmergency: result=false
07-09 09:41:29.374  2313  2313 D QtiSubscriptionController: getPhoneId, received dummy subId 2147483643
07-09 09:41:29.375  2313  2313 D QtiSubscriptionController: getPhoneId, received dummy subId 2147483643
07-09 09:41:29.378  2313  2313 D QtiGsmDCT: [0]isEmergency: result=false
07-09 09:41:29.380  2313  2313 D QtiSubscriptionController: getPhoneId, received dummy subId 2147483643
07-09 09:41:29.381  2313  2313 D QtiSubscriptionController: getPhoneId, received dummy subId 2147483643
07-09 09:41:29.383  2313  2313 D QtiGsmDCT: [0]isEmergency: result=false
07-09 09:41:29.383  2313  2313 D QtiSubscriptionController: getPhoneId, received dummy subId 2147483643
07-09 09:41:29.385  2313  2313 D QtiSubscriptionController: getPhoneId, received dummy subId 2147483643
07-09 09:41:29.386  2313  2313 D QtiGsmDCT: [0]isEmergency: result=false
07-09 09:41:29.387  2313  2313 D QtiSubscriptionController: getPhoneId, received dummy subId 2147483643
07-09 09:41:29.388  2313  2313 D QtiSubscriptionController: getPhoneId, received dummy subId 2147483643
07-09 09:41:29.392  2313  2313 D QtiGsmDCT: [0]isEmergency: result=false
07-09 09:41:29.392  2313  2313 D QtiSubscriptionController: getPhoneId, received dummy subId 2147483643
07-09 09:41:29.393  2313  2313 D QtiSubscriptionController: getPhoneId, received dummy subId 2147483643
07-09 09:41:29.394  2313  2313 D QtiGsmDCT: [0]isEmergency: result=false
07-09 09:41:29.395  2313  2313 D QtiSubscriptionController: getPhoneId, received dummy subId 2147483643
07-09 09:41:29.396  2313  2313 D QtiSubscriptionController: getPhoneId, received dummy subId 2147483643
07-09 09:41:29.397  2313  2313 D QtiGsmDCT: [0]QtiDcTracker handleMessage msg={ when=-970ms what=270345 obj=android.os.AsyncResult@d8e52e2 target=com.qualcomm.qti.internal.telephony.dataconnection.QtiDcTracker }
07-09 09:41:29.397  2313  2313 D QtiGsmDCT: [0]onDataConnectionDetached: stop polling and notify detached
07-09 09:41:29.397  2313  2313 D QtiGsmDCT: [0]stopNetStatPoll
07-09 09:41:29.397  2313  2313 D QtiSubscriptionController: getPhoneId, received dummy subId 2147483643
07-09 09:41:29.398  2313  2313 D QtiGsmDCT: [0]notifyDataConnection: reason=dataDetached
07-09 09:41:29.398  2313  2313 D QtiGsmDCT: [0]isEmergency: result=false
07-09 09:41:29.399  2313  2313 D QtiSubscriptionController: getPhoneId, received dummy subId 2147483643
07-09 09:41:29.399  2313  2313 D QtiSubscriptionController: getPhoneId, received dummy subId 2147483643
07-09 09:41:29.400  2313  2313 D QtiGsmDCT: [0]isEmergency: result=false
07-09 09:41:29.400  2313  2313 D QtiSubscriptionController: getPhoneId, received dummy subId 2147483643
07-09 09:41:29.402  2313  2640 D QtiSubscriptionController: getPhoneId, received dummy subId 2147483643
07-09 09:41:29.404  2313  2640 I chatty  : uid=1001(radio) Binder:2313_5 identical 4 lines
07-09 09:41:29.405  2313  2640 D QtiSubscriptionController: getPhoneId, received dummy subId 2147483643
07-09 09:41:29.405  2313  2313 D QtiSubscriptionController: getPhoneId, received dummy subId 2147483643
07-09 09:41:29.406  2313  2313 D QtiGsmDCT: [0]isEmergency: result=false
07-09 09:41:29.407  2313  2313 D QtiSubscriptionController: getPhoneId, received dummy subId 2147483643
07-09 09:41:29.408  2313  2313 D QtiSubscriptionController: getPhoneId, received dummy subId 2147483643
07-09 09:41:29.410  2313  2313 D QtiGsmDCT: [0]isEmergency: result=false
07-09 09:41:29.411  2313  2313 D QtiSubscriptionController: getPhoneId, received dummy subId 2147483643
07-09 09:41:29.412  2313  2313 D QtiSubscriptionController: getPhoneId, received dummy subId 2147483643
07-09 09:41:29.413  2313  2313 D QtiGsmDCT: [0]isEmergency: result=false
07-09 09:41:29.414  2313  2313 D QtiSubscriptionController: getPhoneId, received dummy subId 2147483643
07-09 09:41:29.414  2313  2313 D QtiSubscriptionController: getPhoneId, received dummy subId 2147483643
07-09 09:41:29.416  2313  2313 D QtiGsmDCT: [0]isEmergency: result=false
07-09 09:41:29.416  2313  2313 D QtiSubscriptionController: getPhoneId, received dummy subId 2147483643
07-09 09:41:29.417  2313  2313 D QtiSubscriptionController: getPhoneId, received dummy subId 2147483643
07-09 09:41:29.420  2313  2313 D QtiGsmDCT: [0]isEmergency: result=false
07-09 09:41:29.420  2313  2313 D QtiSubscriptionController: getPhoneId, received dummy subId 2147483643
07-09 09:41:29.421  2313  2313 D QtiSubscriptionController: getPhoneId, received dummy subId 2147483643
07-09 09:41:29.422  2313  2313 D QtiGsmDCT: [0]isEmergency: result=false
07-09 09:41:29.423  2313  2313 D QtiSubscriptionController: getPhoneId, received dummy subId 2147483643
07-09 09:41:29.423  2313  2313 D QtiSubscriptionController: getPhoneId, received dummy subId 2147483643
07-09 09:41:29.424  2313  2313 D QtiGsmDCT: [0]isEmergency: result=false
07-09 09:41:29.425  2313  2313 D QtiSubscriptionController: getPhoneId, received dummy subId 2147483643
07-09 09:41:29.425  2313  2313 D QtiSubscriptionController: getPhoneId, received dummy subId 2147483643
07-09 09:41:29.427  2313  2313 D QtiGsmDCT: [0]QtiDcTracker handleMessage msg={ when=-1s0ms what=270348 obj=android.os.AsyncResult@fa65673 target=com.qualcomm.qti.internal.telephony.dataconnection.QtiDcTracker }
07-09 09:41:29.427  2313  2313 D QtiGsmDCT: [0]onDataRoamingOff
07-09 09:41:29.428  2313  2313 D QtiGsmDCT: [0]notifyDataConnection: reason=roamingOff
07-09 09:41:29.431  2313  2313 D QtiGsmDCT: [0]isEmergency: result=false
07-09 09:41:29.432  2313  2313 D QtiSubscriptionController: getPhoneId, received dummy subId 2147483643
07-09 09:41:29.432  2313  2313 D QtiSubscriptionController: getPhoneId, received dummy subId 2147483643
07-09 09:41:29.434  2290  2290 D use-Rlog/RLOG-QC_RIL_OEM_HOOK: Starting QcrilMsgTunnel Service
07-09 09:41:29.435  2313  2313 D QtiGsmDCT: [0]isEmergency: result=false
07-09 09:41:29.435  2313  2313 D QtiSubscriptionController: getPhoneId, received dummy subId 2147483643
07-09 09:41:29.435  2313  2640 D QtiSubscriptionController: getPhoneId, received dummy subId 2147483643
07-09 09:41:29.436  2313  2640 I chatty  : uid=1001(radio) Binder:2313_5 identical 2 lines
07-09 09:41:29.437  2313  2640 D QtiSubscriptionController: getPhoneId, received dummy subId 2147483643
07-09 09:41:29.437  2290  2290 D use-Rlog/RLOG-QC_RIL_OEM_HOOK: Attempt to bind service returned with: true
07-09 09:41:29.437  2313  2313 D QtiSubscriptionController: getPhoneId, received dummy subId 2147483643
07-09 09:41:29.437  2313  2640 D QtiSubscriptionController: getPhoneId, received dummy subId 2147483643
07-09 09:41:29.438  2313  2640 D QtiSubscriptionController: getPhoneId, received dummy subId 2147483643
07-09 09:41:29.438  2290  2290 D use-Rlog/RLOG-QC_RIL_OEM_HOOK: Registering for intent ACTION_UNSOL_RESPONSE_OEM_HOOK_RAW
07-09 09:41:29.438  2313  2313 D QtiGsmDCT: [0]isEmergency: result=false
07-09 09:41:29.439  2313  2313 D QtiSubscriptionController: getPhoneId, received dummy subId 2147483643
07-09 09:41:29.439  2313  2313 D QtiSubscriptionController: getPhoneId, received dummy subId 2147483643
07-09 09:41:29.441  2313  2313 D QtiGsmDCT: [0]isEmergency: result=false
07-09 09:41:29.441  2313  2313 D QtiSubscriptionController: getPhoneId, received dummy subId 2147483643
07-09 09:41:29.442  2313  2313 D QtiSubscriptionController: getPhoneId, received dummy subId 2147483643
07-09 09:41:29.443  2313  2313 D QtiGsmDCT: [0]isEmergency: result=false
07-09 09:41:29.444  2313  2313 D QtiSubscriptionController: getPhoneId, received dummy subId 2147483643
07-09 09:41:29.445  2313  2313 D QtiSubscriptionController: getPhoneId, received dummy subId 2147483643
07-09 09:41:29.447  2313  2313 D QtiGsmDCT: [0]isEmergency: result=false
07-09 09:41:29.448  2313  2313 D QtiSubscriptionController: getPhoneId, received dummy subId 2147483643
07-09 09:41:29.449  2313  2313 D QtiSubscriptionController: getPhoneId, received dummy subId 2147483643
07-09 09:41:29.450  2313  2313 D QtiGsmDCT: [0]isEmergency: result=false
07-09 09:41:29.451  2313  2313 D QtiSubscriptionController: getPhoneId, received dummy subId 2147483643
07-09 09:41:29.451  2313  2313 D QtiSubscriptionController: getPhoneId, received dummy subId 2147483643
07-09 09:41:29.452  2290  2290 D use-Rlog/RLOG-QC_RIL_OEM_HOOK: QcrilMsgTunnelService Connected Successfully (onServiceConnected)
07-09 09:41:29.452  2313  2313 D QtiGsmDCT: [0]isEmergency: result=false
07-09 09:41:29.453  2313  2313 D QtiSubscriptionController: getPhoneId, received dummy subId 2147483643
07-09 09:41:29.453  2313  2313 D QtiSubscriptionController: getPhoneId, received dummy subId 2147483643
07-09 09:41:29.454  2313  2313 D QtiGsmDCT: [0]isEmergency: result=false
07-09 09:41:29.455  2313  2313 D QtiSubscriptionController: getPhoneId, received dummy subId 2147483643
07-09 09:41:29.455  2313  2313 D QtiSubscriptionController: getPhoneId, received dummy subId 2147483643
07-09 09:41:29.457  2313  2313 D QtiGsmDCT: [0]QtiDcTracker handleMessage msg={ when=-1s29ms what=270377 obj=android.os.AsyncResult@81c0930 target=com.qualcomm.qti.internal.telephony.dataconnection.QtiDcTracker }
07-09 09:41:29.457  2313  2313 D QtiGsmDCT: [0]NETWORK_STATE_CHANGED_ACTION: mIsWifiConnected=false
07-09 09:41:29.457  2313  2313 D QtiGsmDCT: [0]Wifi state changed
07-09 09:41:29.457  2313  2313 D QtiGsmDCT: [0]WIFI_STATE_CHANGED_ACTION: enabled=false mIsWifiConnected=false
07-09 09:41:29.457  2313  2313 D WAP PUSH: Received broadcast android.intent.action.USER_UNLOCKED
07-09 09:41:29.458  2313  2313 D WAP PUSH: Received broadcast android.intent.action.USER_UNLOCKED
07-09 09:41:29.458  2313  2313 D SmsBroadcastUndelivered: Received broadcast android.intent.action.USER_UNLOCKED
07-09 09:41:29.463  2313  2313 D RILJ    : [3693]> RIL_REQUEST_SEND_DEVICE_STATE 1:false [SUB0]
07-09 09:41:29.464  2313  2425 D RILJ    : [3693]< RIL_REQUEST_SEND_DEVICE_STATE  [SUB0]
07-09 09:41:29.465  2313  2313 D RILJ    : [3694]> RIL_REQUEST_SEND_DEVICE_STATE 2:false [SUB0]
07-09 09:41:29.465  2313  2313 D RILJ    : [3695]> RIL_REQUEST_SEND_DEVICE_STATE 0:false [SUB0]
07-09 09:41:29.466  2313  2425 D RILJ    : [3694]< RIL_REQUEST_SEND_DEVICE_STATE  [SUB0]
07-09 09:41:29.466  2313  3138 D SmsBroadcastUndelivered: scanning raw table for undelivered messages
07-09 09:41:29.467  2313  2425 D RILJ    : [3695]< RIL_REQUEST_SEND_DEVICE_STATE  [SUB0]
07-09 09:41:29.467  2313  2313 D RILJ    : [3696]> RIL_REQUEST_SET_UNSOLICITED_RESPONSE_FILTER 7 [SUB0]
07-09 09:41:29.467  2313  2313 D QtiGsmCdmaPhone: handleMessage: Event: 30
07-09 09:41:29.467  2313  2313 D QtiGsmCdmaPhone: handleMessage: Event: 37
07-09 09:41:29.467  2313  2313 D GsmSMSDispatcher: GsmSMSDispatcher: subId = 2147483644 slotId = 1
07-09 09:41:29.467  2313  2313 D IccCardProxy: setExternalState: !override and newstate unchanged from UNKNOWN
07-09 09:41:29.468  2313  2313 D IccCardProxy: setExternalState: !override and newstate unchanged from UNKNOWN
07-09 09:41:29.468  2313  2313 D QtiGsmCdmaPhone: handleMessage: Event: 1
07-09 09:41:29.468  2313  2313 D RILJ    : [3697]> BASEBAND_VERSION [SUB1]
07-09 09:41:29.469  2313  2313 D RILJ    : [3698]> RIL_REQUEST_DEVICE_IDENTITY [SUB1]
07-09 09:41:29.469  2313  2425 D RILJ    : [3696]< RIL_REQUEST_SET_UNSOLICITED_RESPONSE_FILTER  [SUB0]
07-09 09:41:29.469  2313  2313 D RILJ    : [3699]> RIL_REQUEST_GET_RADIO_CAPABILITY [SUB1]
07-09 09:41:29.470  2313  2313 D RILJ    : [3700]> RIL_REQUEST_START_LCE reportIntervalMs = 200 pullMode = true [SUB1]
07-09 09:41:29.470  2313  2313 D QtiGsmCdmaPhone: handleMessage: Event: 8
07-09 09:41:29.470  2313  2313 D GsmCdmaPhone: [GsmCdmaPhone] Event EVENT_RADIO_OFF_OR_NOT_AVAILABLE Received
07-09 09:41:29.470  2313  2313 D QtiGsmCdmaPhone: handleMessage: Event: 41
07-09 09:41:29.470  2313  2313 D IccCardProxy: setExternalState: !override and newstate unchanged from UNKNOWN
07-09 09:41:29.470  2313  2313 D SST     : mDeviceShuttingDown=false, mDesiredPowerState=true, getRadioState=RADIO_OFF, mPowerOffDelayNeed=true, mAlarmSwitch=false, mRadioDisabledByCarrier=false
07-09 09:41:29.471  2313  2425 D RILJ    : convertHalRadioCapability: session=0, phase=0, rat=81928, logicModemUuid=1, status=1 [SUB1]
07-09 09:41:29.471  2313  2425 D RILJ    : [3699]< RIL_REQUEST_GET_RADIO_CAPABILITY {mPhoneId = 1 mVersion=1 mSession=0 mPhase=0 mRadioAccessFamily=81928 mLogicModemId=1 mStatus=1} [SUB1]
07-09 09:41:29.471  2313  2313 D RILJ    : [3701]> RADIO_POWER on = true [SUB1]
07-09 09:41:29.471  2313  2313 D SST     : pollState: modemTriggered=true
07-09 09:41:29.472  2313  2313 D RILJ    : [3702]> OPERATOR [SUB1]
07-09 09:41:29.472  2313  2313 D RILJ    : [3703]> DATA_REGISTRATION_STATE [SUB1]
07-09 09:41:29.473  2313  2313 D RILJ    : [3704]> VOICE_REGISTRATION_STATE [SUB1]
07-09 09:41:29.473  2313  2313 D RILJ    : [3705]> QUERY_NETWORK_SELECTION_MODE [SUB1]
07-09 09:41:29.473  2313  2313 D SST     : mDeviceShuttingDown=false, mDesiredPowerState=true, getRadioState=RADIO_OFF, mPowerOffDelayNeed=true, mAlarmSwitch=false, mRadioDisabledByCarrier=false
07-09 09:41:29.474  1396  1396 D RILC    : setRadioPower: serial 53 on 1
07-09 09:41:29.474  2313  2313 D RILJ    : [3706]> RADIO_POWER on = true [SUB1]
07-09 09:41:29.474  2313  2313 D SST     : pollState: modemTriggered=true
07-09 09:41:29.475  1396  1396 D RILC    : setRadioPower: serial 58 on 1
07-09 09:41:29.475  2313  2425 D RILJ    : [3702]< OPERATOR {, , } [SUB1]
07-09 09:41:29.476  2313  2313 D RILJ    : [3707]> OPERATOR [SUB1]
07-09 09:41:29.476  2313  2313 D RILJ    : [3708]> DATA_REGISTRATION_STATE [SUB1]
07-09 09:41:29.476  2313  2313 D RILJ    : [3709]> VOICE_REGISTRATION_STATE [SUB1]
07-09 09:41:29.478  2313  2313 D RILJ    : [3710]> QUERY_NETWORK_SELECTION_MODE [SUB1]
07-09 09:41:29.478  2313  2425 D RILJ    : [3700]< RIL_REQUEST_START_LCE [1, 0] [SUB1]
