07-09 09:41:31.638  2313  2313 I CSST    : EmergencyNetworkNotification: sendMessage() w/values: ,true,-1,false,true
07-09 09:41:31.638  2313  2313 I CSST    : canceling notifications: 1001
07-09 09:41:31.639  2313  2313 D GsmCdmaPhone: mBroadcastReceiver: action android.telephony.action.CARRIER_CONFIG_CHANGED
07-09 09:41:31.639  2313  2313 D CarrierSignalAgent: [1]CarrierSignalAgent receiver action: android.telephony.action.CARRIER_CONFIG_CHANGED
07-09 09:41:31.641  2313  2313 D CarrierSignalAgent: [1]Loading carrier config: carrier_app_wake_signal_config
07-09 09:41:31.641  2313  2313 D CarrierSignalAgent: [1]Loading carrier config: carrier_app_no_wake_signal_config
07-09 09:41:31.646  2313  2313 D SubscriptionController: [getSubId]- numSubIds == 0, return DummySubIds slotIndex=1
07-09 09:41:31.648  2313  2313 D QtiSubscriptionController: getPhoneId, received dummy subId 2147483644
07-09 09:41:31.649  2313  2313 D SubscriptionController: [getSubId]- numSubIds == 0, return DummySubIds slotIndex=1
07-09 09:41:31.650  2313  2313 D QtiSubscriptionController: getPhoneId, received dummy subId 2147483644
07-09 09:41:31.651  2313  2313 I CSST    : reading time to delay notification emergency: -1
07-09 09:41:31.651  2313  2313 I CSST    : reading time to delay notification emergency: -1
07-09 09:41:31.651  2313  2313 D SubscriptionController: [getSubId]- numSubIds == 0, return DummySubIds slotIndex=1
07-09 09:41:31.651  2313  2313 I CSST    : PrefNetworkNotification: sendMessage() w/values: ,false,-1,false,true
07-09 09:41:31.651  2313  2313 I CSST    : canceling notifications: 1000
07-09 09:41:31.651  2313  2313 D Phone   : isWifiCallingEnabled =false
07-09 09:41:31.651  2313  2313 D CSST    : isPhoneRegisteredForWifiCalling: false
07-09 09:41:31.651  2313  2313 D Phone   : isWifiCallingEnabled =false
07-09 09:41:31.651  2313  2313 I CSST    : EmergencyNetworkNotification: sendMessage() w/values: ,false,-1,false,true
07-09 09:41:31.652  2313  2313 I CSST    : canceling notifications: 1001
07-09 09:41:31.653  2313  2313 D ImsPhoneCallTracker: [ImsPhoneCallTracker] No carrier ImsReasonInfo mappings defined.
07-09 09:41:31.653  2313  2313 D ImsPhoneCallTracker: [ImsPhoneCallTracker] onReceive : Updating mAllowEmergencyVideoCalls = false
07-09 09:41:31.653  2313  2313 D SubscriptionController: [getSubId]- numSubIds == 0, return DummySubIds slotIndex=1
07-09 09:41:31.654  2313  2425 D RILJ    : [3863]< RIL_REQUEST_GSM_SET_BROADCAST_CONFIG  [SUB0]
07-09 09:41:31.655  2313  2313 D SubscriptionController: [getActiveSubscriptionInfo]+ subId=1 subInfo={id=1, iccId=899100090[****] simSlotIndex=0 displayName=airtel carrierName=airtel nameSource=0 iconTint=-16746133 dataRoaming=0 iconBitmap=android.graphics.Bitmap@5d40a0a mcc 404 mnc 49 isEmbedded false accessRules null}
07-09 09:41:31.661  2313  2313 D QtiGsmCdmaPhone: handleMessage: Event: 43
07-09 09:41:31.662  2313  2313 D RILJ    : [3870]> RIL_REQUEST_VOICE_RADIO_TECH [SUB0]
07-09 09:41:31.664  2313  2425 D RILJ    : [3870]< RIL_REQUEST_VOICE_RADIO_TECH {3} [SUB0]
07-09 09:41:31.665  2313  2313 D ImsManager: isEnhanced4gLteModeSettingEnabledByUserForSlot :: subId=1
07-09 09:41:31.666  2313  2313 D ImsManager: updateVolteFeatureValue: available = true, enabled = true, nonTTY = true
07-09 09:41:31.667  2313  2313 D ImsConfig: ImsConfig creates
07-09 09:41:31.667  2313  2313 D ImsConfig: setFeatureValue: feature = 0, network =13, value =1, listener =com.android.internal.telephony.imsphone.ImsPhoneCallTracker$5@2b0bcd6
07-09 09:41:31.669  1271  1271 E RILQ    : (0/1271): RIL[0][rild(1271,1271)] processRequest: ImsRadioImpl::processRequest - Error 0
07-09 09:41:31.671  2313  2313 D ImsManager: isWfcRoamingEnabledByUserForSlot :: subId=1 enabled=false
07-09 09:41:31.673  2313  2313 D ImsManager: isWfcEnabledByUserForSlot :: subId=1 enabled=0
07-09 09:41:31.675  1271  1568 I RILQ    : (0/1271):RIL[0][(1271,1568)] qcril_qmi_imss_set_ims_service_enable_config_resp_hdlr: ril_err: 0, qmi res: 0
07-09 09:41:31.675  2313  2313 D ImsManager: updateWfcModeForSlot
07-09 09:41:31.677  2313  2313 D ImsManager: getWfcModeForSlot :: subId=1
07-09 09:41:31.678  2313  2313 D ImsManager: getWfcModeForSlot - setting=1
07-09 09:41:31.678  2313  2313 D ImsManager: updateWfcFeatureAndProvisionedValues: available = true, enabled = false, mode = 1, roaming = false, isNetworkRoaming = false
07-09 09:41:31.678  2313  2313 D ImsConfig: setFeatureValue: feature = 2, network =18, value =0, listener =com.android.internal.telephony.imsphone.ImsPhoneCallTracker$5@2b0bcd6
07-09 09:41:31.679  1271  1271 E RILQ    : (0/1271): RIL[0][rild(1271,1271)] processRequest: ImsRadioImpl::processRequest - Error 0
07-09 09:41:31.680  2313  3519 D ImsConfig: setProvisionedValue(): item = 26value = 0
07-09 09:41:31.680  2313  2313 D ImsManager: isVtEnabledByUserForSlot :: subId=1
07-09 09:41:31.681  2313  3519 D ImsConfig: setProvisionedValue(): item = 26 value = 0 ret = 1
07-09 09:41:31.681  2313  3518 D ImsConfig: setProvisionedValue(): item = 27value = 1
07-09 09:41:31.683  2313  2313 D ImsManager: updateVideoCallFeatureValue: available = true, enabled = true, nonTTY = true, data enabled = true
07-09 09:41:31.683  2313  2313 D ImsConfig: setFeatureValue: feature = 1, network =13, value =1, listener =com.android.internal.telephony.imsphone.ImsPhoneCallTracker$5@2b0bcd6
07-09 09:41:31.684  2313  2313 D ImsManager: updateImsServiceConfigForSlot: turnOnIms
07-09 09:41:31.684  1271  1271 E RILQ    : (0/1271): RIL[0][rild(1271,1271)] processRequest: ImsRadioImpl::processRequest - Error 0
07-09 09:41:31.685  1271  1568 I RILQ    : (0/1271):RIL[0][(1271,1568)] qcril_qmi_imss_set_ims_service_enable_config_resp_hdlr: ril_err: 0, qmi res: 0
07-09 09:41:31.686  1271  1271 E RILQ    : (0/1271): RIL[0][rild(1271,1271)] processRequest: ImsRadioImpl::processRequest - Error 0
07-09 09:41:31.688  2313  2313 D GsmCdmaPhone: [GsmCdmaPhone] broadcastEmergencyCallStateChanges = false
07-09 09:41:31.689  2313  2313 E GsmCdmaPhone: [GsmCdmaPhone] Invalid cdma_roaming_mode settings: -1
07-09 09:41:31.689  2313  2313 D EriManager: loadEriFileFromXml: check for alternate file
07-09 09:41:31.689  1271  1568 I RILQ    : (0/1271):RIL[0][(1271,1568)] qcril_qmi_imss_set_ims_service_enable_config_resp_hdlr: ril_err: 0, qmi res: 0
07-09 09:41:31.689  2313  2313 D EriManager: loadEriFileFromXml: no alternate file
07-09 09:41:31.691  1271  1568 I RILQ    : (0/1271):RIL[0][(1271,1568)] qcril_qmi_imss_set_ims_service_enable_config_resp_hdlr: ril_err: 0, qmi res: 0
07-09 09:41:31.693  1271  1271 E RILQ    : (0/1271): RIL[0][rild(1271,1271)] processRequest: ImsRadioImpl::processRequest - Error 0
07-09 09:41:31.697  2313  2313 D EriManager: eriFile = eri.xml
07-09 09:41:31.700  2313  2313 D EriManager: loadEriFileFromXml: eri parsing successful, file loaded. ver = 1357, # of entries = 176
07-09 09:41:31.700  2313  2313 D GsmCdmaPhone: [GsmCdmaPhone] ERI read, notify registrants
07-09 09:41:31.702  2313  3358 D RILJ    : [3871]> RIL_REQUEST_GSM_BROADCAST_ACTIVATION activate = true [SUB0]
07-09 09:41:31.702  2313  3518 D ImsConfig: setProvisionedValue(): item = 27 value = 1 ret = 0
07-09 09:41:31.704  2313  2313 D SubscriptionController: [getActiveSubscriptionInfo]+ subId=1 subInfo={id=1, iccId=899100090[****] simSlotIndex=0 displayName=airtel carrierName=airtel nameSource=0 iconTint=-16746133 dataRoaming=0 iconBitmap=android.graphics.Bitmap@5d40a0a mcc 404 mnc 49 isEmbedded false accessRules null}
07-09 09:41:31.705  2313  2313 D QtiGsmCdmaPhone: handleMessage: Event: 40
07-09 09:41:31.705  2313  2313 D GsmCdmaPhone: [GsmCdmaPhone] EVENT_REQUEST_VOICE_RADIO_TECH_DONE: newVoiceTech=3
07-09 09:41:31.705  2313  2313 D GsmCdmaPhone: [GsmCdmaPhone] phoneObjectUpdater: newVoiceRadioTech=3
07-09 09:41:31.705  2313  2313 D GsmCdmaPhone: [GsmCdmaPhone] phoneObjectUpdater: No change ignore, newVoiceRadioTech=3 mActivePhone=GSM
07-09 09:41:31.708  2313  3491 D SubscriptionController: [getPhoneId] asked for default subId=1
07-09 09:41:31.716  2313  2425 D RILJ    : [3871]< RIL_REQUEST_GSM_BROADCAST_ACTIVATION  [SUB0]
07-09 09:41:31.722  2313  3358 D RILJ    : [3872]> RIL_REQUEST_GSM_SET_BROADCAST_CONFIG with 2 configs :  [SUB0]
07-09 09:41:31.722  2313  3358 D RILJ    : SmsBroadcastConfigInfo: Id [4352,4354] Code [0,255] ENABLED [SUB0]
07-09 09:41:31.722  2313  3358 D RILJ    : SmsBroadcastConfigInfo: Id [4356,4356] Code [0,255] ENABLED [SUB0]
07-09 09:41:31.776  2313  3491 D QtiGsmDCT: [0]setPolicyDataEnabled: true
07-09 09:41:31.777  2313  2313 D CAT     : com.android.stk.BootCompletedReceiver: [ACTION_BOOT_COMPLETED]
07-09 09:41:31.777  2313  2313 D QtiGsmDCT: [0]QtiDcTracker handleMessage msg={ when=-2ms what=270368 arg1=1 target=com.qualcomm.qti.internal.telephony.dataconnection.QtiDcTracker }
07-09 09:41:31.777  2313  2313 D CAT     : com.android.stk.StkAppService: onStart sim id: 0, op: 5, *****
07-09 09:41:31.778  2313  3339 D CAT     : com.android.stk.StkAppService: handleMessage opcode[5], sim id[0]
07-09 09:41:31.778  2313  3339 D CAT     : com.android.stk.StkAppService:  OP_BOOT_COMPLETED
07-09 09:41:31.163  2313  3491 D SubscriptionController: [getActiveSubscriptionInfo]+ subId=1 subInfo={id=1, iccId=899100090[****] simSlotIndex=0 displayName=airtel carrierName=airtel nameSource=0 iconTint=-16746133 dataRoaming=0 iconBitmap=android.graphics.Bitmap@5d40a0a mcc 404 mnc 49 isEmbedded false accessRules null}
07-09 09:41:31.163  2313  2910 D GsmCellBroadcastHandler: mWakeLock released
07-09 09:41:31.193  2313  2948 D CellBroadcastHandler: mWakeLock released
07-09 09:41:31.195  2313  3491 D QtiGsmDCT: [0]setPolicyDataEnabled: true
07-09 09:41:31.195  2313  2313 D QtiGsmDCT: [0]QtiDcTracker handleMessage msg={ when=-1ms what=270368 arg1=1 target=com.qualcomm.qti.internal.telephony.dataconnection.QtiDcTracker }
07-09 09:41:31.201  2313  2953 D CdmaServiceCategoryProgramHandler: mWakeLock released
07-09 09:41:31.226  2313  3491 D SubscriptionController: [getActiveSubscriptionInfo]+ subId=1 subInfo={id=1, iccId=899100090[****] simSlotIndex=0 displayName=airtel carrierName=airtel nameSource=0 iconTint=-16746133 dataRoaming=0 iconBitmap=android.graphics.Bitmap@5d40a0a mcc 404 mnc 49 isEmbedded false accessRules null}
07-09 09:41:31.303  2313  3491 D RILJ    : [3873]> RIL_REQUEST_GET_CELL_INFO_LIST [SUB0]
07-09 09:41:31.309  2313  2425 D RILJ    : [3873]< RIL_REQUEST_GET_CELL_INFO_LIST [CellInfoLte:{mRegistered=YES mTimeStampType=oem_ril mTimeStamp=22258034885ns CellIdentityLte:{ mMcc=404 mMnc=49 mCi=231622669 mPci=338 mTac=50302 mEarfcn=1276} CellSignalStrengthLte: ss=21 rsrp=-98 rsrq=-7 rssnr=2147483647 cqi=2147483647 ta=2}, CellInfoLte:{mRegistered=NO mTimeStampType=oem_ril mTimeStamp=22258034885ns CellIdentityLte:{ mMcc=2147483647 mMnc=2147483647 mCi=2147483647 mPci=94 mTac=2147483647 mEarfcn=1276} CellSignalStrengthLte: ss=11 rsrp=-122 rsrq=-20 rssnr=2147483647 cqi=2147483647 ta=2147483647}, CellInfoLte:{mRegistered=NO mTimeStampType=oem_ril mTimeStamp=22258034885ns CellIdentityLte:{ mMcc=2147483647 mMnc=2147483647 mCi=2147483647 mPci=300 mTac=2147483647 mEarfcn=1276} CellSignalStrengthLte: ss=17 rsrp=-112 rsrq=-20 rssnr=2147483647 cqi=2147483647 ta=2147483647}] [SUB0]
07-09 09:41:31.312  2313  3491 D RILJ    : [3874]> RIL_REQUEST_GET_CELL_INFO_LIST [SUB1]
07-09 09:41:31.316  2313  2425 D RILJ    : [3874]< RIL_REQUEST_GET_CELL_INFO_LIST error 39 [SUB1]
07-09 09:41:31.317  2313  2425 D RilRequest: [3874]< RIL_REQUEST_GET_CELL_INFO_LIST error: com.android.internal.telephony.CommandException: SYSTEM_ERR ret=[]
07-09 09:41:31.317  2313  2313 D SST     : EVENT_GET_CELL_INFO_LIST: error ret null, e=com.android.internal.telephony.CommandException: SYSTEM_ERR
07-09 09:41:31.317  2313  3491 D SST     : SST.getAllCellInfo(): X size=0 list=null
07-09 09:41:31.484  2313  2425 D RILJ    : [3872]< RIL_REQUEST_GSM_SET_BROADCAST_CONFIG  [SUB0]
07-09 09:41:31.487  2313  3358 D RILJ    : [3875]> RIL_REQUEST_GSM_BROADCAST_ACTIVATION activate = true [SUB0]
07-09 09:41:31.491  2313  2425 D RILJ    : [3875]< RIL_REQUEST_GSM_BROADCAST_ACTIVATION  [SUB0]
07-09 09:41:31.504  2313  3358 D RILJ    : [3876]> RIL_REQUEST_GSM_SET_BROADCAST_CONFIG with 3 configs :  [SUB0]
07-09 09:41:31.504  2313  3358 D RILJ    : SmsBroadcastConfigInfo: Id [4352,4354] Code [0,255] ENABLED [SUB0]
07-09 09:41:31.504  2313  3358 D RILJ    : SmsBroadcastConfigInfo: Id [4356,4356] Code [0,255] ENABLED [SUB0]
07-09 09:41:31.504  2313  3358 D RILJ    : SmsBroadcastConfigInfo: Id [4370,4370] Code [0,255] ENABLED [SUB0]
07-09 09:41:31.605  2313  3491 D SST     : SST.getAllCellInfo(): return last, back to back calls
07-09 09:41:31.605  2313  3491 D SST     : SST.getAllCellInfo(): return last, back to back calls
07-09 09:41:31.605  2313  3491 D SST     : SST.getAllCellInfo(): X size=0 list=null
07-09 09:41:31.669  2313  3223 D ImsManager: registrationDisconnected :: imsReasonInfoImsReasonInfo :: {1000, 0, }
07-09 09:41:31.669  2313  3223 D ImsPhoneCallTracker: [ImsPhoneCallTracker] onImsDisconnected imsReasonInfo=ImsReasonInfo :: {1000, 0, }
07-09 09:41:31.669  2313  3223 D ImsPhoneCallTracker: [ImsPhoneCallTracker] Resetting Capabilities...
07-09 09:41:31.669  2313  3223 D ImsPhone: updateDataServiceState: defSs = {mVoiceRegState=0(IN_SERVICE), mDataRegState=0(IN_SERVICE), mVoiceRoamingType=home, mDataRoamingType=home, mVoiceOperatorAlphaLong=IND airtel, mVoiceOperatorAlphaShort=airtel, mDataOperatorAlphaLong=IND airtel, mDataOperatorAlphaShort=airtel, isManualNetworkSelection=false(automatic), mRilVoiceRadioTechnology=14(LTE), mRilDataRadioTechnology=14(LTE), mCssIndicator=unsupported, mNetworkId=-1, mSystemId=-1, mCdmaRoamingIndicator=-1, mCdmaDefaultRoamingIndicator=-1, mIsEmergencyOnly=false, mIsDataRoamingFromRegistration=false, mIsUsingCarrierAggregation=false, mLteEarfcnRsrpBoost=0} imsSs = {mVoiceRegState=1(OUT_OF_SERVICE), mDataRegState=0(IN_SERVICE), mVoiceRoamingType=home, mDataRoamingType=home, mVoiceOperatorAlphaLong=null, mVoiceOperatorAlphaShort=null, mDataOperatorAlphaLong=null, mDataOperatorAlphaShort=null, isManualNetworkSelection=false(automatic), mRilVoiceRadioTechnology=0(Unknown), mRilDataRadioTechnology=14(LTE), mCssIndicator=unsupported, mNetworkId=-1, mSystemId=-1, mCdmaRoamingIndicator=-1, mCdmaDefaultRoamingIndicator=-1, mIsEmergencyOnly=false, mIsDataRoamingFromRegistration=false, mIsUsingCarrierAggregation=false, mLteEarfcnRsrpBoost=0}
07-09 09:41:31.677  2313  2425 D RILJ    : Unsol response received; Sending ack to ril.cpp [SUB0]
07-09 09:41:31.678  2313  2425 D RILJ    : [UNSL]< UNSOL_RESPONSE_NETWORK_STATE_CHANGED [SUB0]
07-09 09:41:31.678  2313  2313 D SST     : pollState: modemTriggered=true
07-09 09:41:31.679  2313  2313 D RILJ    : [3878]> OPERATOR [SUB0]
07-09 09:41:31.680  2313  2313 D RILJ    : [3879]> DATA_REGISTRATION_STATE [SUB0]
07-09 09:41:31.681  2313  2313 D RILJ    : [3880]> VOICE_REGISTRATION_STATE [SUB0]
07-09 09:41:31.682  2313  2313 D RILJ    : [3881]> QUERY_NETWORK_SELECTION_MODE [SUB0]
07-09 09:41:31.683  2313  2425 D RILJ    : [3878]< OPERATOR {IND airtel, airtel, 40449} [SUB0]
07-09 09:41:31.689  2313  2425 D RILJ    : [3879]< DATA_REGISTRATION_STATE {.regState = REG_HOME, .rat = 14, .reasonDataDenied = 0, .maxDataCalls = 20, .cellIdentity = {.cellInfoType = LTE, .cellIdentityGsm = [], .cellIdentityWcdma = [], .cellIdentityCdma = [], .cellIdentityLte = [{.mcc = 404, .mnc = 49, .ci = 231622669, .pci = 338, .tac = 50302, .earfcn = 1276}], .cellIdentityTdscdma = []}} [SUB0]
07-09 09:41:31.690  2313  2313 D SST     : handlPollStateResultMessage: GsmSST setDataRegState=0 regState=1 dataRadioTechnology=14
07-09 09:41:31.692  2313  2425 D RILJ    : [3880]< VOICE_REGISTRATION_STATE {.regState = REG_HOME, .rat = 14, .cssSupported = false, .roamingIndicator = 1, .systemIsInPrl = -1, .defaultRoamingIndicator = -1, .reasonForDenial = 0, .cellIdentity = {.cellInfoType = LTE, .cellIdentityGsm = [], .cellIdentityWcdma = [], .cellIdentityCdma = [], .cellIdentityLte = [{.mcc = 404, .mnc = 49, .ci = 231622669, .pci = 338, .tac = 50302, .earfcn = 1276}], .cellIdentityTdscdma = []}} [SUB0]
07-09 09:41:31.693  2313  2313 D SST     : handlPollVoiceRegResultMessage: regState=1 radioTechnology=14
07-09 09:41:31.694  2313  2425 D RILJ    : [3881]< QUERY_NETWORK_SELECTION_MODE {0} [SUB0]
07-09 09:41:31.694  2313  2313 D SST     : EVENT_POLL_STATE_NETWORK_SELECTION_MODE
07-09 09:41:31.696  2313  2313 D SST     : Poll ServiceState done:  oldSS=[{mVoiceRegState=0(IN_SERVICE), mDataRegState=0(IN_SERVICE), mVoiceRoamingType=home, mDataRoamingType=home, mVoiceOperatorAlphaLong=IND airtel, mVoiceOperatorAlphaShort=airtel, mDataOperatorAlphaLong=IND airtel, mDataOperatorAlphaShort=airtel, isManualNetworkSelection=false(automatic), mRilVoiceRadioTechnology=14(LTE), mRilDataRadioTechnology=14(LTE), mCssIndicator=unsupported, mNetworkId=-1, mSystemId=-1, mCdmaRoamingIndicator=-1, mCdmaDefaultRoamingIndicator=-1, mIsEmergencyOnly=false, mIsDataRoamingFromRegistration=false, mIsUsingCarrierAggregation=false, mLteEarfcnRsrpBoost=0}] newSS=[{mVoiceRegState=0(IN_SERVICE), mDataRegState=0(IN_SERVICE), mVoiceRoamingType=home, mDataRoamingType=home, mVoiceOperatorAlphaLong=IND airtel, mVoiceOperatorAlphaShort=airtel, mDataOperatorAlphaLong=IND airtel, mDataOperatorAlphaShort=airtel, isManualNetworkSelection=false(automatic), mRilVoiceRadioTechnology=14(LTE), mRilDataRadioTechnology=14(LTE), mCssIndicator=unsupported, mNetworkId=-1, mSystemId=-1, mCdmaRoamingIndicator=-1, mCdmaDefaultRoamingIndicator=-1, mIsEmergencyOnly=false, mIsDataRoamingFromRegistration=false, mIsUsingCarrierAggregation=false, mLteEarfcnRsrpBoost=0}] oldMaxDataCalls=20 mNewMaxDataCalls=20 oldReasonDataDenied=0 mNewReasonDataDenied=0
07-09 09:41:31.696  2313  2313 D SST     : pollStateDone: hasRegistered=false hasDeregistered=false hasDataAttached=false hasDataDetached=false hasDataRegStateChanged=false hasRilVoiceRadioTechnologyChanged= false hasRilDataRadioTechnologyChanged=false hasChanged=false hasVoiceRoamingOn=false hasVoiceRoamingOff=false hasDataRoamingOn=false hasDataRoamingOff=false hasLocationChanged=false has4gHandoff = false hasMultiApnSupport=false hasLostMultiApnSupport=false
07-09 09:41:31.889  2313  2425 D RILJ    : [3876]< RIL_REQUEST_GSM_SET_BROADCAST_CONFIG  [SUB0]
07-09 09:41:31.891  2313  3358 D RILJ    : [3882]> RIL_REQUEST_GSM_BROADCAST_ACTIVATION activate = true [SUB0]
07-09 09:41:31.896  2313  2425 D RILJ    : [3882]< RIL_REQUEST_GSM_BROADCAST_ACTIVATION  [SUB0]
07-09 09:41:31.900  2313  3358 D RILJ    : [3883]> RIL_REQUEST_GSM_SET_BROADCAST_CONFIG with 4 configs :  [SUB0]
07-09 09:41:31.901  2313  3358 D RILJ    : SmsBroadcastConfigInfo: Id [4352,4354] Code [0,255] ENABLED [SUB0]
07-09 09:41:31.901  2313  3358 D RILJ    : SmsBroadcastConfigInfo: Id [4356,4356] Code [0,255] ENABLED [SUB0]
07-09 09:41:31.901  2313  3358 D RILJ    : SmsBroadcastConfigInfo: Id [4370,4370] Code [0,255] ENABLED [SUB0]
07-09 09:41:31.901  2313  3358 D RILJ    : SmsBroadcastConfigInfo: Id [4371,4372] Code [0,255] ENABLED [SUB0]
07-09 09:41:32.272  2313  2425 D RILJ    : [3883]< RIL_REQUEST_GSM_SET_BROADCAST_CONFIG  [SUB0]
07-09 09:41:32.276  2313  3358 D RILJ    : [3884]> RIL_REQUEST_GSM_BROADCAST_ACTIVATION activate = true [SUB0]
07-09 09:41:32.281  2313  2425 D RILJ    : [3884]< RIL_REQUEST_GSM_BROADCAST_ACTIVATION  [SUB0]
07-09 09:41:32.285  2313  3358 D RILJ    : [3885]> RIL_REQUEST_GSM_SET_BROADCAST_CONFIG with 4 configs :  [SUB0]
07-09 09:41:32.285  2313  3358 D RILJ    : SmsBroadcastConfigInfo: Id [4352,4354] Code [0,255] ENABLED [SUB0]
07-09 09:41:32.285  2313  3358 D RILJ    : SmsBroadcastConfigInfo: Id [4356,4356] Code [0,255] ENABLED [SUB0]
07-09 09:41:32.285  2313  3358 D RILJ    : SmsBroadcastConfigInfo: Id [4370,4372] Code [0,255] ENABLED [SUB0]
07-09 09:41:32.285  2313  3358 D RILJ    : SmsBroadcastConfigInfo: Id [4373,4378] Code [0,255] ENABLED [SUB0]
07-09 09:41:32.660  2313  2425 D RILJ    : [3885]< RIL_REQUEST_GSM_SET_BROADCAST_CONFIG  [SUB0]
07-09 09:41:32.661  2313  3358 D RILJ    : [3886]> RIL_REQUEST_GSM_BROADCAST_ACTIVATION activate = true [SUB0]
07-09 09:41:32.666  2313  2425 D RILJ    : [3886]< RIL_REQUEST_GSM_BROADCAST_ACTIVATION  [SUB0]
07-09 09:41:32.671  2313  3358 D RILJ    : [3887]> RIL_REQUEST_GSM_SET_BROADCAST_CONFIG with 4 configs :  [SUB0]
07-09 09:41:32.671  2313  3358 D RILJ    : SmsBroadcastConfigInfo: Id [4352,4354] Code [0,255] ENABLED [SUB0]
07-09 09:41:32.671  2313  3358 D RILJ    : SmsBroadcastConfigInfo: Id [4356,4356] Code [0,255] ENABLED [SUB0]
07-09 09:41:32.671  2313  3358 D RILJ    : SmsBroadcastConfigInfo: Id [4370,4378] Code [0,255] ENABLED [SUB0]
07-09 09:41:32.671  2313  3358 D RILJ    : SmsBroadcastConfigInfo: Id [4379,4379] Code [0,255] ENABLED [SUB0]
07-09 09:41:33.045  2313  2425 D RILJ    : [3887]< RIL_REQUEST_GSM_SET_BROADCAST_CONFIG  [SUB0]
07-09 09:41:33.049  2313  3358 D RILJ    : [3888]> RIL_REQUEST_GSM_BROADCAST_ACTIVATION activate = true [SUB0]
07-09 09:41:33.054  2313  2425 D RILJ    : [3888]< RIL_REQUEST_GSM_BROADCAST_ACTIVATION  [SUB0]
07-09 09:41:33.067  2313  3358 D RILJ    : [3889]> RIL_REQUEST_GSM_SET_BROADCAST_CONFIG with 4 configs :  [SUB0]
07-09 09:41:33.067  2313  3358 D RILJ    : SmsBroadcastConfigInfo: Id [4352,4354] Code [0,255] ENABLED [SUB0]
07-09 09:41:33.067  2313  3358 D RILJ    : SmsBroadcastConfigInfo: Id [4356,4356] Code [0,255] ENABLED [SUB0]
07-09 09:41:33.067  2313  3358 D RILJ    : SmsBroadcastConfigInfo: Id [4370,4379] Code [0,255] ENABLED [SUB0]
07-09 09:41:33.067  2313  3358 D RILJ    : SmsBroadcastConfigInfo: Id [4383,4383] Code [0,255] ENABLED [SUB0]
07-09 09:41:33.311  2313  3297 D SubscriptionController: [getSubId]- numSubIds == 0, return DummySubIds slotIndex=1
07-09 09:41:33.311  2313  3297 D QtiSubscriptionController: getPhoneId, received dummy subId 2147483644
07-09 09:41:33.312  2313  3297 E GsmCdmaPhone: [GsmCdmaPhone] getDeviceId(): MEID is not initialized use ESN
07-09 09:41:33.443  2313  2425 D RILJ    : [3889]< RIL_REQUEST_GSM_SET_BROADCAST_CONFIG  [SUB0]
07-09 09:41:33.446  2313  3358 D RILJ    : [3890]> RIL_REQUEST_GSM_BROADCAST_ACTIVATION activate = true [SUB0]
07-09 09:41:33.450  2313  2425 D RILJ    : [3890]< RIL_REQUEST_GSM_BROADCAST_ACTIVATION  [SUB0]
07-09 09:41:33.453  2313  3358 D RILJ    : [3891]> RIL_REQUEST_GSM_SET_BROADCAST_CONFIG with 5 configs :  [SUB0]
07-09 09:41:33.454  2313  3358 D RILJ    : SmsBroadcastConfigInfo: Id [4352,4354] Code [0,255] ENABLED [SUB0]
07-09 09:41:33.454  2313  3358 D RILJ    : SmsBroadcastConfigInfo: Id [4356,4356] Code [0,255] ENABLED [SUB0]
07-09 09:41:33.454  2313  3358 D RILJ    : SmsBroadcastConfigInfo: Id [4370,4379] Code [0,255] ENABLED [SUB0]
07-09 09:41:33.454  2313  3358 D RILJ    : SmsBroadcastConfigInfo: Id [4383,4383] Code [0,255] ENABLED [SUB0]
07-09 09:41:33.454  2313  3358 D RILJ    : SmsBroadcastConfigInfo: Id [4384,4385] Code [0,255] ENABLED [SUB0]
07-09 09:41:33.830  2313  2425 D RILJ    : [3891]< RIL_REQUEST_GSM_SET_BROADCAST_CONFIG  [SUB0]
07-09 09:41:33.832  2313  3358 D RILJ    : [3892]> RIL_REQUEST_GSM_BROADCAST_ACTIVATION activate = true [SUB0]
07-09 09:41:33.835  2313  2425 D RILJ    : [3892]< RIL_REQUEST_GSM_BROADCAST_ACTIVATION  [SUB0]
07-09 09:41:33.839  2313  3358 D RILJ    : [3893]> RIL_REQUEST_GSM_SET_BROADCAST_CONFIG with 5 configs :  [SUB0]
07-09 09:41:33.839  2313  3358 D RILJ    : SmsBroadcastConfigInfo: Id [4352,4354] Code [0,255] ENABLED [SUB0]
07-09 09:41:33.839  2313  3358 D RILJ    : SmsBroadcastConfigInfo: Id [4356,4356] Code [0,255] ENABLED [SUB0]
07-09 09:41:33.839  2313  3358 D RILJ    : SmsBroadcastConfigInfo: Id [4370,4379] Code [0,255] ENABLED [SUB0]
07-09 09:41:33.839  2313  3358 D RILJ    : SmsBroadcastConfigInfo: Id [4383,4385] Code [0,255] ENABLED [SUB0]
07-09 09:41:33.839  2313  3358 D RILJ    : SmsBroadcastConfigInfo: Id [4386,4391] Code [0,255] ENABLED [SUB0]
07-09 09:41:34.213  2313  2425 D RILJ    : [3893]< RIL_REQUEST_GSM_SET_BROADCAST_CONFIG  [SUB0]
07-09 09:41:34.217  2313  3358 D RILJ    : [3894]> RIL_REQUEST_GSM_BROADCAST_ACTIVATION activate = true [SUB0]
07-09 09:41:34.221  2313  2425 D RILJ    : [3894]< RIL_REQUEST_GSM_BROADCAST_ACTIVATION  [SUB0]
07-09 09:41:34.228  2313  3358 D RILJ    : [3895]> RIL_REQUEST_GSM_SET_BROADCAST_CONFIG with 5 configs :  [SUB0]
07-09 09:41:34.228  2313  3358 D RILJ    : SmsBroadcastConfigInfo: Id [4352,4354] Code [0,255] ENABLED [SUB0]
07-09 09:41:34.228  2313  3358 D RILJ    : SmsBroadcastConfigInfo: Id [4356,4356] Code [0,255] ENABLED [SUB0]
07-09 09:41:34.228  2313  3358 D RILJ    : SmsBroadcastConfigInfo: Id [4370,4379] Code [0,255] ENABLED [SUB0]
07-09 09:41:34.228  2313  3358 D RILJ    : SmsBroadcastConfigInfo: Id [4383,4391] Code [0,255] ENABLED [SUB0]
07-09 09:41:34.228  2313  3358 D RILJ    : SmsBroadcastConfigInfo: Id [4392,4392] Code [0,255] ENABLED [SUB0]
07-09 09:41:34.604  2313  2425 D RILJ    : [3895]< RIL_REQUEST_GSM_SET_BROADCAST_CONFIG  [SUB0]
07-09 09:41:34.605  2313  3358 D RILJ    : [3896]> RIL_REQUEST_GSM_BROADCAST_ACTIVATION activate = true [SUB0]
07-09 09:41:34.609  2313  2425 D RILJ    : [3896]< RIL_REQUEST_GSM_BROADCAST_ACTIVATION  [SUB0]
07-09 09:41:34.624  2313  3358 D RILJ    : [3897]> RIL_REQUEST_GSM_SET_BROADCAST_CONFIG with 5 configs :  [SUB0]
07-09 09:41:34.625  2313  3358 D RILJ    : SmsBroadcastConfigInfo: Id [4352,4354] Code [0,255] ENABLED [SUB0]
07-09 09:41:34.625  2313  3358 D RILJ    : SmsBroadcastConfigInfo: Id [4356,4356] Code [0,255] ENABLED [SUB0]
07-09 09:41:34.625  2313  3358 D RILJ    : SmsBroadcastConfigInfo: Id [4370,4379] Code [0,255] ENABLED [SUB0]
07-09 09:41:34.625  2313  3358 D RILJ    : SmsBroadcastConfigInfo: Id [4383,4392] Code [0,255] ENABLED [SUB0]
07-09 09:41:34.625  2313  3358 D RILJ    : SmsBroadcastConfigInfo: Id [60,60] Code [0,255] ENABLED [SUB0]
07-09 09:41:34.998  2313  2425 D RILJ    : [3897]< RIL_REQUEST_GSM_SET_BROADCAST_CONFIG  [SUB0]
07-09 09:41:35.000  2313  3358 D RILJ    : [3898]> RIL_REQUEST_GSM_BROADCAST_ACTIVATION activate = true [SUB0]
07-09 09:41:35.004  2313  2425 D RILJ    : [3898]< RIL_REQUEST_GSM_BROADCAST_ACTIVATION  [SUB0]
07-09 09:41:35.026  2313  3358 D SubscriptionController: [getPhoneId] asked for default subId=1
07-09 09:41:35.089  2313  3358 D SubscriptionController: [getActiveSubscriptionInfo]+ subId=1 subInfo={id=1, iccId=899100090[****] simSlotIndex=0 displayName=airtel carrierName=airtel nameSource=0 iconTint=-16746133 dataRoaming=0 iconBitmap=android.graphics.Bitmap@5d40a0a mcc 404 mnc 49 isEmbedded false accessRules null}
07-09 09:41:35.194  2313  3297 D SubscriptionController: [getActiveSubscriptionInfo]+ subId=1 subInfo={id=1, iccId=899100090[****] simSlotIndex=0 displayName=airtel carrierName=airtel nameSource=0 iconTint=-16746133 dataRoaming=0 iconBitmap=android.graphics.Bitmap@5d40a0a mcc 404 mnc 49 isEmbedded false accessRules null}
07-09 09:41:35.656  2313  3297 I chatty  : uid=1001(radio) Binder:2313_7 identical 3 lines
07-09 09:41:35.684  2313  3297 D SubscriptionController: [getActiveSubscriptionInfo]+ subId=1 subInfo={id=1, iccId=899100090[****] simSlotIndex=0 displayName=airtel carrierName=airtel nameSource=0 iconTint=-16746133 dataRoaming=0 iconBitmap=android.graphics.Bitmap@5d40a0a mcc 404 mnc 49 isEmbedded false accessRules null}
07-09 09:41:35.687  2313  3358 D SubscriptionController: [getActiveSubscriptionInfo]+ subId=1 subInfo={id=1, iccId=899100090[****] simSlotIndex=0 displayName=airtel carrierName=airtel nameSource=0 iconTint=-16746133 dataRoaming=0 iconBitmap=android.graphics.Bitmap@5d40a0a mcc 404 mnc 49 isEmbedded false accessRules null}
07-09 09:41:35.690  2313  3358 D SubscriptionController: [getActiveSubscriptionInfo]+ subId=1 subInfo={id=1, iccId=899100090[****] simSlotIndex=0 displayName=airtel carrierName=airtel nameSource=0 iconTint=-16746133 dataRoaming=0 iconBitmap=android.graphics.Bitmap@5d40a0a mcc 404 mnc 49 isEmbedded false accessRules null}
07-09 09:41:35.692  2313  3297 D SubscriptionController: [getActiveSubscriptionInfo]+ subId=1 subInfo={id=1, iccId=899100090[****] simSlotIndex=0 displayName=airtel carrierName=airtel nameSource=0 iconTint=-16746133 dataRoaming=0 iconBitmap=android.graphics.Bitmap@5d40a0a mcc 404 mnc 49 isEmbedded false accessRules null}
07-09 09:41:35.695  2313  3610 D SubscriptionController: [getActiveSubscriptionInfo]+ subId=1 subInfo={id=1, iccId=899100090[****] simSlotIndex=0 displayName=airtel carrierName=airtel nameSource=0 iconTint=-16746133 dataRoaming=0 iconBitmap=android.graphics.Bitmap@5d40a0a mcc 404 mnc 49 isEmbedded false accessRules null}
07-09 09:41:35.744  2313  3610 D SubscriptionController: [getActiveSubscriptionInfo]+ subId=1 subInfo={id=1, iccId=899100090[****] simSlotIndex=0 displayName=airtel carrierName=airtel nameSource=0 iconTint=-16746133 dataRoaming=0 iconBitmap=android.graphics.Bitmap@5d40a0a mcc 404 mnc 49 isEmbedded false accessRules null}
07-09 09:41:35.757  2313  3297 D SubscriptionController: [getActiveSubscriptionInfo]+ subId=1 subInfo={id=1, iccId=899100090[****] simSlotIndex=0 displayName=airtel carrierName=airtel nameSource=0 iconTint=-16746133 dataRoaming=0 iconBitmap=android.graphics.Bitmap@5d40a0a mcc 404 mnc 49 isEmbedded false accessRules null}
07-09 09:41:35.766  2313  3297 D SubscriptionController: [getActiveSubscriptionInfo]+ subId=1 subInfo={id=1, iccId=899100090[****] simSlotIndex=0 displayName=airtel carrierName=airtel nameSource=0 iconTint=-16746133 dataRoaming=0 iconBitmap=android.graphics.Bitmap@5d40a0a mcc 404 mnc 49 isEmbedded false accessRules null}
07-09 09:41:35.770  2313  3610 D SubscriptionController: [getActiveSubscriptionInfo]+ subId=1 subInfo={id=1, iccId=899100090[****] simSlotIndex=0 displayName=airtel carrierName=airtel nameSource=0 iconTint=-16746133 dataRoaming=0 iconBitmap=android.graphics.Bitmap@5d40a0a mcc 404 mnc 49 isEmbedded false accessRules null}
07-09 09:41:35.783  2313  3297 D SubscriptionController: [getActiveSubscriptionInfo]+ subId=1 subInfo={id=1, iccId=899100090[****] simSlotIndex=0 displayName=airtel carrierName=airtel nameSource=0 iconTint=-16746133 dataRoaming=0 iconBitmap=android.graphics.Bitmap@5d40a0a mcc 404 mnc 49 isEmbedded false accessRules null}
07-09 09:41:37.485  2313  2313 D TelephonyNetworkFactory[1]: got request NetworkRequest [ TRACK_DEFAULT id=14, [ Capabilities: INTERNET&NOT_RESTRICTED&TRUSTED&NOT_VPN] ] with score 50
07-09 09:41:37.485  2313  2313 D PhoneSwitcher: handle event - 103
07-09 09:41:37.486  2313  2313 D SubscriptionController: [getSubId]- numSubIds == 0, return DummySubIds slotIndex=1
07-09 09:41:37.486  2313  2313 D PhoneSwitcher: evaluating due to netRequest
07-09 09:41:37.486  2313  2313 D PhoneSwitcher: InformDdsToRil rild= 0, DDS=0
07-09 09:41:37.486  2313  2313 D use-Rlog/RLOG-QC_RIL_OEM_HOOK: dds phoneId: 0 reason: 0
07-09 09:41:37.489  2313  2313 D use-Rlog/RLOG-QC_RIL_OEM_HOOK: sendOemRilRequestRaw returns value = 0
07-09 09:41:37.489  2313  2313 D PhoneSwitcher: InformDdsToRil rild= 1, DDS=0
07-09 09:41:37.490  2313  2313 D use-Rlog/RLOG-QC_RIL_OEM_HOOK: dds phoneId: 0 reason: 0
07-09 09:41:37.491  2290  2290 D use-Rlog/RLOG-QC_RIL_OEM_HOOK: Received Broadcast Intent ACTION_UNSOL_RESPONSE_OEM_HOOK_RAW
07-09 09:41:37.491  2290  2290 D use-Rlog/RLOG-QC_RIL_OEM_HOOK: Oem ID in QCRILHOOK UNSOL RESP is QOEMHOOK
07-09 09:41:37.493  2313  2313 D use-Rlog/RLOG-QC_RIL_OEM_HOOK: sendOemRilRequestRaw returns value = 0
07-09 09:41:37.493  2313  2313 D TelephonyNetworkFactory[0]: got request NetworkRequest [ TRACK_DEFAULT id=14, [ Capabilities: INTERNET&NOT_RESTRICTED&TRUSTED&NOT_VPN] ] with score 50
07-09 09:41:37.494  2313  2313 D use-Rlog/RLOG-QC_RIL_OEM_HOOK: Received Broadcast Intent ACTION_UNSOL_RESPONSE_OEM_HOOK_RAW
07-09 09:41:37.494  2313  2313 D use-Rlog/RLOG-QC_RIL_OEM_HOOK: Oem ID in QCRILHOOK UNSOL RESP is QOEMHOOK
07-09 09:41:37.494  2313  2313 D PhoneSwitcher: handle event - 110
07-09 09:41:37.496  2290  2290 D use-Rlog/RLOG-QC_RIL_OEM_HOOK: Received Broadcast Intent ACTION_UNSOL_RESPONSE_OEM_HOOK_RAW
07-09 09:41:37.496  2290  2290 D use-Rlog/RLOG-QC_RIL_OEM_HOOK: Oem ID in QCRILHOOK UNSOL RESP is QOEMHOOK
07-09 09:41:37.496  2313  2313 D use-Rlog/RLOG-QC_RIL_OEM_HOOK: Received Broadcast Intent ACTION_UNSOL_RESPONSE_OEM_HOOK_RAW
07-09 09:41:37.496  2313  2313 D use-Rlog/RLOG-QC_RIL_OEM_HOOK: Oem ID in QCRILHOOK UNSOL RESP is QOEMHOOK
07-09 09:41:37.496  2313  2313 D PhoneSwitcher: handle event - 110
07-09 09:41:38.161  2313  3297 D RILJ    : [3899]> RIL_REQUEST_GET_CELL_INFO_LIST [SUB0]
07-09 09:41:38.165  2313  2425 D RILJ    : [3899]< RIL_REQUEST_GET_CELL_INFO_LIST [CellInfoLte:{mRegistered=YES mTimeStampType=oem_ril mTimeStamp=29115473372ns CellIdentityLte:{ mMcc=404 mMnc=49 mCi=231622669 mPci=338 mTac=50302 mEarfcn=1276} CellSignalStrengthLte: ss=20 rsrp=-99 rsrq=-8 rssnr=2147483647 cqi=2147483647 ta=2}, CellInfoLte:{mRegistered=NO mTimeStampType=oem_ril mTimeStamp=29115473372ns CellIdentityLte:{ mMcc=2147483647 mMnc=2147483647 mCi=2147483647 mPci=300 mTac=2147483647 mEarfcn=1276} CellSignalStrengthLte: ss=17 rsrp=-112 rsrq=-20 rssnr=2147483647 cqi=2147483647 ta=2147483647}, CellInfoLte:{mRegistered=NO mTimeStampType=oem_ril mTimeStamp=29115473372ns CellIdentityLte:{ mMcc=2147483647 mMnc=2147483647 mCi=2147483647 mPci=94 mTac=2147483647 mEarfcn=1276} CellSignalStrengthLte: ss=16 rsrp=-109 rsrq=-18 rssnr=2147483647 cqi=2147483647 ta=2147483647}] [SUB0]
07-09 09:41:38.188  2313  3297 D RILJ    : [3900]> RIL_REQUEST_GET_CELL_INFO_LIST [SUB1]
07-09 09:41:38.192  2313  2425 D RILJ    : [3900]< RIL_REQUEST_GET_CELL_INFO_LIST error 39 [SUB1]
07-09 09:41:38.193  2313  2425 D RilRequest: [3900]< RIL_REQUEST_GET_CELL_INFO_LIST error: com.android.internal.telephony.CommandException: SYSTEM_ERR ret=[]
07-09 09:41:38.193  2313  2313 D SST     : EVENT_GET_CELL_INFO_LIST: error ret null, e=com.android.internal.telephony.CommandException: SYSTEM_ERR
07-09 09:41:38.194  2313  3297 D SST     : SST.getAllCellInfo(): X size=0 list=null
07-09 09:41:38.476  2313  3358 D SST     : SST.getAllCellInfo(): return last, back to back calls
07-09 09:41:38.476  2313  3358 D SST     : SST.getAllCellInfo(): return last, back to back calls
07-09 09:41:38.476  2313  3358 D SST     : SST.getAllCellInfo(): X size=0 list=null
07-09 09:41:38.755  2313  3358 D SubscriptionController: [getSubId]- numSubIds == 0, return DummySubIds slotIndex=1
07-09 09:41:38.756  2313  3358 D QtiSubscriptionController: getPhoneId, received dummy subId 2147483644
07-09 09:41:39.796  2313  3610 D SubscriptionController: [getActiveSubscriptionInfo]+ subId=1 subInfo={id=1, iccId=899100090[****] simSlotIndex=0 displayName=airtel carrierName=airtel nameSource=0 iconTint=-16746133 dataRoaming=0 iconBitmap=android.graphics.Bitmap@5d40a0a mcc 404 mnc 49 isEmbedded false accessRules null}
07-09 09:41:39.829  2313  2425 D RILJ    : Unsol response received; Sending ack to ril.cpp [SUB0]
07-09 09:41:39.829  2313  2425 D RILJ    : [UNSL]< UNSOL_RESPONSE_NETWORK_STATE_CHANGED [SUB0]
07-09 09:41:39.829  2313  2313 D SST     : pollState: modemTriggered=true
07-09 09:41:39.830  2313  2313 D RILJ    : [3902]> OPERATOR [SUB0]
07-09 09:41:39.830  2313  2313 D RILJ    : [3903]> DATA_REGISTRATION_STATE [SUB0]
07-09 09:41:39.831  2313  2313 D RILJ    : [3904]> VOICE_REGISTRATION_STATE [SUB0]
07-09 09:41:39.832  2313  2313 D RILJ    : [3905]> QUERY_NETWORK_SELECTION_MODE [SUB0]
07-09 09:41:39.834  2313  2425 D RILJ    : [3902]< OPERATOR {IND airtel, airtel, 40449} [SUB0]
07-09 09:41:39.842  2313  2425 D RILJ    : [3903]< DATA_REGISTRATION_STATE {.regState = REG_HOME, .rat = 14, .reasonDataDenied = 0, .maxDataCalls = 20, .cellIdentity = {.cellInfoType = LTE, .cellIdentityGsm = [], .cellIdentityWcdma = [], .cellIdentityCdma = [], .cellIdentityLte = [{.mcc = 404, .mnc = 49, .ci = 231622679, .pci = 338, .tac = 50302, .earfcn = 38775}], .cellIdentityTdscdma = []}} [SUB0]
07-09 09:41:39.842  2313  2313 D SST     : handlPollStateResultMessage: GsmSST setDataRegState=0 regState=1 dataRadioTechnology=14
07-09 09:41:39.848  2313  2425 D RILJ    : [3904]< VOICE_REGISTRATION_STATE {.regState = REG_HOME, .rat = 14, .cssSupported = false, .roamingIndicator = 1, .systemIsInPrl = -1, .defaultRoamingIndicator = -1, .reasonForDenial = 0, .cellIdentity = {.cellInfoType = LTE, .cellIdentityGsm = [], .cellIdentityWcdma = [], .cellIdentityCdma = [], .cellIdentityLte = [{.mcc = 404, .mnc = 49, .ci = 231622679, .pci = 338, .tac = 50302, .earfcn = 38775}], .cellIdentityTdscdma = []}} [SUB0]
07-09 09:41:39.849  2313  2313 D SST     : handlPollVoiceRegResultMessage: regState=1 radioTechnology=14
07-09 09:41:39.851  2313  2425 D RILJ    : [3905]< QUERY_NETWORK_SELECTION_MODE {0} [SUB0]
07-09 09:41:39.851  2313  2313 D SST     : EVENT_POLL_STATE_NETWORK_SELECTION_MODE
07-09 09:41:39.854  2313  2313 D SST     : Poll ServiceState done:  oldSS=[{mVoiceRegState=0(IN_SERVICE), mDataRegState=0(IN_SERVICE), mVoiceRoamingType=home, mDataRoamingType=home, mVoiceOperatorAlphaLong=IND airtel, mVoiceOperatorAlphaShort=airtel, mDataOperatorAlphaLong=IND airtel, mDataOperatorAlphaShort=airtel, isManualNetworkSelection=false(automatic), mRilVoiceRadioTechnology=14(LTE), mRilDataRadioTechnology=14(LTE), mCssIndicator=unsupported, mNetworkId=-1, mSystemId=-1, mCdmaRoamingIndicator=-1, mCdmaDefaultRoamingIndicator=-1, mIsEmergencyOnly=false, mIsDataRoamingFromRegistration=false, mIsUsingCarrierAggregation=false, mLteEarfcnRsrpBoost=0}] newSS=[{mVoiceRegState=0(IN_SERVICE), mDataRegState=0(IN_SERVICE), mVoiceRoamingType=home, mDataRoamingType=home, mVoiceOperatorAlphaLong=IND airtel, mVoiceOperatorAlphaShort=airtel, mDataOperatorAlphaLong=IND airtel, mDataOperatorAlphaShort=airtel, isManualNetworkSelection=false(automatic), mRilVoiceRadioTechnology=14(LTE), mRilDataRadioTechnology=14(LTE), mCssIndicator=unsupported, mNetworkId=-1, mSystemId=-1, mCdmaRoamingIndicator=-1, mCdmaDefaultRoamingIndicator=-1, mIsEmergencyOnly=false, mIsDataRoamingFromRegistration=false, mIsUsingCarrierAggregation=false, mLteEarfcnRsrpBoost=0}] oldMaxDataCalls=20 mNewMaxDataCalls=20 oldReasonDataDenied=0 mNewReasonDataDenied=0
07-09 09:41:39.854  2313  2313 D SST     : pollStateDone: hasRegistered=false hasDeregistered=false hasDataAttached=false hasDataDetached=false hasDataRegStateChanged=false hasRilVoiceRadioTechnologyChanged= false hasRilDataRadioTechnologyChanged=false hasChanged=false hasVoiceRoamingOn=false hasVoiceRoamingOff=false hasDataRoamingOn=false hasDataRoamingOff=false hasLocationChanged=true has4gHandoff = false hasMultiApnSupport=false hasLostMultiApnSupport=false
07-09 09:41:39.854  1896  1915 D TelephonyRegistry: notifyCellLocationForSubscriber: subId=1 cellLocation=Bundle[mParcelledData.dataSize=64]
07-09 09:41:39.856  2313  2425 D RILJ    : Unsol response received; Sending ack to ril.cpp [SUB0]
07-09 09:41:39.856  2313  2425 V RILJ    : [UNSL]< UNSOL_OEM_HOOK_RAW 514f454d484f4f4bfa0308000100000000 [SUB0]
07-09 09:41:39.858  2313  2425 D RILJ    : Unsol response received; Sending ack to ril.cpp [SUB0]
07-09 09:41:39.858  2313  2425 D RILJ    : [UNSL]< UNSOL_RESPONSE_NETWORK_STATE_CHANGED [SUB0]
07-09 09:41:39.865  2290  2290 D use-Rlog/RLOG-QC_RIL_OEM_HOOK: Received Broadcast Intent ACTION_UNSOL_RESPONSE_OEM_HOOK_RAW
07-09 09:41:39.865  2290  2290 D use-Rlog/RLOG-QC_RIL_OEM_HOOK: Oem ID in QCRILHOOK UNSOL RESP is QOEMHOOK
07-09 09:41:39.879  2313  2313 D QtiGsmCdmaPhone: handleMessage: Event: 34
07-09 09:41:39.881  2313  2313 D SST     : pollState: modemTriggered=true
07-09 09:41:39.882  2313  2313 D RILJ    : [3908]> OPERATOR [SUB0]
07-09 09:41:39.883  2313  2313 D RILJ    : [3909]> DATA_REGISTRATION_STATE [SUB0]
07-09 09:41:39.883  2313  2313 D RILJ    : [3910]> VOICE_REGISTRATION_STATE [SUB0]
07-09 09:41:39.883  2313  2313 D RILJ    : [3911]> QUERY_NETWORK_SELECTION_MODE [SUB0]
07-09 09:41:39.884  2313  2313 D use-Rlog/RLOG-QC_RIL_OEM_HOOK: Received Broadcast Intent ACTION_UNSOL_RESPONSE_OEM_HOOK_RAW
07-09 09:41:39.884  2313  2313 D use-Rlog/RLOG-QC_RIL_OEM_HOOK: Oem ID in QCRILHOOK UNSOL RESP is QOEMHOOK
07-09 09:41:39.884  2313  2313 D PhoneSwitcher: handle event - 110
07-09 09:41:39.886  2313  2425 D RILJ    : [3908]< OPERATOR {IND airtel, airtel, 40449} [SUB0]
07-09 09:41:39.891  2313  2425 D RILJ    : [3909]< DATA_REGISTRATION_STATE {.regState = REG_HOME, .rat = 14, .reasonDataDenied = 0, .maxDataCalls = 20, .cellIdentity = {.cellInfoType = LTE, .cellIdentityGsm = [], .cellIdentityWcdma = [], .cellIdentityCdma = [], .cellIdentityLte = [{.mcc = 404, .mnc = 49, .ci = 231622679, .pci = 338, .tac = 50302, .earfcn = 38775}], .cellIdentityTdscdma = []}} [SUB0]
07-09 09:41:39.891  2313  2313 D SST     : handlPollStateResultMessage: GsmSST setDataRegState=0 regState=1 dataRadioTechnology=14
07-09 09:41:39.894  2313  2425 D RILJ    : [3910]< VOICE_REGISTRATION_STATE {.regState = REG_HOME, .rat = 14, .cssSupported = false, .roamingIndicator = 1, .systemIsInPrl = -1, .defaultRoamingIndicator = -1, .reasonForDenial = 0, .cellIdentity = {.cellInfoType = LTE, .cellIdentityGsm = [], .cellIdentityWcdma = [], .cellIdentityCdma = [], .cellIdentityLte = [{.mcc = 404, .mnc = 49, .ci = 231622679, .pci = 338, .tac = 50302, .earfcn = 38775}], .cellIdentityTdscdma = []}} [SUB0]
07-09 09:41:39.895  2313  2313 D SST     : handlPollVoiceRegResultMessage: regState=1 radioTechnology=14
07-09 09:41:39.896  2313  2425 D RILJ    : [3911]< QUERY_NETWORK_SELECTION_MODE {0} [SUB0]
07-09 09:41:39.896  2313  2313 D SST     : EVENT_POLL_STATE_NETWORK_SELECTION_MODE
07-09 09:41:39.897  2313  2313 D SST     : Poll ServiceState done:  oldSS=[{mVoiceRegState=0(IN_SERVICE), mDataRegState=0(IN_SERVICE), mVoiceRoamingType=home, mDataRoamingType=home, mVoiceOperatorAlphaLong=IND airtel, mVoiceOperatorAlphaShort=airtel, mDataOperatorAlphaLong=IND airtel, mDataOperatorAlphaShort=airtel, isManualNetworkSelection=false(automatic), mRilVoiceRadioTechnology=14(LTE), mRilDataRadioTechnology=14(LTE), mCssIndicator=unsupported, mNetworkId=-1, mSystemId=-1, mCdmaRoamingIndicator=-1, mCdmaDefaultRoamingIndicator=-1, mIsEmergencyOnly=false, mIsDataRoamingFromRegistration=false, mIsUsingCarrierAggregation=false, mLteEarfcnRsrpBoost=0}] newSS=[{mVoiceRegState=0(IN_SERVICE), mDataRegState=0(IN_SERVICE), mVoiceRoamingType=home, mDataRoamingType=home, mVoiceOperatorAlphaLong=IND airtel, mVoiceOperatorAlphaShort=airtel, mDataOperatorAlphaLong=IND airtel, mDataOperatorAlphaShort=airtel, isManualNetworkSelection=false(automatic), mRilVoiceRadioTechnology=14(LTE), mRilDataRadioTechnology=14(LTE), mCssIndicator=unsupported, mNetworkId=-1, mSystemId=-1, mCdmaRoamingIndicator=-1, mCdmaDefaultRoamingIndicator=-1, mIsEmergencyOnly=false, mIsDataRoamingFromRegistration=false, mIsUsingCarrierAggregation=false, mLteEarfcnRsrpBoost=0}] oldMaxDataCalls=20 mNewMaxDataCalls=20 oldReasonDataDenied=0 mNewReasonDataDenied=0
07-09 09:41:39.898  2313  2313 D SST     : pollStateDone: hasRegistered=false hasDeregistered=false hasDataAttached=false hasDataDetached=false hasDataRegStateChanged=false hasRilVoiceRadioTechnologyChanged= false hasRilDataRadioTechnologyChanged=false hasChanged=false hasVoiceRoamingOn=false hasVoiceRoamingOff=false hasDataRoamingOn=false hasDataRoamingOff=false hasLocationChanged=false has4gHandoff = false hasMultiApnSupport=false hasLostMultiApnSupport=false
07-09 09:41:39.993  2313  3610 D SubscriptionController: [getSubId]- numSubIds == 0, return DummySubIds slotIndex=1
07-09 09:41:39.993  2313  3610 D QtiSubscriptionController: getPhoneId, received dummy subId 2147483644
07-09 09:41:40.105  2313  2313 D RILJ    : [3912]> RIL_REQUEST_SEND_DEVICE_STATE 2:true [SUB0]
07-09 09:41:40.106  2313  2313 D RILJ    : [3913]> RIL_REQUEST_SET_UNSOLICITED_RESPONSE_FILTER 0 [SUB0]
07-09 09:41:40.108  2313  2313 D RILJ    : [3914]> RIL_REQUEST_SEND_DEVICE_STATE 2:true [SUB1]
07-09 09:41:40.109  2313  2425 D RILJ    : [3912]< RIL_REQUEST_SEND_DEVICE_STATE  [SUB0]
07-09 09:41:40.109  2313  2425 D RILJ    : [3914]< RIL_REQUEST_SEND_DEVICE_STATE  [SUB1]
07-09 09:41:40.110  2313  2313 D RILJ    : [3915]> RIL_REQUEST_SET_UNSOLICITED_RESPONSE_FILTER 0 [SUB1]
07-09 09:41:40.123  1271  1735 E RILQ    : (0/1271): RIL[0][(1271,1735)] qcril_data_toggle_dormancy_indications: qcril_data_toggle_dormancy_indications: EXIT with as calls are not dormant
07-09 09:41:40.124  2313  2425 D RILJ    : [3915]< RIL_REQUEST_SET_UNSOLICITED_RESPONSE_FILTER  [SUB1]
07-09 09:41:40.126  2313  2425 D RILJ    : [3913]< RIL_REQUEST_SET_UNSOLICITED_RESPONSE_FILTER  [SUB0]
07-09 09:41:40.396  2313  2313 D QtiGsmDCT: [0]screen on
07-09 09:41:40.396  2313  2313 D QtiGsmDCT: [0]stopNetStatPoll
07-09 09:41:40.397  2313  2313 D QtiGsmDCT: [0]startNetStatPoll
07-09 09:41:40.401  2313  2313 D QtiGsmDCT: [1]screen on
07-09 09:41:40.401  2313  2313 D QtiGsmDCT: [1]stopNetStatPoll
07-09 09:41:40.401  2313  2313 D SubscriptionController: [getSubId]- numSubIds == 0, return DummySubIds slotIndex=1
07-09 09:41:40.404  2313  2313 D QtiSubscriptionController: getPhoneId, received dummy subId 2147483644
07-09 09:41:40.404  2313  2313 D SubscriptionController: [getSubId]- numSubIds == 0, return DummySubIds slotIndex=1
07-09 09:41:40.405  2313  2313 D QtiSubscriptionController: getPhoneId, received dummy subId 2147483644
07-09 09:41:40.437  2313  2313 D QtiGsmDCT: [0]screen off
07-09 09:41:40.437  2313  2313 D QtiGsmDCT: [0]stopNetStatPoll
07-09 09:41:40.438  2313  2313 D QtiGsmDCT: [0]startNetStatPoll
07-09 09:41:40.441  2313  2313 D QtiGsmDCT: [1]screen off
07-09 09:41:40.441  2313  2313 D QtiGsmDCT: [1]stopNetStatPoll
07-09 09:41:40.442  2313  2313 D SubscriptionController: [getSubId]- numSubIds == 0, return DummySubIds slotIndex=1
07-09 09:41:40.442  2313  2313 D QtiSubscriptionController: getPhoneId, received dummy subId 2147483644
07-09 09:41:40.442  2313  2313 D SubscriptionController: [getSubId]- numSubIds == 0, return DummySubIds slotIndex=1
07-09 09:41:40.443  2313  2313 D QtiSubscriptionController: getPhoneId, received dummy subId 2147483644
07-09 09:41:41.623  2313  2313 D use-Rlog/RLOG-QC_RIL_OEM_HOOK: Starting QcrilMsgTunnel Service
07-09 09:41:41.651  2313  2313 D use-Rlog/RLOG-QC_RIL_OEM_HOOK: Attempt to bind service returned with: true
07-09 09:41:41.653  2313  2313 D use-Rlog/RLOG-QC_RIL_OEM_HOOK: Registering for intent ACTION_UNSOL_RESPONSE_OEM_HOOK_RAW
07-09 09:41:41.653  2313  2313 D use-Rlog/RLOG-QC_RIL_OEM_HOOK: QcrilMsgTunnelService Connected Successfully (onServiceConnected)
07-09 09:41:41.653  2313  2313 D use-Rlog/RLOG-QC_RIL_OEM_HOOK: Calling onQcRilHookReady callback
07-09 09:41:41.665  2313  3610 D use-Rlog/RLOG-QC_RIL_OEM_HOOK: QCRIL send data enable status DONE!
07-09 09:41:41.670  2313  3610 D use-Rlog/RLOG-QC_RIL_OEM_HOOK: QCRIL send data roaming enable status DONE!
07-09 09:41:41.688  2313  2313 D SubscriptionController: [getSubId]- numSubIds == 0, return DummySubIds slotIndex=1
07-09 09:41:41.689  2313  2313 D QtiSubscriptionController: getPhoneId, received dummy subId 2147483644
07-09 09:41:41.690  2313  2313 D SubscriptionController: [getSubId]- numSubIds == 0, return DummySubIds slotIndex=1
07-09 09:41:41.692  2313  3610 D use-Rlog/RLOG-QC_RIL_OEM_HOOK: QCRIL send apn info DONE!
07-09 09:41:41.692  2313  2313 D QtiSubscriptionController: getPhoneId, received dummy subId 2147483644
07-09 09:41:41.693  2313  2313 D QtiSubscriptionController: getPhoneId, received dummy subId 2147483644
07-09 09:41:41.694  2313  3610 D use-Rlog/RLOG-QC_RIL_OEM_HOOK: QCRIL send apn info DONE!
07-09 09:41:41.694  2313  3610 D use-Rlog/RLOG-QC_RIL_OEM_HOOK: QCRIL send apn info DONE!
07-09 09:41:41.698  2313  3610 D use-Rlog/RLOG-QC_RIL_OEM_HOOK: QCRIL send data enable status DONE!
07-09 09:41:41.698  2313  3610 D use-Rlog/RLOG-QC_RIL_OEM_HOOK: QCRIL send data roaming enable status DONE!
07-09 09:41:41.711  2313  2313 D SubscriptionController: [getSubId]- numSubIds == 0, return DummySubIds slotIndex=1
07-09 09:41:41.711  2313  2313 D QtiSubscriptionController: getPhoneId, received dummy subId 2147483644
07-09 09:41:41.712  2313  3610 D use-Rlog/RLOG-QC_RIL_OEM_HOOK: QCRIL send apn info DONE!
07-09 09:41:41.714  2313  3358 D use-Rlog/RLOG-QC_RIL_OEM_HOOK: QCRIL send apn info DONE!
07-09 09:41:41.715  2313  3610 D use-Rlog/RLOG-QC_RIL_OEM_HOOK: QCRIL send apn info DONE!
07-09 09:41:41.724  2313  3610 D use-Rlog/RLOG-QC_RIL_OEM_HOOK: QCRIL send data enable status DONE!
07-09 09:41:41.725  2313  3610 D use-Rlog/RLOG-QC_RIL_OEM_HOOK: QCRIL send data roaming enable status DONE!
07-09 09:41:41.735  2313  2313 D SubscriptionController: [getSubId]- numSubIds == 0, return DummySubIds slotIndex=1
07-09 09:41:41.736  2313  3610 D use-Rlog/RLOG-QC_RIL_OEM_HOOK: QCRIL send apn info DONE!
07-09 09:41:41.737  2313  2313 D QtiSubscriptionController: getPhoneId, received dummy subId 2147483644
07-09 09:41:41.741  2313  3610 D use-Rlog/RLOG-QC_RIL_OEM_HOOK: QCRIL send apn info DONE!
07-09 09:41:41.741  2313  3610 D use-Rlog/RLOG-QC_RIL_OEM_HOOK: QCRIL send apn info DONE!
07-09 09:41:41.812  2313  3610 D SubscriptionController: [getPhoneId] asked for default subId=1
07-09 09:41:53.819  2313  3610 D SubscriptionController: [getPhoneId] asked for default subId=1
07-09 09:41:55.185  5271  5271 I ImsManager: Creating ImsService using ImsResolver
07-09 09:41:55.314  2313  3610 D SubscriptionController: [getPhoneId]- subId=0 not found return default phoneId=0
07-09 09:41:55.343  2313  3610 D SubscriptionController: [getActiveSubscriptionInfoForSimSlotIndex]+ slotIndex=0 subId={id=1, iccId=899100090[****] simSlotIndex=0 displayName=airtel carrierName=airtel nameSource=0 iconTint=-16746133 dataRoaming=0 iconBitmap=android.graphics.Bitmap@5d40a0a mcc 404 mnc 49 isEmbedded false accessRules null}
07-09 09:41:55.391  5054  5069 D IccProvider: [IccProvider] query
07-09 09:41:55.391  5054  5069 D IccProvider: [IccProvider] getRequestSubId url: content://icc/adn/subId/1
07-09 09:41:55.391  5054  5069 D IccProvider: [IccProvider] loadFromEf: efType=0x6F3A, subscription=1
