07-10 11:55:55.204   812  1443 I mm-camera: <MCT   >< INFO> 5150: mct_pipeline_start_session_thread: Module isp start_session rc = 1
07-10 11:55:55.204   812  1443 I mm-camera: <MCT   >< INFO> 5158: mct_pipeline_start_session_thread: started_num = 5, success = 5
07-10 11:55:55.204   812  1443 I mm-camera: <MCT   >< INFO> 5165: mct_pipeline_start_session_thread: X isp
07-10 11:55:55.212   812  1455 I mm-camera: <MCT   >< INFO> 5150: mct_pipeline_start_session_thread: Module pproc start_session rc = 1
07-10 11:55:55.212   812  1455 I mm-camera: <MCT   >< INFO> 5158: mct_pipeline_start_session_thread: started_num = 6, success = 6
07-10 11:55:55.212   812  1455 I mm-camera: <MCT   >< INFO> 5165: mct_pipeline_start_session_thread: X pproc
07-10 11:55:55.215  1420  1420 W XTIA    : [XTIA] wifi: 1, ap cell: 0, modem cell need ap: 1, waa: 0
07-10 11:55:55.215  1420  1420 W XTIA    : 	sstp: 0
07-10 11:55:55.222   812   812 I mm-camera: <MCT   >< INFO> 5061: mct_pipeline_start_stream_internal: Adding session stream streamid= 0xf for session=3
07-10 11:55:55.222   812   812 I mm-camera: <MCT   >< INFO> 5109: mct_pipeline_start_stream_internal: Linking session stream for session 3
07-10 11:55:55.222   812   812 I mm-camera: <MCT   >< INFO> 525: mct_stream_start_link: Start linking Session-stream 0x3000f
07-10 11:55:55.222   812   812 I mm-camera: <ISP   >< INFO> 849: isp_port_check_caps_reserve: port 0xf63f5f40 ide 3000f type 10 dim 0 0
07-10 11:55:55.222   812   812 I mm-camera: <PPROC >< INFO> 449: pproc_port_add_modules_to_stream: in identity 3000f stream 10 int_link = 0xf638e800
07-10 11:55:55.222   812   812 I mm-camera: <PPROC >< INFO> 461: pproc_port_add_modules_to_stream: :LINK linking mods tmod and paaf for identity 3000f
07-10 11:55:55.223   812   812 I mm-camera: <PPROC >< INFO> 461: pproc_port_add_modules_to_stream: :LINK linking mods paaf and sat for identity 3000f
07-10 11:55:55.224   812   812 I mm-camera: <PPROC >< INFO> 461: pproc_port_add_modules_to_stream: :LINK linking mods sat and sac for identity 3000f
07-10 11:55:55.225  1304  1304 I Netd    : Disabling bandwidth control: 21.9ms
07-10 11:55:55.225  1399  1399 I update_engine: [0710/115555:INFO:main.cc(113)] Chrome OS Update Engine starting
07-10 11:55:55.230  1304  1304 I Netd    : Initializing RouteController: 5.1ms
07-10 11:55:55.231  1304  1304 E Netd    : Unable to create netlink socket: Protocol not supported
07-10 11:55:55.231  1304  1304 W Netd    : Unable to open qlog quota socket, check if xt_quota2 can send via UeventHandler
07-10 11:55:55.232  1304  1304 D MDnsDS  : MDnsSdListener::Hander starting up
07-10 11:55:55.232  1399  1399 I update_engine: [0710/115555:INFO:boot_control_android.cc(65)] Loaded boot control hidl hal.
07-10 11:55:55.232  1399  1399 I update_engine: [0710/115555:INFO:daemon_state_android.cc(43)] Booted in dev mode.
07-10 11:55:55.244   812   812 I mm-camera: <PPROC >< INFO> 461: pproc_port_add_modules_to_stream: :LINK linking mods sac and ppeiscore for identity 3000f
07-10 11:55:55.246   812   812 I mm-camera: <PPROC >< INFO> 461: pproc_port_add_modules_to_stream: :LINK linking mods ppeiscore and c2d for identity 3000f
07-10 11:55:55.246   812   812 I mm-camera: <C2D   >< INFO> 1557: c2d_module_notify_add_stream: width 0, height 0, stride 0, scanline 0, is_type 0
07-10 11:55:55.246   812   812 I mm-camera: <PPROC >< INFO> 461: pproc_port_add_modules_to_stream: :LINK linking mods c2d and cpp for identity 3000f
07-10 11:55:55.246   812   812 I mm-camera: <CPP   >< INFO> 2389: cpp_module_notify_add_stream: :stream 10, width 0, height 0, stride 0,scanline 0, framelen 0
07-10 11:55:55.246   812   812 I mm-camera: <CPP   >< INFO> 2546: cpp_module_notify_add_stream: : stream 10, fmt 1, asf_mode 0, sharpness_level 0.000000,asf mask 0, denoise 0, denoise_mask 0, dsdn mask 0,dsdn enable 0, tnr mask 0, tnr enable 0, ds_mask 0, luma dsdn 0
07-10 11:55:55.246   812   812 I mm-camera: <PPROC >< INFO> 461: pproc_port_add_modules_to_stream: :LINK linking mods cpp and rtbdm for identity 3000f
07-10 11:55:55.246  1304  1491 D MDnsDS  : MDnsSdListener starting to monitor
07-10 11:55:55.246  1304  1491 D MDnsDS  : Going to poll with pollCount 1
07-10 11:55:55.246   812   812 I mm-camera: <PPROC >< INFO> 461: pproc_port_add_modules_to_stream: :LINK linking mods rtbdm and depth_map for identity 3000f
07-10 11:55:55.247   812   812 I mm-camera: <PPROC >< INFO> 461: pproc_port_add_modules_to_stream: :LINK linking mods depth_map and rtb for identity 3000f
07-10 11:55:55.248   812   812 I mm-camera: <PPROC >< INFO> 461: pproc_port_add_modules_to_stream: :LINK linking mods rtb and ezt for identity 3000f
07-10 11:55:55.248   812   812 I mm-camera: <PPROC >< INFO> 461: pproc_port_add_modules_to_stream: :LINK linking mods ezt and quadracfa for identity 3000f
07-10 11:55:55.248   812   812 E mm-camera: <STATS ><ERROR> 3011: stats_port_check_caps_reserve: Invalid Port capability type!
07-10 11:55:55.248   812   812 I chatty  : uid=1047(cameraserver) provider@2.4-se identical 3 lines
07-10 11:55:55.248   812   812 E mm-camera: <STATS ><ERROR> 3011: stats_port_check_caps_reserve: Invalid Port capability type!
07-10 11:55:55.249  1304  1304 I Netd    : Registering NetdNativeService: 16.2ms
07-10 11:55:55.249  1304  1304 I Netd    : Starting CommandListener: 0.3ms
07-10 11:55:55.250   812   812 I mm-camera: <MCT   >< INFO> 5118: mct_pipeline_start_stream_internal: Session stream linked successfully session 3
07-10 11:55:55.253  1309  1309 W MediaCodecsXmlParser: unable to open media codecs configuration xml file: /data/misc/media/media_codecs_profiling_results.xml
07-10 11:55:55.253  1309  1309 W MediaCodecsXmlParser: parseTopLevelXMLFile(/data/misc/media/media_codecs_profiling_results.xml) failed
07-10 11:55:55.253  1309  1309 E MediaCodecsXmlParser: Role video_decoder.mpeg4 has mismatching types: video/mp4v-es and video/mp4v-esdp
07-10 11:55:55.254  1309  1309 I ServiceManagement: Removing namespace from process name android.hardware.media.omx@1.0-service to omx@1.0-service.
07-10 11:55:55.258  1304  1304 I Netd    : Registering NetdHwService: 8.7ms
07-10 11:55:55.258  1304  1304 I Netd    : Netd started in 310ms
07-10 11:55:55.265  1403  1403 W ADebug  : Failed to get property persist.sys.media.traces
07-10 11:55:55.267  1403  1403 I DolbyMemoryService: onFirstRef 
07-10 11:55:55.268  1403  1403 I ServiceManagement: Removing namespace from process name vendor.dolby.hardware.dms@1.0-service to dms@1.0-service.
07-10 11:55:55.269   812   812 I mm-camera: <MCT   >< INFO> 118: mct_controller_new: Creating new mct_controller with session-id 4
07-10 11:55:55.271  1403  1403 I DolbyMemorySvc: Registered IDms vendor service success!
07-10 11:55:55.272  1423  1423 D LocSvc_LBSProxy: checkIfLocationExtendedClientExists] File Exists
07-10 11:55:55.273   812  1518 I mm-camera: <MCT   >< INFO> 5140: mct_pipeline_start_session_thread: E sensor
07-10 11:55:55.279   812  1518 I mm-camera: <MCT   >< INFO> 5147: mct_pipeline_start_session_thread: Calling start_session on Module sensor
07-10 11:55:55.283  1423  1510 I LocSvc_api_v02: locClientOpen:1945]: Service instance id is -1
07-10 11:55:55.283  1423  1510 I LocSvc_api_v02: ---> locClientOpenInstance line 1828 loc client open
07-10 11:55:55.284  1442  1442 I IPAHALService: makeIPAHAL(1, provided)
07-10 11:55:55.285  1423  1510 E QMI_FW  : QMUXD: WARNING qmi_qmux_if_pwr_up_init failed! rc=-6
07-10 11:55:55.286  1423  1510 I LocSvc_api_v02: ---> locClientSendReq line 2102 QMI_LOC_REG_EVENTS_REQ_V02
07-10 11:55:55.287   812  1519 I mm-camera: <MCT   >< INFO> 5140: mct_pipeline_start_session_thread: E iface
07-10 11:55:55.287   812  1519 I mm-camera: <MCT   >< INFO> 5147: mct_pipeline_start_session_thread: Calling start_session on Module iface
07-10 11:55:55.288  1442  1442 I IPAHALService: Successfully registered IOffloadControl
07-10 11:55:55.290  1442  1442 I IPAHALService: Successfully registered IOffloadConfig
07-10 11:55:55.292  1423  1510 I LocSvc_api_v02: ---> locClientSupportMsgCheck line 2221 QMI_LOC_GET_SUPPORTED_MSGS_REQ_V02
07-10 11:55:55.292  1423  1510 I LocSvc_api_v02: ---> locClientSendReq line 2102 QMI_LOC_QUERY_AON_CONFIG_REQ_V02
07-10 11:55:55.296   812  1525 I mm-camera: <MCT   >< INFO> 5140: mct_pipeline_start_session_thread: E isp
07-10 11:55:55.296   812  1525 I mm-camera: <MCT   >< INFO> 5147: mct_pipeline_start_session_thread: Calling start_session on Module isp
07-10 11:55:55.296   812  1525 I mm-camera: <ISP   >< INFO> 210: isp_module_start_session: session id 4 
07-10 11:55:55.300   812  1525 I mm-camera: <MCT   >< INFO> 5150: mct_pipeline_start_session_thread: Module isp start_session rc = 1
07-10 11:55:55.300   812  1525 I mm-camera: <MCT   >< INFO> 5158: mct_pipeline_start_session_thread: started_num = 1, success = 1
07-10 11:55:55.300   812  1525 I mm-camera: <MCT   >< INFO> 5165: mct_pipeline_start_session_thread: X isp
07-10 11:55:55.300   812  1519 I mm-camera: <MCT   >< INFO> 5150: mct_pipeline_start_session_thread: Module iface start_session rc = 1
07-10 11:55:55.301   812  1519 I mm-camera: <MCT   >< INFO> 5158: mct_pipeline_start_session_thread: started_num = 2, success = 2
07-10 11:55:55.301   812  1519 I mm-camera: <MCT   >< INFO> 5165: mct_pipeline_start_session_thread: X iface
07-10 11:55:55.302  1423  1524 I LocSvc_ApiV02: <--- globalRespCb line 141 QMI_LOC_QUERY_AON_CONFIG_REQ_V02
07-10 11:55:55.302  1423  1510 I LocSvc_api_v02: ---> locClientSendReq line 2102 QMI_LOC_GET_SUPPORTED_FEATURE_REQ_V02
07-10 11:55:55.303  1292  1292 W ADebug  : Failed to get property persist.sys.media.traces
07-10 11:55:55.303  1423  1524 I LocSvc_ApiV02: <--- globalRespCb line 141 QMI_LOC_GET_SUPPORTED_FEATURE_REQ_V02
07-10 11:55:55.303  1423  1510 I LocSvc_api_v02: ---> locClientSendReq line 2102 QMI_LOC_SET_GNSS_CONSTELL_REPORT_CONFIG_V02
07-10 11:55:55.307  1421  1421 D LocSvc_LBSProxy: checkIfLocationExtendedClientExists] File Exists
07-10 11:55:55.308  1421  1421 D XTCC-6.1.2.10-a: [CCC-Main] config loaded 1
07-10 11:55:55.308  1421  1421 W XTCC-6.1.2.10-a: [CCC-Main] wifi: 1, ap cell: 0, modem cell need ap: 1, waa: 0
07-10 11:55:55.308  1421  1421 W XTCC-6.1.2.10-a: 	sstp: 0, tdp upload: 0, tdp download: 0
07-10 11:55:55.308  1421  1421 W XTCC-6.1.2.10-a: 	asn uri version 0
07-10 11:55:55.314   812  1531 I mm-camera: <MCT   >< INFO> 5140: mct_pipeline_start_session_thread: E stats
07-10 11:55:55.314   812  1518 I mm-camera: <MCT   >< INFO> 5150: mct_pipeline_start_session_thread: Module sensor start_session rc = 1
07-10 11:55:55.315  1423  1524 I LocSvc_ApiV02: <--- globalRespCb line 141 QMI_LOC_SET_GNSS_CONSTELL_REPORT_CONFIG_V02
07-10 11:55:55.315   812  1518 I mm-camera: <MCT   >< INFO> 5158: mct_pipeline_start_session_thread: started_num = 3, success = 3
07-10 11:55:55.315   812  1531 I mm-camera: <MCT   >< INFO> 5147: mct_pipeline_start_session_thread: Calling start_session on Module stats
07-10 11:55:55.315   812  1518 I mm-camera: <MCT   >< INFO> 5165: mct_pipeline_start_session_thread: X sensor
07-10 11:55:55.315   812  1531 I DmbrContextAPI: VIDHANCE dmbr_create_context user=0xe6d743c0
07-10 11:55:55.320  1423  1510 I LocSvc_api_v02: ---> locClientSendReq line 2102 QMI_LOC_SET_PREMIUM_SERVICES_CONFIG_REQ_V02
07-10 11:55:55.324  1423  1524 I LocSvc_ApiV02: <--- globalRespCb line 141 QMI_LOC_SET_PREMIUM_SERVICES_CONFIG_REQ_V02
07-10 11:55:55.324  1423  1510 I LocSvc_api_v02: ---> locClientSendReq line 2102 QMI_LOC_SET_PREMIUM_SERVICES_CONFIG_REQ_V02
07-10 11:55:55.326   812  1531 I mm-camera: <MCT   >< INFO> 5150: mct_pipeline_start_session_thread: Module stats start_session rc = 1
07-10 11:55:55.326   812  1531 I mm-camera: <MCT   >< INFO> 5158: mct_pipeline_start_session_thread: started_num = 4, success = 4
07-10 11:55:55.326   812  1531 I mm-camera: <MCT   >< INFO> 5165: mct_pipeline_start_session_thread: X stats
07-10 11:55:55.328  1306  1306 E wificond: Failed to get wiphy indices
07-10 11:55:55.334  1423  1524 I LocSvc_ApiV02: <--- globalRespCb line 141 QMI_LOC_SET_PREMIUM_SERVICES_CONFIG_REQ_V02
07-10 11:55:55.334   812  1536 I mm-camera: <MCT   >< INFO> 5140: mct_pipeline_start_session_thread: E pproc
07-10 11:55:55.334   812  1536 I mm-camera: <MCT   >< INFO> 5147: mct_pipeline_start_session_thread: Calling start_session on Module pproc
07-10 11:55:55.335   812  1536 I mm-camera: <MCT   >< INFO> 5150: mct_pipeline_start_session_thread: Module pproc start_session rc = 1
07-10 11:55:55.335   812  1536 I mm-camera: <MCT   >< INFO> 5158: mct_pipeline_start_session_thread: started_num = 5, success = 5
07-10 11:55:55.335   812  1536 I mm-camera: <MCT   >< INFO> 5165: mct_pipeline_start_session_thread: X pproc
07-10 11:55:55.336  1423  1510 I LocSvc_api_v02: ---> locClientSendReq line 2102 QMI_LOC_SET_PREMIUM_SERVICES_CONFIG_REQ_V02
07-10 11:55:55.339  1423  1524 I LocSvc_ApiV02: <--- globalRespCb line 141 QMI_LOC_SET_PREMIUM_SERVICES_CONFIG_REQ_V02
07-10 11:55:55.339  1422  1422 D LocSvc_LBSProxy: checkIfLocationExtendedClientExists] File Exists
07-10 11:55:55.341  1374  1374 D QSEECOMAPI: Loaded image: APP id = 131074
07-10 11:55:55.341  1401  1401 D QSEECOMAPI: App is not loaded in QSEE
07-10 11:55:55.343   812  1539 I mm-camera: <MCT   >< INFO> 5140: mct_pipeline_start_session_thread: E imglib
07-10 11:55:55.343   812  1539 I mm-camera: <MCT   >< INFO> 5147: mct_pipeline_start_session_thread: Calling start_session on Module imglib
07-10 11:55:55.343   812  1539 I mm-camera: <MCT   >< INFO> 5150: mct_pipeline_start_session_thread: Module imglib start_session rc = 1
07-10 11:55:55.343   812  1539 I mm-camera: <MCT   >< INFO> 5158: mct_pipeline_start_session_thread: started_num = 6, success = 6
07-10 11:55:55.343   812  1539 I mm-camera: <MCT   >< INFO> 5165: mct_pipeline_start_session_thread: X imglib
07-10 11:55:55.350  1401  1401 D QSEECOMAPI: app_arch = 1, total_files = 9
07-10 11:55:55.359  1374  1374 I seemp_healthd: TA started: dhsecapp
07-10 11:55:55.359  1374  1374 D QSEECOMAPI: QSEECom_get_handle sb_length = 0x2000
07-10 11:55:55.359  1374  1374 D QSEECOMAPI: App is not loaded in QSEE
07-10 11:55:55.360  1422  1541 E libsensor1: check_sensors_enabled: Sensors enabled = true
07-10 11:55:55.361  1422  1541 E Diag_Lib:  Diag_LSM_Init: Failed to open handle to diag driver, error = 13
07-10 11:55:55.362  1422  1422 I slim_daemon: [QMISLIM] slim_QSQmiSvcTask_Init: QMI-SLIM Service Task Initialized
07-10 11:55:55.364  1422  1422 E         : open failed: /target: No such file or directory
07-10 11:55:55.364  1422  1422 W         : HAL: loc_get_target returned 3
07-10 11:55:55.365  1422  1422 I slim_daemon: [SLIM] slim_ProviderConfigure: Updated available providers for service 0: 00000001.
07-10 11:55:55.365  1422  1422 I slim_daemon: [SLIM] slim_ProviderConfigure: Updated available providers for service 1: 00000001.
07-10 11:55:55.365  1422  1422 I slim_daemon: [SLIM] slim_ProviderConfigure: Updated available providers for service 2: 00000001.
07-10 11:55:55.365  1422  1422 I slim_daemon: [SLIM] slim_ProviderConfigure: Updated available providers for service 3: 00000001.
07-10 11:55:55.365  1422  1422 I slim_daemon: [SLIM] slim_ProviderConfigure: Updated available providers for service 7: 00000001.
07-10 11:55:55.365  1422  1422 I slim_daemon: [SLIM] slim_ProviderConfigure: Updated available providers for service 8: 00000001.
07-10 11:55:55.365  1422  1422 I slim_daemon: [SLIM] slim_ProviderConfigure: Updated available providers for service 13: 00000001.
07-10 11:55:55.365  1422  1422 I slim_daemon: [SLIM] slim_ProviderConfigure: Updated available providers for service 14: 00000001.
07-10 11:55:55.365  1422  1422 I slim_daemon: [SLIM] slim_ProviderConfigure: Updated available providers for service 16: 00000001.
07-10 11:55:55.367  1374  1374 D QSEECOMAPI: app_arch = 2, total_files = 9
07-10 11:55:55.374  1422  1422 I slim_daemon: [QMISLIM] QSQmiSvcTaskSvcCb_Open: Forwarding open request: flags=2 client_id=2 peer=1
07-10 11:55:55.374  1422  1422 I slim_daemon: [QMISLIM] slim_QSQmiSvcTask_HandleIpc: IPC_SLIM_QS_TO_TASK_SLIM_CALLBACK_MSG
07-10 11:55:55.376  1422  1546 I LocSvc_api_v02: locClientOpen:1945]: Service instance id is -1
07-10 11:55:55.376  1422  1546 I LocSvc_api_v02: ---> locClientOpenInstance line 1828 loc client open
07-10 11:55:55.380  1309  1309 D vndksupport: Loading libllvm-qcom.so from current namespace instead of sphal namespace.
07-10 11:55:55.380  1422  1546 E QMI_FW  : QMUXD: WARNING qmi_qmux_if_pwr_up_init failed! rc=-6
07-10 11:55:55.381  1422  1546 I LocSvc_api_v02: ---> locClientSendReq line 2102 QMI_LOC_REG_EVENTS_REQ_V02
07-10 11:55:55.385  1422  1546 I LocSvc_api_v02: ---> locClientSupportMsgCheck line 2221 QMI_LOC_GET_SUPPORTED_MSGS_REQ_V02
07-10 11:55:55.387   812   812 I mm-camera: <MCT   >< INFO> 5061: mct_pipeline_start_stream_internal: Adding session stream streamid= 0xf for session=4
07-10 11:55:55.387  1421  1421 E XTCC-6.1.2.10-a: [NvParamMgr] getNvDataBlob, nv item GTP_WWAN_SUPPORTED_AIR_INTERFACE_TYPES not found
07-10 11:55:55.388  1421  1421 E XTCC-6.1.2.10-a: [StorageMgr] init tile_folder = /data/vendor/location/xtwifi
07-10 11:55:55.388  1421  1421 E XTCC-6.1.2.10-a: [FTFile] wakeLockAcquireOrRelease: open error: 13, Permission denied
07-10 11:55:55.389  1421  1421 E XTCC-6.1.2.10-a: [FTFile] wakeLockAcquireOrRelease: open error: 13, Permission denied
07-10 11:55:55.389  1421  1421 E XTCC-6.1.2.10-a: [CacheMgr] populateSavedBalacklistedAps: failed: 101
07-10 11:55:55.389  1421  1421 E XTCC-6.1.2.10-a: [NvParamMgr] getNvDataBlob, nv item GTP_WIFI_POSITIONING_DOWNLOAD_STATS not found
07-10 11:55:55.389  1421  1421 E XTCC-6.1.2.10-a: [NvParamMgr] getNvDataBlob, nv item GTP_WIFI_POSITIONING_DOWNLOAD_BUDGET not found
07-10 11:55:55.392  1422  1546 I LocSvc_api_v02: ---> locClientSendReq line 2102 QMI_LOC_QUERY_AON_CONFIG_REQ_V02
07-10 11:55:55.393  1422  1549 I LocSvc_ApiV02: <--- globalRespCb line 141 QMI_LOC_QUERY_AON_CONFIG_REQ_V02
07-10 11:55:55.393  1422  1546 I LocSvc_api_v02: ---> locClientSendReq line 2102 QMI_LOC_GET_SUPPORTED_FEATURE_REQ_V02
07-10 11:55:55.394   812   812 I mm-camera: <MCT   >< INFO> 5109: mct_pipeline_start_stream_internal: Linking session stream for session 4
07-10 11:55:55.395   812   812 I mm-camera: <MCT   >< INFO> 525: mct_stream_start_link: Start linking Session-stream 0x4000f
07-10 11:55:55.395   812   812 I mm-camera: <IFACE >< INFO> 344: iface_util_find_primary_cid: iface_util_find_primary_cid:344 error cannot find primary sensor format cids 1
07-10 11:55:55.395   812   812 E mm-camera: <IFACE ><ERROR> 638: iface_reserve_src_port: iface_reserve_src_port: port not created! port state = 1
07-10 11:55:55.395   812   812 I mm-camera: <ISP   >< INFO> 849: isp_port_check_caps_reserve: port 0xf63f6080 ide 4000f type 10 dim 0 0
07-10 11:55:55.395   812   812 I mm-camera: <PPROC >< INFO> 449: pproc_port_add_modules_to_stream: in identity 4000f stream 10 int_link = 0xf638ea80
07-10 11:55:55.395   812   812 I mm-camera: <PPROC >< INFO> 461: pproc_port_add_modules_to_stream: :LINK linking mods tmod and paaf for identity 4000f
07-10 11:55:55.396   812   812 I mm-camera: <PPROC >< INFO> 461: pproc_port_add_modules_to_stream: :LINK linking mods paaf and sat for identity 4000f
07-10 11:55:55.397   812   812 I mm-camera: <PPROC >< INFO> 461: pproc_port_add_modules_to_stream: :LINK linking mods sat and sac for identity 4000f
07-10 11:55:55.398   812   812 I mm-camera: <PPROC >< INFO> 461: pproc_port_add_modules_to_stream: :LINK linking mods sac and ppeiscore for identity 4000f
07-10 11:55:55.400   812   812 I mm-camera: <PPROC >< INFO> 461: pproc_port_add_modules_to_stream: :LINK linking mods ppeiscore and c2d for identity 4000f
07-10 11:55:55.400   812   812 I mm-camera: <C2D   >< INFO> 1557: c2d_module_notify_add_stream: width 0, height 0, stride 0, scanline 0, is_type 0
07-10 11:55:55.400   812   812 I mm-camera: <PPROC >< INFO> 461: pproc_port_add_modules_to_stream: :LINK linking mods c2d and cpp for identity 4000f
07-10 11:55:55.400   812   812 I mm-camera: <CPP   >< INFO> 2389: cpp_module_notify_add_stream: :stream 10, width 0, height 0, stride 0,scanline 0, framelen 0
07-10 11:55:55.400   812   812 I mm-camera: <CPP   >< INFO> 2546: cpp_module_notify_add_stream: : stream 10, fmt 1, asf_mode 0, sharpness_level 0.000000,asf mask 0, denoise 0, denoise_mask 0, dsdn mask 0,dsdn enable 0, tnr mask 0, tnr enable 0, ds_mask 0, luma dsdn 0
07-10 11:55:55.400   812   812 I mm-camera: <PPROC >< INFO> 461: pproc_port_add_modules_to_stream: :LINK linking mods cpp and rtbdm for identity 4000f
07-10 11:55:55.400  1423  1510 I LocSvc_api_v02: ---> locClientSendReq line 2102 QMI_LOC_REG_EVENTS_REQ_V02
07-10 11:55:55.401  1421  1550 I LocSvc_api_v02: locClientOpen:1945]: Service instance id is -1
07-10 11:55:55.401   812   812 I mm-camera: <PPROC >< INFO> 461: pproc_port_add_modules_to_stream: :LINK linking mods rtbdm and depth_map for identity 4000f
07-10 11:55:55.401  1421  1550 I LocSvc_api_v02: ---> locClientOpenInstance line 1828 loc client open
07-10 11:55:55.403  1422  1549 I LocSvc_ApiV02: <--- globalRespCb line 141 QMI_LOC_GET_SUPPORTED_FEATURE_REQ_V02
07-10 11:55:55.403  1422  1546 I LocSvc_api_v02: ---> locClientSendReq line 2102 QMI_LOC_SET_GNSS_CONSTELL_REPORT_CONFIG_V02
07-10 11:55:55.404  1421  1550 E QMI_FW  : QMUXD: WARNING qmi_qmux_if_pwr_up_init failed! rc=-6
07-10 11:55:55.405  1421  1550 I LocSvc_api_v02: ---> locClientSendReq line 2102 QMI_LOC_REG_EVENTS_REQ_V02
07-10 11:55:55.406  1422  1549 I LocSvc_ApiV02: <--- globalRespCb line 141 QMI_LOC_SET_GNSS_CONSTELL_REPORT_CONFIG_V02
07-10 11:55:55.406  1422  1546 I LocSvc_api_v02: ---> locClientSendReq line 2102 QMI_LOC_SET_PREMIUM_SERVICES_CONFIG_REQ_V02
07-10 11:55:55.407  1421  1421 E XTCC-6.1.2.10-a: [NvParamMgr] getNvDataBlob, nv item GTP_FDAL_ENABLEMENT_CONTROL not found
07-10 11:55:55.407  1421  1421 E XTCC-6.1.2.10-a: [FDAL_Manager] init: failed to retrieve WLAN_FDAL_ENABLEMENT_CONTROL, default true
07-10 11:55:55.409  1422  1549 I LocSvc_ApiV02: <--- globalRespCb line 141 QMI_LOC_SET_PREMIUM_SERVICES_CONFIG_REQ_V02
07-10 11:55:55.409  1422  1546 I LocSvc_api_v02: ---> locClientSendReq line 2102 QMI_LOC_SET_PREMIUM_SERVICES_CONFIG_REQ_V02
07-10 11:55:55.410  1422  1549 I LocSvc_ApiV02: <--- globalRespCb line 141 QMI_LOC_SET_PREMIUM_SERVICES_CONFIG_REQ_V02
07-10 11:55:55.410  1422  1546 I LocSvc_api_v02: ---> locClientSendReq line 2102 QMI_LOC_SET_PREMIUM_SERVICES_CONFIG_REQ_V02
07-10 11:55:55.411  1422  1549 I LocSvc_ApiV02: <--- globalRespCb line 141 QMI_LOC_SET_PREMIUM_SERVICES_CONFIG_REQ_V02
07-10 11:55:55.411   812   812 I mm-camera: <PPROC >< INFO> 461: pproc_port_add_modules_to_stream: :LINK linking mods depth_map and rtb for identity 4000f
07-10 11:55:55.412  1422  1546 I LocSvc_api_v02: ---> locClientSendReq line 2102 QMI_LOC_REG_EVENTS_REQ_V02
07-10 11:55:55.412   812   812 I mm-camera: <PPROC >< INFO> 461: pproc_port_add_modules_to_stream: :LINK linking mods rtb and ezt for identity 4000f
07-10 11:55:55.412   812   812 I mm-camera: <PPROC >< INFO> 461: pproc_port_add_modules_to_stream: :LINK linking mods ezt and quadracfa for identity 4000f
07-10 11:55:55.414  1421  1421 E XTCC-6.1.2.10-a: [FTFile] wakeLockAcquireOrRelease: open error: 13, Permission denied
07-10 11:55:55.415  1292  1292 I cameraserver: ServiceManager: 0xedc98960
07-10 11:55:55.415  1292  1292 I CameraService: CameraService started (pid=1292)
07-10 11:55:55.415   812   812 E mm-camera: <STATS ><ERROR> 3011: stats_port_check_caps_reserve: Invalid Port capability type!
07-10 11:55:55.415  1292  1292 I CameraService: CameraService process starting
07-10 11:55:55.415   812   812 I chatty  : uid=1047(cameraserver) provider@2.4-se expire 2 lines
07-10 11:55:55.415   812   812 E mm-camera: <STATS ><ERROR> 3011: stats_port_check_caps_reserve: Invalid Port capability type!
07-10 11:55:55.415  1292  1292 W BatteryNotifier: batterystats service unavailable!
07-10 11:55:55.415  1292  1292 W BatteryNotifier: batterystats service unavailable!
07-10 11:55:55.420  1421  1550 I LocSvc_api_v02: ---> locClientSupportMsgCheck line 2221 QMI_LOC_GET_SUPPORTED_MSGS_REQ_V02
07-10 11:55:55.421   812   812 I mm-camera: <MCT   >< INFO> 5118: mct_pipeline_start_stream_internal: Session stream linked successfully session 4
07-10 11:55:55.422  1421  1550 I LocSvc_api_v02: ---> locClientSendReq line 2102 QMI_LOC_QUERY_AON_CONFIG_REQ_V02
07-10 11:55:55.423  1421  1555 I LocSvc_ApiV02: <--- globalRespCb line 141 QMI_LOC_QUERY_AON_CONFIG_REQ_V02
07-10 11:55:55.423  1421  1550 I LocSvc_api_v02: ---> locClientSendReq line 2102 QMI_LOC_GET_SUPPORTED_FEATURE_REQ_V02
07-10 11:55:55.424  1421  1555 I LocSvc_ApiV02: <--- globalRespCb line 141 QMI_LOC_GET_SUPPORTED_FEATURE_REQ_V02
07-10 11:55:55.424  1421  1550 I LocSvc_api_v02: ---> locClientSendReq line 2102 QMI_LOC_SET_GNSS_CONSTELL_REPORT_CONFIG_V02
07-10 11:55:55.435   812  1428 I mm-camera: <MCT   >< INFO> 2216: mct_pipeline_append_fps_entry:  Added hal_table[0]: (7.000000, 30.000000)
07-10 11:55:55.435   812  1428 I mm-camera: <MCT   >< INFO> 2229: mct_pipeline_append_fps_entry:  Added hal_table[1]: (30.000000, 30.000000)
07-10 11:55:55.435   812  1428 I mm-camera: <MCT   >< INFO> 3462: mct_pipeline_fill_dimensions_snapshot: Cam 0: FPS range selection complete. Publishing 2 ranges.
07-10 11:55:55.436   812  1514 I mm-camera: <MCT   >< INFO> 2216: mct_pipeline_append_fps_entry:  Added hal_table[0]: (7.000000, 30.000000)
07-10 11:55:55.436   812  1514 I mm-camera: <MCT   >< INFO> 2229: mct_pipeline_append_fps_entry:  Added hal_table[1]: (30.000000, 30.000000)
07-10 11:55:55.436  1421  1555 I LocSvc_ApiV02: <--- globalRespCb line 141 QMI_LOC_SET_GNSS_CONSTELL_REPORT_CONFIG_V02
07-10 11:55:55.436   812  1514 I mm-camera: <MCT   >< INFO> 3462: mct_pipeline_fill_dimensions_snapshot: Cam 2: FPS range selection complete. Publishing 2 ranges.
07-10 11:55:55.437  1421  1550 I LocSvc_api_v02: ---> locClientSendReq line 2102 QMI_LOC_SET_PREMIUM_SERVICES_CONFIG_REQ_V02
07-10 11:55:55.437   812   812 I mm-camera: <MCT   >< INFO> 310: mct_controller_destroy: Initiating destroy sequence for session = 4
07-10 11:55:55.437  1421  1555 I LocSvc_ApiV02: <--- globalRespCb line 141 QMI_LOC_SET_PREMIUM_SERVICES_CONFIG_REQ_V02
07-10 11:55:55.437  1421  1550 I LocSvc_api_v02: ---> locClientSendReq line 2102 QMI_LOC_SET_PREMIUM_SERVICES_CONFIG_REQ_V02
07-10 11:55:55.437   812   812 I mm-camera: <MCT   >< INFO> 328: mct_controller_destroy: serv_thread closed
07-10 11:55:55.437   812   812 I mm-camera: <MCT   >< INFO> 343: mct_controller_destroy: bus_handler thread closed
07-10 11:55:55.438   812   812 I mm-camera: <MCT   >< INFO> 5218: mct_pipeline_stop_session: Initiating stop_session on session 4
07-10 11:55:55.438   812   812 I mm-camera: <MCT   >< INFO> 4133: mct_pipeline_process_set: command=800000b
07-10 11:55:55.438   812   812 I mm-camera: <MCT   >< INFO> 4352: mct_pipeline_process_set: Issuing DEL_STREAM on stream 0x4000f and stream type=10
07-10 11:55:55.438   812   812 I mm-camera: <IFACE >< INFO> 680: iface_unreserve_sink_port: stream_id f mode 0 
07-10 11:55:55.438   812   812 I mm-camera: <ISP   >< INFO> 939: isp_port_check_caps_unreserve: ide 4000f port 0xf63f6080
07-10 11:55:55.438  1421  1555 I LocSvc_ApiV02: <--- globalRespCb line 141 QMI_LOC_SET_PREMIUM_SERVICES_CONFIG_REQ_V02
07-10 11:55:55.438  1421  1550 I LocSvc_api_v02: ---> locClientSendReq line 2102 QMI_LOC_SET_PREMIUM_SERVICES_CONFIG_REQ_V02
07-10 11:55:55.439  1421  1555 I LocSvc_ApiV02: <--- globalRespCb line 141 QMI_LOC_SET_PREMIUM_SERVICES_CONFIG_REQ_V02
07-10 11:55:55.441  1344  1344 W ADebug  : Failed to get property persist.sys.media.traces
07-10 11:55:55.441  1291  1291 W ADebug  : Failed to get property persist.sys.media.traces
07-10 11:55:55.444   812   812 I mm-camera: <MCT   >< INFO> 4375: mct_pipeline_process_set: Stream 0x4000f and stream type=10, successfully deleted
07-10 11:55:55.446  1291  1291 I FastMixerState: sMaxFastTracks = 8
07-10 11:55:55.447  1509  1509 E Diag_Lib: qpLogDiagInit <== result : 1
07-10 11:55:55.447  1509  1509 E Diag_Lib: DATAD : gIsQXDMDisabled 0, gIsADBDisabled 1, gIsDebugDisabled 0, gIsIMSLogsDisabled 0
07-10 11:55:55.447  1509  1509 E Diag_Lib: [IMS_DataD] imsdatad.c | 5823 | | 1509 |DATAD#$$#0#DATAD STARTED
07-10 11:55:55.449   812  1571 I mm-camera: <MCT   >< INFO> 4952: mct_pipeline_stop_session_thread: Stop module name: sensor - E
07-10 11:55:55.449   812  1571 I mm-camera: <MCT   >< INFO> 4960: mct_pipeline_stop_session_thread: Stop module name: sensor - X
07-10 11:55:55.449  1291  1291 I audioserver: ServiceManager: 0xe6518960
07-10 11:55:55.449  1291  1291 W BatteryNotifier: batterystats service unavailable!
07-10 11:55:55.451   812  1573 I mm-camera: <MCT   >< INFO> 4952: mct_pipeline_stop_session_thread: Stop module name: iface - E
07-10 11:55:55.451   812  1573 I mm-camera: <MCT   >< INFO> 4960: mct_pipeline_stop_session_thread: Stop module name: iface - X
07-10 11:55:55.456  1421  1421 E XTCC-6.1.2.10-a: [FTFile] wakeLockAcquireOrRelease: open error: 13, Permission denied
07-10 11:55:55.457  1421  1421 E XTCC-6.1.2.10-a: [NvParamMgr] getNvDataBlob, nv item GTP_WLAN_CS_INTERVAL_SEC_COLLECT not found
07-10 11:55:55.457  1421  1421 E XTCC-6.1.2.10-a: [NvParamMgr] getNvDataBlob, nv item GTP_WLAN_CS_INTERVAL_SEC_SCAN not found
07-10 11:55:55.457  1421  1421 E XTCC-6.1.2.10-a: [NvParamMgr] getNvDataBlob, nv item GTP_WLAN_CS_INTERVAL_MINUTE_FORCED_SCAN not found
07-10 11:55:55.457  1421  1421 E XTCC-6.1.2.10-a: [NvParamMgr] getNvDataBlob, nv item GTP_WLAN_CS_INTERVAL_MINUTE_UPLOAD not found
07-10 11:55:55.457  1421  1421 E XTCC-6.1.2.10-a: [NvParamMgr] getNvDataBlob, nv item GTP_WLAN_CS_INTERVAL_MINUTE_FORCED_UPLOAD not found
07-10 11:55:55.457  1421  1421 E XTCC-6.1.2.10-a: [NvParamMgr] getNvDataBlob, nv item GTP_WLAN_CS_HEPE_THRESHOLD_METER not found
07-10 11:55:55.457  1421  1421 E XTCC-6.1.2.10-a: [NvParamMgr] getNvDataBlob, nv item GTP_WLAN_CS_SIMILARITY_THRESHOLD not found
07-10 11:55:55.457  1421  1421 E XTCC-6.1.2.10-a: [NvParamMgr] getNvDataBlob, nv item GTP_WLAN_CS_SIMILARITY_THRESHOLD not found
07-10 11:55:55.457  1421  1421 E XTCC-6.1.2.10-a: [NvParamMgr] getNvDataBlob, nv item GTP_WLAN_CS_MAX_NUM_AP_SETS_PER_UPLOAD not found
07-10 11:55:55.457  1421  1421 E XTCC-6.1.2.10-a: [NvParamMgr] getNvDataBlob, nv item GTP_WLAN_CS_MAX_NUM_APS_PER_UPLOAD not found
07-10 11:55:55.458  1421  1421 E XTCC-6.1.2.10-a: [NvParamMgr] getNvDataBlob, nv item GTP_WWAN_CS_ENABLED not found
07-10 11:55:55.458  1421  1421 E XTCC-6.1.2.10-a: [NvParamMgr] getNvDataBlob, nv item GTP_WWAN_CS_ALLOW_IMPLICIT_WHITELIST_UPLOAD not found
07-10 11:55:55.458  1421  1421 E XTCC-6.1.2.10-a: [NvParamMgr] getNvDataBlob, nv item GTP_WWAN_CS_HEPE_THRESHOLD_METER_LOCATION not found
07-10 11:55:55.458  1421  1421 E XTCC-6.1.2.10-a: [NvParamMgr] getNvDataBlob, nv item GTP_WLAN_RECORD_INCL_IND not found
07-10 11:55:55.458  1421  1421 E XTCC-6.1.2.10-a: [NvParamMgr] getNvDataBlob, nv item GTP_WWAN_CS_PER_UPLOAD_LIMIT_KB not found
07-10 11:55:55.458  1421  1421 E XTCC-6.1.2.10-a: [NvParamMgr] getNvDataBlob, nv item GTP_WLAN_CS_PER_UPLOAD_LIMIT_KB not found
07-10 11:55:55.458  1421  1421 E XTCC-6.1.2.10-a: [NvParamMgr] getNvDataBlob, nv item GTP_WLAN_UPLOAD_CONTROL not found
07-10 11:55:55.465  1374  1374 D QSEECOMAPI: Loaded image: APP id = 196611
07-10 11:55:55.466  1421  1550 I LocSvc_api_v02: ---> locClientSendReq line 2102 QMI_LOC_REG_EVENTS_REQ_V02
07-10 11:55:55.467  1421  1421 E XTCC-6.1.2.10-a: [NvParamMgr] getNvDataBlob, nv item GTP_TDP_DOWNLOAD_INTERVAL_MINUTE_SERVER_ACCESS_BUDGET not found
07-10 11:55:55.467  1421  1421 E XTCC-6.1.2.10-a: [NvParamMgr] getNvDataBlob, nv item GTP_TDP_DOWNLOAD_NUM_MAX_SERVER_ACCESS_ALLOWED not found
07-10 11:55:55.467  1421  1421 E XTCC-6.1.2.10-a: [NvParamMgr] getNvDataBlob, nv item GTP_TDP_DOWNLOAD_KB_MAX_DOWNLOAD_OVER_WWAN not found
07-10 11:55:55.467  1421  1421 E XTCC-6.1.2.10-a: [NvParamMgr] getNvDataBlob, nv item GTP_TDP_DOWNLOAD_INTERVAL_MINUTE_PARTITION_REFRESH not found
07-10 11:55:55.467  1421  1421 E XTCC-6.1.2.10-a: [NvParamMgr] getNvDataBlob, nv item GTP_TDP_DOWNLOAD_NUM_SERVER_ACCESS_ALLOWED_PER_REFRESH not found
07-10 11:55:55.469   812  1574 I mm-camera: <MCT   >< INFO> 4952: mct_pipeline_stop_session_thread: Stop module name: isp - E
07-10 11:55:55.469   812  1574 I mm-camera: <ISP   >< INFO> 506: isp_module_stop_session: session id 4
07-10 11:55:55.470   812  1574 I mm-camera: <MCT   >< INFO> 4960: mct_pipeline_stop_session_thread: Stop module name: isp - X
07-10 11:55:55.476  1291  1291 I AudioFlinger: Using default 3000 mSec as standby time.
07-10 11:55:55.476  1291  1291 I AudioFlinger: EffectDapController()
07-10 11:55:55.479  1291  1291 E APM::Serializer: deserialize: Could not parse /odm/etc/audio_policy_configuration.xml document.
07-10 11:55:55.480  1421  1590 E XTCC-6.1.2.10-a: [TdpCsClient] unknown postcard info. reason:REGISTER-EVENT, 
07-10 11:55:55.480  1421  1590 I chatty  : uid=1021(gps) xtwifi-client identical 3 lines
07-10 11:55:55.480  1421  1590 E XTCC-6.1.2.10-a: [TdpCsClient] unknown postcard info. reason:REGISTER-EVENT, 
07-10 11:55:55.481   812  1575 I mm-camera: <MCT   >< INFO> 4952: mct_pipeline_stop_session_thread: Stop module name: stats - E
07-10 11:55:55.485  1421  1550 I LocSvc_api_v02: ---> locClientSendReq line 2102 QMI_LOC_INJECT_APDONOTCACHE_DATA_REQ_V02
07-10 11:55:55.488  1421  1555 I LocSvc_ApiV02: <--- globalRespCb line 141 QMI_LOC_INJECT_APDONOTCACHE_DATA_REQ_V02
07-10 11:55:55.503   812  1595 I mm-camera: <MCT   >< INFO> 4952: mct_pipeline_stop_session_thread: Stop module name: pproc - E
07-10 11:55:55.504   812  1595 E mm-camera: <IMGLIB><ERROR> 328: AllocateBuffers: Nothing allocated or already freed!
07-10 11:55:55.504   812  1595 I mm-camera: <MCT   >< INFO> 4960: mct_pipeline_stop_session_thread: Stop module name: pproc - X
07-10 11:55:55.505   812  1575 I DmbrContextAPI: VIDHANCE dmbr_free_context user=0xe6d743c0
07-10 11:55:55.511   812  1575 I mm-camera: <MCT   >< INFO> 4960: mct_pipeline_stop_session_thread: Stop module name: stats - X
07-10 11:55:55.511   812   812 I mm-camera: <MCT   >< INFO> 5240: mct_pipeline_stop_session: Modules left: 5
07-10 11:55:55.511   812   812 I mm-camera: <MCT   >< INFO> 5240: mct_pipeline_stop_session: Modules left: 4
07-10 11:55:55.511   812   812 I mm-camera: <MCT   >< INFO> 5240: mct_pipeline_stop_session: Modules left: 3
07-10 11:55:55.511   812   812 I mm-camera: <MCT   >< INFO> 5240: mct_pipeline_stop_session: Modules left: 2
07-10 11:55:55.511   812   812 I mm-camera: <MCT   >< INFO> 5240: mct_pipeline_stop_session: Modules left: 1
07-10 11:55:55.511   812  1598 I mm-camera: <MCT   >< INFO> 4952: mct_pipeline_stop_session_thread: Stop module name: imglib - E
07-10 11:55:55.511   812  1598 I mm-camera: <MCT   >< INFO> 4960: mct_pipeline_stop_session_thread: Stop module name: imglib - X
07-10 11:55:55.511   812   812 I mm-camera: <MCT   >< INFO> 5240: mct_pipeline_stop_session: Modules left: 0
07-10 11:55:55.511   812   812 I mm-camera: <MCT   >< INFO> 5250: mct_pipeline_stop_session: Stopped session 4 successfully
07-10 11:55:55.511   812   812 I mm-camera: <MCT   >< INFO> 5550: mct_pipeline_destroy: E: session:4
07-10 11:55:55.511   812   812 E mm-camera: <MCT   ><ERROR> 179: stop_sof_check_thread: Returning as SOF timer thread not yet initialized
07-10 11:55:55.511   812   812 I mm-camera: <MCT   >< INFO> 5627: mct_pipeline_destroy: X: Pipeline destroyed successfully session =4
07-10 11:55:55.511   812   812 I mm-camera: <MCT   >< INFO> 422: mct_controller_destroy: X Successfully closed mct_controller session 4
07-10 11:55:55.514   812   812 I mm-camera: <MCT   >< INFO> 310: mct_controller_destroy: Initiating destroy sequence for session = 3
07-10 11:55:55.515   812   812 I mm-camera: <MCT   >< INFO> 328: mct_controller_destroy: serv_thread closed
07-10 11:55:55.515   812   812 I mm-camera: <MCT   >< INFO> 343: mct_controller_destroy: bus_handler thread closed
07-10 11:55:55.515   812   812 I mm-camera: <MCT   >< INFO> 5218: mct_pipeline_stop_session: Initiating stop_session on session 3
07-10 11:55:55.515   812   812 I mm-camera: <MCT   >< INFO> 4133: mct_pipeline_process_set: command=800000b
07-10 11:55:55.515   812   812 I mm-camera: <MCT   >< INFO> 4352: mct_pipeline_process_set: Issuing DEL_STREAM on stream 0x3000f and stream type=10
07-10 11:55:55.515   812   812 I mm-camera: <IFACE >< INFO> 680: iface_unreserve_sink_port: stream_id f mode 0 
07-10 11:55:55.515   812   812 I mm-camera: <ISP   >< INFO> 939: isp_port_check_caps_unreserve: ide 3000f port 0xf63f5f40
07-10 11:55:55.523   812   812 I mm-camera: <MCT   >< INFO> 4375: mct_pipeline_process_set: Stream 0x3000f and stream type=10, successfully deleted
07-10 11:55:55.524  1344  1344 E QVOP    : main: voiceprint clearing logfile /data/misc/qvop/qvop-log.txt
07-10 11:55:55.526  1577  1577 E MSM-irqbalance: WARNING: Cannot find matching virq for hwirq(22).
07-10 11:55:55.528  1344  1344 W QVOP    : main: voiceprint not enabled, suspending
07-10 11:55:55.529   812  1600 I mm-camera: <MCT   >< INFO> 4952: mct_pipeline_stop_session_thread: Stop module name: sensor - E
07-10 11:55:55.531   812  1600 I mm-camera: <MCT   >< INFO> 4960: mct_pipeline_stop_session_thread: Stop module name: sensor - X
07-10 11:55:55.533  1577  1577 E MSM-irqbalance: WARNING: Cannot find matching virq for hwirq(446).
07-10 11:55:55.535  1577  1577 E MSM-irqbalance: WARNING: Cannot find matching virq for hwirq(455).
07-10 11:55:55.537  1577  1577 E MSM-irqbalance: WARNING: Cannot find matching virq for hwirq(456).
07-10 11:55:55.537  1577  1577 I MSM-irqbalance: msm-irq_balance (1.3) initialized
07-10 11:55:55.537  1577  1577 I MSM-irqbalance: Configuration
07-10 11:55:55.537  1577  1577 I MSM-irqbalance: Rate: 0.2 Hz
07-10 11:55:55.537  1577  1577 I MSM-irqbalance: Decay Factor: 75.0
07-10 11:55:55.537  1577  1577 I MSM-irqbalance: Balancing Factor: 0.1
07-10 11:55:55.537  1577  1577 I MSM-irqbalance: Debug Log: OFF
07-10 11:55:55.537  1577  1577 I MSM-irqbalance: Cfg file: /system/vendor/etc/msm_irqbalance.conf
07-10 11:55:55.537  1577  1577 I MSM-irqbalance: CPU PRIO: CPU0: 1 CPU1: 1 CPU2: 0 CPU3: 0 CPU4: 0 CPU5: 0 CPU6: 0 CPU7: 0 
07-10 11:55:55.537  1577  1577 I MSM-irqbalance: Ignored IRQs: 3 5 75 98 
07-10 11:55:55.545   812  1601 I mm-camera: <MCT   >< INFO> 4952: mct_pipeline_stop_session_thread: Stop module name: iface - E
07-10 11:55:55.545   810  1578 D vndksupport: Loading /vendor/lib/hw/audio.primary.sdm660.so from current namespace instead of sphal namespace.
07-10 11:55:55.546   812  1601 I mm-camera: <MCT   >< INFO> 4960: mct_pipeline_stop_session_thread: Stop module name: iface - X
07-10 11:55:55.547   812  1608 I mm-camera: <MCT   >< INFO> 4952: mct_pipeline_stop_session_thread: Stop module name: isp - E
07-10 11:55:55.547   812  1608 I mm-camera: <ISP   >< INFO> 506: isp_module_stop_session: session id 3
07-10 11:55:55.547   812  1609 I mm-camera: <MCT   >< INFO> 4952: mct_pipeline_stop_session_thread: Stop module name: stats - E
07-10 11:55:55.549  1551  1551 I QC-NETMGR-LIB: NetmgrNetdClientInit(): Looking for Netd service
07-10 11:55:55.551  1551  1551 D QC-NETMGR-LIB: registerServerNotification(): Successfully registered for Netd HAL service
07-10 11:55:55.551  1551  1551 I QC-NETMGR-LIB: NetmgrNetdClientInit(): Created netd client
07-10 11:55:55.555  1551  1612 I QC-NETMGR-LIB: onRegistration(): Netd service preexisting : [1]
07-10 11:55:55.555  1551  1612 I QC-NETMGR-LIB: onRegistration(): Service exists, not a restart
07-10 11:55:55.555  1551  1612 I QC-NETMGR-LIB: onRegistration(): Starting Netd getService thread
07-10 11:55:55.569  1551  1615 I QC-NETMGR-LIB: getServiceImpl(): INetd discovered
07-10 11:55:55.571   812  1610 I mm-camera: <MCT   >< INFO> 4952: mct_pipeline_stop_session_thread: Stop module name: pproc - E
07-10 11:55:55.572   812  1608 I mm-camera: <MCT   >< INFO> 4960: mct_pipeline_stop_session_thread: Stop module name: isp - X
07-10 11:55:55.573   812   812 I mm-camera: <MCT   >< INFO> 5240: mct_pipeline_stop_session: Modules left: 5
07-10 11:55:55.574   812   812 I mm-camera: <MCT   >< INFO> 5240: mct_pipeline_stop_session: Modules left: 4
07-10 11:55:55.574   812   812 I mm-camera: <MCT   >< INFO> 5240: mct_pipeline_stop_session: Modules left: 3
07-10 11:55:55.574   812  1617 I mm-camera: <MCT   >< INFO> 4952: mct_pipeline_stop_session_thread: Stop module name: imglib - E
07-10 11:55:55.574   812  1609 I DmbrContextAPI: VIDHANCE dmbr_free_context user=0xebefb280
07-10 11:55:55.574   812  1617 I mm-camera: <MCT   >< INFO> 4960: mct_pipeline_stop_session_thread: Stop module name: imglib - X
07-10 11:55:55.575   812   812 I mm-camera: <MCT   >< INFO> 5240: mct_pipeline_stop_session: Modules left: 2
07-10 11:55:55.577   810  1578 D audio_hw_primary: adev_open: enter
07-10 11:55:55.578   812  1609 I mm-camera: <MCT   >< INFO> 4960: mct_pipeline_stop_session_thread: Stop module name: stats - X
07-10 11:55:55.578   812   812 I mm-camera: <MCT   >< INFO> 5240: mct_pipeline_stop_session: Modules left: 1
07-10 11:55:55.580  1614  1614 I NetUtilsWrapper: Unexpected command: /system/bin/iptables -w -W 10000 -t mangle -A PREROUTING -m mark --mark 0x20 -j ACCEPT
07-10 11:55:55.580   812  1610 E mm-camera: <IMGLIB><ERROR> 328: AllocateBuffers: Nothing allocated or already freed!
07-10 11:55:55.580   812  1610 I mm-camera: <MCT   >< INFO> 4960: mct_pipeline_stop_session_thread: Stop module name: pproc - X
07-10 11:55:55.580   812   812 I mm-camera: <MCT   >< INFO> 5240: mct_pipeline_stop_session: Modules left: 0
07-10 11:55:55.580   812   812 I mm-camera: <MCT   >< INFO> 5250: mct_pipeline_stop_session: Stopped session 3 successfully
07-10 11:55:55.580   812   812 I mm-camera: <MCT   >< INFO> 5550: mct_pipeline_destroy: E: session:3
07-10 11:55:55.580   812   812 E mm-camera: <MCT   ><ERROR> 179: stop_sof_check_thread: Returning as SOF timer thread not yet initialized
07-10 11:55:55.580   812   812 I mm-camera: <MCT   >< INFO> 5627: mct_pipeline_destroy: X: Pipeline destroyed successfully session =3
07-10 11:55:55.580   812   812 I mm-camera: <MCT   >< INFO> 422: mct_controller_destroy: X Successfully closed mct_controller session 3
07-10 11:55:55.583   812   812 E CamComm1.0-MD: Update metadata entry: Unknown tag -2145976319
07-10 11:55:55.583   812   812 E CamComm1.0-MD: Update metadata entry: Unknown tag -2145976317
07-10 11:55:55.583   812   812 I QCamera : <HAL><INFO> getCamInfo: 10410: camera 3 resource cost is 100
07-10 11:55:55.583   812   812 I QCamera : <HAL><INFO> getCameraInfo: 343: Camera id 3 API version 256
07-10 11:55:55.583   812   812 I QCamera : <HAL><INFO> getCamInfo: 10410: camera 3 resource cost is 100
07-10 11:55:55.585   812   812 I ServiceManagement: Removing namespace from process name android.hardware.camera.provider@2.4-service to provider@2.4-se.
07-10 11:55:55.590  1292  1292 E /system/bin/cameraserver: Could not unregister service notification for android.hardware.camera.provider@2.4::ICameraProvider/legacy/0.
07-10 11:55:55.593   812   812 I android.hardware.camera.provider@2.4-service: Registration complete for android.hardware.camera.provider@2.4::ICameraProvider/legacy/0.
07-10 11:55:55.593  1292  1292 I CameraProviderManager: Connecting to new camera provider: legacy/0, isRemote? 1
07-10 11:55:55.594  1292  1292 I CameraProviderManager: Enumerating new camera device: device@1.0/legacy/0
07-10 11:55:55.602   812   812 I QCamera : <HAL><INFO> getCameraInfo: 343: Camera id 0 API version 256
07-10 11:55:55.602   812   812 I QCamera : <HAL><INFO> getCamInfo: 10410: camera 0 resource cost is 100
07-10 11:55:55.602   812   812 I CamDev@1.0-impl: Opening camera 0
07-10 11:55:55.602   812   812 I QCamera : <HAL><INFO> getCameraInfo: 343: Camera id 0 API version 256
07-10 11:55:55.602   812   812 I QCamera : <HAL><INFO> getCamInfo: 10410: camera 0 resource cost is 100
07-10 11:55:55.602   812   812 I QCamera : <HAL><INFO> cameraDeviceOpen: 408: Open camera id 0 API version 256
07-10 11:55:55.603   812   812 D vndksupport: Loading /vendor/lib/hw/power.qcom.so from current namespace instead of sphal namespace.
07-10 11:55:55.622  1621  1621 I NetUtilsWrapper: Unexpected command: /system/bin/iptables -w -W 10000 -t mangle -D PREROUTING -m mark --mark 0x20 -j ACCEPT
07-10 11:55:55.654   812   812 I QCamera : <HAL><INFO> openCamera: 1963: [KPI Perf]: E PROFILE_OPEN_CAMERA camera id 0
07-10 11:55:55.657   812   812 E QCamera : <HAL><ERROR> acquirePerfLock: 515: Failed to acquire the perf lock
07-10 11:55:55.657  1292  1292 W CameraProviderManager: Camera provider legacy/0 says an unknown camera device@1.0/legacy/0 now has torch status 0. Curious.
07-10 11:55:55.725  1273  1273 W ADebug  : Failed to get property persist.sys.media.traces
07-10 11:55:55.735   810  1578 D audio_hw_utils: audio_extn_utils_get_snd_card_num: snd_card_name: sdm660-snd-card
07-10 11:55:55.735   810  1578 D audio_hw_utils: audio_extn_utils_get_snd_card_num: Opened sound card:0
07-10 11:55:55.736   810  1578 D msm8916_platform: platform_init: Opened sound card:0
07-10 11:55:55.746   812   812 D QCamera : Debug log file is not enabled
07-10 11:55:55.747   812   812 I mm-camera: <MCT   >< INFO> 118: mct_controller_new: Creating new mct_controller with session-id 3
07-10 11:55:55.759   812  1641 I mm-camera: <MCT   >< INFO> 5140: mct_pipeline_start_session_thread: E sensor
07-10 11:55:55.759   812  1641 I mm-camera: <MCT   >< INFO> 5147: mct_pipeline_start_session_thread: Calling start_session on Module sensor
07-10 11:55:55.784   812  1642 I mm-camera: <MCT   >< INFO> 5140: mct_pipeline_start_session_thread: E iface
07-10 11:55:55.784   812  1642 I mm-camera: <MCT   >< INFO> 5147: mct_pipeline_start_session_thread: Calling start_session on Module iface
07-10 11:55:55.799   812  1642 I mm-camera: <MCT   >< INFO> 5150: mct_pipeline_start_session_thread: Module iface start_session rc = 1
07-10 11:55:55.799   812  1642 I mm-camera: <MCT   >< INFO> 5158: mct_pipeline_start_session_thread: started_num = 1, success = 1
07-10 11:55:55.799   812  1642 I mm-camera: <MCT   >< INFO> 5165: mct_pipeline_start_session_thread: X iface
07-10 11:55:55.800   812  1647 I mm-camera: <MCT   >< INFO> 5140: mct_pipeline_start_session_thread: E isp
07-10 11:55:55.802   812  1647 I mm-camera: <MCT   >< INFO> 5147: mct_pipeline_start_session_thread: Calling start_session on Module isp
07-10 11:55:55.803   812  1647 I mm-camera: <ISP   >< INFO> 210: isp_module_start_session: session id 3 
07-10 11:55:55.805   812  1649 I mm-camera: <MCT   >< INFO> 5140: mct_pipeline_start_session_thread: E stats
07-10 11:55:55.806   812  1649 I mm-camera: <MCT   >< INFO> 5147: mct_pipeline_start_session_thread: Calling start_session on Module stats
07-10 11:55:55.807   812  1649 I DmbrContextAPI: VIDHANCE dmbr_create_context user=0xe6d30780
07-10 11:55:55.814   812  1641 I mm-camera: <MCT   >< INFO> 5150: mct_pipeline_start_session_thread: Module sensor start_session rc = 1
07-10 11:55:55.814   812  1641 I mm-camera: <MCT   >< INFO> 5158: mct_pipeline_start_session_thread: started_num = 2, success = 2
07-10 11:55:55.814   812  1641 I mm-camera: <MCT   >< INFO> 5165: mct_pipeline_start_session_thread: X sensor
07-10 11:55:55.817   812  1651 I mm-camera: <MCT   >< INFO> 5140: mct_pipeline_start_session_thread: E pproc
07-10 11:55:55.817   812  1651 I mm-camera: <MCT   >< INFO> 5147: mct_pipeline_start_session_thread: Calling start_session on Module pproc
07-10 11:55:55.835   812  1653 I mm-camera: <MCT   >< INFO> 5140: mct_pipeline_start_session_thread: E imglib
07-10 11:55:55.835   812  1653 I mm-camera: <MCT   >< INFO> 5147: mct_pipeline_start_session_thread: Calling start_session on Module imglib
07-10 11:55:55.837  1273  1273 E QMI_FW  : QMUXD: WARNING qmi_qmux_if_pwr_up_init failed! rc=-6
07-10 11:55:55.841   812  1653 I mm-camera: <MCT   >< INFO> 5150: mct_pipeline_start_session_thread: Module imglib start_session rc = 1
07-10 11:55:55.841   812  1653 I mm-camera: <MCT   >< INFO> 5158: mct_pipeline_start_session_thread: started_num = 3, success = 3
07-10 11:55:55.841   812  1653 I mm-camera: <MCT   >< INFO> 5165: mct_pipeline_start_session_thread: X imglib
07-10 11:55:55.843   812  1649 I mm-camera: <MCT   >< INFO> 5150: mct_pipeline_start_session_thread: Module stats start_session rc = 1
07-10 11:55:55.843   812  1649 I mm-camera: <MCT   >< INFO> 5158: mct_pipeline_start_session_thread: started_num = 4, success = 4
07-10 11:55:55.843   812  1649 I mm-camera: <MCT   >< INFO> 5165: mct_pipeline_start_session_thread: X stats
07-10 11:55:55.846   812  1651 I mm-camera: <MCT   >< INFO> 5150: mct_pipeline_start_session_thread: Module pproc start_session rc = 1
07-10 11:55:55.846   812  1651 I mm-camera: <MCT   >< INFO> 5158: mct_pipeline_start_session_thread: started_num = 5, success = 5
07-10 11:55:55.846   812  1651 I mm-camera: <MCT   >< INFO> 5165: mct_pipeline_start_session_thread: X pproc
07-10 11:55:55.853   812  1647 I mm-camera: <MCT   >< INFO> 5150: mct_pipeline_start_session_thread: Module isp start_session rc = 1
07-10 11:55:55.853   812  1647 I mm-camera: <MCT   >< INFO> 5158: mct_pipeline_start_session_thread: started_num = 6, success = 6
07-10 11:55:55.853   812  1647 I mm-camera: <MCT   >< INFO> 5165: mct_pipeline_start_session_thread: X isp
07-10 11:55:55.883   812   812 I mm-camera: <MCT   >< INFO> 5061: mct_pipeline_start_stream_internal: Adding session stream streamid= 0xf for session=3
07-10 11:55:55.883   812   812 I mm-camera: <MCT   >< INFO> 5109: mct_pipeline_start_stream_internal: Linking session stream for session 3
07-10 11:55:55.883   812   812 I mm-camera: <MCT   >< INFO> 525: mct_stream_start_link: Start linking Session-stream 0x3000f
07-10 11:55:55.883   812   812 I mm-camera: <ISP   >< INFO> 849: isp_port_check_caps_reserve: port 0xf63f5f40 ide 3000f type 10 dim 0 0
