06-04 00:34:47.259   631   631 I auditd  : type=1404 audit(0.0:3): enforcing=1 old_enforcing=0 auid=4294967295 ses=4294967295
06-04 00:34:54.619   860   860 I auditd  : type=1400 audit(0.0:5): avc: denied { read } for comm="getprop" name="u:object_r:coresight_prop:s0" dev="tmpfs" ino=12602 scontext=u:r:vendor-qti-testscripts:s0 tcontext=u:object_r:coresight_prop:s0 tclass=file permissive=1
06-04 00:34:54.619   860   860 I auditd  : type=1400 audit(0.0:6): avc: denied { open } for comm="getprop" path="/dev/__properties__/u:object_r:coresight_prop:s0" dev="tmpfs" ino=12602 scontext=u:r:vendor-qti-testscripts:s0 tcontext=u:object_r:coresight_prop:s0 tclass=file permissive=1
06-04 00:34:54.619   860   860 I auditd  : type=1400 audit(0.0:7): avc: denied { getattr } for comm="getprop" path="/dev/__properties__/u:object_r:coresight_prop:s0" dev="tmpfs" ino=12602 scontext=u:r:vendor-qti-testscripts:s0 tcontext=u:object_r:coresight_prop:s0 tclass=file permissive=1
06-04 00:34:54.639   818   818 I auditd  : type=1400 audit(0.0:8): avc: denied { read } for comm="android.hardwar" name="name" dev="sysfs" ino=36179 scontext=u:r:hal_graphics_composer_default:s0 tcontext=u:object_r:sysfs:s0 tclass=file permissive=0
06-04 00:34:54.639   818   818 I auditd  : type=1400 audit(0.0:9): avc: denied { read } for comm="android.hardwar" name="name" dev="sysfs" ino=37082 scontext=u:r:hal_graphics_composer_default:s0 tcontext=u:object_r:sysfs:s0 tclass=file permissive=0
06-04 00:34:54.969     1     1 I auditd  : type=1400 audit(0.0:10): avc: denied { write } for comm="init" name="android0" dev="sysfs" ino=51102 scontext=u:r:init:s0 tcontext=u:object_r:sysfs_android_usb:s0 tclass=dir permissive=0
06-04 00:34:55.019     1     1 I chatty  : uid=0(root) /init identical 3 lines
06-04 00:34:55.029     1     1 I auditd  : type=1400 audit(0.0:14): avc: denied { write } for comm="init" name="android0" dev="sysfs" ino=51102 scontext=u:r:init:s0 tcontext=u:object_r:sysfs_android_usb:s0 tclass=dir permissive=0
06-04 00:34:55.109   963   963 I auditd  : type=1400 audit(0.0:15): avc: denied { read } for comm="ueventd" name="mmcblk0p37" dev="tmpfs" ino=240 scontext=u:r:ueventd:s0 tcontext=u:object_r:mba_debug_dev:s0 tclass=blk_file permissive=0
06-04 00:34:56.939  1143  1143 I auditd  : type=1400 audit(0.0:16): avc: denied { entrypoint } for comm="vold" path="/vendor/bin/resize_ext4" dev="dm-1" ino=292 scontext=u:r:fsck:s0 tcontext=u:object_r:resize_exec:s0 tclass=file permissive=0
07-10 11:55:54.650  1282  1282 I auditd  : type=1400 audit(0.0:17): avc: denied { read } for comm="hvdcp_opti" name="name" dev="sysfs" ino=23108 scontext=u:r:hvdcp:s0 tcontext=u:object_r:sysfs:s0 tclass=file permissive=0
07-10 11:55:54.840  1278  1278 I auditd  : type=1400 audit(0.0:18): avc: denied { read } for comm="thermal-engine" name="uio" dev="sysfs" ino=35514 scontext=u:r:thermal-engine:s0 tcontext=u:object_r:sysfs_uio:s0 tclass=dir permissive=0
07-10 11:55:54.849  1278  1395 I liblog  : 125
07-10 11:55:55.074  1288  1288 I boot_progress_start: 25540
07-10 11:55:55.940  1313  1313 I auditd  : type=1400 audit(0.0:19): avc: denied { ioctl } for comm="rild" path="/vendor/radio/qcril_database/qcril.db" dev="dm-1" ino=3535 ioctlcmd=f50c scontext=u:r:rild:s0 tcontext=u:object_r:vendor_file:s0 tclass=file permissive=0
07-10 11:55:56.812  1290  1290 I sysui_histogram: [boot_zygote_init,27277]
07-10 11:55:56.831  1290  1290 I sysui_multi_action: [757,804,799,boot_zygote_init,801,27277,802,1]
07-10 11:55:56.892  1288  1288 I sysui_histogram: [boot_zygote_init,27357]
07-10 11:55:56.906  1288  1288 I sysui_multi_action: [757,804,799,boot_zygote_init,801,27357,802,1]
07-10 11:55:56.919  1288  1288 I boot_progress_preload_start: 27384
07-10 11:55:57.980  1288  1288 I boot_progress_preload_end: 28445
07-10 11:55:58.308  1978  1978 I boot_progress_system_run: 28774
07-10 11:55:58.310  1978  1978 I sysui_histogram: [boot_system_server_init,28774]
07-10 11:55:58.310  1978  1978 I sysui_multi_action: [757,804,799,boot_system_server_init,801,28774,802,1]
07-10 11:55:58.666  1978  1978 I rescue_note: [0,1,29130]
07-10 11:55:58.680  1978  1978 I sysui_histogram: [boot_package_manager_init_start,29146]
07-10 11:55:58.680  1978  1978 I sysui_multi_action: [757,804,799,boot_package_manager_init_start,801,29146,802,1]
07-10 11:55:58.682  1978  1978 I boot_progress_pms_start: 29147
07-10 11:55:58.939  1978  1978 I boot_progress_pms_system_scan_start: 29405
07-10 11:55:59.209  1305  1456 I storaged_emmc_info: [emmc 5.1,1,1,1]
07-10 11:56:00.349  1978  1978 I pm_critical_info: New decl Package{730500a com.android.facelock} of permission  com.google.android.gms.auth.permission.FACE_UNLOCK is system; overriding com.google.android.gms
07-10 11:56:01.166  1978  1978 I boot_progress_pms_data_scan_start: 31631
07-10 11:56:01.941  1978  1978 I boot_progress_pms_scan_end: 32407
07-10 11:56:01.949  1978  1978 I pm_critical_info: Destroying /data/user/0/media due to: com.android.server.pm.PackageManagerException: Package media is unknown
07-10 11:56:02.263  1978  1978 I boot_progress_pms_ready: 32728
07-10 11:56:02.376  1978  1978 I sysui_histogram: [boot_package_manager_init_ready,32842]
07-10 11:56:02.376  1978  1978 I sysui_multi_action: [757,804,799,boot_package_manager_init_ready,801,32842,802,1]
07-10 11:56:02.386  1978  1978 I am_uid_running: 1000
07-10 11:56:02.390  1978  1978 I am_uid_active: 1000
07-10 11:56:02.405  1978  2001 I battery_status: [3,2,1,0,Li-ion]
07-10 11:56:02.405  1978  2001 I battery_level: [54,3746,340]
07-10 11:56:02.573  1978  1978 I wm_stack_created: 0
07-10 11:56:02.601  1978  1978 I configuration_changed: 24056
07-10 11:56:02.640  1978  1978 I configuration_changed: 1032
07-10 11:56:02.669  1978  2158 I configuration_changed: 512
07-10 11:56:02.695  1978  2182 I configuration_changed: 256
07-10 11:56:02.707  1978  2026 I configuration_changed: 256
07-10 11:56:03.024  1978  2205 I storage_state: [41217664-9172-527a-b3d5-edabb50a7d69,0,0,48508035072,52105453568]
07-10 11:56:03.058  1978  1978 I stream_devices_changed: [0,0,1]
07-10 11:56:03.059  1978  1978 I stream_devices_changed: [2,0,2]
07-10 11:56:03.059  1978  1978 I stream_devices_changed: [3,0,2]
07-10 11:56:03.059  1978  1978 I stream_devices_changed: [4,0,2]
07-10 11:56:03.060  1978  1978 I stream_devices_changed: [6,0,1]
07-10 11:56:03.090   825   825 I auditd  : type=1400 audit(0.0:20): avc: denied { dac_override } for comm="usb@1.0-service" capability=1 scontext=u:r:hal_usb_default:s0 tcontext=u:r:hal_usb_default:s0 tclass=capability permissive=0
07-10 11:56:03.090   825   825 I auditd  : type=1400 audit(0.0:21): avc: denied { dac_override } for comm="usb@1.0-service" capability=1 scontext=u:r:hal_usb_default:s0 tcontext=u:r:hal_usb_default:s0 tclass=capability permissive=0
07-10 11:56:03.486  1978  1978 I boot_progress_ams_ready: 33952
07-10 11:56:03.488  1978  1978 I configuration_changed: 256
07-10 11:56:03.498  1978  2026 I configuration_changed: 256
07-10 11:56:03.768  1978  1978 I am_uid_running: 10070
07-10 11:56:03.781  1978  1978 I am_proc_start: [0,2229,10070,com.google.android.inputmethod.latin,service,com.google.android.inputmethod.latin/com.android.inputmethod.latin.LatinIME]
07-10 11:56:03.789  1978  1978 I am_uid_running: 10035
07-10 11:56:03.800   825   825 I auditd  : type=1400 audit(0.0:22): avc: denied { dac_override } for comm="usb@1.0-service" capability=1 scontext=u:r:hal_usb_default:s0 tcontext=u:r:hal_usb_default:s0 tclass=capability permissive=0
07-10 11:56:03.800   825   825 I auditd  : type=1400 audit(0.0:23): avc: denied { dac_override } for comm="usb@1.0-service" capability=1 scontext=u:r:hal_usb_default:s0 tcontext=u:r:hal_usb_default:s0 tclass=capability permissive=0
07-10 11:56:03.802  1978  1978 I am_proc_start: [0,2236,10035,com.android.systemui,service,com.android.systemui/.ImageWallpaper]
07-10 11:56:03.810  1978  1978 I auditd  : type=1400 audit(0.0:24): avc: denied { write } for comm="Binder:1978_2" name="timerslack_ns" dev="proc" ino=28132 scontext=u:r:system_server:s0 tcontext=u:r:audioserver:s0 tclass=file permissive=0
07-10 11:56:03.810  1978  1978 I auditd  : type=1400 audit(0.0:25): avc: denied { write } for comm="Binder:1978_2" name="timerslack_ns" dev="proc" ino=30837 scontext=u:r:system_server:s0 tcontext=u:r:audioserver:s0 tclass=file permissive=0
07-10 11:56:03.810  1978  1978 I auditd  : type=1400 audit(0.0:26): avc: denied { write } for comm="Binder:1978_2" name="timerslack_ns" dev="proc" ino=30095 scontext=u:r:system_server:s0 tcontext=u:r:audioserver:s0 tclass=file permissive=0
07-10 11:56:03.830  1978  2000 I am_proc_bound: [0,2229,com.google.android.inputmethod.latin]
07-10 11:56:03.838  1978  2000 I am_uid_active: 10070
07-10 11:56:03.851  1978  2258 I am_proc_bound: [0,2236,com.android.systemui]
07-10 11:56:03.853  1978  2258 I am_uid_active: 10035
07-10 11:56:04.013  1978  2009 I am_uid_running: 1037
07-10 11:56:04.060  1978  2009 I am_proc_start: [0,2276,1037,WebViewLoader-armeabi-v7a,,]
07-10 11:56:04.089  1978  2009 I am_proc_start: [0,2293,1037,WebViewLoader-arm64-v8a,,]
07-10 11:56:04.345  2236  2353 I sysui_action: [213,1]
07-10 11:56:04.347  2236  2353 I sysui_multi_action: [757,213,758,4,759,1]
07-10 11:56:04.669  1978  1978 I am_proc_start: [0,2413,1000,.dataservices,added application,.dataservices]
07-10 11:56:04.669  1978  1978 I am_uid_running: 1001
07-10 11:56:04.693  1978  1978 I am_proc_start: [0,2427,1001,com.qualcomm.qti.telephonyservice,added application,com.qualcomm.qti.telephonyservice]
07-10 11:56:04.720  1978  1978 I am_proc_start: [0,2442,1001,com.android.phone,added application,com.android.phone]
07-10 11:56:04.743  1978  1978 I wm_task_created: [1,0]
07-10 11:56:04.744  1978  1978 I wm_task_moved: [1,1,0]
07-10 11:56:04.745  1978  1978 I wm_task_moved: [1,1,0]
07-10 11:56:04.745  1978  1978 I am_create_task: [0,1]
07-10 11:56:04.745  1978  1978 I am_create_activity: [0,215573865,1,com.android.settings/.FallbackHome,android.intent.action.MAIN,NULL,NULL,276824320]
07-10 11:56:04.745  1978  1978 I wm_task_moved: [1,1,0]
07-10 11:56:04.764  1978  1978 I am_proc_start: [0,2468,1000,com.android.settings,activity,com.android.settings/.FallbackHome]
07-10 11:56:04.798  1978  2388 I dvm_lock_sample: [system_server,1,Binder:1978_6,65,ActivityManagerService.java,18895,android.content.Intent com.android.server.am.ActivityManagerService.registerReceiver(android.app.IApplicationThread, java.lang.String, android.content.IIntentReceiver, android.content.IntentFilter, java.lang.String, int, int),-,14432,void com.android.server.am.ActivityManagerService.systemReady(java.lang.Runnable, android.util.TimingsTraceLog),13]
07-10 11:56:04.798  1978  1978 I sysui_histogram: [boot_system_server_ready,35264]
07-10 11:56:04.798  1978  1978 I sysui_multi_action: [757,804,799,boot_system_server_ready,801,35264,802,1]
07-10 11:56:04.799  1978  2257 I am_proc_bound: [0,2413,.dataservices]
07-10 11:56:04.802  1978  2001 I am_proc_bound: [0,2427,com.qualcomm.qti.telephonyservice]
07-10 11:56:04.804  1978  2001 I am_uid_active: 1001
07-10 11:56:04.804  1978  2000 I am_proc_bound: [0,2442,com.android.phone]
07-10 11:56:04.807  1978  2465 I am_proc_bound: [0,2468,com.android.settings]
07-10 11:56:04.815  1978  2465 I am_restart_activity: [0,215573865,1,com.android.settings/.FallbackHome]
07-10 11:56:04.816  1978  2465 I am_set_resumed_activity: [0,com.android.settings/.FallbackHome,minimalResumeActivityLocked]
07-10 11:56:04.823  1978  2013 I dvm_lock_sample: [system_server,1,android.ui,22,ActivityManagerService.java,4480,void com.android.server.am.ActivityManagerService.dispatchUidsChanged(),-,7343,void com.android.server.am.ActivityManagerService.attachApplication(android.app.IApplicationThread),4]
07-10 11:56:04.943  2468  2468 I am_on_resume_called: [0,com.android.settings.FallbackHome,LAUNCH_ACTIVITY]
07-10 11:56:04.956  2236  2236 I sysui_multi_action: [757,1093,758,4,793,12,1094,0,1095,0]
07-10 11:56:05.021  1978  2258 I am_pause_activity: [0,215573865,com.android.settings/.FallbackHome]
07-10 11:56:05.045  2468  2468 I am_on_paused_called: [0,com.android.settings.FallbackHome,handlePauseActivity]
07-10 11:56:05.048  1978  2012 I am_stop_activity: [0,215573865,com.android.settings/.FallbackHome]
07-10 11:56:05.049  1978  2012 I sysui_count: [window_time_0,6]
07-10 11:56:05.049  1978  2012 I sysui_multi_action: [757,803,799,window_time_0,802,6]
07-10 11:56:05.058  2468  2468 I am_on_stop_called: [0,com.android.settings.FallbackHome,handleStopActivity]
07-10 11:56:05.072  1978  2012 I boot_progress_enable_screen: 35538
07-10 11:56:05.073  1978  2012 I screen_toggled: 1
07-10 11:56:05.837  2236  2236 I sysui_view_visibility: [111,100]
07-10 11:56:05.837  2236  2236 I sysui_multi_action: [757,111,758,1]
07-10 11:56:05.837  2236  2236 I sysui_multi_action: [757,126,758,1,759,126,833,0,927,0,928,0]
07-10 11:56:05.837  2236  2236 I sysui_multi_action: [757,115,758,1,759,115,833,0,927,1,928,0]
07-10 11:56:05.837  2236  2236 I sysui_multi_action: [757,113,758,1,759,113,833,0,927,2,928,0]
07-10 11:56:05.837  2236  2236 I sysui_multi_action: [757,122,758,1,759,122,833,0,927,3,928,0]
07-10 11:56:05.837  2236  2236 I sysui_multi_action: [757,116,758,1,759,116,833,0,927,4,928,0]
07-10 11:56:05.837  2236  2236 I sysui_multi_action: [757,119,758,1,759,119,833,0,927,5,928,0]
07-10 11:56:05.855  2236  2236 I sysui_multi_action: [757,196,758,1,759,0]
07-10 11:56:05.855  2236  2236 I sysui_status_bar_state: [1,1,0,0,0,1]
07-10 11:56:05.860  1978  2001 I sysui_view_visibility: [127,100]
07-10 11:56:05.860  1978  2001 I sysui_multi_action: [757,127,758,1]
07-10 11:56:05.860  1978  2001 I sysui_histogram: [note_load,0]
07-10 11:56:05.860  1978  2001 I sysui_multi_action: [757,804,799,note_load,801,0,802,1]
07-10 11:56:05.860  1978  2001 I notification_panel_revealed: 0
07-10 11:56:08.614  1978  2258 I am_proc_start: [0,2729,1001,com.qualcomm.qcrilmsgtunnel,service,com.qualcomm.qcrilmsgtunnel/.QcrilMsgTunnelService]
07-10 11:56:08.634  1978  2001 I am_proc_bound: [0,2729,com.qualcomm.qcrilmsgtunnel]
07-10 11:56:08.648   853   939 I sf_stop_bootanim: 39113
07-10 11:56:08.649  1978  2026 I wm_boot_animation_done: 39115
07-10 11:56:08.661  1978  2026 I am_user_state_changed: [0,1]
07-10 11:56:08.661  1978  2026 I sysui_histogram: [framework_locked_boot_completed,39]
07-10 11:56:08.661  1978  2026 I sysui_multi_action: [757,804,799,framework_locked_boot_completed,801,39,802,1]
07-10 11:56:08.665  1978  2026 I am_user_state_changed: [0,2]
07-10 11:56:08.700  2758  2758 I auditd  : type=1400 audit(0.0:27): avc: denied { read } for comm="getprop" name="u:object_r:coresight_prop:s0" dev="tmpfs" ino=12602 scontext=u:r:vendor-qti-testscripts:s0 tcontext=u:object_r:coresight_prop:s0 tclass=file permissive=1
07-10 11:56:08.700  2758  2758 I auditd  : type=1400 audit(0.0:28): avc: denied { open } for comm="getprop" path="/dev/__properties__/u:object_r:coresight_prop:s0" dev="tmpfs" ino=12602 scontext=u:r:vendor-qti-testscripts:s0 tcontext=u:object_r:coresight_prop:s0 tclass=file permissive=1
07-10 11:56:08.700  2758  2758 I auditd  : type=1400 audit(0.0:29): avc: denied { getattr } for comm="getprop" path="/dev/__properties__/u:object_r:coresight_prop:s0" dev="tmpfs" ino=12602 scontext=u:r:vendor-qti-testscripts:s0 tcontext=u:object_r:coresight_prop:s0 tclass=file permissive=1
07-10 11:56:08.710  2760  2760 I sysui_multi_action: [757,1098,758,4,1099,]
07-10 11:56:08.728  2761  2761 I sysui_multi_action: [757,804,799,factory_reset_current_time,801,1531212968,802,1]
07-10 11:56:08.750  2765  2765 I sysui_multi_action: [757,804,799,post_decrypt_time_elapsed,801,24,802,1]
07-10 11:56:08.750  2765  2765 I sysui_multi_action: [757,804,799,last_boot_time_utc,801,1531212968,802,1]
07-10 11:56:08.750  2765  2765 I sysui_multi_action: [757,804,799,build_date,801,1530124918,802,1]
07-10 11:56:08.750  2765  2765 I sysui_multi_action: [757,804,799,boot_decryption_complete,801,39,802,1]
07-10 11:56:08.750  2765  2765 I sysui_multi_action: [757,804,799,factory_reset_boot_complete_post_decrypt,801,15,802,1]
07-10 11:56:08.750  2765  2765 I sysui_multi_action: [757,804,799,factory_reset_boot_complete,801,39,802,1]
07-10 11:56:08.750  2765  2765 I sysui_multi_action: [757,804,799,ro.boottime.init,801,13984,802,1]
07-10 11:56:08.750  2765  2765 I sysui_multi_action: [757,804,799,ro.boottime.init.selinux,801,195,802,1]
07-10 11:56:08.750  2765  2765 I sysui_multi_action: [757,804,799,ro.boottime.init.cold_boot_wait,801,1544,802,1]
07-10 11:56:08.750  2765  2765 I sysui_multi_action: [757,804,799,boottime.bootloader.total,801,0,802,1]
07-10 11:56:08.750  2765  2765 I sysui_multi_action: [757,804,799,absolute_boot_time,801,39,802,1]
07-10 11:56:08.750  2765  2765 I sysui_multi_action: [757,804,799,boot_reason,801,1,802,1]
07-10 11:56:08.750  2765  2765 I sysui_multi_action: [757,804,799,factory_reset_current_time,801,1531212968,802,1]
07-10 11:56:08.750  2765  2765 I sysui_multi_action: [757,804,799,factory_reset,801,1531212968,802,1]
07-10 11:56:09.159  1978  2012 I dvm_lock_sample: [system_server,1,ActivityManager,497,BroadcastQueue.java,821,void com.android.server.am.BroadcastQueue.processNextBroadcast(boolean),ActivityManagerService.java,7509,void com.android.server.am.ActivityManagerService.finishBooting(),99]
07-10 11:56:09.163  1978  2001 I dvm_lock_sample: [system_server,1,Binder:1978_2,494,ActivityManagerService.java,11382,java.lang.String com.android.server.am.ActivityManagerService.checkContentProviderAccess(java.lang.String, int),-,7509,void com.android.server.am.ActivityManagerService.finishBooting(),98]
07-10 11:56:09.163  1978  1978 I am_uid_running: 10096
07-10 11:56:09.205  1978  1978 I am_proc_start: [0,2792,10096,com.google.android.marvin.talkback,broadcast,com.google.android.marvin.talkback/com.google.android.accessibility.talkback.BootReceiver]
07-10 11:56:09.264  1978  2258 I am_proc_bound: [0,2792,com.google.android.marvin.talkback]
07-10 11:56:09.313  1978  2012 I am_uid_running: 10015
07-10 11:56:09.336  1978  2012 I am_proc_start: [0,2816,10015,com.google.android.gms.persistent,service,com.google.android.gms/.backup.component.D2dTransportService]
07-10 11:56:09.346  1978  1978 I backup_transport_lifecycle: [android/com.android.internal.backup.LocalTransportService,1]
07-10 11:56:09.369  1978  2012 I am_uid_running: 10039
07-10 11:56:09.392  1978  2012 I am_proc_start: [0,2837,10039,com.google.android.googlequicksearchbox:interactor,service,com.google.android.googlequicksearchbox/com.google.android.voiceinteraction.GsaVoiceInteractionService]
07-10 11:56:09.396  1978  2258 I am_uid_running: 10053
07-10 11:56:09.436  1978  2258 I am_proc_start: [0,2846,10053,com.google.android.deskclock,broadcast,com.google.android.deskclock/com.android.deskclock.AlarmInitReceiver]
07-10 11:56:09.445  1978  2387 I am_proc_bound: [0,2816,com.google.android.gms.persistent]
07-10 11:56:09.454  1978  2387 I am_uid_active: 10015
07-10 11:56:09.460  1978  2001 I dvm_lock_sample: [system_server,1,Binder:1978_2,60,ActivityManagerService.java,18979,android.content.Intent com.android.server.am.ActivityManagerService.registerReceiver(android.app.IApplicationThread, java.lang.String, android.content.IIntentReceiver, android.content.IntentFilter, java.lang.String, int, int),BroadcastQueue.java,821,void com.android.server.am.BroadcastQueue.processNextBroadcast(boolean),12]
07-10 11:56:09.470  1978  2387 I am_proc_bound: [0,2837,com.google.android.googlequicksearchbox:interactor]
07-10 11:56:09.472  1978  2387 I am_uid_active: 10039
07-10 11:56:09.474  1978  2258 I am_proc_bound: [0,2846,com.google.android.deskclock]
07-10 11:56:09.499  1978  2012 I am_proc_start: [0,2869,1001,com.qualcomm.qti.loadcarrier,added application,com.qualcomm.qti.loadcarrier]
07-10 11:56:09.535  1978  2012 I am_proc_start: [0,2884,1000,com.quicinc.wbcserviceapp,added application,com.quicinc.wbcserviceapp]
07-10 11:56:09.536  1978  2012 I am_uid_running: 10031
07-10 11:56:09.567  1978  2012 I am_proc_start: [0,2897,10031,com.android.test.soundtrigger,added application,com.android.test.soundtrigger]
07-10 11:56:09.603  1978  2012 I am_proc_start: [0,2920,1000,com.qualcomm.qti.services.secureui:sui_service,added application,com.qualcomm.qti.services.secureui:sui_service]
07-10 11:56:09.606  1978  2012 I am_user_state_changed: [0,3]
07-10 11:56:09.606  1978  2012 I sysui_histogram: [framework_boot_completed,40]
07-10 11:56:09.607  1978  2012 I sysui_multi_action: [757,804,799,framework_boot_completed,801,40,802,1]
07-10 11:56:09.610  1978  2465 I am_proc_bound: [0,2884,com.quicinc.wbcserviceapp]
07-10 11:56:09.612  1978  2387 I dvm_lock_sample: [system_server,1,Binder:1978_5,63,ActivityManagerService.java,7343,void com.android.server.am.ActivityManagerService.attachApplication(android.app.IApplicationThread),-,12336,void com.android.server.am.ActivityManagerService.startPersistentApps(int),12]
07-10 11:56:09.613  1978  2011 I am_uid_running: 10078
07-10 11:56:09.642  1978  2011 I am_proc_start: [0,2943,10078,com.android.printspooler,service,com.android.printspooler/.model.PrintSpoolerService]
07-10 11:56:09.646  1978  2387 I am_proc_bound: [0,2869,com.qualcomm.qti.loadcarrier]
07-10 11:56:09.646  1978  2257 I dvm_lock_sample: [system_server,1,Binder:1978_3,35,ActivityManagerService.java,7343,void com.android.server.am.ActivityManagerService.attachApplication(android.app.IApplicationThread),UserController.java,347,void com.android.server.am.UserController.finishUserUnlocked(com.android.server.am.UserState),7]
07-10 11:56:09.650  1978  2257 I am_proc_bound: [0,2897,com.android.test.soundtrigger]
07-10 11:56:09.652  1978  2257 I am_uid_active: 10031
07-10 11:56:09.664  1978  2001 I am_proc_bound: [0,2920,com.qualcomm.qti.services.secureui:sui_service]
07-10 11:56:09.699  1978  1978 I am_proc_start: [0,2960,1000,com.android.launcher3,service,com.android.launcher3/.notification.NotificationListener]
07-10 11:56:09.700  1978  2465 I am_finish_activity: [0,215573865,1,com.android.settings/.FallbackHome,app-request]
07-10 11:56:09.701  1978  2465 I wm_task_moved: [1,1,0]
07-10 11:56:09.701  1978  2465 I am_destroy_activity: [0,215573865,1,com.android.settings/.FallbackHome,finish-imm]
07-10 11:56:09.714  1978  2012 I sysui_count: [window_time_0,5]
07-10 11:56:09.714  1978  2012 I sysui_multi_action: [757,803,799,window_time_0,802,5]
07-10 11:56:09.722  1978  2387 I am_proc_bound: [0,2943,com.android.printspooler]
07-10 11:56:09.723  1978  2387 I am_uid_active: 10078
07-10 11:56:09.740  2442  2442 I auditd  : type=1400 audit(0.0:30): avc: denied { read } for comm="m.android.phone" name="u:object_r:opengles_prop:s0" dev="tmpfs" ino=12599 scontext=u:r:radio:s0 tcontext=u:object_r:opengles_prop:s0 tclass=file permissive=0
07-10 11:56:09.749  1978  2258 I wm_task_removed: [1,removeAppToken: last token]
07-10 11:56:09.749  1978  2258 I wm_task_removed: [1,removeTask]
07-10 11:56:09.767  1978  2258 I wm_task_created: [49,0]
07-10 11:56:09.767  1978  2258 I wm_task_moved: [49,1,0]
07-10 11:56:09.768  1978  2258 I wm_task_moved: [49,1,0]
07-10 11:56:09.768  1978  2258 I am_create_task: [0,49]
07-10 11:56:09.768  1978  2258 I am_create_activity: [0,256988635,49,com.android.launcher3/com.android.searchlauncher.SearchLauncher,android.intent.action.MAIN,NULL,NULL,268435712]
07-10 11:56:09.768  1978  2258 I wm_task_moved: [49,1,0]
07-10 11:56:09.773  1978  2463 I dvm_lock_sample: [system_server,1,Binder:1978_7,25,ActivityManagerService.java,14790,com.android.server.am.ProcessRecord com.android.server.am.ActivityManagerService.findAppProcess(android.os.IBinder, java.lang.String),-,7636,void com.android.server.am.ActivityManagerService.activityDestroyed(android.os.IBinder),5]
07-10 11:56:09.775  1978  2977 I am_proc_bound: [0,2960,com.android.launcher3]
07-10 11:56:09.784  1978  2977 I am_restart_activity: [0,256988635,49,com.android.launcher3/com.android.searchlauncher.SearchLauncher]
07-10 11:56:09.785  1978  2977 I am_set_resumed_activity: [0,com.android.launcher3/com.android.searchlauncher.SearchLauncher,minimalResumeActivityLocked]
07-10 11:56:09.788  1978  2977 I am_pause_activity: [0,256988635,com.android.launcher3/com.android.searchlauncher.SearchLauncher]
07-10 11:56:09.873  1978  2465 I am_proc_start: [0,3002,10015,com.google.process.gservices,content provider,com.google.android.gsf/.gservices.GservicesProvider]
07-10 11:56:09.877  2236  2236 I sysui_multi_action: [757,186,758,4,826,128,827,5941]
07-10 11:56:09.877  2236  2236 I sysui_lockscreen_gesture: [1,128,5941]
07-10 11:56:09.898  1978  2000 I am_proc_start: [0,3020,10039,com.google.android.googlequicksearchbox:search,content provider,com.google.android.googlequicksearchbox/com.google.android.apps.gsa.staticplugins.publiccontent.GsaPublicContentProvider]
07-10 11:56:09.902  1978  2463 I am_uid_running: 10026
07-10 11:56:09.906  2442  2462 I dvm_lock_sample: [com.android.phone,1,Binder:2442_2,4591,PhoneFactory.java,277,com.android.internal.telephony.Phone com.android.internal.telephony.PhoneFactory.getPhone(int),Object.java,-2,void java.lang.Object.wait(),100]
07-10 11:56:09.920  1978  2463 I am_proc_start: [0,3026,10026,com.android.vending,content provider,com.android.vending/com.google.android.finsky.addtohomescreen.AddToHomeScreenSettingProvider]
07-10 11:56:09.921  1978  2257 I am_proc_bound: [0,3002,com.google.process.gservices]
07-10 11:56:09.934  1978  2977 I am_proc_bound: [0,3020,com.google.android.googlequicksearchbox:search]
07-10 11:56:09.939  1978  2975 I sysui_view_visibility: [127,0]
07-10 11:56:09.939  1978  2975 I sysui_multi_action: [757,127,758,2]
07-10 11:56:09.939  1978  2975 I notification_panel_hidden: 
07-10 11:56:09.940  1978  2387 I am_uid_running: 10002
07-10 11:56:09.956  1978  2387 I am_proc_start: [0,3054,10002,android.process.acore,content provider,com.android.providers.contacts/.ContactsProvider2]
07-10 11:56:09.966  1978  2001 I am_set_resumed_activity: [0,com.android.launcher3/com.android.searchlauncher.SearchLauncher,resumeTopActivityInnerLocked]
07-10 11:56:09.967  1978  2001 I am_resume_activity: [0,256988635,49,com.android.launcher3/com.android.searchlauncher.SearchLauncher]
07-10 11:56:09.973  1978  3049 I am_proc_bound: [0,3026,com.android.vending]
07-10 11:56:09.976  1978  3049 I am_uid_active: 10026
07-10 11:56:09.982  1978  2257 I dvm_lock_sample: [system_server,1,Binder:1978_3,23,ActivityManagerService.java,18895,android.content.Intent com.android.server.am.ActivityManagerService.registerReceiver(android.app.IApplicationThread, java.lang.String, android.content.IIntentReceiver, android.content.IntentFilter, java.lang.String, int, int),-,11612,android.app.ContentProviderHolder com.android.server.am.ActivityManagerService.getContentProviderImpl(android.app.IApplicationThread, java.lang.String, android.os.IBinder, boolean, int),4]
07-10 11:56:09.982  1978  2012 I sysui_count: [window_time_0,0]
07-10 11:56:09.983  1978  2012 I sysui_multi_action: [757,803,799,window_time_0,802,0]
07-10 11:56:10.008  1978  3053 I am_proc_start: [0,3084,10015,com.google.android.gms,service,com.google.android.gms/.chimera.GmsBoundBrokerService]
07-10 11:56:10.009  1978  2975 I am_proc_bound: [0,3054,android.process.acore]
07-10 11:56:10.012  1978  2975 I am_uid_active: 10002
07-10 11:56:10.029  1978  2011 I am_proc_start: [0,3098,1000,com.android.keychain,service,com.android.keychain/.KeyChainService]
07-10 11:56:10.033  1978  2257 I am_proc_bound: [0,3084,com.google.android.gms]
07-10 11:56:10.082  1978  2001 I am_proc_bound: [0,3098,com.android.keychain]
07-10 11:56:10.159  2236  2236 I sysui_count: [panel_open,1]
07-10 11:56:10.159  2236  2236 I sysui_multi_action: [757,803,799,panel_open,802,1]
07-10 11:56:10.172  1978  2000 I sysui_view_visibility: [127,100]
07-10 11:56:10.172  1978  2000 I sysui_multi_action: [757,127,758,1]
07-10 11:56:10.172  1978  2000 I sysui_histogram: [note_load,0]
07-10 11:56:10.173  1978  2000 I sysui_multi_action: [757,804,799,note_load,801,0,802,1]
07-10 11:56:10.173  1978  2000 I notification_panel_revealed: 0
07-10 11:56:10.233  1978  2000 I dvm_lock_sample: [system_server,1,Binder:1978_1,5,ActivityManagerService.java,12188,boolean com.android.server.am.ActivityManagerService.refContentProvider(android.os.IBinder, int, int),-,18593,int com.android.server.am.ActivityManagerService.bindService(android.app.IApplicationThread, android.os.IBinder, android.content.Intent, java.lang.String, android.app.IServiceConnection, int, java.lang.String, int),1]
07-10 11:56:10.251  2236  2356 I sysui_multi_action: [757,1093,758,4,793,5293,1094,9453568,1095,5]
07-10 11:56:10.353  2960  2960 I am_on_resume_called: [0,com.android.searchlauncher.SearchLauncher,LAUNCH_ACTIVITY]
07-10 11:56:10.397  2960  2960 I am_on_paused_called: [0,com.android.searchlauncher.SearchLauncher,handlePauseActivity]
07-10 11:56:10.398  1978  2465 I am_failed_to_pause: [0,256988635,com.android.launcher3/com.android.searchlauncher.SearchLauncher,(none)]
07-10 11:56:10.408  2960  2960 I am_on_resume_called: [0,com.android.searchlauncher.SearchLauncher,RESUME_ACTIVITY]
07-10 11:56:10.438  1978  3159 I am_proc_start: [0,3170,1000,com.qualcomm.location.XT,service,com.qualcomm.location.XT/.XTSrv]
07-10 11:56:10.496  1978  2387 I am_proc_bound: [0,3170,com.qualcomm.location.XT]
07-10 11:56:10.524  2236  2236 I sysui_view_visibility: [111,0]
07-10 11:56:10.524  2236  2236 I sysui_multi_action: [757,111,758,2]
07-10 11:56:10.529  2236  2236 I sysui_multi_action: [757,196,758,2,759,0]
07-10 11:56:10.529  2236  2236 I sysui_status_bar_state: [0,0,0,0,0,1]
07-10 11:56:10.535  1978  2026 I am_activity_launch_time: [0,256988635,com.android.launcher3/com.android.searchlauncher.SearchLauncher,726,5765]
07-10 11:56:10.568  1978  2465 I sysui_view_visibility: [127,0]
07-10 11:56:10.568  1978  2465 I sysui_multi_action: [757,127,758,2]
07-10 11:56:10.568  1978  2465 I notification_panel_hidden: 
07-10 11:56:10.692  1978  2001 I am_uid_running: 10084
07-10 11:56:10.733  1978  2465 I dvm_lock_sample: [system_server,1,Binder:1978_8,34,ActivityManagerService.java,18593,int com.android.server.am.ActivityManagerService.bindService(android.app.IApplicationThread, android.os.IBinder, android.content.Intent, java.lang.String, android.app.IServiceConnection, int, java.lang.String, int),-,18593,int com.android.server.am.ActivityManagerService.bindService(android.app.IApplicationThread, android.os.IBinder, android.content.Intent, java.lang.String, android.app.IServiceConnection, int, java.lang.String, int),6]
07-10 11:56:10.802  1978  2975 I am_proc_bound: [0,3234,com.android.smspush]
07-10 11:56:10.803  1978  2975 I am_uid_active: 10084
07-10 11:56:10.873  1978  1978 I backup_transport_lifecycle: [com.google.android.gms/.backup.component.D2dTransportService,1]
07-10 11:56:10.980  3020  3020 I dvm_lock_sample: [com.google.android.googlequickse,1,main,862,SourceFile,10,com.google.android.apps.gsa.c.a.g com.google.android.apps.gsa.a.tq(),-,2,com.google.android.apps.gsa.binaries.velvet.app.qy com.google.android.apps.gsa.binaries.velvet.app.qx.createSearchProcessComponent(com.google.android.apps.gsa.c.m),100]
07-10 11:56:11.031  1978  1978 I notification_cancel_all: [1000,1978,com.android.vending,0,0,0,17,NULL]
07-10 11:56:11.046  1978  1978 I chatty  : uid=1000 system_server identical 2 lines
07-10 11:56:11.047  1978  1978 I notification_cancel_all: [1000,1978,com.android.vending,0,0,0,17,NULL]
07-10 11:56:11.143  1978  1978 I backup_transport_lifecycle: [com.google.android.gms/.backup.BackupTransportService,1]
07-10 11:56:11.179  1978  2000 I am_proc_start: [0,3318,10015,com.google.process.gapps,content provider,com.google.android.gsf/.settings.GoogleSettingsProvider]
07-10 11:56:11.222  1978  2258 I am_proc_bound: [0,3318,com.google.process.gapps]
07-10 11:56:11.408  1978  2975 I am_uid_running: 10022
07-10 11:56:11.436  1978  2975 I am_proc_start: [0,3368,10022,com.google.android.partnersetup,content provider,com.google.android.partnersetup/.RlzAppProvider]
07-10 11:56:11.447  1978  2258 I am_uid_running: 10009
07-10 11:56:11.476  1978  2258 I am_proc_start: [0,3381,10009,android.process.media,content provider,com.android.providers.downloads/.DownloadProvider]
07-10 11:56:11.482  1978  2257 I dvm_lock_sample: [system_server,1,Binder:1978_3,29,ActivityManagerService.java,20000,int com.android.server.am.ActivityManagerService.broadcastIntent(android.app.IApplicationThread, android.content.Intent, java.lang.String, android.content.IIntentReceiver, int, java.lang.String, android.os.Bundle, java.lang.String[], int, android.os.Bundle, boolean, boolean, int),-,11612,android.app.ContentProviderHolder com.android.server.am.ActivityManagerService.getContentProviderImpl(android.app.IApplicationThread, java.lang.String, android.os.IBinder, boolean, int),5]
07-10 11:56:11.504  1978  2465 I am_proc_bound: [0,3368,com.google.android.partnersetup]
07-10 11:56:11.506  1978  2465 I am_uid_active: 10022
07-10 11:56:11.548  1978  2465 I am_proc_bound: [0,3381,android.process.media]
07-10 11:56:11.753  2236  2236 I sysui_count: [panel_open,1]
07-10 11:56:11.754  2236  2236 I sysui_multi_action: [757,803,799,panel_open,802,1]
07-10 11:56:11.828  1978  2463 I dvm_lock_sample: [system_server,1,Binder:1978_7,18,WindowManagerService.java,1937,int com.android.server.wm.WindowManagerService.relayoutWindow(com.android.server.wm.Session, android.view.IWindow, int, android.view.WindowManager$LayoutParams, int, int, int, int, android.graphics.Rect, android.graphics.Rect, android.graphics.Rect, android.graphics.Rect, android.graphics.Rect, android.graphics.Rect, android.graphics.Rect, android.util.MergedConfiguration, android.view.Surface),WindowAnimator.java,156,void com.android.server.wm.WindowAnimator.animate(long),3]
07-10 11:56:12.145  1978  2198 I netstats_mobile_sample: [0,0,0,0,0,0,0,0,0,0,0,0,-1]
07-10 11:56:12.145  1978  2198 I netstats_wifi_sample: [0,0,0,0,0,0,0,0,0,0,0,0,-1]
07-10 11:56:12.161  1978  2198 I netstats_mobile_sample: [0,0,0,0,0,0,0,0,0,0,0,0,-1]
07-10 11:56:12.162  1978  2198 I netstats_wifi_sample: [330,1,0,0,330,1,0,0,0,0,0,0,-1]
07-10 11:56:12.193  1978  2518 I ntp_failure: [time.android.com,java.net.UnknownHostException: Unable to resolve host "time.android.com": No address associated with hostname]
07-10 11:56:12.211  1978  2190 I ntp_failure: [time.android.com,java.net.UnknownHostException: Unable to resolve host "time.android.com": No address associated with hostname]
07-10 11:56:12.275  2236  2236 I sysui_view_visibility: [111,100]
07-10 11:56:12.275  2236  2236 I sysui_multi_action: [757,111,758,1]
07-10 11:56:12.275  2236  2236 I sysui_multi_action: [757,126,758,1,759,126,833,1,927,0,928,1]
07-10 11:56:12.275  2236  2236 I sysui_multi_action: [757,115,758,1,759,115,833,1,927,1,928,0]
07-10 11:56:12.275  2236  2236 I sysui_multi_action: [757,113,758,1,759,113,833,1,927,2,928,0]
07-10 11:56:12.275  2236  2236 I sysui_multi_action: [757,122,758,1,759,122,833,1,927,3,928,0]
07-10 11:56:12.275  2236  2236 I sysui_multi_action: [757,116,758,1,759,116,833,1,927,4,928,0]
07-10 11:56:12.275  2236  2236 I sysui_multi_action: [757,119,758,1,759,119,833,1,927,5,928,0]
07-10 11:56:12.275  2236  2236 I sysui_multi_action: [757,123,758,1,759,123,833,0,927,6,928,0]
07-10 11:56:12.276  2236  2236 I sysui_multi_action: [757,261,758,1,759,261,833,0,927,7,928,0]
07-10 11:56:12.276  2236  2236 I sysui_multi_action: [757,112,758,1,759,112,833,0,927,8,928,0]
07-10 11:56:12.276  2236  2236 I sysui_multi_action: [757,114,758,1,759,114,833,0,927,9,928,0]
07-10 11:56:12.276  2236  2236 I sysui_multi_action: [757,120,758,1,759,120,833,0,927,10,928,0]
07-10 11:56:12.276  2236  2236 I sysui_multi_action: [757,491,758,1,759,491,833,0,927,11,928,0]
07-10 11:56:12.276  2236  2236 I sysui_view_visibility: [111,100]
07-10 11:56:12.276  2236  2236 I sysui_multi_action: [757,111,758,1]
07-10 11:56:12.276  2236  2236 I sysui_multi_action: [757,126,758,1,759,126,833,1,927,0,928,1]
07-10 11:56:12.276  2236  2236 I sysui_multi_action: [757,115,758,1,759,115,833,1,927,1,928,0]
07-10 11:56:12.276  2236  2236 I sysui_multi_action: [757,113,758,1,759,113,833,1,927,2,928,0]
07-10 11:56:12.276  2236  2236 I sysui_multi_action: [757,122,758,1,759,122,833,1,927,3,928,0]
07-10 11:56:12.276  2236  2236 I sysui_multi_action: [757,116,758,1,759,116,833,1,927,4,928,0]
07-10 11:56:12.276  2236  2236 I sysui_multi_action: [757,119,758,1,759,119,833,1,927,5,928,0]
07-10 11:56:12.505  1978  3049 I dvm_lock_sample: [system_server,1,Binder:1978_C,5,ActivityManagerService.java,11612,android.app.ContentProviderHolder com.android.server.am.ActivityManagerService.getContentProviderImpl(android.app.IApplicationThread, java.lang.String, android.os.IBinder, boolean, int),-,12049,void com.android.server.am.ActivityManagerService.removeContentProvider(android.os.IBinder, boolean),1]
07-10 11:56:12.632  1978  2258 I am_proc_start: [0,3499,1000,com.qualcomm.qti.poweroffalarm,broadcast,com.qualcomm.qti.poweroffalarm/.PowerOffAlarmBroadcastReceiver]
07-10 11:56:12.692  1978  3060 I am_proc_bound: [0,3499,com.qualcomm.qti.poweroffalarm]
07-10 11:56:12.899  1978  3060 I am_uid_running: 10077
07-10 11:56:12.921  2236  2356 I sysui_multi_action: [757,1093,758,4,793,2671,1094,9486336,1095,6]
07-10 11:56:12.924  1978  3060 I am_proc_start: [0,3537,10077,com.google.android.apps.photos,broadcast,com.google.android.apps.photos/.sdcard.envcache.ExternalStorageStateChangeBroadcastReceiver]
07-10 11:56:12.954  1978  3060 I am_proc_bound: [0,3537,com.google.android.apps.photos]
07-10 11:56:13.291  1978  3049 I am_uid_running: 10115
07-10 11:56:13.325  1978  3049 I am_proc_start: [0,3573,10115,com.duapps.recorder,broadcast,com.duapps.recorder/com.duapps.screen.recorder.DuReceiver]
07-10 11:56:13.375  1978  2975 I am_proc_bound: [0,3573,com.duapps.recorder]
07-10 11:56:13.513  1978  2011 I am_meminfo: [1161814016,1140936704,12288,312803328,359074816]
07-10 11:56:14.104  2236  2356 I sysui_multi_action: [757,1093,758,4,793,1184,1094,9486336,1095,6]
07-10 11:56:14.070  3656  3656 I auditd  : type=1400 audit(0.0:31): avc: denied { read } for comm="top" name="stat" dev="proc" ino=4026532072 scontext=u:r:untrusted_app_25:s0:c512,c768 tcontext=u:object_r:proc_stat:s0 tclass=file permissive=0
07-10 11:56:14.370  3656  3656 I auditd  : type=1400 audit(0.0:32): avc: denied { read } for comm="top" name="stat" dev="proc" ino=4026532072 scontext=u:r:untrusted_app_25:s0:c512,c768 tcontext=u:object_r:proc_stat:s0 tclass=file permissive=0
07-10 11:56:14.615  1978  2975 I am_uid_running: 10109
07-10 11:56:14.660  1978  2975 I am_proc_start: [0,3670,10109,com.sonymobile.androidapp.audiorecorder,broadcast,com.sonymobile.androidapp.audiorecorder/.receiver.ExternalStorageReceiver]
07-10 11:56:14.710  1978  2975 I am_proc_bound: [0,3670,com.sonymobile.androidapp.audiorecorder]
07-10 11:56:15.292  1978  3049 I am_proc_start: [0,3716,1000,com.qualcomm.qti.qmmi,broadcast,com.qualcomm.qti.qmmi/.framework.QmmiReceiver]
07-10 11:56:15.295  1978  2975 I am_uid_running: 10013
07-10 11:56:15.323  1978  2975 I am_proc_start: [0,3730,10013,com.android.externalstorage,content provider,com.android.externalstorage/.ExternalStorageProvider]
07-10 11:56:15.325  1978  2463 I am_proc_bound: [0,3716,com.qualcomm.qti.qmmi]
07-10 11:56:15.354  1978  3049 I am_proc_bound: [0,3730,com.android.externalstorage]
07-10 11:56:15.568  1978  3754 I sysui_histogram: [boot_mount_all_duration_default,86]
07-10 11:56:15.569  1978  3754 I sysui_multi_action: [757,804,799,boot_mount_all_duration_default,801,86,802,1]
07-10 11:56:15.570  1978  3754 I sysui_histogram: [boot_fs_stat_dsp_a,3]
07-10 11:56:15.570  1978  3754 I sysui_multi_action: [757,804,799,boot_fs_stat_dsp_a,801,3,802,1]
07-10 11:56:15.574  1978  3754 I sysui_histogram: [shutdown_activity_manager,330]
07-10 11:56:15.574  1978  3754 I sysui_multi_action: [757,804,799,shutdown_activity_manager,801,330,802,1]
07-10 11:56:15.574  1978  3754 I sysui_histogram: [shutdown_radios,264]
07-10 11:56:15.574  1978  3754 I sysui_multi_action: [757,804,799,shutdown_radios,801,264,802,1]
07-10 11:56:15.574  1978  3754 I sysui_histogram: [shutdown_radio,258]
07-10 11:56:15.574  1978  3754 I sysui_multi_action: [757,804,799,shutdown_radio,801,258,802,1]
07-10 11:56:15.574  1978  3754 I sysui_histogram: [shutdown_send_shutdown_broadcast,821]
07-10 11:56:15.574  1978  3754 I sysui_multi_action: [757,804,799,shutdown_send_shutdown_broadcast,801,821,802,1]
07-10 11:56:15.575  1978  3754 I sysui_histogram: [shutdown_system_server,1977]
07-10 11:56:15.575  1978  3754 I sysui_multi_action: [757,804,799,shutdown_system_server,801,1977,802,1]
07-10 11:56:15.575  1978  3754 I sysui_histogram: [shutdown_package_manager,52]
07-10 11:56:15.575  1978  3754 I sysui_multi_action: [757,804,799,shutdown_package_manager,801,52,802,1]
07-10 11:56:15.575  1978  3754 I sysui_histogram: [shutdown_storage_manager,500]
07-10 11:56:15.575  1978  3754 I sysui_multi_action: [757,804,799,shutdown_storage_manager,801,500,802,1]
07-10 11:56:15.595  1978  2465 I am_uid_running: 10017
07-10 11:56:15.598  1978  2011 I sync    : [com.google.android.gms.games,0,2,1555827538]
07-10 11:56:15.619  1978  2465 I am_proc_start: [0,3767,10017,com.google.android.dialer,broadcast,com.google.android.dialer/com.google.android.apps.dialer.app.GoogleDialerBootReceiver]
07-10 11:56:15.622  1978  3049 I dvm_lock_sample: [system_server,1,Binder:1978_C,18,ActivityManagerService.java,18895,android.content.Intent com.android.server.am.ActivityManagerService.registerReceiver(android.app.IApplicationThread, java.lang.String, android.content.IIntentReceiver, android.content.IntentFilter, java.lang.String, int, int),BroadcastQueue.java,821,void com.android.server.am.BroadcastQueue.processNextBroadcast(boolean),3]
07-10 11:56:15.634  1978  2011 I sync    : [com.google.android.gms.photos.iu.EsGoogleIuProvider,0,2,1555827538]
07-10 11:56:15.643  1978  2011 I sync    : [com.google.android.gms.games.background,0,2,1555827538]
07-10 11:56:15.658  1978  2011 I sync    : [com.google.android.gms.drive.sync,0,2,1555827538]
07-10 11:56:15.669  1978  3049 I am_proc_bound: [0,3767,com.google.android.dialer]
07-10 11:56:15.674  1978  3049 I am_uid_active: 10009
07-10 11:56:15.720  1978  2465 I am_proc_start: [0,3795,10015,com.google.android.play.games.ui,content provider,com.google.android.gms/.games.provider.NotificationStubContentProvider]
07-10 11:56:15.770  1978  2975 I am_proc_bound: [0,3795,com.google.android.play.games.ui]
07-10 11:56:15.782  1978  2011 I sync    : [com.google.android.gms.games.background,1,2,1555827538]
07-10 11:56:15.789  1978  2011 I sync    : [com.google.android.gms.photos.iu.EsGoogleIuProvider,1,2,1555827538]
07-10 11:56:15.906  1978  2011 I sync    : [com.google.android.gms.games,1,2,1555827538]
07-10 11:56:15.924  2236  2356 I sysui_multi_action: [757,1093,758,4,793,1820,1094,9486336,1095,6]
07-10 11:56:16.205  1978  2001 I am_proc_start: [0,3844,1000,com.qualcomm.display,broadcast,com.qualcomm.cabl/.CABLReceiver]
07-10 11:56:16.248  1978  2977 I am_proc_bound: [0,3844,com.qualcomm.display]
07-10 11:56:16.310  1978  2011 I sync    : [com.google.android.gms.drive.sync,1,2,1555827538]
07-10 11:56:16.526  1978  2975 I am_proc_start: [0,3877,1000,com.qti.diagservices,broadcast,com.qti.diagservices/.Diag_OnBoot]
07-10 11:56:16.580  1978  3053 I am_proc_bound: [0,3877,com.qti.diagservices]
07-10 11:56:16.624  2236  2236 I sysui_view_visibility: [111,0]
07-10 11:56:16.625  2236  2236 I sysui_multi_action: [757,111,758,2]
07-10 11:56:16.625  2236  2236 I sysui_view_visibility: [111,0]
07-10 11:56:16.625  2236  2236 I sysui_multi_action: [757,111,758,2]
07-10 11:56:16.667  1978  3053 I am_uid_running: 10010
07-10 11:56:16.692  1978  3053 I am_proc_start: [0,3897,10010,com.android.cellbroadcastreceiver,broadcast,com.android.cellbroadcastreceiver/.CellBroadcastReceiver]
07-10 11:56:16.715  1978  3053 I sysui_view_visibility: [127,0]
07-10 11:56:16.715  1978  3053 I sysui_multi_action: [757,127,758,2]
07-10 11:56:16.715  1978  3053 I notification_panel_hidden: 
07-10 11:56:16.735  1978  2975 I am_proc_bound: [0,3897,com.android.cellbroadcastreceiver]
07-10 11:56:16.855  1978  2975 I am_uid_running: 10023
07-10 11:56:16.879  1978  2975 I am_proc_start: [0,3917,10023,com.android.hotwordenrollment.okgoogle,broadcast,com.android.hotwordenrollment.okgoogle/.StartupReceiver]
07-10 11:56:16.933  1978  2977 I am_proc_bound: [0,3917,com.android.hotwordenrollment.okgoogle]
07-10 11:56:17.026  1978  2975 I am_uid_running: 10024
07-10 11:56:17.053  1978  2975 I am_proc_start: [0,3935,10024,com.android.managedprovisioning,broadcast,com.android.managedprovisioning/.preprovisioning.BootReminder]
07-10 11:56:17.092  1978  3053 I am_proc_bound: [0,3935,com.android.managedprovisioning]
07-10 11:56:17.111  2236  2356 I sysui_multi_action: [757,1093,758,4,793,1187,1094,9486336,1095,6]
07-10 11:56:17.165  1978  2388 I am_uid_running: 10004
07-10 11:56:17.188  1978  2388 I am_proc_start: [0,3950,10004,com.android.providers.calendar,broadcast,com.android.providers.calendar/.CalendarReceiver]
07-10 11:56:17.232  1978  2975 I am_proc_bound: [0,3950,com.android.providers.calendar]
07-10 11:56:17.667  1978  1978 I am_uid_running: 10093
07-10 11:56:17.693  1978  1978 I am_proc_start: [0,3984,10093,com.generalmobile.app.gmfilemanager,broadcast,com.generalmobile.app.gmfilemanager/.core.services.BootCompleteReceiver]
07-10 11:56:17.763  1978  3837 I am_proc_bound: [0,3984,com.generalmobile.app.gmfilemanager]
07-10 11:56:17.816  3020  3484 I dvm_lock_sample: [com.google.android.googlequickse,0,NonUserFacing6,285,SourceFile,101,void com.google.android.apps.gsa.eventlogger.g.RC(),Object.java,-2,void java.lang.Object.wait(),57]
07-10 11:56:17.832  2816  3967 I c2dm    : [-2,,1,1]
07-10 11:56:17.886  2816  4005 I c2dm    : [3,,1,1]
07-10 11:56:17.903  2816  4005 I gtalk_heartbeat_reset: [66376,74.125.68.188:5228]
07-10 11:56:17.905  2816  4005 I gtalk_connection: 0
07-10 11:56:17.911  2816  4005 I c2dm    : [7,,1,1]
07-10 11:56:18.409  1978  2388 I am_uid_running: 10092
07-10 11:56:18.430  1978  2388 I am_proc_start: [0,4056,10092,com.generalmobile.app.musicplayer,broadcast,com.generalmobile.app.musicplayer/com.evernote.android.job.JobBootReceiver]
07-10 11:56:18.475  1978  2388 I am_proc_bound: [0,4056,com.generalmobile.app.musicplayer]
07-10 11:56:19.038  1978  3053 I dvm_lock_sample: [system_server,1,Binder:1978_D,15,ActivityManagerService.java,12188,boolean com.android.server.am.ActivityManagerService.refContentProvider(android.os.IBinder, int, int),-,18487,int com.android.server.am.ActivityManagerService.stopService(android.app.IApplicationThread, android.content.Intent, java.lang.String, int),3]
07-10 11:56:19.086  1978  3837 I am_uid_running: 10091
07-10 11:56:19.123  1978  3837 I am_proc_start: [0,4126,10091,com.generalmobile.assistant,broadcast,com.generalmobile.assistant/.utils.retail.receiver.OnBootBroadcast]
07-10 11:56:19.182  1978  2977 I am_proc_bound: [0,4126,com.generalmobile.assistant]
07-10 11:56:19.767  3026  4074 I google_http_request: [405,200,Android-Finsky/10.6.08-all%20%5B0%5D%20%5BPR%5D%20200628961 (api=3,versionCode=81060800,sdk=27,device=GM9PRO_sprout,hardware=qcom,product=GM9PRO,platformVersionRelease=8.1.0,model=GM%209%20Pro,buildId=OPM1.171019.019,isWideScreen=0,supportedAbis=arm64-v8a;armeabi-v7a;armeabi),1]
07-10 11:56:19.997  2236  2236 I sysui_count: [panel_open,1]
07-10 11:56:19.997  2236  2236 I sysui_multi_action: [757,803,799,panel_open,802,1]
07-10 11:56:20.017  1978  3053 I sysui_view_visibility: [127,100]
07-10 11:56:20.017  1978  3053 I sysui_multi_action: [757,127,758,1]
07-10 11:56:20.017  1978  3053 I sysui_histogram: [note_load,0]
07-10 11:56:20.017  1978  3053 I sysui_multi_action: [757,804,799,note_load,801,0,802,1]
07-10 11:56:20.017  1978  3053 I notification_panel_revealed: 0
07-10 11:56:20.022   636   636 I auditd  : avc:  denied  { find } for service=regionalization pid=3381 uid=10009 scontext=u:r:mediaprovider:s0:c512,c768 tcontext=u:object_r:regionalization_service:s0 tclass=service_manager permissive=0
07-10 11:56:20.220  1978  3053 I am_proc_start: [0,4198,1000,com.generalmobile.gmservice,broadcast,com.generalmobile.gmservice/.utils.receivers.BootReceiver]
07-10 11:56:20.254  1978  2011 I am_pss  : [2960,1000,com.android.launcher3,132571136,121470976,0]
07-10 11:56:20.272  1978  3053 I am_proc_bound: [0,4198,com.generalmobile.gmservice]
07-10 11:56:20.338  1978  3053 I am_uid_running: 10095
07-10 11:56:20.361  1978  3053 I am_proc_start: [0,4214,10095,com.generalmobile.storeoid,broadcast,com.generalmobile.storeoid/.livedevice.OnBootBroadcast]
07-10 11:56:20.367  2236  2236 I sysui_view_visibility: [111,100]
07-10 11:56:20.368  2236  2236 I sysui_multi_action: [757,111,758,1]
07-10 11:56:20.368  2236  2236 I sysui_multi_action: [757,126,758,1,759,126,833,1,927,0,928,1]
07-10 11:56:20.368  2236  2236 I sysui_multi_action: [757,115,758,1,759,115,833,1,927,1,928,0]
07-10 11:56:20.368  2236  2236 I sysui_multi_action: [757,113,758,1,759,113,833,1,927,2,928,0]
07-10 11:56:20.368  2236  2236 I sysui_multi_action: [757,122,758,1,759,122,833,1,927,3,928,0]
07-10 11:56:20.369  2236  2236 I sysui_multi_action: [757,116,758,1,759,116,833,1,927,4,928,0]
07-10 11:56:20.369  2236  2236 I sysui_multi_action: [757,119,758,1,759,119,833,1,927,5,928,0]
07-10 11:56:20.369  2236  2236 I sysui_multi_action: [757,123,758,1,759,123,833,0,927,6,928,0]
07-10 11:56:20.369  2236  2236 I sysui_multi_action: [757,261,758,1,759,261,833,0,927,7,928,0]
07-10 11:56:20.369  2236  2236 I sysui_multi_action: [757,112,758,1,759,112,833,0,927,8,928,0]
07-10 11:56:20.369  2236  2236 I sysui_multi_action: [757,114,758,1,759,114,833,0,927,9,928,0]
07-10 11:56:20.369  2236  2236 I sysui_multi_action: [757,120,758,1,759,120,833,0,927,10,928,0]
