07-10 11:56:10.216  1313  1630 E RILQ    : (0/1313): RIL[0][(1313,1630)] get_ecc_property_name: ecc list name : ril.ecclist.
07-10 11:56:10.217  1313  1630 I RILQ    : (0/1313):RIL[0][(1313,1630)] qcril_qmi_nas_evaluate_custom_emergency_numbers_for_card: cur_status 0, card_state 9
07-10 11:56:10.217  1313  1630 E RILQ    : (0/1313): RIL[0][(1313,1630)] get_ecc_property_name: ecc list name : ril.ecclist.
07-10 11:56:10.217  2442  2442 D QtiSubscriptionController: getPhoneId, received dummy subId 2147483643
07-10 11:56:10.219  2442  2442 D QtiSubscriptionController: getPhoneId, received dummy subId 2147483643
07-10 11:56:10.221  2442  2712 D QtiSubscriptionController: getPhoneId, received dummy subId 2147483643
07-10 11:56:10.250  2442  2442 D QtiGsmDCT: [0]isEmergency: result=false
07-10 11:56:10.251  2442  2712 D QtiSubscriptionController: getPhoneId, received dummy subId 2147483643
07-10 11:56:10.252  2442  2442 D QtiSubscriptionController: getPhoneId, received dummy subId 2147483643
07-10 11:56:10.254  2442  2442 D QtiSubscriptionController: getPhoneId, received dummy subId 2147483643
07-10 11:56:10.254  2442  2712 D QtiSubscriptionController: getPhoneId, received dummy subId 2147483643
07-10 11:56:10.262  2442  2712 I chatty  : uid=1001(radio) Binder:2442_3 identical 3 lines
07-10 11:56:10.267  2442  2712 D QtiSubscriptionController: getPhoneId, received dummy subId 2147483643
07-10 11:56:10.271  2442  2442 D QtiGsmDCT: [0]isEmergency: result=false
07-10 11:56:10.272  2442  2442 D QtiSubscriptionController: getPhoneId, received dummy subId 2147483643
07-10 11:56:10.273  2442  2442 D QtiSubscriptionController: getPhoneId, received dummy subId 2147483643
07-10 11:56:10.279  2442  2442 D QtiGsmDCT: [0]isEmergency: result=false
07-10 11:56:10.281  2442  2442 D QtiSubscriptionController: getPhoneId, received dummy subId 2147483643
07-10 11:56:10.282  2442  2442 D QtiSubscriptionController: getPhoneId, received dummy subId 2147483643
07-10 11:56:10.301  2442  2442 D QtiGsmDCT: [0]isEmergency: result=false
07-10 11:56:10.302  2442  2442 D QtiSubscriptionController: getPhoneId, received dummy subId 2147483643
07-10 11:56:10.303  2442  2442 D QtiSubscriptionController: getPhoneId, received dummy subId 2147483643
07-10 11:56:10.308  2442  2442 D QtiGsmDCT: [0]isEmergency: result=false
07-10 11:56:10.312  2442  2442 D QtiSubscriptionController: getPhoneId, received dummy subId 2147483643
07-10 11:56:10.314  2442  2442 D QtiSubscriptionController: getPhoneId, received dummy subId 2147483643
07-10 11:56:10.316  2442  2712 D QtiSubscriptionController: getPhoneId, received dummy subId 2147483643
07-10 11:56:10.326  2442  2442 D QtiGsmDCT: [0]isEmergency: result=false
07-10 11:56:10.330  2442  2442 D QtiSubscriptionController: getPhoneId, received dummy subId 2147483643
07-10 11:56:10.333  2442  2442 D QtiSubscriptionController: getPhoneId, received dummy subId 2147483643
07-10 11:56:10.338  2442  2712 D QtiSubscriptionController: getPhoneId, received dummy subId 2147483643
07-10 11:56:10.342  2442  2442 D QtiGsmDCT: [0]isEmergency: result=false
07-10 11:56:10.343  2442  2442 D QtiSubscriptionController: getPhoneId, received dummy subId 2147483643
07-10 11:56:10.346  2442  2442 D QtiSubscriptionController: getPhoneId, received dummy subId 2147483643
07-10 11:56:10.357  2442  2442 D QtiGsmDCT: [0]isEmergency: result=false
07-10 11:56:10.359  2442  2442 D QtiSubscriptionController: getPhoneId, received dummy subId 2147483643
07-10 11:56:10.360  2442  2442 D QtiSubscriptionController: getPhoneId, received dummy subId 2147483643
07-10 11:56:10.365  2442  2442 D QtiGsmDCT: [0]QtiDcTracker handleMessage msg={ when=-1s83ms what=270345 obj=android.os.AsyncResult@f0f566 target=com.qualcomm.qti.internal.telephony.dataconnection.QtiDcTracker }
07-10 11:56:10.365  2442  2442 D QtiGsmDCT: [0]onDataConnectionDetached: stop polling and notify detached
07-10 11:56:10.365  2442  2442 D QtiGsmDCT: [0]stopNetStatPoll
07-10 11:56:10.368  2442  2712 D QtiSubscriptionController: getPhoneId, received dummy subId 2147483643
07-10 11:56:10.368  2442  2442 D QtiSubscriptionController: getPhoneId, received dummy subId 2147483643
07-10 11:56:10.368  2442  2442 D QtiGsmDCT: [0]notifyDataConnection: reason=dataDetached
07-10 11:56:10.370  2442  2442 D QtiGsmDCT: [0]isEmergency: result=false
07-10 11:56:10.371  2442  2462 D QtiSubscriptionController: getPhoneId, received dummy subId 2147483643
07-10 11:56:10.371  2442  2442 D QtiSubscriptionController: getPhoneId, received dummy subId 2147483643
07-10 11:56:10.373  2442  2442 D QtiSubscriptionController: getPhoneId, received dummy subId 2147483643
07-10 11:56:10.378  2442  2442 D QtiGsmDCT: [0]isEmergency: result=false
07-10 11:56:10.379  2442  2442 D QtiSubscriptionController: getPhoneId, received dummy subId 2147483643
07-10 11:56:10.382  2442  2442 D QtiSubscriptionController: getPhoneId, received dummy subId 2147483643
07-10 11:56:10.382  2442  2462 D QtiSubscriptionController: getPhoneId, received dummy subId 2147483643
07-10 11:56:10.383  2442  2462 D QtiSubscriptionController: getPhoneId, received dummy subId 2147483643
07-10 11:56:10.385  2442  2712 D QtiSubscriptionController: getPhoneId, received dummy subId 2147483643
07-10 11:56:10.387  2442  2712 I chatty  : uid=1001(radio) Binder:2442_3 identical 1 line
07-10 11:56:10.389  2442  2712 D QtiSubscriptionController: getPhoneId, received dummy subId 2147483643
07-10 11:56:10.392  2442  2442 D QtiGsmDCT: [0]isEmergency: result=false
07-10 11:56:10.395  2442  2442 D QtiSubscriptionController: getPhoneId, received dummy subId 2147483643
07-10 11:56:10.400  2442  2462 D QtiSubscriptionController: getPhoneId, received dummy subId 2147483643
07-10 11:56:10.400  2442  2442 D QtiSubscriptionController: getPhoneId, received dummy subId 2147483643
07-10 11:56:10.402  2442  2712 D QtiSubscriptionController: getPhoneId, received dummy subId 2147483643
07-10 11:56:10.405  2442  2442 D QtiGsmDCT: [0]isEmergency: result=false
07-10 11:56:10.406  2442  2442 D QtiSubscriptionController: getPhoneId, received dummy subId 2147483643
07-10 11:56:10.412  2442  2442 D QtiSubscriptionController: getPhoneId, received dummy subId 2147483643
07-10 11:56:10.420  2442  2442 D QtiGsmDCT: [0]isEmergency: result=false
07-10 11:56:10.421  2442  2442 D QtiSubscriptionController: getPhoneId, received dummy subId 2147483643
07-10 11:56:10.422  2442  2442 D QtiSubscriptionController: getPhoneId, received dummy subId 2147483643
07-10 11:56:10.451  2442  2442 D QtiGsmDCT: [0]isEmergency: result=false
07-10 11:56:10.451  2442  2712 D SubscriptionController: [getPhoneId] asked for default subId=2147483643
07-10 11:56:10.451  2442  2712 D QtiSubscriptionController: getPhoneId, received dummy subId 2147483643
07-10 11:56:10.453  2442  2442 D QtiSubscriptionController: getPhoneId, received dummy subId 2147483643
07-10 11:56:10.454  2442  2442 D QtiSubscriptionController: getPhoneId, received dummy subId 2147483643
07-10 11:56:10.457  2442  2442 D QtiGsmDCT: [0]isEmergency: result=false
07-10 11:56:10.458  2442  2442 D QtiSubscriptionController: getPhoneId, received dummy subId 2147483643
07-10 11:56:10.462  2442  2442 D QtiSubscriptionController: getPhoneId, received dummy subId 2147483643
07-10 11:56:10.466  2442  2442 D QtiGsmDCT: [0]isEmergency: result=false
07-10 11:56:10.466  2442  2442 D QtiSubscriptionController: getPhoneId, received dummy subId 2147483643
07-10 11:56:10.468  2442  2442 D QtiSubscriptionController: getPhoneId, received dummy subId 2147483643
07-10 11:56:10.472  2442  2442 D QtiGsmDCT: [0]isEmergency: result=false
07-10 11:56:10.475  2442  2442 D QtiSubscriptionController: getPhoneId, received dummy subId 2147483643
07-10 11:56:10.480  2442  2442 D QtiSubscriptionController: getPhoneId, received dummy subId 2147483643
07-10 11:56:10.487  2442  2442 D QtiGsmDCT: [0]QtiDcTracker handleMessage msg={ when=-1s205ms what=270348 obj=android.os.AsyncResult@441c0a7 target=com.qualcomm.qti.internal.telephony.dataconnection.QtiDcTracker }
07-10 11:56:10.487  2442  2442 D QtiGsmDCT: [0]onDataRoamingOff
07-10 11:56:10.494  2442  2442 D QtiSubscriptionController: getPhoneId, received dummy subId 2147483643
07-10 11:56:10.495  2442  2442 D QtiGsmDCT: [0]notifyDataConnection: reason=roamingOff
07-10 11:56:10.497  2442  2442 D QtiGsmDCT: [0]isEmergency: result=false
07-10 11:56:10.499  2442  2442 D QtiSubscriptionController: getPhoneId, received dummy subId 2147483643
07-10 11:56:10.499  2442  2712 D SubscriptionController: [getPhoneId] asked for default subId=2147483643
07-10 11:56:10.500  2442  2712 D QtiSubscriptionController: getPhoneId, received dummy subId 2147483643
07-10 11:56:10.507  2442  2712 D QtiSubscriptionController: getPhoneId, received dummy subId 2147483643
07-10 11:56:10.518  2442  2442 D QtiSubscriptionController: getPhoneId, received dummy subId 2147483643
07-10 11:56:10.540  1978  3159 D TelephonyRegistry: listen oscl: hasNotifySubscriptionInfoChangedOccurred==false no callback
07-10 11:56:10.540  2442  2462 D QtiSubscriptionController: getPhoneId, received dummy subId 2147483643
07-10 11:56:10.540  2442  2442 D QtiGsmDCT: [0]isEmergency: result=false
07-10 11:56:10.542  2442  2462 D QtiSubscriptionController: getPhoneId, received dummy subId 2147483643
07-10 11:56:10.543  2442  2712 D QtiSubscriptionController: getPhoneId, received dummy subId 2147483643
07-10 11:56:10.544  2442  2442 D QtiSubscriptionController: getPhoneId, received dummy subId 2147483643
07-10 11:56:10.546  2442  2462 D SubscriptionController: [getActiveSubInfoList] Sub Controller not ready
07-10 11:56:10.546  2442  2712 D QtiSubscriptionController: getPhoneId, received dummy subId 2147483643
07-10 11:56:10.549  2442  2712 D QtiSubscriptionController: getPhoneId, received dummy subId 2147483643
07-10 11:56:10.552  2442  2462 D QtiSubscriptionController: getPhoneId, received dummy subId 2147483643
07-10 11:56:10.553  2442  2712 D QtiSubscriptionController: getPhoneId, received dummy subId 2147483643
07-10 11:56:10.554  2442  2442 D QtiSubscriptionController: getPhoneId, received dummy subId 2147483643
07-10 11:56:10.564  2442  2712 D QtiSubscriptionController: getPhoneId, received dummy subId 2147483643
07-10 11:56:10.572  2442  2712 I chatty  : uid=1001(radio) Binder:2442_3 identical 1 line
07-10 11:56:10.573  2442  2712 D QtiSubscriptionController: getPhoneId, received dummy subId 2147483643
07-10 11:56:10.586  2442  2460 D QtiSubscriptionController: getPhoneId, received dummy subId 2147483643
07-10 11:56:10.586  2442  2462 D QtiSubscriptionController: getPhoneId, received dummy subId 2147483643
07-10 11:56:10.588  2442  2442 D QtiGsmDCT: [0]isEmergency: result=false
07-10 11:56:10.591  2442  2442 D QtiSubscriptionController: getPhoneId, received dummy subId 2147483643
07-10 11:56:10.601  2442  2442 D QtiSubscriptionController: getPhoneId, received dummy subId 2147483643
07-10 11:56:10.620  2442  2460 D QtiSubscriptionController: getPhoneId, received dummy subId 2147483643
07-10 11:56:10.621  2442  2442 D QtiGsmDCT: [0]isEmergency: result=false
07-10 11:56:10.622  2442  2442 D QtiSubscriptionController: getPhoneId, received dummy subId 2147483643
07-10 11:56:10.624  2442  2442 D QtiSubscriptionController: getPhoneId, received dummy subId 2147483643
07-10 11:56:10.633  2442  2442 D QtiGsmDCT: [0]isEmergency: result=false
07-10 11:56:10.634  2442  2442 D QtiSubscriptionController: getPhoneId, received dummy subId 2147483643
07-10 11:56:10.638  2442  2442 D QtiSubscriptionController: getPhoneId, received dummy subId 2147483643
07-10 11:56:10.641  2442  2442 D QtiGsmDCT: [0]isEmergency: result=false
07-10 11:56:10.642  2442  2442 D QtiSubscriptionController: getPhoneId, received dummy subId 2147483643
07-10 11:56:10.645  2442  2442 D QtiSubscriptionController: getPhoneId, received dummy subId 2147483643
07-10 11:56:10.648  2442  2442 D QtiGsmDCT: [0]isEmergency: result=false
07-10 11:56:10.650  2442  2442 D QtiSubscriptionController: getPhoneId, received dummy subId 2147483643
07-10 11:56:10.651  2442  2442 D QtiSubscriptionController: getPhoneId, received dummy subId 2147483643
07-10 11:56:10.654  2442  2442 D QtiGsmDCT: [0]isEmergency: result=false
07-10 11:56:10.655  2442  2442 D QtiSubscriptionController: getPhoneId, received dummy subId 2147483643
07-10 11:56:10.656  2442  2442 D QtiSubscriptionController: getPhoneId, received dummy subId 2147483643
07-10 11:56:10.662  2442  2442 D QtiGsmDCT: [0]isEmergency: result=false
07-10 11:56:10.667  2442  2442 D QtiSubscriptionController: getPhoneId, received dummy subId 2147483643
07-10 11:56:10.673  2442  2442 D QtiGsmDCT: [0]QtiDcTracker handleMessage msg={ when=-1s387ms what=270377 obj=android.os.AsyncResult@dc1954 target=com.qualcomm.qti.internal.telephony.dataconnection.QtiDcTracker }
07-10 11:56:10.676  2442  2442 D RILJ    : [3678]> RIL_REQUEST_SEND_DEVICE_STATE 1:false [SUB0]
07-10 11:56:10.678  2442  2442 D RILJ    : [3679]> RIL_REQUEST_SEND_DEVICE_STATE 2:false [SUB0]
07-10 11:56:10.678  2442  2601 D RILJ    : [3678]< RIL_REQUEST_SEND_DEVICE_STATE  [SUB0]
07-10 11:56:10.679  2442  2601 D RILJ    : [3679]< RIL_REQUEST_SEND_DEVICE_STATE  [SUB0]
07-10 11:56:10.681  2442  2442 D RILJ    : [3680]> RIL_REQUEST_SEND_DEVICE_STATE 0:false [SUB0]
07-10 11:56:10.682  2442  2460 D SubscriptionController: [getPhoneId]- no sims, returning default phoneId=0
07-10 11:56:10.682  2442  2442 D RILJ    : [3681]> RIL_REQUEST_SET_UNSOLICITED_RESPONSE_FILTER 7 [SUB0]
07-10 11:56:10.683  2442  2442 D QtiGsmDCT: [0]NETWORK_STATE_CHANGED_ACTION: mIsWifiConnected=false
07-10 11:56:10.683  2442  2442 D QtiGsmDCT: [0]Wifi state changed
07-10 11:56:10.683  2442  2442 D QtiGsmDCT: [0]WIFI_STATE_CHANGED_ACTION: enabled=true mIsWifiConnected=false
07-10 11:56:10.683  2442  2442 D WAP PUSH: Received broadcast android.intent.action.USER_UNLOCKED
07-10 11:56:10.683  2442  2601 D RILJ    : [3680]< RIL_REQUEST_SEND_DEVICE_STATE  [SUB0]
07-10 11:56:10.684  2442  2442 D WAP PUSH: Received broadcast android.intent.action.USER_UNLOCKED
07-10 11:56:10.684  2442  2442 D SmsBroadcastUndelivered: Received broadcast android.intent.action.USER_UNLOCKED
07-10 11:56:10.685  2442  2442 D ImsPhoneCallTracker: [ImsPhoneCallTracker] handleMessage what=23
07-10 11:56:10.686  2442  2442 D ImsPhoneCallTracker: [ImsPhoneCallTracker] onDataEnabledChanged: enabled=true, reason=0
07-10 11:56:10.686  2442  2442 I ImsManager: Creating ImsService using ImsResolver
07-10 11:56:10.686  2442  2601 D RILJ    : [3681]< RIL_REQUEST_SET_UNSOLICITED_RESPONSE_FILTER  [SUB0]
07-10 11:56:10.689  2442  2442 W ImsManager: getServiceProxy: b is null! Phone Id: 0
07-10 11:56:10.689  2442  2442 D ImsManager: setDataEnabled: true
07-10 11:56:10.691  2442  2442 D ImsPhoneCallTracker: [ImsPhoneCallTracker] Ignore data enabled - carrier policy indicates that data is not metered for ViLTE calls.
07-10 11:56:10.691  2442  2442 D ImsPhoneCallTracker: [ImsPhoneCallTracker] handleMessage what=24
07-10 11:56:10.691  2442  2442 D ImsPhoneCallTracker: [ImsPhoneCallTracker] getImsService
07-10 11:56:10.691  2442  2442 I ImsManager: Creating ImsService using ImsResolver
07-10 11:56:10.692  2442  2442 W ImsManager: getServiceProxy: b is null! Phone Id: 0
07-10 11:56:10.693  2442  2442 E ImsPhoneCallTracker: [ImsPhoneCallTracker] getImsService: com.android.ims.ImsException: Binder is not active!(106)
07-10 11:56:10.693  2442  2442 I ImsManager: Creating ImsService using ImsResolver
07-10 11:56:10.694  2442  2442 W ImsManager: getServiceProxy: b is null! Phone Id: 0
07-10 11:56:10.697  2442  2442 E ImsPhoneCallTracker: [ImsPhoneCallTracker] getImsService: Retrying getting ImsService...
07-10 11:56:10.697  2442  2442 D QtiGsmDCT: [0]QtiDcTracker handleMessage msg={ when=-894ms what=270377 obj=android.os.AsyncResult@58b76c0 target=com.qualcomm.qti.internal.telephony.dataconnection.QtiDcTracker }
07-10 11:56:10.697  2442  2442 D ImsPhone: handleMessage what=56
07-10 11:56:10.697  2442  2442 D ImsPhone: EVENT_DEFAULT_PHONE_DATA_STATE_CHANGED
07-10 11:56:10.697  2442  2442 D ImsPhone: updateDataServiceState: defSs = {mVoiceRegState=1(OUT_OF_SERVICE), mDataRegState=1(OUT_OF_SERVICE), mVoiceRoamingType=home, mDataRoamingType=home, mVoiceOperatorAlphaLong=null, mVoiceOperatorAlphaShort=null, mDataOperatorAlphaLong=null, mDataOperatorAlphaShort=null, isManualNetworkSelection=false(automatic), mRilVoiceRadioTechnology=0(Unknown), mRilDataRadioTechnology=0(Unknown), mCssIndicator=unsupported, mNetworkId=-1, mSystemId=-1, mCdmaRoamingIndicator=-1, mCdmaDefaultRoamingIndicator=-1, mIsEmergencyOnly=false, mIsDataRoamingFromRegistration=false, mIsUsingCarrierAggregation=false, mLteEarfcnRsrpBoost=0} imsSs = {mVoiceRegState=1(OUT_OF_SERVICE), mDataRegState=1(OUT_OF_SERVICE), mVoiceRoamingType=home, mDataRoamingType=home, mVoiceOperatorAlphaLong=null, mVoiceOperatorAlphaShort=null, mDataOperatorAlphaLong=null, mDataOperatorAlphaShort=null, isManualNetworkSelection=false(automatic), mRilVoiceRadioTechnology=0(Unknown), mRilDataRadioTechnology=0(Unknown), mCssIndicator=unsupported, mNetworkId=-1, mSystemId=-1, mCdmaRoamingIndicator=-1, mCdmaDefaultRoamingIndicator=-1, mIsEmergencyOnly=false, mIsDataRoamingFromRegistration=false, mIsUsingCarrierAggregation=false, mLteEarfcnRsrpBoost=0}
07-10 11:56:10.703  2442  2442 D TelephonyNetworkFactory[0]: onActivePhoneSwitch(false, false)
07-10 11:56:10.703  2442  2442 D TelephonyNetworkFactory[0]: onSubIdChange -1->2147483643
07-10 11:56:10.704  2442  2442 D TelephonyNetworkFactory[0]: got request NetworkRequest [ TRACK_DEFAULT id=3, [ Capabilities: INTERNET&NOT_RESTRICTED&TRUSTED&NOT_VPN] ] with score 0
07-10 11:56:10.704  2442  2442 D TelephonyNetworkFactory[0]: got request NetworkRequest [ BACKGROUND_REQUEST id=2, [ Transports: CELLULAR Capabilities: INTERNET&NOT_RESTRICTED&TRUSTED&NOT_VPN] ] with score 0
07-10 11:56:10.704  2442  2442 D TelephonyNetworkFactory[0]: got request NetworkRequest [ TRACK_DEFAULT id=6, [ Capabilities: INTERNET&NOT_RESTRICTED&TRUSTED&NOT_VPN] ] with score 0
07-10 11:56:10.704  2442  2442 D TelephonyNetworkFactory[0]: got request NetworkRequest [ TRACK_DEFAULT id=9, [ Capabilities: INTERNET&NOT_RESTRICTED&TRUSTED&NOT_VPN] ] with score 0
07-10 11:56:10.704  2442  2442 D TelephonyNetworkFactory[0]: got request NetworkRequest [ REQUEST id=1, [ Capabilities: INTERNET&NOT_RESTRICTED&TRUSTED&NOT_VPN] ] with score 0
07-10 11:56:10.704  2442  2442 E QtiUiccCardProvisioner: Error: Invalid card index EVENT_ICC_CHANGED 
07-10 11:56:10.705  2442  2442 D DebugService: DebugService DebugService:
07-10 11:56:10.710  2442  3226 D SmsBroadcastUndelivered: scanning raw table for undelivered messages
07-10 11:56:10.716  2442  2442 D SipService: SipService: started!
07-10 11:56:10.741  2442  2442 D SipService: start:
07-10 11:56:10.768  2442  2442 D QtiSubscriptionController: getPhoneId, received dummy subId 2147483643
07-10 11:56:10.770  2442  2442 D RILJ    : [3682]> RIL_REQUEST_QUERY_TTY_MODE [SUB0]
07-10 11:56:10.795  2442  2601 D RILJ    : [3682]< RIL_REQUEST_QUERY_TTY_MODE {0} [SUB0]
07-10 11:56:10.841  2442  3226 D QtiSubscriptionController: getPhoneId, received dummy subId 2147483643
07-10 11:56:10.843  2442  3226 D SmsBroadcastUndelivered: finished scanning raw table in 133 ms
07-10 11:56:10.853  2442  2442 D SubscriptionController: [getActiveSubInfoList] Sub Controller not ready
07-10 11:56:10.857  1978  2463 D TelephonyRegistry: listen oscl: hasNotifySubscriptionInfoChangedOccurred==false no callback
07-10 11:56:10.898  1313  1313 E RILQ    : (0/1313): RIL[0][rild(1313,1313)] processRequest: ImsRadioImpl::processRequest - Error 0
07-10 11:56:10.978  2442  2462 D QtiSubscriptionController: getPhoneId, received dummy subId 2147483643
07-10 11:56:10.993  2442  2462 I chatty  : uid=1001(radio) Binder:2442_2 identical 1 line
07-10 11:56:10.997  2442  2462 D QtiSubscriptionController: getPhoneId, received dummy subId 2147483643
07-10 11:56:11.073  2442  2442 D UiccController: Received EVENT_GET_ICC_STATUS_DONE
07-10 11:56:11.073  2442  2442 D UiccCard: Creating
07-10 11:56:11.073  2442  2442 D UiccCard: 0 applications
07-10 11:56:11.073  2442  2442 D UiccCard: Before privilege rules: null : CARDSTATE_ABSENT
07-10 11:56:11.073  2442  2442 D UiccCard: update: radioState=RADIO_ON mLastRadioState=RADIO_UNAVAILABLE
07-10 11:56:11.073  2442  2442 D UiccController: Notifying IccChangedRegistrants
07-10 11:56:11.073  2442  2442 D QtiGsmCdmaPhone: handleMessage: Event: 21
07-10 11:56:11.073  2442  2442 D QtiGsmCdmaPhone: handleMessage: Event: 35
07-10 11:56:11.073  2442  2442 D QtiRadioCapabilityController:  radioCapabilityUpdated phoneId[0] rc = {mPhoneId = 0 mVersion=1 mSession=0 mPhase=0 mRadioAccessFamily=81928 mLogicModemId=0 mStatus=1}
07-10 11:56:11.074  2442  2442 D GsmCdmaPhone: EVENT_GET_RADIO_CAPABILITY: phone rc: {mPhoneId = 0 mVersion=1 mSession=0 mPhase=0 mRadioAccessFamily=81928 mLogicModemId=0 mStatus=1}
07-10 11:56:11.074  2442  2442 D QtiGsmCdmaPhone: handleMessage: Event: 6
07-10 11:56:11.074  2442  2442 D GsmCdmaPhone: [GsmCdmaPhone] Baseband version: 660_GEN_PACK-1.153823.1.154414.1
07-10 11:56:11.075  2442  2442 D QtiGsmCdmaPhone: handleMessage: Event: 37
07-10 11:56:11.076  2442  2442 D QtiGsmCdmaPhone: handleMessage: Event: 50
07-10 11:56:11.076  2442  2442 D QtiGsmCdmaPhone: EVENT_OEM_HOOK_SERVICE_READY received
07-10 11:56:11.076  2442  2442 D SubscriptionController: [getPhoneId]- no sims, returning default phoneId=0
07-10 11:56:11.076  2442  2442 D PhoneSwitcher: handle event - 111
07-10 11:56:11.084  2442  2442 D use-Rlog/RLOG-QC_RIL_OEM_HOOK: sendOemRilRequestRaw returns value = 1
07-10 11:56:11.084  2442  2442 I QtiRilInterface: getMaxDataAllowed maxData = 2 exception: null
07-10 11:56:11.091  2442  2442 D use-Rlog/RLOG-QC_RIL_OEM_HOOK: sendOemRilRequestRaw returns value = 1
07-10 11:56:11.092  2442  2442 I QtiRilInterface: getLpluslSupportStatus: true exception: null
07-10 11:56:11.092  2442  2442 D QtiDdsSwitchController: updateLplusLStatus - status: true
07-10 11:56:11.092  2442  2442 D QtiDdsSwitchController: Register for call state change on phone: 0
07-10 11:56:11.092  2442  2442 D QtiUiccCardProvisioner:  query  provision info, card state[0] = CARDSTATE_ABSENT
07-10 11:56:11.092  2442  2442 D SST     : EVENT_POLL_STATE_NETWORK_SELECTION_MODE
07-10 11:56:11.092  2442  2442 D SST     : handlPollStateResultMessage: GsmSST setDataRegState=1 regState=2 dataRadioTechnology=0
07-10 11:56:11.092  2442  2442 D SST     : handlPollVoiceRegResultMessage: regState=2 radioTechnology=0
07-10 11:56:11.092  2442  2442 D SST     : EVENT_POLL_STATE_NETWORK_SELECTION_MODE
07-10 11:56:11.095  2442  2442 D QtiSubscriptionController: getPhoneId, received dummy subId 2147483643
07-10 11:56:11.095  2442  2442 D SST     : Poll ServiceState done:  oldSS=[{mVoiceRegState=1(OUT_OF_SERVICE), mDataRegState=1(OUT_OF_SERVICE), mVoiceRoamingType=home, mDataRoamingType=home, mVoiceOperatorAlphaLong=null, mVoiceOperatorAlphaShort=null, mDataOperatorAlphaLong=null, mDataOperatorAlphaShort=null, isManualNetworkSelection=false(automatic), mRilVoiceRadioTechnology=0(Unknown), mRilDataRadioTechnology=0(Unknown), mCssIndicator=unsupported, mNetworkId=-1, mSystemId=-1, mCdmaRoamingIndicator=-1, mCdmaDefaultRoamingIndicator=-1, mIsEmergencyOnly=false, mIsDataRoamingFromRegistration=false, mIsUsingCarrierAggregation=false, mLteEarfcnRsrpBoost=0}] newSS=[{mVoiceRegState=1(OUT_OF_SERVICE), mDataRegState=1(OUT_OF_SERVICE), mVoiceRoamingType=home, mDataRoamingType=home, mVoiceOperatorAlphaLong=, mVoiceOperatorAlphaShort=, mDataOperatorAlphaLong=, mDataOperatorAlphaShort=, isManualNetworkSelection=false(automatic), mRilVoiceRadioTechnology=0(Unknown), mRilDataRadioTechnology=0(Unknown), mCssIndicator=unsupported, mNetworkId=-1, mSystemId=-1, mCdmaRoamingIndicator=-1, mCdmaDefaultRoamingIndicator=-1, mIsEmergencyOnly=false, mIsDataRoamingFromRegistration=false, mIsUsingCarrierAggregation=false, mLteEarfcnRsrpBoost=0}] oldMaxDataCalls=1 mNewMaxDataCalls=20 oldReasonDataDenied=-1 mNewReasonDataDenied=0
07-10 11:56:11.095  2442  2442 D SST     : pollStateDone: hasRegistered=false hasDeregistered=false hasDataAttached=false hasDataDetached=false hasDataRegStateChanged=false hasRilVoiceRadioTechnologyChanged= false hasRilDataRadioTechnologyChanged=false hasChanged=true hasVoiceRoamingOn=false hasVoiceRoamingOff=false hasDataRoamingOn=false hasDataRoamingOff=false hasLocationChanged=false has4gHandoff = false hasMultiApnSupport=false hasLostMultiApnSupport=false
07-10 11:56:11.095  2442  2442 D SST     : updateSpnDisplay: radio is on but out of service, set plmn='No service'
07-10 11:56:11.098  2442  2442 D SST     : updateSpnDisplay: changed sending intent rule=0 showPlmn='true' plmn='No service' showSpn='false' spn='' dataSpn='' subId='2147483643'
07-10 11:56:11.102  2442  2442 D SubscriptionController: [setCarrierText]+ text:No service subId:2147483643
07-10 11:56:11.105  2442  2462 D SubscriptionController: [getActiveSubInfoList] Sub Controller not ready
07-10 11:56:11.107  2442  2442 D SubscriptionController: notifySubscriptionInfoChanged:
07-10 11:56:11.108  1978  2258 D TelephonyRegistry: notifySubscriptionInfoChanged: first invocation mRecords.size=22
07-10 11:56:11.110  2442  2712 D SubscriptionController: [getActiveSubInfoList] Sub Controller not ready
07-10 11:56:11.111  2442  2460 D SubscriptionController: [getActiveSubInfoList] Sub Controller not ready
07-10 11:56:11.115  2442  2442 D TelephonyManager: setTelephonyProperty: success phoneId=0 property=gsm.operator.alpha value:  propVal=
07-10 11:56:11.116  2442  2442 D TelephonyManager: setTelephonyProperty: success phoneId=0 property=gsm.operator.numeric value:  propVal=
07-10 11:56:11.116  2442  2462 D QtiSubscriptionController: getPhoneId, received dummy subId 2147483643
07-10 11:56:11.119  2442  3315 D SubscriptionController: [getActiveSubInfoList] Sub Controller not ready
07-10 11:56:11.119  2442  2442 D SST     : operatorNumeric  is invalid
07-10 11:56:11.119  2442  2442 D TelephonyManager: setTelephonyProperty: success phoneId=0 property=gsm.operator.iso-country value:  propVal=
07-10 11:56:11.120  2442  2442 D TelephonyManager: setTelephonyProperty: success phoneId=0 property=gsm.operator.isroaming value: false propVal=false
07-10 11:56:11.121  2442  2442 D SST     : Broadcasting ServiceState : {mVoiceRegState=1(OUT_OF_SERVICE), mDataRegState=1(OUT_OF_SERVICE), mVoiceRoamingType=home, mDataRoamingType=home, mVoiceOperatorAlphaLong=, mVoiceOperatorAlphaShort=, mDataOperatorAlphaLong=, mDataOperatorAlphaShort=, isManualNetworkSelection=false(automatic), mRilVoiceRadioTechnology=0(Unknown), mRilDataRadioTechnology=0(Unknown), mCssIndicator=unsupported, mNetworkId=-1, mSystemId=-1, mCdmaRoamingIndicator=-1, mCdmaDefaultRoamingIndicator=-1, mIsEmergencyOnly=false, mIsDataRoamingFromRegistration=false, mIsUsingCarrierAggregation=false, mLteEarfcnRsrpBoost=0}
07-10 11:56:11.122  2442  2442 D DefaultPhoneNotifier: nofityServiceState: mRegistry=com.android.internal.telephony.ITelephonyRegistry$Stub$Proxy@9885463 ss={mVoiceRegState=1(OUT_OF_SERVICE), mDataRegState=1(OUT_OF_SERVICE), mVoiceRoamingType=home, mDataRoamingType=home, mVoiceOperatorAlphaLong=, mVoiceOperatorAlphaShort=, mDataOperatorAlphaLong=, mDataOperatorAlphaShort=, isManualNetworkSelection=false(automatic), mRilVoiceRadioTechnology=0(Unknown), mRilDataRadioTechnology=0(Unknown), mCssIndicator=unsupported, mNetworkId=-1, mSystemId=-1, mCdmaRoamingIndicator=-1, mCdmaDefaultRoamingIndicator=-1, mIsEmergencyOnly=false, mIsDataRoamingFromRegistration=false, mIsUsingCarrierAggregation=false, mLteEarfcnRsrpBoost=0} sender=Handler (com.qualcomm.qti.internal.telephony.QtiGsmCdmaPhone) {544860} phondId=0 subId=2147483643
07-10 11:56:11.124  2442  2712 D SubscriptionController: [getPhoneId]- no sims, returning default phoneId=0
07-10 11:56:11.126  2442  2442 D QtiSubscriptionController: getPhoneId, received dummy subId 2147483643
07-10 11:56:11.126  2442  3315 D SubscriptionController: [getActiveSubInfoList] Sub Controller not ready
07-10 11:56:11.131  2442  2712 D SubscriptionController: [getActiveSubInfoList] Sub Controller not ready
07-10 11:56:11.140  2442  2442 D SST     : pollState: modemTriggered=true
07-10 11:56:11.141  2442  2442 D RILJ    : [3683]> OPERATOR [SUB0]
07-10 11:56:11.141  2442  2442 D RILJ    : [3684]> DATA_REGISTRATION_STATE [SUB0]
07-10 11:56:11.142  2442  2601 D RILJ    : [3683]< OPERATOR {, , } [SUB0]
07-10 11:56:11.143  1313  1630 I RILQ    : (0/1313):RIL[0][(1313,1630)] qcril_qmi_nas_reset_data_snapshot_cache_and_timer: Resetting snapshot timer
07-10 11:56:11.144  2442  2712 D SubscriptionController: [getPhoneId]- no sims, returning default phoneId=0
07-10 11:56:11.146  2442  2442 D RILJ    : [3685]> VOICE_REGISTRATION_STATE [SUB0]
07-10 11:56:11.146  2442  2601 D RILJ    : [3684]< DATA_REGISTRATION_STATE {.regState = NOT_REG_MT_SEARCHING_OP, .rat = 0, .reasonDataDenied = 0, .maxDataCalls = 20, .cellIdentity = {.cellInfoType = NONE, .cellIdentityGsm = [], .cellIdentityWcdma = [], .cellIdentityCdma = [], .cellIdentityLte = [], .cellIdentityTdscdma = []}} [SUB0]
07-10 11:56:11.149  1313  1630 I RILQ    : (0/1313):RIL[0][(1313,1630)] qcril_qmi_nas_reset_data_snapshot_cache_and_timer: Resetting snapshot timer
07-10 11:56:11.149  2442  2442 D RILJ    : [3686]> QUERY_NETWORK_SELECTION_MODE [SUB0]
07-10 11:56:11.150  2442  2712 D QtiSubscriptionController: getPhoneId, received dummy subId 2147483643
07-10 11:56:11.150  2442  2601 D RILJ    : [3685]< VOICE_REGISTRATION_STATE {.regState = NOT_REG_MT_SEARCHING_OP, .rat = 0, .cssSupported = false, .roamingIndicator = -1, .systemIsInPrl = -1, .defaultRoamingIndicator = -1, .reasonForDenial = 0, .cellIdentity = {.cellInfoType = NONE, .cellIdentityGsm = [], .cellIdentityWcdma = [], .cellIdentityCdma = [], .cellIdentityLte = [], .cellIdentityTdscdma = []}} [SUB0]
07-10 11:56:11.152  2442  2601 D RILJ    : [3686]< QUERY_NETWORK_SELECTION_MODE {0} [SUB0]
07-10 11:56:11.153  2442  2442 D QtiSubscriptionController: getPhoneId, received dummy subId 2147483643
07-10 11:56:11.156  2442  2442 D QtiSubscriptionController: getPhoneId, received dummy subId 2147483643
07-10 11:56:11.156  1978  2975 W SignalStrength: isWCDMA tech=0
07-10 11:56:11.180  2442  2442 D QtiGsmCdmaPhone: handleMessage: Event: 34
07-10 11:56:11.180  2442  2442 D SST     : pollState: modemTriggered=true
07-10 11:56:11.181  2442  2442 D RILJ    : [3687]> OPERATOR [SUB0]
07-10 11:56:11.182  2442  2442 D RILJ    : [3688]> DATA_REGISTRATION_STATE [SUB0]
07-10 11:56:11.182  2442  2442 D RILJ    : [3689]> VOICE_REGISTRATION_STATE [SUB0]
07-10 11:56:11.183  2442  2601 D RILJ    : [3687]< OPERATOR {, , } [SUB0]
07-10 11:56:11.183  2442  2442 D RILJ    : [3690]> QUERY_NETWORK_SELECTION_MODE [SUB0]
07-10 11:56:11.183  2442  2442 D use-Rlog/RLOG-QC_RIL_OEM_HOOK: Received Broadcast Intent ACTION_UNSOL_RESPONSE_OEM_HOOK_RAW
07-10 11:56:11.184  2442  2442 D use-Rlog/RLOG-QC_RIL_OEM_HOOK: Oem ID in QCRILHOOK UNSOL RESP is QOEMHOOK
07-10 11:56:11.184  2442  2442 D SST     : mDeviceShuttingDown=false, mDesiredPowerState=true, getRadioState=RADIO_ON, mPowerOffDelayNeed=true, mAlarmSwitch=false, mRadioDisabledByCarrier=false
07-10 11:56:11.184  1313  1630 I RILQ    : (0/1313):RIL[0][(1313,1630)] qcril_qmi_nas_reset_data_snapshot_cache_and_timer: Resetting snapshot timer
07-10 11:56:11.184  2442  2442 D SST     : pollState: modemTriggered=true
07-10 11:56:11.185  2442  2442 D RILJ    : [3691]> OPERATOR [SUB0]
07-10 11:56:11.186  2442  2601 D RILJ    : [3688]< DATA_REGISTRATION_STATE {.regState = NOT_REG_MT_SEARCHING_OP, .rat = 0, .reasonDataDenied = 0, .maxDataCalls = 20, .cellIdentity = {.cellInfoType = NONE, .cellIdentityGsm = [], .cellIdentityWcdma = [], .cellIdentityCdma = [], .cellIdentityLte = [], .cellIdentityTdscdma = []}} [SUB0]
07-10 11:56:11.187  2442  2442 D RILJ    : [3692]> DATA_REGISTRATION_STATE [SUB0]
07-10 11:56:11.188  2442  2442 D RILJ    : [3693]> VOICE_REGISTRATION_STATE [SUB0]
07-10 11:56:11.188  1313  1630 I RILQ    : (0/1313):RIL[0][(1313,1630)] qcril_qmi_nas_reset_data_snapshot_cache_and_timer: Resetting snapshot timer
07-10 11:56:11.188  2442  2442 D RILJ    : [3694]> QUERY_NETWORK_SELECTION_MODE [SUB0]
07-10 11:56:11.189  2442  2442 D RILJ    : [3695]> GET_CURRENT_CALLS [SUB0]
07-10 11:56:11.190  2442  2442 D RILJ    : [3696]> RIL_REQUEST_IMS_REGISTRATION_STATE [SUB0]
07-10 11:56:11.191  2442  2442 D RILJ    : [3697]> RIL_REQUEST_CDMA_GET_SUBSCRIPTION_SOURCE [SUB0]
07-10 11:56:11.191  2442  2442 D IccCardProxy: setExternalState: !override and newstate unchanged from UNKNOWN
07-10 11:56:11.191  2442  2442 D QtiGsmCdmaPhone: handleMessage: Event: 5
07-10 11:56:11.191  2442  2442 D CdmaSSM : getcdmasubscriptionSource: 0
07-10 11:56:11.191  2442  2442 D QtiGsmCdmaPhone:  mCdmaNVSubscriptionSource:  -1 newSubscriptionSource:  0
07-10 11:56:11.191  2442  2442 E QtiGsmCdmaPhone:  handleNVChanged: isNVReady: false
07-10 11:56:11.191  2442  2442 D QtiSubscriptionInfoUpdater: updateNVRecord, isNVReady: false slotId: 0
07-10 11:56:11.191  2442  2442 D GsmCdmaPhone: [GsmCdmaPhone] Event EVENT_RADIO_ON Received
07-10 11:56:11.192  2442  2442 D RILJ    : [3698]> RIL_REQUEST_VOICE_RADIO_TECH [SUB0]
07-10 11:56:11.193  2442  2601 D RILJ    : [3689]< VOICE_REGISTRATION_STATE {.regState = NOT_REG_MT_SEARCHING_OP, .rat = 0, .cssSupported = false, .roamingIndicator = -1, .systemIsInPrl = -1, .defaultRoamingIndicator = -1, .reasonForDenial = 0, .cellIdentity = {.cellInfoType = NONE, .cellIdentityGsm = [], .cellIdentityWcdma = [], .cellIdentityCdma = [], .cellIdentityLte = [], .cellIdentityTdscdma = []}} [SUB0]
07-10 11:56:11.193  2442  2601 D RILJ    : [3690]< QUERY_NETWORK_SELECTION_MODE {0} [SUB0]
07-10 11:56:11.193  2442  2442 D SubscriptionController: [getPhoneId]- no sims, returning default phoneId=0
07-10 11:56:11.193  2442  2442 D PhoneSwitcher: handle event - 103
07-10 11:56:11.194  2442  2442 D SubscriptionController: [getPhoneId]- no sims, returning default phoneId=0
07-10 11:56:11.195  2442  2868 D QtiSubscriptionInfoUpdater:  handleMessage: EVENT:  101
07-10 11:56:11.195  2442  2601 D RILJ    : [3691]< OPERATOR {, , } [SUB0]
07-10 11:56:11.195  2442  2868 D SubscriptionController: [getSubInfoUsingSlotIndexWithCheck]+ slotIndex:0
07-10 11:56:11.196  2442  2442 D PhoneSwitcher: evaluating due to netRequest default 0->2 phone[0] 0->2147483643
07-10 11:56:11.197  2442  2442 D SubscriptionController: [getPhoneId]- no sims, returning default phoneId=0
07-10 11:56:11.197  2442  2442 D PhoneSwitcher: InformDdsToRil rild= 0, DDS=0
07-10 11:56:11.197  2442  2442 D use-Rlog/RLOG-QC_RIL_OEM_HOOK: dds phoneId: 0 reason: 0
07-10 11:56:11.199  1313  1630 I RILQ    : (0/1313):RIL[0][(1313,1630)] qcril_qmi_nas_reset_data_snapshot_cache_and_timer: Resetting snapshot timer
07-10 11:56:11.201  2442  2601 D RILJ    : [3692]< DATA_REGISTRATION_STATE {.regState = NOT_REG_MT_SEARCHING_OP, .rat = 0, .reasonDataDenied = 0, .maxDataCalls = 20, .cellIdentity = {.cellInfoType = NONE, .cellIdentityGsm = [], .cellIdentityWcdma = [], .cellIdentityCdma = [], .cellIdentityLte = [], .cellIdentityTdscdma = []}} [SUB0]
07-10 11:56:11.205  1313  3327 E RILC    : responseInt: Invalid response
07-10 11:56:11.206  2442  2601 D RILJ    : [3697]< RIL_REQUEST_CDMA_GET_SUBSCRIPTION_SOURCE error 6 [SUB0]
07-10 11:56:11.206  2442  2601 D RilRequest: [3697]< RIL_REQUEST_CDMA_GET_SUBSCRIPTION_SOURCE error: com.android.internal.telephony.CommandException: REQUEST_NOT_SUPPORTED ret={-1}
07-10 11:56:11.208  1313  1630 I RILQ    : (0/1313):RIL[0][(1313,1630)] qcril_qmi_nas_reset_data_snapshot_cache_and_timer: Resetting snapshot timer
07-10 11:56:11.210  2442  2601 D RILJ    : [3693]< VOICE_REGISTRATION_STATE {.regState = NOT_REG_MT_SEARCHING_OP, .rat = 0, .cssSupported = false, .roamingIndicator = -1, .systemIsInPrl = -1, .defaultRoamingIndicator = -1, .reasonForDenial = 0, .cellIdentity = {.cellInfoType = NONE, .cellIdentityGsm = [], .cellIdentityWcdma = [], .cellIdentityCdma = [], .cellIdentityLte = [], .cellIdentityTdscdma = []}} [SUB0]
07-10 11:56:11.211  2442  2601 D RILJ    : [3695]< GET_CURRENT_CALLS {} [SUB0]
07-10 11:56:11.212  2442  2442 D use-Rlog/RLOG-QC_RIL_OEM_HOOK: sendOemRilRequestRaw returns value = 0
07-10 11:56:11.212  2442  2442 D SubscriptionController: [getPhoneId]- no sims, returning default phoneId=0
07-10 11:56:11.212  2442  2442 D PhoneSwitcher: handle event - 103
07-10 11:56:11.212  2442  2442 D SubscriptionController: [getPhoneId]- no sims, returning default phoneId=0
07-10 11:56:11.213  2442  2442 D PhoneSwitcher: evaluating due to netRequest
07-10 11:56:11.215  2442  2601 D RILJ    : [3694]< QUERY_NETWORK_SELECTION_MODE {0} [SUB0]
07-10 11:56:11.216  2442  2601 D RILJ    : [3698]< RIL_REQUEST_VOICE_RADIO_TECH {3} [SUB0]
07-10 11:56:11.218  2442  2868 D SubscriptionController: [getSubInfoUsingSlotIndex]- null info return
07-10 11:56:11.220  2442  2442 D use-Rlog/RLOG-QC_RIL_OEM_HOOK: sendOemRilRequestRaw returns value = 0
07-10 11:56:11.220  2442  2442 D SubscriptionController: [getPhoneId]- no sims, returning default phoneId=0
07-10 11:56:11.220  2442  2442 D PhoneSwitcher: handle event - 103
07-10 11:56:11.221  2442  2442 D SubscriptionController: [getPhoneId]- no sims, returning default phoneId=0
07-10 11:56:11.221  2442  2442 D PhoneSwitcher: evaluating due to netRequest
07-10 11:56:11.221  2442  2442 D SubscriptionController: [getPhoneId]- no sims, returning default phoneId=0
07-10 11:56:11.221  2442  2442 D PhoneSwitcher: InformDdsToRil rild= 0, DDS=0
07-10 11:56:11.221  2442  2442 D use-Rlog/RLOG-QC_RIL_OEM_HOOK: dds phoneId: 0 reason: 0
07-10 11:56:11.232  2442  2442 D use-Rlog/RLOG-QC_RIL_OEM_HOOK: sendOemRilRequestRaw returns value = 0
07-10 11:56:11.232  2442  2442 D SubscriptionController: [getPhoneId]- no sims, returning default phoneId=0
07-10 11:56:11.232  2442  2442 D PhoneSwitcher: handle event - 103
07-10 11:56:11.233  2442  2442 D SubscriptionController: [getPhoneId]- no sims, returning default phoneId=0
07-10 11:56:11.233  2442  2442 D PhoneSwitcher: evaluating due to netRequest
07-10 11:56:11.233  2442  2442 D SubscriptionController: [getPhoneId]- no sims, returning default phoneId=0
07-10 11:56:11.233  2442  2442 D PhoneSwitcher: InformDdsToRil rild= 0, DDS=0
07-10 11:56:11.233  2442  2442 D use-Rlog/RLOG-QC_RIL_OEM_HOOK: dds phoneId: 0 reason: 0
07-10 11:56:11.236  2442  2442 D use-Rlog/RLOG-QC_RIL_OEM_HOOK: sendOemRilRequestRaw returns value = 0
07-10 11:56:11.236  2442  2442 D SubscriptionController: [getPhoneId]- no sims, returning default phoneId=0
07-10 11:56:11.236  2442  2442 D PhoneSwitcher: handle event - 103
07-10 11:56:11.237  2442  2442 D SubscriptionController: [getPhoneId]- no sims, returning default phoneId=0
07-10 11:56:11.237  2442  2442 D PhoneSwitcher: evaluating due to netRequest
07-10 11:56:11.237  2442  2442 D SubscriptionController: [getPhoneId]- no sims, returning default phoneId=0
07-10 11:56:11.237  2442  2442 D PhoneSwitcher: InformDdsToRil rild= 0, DDS=0
07-10 11:56:11.238  2442  2442 D use-Rlog/RLOG-QC_RIL_OEM_HOOK: dds phoneId: 0 reason: 0
07-10 11:56:11.242  2442  2442 D use-Rlog/RLOG-QC_RIL_OEM_HOOK: sendOemRilRequestRaw returns value = 0
07-10 11:56:11.243  2442  2442 D TelephonyNetworkFactory[0]: not acting - isApp=false, isAct=false NetworkRequest [ TRACK_DEFAULT id=3, [ Capabilities: INTERNET&NOT_RESTRICTED&TRUSTED&NOT_VPN] ]
07-10 11:56:11.243  2442  2442 D TelephonyNetworkFactory[0]: not acting - isApp=false, isAct=false NetworkRequest [ BACKGROUND_REQUEST id=2, [ Transports: CELLULAR Capabilities: INTERNET&NOT_RESTRICTED&TRUSTED&NOT_VPN] ]
07-10 11:56:11.244  2442  2442 D TelephonyNetworkFactory[0]: not acting - isApp=false, isAct=false NetworkRequest [ TRACK_DEFAULT id=6, [ Capabilities: INTERNET&NOT_RESTRICTED&TRUSTED&NOT_VPN] ]
07-10 11:56:11.244  2442  2442 D TelephonyNetworkFactory[0]: not acting - isApp=false, isAct=false NetworkRequest [ TRACK_DEFAULT id=9, [ Capabilities: INTERNET&NOT_RESTRICTED&TRUSTED&NOT_VPN] ]
07-10 11:56:11.247  2442  2442 D TelephonyNetworkFactory[0]: not acting - isApp=false, isAct=false NetworkRequest [ REQUEST id=1, [ Capabilities: INTERNET&NOT_RESTRICTED&TRUSTED&NOT_VPN] ]
07-10 11:56:11.278  2442  2442 D QtiGsmCdmaPhone: handleMessage: Event: 30
07-10 11:56:11.278  2442  2442 D GsmSMSDispatcher: GsmSMSDispatcher: subId = 2147483643 slotId = 0
07-10 11:56:11.278  2442  2442 D IccCardProxy: Icc changed. Reregistering.
07-10 11:56:11.279  2442  2442 D IccCardProxy: setExternalState: set mPhoneId=0 mExternalState=ABSENT
07-10 11:56:11.279  2442  2442 D TelephonyManager: setTelephonyProperty: success phoneId=0 property=gsm.sim.state value: ABSENT propVal=ABSENT
07-10 11:56:11.281  2442  2442 D IccCardProxy: broadcastIccStateChangedIntent intent ACTION_SIM_STATE_CHANGED value=ABSENT reason=null for mPhoneId=0
07-10 11:56:11.283  2442  2442 D QtiGsmDCT: [0]QtiDcTracker handleMessage msg={ when=-210ms what=270369 obj=android.os.AsyncResult@52ea34c target=com.qualcomm.qti.internal.telephony.dataconnection.QtiDcTracker }
07-10 11:56:11.283  2442  2442 D QtiUiccCardProvisioner: updateIccAvailability, card state[0] = CARDSTATE_ABSENT
07-10 11:56:11.283  2442  2442 D QtiRadioCapabilityController: handleRadioCapsAvailable... 
07-10 11:56:11.283  2442  2442 D QtiRadioCapabilityController: updateStackBindingIfRequired
07-10 11:56:11.284  2442  2442 E QtiRadioCapabilityController: No need to update Stack Bindingm prop = nw_mode ph count = 1
07-10 11:56:11.284  2442  2442 D QtiRadioCapabilityController: notifyRadioCapsUpdated: radio caps updated false
07-10 11:56:11.286  2442  2712 D SubscriptionController: [getActiveSubInfoList] Sub Controller not ready
07-10 11:56:11.288  2442  3315 D SubscriptionController: [getPhoneId]- no sims, returning default phoneId=0
07-10 11:56:11.293  2442  2442 D SubscriptionController: [getActiveSubInfoList] Sub Controller not ready
07-10 11:56:11.298  2442  2442 D QtiSubscriptionController: getPhoneId, received dummy subId 2147483643
07-10 11:56:11.300  2442  2712 D SubscriptionController: [getPhoneId]- no sims, returning default phoneId=0
07-10 11:56:11.304  2442  2442 D QtiSubscriptionController: getPhoneId, received dummy subId 2147483643
07-10 11:56:11.306  2442  2442 D SubscriptionController: [getActiveSubInfoList] Sub Controller not ready
07-10 11:56:11.306  2442  2442 D SubscriptionController: [getActiveSubInfoForSubscriber]- subId=2147483643 subList=null subInfo=null
07-10 11:56:11.307  2442  2442 I ImsManager: Creating ImsService using ImsResolver
07-10 11:56:11.313  2442  2442 D QtiSubscriptionController: getPhoneId, received dummy subId 2147483643
07-10 11:56:11.318  2442  2442 I chatty  : uid=1001(radio) com.android.phone identical 5 lines
07-10 11:56:11.319  2442  2442 D QtiSubscriptionController: getPhoneId, received dummy subId 2147483643
07-10 11:56:11.348  2442  2442 D SubscriptionController: [getActiveSubInfoList] Sub Controller not ready
07-10 11:56:11.348  2442  2442 D QtiGsmDCT: [0]SubscriptionListener.onSubscriptionInfoChanged
07-10 11:56:11.349  2442  2442 D SubscriptionController: [getPhoneId]- no sims, returning default phoneId=0
07-10 11:56:11.349  2442  2442 D PhoneSwitcher: handle event - 102
07-10 11:56:11.350  2442  2442 D SubscriptionController: [getPhoneId]- no sims, returning default phoneId=0
07-10 11:56:11.350  2442  2442 D SST     : SubscriptionListener.onSubscriptionInfoChanged
07-10 11:56:11.350  2442  2442 D GsmCdmaPhone: [GsmCdmaPhone] updateVoiceMail countVoiceMessages = 0 subId 2147483643
07-10 11:56:11.350  2442  2442 E Phone   : setVoiceMessageCount in sharedPreference: invalid subId 2147483643
07-10 11:56:11.350  2442  2442 D QtiSubscriptionController: getPhoneId, received dummy subId 2147483643
07-10 11:56:11.351  2442  2442 D ImsPhone: handleMessage what=57
07-10 11:56:11.351  2442  2442 D QtiSubscriptionController: getPhoneId, received dummy subId 2147483643
07-10 11:56:11.351  2442  2442 D SST     : EVENT_POLL_STATE_NETWORK_SELECTION_MODE
07-10 11:56:11.352  2442  2442 D SubscriptionController: [getPhoneId]- no sims, returning default phoneId=0
07-10 11:56:11.352  2442  2442 D PhoneSwitcher: handle event - 110
07-10 11:56:11.353  2442  2442 D SST     : EVENT_POLL_STATE_NETWORK_SELECTION_MODE
07-10 11:56:11.353  2442  2442 D ImsPhoneCallTracker: [ImsPhoneCallTracker] handleMessage what=24
07-10 11:56:11.353  2442  2442 D ImsPhoneCallTracker: [ImsPhoneCallTracker] getImsService
07-10 11:56:11.353  2442  2442 D ImsPhoneCallTracker: [ImsPhoneCallTracker] Status Changed: 2
07-10 11:56:11.365  1313  1313 E RILQ    : (0/1313): RIL[0][rild(1313,1313)] processRequest: ImsRadioImpl::processRequest - Error 0
07-10 11:56:11.365  2442  2442 D ImsManager: RegistrationListenerProxy registered.
07-10 11:56:11.365  2442  2442 D ImsManager: Local registration listener added: com.android.internal.telephony.imsphone.ImsPhoneCallTracker$4@f4ac576
07-10 11:56:11.365  2442  2442 D ImsManager: open: Session started and registration listener added.
07-10 11:56:11.366  2442  2442 D ImsEcbm : ImsEcbm created
07-10 11:56:11.369  1313  1313 E RILQ    : (0/1313): RIL[0][rild(1313,1313)] processRequest: ImsRadioImpl::processRequest - Error 0
07-10 11:56:11.370  2442  2442 D ImsMultiEndpoint: ImsMultiEndpoint created
07-10 11:56:11.370  2442  2442 D ImsMultiEndpoint: setExternalCallStateListener
07-10 11:56:11.372  2442  2442 D SST     : handlPollStateResultMessage: GsmSST setDataRegState=1 regState=2 dataRadioTechnology=0
07-10 11:56:11.372  2442  2442 D CdmaSSM : CDMA_SUBSCRIPTION_SOURCE event = 2
07-10 11:56:11.372  2442  2442 W CdmaSSM : Unable to get CDMA Subscription Source, Exception: com.android.internal.telephony.CommandException: REQUEST_NOT_SUPPORTED, result: [I@a443777
07-10 11:56:11.372  2442  2442 D SST     : handlPollVoiceRegResultMessage: regState=2 radioTechnology=0
07-10 11:56:11.372  2442  2442 D GsmCdmaCallTracker: Event EVENT_POLL_CALLS_RESULT Received
07-10 11:56:11.372  2442  2442 D GsmCdmaCallTracker: [GsmCdmaCallTracker] update phone state, old=IDLE new=IDLE
07-10 11:56:11.372  2442  2442 E RIL_ImsSms: IMS State query failed with exp com.android.internal.telephony.CommandException: INVALID_MODEM_STATE
07-10 11:56:11.372  2442  2442 D SST     : EVENT_POLL_STATE_NETWORK_SELECTION_MODE
07-10 11:56:11.374  2442  2442 D QtiSubscriptionController: getPhoneId, received dummy subId 2147483643
07-10 11:56:11.374  2442  2442 D SST     : Poll ServiceState done:  oldSS=[{mVoiceRegState=1(OUT_OF_SERVICE), mDataRegState=1(OUT_OF_SERVICE), mVoiceRoamingType=home, mDataRoamingType=home, mVoiceOperatorAlphaLong=, mVoiceOperatorAlphaShort=, mDataOperatorAlphaLong=, mDataOperatorAlphaShort=, isManualNetworkSelection=false(automatic), mRilVoiceRadioTechnology=0(Unknown), mRilDataRadioTechnology=0(Unknown), mCssIndicator=unsupported, mNetworkId=-1, mSystemId=-1, mCdmaRoamingIndicator=-1, mCdmaDefaultRoamingIndicator=-1, mIsEmergencyOnly=false, mIsDataRoamingFromRegistration=false, mIsUsingCarrierAggregation=false, mLteEarfcnRsrpBoost=0}] newSS=[{mVoiceRegState=1(OUT_OF_SERVICE), mDataRegState=1(OUT_OF_SERVICE), mVoiceRoamingType=home, mDataRoamingType=home, mVoiceOperatorAlphaLong=, mVoiceOperatorAlphaShort=, mDataOperatorAlphaLong=, mDataOperatorAlphaShort=, isManualNetworkSelection=false(automatic), mRilVoiceRadioTechnology=0(Unknown), mRilDataRadioTechnology=0(Unknown), mCssIndicator=unsupported, mNetworkId=-1, mSystemId=-1, mCdmaRoamingIndicator=-1, mCdmaDefaultRoamingIndicator=-1, mIsEmergencyOnly=false, mIsDataRoamingFromRegistration=false, mIsUsingCarrierAggregation=false, mLteEarfcnRsrpBoost=0}] oldMaxDataCalls=20 mNewMaxDataCalls=20 oldReasonDataDenied=0 mNewReasonDataDenied=0
07-10 11:56:11.374  2442  2442 D SST     : pollStateDone: hasRegistered=false hasDeregistered=false hasDataAttached=false hasDataDetached=false hasDataRegStateChanged=false hasRilVoiceRadioTechnologyChanged= false hasRilDataRadioTechnologyChanged=false hasChanged=false hasVoiceRoamingOn=false hasVoiceRoamingOff=false hasDataRoamingOn=false hasDataRoamingOff=false hasLocationChanged=false has4gHandoff = false hasMultiApnSupport=false hasLostMultiApnSupport=false
07-10 11:56:11.374  2442  2442 D QtiGsmCdmaPhone: handleMessage: Event: 40
07-10 11:56:11.374  2442  2442 D GsmCdmaPhone: [GsmCdmaPhone] EVENT_REQUEST_VOICE_RADIO_TECH_DONE: newVoiceTech=3
07-10 11:56:11.374  2442  2442 D GsmCdmaPhone: [GsmCdmaPhone] phoneObjectUpdater: newVoiceRadioTech=3
07-10 11:56:11.374  2442  2442 D GsmCdmaPhone: [GsmCdmaPhone] phoneObjectUpdater: No change ignore, newVoiceRadioTech=3 mActivePhone=GSM
07-10 11:56:11.374  2442  2442 D use-Rlog/RLOG-QC_RIL_OEM_HOOK: Received Broadcast Intent ACTION_UNSOL_RESPONSE_OEM_HOOK_RAW
07-10 11:56:11.374  2442  2442 D use-Rlog/RLOG-QC_RIL_OEM_HOOK: Oem ID in QCRILHOOK UNSOL RESP is QOEMHOOK
07-10 11:56:11.375  2442  2442 D use-Rlog/RLOG-QC_RIL_OEM_HOOK: Received Broadcast Intent ACTION_UNSOL_RESPONSE_OEM_HOOK_RAW
07-10 11:56:11.375  2442  2442 D use-Rlog/RLOG-QC_RIL_OEM_HOOK: Oem ID in QCRILHOOK UNSOL RESP is QOEMHOOK
07-10 11:56:11.375  2442  2442 D use-Rlog/RLOG-QC_RIL_OEM_HOOK: Received Broadcast Intent ACTION_UNSOL_RESPONSE_OEM_HOOK_RAW
07-10 11:56:11.375  2442  2442 D use-Rlog/RLOG-QC_RIL_OEM_HOOK: Oem ID in QCRILHOOK UNSOL RESP is QOEMHOOK
07-10 11:56:11.375  2442  2442 D use-Rlog/RLOG-QC_RIL_OEM_HOOK: Received Broadcast Intent ACTION_UNSOL_RESPONSE_OEM_HOOK_RAW
07-10 11:56:11.375  2442  2442 D use-Rlog/RLOG-QC_RIL_OEM_HOOK: Oem ID in QCRILHOOK UNSOL RESP is QOEMHOOK
07-10 11:56:11.375  2442  2442 D use-Rlog/RLOG-QC_RIL_OEM_HOOK: Received Broadcast Intent ACTION_UNSOL_RESPONSE_OEM_HOOK_RAW
07-10 11:56:11.375  2442  2442 D use-Rlog/RLOG-QC_RIL_OEM_HOOK: Oem ID in QCRILHOOK UNSOL RESP is QOEMHOOK
07-10 11:56:11.375  2442  2442 D IccCardProxy: setExternalState: !override and newstate unchanged from ABSENT
