07-10 11:56:41.422  1978  2465 I sysui_multi_action: [757,128,758,1,793,4015,794,0,795,3383,796,201,798,0,806,com.duapps.recorder,857,miscellaneous,858,2,947,0]
07-10 11:56:41.422  1978  2465 I sysui_histogram: [note_freshness,3383]
07-10 11:56:41.422  1978  2465 I sysui_multi_action: [757,804,799,note_freshness,801,3383,802,1]
07-10 11:56:41.422  1978  2465 I notification_visibility: [0|com.duapps.recorder|201|null|10115,1,4015,3383,0,0]
07-10 11:56:41.714  1978  2001 I am_proc_start: [0,6154,10093,com.generalmobile.app.gmfilemanager,service,com.generalmobile.app.gmfilemanager/com.evernote.android.job.JobRescheduleService]
07-10 11:56:41.744  1978  2001 I am_proc_bound: [0,6154,com.generalmobile.app.gmfilemanager]
07-10 11:56:41.891  1978  2011 I am_pss  : [3368,10022,com.google.android.partnersetup,3832832,3227648,0]
07-10 11:56:41.896  1978  2465 I dvm_lock_sample: [system_server,1,Binder:1978_8,5,ActivityManagerService.java,12188,boolean com.android.server.am.ActivityManagerService.refContentProvider(android.os.IBinder, int, int),-,18444,android.content.ComponentName com.android.server.am.ActivityManagerService.startService(android.app.IApplicationThread, android.content.Intent, java.lang.String, boolean, java.lang.String, int),1]
07-10 11:56:42.161  1978  2198 I netstats_mobile_sample: [0,0,0,0,0,0,0,0,0,0,0,0,1531203948415]
07-10 11:56:42.163  1978  2198 I netstats_wifi_sample: [3406043,2986,273582,1585,3410063,2989,252164,1571,3410063,2989,251630,1565,1531203948415]
07-10 11:56:42.167  2816  4005 I gtalk_conn_close: [276,24]
07-10 11:56:42.182  1978  3837 I am_uid_running: 10050
07-10 11:56:42.173  3084  4378 I [70220] : 7
07-10 11:56:42.227  1978  3837 I am_proc_start: [0,6227,10050,com.google.android.calendar,broadcast,com.google.android.calendar/com.google.android.apps.calendar.config.phenotypesupport.firebase.PhenotypeBroadcastReceiver]
07-10 11:56:42.234  3084  4378 I [70220] : 8
07-10 11:56:42.251  1978  2387 I dvm_lock_sample: [system_server,1,Binder:1978_5,22,ActivityManagerService.java,12188,boolean com.android.server.am.ActivityManagerService.refContentProvider(android.os.IBinder, int, int),-,20000,int com.android.server.am.ActivityManagerService.broadcastIntent(android.app.IApplicationThread, android.content.Intent, java.lang.String, android.content.IIntentReceiver, int, java.lang.String, android.os.Bundle, java.lang.String[], int, android.os.Bundle, boolean, boolean, int),4]
07-10 11:56:42.253  3084  3680 I dvm_lock_sample: [com.google.android.gms,0,lowpool[2],25,ActivityThread.java,5981,boolean android.app.ActivityThread.releaseProvider(android.content.IContentProvider, boolean),-,5981,boolean android.app.ActivityThread.releaseProvider(android.content.IContentProvider, boolean),5]
07-10 11:56:42.259  2816  6224 I gtalk_connection: 16778239
07-10 11:56:42.333  1978  2257 I am_proc_bound: [0,6227,com.google.android.calendar]
07-10 11:56:42.340  1978  2011 I sync    : [com.google.android.keep,1,0,1555827538]
07-10 11:56:42.575  1978  6238 I sysui_multi_action: [757,128,758,2,793,20171,794,1154,795,20171,796,26,798,1,806,android,857,DEVELOPER,858,2,947,0]
07-10 11:56:42.575  1978  6238 I notification_visibility: [-1|android|26|null|1000,0,20171,20171,0,1]
07-10 11:56:42.575  1978  6238 I sysui_multi_action: [757,128,758,2,793,4421,794,1154,795,4421,796,0,797,com.android.server.wm.AlertWindowNotification - com.duapps.recorder,798,2,806,android,857,com.android.server.wm.Alert-adc4027,858,1,947,0]
07-10 11:56:42.575  1978  6238 I notification_visibility: [0|android|0|com.android.server.wm.AlertWindowNotification - com.duapps.recorder|1000,0,4421,4421,0,2]
07-10 11:56:42.575  1978  6238 I sysui_multi_action: [757,128,758,2,793,16370,794,1154,795,16370,796,27,798,3,806,android,857,USB,858,1,947,0]
07-10 11:56:42.575  1978  6238 I notification_visibility: [-1|android|27|null|1000,0,16370,16370,0,3]
07-10 11:56:42.575  1978  6238 I sysui_multi_action: [757,128,758,2,793,5168,794,1153,795,4536,796,201,798,0,806,com.duapps.recorder,857,miscellaneous,858,2,947,0]
07-10 11:56:42.575  1978  6238 I notification_visibility: [0|com.duapps.recorder|201|null|10115,0,5168,4536,0,0]
07-10 11:56:42.576  1978  3060 I sysui_view_visibility: [127,0]
07-10 11:56:42.576  1978  3060 I sysui_multi_action: [757,127,758,2]
07-10 11:56:42.576  1978  3060 I notification_panel_hidden: 
07-10 11:56:43.081  2236  2356 I sysui_multi_action: [757,1093,758,4,793,7017,1094,9453568,1095,5]
07-10 11:56:44.927  2816  3362 I dvm_lock_sample: [com.google.android.gms.persisten,0,lowpool[3],20,:com.google.android.gms@12685025@12.6.85 (040408-197041431),1,void vww.a(vva, boolean),-,138,void vww.a(vws, vuk),4]
07-10 11:56:44.998  1978  3837 I dvm_lock_sample: [system_server,1,Binder:1978_10,7,ActivityManagerService.java,11612,android.app.ContentProviderHolder com.android.server.am.ActivityManagerService.getContentProviderImpl(android.app.IApplicationThread, java.lang.String, android.os.IBinder, boolean, int),-,11612,android.app.ContentProviderHolder com.android.server.am.ActivityManagerService.getContentProviderImpl(android.app.IApplicationThread, java.lang.String, android.os.IBinder, boolean, int),1]
07-10 11:56:45.549  2816  6324 I gtalk_connection: 16778239
07-10 11:56:45.757  1978  2011 I am_pss  : [3767,10017,com.google.android.dialer,8526848,7770112,0]
07-10 11:56:46.137  3084  4352 I dvm_lock_sample: [com.google.android.gms,0,highpool[2],255,:com.google.android.gms@12685025@12.6.85 (040408-197041431),61,faz wwa.b(xaq, java.lang.String, java.lang.String),-,309,void xas.a(xbl, xbn, xbd),51]
07-10 11:56:47.170  2816  6338 I sysui_action: [920,57166859]
07-10 11:56:47.170  2816  6338 I sysui_multi_action: [757,920,758,4,759,57166859]
07-10 11:56:47.885  1978  2011 I am_pss  : [4425,10072,com.google.android.apps.messaging:rcs,10103808,5713920,0]
07-10 11:56:48.250  1978  2011 I am_pss  : [4691,10007,com.google.android.ims,13976576,12021760,0]
07-10 11:56:51.600  1978  2388 I am_kill : [0,3767,com.google.android.dialer,906,empty #31]
07-10 11:56:51.720  1978  3837 I am_proc_died: [0,3767,com.google.android.dialer,906,17]
07-10 11:56:51.720  1978  3837 I am_uid_stopped: 10017
07-10 11:56:52.114  1978  2011 I am_pss  : [2960,1000,com.android.launcher3,63707136,52056064,0]
07-10 11:56:52.927  1978  2011 I am_pss  : [5424,10082,com.qualcomm.qti.StatsPollManager,2476032,1957888,0]
07-10 11:56:53.749  1978  2011 I am_pss  : [5563,1001,com.qualcomm.simcontacts,2630656,2093056,0]
07-10 11:56:53.792  1978  2011 I am_pss  : [5541,1000,com.qualcomm.qti.smcinvokepkgmgr,2509824,1998848,0]
07-10 11:56:53.831  1978  2011 I am_pss  : [5493,1000,com.qualcomm.qti.callenhancement,2608128,2088960,0]
07-10 11:56:57.323  1978  2011 I am_pss  : [3020,10039,com.google.android.googlequicksearchbox:search,74240000,66342912,0]
07-10 11:56:57.352  1978  2011 I am_pss  : [3950,10004,com.android.providers.calendar,4444160,3784704,0]
07-10 11:56:57.382  1978  2011 I am_pss  : [2468,1000,com.android.settings,19024896,16084992,0]
07-10 11:56:57.408  1978  2011 I am_pss  : [3537,10077,com.google.android.apps.photos,28089344,26890240,0]
07-10 11:56:58.150  1978  2011 I am_pss  : [5580,10115,com.duapps.recorder,32356352,28811264,0]
07-10 11:56:58.187  1978  2011 I am_pss  : [4869,10066,com.google.android.inputmethod.japanese,8370176,7421952,164864]
07-10 11:57:00.046  1978  2011 I am_pss  : [5049,10062,com.google.android.inputmethod.pinyin,7975936,7114752,122880]
07-10 11:57:00.087  1978  2011 I am_pss  : [4996,10068,com.google.android.inputmethod.korean,7318528,6303744,126976]
07-10 11:57:00.697  1978  2011 I am_pss  : [5182,10021,com.google.android.packageinstaller,4042752,3448832,107520]
07-10 11:57:00.741  1978  2011 I am_pss  : [5138,10020,com.google.android.onetimeinitializer,2588672,1994752,103424]
07-10 11:57:00.751  1978  2012 I am_kill : [0,3537,com.google.android.apps.photos,906,empty #31]
07-10 11:57:00.822  1978  6238 I am_proc_died: [0,3537,com.google.android.apps.photos,906,17]
07-10 11:57:00.826  1978  6238 I am_uid_stopped: 10077
07-10 11:57:01.165  1978  6238 I am_kill : [0,4869,com.google.android.inputmethod.japanese,906,empty #31]
07-10 11:57:01.266  1978  2465 I am_proc_died: [0,4869,com.google.android.inputmethod.japanese,906,17]
07-10 11:57:01.267  1978  2465 I am_uid_stopped: 10066
07-10 11:57:01.319  1978  2011 I am_pss  : [5282,10067,com.google.android.talk,16648192,14450688,1015808]
07-10 11:57:01.347  1978  2011 I am_pss  : [5266,10060,com.google.process.gapps,3838976,2777088,387072]
07-10 11:57:01.487  1978  2465 I am_kill : [0,4996,com.google.android.inputmethod.korean,906,empty #31]
07-10 11:57:01.537  1978  2977 I am_proc_died: [0,4996,com.google.android.inputmethod.korean,906,17]
07-10 11:57:01.537  1978  2977 I am_uid_stopped: 10068
07-10 11:57:02.372  1978  2011 I am_pss  : [5357,1000,com.longcheertel.midtest,3482624,2347008,545792]
07-10 11:57:03.202  1978  1978 I am_kill : [0,5049,com.google.android.inputmethod.pinyin,906,empty #31]
07-10 11:57:03.273  1978  2011 I am_pss  : [5508,1001,com.qualcomm.qti.lpa,2532352,1757184,275456]
07-10 11:57:03.281  1978  2258 I am_proc_died: [0,5049,com.google.android.inputmethod.pinyin,906,17]
07-10 11:57:03.282  1978  2258 I am_uid_stopped: 10062
07-10 11:57:03.317  1978  2011 I am_pss  : [5476,1000,com.qualcomm.qti.biometrics.fingerprint.service,2634752,1732608,392192]
07-10 11:57:03.347  1978  2011 I am_pss  : [5458,10018,com.google.android.ext.services,3059712,1908736,417792]
07-10 11:57:03.377  1978  2011 I am_pss  : [5407,1000,com.qualcomm.location.XT,4001792,2158592,731136]
07-10 11:57:04.644  1978  2011 I am_pss  : [5643,10099,com.google.android.apps.tachyon,17548288,14028800,2423808]
07-10 11:57:04.664  1978  2011 I am_pss  : [5526,1001,com.qualcomm.qti.radioconfiginterface,2582528,1204224,898048]
07-10 11:57:06.047  1978  2011 I am_pss  : [5752,10110,com.splendapps.vox,33782784,26357760,3981312]
07-10 11:57:06.077  1978  2011 I am_pss  : [5716,1000,com.android.keychain,2721792,1101824,1120256]
07-10 11:57:06.673  1978  2011 I am_pss  : [3381,10009,android.process.media,9802752,7901184,0]
07-10 11:57:06.704  1978  2011 I am_pss  : [3318,10015,com.google.process.gapps,4826112,1323008,2263040]
07-10 11:57:06.727  1978  2011 I am_pss  : [5802,99000,com.android.chrome:sandboxed_process0,26647552,16642048,2691072]
07-10 11:57:07.288  1978  2011 I am_pss  : [5868,10095,com.generalmobile.storeoid,6218752,3305472,1992704]
07-10 11:57:07.510  1978  2977 I am_kill : [0,5138,com.google.android.onetimeinitializer,906,empty #31]
07-10 11:57:07.545  1978  2977 I am_proc_died: [0,5138,com.google.android.onetimeinitializer,906,17]
07-10 11:57:07.546  1978  2977 I am_uid_stopped: 10020
07-10 11:57:11.797  1978  2012 I am_uid_idle: 10022
07-10 11:57:12.308  1978  2977 I am_kill : [0,3368,com.google.android.partnersetup,906,empty #31]
07-10 11:57:12.309  1978  2977 I am_kill : [0,5182,com.google.android.packageinstaller,906,empty #32]
07-10 11:57:12.384  1978  2258 I am_proc_died: [0,3368,com.google.android.partnersetup,906,17]
07-10 11:57:12.385  1978  2258 I am_uid_stopped: 10022
07-10 11:57:12.392  1978  2011 I am_pss  : [6093,10093,com.generalmobile.app.gmfilemanager:alarm,16089088,3825664,2607104]
07-10 11:57:12.400  1978  2258 I am_proc_died: [0,5182,com.google.android.packageinstaller,906,17]
07-10 11:57:12.401  1978  2258 I am_uid_stopped: 10021
07-10 11:57:12.435  1978  2011 I am_pss  : [4684,10055,com.android.chrome,10143744,3743744,1498112]
07-10 11:57:12.478  1978  2011 I am_pss  : [6002,10071,com.google.android.apps.maps,31397888,23576576,5659648]
07-10 11:57:12.505  1978  2011 I am_pss  : [6227,10050,com.google.android.calendar,10975232,6266880,3064832]
07-10 11:57:12.533  1978  2011 I am_pss  : [3026,10026,com.android.vending,37149696,21860352,8178688]
07-10 11:57:16.296  1978  2011 I am_pss  : [4608,10059,com.google.android.gm,28740608,19976192,6307840]
07-10 11:57:16.329  1978  2011 I am_pss  : [5700,10102,com.google.android.keep,17403904,8978432,6055936]
07-10 11:57:16.358  1978  2011 I am_pss  : [4819,10015,com.google.android.gms.unstable,14433280,3395584,6841344]
07-10 11:57:17.544  1978  2011 I am_pss  : [3054,10002,android.process.acore,8478720,4059136,3215360]
07-10 11:57:18.773  1978  2011 I am_pss  : [6154,10093,com.generalmobile.app.gmfilemanager,15394816,3637248,2568192]
07-10 11:57:18.813  1978  2011 I am_pss  : [4326,10072,com.google.android.apps.messaging,18330624,9306112,4515840]
07-10 11:57:22.680  1978  2011 I am_pss  : [4912,10015,com.google.android.gms.ui,6797312,1781760,2323456]
07-10 11:57:23.186  2236  2356 I sysui_multi_action: [757,1093,758,4,793,40104,1094,9453568,1095,5]
07-10 11:57:23.381  1978  2977 I wm_stack_created: 5
07-10 11:57:23.382  1978  2977 I wm_task_created: [52,5]
07-10 11:57:23.383  1978  2977 I wm_task_moved: [52,1,0]
07-10 11:57:23.383  1978  2977 I am_focused_stack: [0,5,1,reuseOrNewTask]
07-10 11:57:23.383  1978  2977 I wm_task_moved: [52,1,0]
07-10 11:57:23.383  1978  2977 I am_create_task: [0,52]
07-10 11:57:23.383  1978  2977 I am_create_activity: [0,74007780,52,com.android.systemui/.recents.RecentsActivity,NULL,NULL,NULL,276840448]
07-10 11:57:23.384  1978  2977 I wm_task_moved: [52,1,0]
07-10 11:57:23.387  1978  2977 I am_pause_activity: [0,105779218,com.google.android.youtube/com.google.android.apps.youtube.app.WatchWhileActivity]
07-10 11:57:23.390  5083  5083 I am_on_paused_called: [0,com.google.android.apps.youtube.app.WatchWhileActivity,handlePauseActivity]
07-10 11:57:23.414  1978  2258 I am_restart_activity: [0,74007780,52,com.android.systemui/.recents.RecentsActivity]
07-10 11:57:23.416  1978  2258 I am_set_resumed_activity: [0,com.android.systemui/.recents.RecentsActivity,minimalResumeActivityLocked]
07-10 11:57:23.420  1978  2012 I sysui_count: [window_time_0,52]
07-10 11:57:23.420  1978  2012 I sysui_multi_action: [757,803,799,window_time_0,802,52]
07-10 11:57:23.441  2236  2236 I sysui_count: [overview_trigger_nav_btn,1]
07-10 11:57:23.441  2236  2236 I sysui_multi_action: [757,803,799,overview_trigger_nav_btn,802,1]
07-10 11:57:23.441  2236  2236 I sysui_count: [overview_source_app,1]
07-10 11:57:23.441  2236  2236 I sysui_multi_action: [757,803,799,overview_source_app,802,1]
07-10 11:57:23.441  2236  2236 I sysui_histogram: [overview_source_app_index,0]
07-10 11:57:23.441  2236  2236 I sysui_multi_action: [757,804,799,overview_source_app_index,801,0,802,1]
07-10 11:57:23.442  2236  2236 I sysui_histogram: [overview_task_count,1]
07-10 11:57:23.442  2236  2236 I sysui_multi_action: [757,804,799,overview_task_count,801,1,802,1]
07-10 11:57:23.442  2236  2236 I sysui_view_visibility: [224,100]
07-10 11:57:23.442  2236  2236 I sysui_multi_action: [757,224,758,1]
07-10 11:57:23.444  2236  2236 I am_on_resume_called: [0,com.android.systemui.recents.RecentsActivity,LAUNCH_ACTIVITY]
07-10 11:57:23.549  1978  2026 I am_activity_launch_time: [0,74007780,com.android.systemui/.recents.RecentsActivity,115,115]
07-10 11:57:23.552  1978  2026 I sysui_multi_action: [319,169,322,138,325,113,757,761,758,8,759,2,806,com.android.systemui,871,com.android.systemui.recents.RecentsActivity,904,com.android.systemui,905,0]
07-10 11:57:23.908  1978  2012 I am_stop_activity: [0,105779218,com.google.android.youtube/com.google.android.apps.youtube.app.WatchWhileActivity]
07-10 11:57:23.954  1978  2026 I dvm_lock_sample: [system_server,1,android.display,36,ActivityManagerService.java,24177,void com.android.server.am.ActivityManagerService$LocalService.notifyAppTransitionFinished(),ActivityStackSupervisor.java,4543,void com.android.server.am.ActivityStackSupervisor$ActivityStackSupervisorHandler.activityIdleInternal(com.android.server.am.ActivityRecord, boolean),7]
07-10 11:57:24.016  5083  5083 I am_on_stop_called: [0,com.google.android.apps.youtube.app.WatchWhileActivity,handleStopActivity]
07-10 11:57:24.936  2236  2236 I sysui_count: [overview_task_all_dismissed,1]
07-10 11:57:24.936  2236  2236 I sysui_multi_action: [757,803,799,overview_task_all_dismissed,802,1]
07-10 11:57:24.937  2236  2236 I sysui_action: [289,ComponentInfo{com.google.android.youtube/com.google.android.apps.youtube.app.application.Shell$HomeActivity}]
07-10 11:57:24.938  2236  2236 I sysui_multi_action: [757,289,758,4,806,ComponentInfo{com.google.android.youtube/com.google.android.apps.youtube.app.application.Shell$HomeActivity}]
07-10 11:57:24.941  2236  2236 I sysui_histogram: [overview_task_dismissed_source,1]
07-10 11:57:24.941  2236  2236 I sysui_multi_action: [757,804,799,overview_task_dismissed_source,801,1,802,1]
07-10 11:57:24.942  1978  2257 I am_finish_activity: [0,105779218,51,com.google.android.youtube/com.google.android.apps.youtube.app.WatchWhileActivity,clear-task-index]
07-10 11:57:24.944  1978  2257 I am_destroy_activity: [0,105779218,51,com.google.android.youtube/com.google.android.apps.youtube.app.WatchWhileActivity,finish-imm]
07-10 11:57:24.947  1978  2257 I am_kill : [0,5266,com.google.process.gapps,906,empty #31]
07-10 11:57:24.977  1978  2257 I am_kill : [0,5083,com.google.android.youtube,900,remove task]
07-10 11:57:24.979  1978  2012 I sysui_count: [window_time_0,2]
07-10 11:57:24.980  1978  2012 I sysui_multi_action: [757,803,799,window_time_0,802,2]
07-10 11:57:24.983  1978  2977 I am_new_intent: [0,256988635,49,com.android.launcher3/com.android.searchlauncher.SearchLauncher,android.intent.action.MAIN,NULL,NULL,268435712]
07-10 11:57:24.984  1978  2977 I wm_task_moved: [49,1,0]
07-10 11:57:24.984  1978  2977 I am_focused_stack: [0,0,5,bringingFoundTaskToFront]
07-10 11:57:24.984  1978  2977 I wm_task_moved: [49,1,0]
07-10 11:57:24.986  1978  2977 I am_pause_activity: [0,74007780,com.android.systemui/.recents.RecentsActivity]
07-10 11:57:24.988  1978  2977 I am_set_resumed_activity: [0,com.android.launcher3/com.android.searchlauncher.SearchLauncher,resumeTopActivityInnerLocked]
07-10 11:57:25.000  1978  2977 I am_resume_activity: [0,256988635,49,com.android.launcher3/com.android.searchlauncher.SearchLauncher]
07-10 11:57:25.008  1978  2977 I am_task_to_front: [0,49]
07-10 11:57:25.012  1978  2257 I am_proc_died: [0,5266,com.google.process.gapps,906,17]
07-10 11:57:25.012  1978  2257 I am_uid_stopped: 10060
07-10 11:57:25.017  2236  2236 I am_on_paused_called: [0,com.android.systemui.recents.RecentsActivity,handlePauseActivity]
07-10 11:57:25.034  1978  2012 I am_stop_activity: [0,74007780,com.android.systemui/.recents.RecentsActivity]
07-10 11:57:25.034  1978  2012 I sysui_count: [window_time_0,0]
07-10 11:57:25.034  1978  2012 I sysui_multi_action: [757,803,799,window_time_0,802,0]
07-10 11:57:25.035  2960  2960 I am_on_resume_called: [0,com.android.searchlauncher.SearchLauncher,RESUME_ACTIVITY]
07-10 11:57:25.046  2236  2236 I sysui_view_visibility: [224,0]
07-10 11:57:25.047  2236  2236 I sysui_multi_action: [757,224,758,2]
07-10 11:57:25.048  2236  2236 I am_on_stop_called: [0,com.android.systemui.recents.RecentsActivity,handleStopActivity]
07-10 11:57:25.123  1978  2026 I sysui_multi_action: [319,174,322,173,325,115,757,761,758,9,759,2,806,com.android.launcher3,871,com.android.searchlauncher.SearchLauncher,905,0]
07-10 11:57:25.142  1978  3058 I am_proc_died: [0,5083,com.google.android.youtube,900,17]
07-10 11:57:25.143  1978  3058 I am_uid_stopped: 10090
07-10 11:57:25.162  1978  3058 I wm_task_removed: [51,removeAppToken: last token]
07-10 11:57:25.163  1978  3058 I wm_task_removed: [51,removeTask]
07-10 11:57:25.163  1978  3058 I wm_stack_removed: 1
07-10 11:57:25.529  2816  6447 I gtalk_connection: 16778239
07-10 11:57:26.261  1978  2012 I am_uid_idle: 10004
07-10 11:57:28.835  1978  2012 I am_uid_idle: 10026
07-10 11:57:31.863  1978  2011 I am_pss  : [3002,10015,com.google.process.gservices,5371904,917504,3301376]
07-10 11:57:32.891  1978  2012 I am_uid_idle: 10018
07-10 11:57:35.121  1978  2011 I am_pss  : [2960,1000,com.android.launcher3,106765312,94265344,0]
07-10 11:57:41.001  1978  2012 I am_uid_idle: 10055
07-10 11:57:41.411  1978  2012 I am_uid_idle: 10059
07-10 11:57:43.089  2236  2236 I sysui_multi_action: [757,803,799,panel_open,802,1]
07-10 11:57:43.130  1978  5720 I sysui_view_visibility: [127,100]
07-10 11:57:43.130  1978  5720 I sysui_multi_action: [757,127,758,1]
07-10 11:57:43.130  1978  5720 I sysui_histogram: [note_load,4]
07-10 11:57:43.130  1978  5720 I sysui_multi_action: [757,804,799,note_load,801,4,802,1]
07-10 11:57:43.130  1978  5720 I notification_panel_revealed: 4
07-10 11:57:43.672  2236  2236 I sysui_action: [409,false]
07-10 11:57:43.672  2236  2236 I sysui_multi_action: [757,409,758,4,759,0]
07-10 11:57:43.675  1978  2975 I sysui_multi_action: [757,128,758,1,793,81271,794,0,795,81271,796,26,798,1,806,android,857,DEVELOPER,858,2,947,0]
07-10 11:57:43.675  1978  2975 I sysui_histogram: [note_freshness,81271]
07-10 11:57:43.676  1978  2975 I sysui_multi_action: [757,804,799,note_freshness,801,81271,802,1]
07-10 11:57:43.676  1978  2975 I notification_visibility: [-1|android|26|null|1000,1,81271,81271,0,1]
07-10 11:57:43.676  1978  2975 I sysui_multi_action: [757,128,758,1,793,65522,794,0,795,65522,796,0,797,com.android.server.wm.AlertWindowNotification - com.duapps.recorder,798,2,806,android,857,com.android.server.wm.Alert-adc4027,858,1,947,0]
07-10 11:57:43.676  1978  2975 I sysui_histogram: [note_freshness,65522]
07-10 11:57:43.676  1978  2975 I sysui_multi_action: [757,804,799,note_freshness,801,65522,802,1]
07-10 11:57:43.676  1978  2975 I notification_visibility: [0|android|0|com.android.server.wm.AlertWindowNotification - com.duapps.recorder|1000,1,65522,65522,0,2]
07-10 11:57:43.676  1978  2975 I sysui_multi_action: [757,128,758,1,793,77471,794,0,795,77471,796,27,798,3,806,android,857,USB,858,1,947,0]
07-10 11:57:43.676  1978  2975 I sysui_histogram: [note_freshness,77471]
07-10 11:57:43.676  1978  2975 I sysui_multi_action: [757,804,799,note_freshness,801,77471,802,1]
07-10 11:57:43.676  1978  2975 I notification_visibility: [-1|android|27|null|1000,1,77471,77471,0,3]
07-10 11:57:43.676  1978  2975 I sysui_multi_action: [757,128,758,1,793,66269,794,0,795,65637,796,201,798,0,806,com.duapps.recorder,857,miscellaneous,858,2,947,0]
07-10 11:57:43.676  1978  2975 I sysui_histogram: [note_freshness,65637]
07-10 11:57:43.676  1978  2975 I sysui_multi_action: [757,804,799,note_freshness,801,65637,802,1]
07-10 11:57:43.676  1978  2975 I notification_visibility: [0|com.duapps.recorder|201|null|10115,1,66269,65637,0,0]
07-10 11:57:44.068  2236  2236 I sysui_view_visibility: [111,100]
07-10 11:57:44.068  2236  2236 I sysui_multi_action: [757,111,758,1]
07-10 11:57:44.068  2236  2236 I sysui_multi_action: [757,126,758,1,759,126,833,1,927,0,928,0]
07-10 11:57:44.068  2236  2236 I sysui_multi_action: [757,115,758,1,759,115,833,1,927,1,928,0]
07-10 11:57:44.068  2236  2236 I sysui_multi_action: [757,113,758,1,759,113,833,1,927,2,928,0]
07-10 11:57:44.068  2236  2236 I sysui_multi_action: [757,122,758,1,759,122,833,1,927,3,928,0]
07-10 11:57:44.068  2236  2236 I sysui_multi_action: [757,116,758,1,759,116,833,1,927,4,928,0]
07-10 11:57:44.068  2236  2236 I sysui_multi_action: [757,119,758,1,759,119,833,1,927,5,928,0]
07-10 11:57:44.069  2236  2236 I sysui_multi_action: [757,123,758,1,759,123,833,0,927,6,928,0]
07-10 11:57:44.069  2236  2236 I sysui_multi_action: [757,261,758,1,759,261,833,0,927,7,928,0]
07-10 11:57:44.069  2236  2236 I sysui_multi_action: [757,112,758,1,759,112,833,0,927,8,928,0]
07-10 11:57:44.069  2236  2236 I sysui_multi_action: [757,114,758,1,759,114,833,0,927,9,928,0]
07-10 11:57:44.069  2236  2236 I sysui_multi_action: [757,120,758,1,759,120,833,0,927,10,928,0]
07-10 11:57:44.069  2236  2236 I sysui_multi_action: [757,491,758,1,759,491,833,0,927,11,928,0]
07-10 11:57:44.069  2236  2236 I sysui_view_visibility: [111,100]
07-10 11:57:44.069  2236  2236 I sysui_multi_action: [757,111,758,1]
07-10 11:57:44.070  2236  2236 I sysui_multi_action: [757,126,758,1,759,126,833,1,927,0,928,0]
07-10 11:57:44.070  2236  2236 I sysui_multi_action: [757,115,758,1,759,115,833,1,927,1,928,0]
07-10 11:57:44.070  2236  2236 I sysui_multi_action: [757,113,758,1,759,113,833,1,927,2,928,0]
07-10 11:57:44.070  2236  2236 I sysui_multi_action: [757,122,758,1,759,122,833,1,927,3,928,0]
07-10 11:57:44.070  2236  2236 I sysui_multi_action: [757,116,758,1,759,116,833,1,927,4,928,0]
07-10 11:57:44.070  2236  2236 I sysui_multi_action: [757,119,758,1,759,119,833,1,927,5,928,0]
07-10 11:57:44.183  1978  2975 I sysui_multi_action: [757,128,758,2,793,66029,794,507,795,66029,796,0,797,com.android.server.wm.AlertWindowNotification - com.duapps.recorder,798,2,806,android,857,com.android.server.wm.Alert-adc4027,858,1,947,0]
07-10 11:57:44.183  1978  2975 I notification_visibility: [0|android|0|com.android.server.wm.AlertWindowNotification - com.duapps.recorder|1000,0,66029,66029,0,2]
07-10 11:57:44.184  1978  2975 I sysui_multi_action: [757,128,758,2,793,77978,794,507,795,77978,796,27,798,3,806,android,857,USB,858,1,947,0]
07-10 11:57:44.184  1978  2975 I notification_visibility: [-1|android|27|null|1000,0,77978,77978,0,3]
07-10 11:57:46.306  1978  2012 I am_uid_idle: 10009
07-10 11:57:46.944  1978  2011 I am_pss  : [3020,10039,com.google.android.googlequicksearchbox:search,100141056,91660288,0]
07-10 11:57:47.419  1978  2012 I am_uid_idle: 10002
07-10 11:57:48.053  1978  2011 I am_pss  : [6023,10100,com.google.android.music:main,18610176,13819904,2770944]
07-10 11:57:48.105  1978  2012 I am_uid_idle: 10072
07-10 11:57:48.578  2236  2236 I sysui_multi_action: [757,925,758,4,759,126,833,1,927,0,928,0]
07-10 11:57:49.181  6489  6489 I liblog  : 18
07-10 11:57:49.494  2236  2236 I sysui_multi_action: [757,926,758,4,759,126,833,1,927,0,928,1]
07-10 11:57:49.533  2236  2236 I sysui_view_visibility: [152,100]
07-10 11:57:49.533  2236  2236 I sysui_multi_action: [757,152,758,1]
07-10 11:57:49.978  2236  2236 I sysui_view_visibility: [111,0]
07-10 11:57:49.978  2236  2236 I sysui_multi_action: [757,111,758,2]
07-10 11:57:50.255  2236  2356 I sysui_multi_action: [757,1093,758,4,793,27069,1094,9453568,1095,5]
07-10 11:57:50.459  2236  2236 I sysui_action: [929,152]
07-10 11:57:50.460  2236  2236 I sysui_multi_action: [757,929,758,4,759,152]
07-10 11:57:50.480  1978  6238 I wm_stack_created: 1
07-10 11:57:50.481  1978  6238 I wm_task_created: [53,1]
07-10 11:57:50.481  1978  6238 I wm_task_moved: [53,1,0]
07-10 11:57:50.482  1978  6238 I am_focused_stack: [0,1,0,reuseOrNewTask]
07-10 11:57:50.482  1978  6238 I wm_task_moved: [53,1,0]
07-10 11:57:50.483  1978  6238 I am_create_task: [0,53]
07-10 11:57:50.483  1978  6238 I am_create_activity: [0,252821254,53,com.android.settings/.Settings$WifiSettingsActivity,android.settings.WIFI_SETTINGS,NULL,NULL,335544320]
07-10 11:57:50.484  1978  6238 I wm_task_moved: [53,1,0]
07-10 11:57:50.486  1978  6238 I am_pause_activity: [0,256988635,com.android.launcher3/com.android.searchlauncher.SearchLauncher]
07-10 11:57:50.487  2960  2960 I am_on_paused_called: [0,com.android.searchlauncher.SearchLauncher,handlePauseActivity]
07-10 11:57:50.510  1978  2975 I am_restart_activity: [0,252821254,53,com.android.settings/.Settings$WifiSettingsActivity]
07-10 11:57:50.513  1978  2975 I am_set_resumed_activity: [0,com.android.settings/.Settings$WifiSettingsActivity,minimalResumeActivityLocked]
07-10 11:57:50.516  1978  2012 I sysui_count: [window_time_0,25]
07-10 11:57:50.516  1978  2012 I sysui_multi_action: [757,803,799,window_time_0,802,25]
07-10 11:57:50.730  2468  2468 I sysui_multi_action: [757,103,758,1,833,0]
07-10 11:57:50.732  2468  2468 I am_on_resume_called: [0,com.android.settings.Settings$WifiSettingsActivity,LAUNCH_ACTIVITY]
07-10 11:57:50.810  1978  6238 I sysui_multi_action: [757,128,758,2,793,88406,794,7135,795,88406,796,26,798,1,806,android,857,DEVELOPER,858,2,947,0]
07-10 11:57:50.810  1978  6238 I notification_visibility: [-1|android|26|null|1000,0,88406,88406,0,1]
07-10 11:57:50.841  2236  2236 I sysui_view_visibility: [111,0]
07-10 11:57:50.841  2236  2236 I sysui_multi_action: [757,111,758,2]
07-10 11:57:50.842  2236  2236 I sysui_view_visibility: [111,0]
07-10 11:57:50.842  2236  2236 I sysui_multi_action: [757,111,758,2]
07-10 11:57:50.858  2236  2236 I sysui_view_visibility: [152,0]
07-10 11:57:50.858  2236  2236 I sysui_multi_action: [757,152,758,2]
07-10 11:57:50.858  2236  2236 I sysui_view_visibility: [111,100]
07-10 11:57:50.858  2236  2236 I sysui_multi_action: [757,111,758,1]
07-10 11:57:50.873  1978  2026 I sysui_multi_action: [319,82,321,80,322,385,325,140,757,761,758,8,759,1,806,com.android.settings,871,com.android.settings.Settings$WifiSettingsActivity,904,com.android.systemui,905,0]
07-10 11:57:50.873  1978  2026 I am_activity_launch_time: [0,252821254,com.android.settings/.Settings$WifiSettingsActivity,357,357]
07-10 11:57:51.112  1978  6238 I sysui_multi_action: [757,128,758,2,793,73705,794,7436,795,73073,796,201,798,0,806,com.duapps.recorder,857,miscellaneous,858,2,947,0]
07-10 11:57:51.112  1978  6238 I notification_visibility: [0|com.duapps.recorder|201|null|10115,0,73705,73073,0,0]
07-10 11:57:51.113  1978  6238 I sysui_view_visibility: [127,0]
07-10 11:57:51.113  1978  6238 I sysui_multi_action: [757,127,758,2]
07-10 11:57:51.113  1978  6238 I notification_panel_hidden: 
07-10 11:57:51.294  1978  2012 I am_stop_activity: [0,256988635,com.android.launcher3/com.android.searchlauncher.SearchLauncher]
07-10 11:57:51.302  2960  2960 I am_on_stop_called: [0,com.android.searchlauncher.SearchLauncher,handleStopActivity]
07-10 11:57:51.615  1978  1978 I notification_enqueue: [1000,1978,android,17303299,NULL,0,Notification(channel=NETWORK_AVAILABLE pri=0 contentView=null vibrate=null sound=null tick defaults=0x0 flags=0x100 color=0xff607d8b actions=2 vis=PRIVATE),0]
07-10 11:57:51.945  2468  2468 I sysui_histogram: [settings_wifi_speed_labels,0]
07-10 11:57:51.945  2468  2468 I sysui_multi_action: [757,804,799,settings_wifi_speed_labels,801,0,802,1]
07-10 11:57:51.946  2468  2468 I sysui_histogram: [settings_wifi_speed_labels,0]
07-10 11:57:51.946  2468  2468 I sysui_multi_action: [757,804,799,settings_wifi_speed_labels,801,0,802,1]
07-10 11:57:51.946  2468  2468 I sysui_histogram: [settings_wifi_speed_labels,0]
07-10 11:57:51.947  2468  2468 I sysui_multi_action: [757,804,799,settings_wifi_speed_labels,801,0,802,1]
07-10 11:57:51.947  2468  2468 I sysui_histogram: [settings_wifi_speed_labels,0]
07-10 11:57:51.947  2468  2468 I sysui_multi_action: [757,804,799,settings_wifi_speed_labels,801,0,802,1]
07-10 11:57:51.948  2468  2468 I sysui_histogram: [settings_wifi_speed_labels,0]
07-10 11:57:51.948  2468  2468 I sysui_multi_action: [757,804,799,settings_wifi_speed_labels,801,0,802,1]
07-10 11:57:51.948  2468  2468 I sysui_histogram: [settings_wifi_speed_labels,0]
07-10 11:57:51.948  2468  2468 I sysui_multi_action: [757,804,799,settings_wifi_speed_labels,801,0,802,1]
07-10 11:57:51.949  2468  2468 I sysui_histogram: [settings_wifi_speed_labels,0]
07-10 11:57:51.949  2468  2468 I sysui_multi_action: [757,804,799,settings_wifi_speed_labels,801,0,802,1]
07-10 11:57:51.949  2468  2468 I sysui_histogram: [settings_wifi_speed_labels,0]
07-10 11:57:51.949  2468  2468 I sysui_multi_action: [757,804,799,settings_wifi_speed_labels,801,0,802,1]
07-10 11:57:51.949  2468  2468 I sysui_histogram: [settings_wifi_speed_labels,0]
07-10 11:57:51.949  2468  2468 I sysui_multi_action: [757,804,799,settings_wifi_speed_labels,801,0,802,1]
07-10 11:57:54.002  2468  2468 I sysui_view_visibility: [103,0]
07-10 11:57:54.002  2468  2468 I sysui_multi_action: [757,103,758,2]
07-10 11:57:54.003  2468  2468 I am_on_paused_called: [0,com.android.settings.Settings$WifiSettingsActivity,handlePauseActivity]
07-10 11:57:54.005  1978  5720 I am_restart_activity: [0,228368021,53,com.android.settings/.SubSettings]
07-10 11:57:54.007  1978  5720 I am_set_resumed_activity: [0,com.android.settings/.SubSettings,minimalResumeActivityLocked]
07-10 11:57:54.010  1978  2012 I sysui_count: [window_time_0,4]
07-10 11:57:54.011  1978  2012 I sysui_multi_action: [757,803,799,window_time_0,802,4]
07-10 11:57:54.091  2468  2468 I sysui_multi_action: [757,338,758,1,833,103]
07-10 11:57:54.098  2468  2468 I am_on_resume_called: [0,com.android.settings.SubSettings,LAUNCH_ACTIVITY]
07-10 11:57:54.242  1978  2026 I am_activity_launch_time: [0,228368021,com.android.settings/.SubSettings,216,216]
07-10 11:57:54.601  1978  2012 I am_stop_activity: [0,252821254,com.android.settings/.Settings$WifiSettingsActivity]
07-10 11:57:54.613  2468  2468 I am_on_stop_called: [0,com.android.settings.Settings$WifiSettingsActivity,handleStopActivity]
07-10 11:57:55.339  2468  2468 I sysui_multi_action: [757,834,758,4,833,338]
07-10 11:57:56.283  1978  5720 I wm_task_moved: [53,1,0]
07-10 11:57:56.285  1978  5720 I am_create_activity: [0,192961721,53,com.android.settings/.SubSettings,android.intent.action.MAIN,NULL,NULL,0]
07-10 11:57:56.288  1978  5720 I am_pause_activity: [0,228368021,com.android.settings/.SubSettings]
07-10 11:57:56.291  2468  2468 I sysui_view_visibility: [338,0]
07-10 11:57:56.291  2468  2468 I sysui_multi_action: [757,338,758,2]
07-10 11:57:56.294  2468  2468 I am_on_paused_called: [0,com.android.settings.SubSettings,handlePauseActivity]
07-10 11:57:56.296  1978  6238 I am_restart_activity: [0,192961721,53,com.android.settings/.SubSettings]
07-10 11:57:56.298  1978  6238 I am_set_resumed_activity: [0,com.android.settings/.SubSettings,minimalResumeActivityLocked]
07-10 11:57:56.300  1978  2012 I sysui_count: [window_time_0,2]
07-10 11:57:56.300  1978  2012 I sysui_multi_action: [757,803,799,window_time_0,802,2]
07-10 11:57:56.372  2468  2468 I sysui_multi_action: [757,109,758,1,833,338]
07-10 11:57:56.373  2468  2468 I am_on_resume_called: [0,com.android.settings.SubSettings,LAUNCH_ACTIVITY]
07-10 11:57:56.437  1978  2026 I am_activity_launch_time: [0,192961721,com.android.settings/.SubSettings,136,136]
07-10 11:57:56.816  1978  2012 I am_stop_activity: [0,228368021,com.android.settings/.SubSettings]
07-10 11:57:56.820  2468  2468 I am_on_stop_called: [0,com.android.settings.SubSettings,handleStopActivity]
07-10 11:57:58.948  2468  2468 I menu_item_selected: [0,Rename device]
07-10 11:57:58.989  2468  2468 I sysui_multi_action: [757,577,758,1,833,0]
07-10 11:57:59.024  1978  5720 I sysui_multi_action: [757,906,758,4,806,com.android.settings,908,com.google.android.gms]
07-10 11:57:59.264  1978  2024 I sysui_multi_action: [757,919,758,4,806,com.android.settings,908,com.google.android.gms]
07-10 11:57:59.403  1978  5720 I am_proc_start: [0,6555,10015,com.google.android.gms.learning,service,com.google.android.gms/.learning.training.background.TrainingGcmTaskService]
07-10 11:57:59.437  2816  3362 I dvm_lock_sample: [com.google.android.gms.persisten,0,lowpool[3],93,:com.google.android.gms@12685025@12.6.85 (040408-197041431),1,int vww.e(vva),-,138,void vww.a(vws, vuk),18]
07-10 11:57:59.454  1978  3044 I am_proc_bound: [0,6555,com.google.android.gms.learning]
07-10 11:58:00.116  2468  2468 I sysui_view_visibility: [577,0]
07-10 11:58:00.116  2468  2468 I sysui_multi_action: [757,577,758,2]
07-10 11:58:00.587  1978  2011 I am_pss  : [2468,1000,com.android.settings,74443776,67469312,2432000]
07-10 11:58:00.889  2816  5012 I dvm_lock_sample: [com.google.android.gms.persisten,0,lowpool[7],35,,6,void vwx.a(vvh, int),:com.google.android.gms@12685025@12.6.85 (040408-197041431),138,void vww.a(vws, vuk),7]
07-10 11:58:03.081  1978  2205 I storage_state: [41217664-9172-527a-b3d5-edabb50a7d69,0,0,48589332480,52105453568]
07-10 11:58:04.315  1978  2011 I am_pss  : [2236,10035,com.android.systemui,79185920,69931008,0]
07-10 11:58:04.382  1978  2011 I am_pss  : [1978,1000,system,115752960,103972864,0]
07-10 11:58:05.206  1978  2011 I am_pss  : [2442,1001,com.android.phone,22007808,19357696,0]
07-10 11:58:05.237  1978  2011 I am_pss  : [2427,1001,com.qualcomm.qti.telephonyservice,3533824,2682880,0]
07-10 11:58:05.265  1978  2011 I am_pss  : [2413,1000,.dataservices,5836800,4849664,0]
07-10 11:58:07.296  3084  6342 I dvm_lock_sample: [com.google.android.gms,0,highpool[4],6336,:com.google.android.gms@12685025@12.6.85 (040408-197041431),2,xan xao.c(java.lang.String),-,5,void wwa.l(),100]
07-10 11:58:08.157  2236  2236 I sysui_multi_action: [757,931,758,4,759,3,932,0,933,0]
07-10 11:58:08.214  2236  2236 I sysui_multi_action: [757,931,758,4,759,3,932,0,933,1]
07-10 11:58:08.228  1978  2179 I am_focused_stack: [0,0,1,bringingFoundTaskToFront]
07-10 11:58:08.228  1978  2179 I wm_task_moved: [49,1,0]
07-10 11:58:08.231  1978  2179 I am_pause_activity: [0,192961721,com.android.settings/.SubSettings]
07-10 11:58:08.231  2468  2468 I sysui_view_visibility: [109,0]
07-10 11:58:08.232  2468  2468 I sysui_multi_action: [757,109,758,2]
07-10 11:58:08.237  1978  2179 I am_set_resumed_activity: [0,com.android.launcher3/com.android.searchlauncher.SearchLauncher,resumeTopActivityInnerLocked]
07-10 11:58:08.250  1978  2179 I am_resume_activity: [0,256988635,49,com.android.launcher3/com.android.searchlauncher.SearchLauncher]
07-10 11:58:08.268  1978  2179 I am_task_to_front: [0,49]
07-10 11:58:08.273  1978  6238 I dvm_lock_sample: [system_server,1,Binder:1978_13,38,ActivityManagerService.java,19053,void com.android.server.am.ActivityManagerService.unregisterReceiver(android.content.IIntentReceiver),ActivityStarter.java,737,int com.android.server.am.ActivityStarter.startActivityMayWait(android.app.IApplicationThread, int, java.lang.String, android.content.Intent, java.lang.String, android.service.voice.IVoiceInteractionSession, com.android.internal.app.IVoiceInteractor, android.os.IBinder, java.lang.String, int, int, android.app.ProfilerInfo, android.app.WaitResult, android.content.res.Configuration, android.os.Bundle, boolean, int, com.android.server.am.TaskRecord, java.lang.String),7]
07-10 11:58:08.278  2468  2468 I am_on_paused_called: [0,com.android.settings.SubSettings,handlePauseActivity]
07-10 11:58:08.299  1978  2012 I am_stop_activity: [0,192961721,com.android.settings/.SubSettings]
07-10 11:58:08.318  1978  2012 I sysui_count: [window_time_0,12]
07-10 11:58:08.318  1978  2012 I sysui_multi_action: [757,803,799,window_time_0,802,12]
07-10 11:58:08.319  2960  2960 I am_on_resume_called: [0,com.android.searchlauncher.SearchLauncher,RESUME_ACTIVITY]
07-10 11:58:08.325  2468  2468 I am_on_stop_called: [0,com.android.settings.SubSettings,handleStopActivity]
07-10 11:58:08.469  1978  2026 I sysui_multi_action: [319,242,322,220,325,158,757,761,758,9,759,2,806,com.android.launcher3,871,com.android.searchlauncher.SearchLauncher,905,0]
07-10 11:58:09.739  1978  2011 I am_pss  : [2920,1000,com.qualcomm.qti.services.secureui:sui_service,3347456,2576384,0]
07-10 11:58:09.781  1978  2011 I am_pss  : [2897,10031,com.android.test.soundtrigger,2635776,1978368,0]
07-10 11:58:09.824  1978  2011 I am_pss  : [2884,1000,com.quicinc.wbcserviceapp,2741248,2076672,0]
07-10 11:58:09.863  1978  2011 I am_pss  : [2869,1001,com.qualcomm.qti.loadcarrier,2889728,2191360,0]
07-10 11:58:10.612  1978  3044 I wm_task_created: [54,1]
07-10 11:58:10.612  1978  3044 I wm_task_moved: [54,1,1]
07-10 11:58:10.613  1978  3044 I am_focused_stack: [0,1,0,reuseOrNewTask]
07-10 11:58:10.613  1978  3044 I wm_task_moved: [54,1,1]
07-10 11:58:10.613  1978  3044 I am_create_task: [0,54]
07-10 11:58:10.613  1978  3044 I am_create_activity: [0,37917261,54,com.generalmobile.app.gmfilemanager/.splash.SplashActivity,android.intent.action.MAIN,NULL,NULL,270532608]
07-10 11:58:10.613  1978  3044 I wm_task_moved: [54,1,1]
07-10 11:58:10.616  1978  3044 I am_pause_activity: [0,256988635,com.android.launcher3/com.android.searchlauncher.SearchLauncher]
07-10 11:58:10.622  2960  2960 I am_on_paused_called: [0,com.android.searchlauncher.SearchLauncher,handlePauseActivity]
07-10 11:58:10.637  1978  5720 I am_uid_active: 10093
07-10 11:58:10.637  1978  5720 I am_restart_activity: [0,37917261,54,com.generalmobile.app.gmfilemanager/.splash.SplashActivity]
07-10 11:58:10.639  1978  5720 I am_set_resumed_activity: [0,com.generalmobile.app.gmfilemanager/.splash.SplashActivity,minimalResumeActivityLocked]
07-10 11:58:10.641  1978  2012 I dvm_lock_sample: [system_server,1,ActivityManager,17,ActivityStackSupervisor.java,4543,void com.android.server.am.ActivityStackSupervisor$ActivityStackSupervisorHandler.activityIdleInternal(com.android.server.am.ActivityRecord, boolean),ActivityManagerService.java,7600,void com.android.server.am.ActivityManagerService.activityPaused(android.os.IBinder),3]
07-10 11:58:10.642  1978  2012 I sysui_count: [window_time_0,3]
07-10 11:58:10.642  1978  2012 I sysui_multi_action: [757,803,799,window_time_0,802,3]
07-10 11:58:10.828  1978  6238 I wm_task_moved: [54,1,1]
07-10 11:58:10.830  1978  6238 I wm_task_moved: [54,1,1]
07-10 11:58:10.830  1978  6238 I am_create_activity: [0,78397824,54,com.generalmobile.app.gmfilemanager/.dashboard.DashboardActivity,NULL,NULL,NULL,268435456]
07-10 11:58:10.833  1978  6238 I am_pause_activity: [0,37917261,com.generalmobile.app.gmfilemanager/.splash.SplashActivity]
07-10 11:58:10.836  1978  3044 I am_finish_activity: [0,37917261,54,com.generalmobile.app.gmfilemanager/.splash.SplashActivity,app-request]
07-10 11:58:10.837  1978  2012 I sysui_count: [window_time_0,0]
07-10 11:58:10.837  1978  2012 I sysui_multi_action: [757,803,799,window_time_0,802,0]
07-10 11:58:10.866  1978  3044 I am_restart_activity: [0,78397824,54,com.generalmobile.app.gmfilemanager/.dashboard.DashboardActivity]
07-10 11:58:10.866  1978  3044 I am_set_resumed_activity: [0,com.generalmobile.app.gmfilemanager/.dashboard.DashboardActivity,minimalResumeActivityLocked]
07-10 11:58:10.871  1978  2012 I sysui_count: [window_time_0,0]
07-10 11:58:10.872  1978  2012 I sysui_multi_action: [757,803,799,window_time_0,802,0]
07-10 11:58:11.462  6154  6154 I am_on_resume_called: [0,com.generalmobile.app.gmfilemanager.dashboard.DashboardActivity,LAUNCH_ACTIVITY]
07-10 11:58:11.673  1978  5720 I am_uid_active: 10009
07-10 11:58:11.748  1978  2026 I sysui_multi_action: [319,128,321,126,322,1166,325,161,757,761,758,8,759,1,806,com.generalmobile.app.gmfilemanager,871,com.generalmobile.app.gmfilemanager.dashboard.DashboardActivity,904,com.generalmobile.app.gmfilemanager,905,0]
07-10 11:58:11.748  1978  2026 I am_activity_launch_time: [0,78397824,com.generalmobile.app.gmfilemanager/.dashboard.DashboardActivity,877,1119]
07-10 11:58:11.769  1978  5720 I am_destroy_activity: [0,37917261,54,com.generalmobile.app.gmfilemanager/.splash.SplashActivity,finish-imm]
07-10 11:58:11.770  1978  5720 I am_stop_activity: [0,256988635,com.android.launcher3/com.android.searchlauncher.SearchLauncher]
07-10 11:58:11.787  2960  2960 I am_on_stop_called: [0,com.android.searchlauncher.SearchLauncher,handleStopActivity]
07-10 11:58:14.327  1978  5720 I wm_task_moved: [54,1,1]
07-10 11:58:14.329  1978  5720 I am_create_activity: [0,144564691,54,com.generalmobile.app.gmfilemanager/.wifitransfer.main.WifiMainActivity,NULL,NULL,NULL,0]
07-10 11:58:14.332  1978  5720 I am_pause_activity: [0,78397824,com.generalmobile.app.gmfilemanager/.dashboard.DashboardActivity]
07-10 11:58:14.346  6154  6154 I am_on_paused_called: [0,com.generalmobile.app.gmfilemanager.dashboard.DashboardActivity,handlePauseActivity]
07-10 11:58:14.348  1978  3044 I am_restart_activity: [0,144564691,54,com.generalmobile.app.gmfilemanager/.wifitransfer.main.WifiMainActivity]
07-10 11:58:14.351  1978  3044 I am_set_resumed_activity: [0,com.generalmobile.app.gmfilemanager/.wifitransfer.main.WifiMainActivity,minimalResumeActivityLocked]
07-10 11:58:14.353  1978  2012 I sysui_count: [window_time_0,3]
07-10 11:58:14.353  1978  2012 I sysui_multi_action: [757,803,799,window_time_0,802,3]
07-10 11:58:14.428  6154  6154 I am_on_resume_called: [0,com.generalmobile.app.gmfilemanager.wifitransfer.main.WifiMainActivity,LAUNCH_ACTIVITY]
07-10 11:58:14.486  1978  2026 I am_activity_launch_time: [0,144564691,com.generalmobile.app.gmfilemanager/.wifitransfer.main.WifiMainActivity,135,135]
07-10 11:58:14.865  1978  2012 I am_stop_activity: [0,78397824,com.generalmobile.app.gmfilemanager/.dashboard.DashboardActivity]
07-10 11:58:14.879  6154  6154 I am_on_stop_called: [0,com.generalmobile.app.gmfilemanager.dashboard.DashboardActivity,handleStopActivity]
07-10 11:58:17.835  1978  2012 I am_uid_idle: 10100
07-10 11:58:18.441  3020  3447 I dvm_lock_sample: [com.google.android.googlequickse,0,NonUserFacing4,14,SourceFile,23,void com.google.android.apps.gsa.g.a.a(com.google.android.apps.gsa.g.e),FileDescriptor.java,-2,void java.io.FileDescriptor.sync(),2]
07-10 11:58:22.517  1978  2011 I am_pss  : [6154,10093,com.generalmobile.app.gmfilemanager,95410176,83017728,957440]
07-10 11:58:23.193  2236  2356 I sysui_multi_action: [757,1093,758,4,793,32938,1094,9453568,1095,5]
07-10 11:58:26.675  1978  1978 I sysui_multi_action: [757,128,758,5,759,8,793,35062,794,0,795,35062,796,17303299,806,android,857,NETWORK_AVAILABLE,858,2,947,0]
07-10 11:58:26.675  1978  1978 I notification_canceled: [0|android|17303299|null|1000,8,35062,35062,0,NULL]
