07-10 11:56:11.375  2442  2442 D SAT     : [0]onSimAbsent, reset activation state to UNKNOWN
07-10 11:56:11.375  2442  2442 D SAT     : [0]setVoiceActivationState=0
07-10 11:56:11.376  2442  2442 D SAT     : [0]setDataActivationState=0
07-10 11:56:11.376  2442  2442 D QtiSimPhoneBookAdnRecordCache: ACTION_SIM_STATE_CHANGED intent received simStatus: ABSENTphoneId: 0
07-10 11:56:11.377  2442  2442 D QtiSimPhoneBookAdnRecordCache: invalidateAdnCache
07-10 11:56:11.377  2442  2442 D SubscriptionInfoUpdater: [Receiver]+
07-10 11:56:11.377  2442  2442 D SubscriptionInfoUpdater: Action: android.intent.action.SIM_STATE_CHANGED
07-10 11:56:11.377  2442  2442 D SubscriptionInfoUpdater: slotIndex: 0
07-10 11:56:11.377  2442  2442 D SubscriptionInfoUpdater: simStatus: ABSENT
07-10 11:56:11.377  2442  2442 D SubscriptionInfoUpdater: [Receiver]-
07-10 11:56:11.377  2442  2868 D QtiSubscriptionInfoUpdater:  handleMessage: EVENT:  4
07-10 11:56:11.377  2442  2442 D PhoneSwitcher: mSimStateIntentReceiver: phoneId = 0 value = ABSENT
07-10 11:56:11.377  2442  2868 D SubscriptionInfoUpdater: All IccIds query complete
07-10 11:56:11.377  2442  2868 D SubscriptionInfoUpdater: updateSubscriptionInfoByIccId:+ Start
07-10 11:56:11.377  2442  2868 D SubscriptionInfoUpdater: insertedSimCount = 0
07-10 11:56:11.377  2442  2868 D SubscriptionController: [getSubInfoUsingSlotIndexWithCheck]+ slotIndex:0
07-10 11:56:11.383  2442  2868 D SubscriptionController: [getSubInfoUsingSlotIndex]- null info return
07-10 11:56:11.383  2442  2868 D SubscriptionInfoUpdater: updateSubscriptionInfoByIccId: No SIM in slot 0 last time
07-10 11:56:11.383  2442  2868 D SubscriptionInfoUpdater: updateSubscriptionInfoByIccId: oldIccId[0] = , sIccId[0] = 
07-10 11:56:11.383  2442  2868 D SubscriptionInfoUpdater: updateSubscriptionInfoByIccId: No SIM inserted in slot 0 this time
07-10 11:56:11.383  2442  2868 D SubscriptionInfoUpdater: updateSubscriptionInfoByIccId: sInsertSimState[0] = -99
07-10 11:56:11.384  2442  2442 D QtiSubscriptionController: getPhoneId, received dummy subId 2147483643
07-10 11:56:11.385  2442  2442 D QtiSubscriptionController: getPhoneId, received dummy subId 2147483643
07-10 11:56:11.387  2442  2442 D SubscriptionController: [getActiveSubInfoList] Sub Controller not ready
07-10 11:56:11.387  2442  2442 D SubscriptionController: [getActiveSubInfoForSubscriber]- subId=2147483643 subList=null subInfo=null
07-10 11:56:11.389  2442  2442 D QtiSubscriptionController: getPhoneId, received dummy subId 2147483643
07-10 11:56:11.390  2442  2868 D SubscriptionController: [getActiveSubInfoList] Sub Controller not ready
07-10 11:56:11.390  2442  2442 D QtiSubscriptionController: getPhoneId, received dummy subId 2147483643
07-10 11:56:11.391  2442  2868 D SubscriptionInfoUpdater: updateSubscriptionInfoByIccId: nSubCount = 0
07-10 11:56:11.391  2442  2442 D QtiSubscriptionController: getPhoneId, received dummy subId 2147483643
07-10 11:56:11.394  2442  2442 I chatty  : uid=1001(radio) com.android.phone identical 3 lines
07-10 11:56:11.395  2442  2442 D QtiSubscriptionController: getPhoneId, received dummy subId 2147483643
07-10 11:56:11.393  2442  2868 D QtiSubscriptionController: isVoiceCallActive: false
07-10 11:56:11.397  2442  2868 D SubscriptionController: [updateAllDataConnectionTrackers] sPhones.length=1
07-10 11:56:11.398  2442  2868 D SubscriptionController: [updateAllDataConnectionTrackers] phoneId=0
07-10 11:56:11.398  2442  2868 D QtiGsmDCT: [0]update sub = 2147483643
07-10 11:56:11.398  2442  2868 D QtiGsmDCT: [0]update(): Active DDS, register for all events now!
07-10 11:56:11.399  2442  2868 D GsmCdmaPhone: [GsmCdmaPhone] updateCurrentCarrierInProvider: mSubId = 2147483643 currentDds = 2 operatorNumeric = null
07-10 11:56:11.399  2442  2868 D SubscriptionController: [broadcastDefaultDataSubIdChanged] subId=2
07-10 11:56:11.402  2442  2868 D SubscriptionController: notifySubscriptionInfoChanged:
07-10 11:56:11.405  2442  3365 D QtiSubscriptionController: getPhoneId, received dummy subId 2147483643
07-10 11:56:11.405  2442  2442 D SubscriptionController: [getPhoneId]- no sims, returning default phoneId=0
07-10 11:56:11.405  2442  3264 D ImsManager: registrationDisconnected :: imsReasonInfoImsReasonInfo :: {1000, 0, null}
07-10 11:56:11.405  2442  2442 D PhoneSwitcher: handle event - 110
07-10 11:56:11.406  2442  3264 D ImsPhoneCallTracker: [ImsPhoneCallTracker] onImsDisconnected imsReasonInfo=ImsReasonInfo :: {1000, 0, null}
07-10 11:56:11.406  2442  3264 D ImsPhoneCallTracker: [ImsPhoneCallTracker] Resetting Capabilities...
07-10 11:56:11.406  2442  2442 D SubscriptionController: [getPhoneId]- no sims, returning default phoneId=0
07-10 11:56:11.406  2442  3264 D ImsPhone: updateDataServiceState: defSs = {mVoiceRegState=1(OUT_OF_SERVICE), mDataRegState=1(OUT_OF_SERVICE), mVoiceRoamingType=home, mDataRoamingType=home, mVoiceOperatorAlphaLong=, mVoiceOperatorAlphaShort=, mDataOperatorAlphaLong=, mDataOperatorAlphaShort=, isManualNetworkSelection=false(automatic), mRilVoiceRadioTechnology=0(Unknown), mRilDataRadioTechnology=0(Unknown), mCssIndicator=unsupported, mNetworkId=-1, mSystemId=-1, mCdmaRoamingIndicator=-1, mCdmaDefaultRoamingIndicator=-1, mIsEmergencyOnly=false, mIsDataRoamingFromRegistration=false, mIsUsingCarrierAggregation=false, mLteEarfcnRsrpBoost=0} imsSs = {mVoiceRegState=1(OUT_OF_SERVICE), mDataRegState=1(OUT_OF_SERVICE), mVoiceRoamingType=home, mDataRoamingType=home, mVoiceOperatorAlphaLong=null, mVoiceOperatorAlphaShort=null, mDataOperatorAlphaLong=null, mDataOperatorAlphaShort=null, isManualNetworkSelection=false(automatic), mRilVoiceRadioTechnology=0(Unknown), mRilDataRadioTechnology=0(Unknown), mCssIndicator=unsupported, mNetworkId=-1, mSystemId=-1, mCdmaRoamingIndicator=-1, mCdmaDefaultRoamingIndicator=-1, mIsEmergencyOnly=false, mIsDataRoamingFromRegistration=false, mIsUsingCarrierAggregation=false, mLteEarfcnRsrpBoost=0}
07-10 11:56:11.406  2442  2442 D PhoneSwitcher: handle event - 110
07-10 11:56:11.406  2442  2442 D SubscriptionController: [getPhoneId]- no sims, returning default phoneId=0
07-10 11:56:11.406  2442  2442 D PhoneSwitcher: handle event - 110
07-10 11:56:11.406  2442  2442 D SubscriptionController: [getPhoneId]- no sims, returning default phoneId=0
07-10 11:56:11.407  2442  2712 D SubscriptionController: [getPhoneId]- no sims, returning default phoneId=0
07-10 11:56:11.407  2442  2442 D PhoneSwitcher: handle event - 110
07-10 11:56:11.407  2442  2442 D SubscriptionController: [getPhoneId]- no sims, returning default phoneId=0
07-10 11:56:11.407  2442  2442 D PhoneSwitcher: handle event - 110
07-10 11:56:11.408  2442  2442 E CarrierActionAgent: [0]Unsupported action: 7
07-10 11:56:11.408  2442  2442 D CarrierActionAgent: [0]EVENT_SIM_STATE_CHANGED status: ABSENT
07-10 11:56:11.409  2442  3315 D SubscriptionController: [getActiveSubInfoList] Sub Controller not ready
07-10 11:56:11.410  2442  2712 D SubscriptionController: [getActiveSubInfoList] Sub Controller not ready
07-10 11:56:11.411  2442  2442 D SubscriptionController: [getPhoneId]- no sims, returning default phoneId=0
07-10 11:56:11.411  2442  2442 D SubscriptionController: [getPhoneId]- no sims, returning default phoneId=0
07-10 11:56:11.411  2442  2442 D PhoneSwitcher: handle event - 102
07-10 11:56:11.411  2442  2442 D SubscriptionController: [getPhoneId]- no sims, returning default phoneId=0
07-10 11:56:11.412  2442  3315 D SubscriptionController: [getPhoneId]- no sims, returning default phoneId=0
07-10 11:56:11.412  2442  2442 D SubscriptionController: [getActiveSubInfoList] Sub Controller not ready
07-10 11:56:11.413  2442  2442 D QtiGsmDCT: [0]SubscriptionListener.onSubscriptionInfoChanged
07-10 11:56:11.413  2442  3365 D SubscriptionController: [getActiveSubInfoList] Sub Controller not ready
07-10 11:56:11.414  2442  2442 D SST     : SubscriptionListener.onSubscriptionInfoChanged
07-10 11:56:11.415  2442  2442 D SubscriptionController: [getActiveSubInfoList] Sub Controller not ready
07-10 11:56:11.415  2442  2460 D SubscriptionController: [getActiveSubInfoList] Sub Controller not ready
07-10 11:56:11.416  2442  3315 D SubscriptionController: [getPhoneId]- no sims, returning default phoneId=0
07-10 11:56:11.421  2442  2460 D SubscriptionController: [getActiveSubInfoList] Sub Controller not ready
07-10 11:56:11.424  2442  2442 D QtiSubscriptionController: getPhoneId, received dummy subId 2147483643
07-10 11:56:11.426  2442  2442 D QtiSubscriptionController: getPhoneId, received dummy subId 2147483643
07-10 11:56:11.427  2442  2442 D SubscriptionController: [getActiveSubInfoList] Sub Controller not ready
07-10 11:56:11.427  2442  2442 D SubscriptionController: [getActiveSubInfoForSubscriber]- subId=2147483643 subList=null subInfo=null
07-10 11:56:11.428  2442  3365 D SubscriptionController: [getPhoneId]- no sims, returning default phoneId=0
07-10 11:56:11.428  2442  2442 D QtiSubscriptionController: getPhoneId, received dummy subId 2147483643
07-10 11:56:11.435  2442  2442 I chatty  : uid=1001(radio) com.android.phone identical 5 lines
07-10 11:56:11.436  2442  2442 D QtiSubscriptionController: getPhoneId, received dummy subId 2147483643
07-10 11:56:11.440  2442  2868 D SubscriptionInfoUpdater: updateSubscriptionInfoByIccId:- SubscriptionInfo update complete
07-10 11:56:11.440  2442  2868 D QtiSubscriptionInfoUpdater: SIM state changed, Updating user preference 
07-10 11:56:11.446  2442  2868 D SubscriptionController: [getActiveSubInfoList] Sub Controller not ready
07-10 11:56:11.446  2442  2868 I QtiSubscriptionController: updateUserPreferences: Subscription list is empty
07-10 11:56:11.450  2442  2868 D SubscriptionController: [getActiveSubInfoList] Sub Controller not ready
07-10 11:56:11.451  2442  2868 D SubscriptionController: [clearVoiceSubId] records: null
07-10 11:56:11.451  2442  2868 D SubscriptionController: [shouldDefaultBeCleared: subId] 2147483643
07-10 11:56:11.451  2442  2868 D SubscriptionController: [shouldDefaultBeCleared] return true no records subId=2147483643
07-10 11:56:11.451  2442  2868 D SubscriptionController: [clearVoiceSubId] clear voice sub id
07-10 11:56:11.452  2442  2868 D SubscriptionController: [setDefaultVoiceSubId] subId=2147483643
07-10 11:56:11.453  2442  2868 D SubscriptionController: [broadcastDefaultVoiceSubIdChanged] subId=2147483643
07-10 11:56:11.455  2442  2442 D SubscriptionController: [getPhoneId]- no sims, returning default phoneId=0
07-10 11:56:11.455  2442  2442 D PhoneSwitcher: handle event - 101
07-10 11:56:11.456  2442  2442 D PhoneSwitcher: isAnyVoiceCallActiveOnDevice: false
07-10 11:56:11.456  2442  2442 D SubscriptionController: [getPhoneId]- no sims, returning default phoneId=0
07-10 11:56:11.458  2442  2442 D QtiSubscriptionController: getPhoneId, received dummy subId 2147483643
07-10 11:56:11.460  2442  2442 D QtiSubscriptionController: getPhoneId, received dummy subId 2147483643
07-10 11:56:11.466  2442  2442 D SubscriptionController: [getActiveSubInfoList] Sub Controller not ready
07-10 11:56:11.467  2442  2442 D SubscriptionController: [getActiveSubInfoForSubscriber]- subId=2147483643 subList=null subInfo=null
07-10 11:56:11.469  2442  2442 D QtiSubscriptionController: getPhoneId, received dummy subId 2147483643
07-10 11:56:11.482  2442  2442 I chatty  : uid=1001(radio) com.android.phone identical 5 lines
07-10 11:56:11.484  2442  2442 D QtiSubscriptionController: getPhoneId, received dummy subId 2147483643
07-10 11:56:11.485  2442  2868 D SubscriptionController: [setDefaultFallbackSubId] subId=2147483643
07-10 11:56:11.486  2442  2868 D QtiSubscriptionController: getPhoneId, received dummy subId 2147483643
07-10 11:56:11.486  2442  2868 D SubscriptionController: [setDefaultFallbackSubId] set mDefaultFallbackSubId=2147483643
07-10 11:56:11.489  2442  2868 D SubscriptionController: [setDefaultFallbackSubId] broadcast default subId changed phoneId=0 subId=2147483643
07-10 11:56:11.497  2442  3315 D QtiSubscriptionController: getPhoneId, received dummy subId 2147483643
07-10 11:56:11.508  2442  3315 I chatty  : uid=1001(radio) Binder:2442_6 identical 2 lines
07-10 11:56:11.514  2442  3315 D QtiSubscriptionController: getPhoneId, received dummy subId 2147483643
07-10 11:56:11.635  2442  2735 D GsmCellBroadcastHandler: mWakeLock released
07-10 11:56:11.635  2442  2442 D QtiGsmDCT: [0]NETWORK_STATE_CHANGED_ACTION: mIsWifiConnected=false
07-10 11:56:11.637  2442  2744 D CellBroadcastHandler: mWakeLock released
07-10 11:56:11.638  2442  2747 D CdmaServiceCategoryProgramHandler: mWakeLock released
07-10 11:56:11.714  2442  3315 D SubscriptionController: [getPhoneId]- no sims, returning default phoneId=0
07-10 11:56:11.779  2442  2442 D QtiGsmDCT: [0]NETWORK_STATE_CHANGED_ACTION: mIsWifiConnected=false
07-10 11:56:11.811  2442  2442 I chatty  : uid=1001(radio) com.android.phone identical 3 lines
07-10 11:56:11.826  2442  2442 D QtiGsmDCT: [0]NETWORK_STATE_CHANGED_ACTION: mIsWifiConnected=false
07-10 11:56:11.867  2442  3315 D SubscriptionController: [getPhoneId] asked for default subId=2147483643
07-10 11:56:11.868  2442  3315 D QtiSubscriptionController: getPhoneId, received dummy subId 2147483643
07-10 11:56:11.924  2442  3315 D QtiSubscriptionController: getPhoneId, received dummy subId 2147483643
07-10 11:56:12.063  2442  2442 D QtiGsmDCT: [0]NETWORK_STATE_CHANGED_ACTION: mIsWifiConnected=false
07-10 11:56:12.086  2442  2442 D QtiGsmDCT: [0]NETWORK_STATE_CHANGED_ACTION: mIsWifiConnected=true
07-10 11:56:12.101  2442  2442 D QtiGsmDCT: [0]NETWORK_STATE_CHANGED_ACTION: mIsWifiConnected=true
07-10 11:56:12.104  2442  3315 D QtiSubscriptionController: getPhoneId, received dummy subId 2147483643
07-10 11:56:12.116  2442  2712 D QtiSubscriptionController: getPhoneId, received dummy subId 2147483643
07-10 11:56:12.126  2442  2712 D SubscriptionController: [getPhoneId]- no sims, returning default phoneId=0
07-10 11:56:12.140  2442  2712 D QtiSubscriptionController: getPhoneId, received dummy subId 2147483643
07-10 11:56:12.143  2442  2712 D QtiSubscriptionController: getPhoneId, received dummy subId 2147483643
07-10 11:56:12.151  2442  3315 D QtiSubscriptionController: getPhoneId, received dummy subId 2147483643
07-10 11:56:12.160  2442  3315 D QtiSubscriptionController: getPhoneId, received dummy subId 2147483643
07-10 11:56:12.222  2442  2712 D SubscriptionController: [getPhoneId]- no sims, returning default phoneId=0
07-10 11:56:12.245  2442  2712 D QtiSubscriptionController: getPhoneId, received dummy subId 2147483643
07-10 11:56:12.248  2442  2712 I chatty  : uid=1001(radio) Binder:2442_3 identical 1 line
07-10 11:56:12.249  2442  2712 D QtiSubscriptionController: getPhoneId, received dummy subId 2147483643
07-10 11:56:12.261  2442  3315 D SubscriptionController: [getPhoneId] asked for default subId=2147483643
07-10 11:56:12.261  2442  3315 D QtiSubscriptionController: getPhoneId, received dummy subId 2147483643
07-10 11:56:12.268  2442  3315 I chatty  : uid=1001(radio) Binder:2442_6 identical 3 lines
07-10 11:56:12.278  2442  3315 D QtiSubscriptionController: getPhoneId, received dummy subId 2147483643
07-10 11:56:12.298  2442  3315 D SubscriptionController: [getPhoneId]- no sims, returning default phoneId=0
07-10 11:56:12.337  2442  3315 I chatty  : uid=1001(radio) Binder:2442_6 identical 1 line
07-10 11:56:12.377  2442  3315 D SubscriptionController: [getPhoneId]- no sims, returning default phoneId=0
07-10 11:56:12.583  2442  2442 D TelephonyNetworkFactory[0]: not releasing - isApp=false, isAct=false NetworkRequest [ REQUEST id=1, [ Capabilities: INTERNET&NOT_RESTRICTED&TRUSTED&NOT_VPN] ]
07-10 11:56:12.584  2442  2442 D TelephonyNetworkFactory[0]: not releasing - isApp=false, isAct=false NetworkRequest [ TRACK_DEFAULT id=3, [ Capabilities: INTERNET&NOT_RESTRICTED&TRUSTED&NOT_VPN] ]
07-10 11:56:12.584  2442  2442 D TelephonyNetworkFactory[0]: not releasing - isApp=false, isAct=false NetworkRequest [ TRACK_DEFAULT id=6, [ Capabilities: INTERNET&NOT_RESTRICTED&TRUSTED&NOT_VPN] ]
07-10 11:56:12.584  2442  2442 D TelephonyNetworkFactory[0]: not releasing - isApp=false, isAct=false NetworkRequest [ TRACK_DEFAULT id=9, [ Capabilities: INTERNET&NOT_RESTRICTED&TRUSTED&NOT_VPN] ]
07-10 11:56:12.612  2442  2712 D QtiSubscriptionController: getPhoneId, received dummy subId 2147483643
07-10 11:56:12.660  2442  2712 D SubscriptionController: [getPhoneId]- no sims, returning default phoneId=0
07-10 11:56:12.776  2427  2427 D use-Rlog/RLOG-QC_RIL_OEM_HOOK: Starting QcrilMsgTunnel Service
07-10 11:56:12.785  2427  2427 D use-Rlog/RLOG-QC_RIL_OEM_HOOK: Attempt to bind service returned with: true
07-10 11:56:12.789  2427  2427 D use-Rlog/RLOG-QC_RIL_OEM_HOOK: Registering for intent ACTION_UNSOL_RESPONSE_OEM_HOOK_RAW
07-10 11:56:12.823  2442  2712 D SubscriptionController: [getPhoneId] asked for default subId=2147483643
07-10 11:56:12.824  2442  2712 D QtiSubscriptionController: getPhoneId, received dummy subId 2147483643
07-10 11:56:12.825  2427  2427 D use-Rlog/RLOG-QC_RIL_OEM_HOOK: QcrilMsgTunnelService Connected Successfully (onServiceConnected)
07-10 11:56:13.110  2442  2712 D QtiSubscriptionController: getPhoneId, received dummy subId 2147483643
07-10 11:56:13.657  2442  3315 D SubscriptionController: [getPhoneId]- no sims, returning default phoneId=0
07-10 11:56:13.708  2442  3315 D SubscriptionController: [getPhoneId]- no sims, returning default phoneId=0
07-10 11:56:14.104  2442  2712 D QtiSubscriptionController: getPhoneId, received dummy subId 2147483643
07-10 11:56:14.114  2442  3315 D QtiSubscriptionController: getPhoneId, received dummy subId 2147483643
07-10 11:56:14.389  2442  3315 I chatty  : uid=1001(radio) Binder:2442_6 identical 1 line
07-10 11:56:14.715  2442  3315 D QtiSubscriptionController: getPhoneId, received dummy subId 2147483643
07-10 11:56:14.729  2442  3315 D SubscriptionController: [getPhoneId] asked for default subId=2147483643
07-10 11:56:14.730  2442  3315 D QtiSubscriptionController: getPhoneId, received dummy subId 2147483643
07-10 11:56:14.762  2442  3315 I chatty  : uid=1001(radio) Binder:2442_6 identical 1 line
07-10 11:56:14.944  2442  3315 D QtiSubscriptionController: getPhoneId, received dummy subId 2147483643
07-10 11:56:15.576  2442  3315 D SubscriptionController: [getPhoneId]- no sims, returning default phoneId=0
07-10 11:56:15.577  2442  3315 D GsmCdmaPhone: [GsmCdmaPhone] getDataConnectionState apnType=default ret=DISCONNECTED
07-10 11:56:16.113  2442  2712 D QtiSubscriptionController: getPhoneId, received dummy subId 2147483643
07-10 11:56:16.146  2442  2712 I chatty  : uid=1001(radio) Binder:2442_3 identical 7 lines
07-10 11:56:16.147  2442  2712 D QtiSubscriptionController: getPhoneId, received dummy subId 2147483643
07-10 11:56:16.352  2442  2712 D SubscriptionController: [getPhoneId]- no sims, returning default phoneId=0
07-10 11:56:16.376  2442  2712 D QtiSubscriptionController: getPhoneId, received dummy subId 2147483643
07-10 11:56:16.489  2442  2712 I chatty  : uid=1001(radio) Binder:2442_3 identical 4 lines
07-10 11:56:16.495  2442  2712 D QtiSubscriptionController: getPhoneId, received dummy subId 2147483643
07-10 11:56:16.650  2442  2712 D SubscriptionController: [getPhoneId]- no sims, returning default phoneId=0
07-10 11:56:16.653  2442  2712 I chatty  : uid=1001(radio) Binder:2442_3 identical 1 line
07-10 11:56:16.868  2442  2712 D SubscriptionController: [getPhoneId]- no sims, returning default phoneId=0
07-10 11:56:16.872  2442  2712 D SubscriptionController: [getActiveSubInfoList] Sub Controller not ready
07-10 11:56:16.872  2442  2712 D SubscriptionController: [getActiveSubInfoForSubscriber]- subId=2 subList=null subInfo=null
07-10 11:56:16.879  2442  2712 D SubscriptionController: [getActiveSubInfoList] Sub Controller not ready
07-10 11:56:16.880  2442  2712 D SubscriptionController: [getPhoneId]- no sims, returning default phoneId=0
07-10 11:56:16.882  2442  2712 D RILJ    : [3699]> RIL_REQUEST_CDMA_SET_BROADCAST_CONFIG with 1 configs :  [SUB0]
07-10 11:56:16.883  2442  2712 D RILJ    : {.serviceCategory = 4096, .language = 1, .selected = true} [SUB0]
07-10 11:56:16.889  2442  2601 D RILJ    : [3699]< RIL_REQUEST_CDMA_SET_BROADCAST_CONFIG error 6 [SUB0]
07-10 11:56:16.889  2442  2601 D RilRequest: [3699]< RIL_REQUEST_CDMA_SET_BROADCAST_CONFIG error: com.android.internal.telephony.CommandException: REQUEST_NOT_SUPPORTED ret=
07-10 11:56:16.892  2442  2712 D SubscriptionController: [getActiveSubInfoList] Sub Controller not ready
07-10 11:56:16.893  2442  2712 D SubscriptionController: [getPhoneId]- no sims, returning default phoneId=0
07-10 11:56:16.895  2442  2712 D RILJ    : [3700]> RIL_REQUEST_CDMA_SET_BROADCAST_CONFIG with 1 configs :  [SUB0]
07-10 11:56:16.895  2442  2712 D RILJ    : {.serviceCategory = 4097, .language = 1, .selected = true} [SUB0]
07-10 11:56:16.899  2442  2601 D RILJ    : [3700]< RIL_REQUEST_CDMA_SET_BROADCAST_CONFIG error 6 [SUB0]
07-10 11:56:16.900  2442  2601 D RilRequest: [3700]< RIL_REQUEST_CDMA_SET_BROADCAST_CONFIG error: com.android.internal.telephony.CommandException: REQUEST_NOT_SUPPORTED ret=
07-10 11:56:16.903  2442  2712 D SubscriptionController: [getActiveSubInfoList] Sub Controller not ready
07-10 11:56:16.904  2442  2712 D SubscriptionController: [getPhoneId]- no sims, returning default phoneId=0
07-10 11:56:16.908  2442  2712 D RILJ    : [3701]> RIL_REQUEST_CDMA_SET_BROADCAST_CONFIG with 1 configs :  [SUB0]
07-10 11:56:16.908  2442  2712 D RILJ    : {.serviceCategory = 4098, .language = 1, .selected = true} [SUB0]
07-10 11:56:16.914  2442  2601 D RILJ    : [3701]< RIL_REQUEST_CDMA_SET_BROADCAST_CONFIG error 6 [SUB0]
07-10 11:56:16.915  2442  2601 D RilRequest: [3701]< RIL_REQUEST_CDMA_SET_BROADCAST_CONFIG error: com.android.internal.telephony.CommandException: REQUEST_NOT_SUPPORTED ret=
07-10 11:56:16.919  2442  2712 D SubscriptionController: [getActiveSubInfoList] Sub Controller not ready
07-10 11:56:16.920  2442  2712 D SubscriptionController: [getPhoneId]- no sims, returning default phoneId=0
07-10 11:56:16.922  2442  2712 D RILJ    : [3702]> RIL_REQUEST_CDMA_SET_BROADCAST_CONFIG with 1 configs :  [SUB0]
07-10 11:56:16.922  2442  2712 D RILJ    : {.serviceCategory = 4099, .language = 1, .selected = true} [SUB0]
07-10 11:56:16.926  2442  2601 D RILJ    : [3702]< RIL_REQUEST_CDMA_SET_BROADCAST_CONFIG error 6 [SUB0]
07-10 11:56:16.926  2442  2601 D RilRequest: [3702]< RIL_REQUEST_CDMA_SET_BROADCAST_CONFIG error: com.android.internal.telephony.CommandException: REQUEST_NOT_SUPPORTED ret=
07-10 11:56:16.929  2442  2712 D SubscriptionController: [getActiveSubInfoList] Sub Controller not ready
07-10 11:56:16.930  2442  2712 D SubscriptionController: [getPhoneId]- no sims, returning default phoneId=0
07-10 11:56:16.939  2442  2712 D SubscriptionController: [getActiveSubInfoList] Sub Controller not ready
07-10 11:56:16.941  2442  2712 D SubscriptionController: [getPhoneId]- no sims, returning default phoneId=0
07-10 11:56:16.944  2442  2712 D RILJ    : [3703]> RIL_REQUEST_GSM_SET_BROADCAST_CONFIG with 1 configs :  [SUB0]
07-10 11:56:16.944  2442  2712 D RILJ    : SmsBroadcastConfigInfo: Id [4352,4354] Code [0,255] ENABLED [SUB0]
07-10 11:56:16.951  2442  2601 D RILJ    : [3703]< RIL_REQUEST_GSM_SET_BROADCAST_CONFIG error 6 [SUB0]
07-10 11:56:16.951  2442  2601 D RilRequest: [3703]< RIL_REQUEST_GSM_SET_BROADCAST_CONFIG error: com.android.internal.telephony.CommandException: REQUEST_NOT_SUPPORTED ret=
07-10 11:56:16.955  2442  2712 D SubscriptionController: [getActiveSubInfoList] Sub Controller not ready
07-10 11:56:16.957  2442  2712 D SubscriptionController: [getPhoneId]- no sims, returning default phoneId=0
07-10 11:56:16.967  2442  2712 D RILJ    : [3704]> RIL_REQUEST_GSM_SET_BROADCAST_CONFIG with 1 configs :  [SUB0]
07-10 11:56:16.967  2442  2712 D RILJ    : SmsBroadcastConfigInfo: Id [4356,4356] Code [0,255] ENABLED [SUB0]
07-10 11:56:16.972  2442  2601 D RILJ    : [3704]< RIL_REQUEST_GSM_SET_BROADCAST_CONFIG error 6 [SUB0]
07-10 11:56:16.972  2442  2601 D RilRequest: [3704]< RIL_REQUEST_GSM_SET_BROADCAST_CONFIG error: com.android.internal.telephony.CommandException: REQUEST_NOT_SUPPORTED ret=
07-10 11:56:16.975  2442  2712 D SubscriptionController: [getActiveSubInfoList] Sub Controller not ready
07-10 11:56:16.978  2442  2712 D SubscriptionController: [getPhoneId]- no sims, returning default phoneId=0
07-10 11:56:16.985  2442  2712 D SubscriptionController: [getActiveSubInfoList] Sub Controller not ready
07-10 11:56:16.987  2442  2712 D SubscriptionController: [getPhoneId]- no sims, returning default phoneId=0
07-10 11:56:16.989  2442  2712 D RILJ    : [3705]> RIL_REQUEST_GSM_SET_BROADCAST_CONFIG with 1 configs :  [SUB0]
07-10 11:56:16.990  2442  2712 D RILJ    : SmsBroadcastConfigInfo: Id [4370,4370] Code [0,255] ENABLED [SUB0]
07-10 11:56:16.995  2442  2601 D RILJ    : [3705]< RIL_REQUEST_GSM_SET_BROADCAST_CONFIG error 6 [SUB0]
07-10 11:56:16.995  2442  2601 D RilRequest: [3705]< RIL_REQUEST_GSM_SET_BROADCAST_CONFIG error: com.android.internal.telephony.CommandException: REQUEST_NOT_SUPPORTED ret=
07-10 11:56:17.003  2442  2712 D SubscriptionController: [getActiveSubInfoList] Sub Controller not ready
07-10 11:56:17.004  2442  3315 D SubscriptionController: [getPhoneId]- no sims, returning default phoneId=0
07-10 11:56:17.006  2442  3315 D RILJ    : [3706]> RIL_REQUEST_GSM_SET_BROADCAST_CONFIG with 1 configs :  [SUB0]
07-10 11:56:17.006  2442  3315 D RILJ    : SmsBroadcastConfigInfo: Id [4371,4372] Code [0,255] ENABLED [SUB0]
07-10 11:56:17.010  2442  2601 D RILJ    : [3706]< RIL_REQUEST_GSM_SET_BROADCAST_CONFIG error 6 [SUB0]
07-10 11:56:17.010  2442  2601 D RilRequest: [3706]< RIL_REQUEST_GSM_SET_BROADCAST_CONFIG error: com.android.internal.telephony.CommandException: REQUEST_NOT_SUPPORTED ret=
07-10 11:56:17.015  2442  3315 D SubscriptionController: [getActiveSubInfoList] Sub Controller not ready
07-10 11:56:17.016  2442  3315 D SubscriptionController: [getPhoneId]- no sims, returning default phoneId=0
07-10 11:56:17.019  2442  3315 D RILJ    : [3707]> RIL_REQUEST_GSM_SET_BROADCAST_CONFIG with 1 configs :  [SUB0]
07-10 11:56:17.019  2442  3315 D RILJ    : SmsBroadcastConfigInfo: Id [4373,4378] Code [0,255] ENABLED [SUB0]
07-10 11:56:17.025  2442  2601 D RILJ    : [3707]< RIL_REQUEST_GSM_SET_BROADCAST_CONFIG error 6 [SUB0]
07-10 11:56:17.025  2442  2601 D RilRequest: [3707]< RIL_REQUEST_GSM_SET_BROADCAST_CONFIG error: com.android.internal.telephony.CommandException: REQUEST_NOT_SUPPORTED ret=
07-10 11:56:17.032  2442  3315 D SubscriptionController: [getActiveSubInfoList] Sub Controller not ready
07-10 11:56:17.033  2442  3315 D SubscriptionController: [getPhoneId]- no sims, returning default phoneId=0
07-10 11:56:17.038  2442  3315 D RILJ    : [3708]> RIL_REQUEST_GSM_SET_BROADCAST_CONFIG with 1 configs :  [SUB0]
07-10 11:56:17.038  2442  3315 D RILJ    : SmsBroadcastConfigInfo: Id [4379,4379] Code [0,255] ENABLED [SUB0]
07-10 11:56:17.042  2442  2601 D RILJ    : [3708]< RIL_REQUEST_GSM_SET_BROADCAST_CONFIG error 6 [SUB0]
07-10 11:56:17.042  2442  2601 D RilRequest: [3708]< RIL_REQUEST_GSM_SET_BROADCAST_CONFIG error: com.android.internal.telephony.CommandException: REQUEST_NOT_SUPPORTED ret=
07-10 11:56:17.046  2442  3315 D SubscriptionController: [getActiveSubInfoList] Sub Controller not ready
07-10 11:56:17.048  2442  3315 D SubscriptionController: [getPhoneId]- no sims, returning default phoneId=0
07-10 11:56:17.052  2442  3315 D SubscriptionController: [getActiveSubInfoList] Sub Controller not ready
07-10 11:56:17.053  2442  3315 D SubscriptionController: [getPhoneId]- no sims, returning default phoneId=0
07-10 11:56:17.056  2442  3315 D RILJ    : [3709]> RIL_REQUEST_GSM_SET_BROADCAST_CONFIG with 1 configs :  [SUB0]
07-10 11:56:17.056  2442  3315 D RILJ    : SmsBroadcastConfigInfo: Id [4383,4383] Code [0,255] ENABLED [SUB0]
07-10 11:56:17.060  2442  2601 D RILJ    : [3709]< RIL_REQUEST_GSM_SET_BROADCAST_CONFIG error 6 [SUB0]
07-10 11:56:17.060  2442  2601 D RilRequest: [3709]< RIL_REQUEST_GSM_SET_BROADCAST_CONFIG error: com.android.internal.telephony.CommandException: REQUEST_NOT_SUPPORTED ret=
07-10 11:56:17.064  2442  3315 D SubscriptionController: [getActiveSubInfoList] Sub Controller not ready
07-10 11:56:17.065  2442  2712 D SubscriptionController: [getPhoneId]- no sims, returning default phoneId=0
07-10 11:56:17.068  2442  2712 D RILJ    : [3710]> RIL_REQUEST_GSM_SET_BROADCAST_CONFIG with 1 configs :  [SUB0]
07-10 11:56:17.068  2442  2712 D RILJ    : SmsBroadcastConfigInfo: Id [4384,4385] Code [0,255] ENABLED [SUB0]
07-10 11:56:17.072  2442  2601 D RILJ    : [3710]< RIL_REQUEST_GSM_SET_BROADCAST_CONFIG error 6 [SUB0]
07-10 11:56:17.072  2442  2601 D RilRequest: [3710]< RIL_REQUEST_GSM_SET_BROADCAST_CONFIG error: com.android.internal.telephony.CommandException: REQUEST_NOT_SUPPORTED ret=
07-10 11:56:17.077  2442  2712 D SubscriptionController: [getActiveSubInfoList] Sub Controller not ready
07-10 11:56:17.078  2442  2712 D SubscriptionController: [getPhoneId]- no sims, returning default phoneId=0
07-10 11:56:17.080  2442  2712 D RILJ    : [3711]> RIL_REQUEST_GSM_SET_BROADCAST_CONFIG with 1 configs :  [SUB0]
07-10 11:56:17.080  2442  2712 D RILJ    : SmsBroadcastConfigInfo: Id [4386,4391] Code [0,255] ENABLED [SUB0]
07-10 11:56:17.083  2442  2601 D RILJ    : [3711]< RIL_REQUEST_GSM_SET_BROADCAST_CONFIG error 6 [SUB0]
07-10 11:56:17.083  2442  2601 D RilRequest: [3711]< RIL_REQUEST_GSM_SET_BROADCAST_CONFIG error: com.android.internal.telephony.CommandException: REQUEST_NOT_SUPPORTED ret=
07-10 11:56:17.087  2442  2712 D SubscriptionController: [getActiveSubInfoList] Sub Controller not ready
07-10 11:56:17.090  2442  2712 D SubscriptionController: [getPhoneId]- no sims, returning default phoneId=0
07-10 11:56:17.091  2442  2712 D RILJ    : [3712]> RIL_REQUEST_GSM_SET_BROADCAST_CONFIG with 1 configs :  [SUB0]
07-10 11:56:17.091  2442  2712 D RILJ    : SmsBroadcastConfigInfo: Id [4392,4392] Code [0,255] ENABLED [SUB0]
07-10 11:56:17.096  2442  2601 D RILJ    : [3712]< RIL_REQUEST_GSM_SET_BROADCAST_CONFIG error 6 [SUB0]
07-10 11:56:17.097  2442  2601 D RilRequest: [3712]< RIL_REQUEST_GSM_SET_BROADCAST_CONFIG error: com.android.internal.telephony.CommandException: REQUEST_NOT_SUPPORTED ret=
07-10 11:56:17.105  2442  2712 D SubscriptionController: [getActiveSubInfoList] Sub Controller not ready
07-10 11:56:17.106  2442  2712 D SubscriptionController: [getPhoneId]- no sims, returning default phoneId=0
07-10 11:56:17.465  2442  2442 D CAT     : com.android.stk.BootCompletedReceiver: [ACTION_BOOT_COMPLETED]
07-10 11:56:17.466  2442  2442 D CAT     : com.android.stk.StkAppService: onCreate()+
07-10 11:56:17.466  2442  2442 D CAT     : com.android.stk.StkAppService: simCount: 1
07-10 11:56:17.466  2442  2442 D CAT     : com.android.stk.StkAppService: slotId: 0
07-10 11:56:17.468  2442  2442 D CAT     : com.android.stk.StkAppService: onStart sim id: 0, op: 5, *****
07-10 11:56:17.468  2442  2442 D CAT     : com.android.stk.StkAppService: mStkService is: -1
07-10 11:56:17.469  2442  2442 D CAT     : StkAppInstaller: [setAppState]+
07-10 11:56:17.470  2442  2442 D CAT     : StkAppInstaller: Need not change app state!!
07-10 11:56:17.470  2442  2442 D CAT     : StkAppInstaller: [setAppState]-
07-10 11:56:17.471  2442  2442 D CAT     : com.android.stk.StkAppService: onDestroy()
07-10 11:56:17.496  2442  2712 D QtiSubscriptionController: getPhoneId, received dummy subId 2147483643
07-10 11:56:17.579  2442  2712 I chatty  : uid=1001(radio) Binder:2442_3 identical 1 line
07-10 11:56:17.750  2442  2712 D QtiSubscriptionController: getPhoneId, received dummy subId 2147483643
07-10 11:56:17.762  2442  3315 D SubscriptionController: [getPhoneId]- no sims, returning default phoneId=0
07-10 11:56:17.792  2442  3315 D SubscriptionController: [getPhoneId]- no sims, returning default phoneId=0
07-10 11:56:17.795  2442  3315 D QtiSubscriptionController: getPhoneId, received dummy subId 2147483643
07-10 11:56:18.474  2442  3315 D QtiSubscriptionController: getPhoneId, received dummy subId 2147483643
07-10 11:56:18.742  2442  3315 D SubscriptionController: [getPhoneId]- no sims, returning default phoneId=0
07-10 11:56:19.495  2442  3315 D QtiSubscriptionController: getPhoneId, received dummy subId 2147483643
07-10 11:56:19.532  2442  3315 D QtiSubscriptionController: getPhoneId, received dummy subId 2147483643
07-10 11:56:19.819  2442  3315 D SubscriptionController: [getPhoneId]- no sims, returning default phoneId=0
07-10 11:56:20.002  2442  3315 D QtiSubscriptionController: getPhoneId, received dummy subId 2147483643
07-10 11:56:20.007  2442  2712 D QtiSubscriptionController: getPhoneId, received dummy subId 2147483643
07-10 11:56:21.346  2442  2712 I chatty  : uid=1001(radio) Binder:2442_3 identical 21 lines
07-10 11:56:21.348  2442  2712 D QtiSubscriptionController: getPhoneId, received dummy subId 2147483643
07-10 11:56:21.484  2442  2442 D RILJ    : [3713]> RIL_REQUEST_GET_ACTIVITY_INFO [SUB0]
07-10 11:56:21.488  2442  2601 D RILJ    : [3713]< RIL_REQUEST_GET_ACTIVITY_INFO ModemActivityInfo{ mTimestamp=51954 mSleepTimeMs=5203 mIdleTimeMs=19906 mTxTimeMs[]=[0, 0, 0, 0, 0] mRxTimeMs=0 mEnergyUsed=0} [SUB0]
07-10 11:56:21.589  2442  2712 D QtiSubscriptionController: getPhoneId, received dummy subId 2147483643
07-10 11:56:22.202  2442  2442 D RILJ    : [3714]> RIL_REQUEST_GET_ACTIVITY_INFO [SUB0]
07-10 11:56:22.647  2442  2712 D SubscriptionController: [getPhoneId] asked for default subId=2147483643
07-10 11:56:22.647  2442  2712 D QtiSubscriptionController: getPhoneId, received dummy subId 2147483643
07-10 11:56:22.658  2442  2712 D SubscriptionController: [getPhoneId]- no sims, returning default phoneId=0
07-10 11:56:22.738  2442  2712 D SubscriptionController: [getActiveSubInfoList] Sub Controller not ready
07-10 11:56:22.925  2442  2712 D SubscriptionController: [getActiveSubInfoList] Sub Controller not ready
07-10 11:56:23.049  2442  2712 D SubscriptionController: [getPhoneId]- no sims, returning default phoneId=0
07-10 11:56:23.066  2442  2712 I chatty  : uid=1001(radio) Binder:2442_3 identical 1 line
07-10 11:56:23.090  2442  2712 D SubscriptionController: [getPhoneId]- no sims, returning default phoneId=0
07-10 11:56:23.092  2442  2712 D QtiSubscriptionController: getPhoneId, received dummy subId 2147483643
07-10 11:56:23.094  2442  2712 D SubscriptionController: [getActiveSubInfoList] Sub Controller not ready
07-10 11:56:23.099  2442  2712 D SubscriptionController: [getActiveSubInfoList] Sub Controller not ready
07-10 11:56:23.099  2442  2712 D SubscriptionController: [getActiveSubInfoForSubscriber]- subId=2 subList=null subInfo=null
07-10 11:56:23.101  2442  2712 D SubscriptionController: [getActiveSubInfoList] Sub Controller not ready
07-10 11:56:23.248  2442  2712 D SubscriptionController: [getPhoneId]- no sims, returning default phoneId=0
07-10 11:56:23.250  2442  2712 D QtiSubscriptionController: getPhoneId, received dummy subId 2147483643
07-10 11:56:23.253  2442  2712 D SubscriptionController: [getActiveSubInfoList] Sub Controller not ready
07-10 11:56:23.263  2442  2712 D SubscriptionController: [getActiveSubInfoList] Sub Controller not ready
07-10 11:56:23.263  2442  2712 D SubscriptionController: [getActiveSubInfoForSubscriber]- subId=2 subList=null subInfo=null
07-10 11:56:23.266  2442  2712 D SubscriptionController: [getActiveSubInfoList] Sub Controller not ready
07-10 11:56:23.342  2442  2712 D SubscriptionController: [getPhoneId]- no sims, returning default phoneId=0
07-10 11:56:25.051  2442  3315 D SubscriptionController: [getPhoneId]- no sims, returning default phoneId=0
07-10 11:56:25.188  2442  3315 D QtiSubscriptionController: getPhoneId, received dummy subId 2147483643
07-10 11:56:25.767  2442  3315 D SubscriptionController: [getPhoneId]- no sims, returning default phoneId=0
07-10 11:56:26.415  2442  3315 D SubscriptionController: [getPhoneId]- no sims, returning default phoneId=0
07-10 11:56:26.766  2442  2442 D TelephonyNetworkFactory[0]: got request NetworkRequest [ TRACK_DEFAULT id=16, [ Capabilities: INTERNET&NOT_RESTRICTED&TRUSTED&NOT_VPN] ] with score 55
07-10 11:56:26.766  2442  2442 D SubscriptionController: [getPhoneId]- no sims, returning default phoneId=0
07-10 11:56:26.766  2442  2442 D PhoneSwitcher: handle event - 103
07-10 11:56:26.766  2442  2442 D SubscriptionController: [getPhoneId]- no sims, returning default phoneId=0
07-10 11:56:26.766  2442  2442 D PhoneSwitcher: evaluating due to netRequest
07-10 11:56:26.767  2442  2442 D SubscriptionController: [getPhoneId]- no sims, returning default phoneId=0
07-10 11:56:26.767  2442  2442 D PhoneSwitcher: InformDdsToRil rild= 0, DDS=0
07-10 11:56:26.767  2442  2442 D use-Rlog/RLOG-QC_RIL_OEM_HOOK: dds phoneId: 0 reason: 0
07-10 11:56:26.773  2442  2442 D use-Rlog/RLOG-QC_RIL_OEM_HOOK: sendOemRilRequestRaw returns value = 0
07-10 11:56:26.777  2427  2427 D use-Rlog/RLOG-QC_RIL_OEM_HOOK: Received Broadcast Intent ACTION_UNSOL_RESPONSE_OEM_HOOK_RAW
07-10 11:56:26.777  2442  2442 D use-Rlog/RLOG-QC_RIL_OEM_HOOK: Received Broadcast Intent ACTION_UNSOL_RESPONSE_OEM_HOOK_RAW
07-10 11:56:26.777  2442  2442 D use-Rlog/RLOG-QC_RIL_OEM_HOOK: Oem ID in QCRILHOOK UNSOL RESP is QOEMHOOK
07-10 11:56:26.777  2427  2427 D use-Rlog/RLOG-QC_RIL_OEM_HOOK: Oem ID in QCRILHOOK UNSOL RESP is QOEMHOOK
07-10 11:56:26.778  2442  2442 D SubscriptionController: [getPhoneId]- no sims, returning default phoneId=0
07-10 11:56:26.778  2442  2442 D PhoneSwitcher: handle event - 110
07-10 11:56:27.140  2442  2712 D QtiSubscriptionController: getPhoneId, received dummy subId 2147483643
07-10 11:56:27.289  2442  2712 I chatty  : uid=1001(radio) Binder:2442_3 identical 1 line
07-10 11:56:27.291  2442  2712 D QtiSubscriptionController: getPhoneId, received dummy subId 2147483643
07-10 11:56:27.370  2442  2712 D SubscriptionController: [getPhoneId]- no sims, returning default phoneId=0
07-10 11:56:27.440  2442  2442 D RILJ    : [3715]> RIL_REQUEST_GET_ACTIVITY_INFO [SUB0]
07-10 11:56:27.443  2442  2601 D RILJ    : [3715]< RIL_REQUEST_GET_ACTIVITY_INFO ModemActivityInfo{ mTimestamp=57909 mSleepTimeMs=1096 mIdleTimeMs=4860 mTxTimeMs[]=[0, 0, 0, 0, 0] mRxTimeMs=0 mEnergyUsed=0} [SUB0]
07-10 11:56:27.460  2442  2712 D SubscriptionController: [getActiveSubInfoList] Sub Controller not ready
07-10 11:56:27.496  2442  2712 D SubscriptionController: [getPhoneId]- no sims, returning default phoneId=0
07-10 11:56:27.665  2442  2712 D QtiSubscriptionController: getPhoneId, received dummy subId 2147483643
07-10 11:56:27.773  2442  2712 D QtiSubscriptionController: getPhoneId, received dummy subId 2147483643
07-10 11:56:27.918  2442  3315 D SubscriptionController: [getPhoneId]- no sims, returning default phoneId=0
07-10 11:56:27.930  2442  3365 D QtiSubscriptionController: getPhoneId, received dummy subId 2147483643
07-10 11:56:28.149  2442  2712 D SubscriptionController: [getPhoneId]- no sims, returning default phoneId=0
07-10 11:56:28.269  2442  2712 D QtiSubscriptionController: getPhoneId, received dummy subId 2147483643
07-10 11:56:28.307  2442  2712 I chatty  : uid=1001(radio) Binder:2442_3 identical 4 lines
07-10 11:56:28.310  2442  2712 D QtiSubscriptionController: getPhoneId, received dummy subId 2147483643
07-10 11:56:28.312  2442  2712 D SubscriptionController: [getPhoneId]- no sims, returning default phoneId=0
07-10 11:56:28.319  2442  2712 D SubscriptionController: [getActiveSubInfoList] Sub Controller not ready
07-10 11:56:28.327  2442  3315 D SubscriptionController: [getPhoneId]- no sims, returning default phoneId=0
07-10 11:56:28.328  2442  2712 D QtiSubscriptionController: getPhoneId, received dummy subId 2147483643
07-10 11:56:28.330  2442  3315 D QtiSubscriptionController: getPhoneId, received dummy subId 2147483643
07-10 11:56:29.607  2442  3315 I chatty  : uid=1001(radio) Binder:2442_6 identical 2 lines
07-10 11:56:29.610  2442  3315 D QtiSubscriptionController: getPhoneId, received dummy subId 2147483643
07-10 11:56:29.698  2442  3315 D SubscriptionController: [getPhoneId]- no sims, returning default phoneId=0
07-10 11:56:29.701  2442  3315 D QtiSubscriptionController: getPhoneId, received dummy subId 2147483643
07-10 11:56:29.703  2442  3315 D SubscriptionController: [getPhoneId]- no sims, returning default phoneId=0
07-10 11:56:29.705  2442  3315 D QtiSubscriptionController: getPhoneId, received dummy subId 2147483643
07-10 11:56:29.717  2442  3315 I chatty  : uid=1001(radio) Binder:2442_6 identical 4 lines
07-10 11:56:29.721  2442  3315 D QtiSubscriptionController: getPhoneId, received dummy subId 2147483643
07-10 11:56:29.727  3084  3353 D TelephonyManager: getCellLocation returning null due to NullPointerException java.lang.NullPointerException: Attempt to invoke virtual method 'boolean android.os.Bundle.isEmpty()' on a null object reference
07-10 11:56:30.257  2442  3315 D QtiSubscriptionController: getPhoneId, received dummy subId 2147483643
07-10 11:56:30.260  2442  3315 D QtiSubscriptionController: getPhoneId, received dummy subId 2147483643
07-10 11:56:30.297  2442  2712 D QtiSubscriptionController: getPhoneId, received dummy subId 2147483643
07-10 11:56:30.757  2442  2712 I chatty  : uid=1001(radio) Binder:2442_3 identical 7 lines
07-10 11:56:30.918  2442  2712 D QtiSubscriptionController: getPhoneId, received dummy subId 2147483643
07-10 11:56:30.929  2442  2712 D SubscriptionController: [getPhoneId]- no sims, returning default phoneId=0
07-10 11:56:31.097  2442  2712 D QtiSubscriptionController: getPhoneId, received dummy subId 2147483643
07-10 11:56:31.281  2442  2712 I chatty  : uid=1001(radio) Binder:2442_3 identical 5 lines
07-10 11:56:31.317  2442  2712 D QtiSubscriptionController: getPhoneId, received dummy subId 2147483643
07-10 11:56:31.591  2442  2712 D SubscriptionController: [getPhoneId]- no sims, returning default phoneId=0
07-10 11:56:31.617  2442  2712 D QtiSubscriptionController: getPhoneId, received dummy subId 2147483643
07-10 11:56:31.628  2442  2712 I chatty  : uid=1001(radio) Binder:2442_3 identical 5 lines
07-10 11:56:31.634  2442  2712 D QtiSubscriptionController: getPhoneId, received dummy subId 2147483643
07-10 11:56:31.635  2442  3315 D QtiSubscriptionController: getPhoneId, received dummy subId 2147483643
07-10 11:56:31.692  2442  3315 I chatty  : uid=1001(radio) Binder:2442_6 identical 11 lines
07-10 11:56:31.693  2442  3315 D QtiSubscriptionController: getPhoneId, received dummy subId 2147483643
07-10 11:56:31.693  2442  2712 D QtiSubscriptionController: getPhoneId, received dummy subId 2147483643
07-10 11:56:31.779  2442  2712 I chatty  : uid=1001(radio) Binder:2442_3 identical 2 lines
07-10 11:56:31.781  2442  2712 D QtiSubscriptionController: getPhoneId, received dummy subId 2147483643
07-10 11:56:31.784  2442  3315 D SubscriptionController: [getPhoneId]- no sims, returning default phoneId=0
07-10 11:56:31.785  2442  2712 D QtiSubscriptionController: getPhoneId, received dummy subId 2147483643
07-10 11:56:31.923  2442  2712 I chatty  : uid=1001(radio) Binder:2442_3 identical 4 lines
07-10 11:56:31.925  2442  2712 D QtiSubscriptionController: getPhoneId, received dummy subId 2147483643
07-10 11:56:31.929  2442  3315 D QtiSubscriptionController: getPhoneId, received dummy subId 2147483643
07-10 11:56:31.938  2442  2712 D QtiSubscriptionController: getPhoneId, received dummy subId 2147483643
07-10 11:56:31.939  2442  2712 I chatty  : uid=1001(radio) Binder:2442_3 identical 1 line
07-10 11:56:31.950  2442  2712 D QtiSubscriptionController: getPhoneId, received dummy subId 2147483643
07-10 11:56:32.236  2442  2442 D use-Rlog/RLOG-QC_RIL_OEM_HOOK: Starting QcrilMsgTunnel Service
07-10 11:56:32.263  2442  2442 D use-Rlog/RLOG-QC_RIL_OEM_HOOK: Attempt to bind service returned with: true
07-10 11:56:32.266  2442  2442 D use-Rlog/RLOG-QC_RIL_OEM_HOOK: Registering for intent ACTION_UNSOL_RESPONSE_OEM_HOOK_RAW
07-10 11:56:32.267  2442  2442 D use-Rlog/RLOG-QC_RIL_OEM_HOOK: QcrilMsgTunnelService Connected Successfully (onServiceConnected)
07-10 11:56:32.267  2442  2442 D use-Rlog/RLOG-QC_RIL_OEM_HOOK: Calling onQcRilHookReady callback
07-10 11:56:32.274  2442  2442 D QtiSubscriptionController: getPhoneId, received dummy subId 2147483643
07-10 11:56:32.280  2442  2712 D use-Rlog/RLOG-QC_RIL_OEM_HOOK: QCRIL send data enable status DONE!
07-10 11:56:32.282  2442  2712 D use-Rlog/RLOG-QC_RIL_OEM_HOOK: QCRIL send data roaming enable status DONE!
07-10 11:56:32.341  2442  2712 D SubscriptionController: [getPhoneId]- no sims, returning default phoneId=0
07-10 11:56:32.623  2442  2712 D SubscriptionController: [getPhoneId] asked for default subId=2147483643
07-10 11:56:32.623  2442  2712 D QtiSubscriptionController: getPhoneId, received dummy subId 2147483643
07-10 11:56:33.647  2442  3315 D QtiSubscriptionController: getPhoneId, received dummy subId 2147483643
07-10 11:56:33.715  2442  3315 I chatty  : uid=1001(radio) Binder:2442_6 identical 1 line
07-10 11:56:33.717  2442  3315 D QtiSubscriptionController: getPhoneId, received dummy subId 2147483643
07-10 11:56:33.718  2442  2712 D QtiSubscriptionController: getPhoneId, received dummy subId 2147483643
07-10 11:56:33.721  2442  3315 D QtiSubscriptionController: getPhoneId, received dummy subId 2147483643
07-10 11:56:33.723  2442  3315 D SubscriptionController: [getPhoneId]- no sims, returning default phoneId=0
07-10 11:56:33.727  2442  3315 D SubscriptionController: [getActiveSubInfoList] Sub Controller not ready
07-10 11:56:33.730  2442  2712 D SubscriptionController: [getPhoneId]- no sims, returning default phoneId=0
07-10 11:56:33.732  2442  3315 D QtiSubscriptionController: getPhoneId, received dummy subId 2147483643
07-10 11:56:33.733  2442  3315 I chatty  : uid=1001(radio) Binder:2442_6 identical 1 line
07-10 11:56:34.073  2442  3315 D QtiSubscriptionController: getPhoneId, received dummy subId 2147483643
07-10 11:56:34.194  2442  3315 D SubscriptionController: [getPhoneId] asked for default subId=2147483643
07-10 11:56:34.195  2442  3315 D QtiSubscriptionController: getPhoneId, received dummy subId 2147483643
07-10 11:56:34.257  2442  3315 I chatty  : uid=1001(radio) Binder:2442_6 identical 2 lines
07-10 11:56:34.476  2442  3315 D QtiSubscriptionController: getPhoneId, received dummy subId 2147483643
07-10 11:56:34.922  2442  3315 D SubscriptionController: [getPhoneId]- no sims, returning default phoneId=0
07-10 11:56:35.682  2442  3315 D SubscriptionController: [getPhoneId]- no sims, returning default phoneId=0
07-10 11:56:35.829  2442  3315 D QtiSubscriptionController: getPhoneId, received dummy subId 2147483643
07-10 11:56:35.830  2442  3315 D SubscriptionController: [getPhoneId]- no sims, returning default phoneId=0
07-10 11:56:35.840  2442  2712 D QtiSubscriptionController: getPhoneId, received dummy subId 2147483643
07-10 11:56:36.234  2442  3315 D QtiSubscriptionController: getPhoneId, received dummy subId 2147483643
07-10 11:56:36.236  2442  3315 D QtiSubscriptionController: getPhoneId, received dummy subId 2147483643
07-10 11:56:36.241  2442  2712 D QtiSubscriptionController: getPhoneId, received dummy subId 2147483643
07-10 11:56:36.425  2442  2712 I chatty  : uid=1001(radio) Binder:2442_3 identical 4 lines
07-10 11:56:36.426  2442  2712 D QtiSubscriptionController: getPhoneId, received dummy subId 2147483643
07-10 11:56:36.729  2442  2712 D SubscriptionController: [getPhoneId] asked for default subId=2147483643
07-10 11:56:36.729  2442  2712 D QtiSubscriptionController: getPhoneId, received dummy subId 2147483643
07-10 11:56:37.665  2442  2712 I chatty  : uid=1001(radio) Binder:2442_3 identical 3 lines
07-10 11:56:37.668  2442  2712 D QtiSubscriptionController: getPhoneId, received dummy subId 2147483643
07-10 11:56:38.006  2468  2468 I ImsManager: Creating ImsService using ImsResolver
07-10 11:56:38.029  2442  2712 D SubscriptionController: [getActiveSubInfoList] Sub Controller not ready
07-10 11:56:38.035  2442  2712 D QtiSubscriptionController: getPhoneId, received dummy subId 2147483643
07-10 11:56:38.057  2442  2712 D QtiSubscriptionController: getPhoneId, received dummy subId 2147483643
07-10 11:56:38.163  2442  2712 D SubscriptionController: [getActiveSubInfoList] Sub Controller not ready
07-10 11:56:38.259  2442  2712 D QtiSubscriptionController: getPhoneId, received dummy subId 2147483643
07-10 11:56:38.277  2442  2712 D QtiSubscriptionController: getPhoneId, received dummy subId 2147483643
07-10 11:56:38.278  2442  2712 D SubscriptionController: [getPhoneId]- no sims, returning default phoneId=0
07-10 11:56:38.304  2442  2712 D QtiSubscriptionController: getPhoneId, received dummy subId 2147483643
07-10 11:56:38.310  2442  2712 I chatty  : uid=1001(radio) Binder:2442_3 identical 2 lines
07-10 11:56:38.312  2442  2712 D QtiSubscriptionController: getPhoneId, received dummy subId 2147483643
07-10 11:56:38.323  2442  2712 D SubscriptionController: [getPhoneId]- no sims, returning default phoneId=0
07-10 11:56:38.329  2442  3315 D SubscriptionController: [getActiveSubInfoList] Sub Controller not ready
07-10 11:56:38.332  2442  3315 D SubscriptionController: [getPhoneId]- no sims, returning default phoneId=0
07-10 11:56:38.338  2442  3315 D QtiSubscriptionController: getPhoneId, received dummy subId 2147483643
07-10 11:56:40.042  2442  3315 I chatty  : uid=1001(radio) Binder:2442_6 identical 11 lines
07-10 11:56:40.658  2442  3315 D QtiSubscriptionController: getPhoneId, received dummy subId 2147483643
07-10 11:56:40.666  2442  2712 D QtiSubscriptionController: getPhoneId, received dummy subId 2147483643
07-10 11:56:40.673  2442  2712 D QtiSubscriptionController: getPhoneId, received dummy subId 2147483643
07-10 11:56:40.678  2442  3315 D QtiSubscriptionController: getPhoneId, received dummy subId 2147483643
07-10 11:56:40.808  2442  3315 D SubscriptionController: [getPhoneId]- no sims, returning default phoneId=0
