06-04 00:34:57.228   690   694 D vold    : e4crypt_prepare_user_storage for volume null, user 0, serial 0, flags 1
06-04 00:34:57.228   690   694 D vold    : Preparing: /data/system/users/0
06-04 00:34:57.228   812   812 I mm-camera: <PPROC >< INFO> 461: pproc_port_add_modules_to_stream: :LINK linking mods sac and ppeiscore for identity 3000f
06-04 00:34:57.229   690   694 D vold    : Preparing: /data/misc/profiles/cur/0
06-04 00:34:57.229   812   812 I mm-camera: <PPROC >< INFO> 461: pproc_port_add_modules_to_stream: :LINK linking mods ppeiscore and c2d for identity 3000f
06-04 00:34:57.229   812   812 I mm-camera: <C2D   >< INFO> 1557: c2d_module_notify_add_stream: width 0, height 0, stride 0, scanline 0, is_type 0
06-04 00:34:57.229   812   812 I mm-camera: <PPROC >< INFO> 461: pproc_port_add_modules_to_stream: :LINK linking mods c2d and cpp for identity 3000f
06-04 00:34:57.229   812   812 I mm-camera: <CPP   >< INFO> 2389: cpp_module_notify_add_stream: :stream 10, width 0, height 0, stride 0,scanline 0, framelen 0
06-04 00:34:57.229   812   812 I mm-camera: <CPP   >< INFO> 2546: cpp_module_notify_add_stream: : stream 10, fmt 1, asf_mode 0, sharpness_level 0.000000,asf mask 0, denoise 0, denoise_mask 0, dsdn mask 0,dsdn enable 0, tnr mask 0, tnr enable 0, ds_mask 0, luma dsdn 0
06-04 00:34:57.229   812   812 I mm-camera: <PPROC >< INFO> 461: pproc_port_add_modules_to_stream: :LINK linking mods cpp and rtbdm for identity 3000f
06-04 00:34:57.229   690   694 D vold    : Preparing: /data/system_de/0
06-04 00:34:57.230   690   694 D vold    : Preparing: /data/misc_de/0
06-04 00:34:57.230   690   694 D vold    : Preparing: /data/user_de/0
06-04 00:34:57.231   690   694 D vold    : e4crypt_unlock_user_key 0 serial=0 token_present=0
06-04 00:34:57.231   812   812 I mm-camera: <PPROC >< INFO> 461: pproc_port_add_modules_to_stream: :LINK linking mods rtbdm and depth_map for identity 3000f
06-04 00:34:57.233   812   812 I mm-camera: <PPROC >< INFO> 461: pproc_port_add_modules_to_stream: :LINK linking mods depth_map and rtb for identity 3000f
06-04 00:34:57.234   812   812 I mm-camera: <PPROC >< INFO> 461: pproc_port_add_modules_to_stream: :LINK linking mods rtb and ezt for identity 3000f
06-04 00:34:57.234   812   812 I mm-camera: <PPROC >< INFO> 461: pproc_port_add_modules_to_stream: :LINK linking mods ezt and quadracfa for identity 3000f
06-04 00:34:57.237   812   812 E mm-camera: <STATS ><ERROR> 3011: stats_port_check_caps_reserve: Invalid Port capability type!
06-04 00:34:57.237   812   812 I chatty  : uid=1047(cameraserver) provider@2.4-se identical 3 lines
06-04 00:34:57.237   812   812 E mm-camera: <STATS ><ERROR> 3011: stats_port_check_caps_reserve: Invalid Port capability type!
06-04 00:34:57.240   812   812 I mm-camera: <MCT   >< INFO> 5118: mct_pipeline_start_stream_internal: Session stream linked successfully session 3
06-04 00:34:57.241   812  1195 E libsensor1: check_sensors_enabled: Sensors enabled = true
06-04 00:34:57.243   812  1195 E Diag_Lib:  Diag_LSM_Init: Failed to open handle to diag driver, error = 13
06-04 00:34:57.253  1189  1189 I /system/bin/tzdatacheck: timezone distro dir /data/misc/zoneinfo/current does not exist. No action required.
06-04 00:34:57.262   812  1172 I mm-camera: <MCT   >< INFO> 2216: mct_pipeline_append_fps_entry:  Added hal_table[0]: (7.000000, 30.000000)
06-04 00:34:57.262   812  1172 I mm-camera: <MCT   >< INFO> 2229: mct_pipeline_append_fps_entry:  Added hal_table[1]: (30.000000, 30.000000)
06-04 00:34:57.262   812  1172 I mm-camera: <MCT   >< INFO> 3462: mct_pipeline_fill_dimensions_snapshot: Cam 0: FPS range selection complete. Publishing 2 ranges.
06-04 00:34:57.262   812   812 I mm-camera: <MCT   >< INFO> 310: mct_controller_destroy: Initiating destroy sequence for session = 3
06-04 00:34:57.263   812   812 I mm-camera: <MCT   >< INFO> 328: mct_controller_destroy: serv_thread closed
06-04 00:34:57.263   812   812 I mm-camera: <MCT   >< INFO> 343: mct_controller_destroy: bus_handler thread closed
06-04 00:34:57.263   812   812 I mm-camera: <MCT   >< INFO> 5218: mct_pipeline_stop_session: Initiating stop_session on session 3
06-04 00:34:57.263   812   812 I mm-camera: <MCT   >< INFO> 4133: mct_pipeline_process_set: command=800000b
06-04 00:34:57.263   812   812 I mm-camera: <MCT   >< INFO> 4352: mct_pipeline_process_set: Issuing DEL_STREAM on stream 0x3000f and stream type=10
06-04 00:34:57.263   812   812 I mm-camera: <IFACE >< INFO> 680: iface_unreserve_sink_port: stream_id f mode 0 
06-04 00:34:57.263   812   812 I mm-camera: <ISP   >< INFO> 939: isp_port_check_caps_unreserve: ide 3000f port 0xf63f5f40
06-04 00:34:57.266   812   812 I mm-camera: <MCT   >< INFO> 4375: mct_pipeline_process_set: Stream 0x3000f and stream type=10, successfully deleted
06-04 00:34:57.267   812  1202 I mm-camera: <MCT   >< INFO> 4952: mct_pipeline_stop_session_thread: Stop module name: sensor - E
06-04 00:34:57.267   812  1202 I mm-camera: <MCT   >< INFO> 4960: mct_pipeline_stop_session_thread: Stop module name: sensor - X
06-04 00:34:57.271   812  1203 I mm-camera: <MCT   >< INFO> 4952: mct_pipeline_stop_session_thread: Stop module name: iface - E
06-04 00:34:57.271   812  1204 I mm-camera: <MCT   >< INFO> 4952: mct_pipeline_stop_session_thread: Stop module name: isp - E
06-04 00:34:57.271   812  1204 I mm-camera: <ISP   >< INFO> 506: isp_module_stop_session: session id 3
06-04 00:34:57.272   812  1203 I mm-camera: <MCT   >< INFO> 4960: mct_pipeline_stop_session_thread: Stop module name: iface - X
06-04 00:34:57.272   812  1205 I mm-camera: <MCT   >< INFO> 4952: mct_pipeline_stop_session_thread: Stop module name: stats - E
06-04 00:34:57.274   812  1206 I mm-camera: <MCT   >< INFO> 4952: mct_pipeline_stop_session_thread: Stop module name: pproc - E
06-04 00:34:57.277   812   812 I mm-camera: <MCT   >< INFO> 5240: mct_pipeline_stop_session: Modules left: 5
06-04 00:34:57.277   812   812 I mm-camera: <MCT   >< INFO> 5240: mct_pipeline_stop_session: Modules left: 4
06-04 00:34:57.277   812  1207 I mm-camera: <MCT   >< INFO> 4952: mct_pipeline_stop_session_thread: Stop module name: imglib - E
06-04 00:34:57.278   812  1206 E mm-camera: <IMGLIB><ERROR> 328: AllocateBuffers: Nothing allocated or already freed!
06-04 00:34:57.278   812  1206 I mm-camera: <MCT   >< INFO> 4960: mct_pipeline_stop_session_thread: Stop module name: pproc - X
06-04 00:34:57.278   812   812 I mm-camera: <MCT   >< INFO> 5240: mct_pipeline_stop_session: Modules left: 3
06-04 00:34:57.279   812  1207 I mm-camera: <MCT   >< INFO> 4960: mct_pipeline_stop_session_thread: Stop module name: imglib - X
06-04 00:34:57.279   812   812 I mm-camera: <MCT   >< INFO> 5240: mct_pipeline_stop_session: Modules left: 2
06-04 00:34:57.281   812  1204 I mm-camera: <MCT   >< INFO> 4960: mct_pipeline_stop_session_thread: Stop module name: isp - X
06-04 00:34:57.281   812   812 I mm-camera: <MCT   >< INFO> 5240: mct_pipeline_stop_session: Modules left: 1
06-04 00:34:57.283   690   953 D Cryptfs : post_fs_data done
06-04 00:34:57.285   812  1205 I DmbrContextAPI: VIDHANCE dmbr_free_context user=0xe6d04780
06-04 00:34:57.288   690   953 D Cryptfs : Just triggered restart_framework
06-04 00:34:57.288   812  1205 I mm-camera: <MCT   >< INFO> 4960: mct_pipeline_stop_session_thread: Stop module name: stats - X
06-04 00:34:57.288   812   812 I mm-camera: <MCT   >< INFO> 5240: mct_pipeline_stop_session: Modules left: 0
06-04 00:34:57.288   812   812 I mm-camera: <MCT   >< INFO> 5250: mct_pipeline_stop_session: Stopped session 3 successfully
06-04 00:34:57.288   812   812 I mm-camera: <MCT   >< INFO> 5550: mct_pipeline_destroy: E: session:3
06-04 00:34:57.289   812   812 E mm-camera: <MCT   ><ERROR> 179: stop_sof_check_thread: Returning as SOF timer thread not yet initialized
06-04 00:34:57.289   812   812 I mm-camera: <MCT   >< INFO> 5627: mct_pipeline_destroy: X: Pipeline destroyed successfully session =3
06-04 00:34:57.289   812   812 I mm-camera: <MCT   >< INFO> 422: mct_controller_destroy: X Successfully closed mct_controller session 3
06-04 00:34:57.290   812   812 E CamComm1.0-MD: Update metadata entry: Unknown tag -2145976319
06-04 00:34:57.291   812   812 E CamComm1.0-MD: Update metadata entry: Unknown tag -2145976317
06-04 00:34:57.291   812   812 I QCamera : <HAL><INFO> getCamInfo: 10410: camera 0 resource cost is 100
06-04 00:34:57.291   812   812 I QCamera : <HAL><INFO> getCameraInfo: 343: Camera id 0 API version 256
06-04 00:34:57.291   812   812 I QCamera : <HAL><INFO> getCamInfo: 10410: camera 0 resource cost is 100
06-04 00:34:57.291   812   812 I QCamera : <HAL><INFO> getCameraInfo: 343: Camera id 1 API version 256
06-04 00:34:57.308   812   812 D QCamera : Debug log file is not enabled
06-04 00:34:57.309   812   812 I mm-camera: <MCT   >< INFO> 118: mct_controller_new: Creating new mct_controller with session-id 5
06-04 00:34:57.311   812  1210 I mm-camera: <MCT   >< INFO> 5140: mct_pipeline_start_session_thread: E sensor
06-04 00:34:57.311   812  1210 I mm-camera: <MCT   >< INFO> 5147: mct_pipeline_start_session_thread: Calling start_session on Module sensor
06-04 00:34:57.312   812  1212 I mm-camera: <MCT   >< INFO> 5140: mct_pipeline_start_session_thread: E iface
06-04 00:34:57.312   812  1212 I mm-camera: <MCT   >< INFO> 5147: mct_pipeline_start_session_thread: Calling start_session on Module iface
06-04 00:34:57.312   812  1213 I mm-camera: <MCT   >< INFO> 5140: mct_pipeline_start_session_thread: E isp
06-04 00:34:57.313   812  1212 I mm-camera: <MCT   >< INFO> 5150: mct_pipeline_start_session_thread: Module iface start_session rc = 1
06-04 00:34:57.313   812  1213 I mm-camera: <MCT   >< INFO> 5147: mct_pipeline_start_session_thread: Calling start_session on Module isp
06-04 00:34:57.313   812  1212 I mm-camera: <MCT   >< INFO> 5158: mct_pipeline_start_session_thread: started_num = 1, success = 1
06-04 00:34:57.313   812  1212 I mm-camera: <MCT   >< INFO> 5165: mct_pipeline_start_session_thread: X iface
06-04 00:34:57.313   812  1213 I mm-camera: <ISP   >< INFO> 210: isp_module_start_session: session id 5 
06-04 00:34:57.314   812  1215 I mm-camera: <MCT   >< INFO> 5140: mct_pipeline_start_session_thread: E stats
06-04 00:34:57.314   812  1215 I mm-camera: <MCT   >< INFO> 5147: mct_pipeline_start_session_thread: Calling start_session on Module stats
06-04 00:34:57.316   812  1217 I mm-camera: <MCT   >< INFO> 5140: mct_pipeline_start_session_thread: E pproc
06-04 00:34:57.316   812  1217 I mm-camera: <MCT   >< INFO> 5147: mct_pipeline_start_session_thread: Calling start_session on Module pproc
06-04 00:34:57.317   812  1219 I mm-camera: <MCT   >< INFO> 5140: mct_pipeline_start_session_thread: E imglib
06-04 00:34:57.317   812  1219 I mm-camera: <MCT   >< INFO> 5147: mct_pipeline_start_session_thread: Calling start_session on Module imglib
06-04 00:34:57.317   812  1215 I DmbrContextAPI: VIDHANCE dmbr_create_context user=0xee374280
06-04 00:34:57.319   812  1219 I mm-camera: <MCT   >< INFO> 5150: mct_pipeline_start_session_thread: Module imglib start_session rc = 1
06-04 00:34:57.319   812  1219 I mm-camera: <MCT   >< INFO> 5158: mct_pipeline_start_session_thread: started_num = 2, success = 2
06-04 00:34:57.319   812  1219 I mm-camera: <MCT   >< INFO> 5165: mct_pipeline_start_session_thread: X imglib
06-04 00:34:57.319   812  1213 I mm-camera: <MCT   >< INFO> 5150: mct_pipeline_start_session_thread: Module isp start_session rc = 1
06-04 00:34:57.319   812  1213 I mm-camera: <MCT   >< INFO> 5158: mct_pipeline_start_session_thread: started_num = 3, success = 3
06-04 00:34:57.319   812  1213 I mm-camera: <MCT   >< INFO> 5165: mct_pipeline_start_session_thread: X isp
06-04 00:34:57.321   812  1217 I mm-camera: <MCT   >< INFO> 5150: mct_pipeline_start_session_thread: Module pproc start_session rc = 1
06-04 00:34:57.321   812  1217 I mm-camera: <MCT   >< INFO> 5158: mct_pipeline_start_session_thread: started_num = 4, success = 4
06-04 00:34:57.321   812  1217 I mm-camera: <MCT   >< INFO> 5165: mct_pipeline_start_session_thread: X pproc
06-04 00:34:57.323   812  1210 I mm-camera: <MCT   >< INFO> 5150: mct_pipeline_start_session_thread: Module sensor start_session rc = 1
06-04 00:34:57.323   812  1210 I mm-camera: <MCT   >< INFO> 5158: mct_pipeline_start_session_thread: started_num = 5, success = 5
06-04 00:34:57.323   812  1210 I mm-camera: <MCT   >< INFO> 5165: mct_pipeline_start_session_thread: X sensor
06-04 00:34:57.329   812  1215 I mm-camera: <MCT   >< INFO> 5150: mct_pipeline_start_session_thread: Module stats start_session rc = 1
06-04 00:34:57.329   812  1215 I mm-camera: <MCT   >< INFO> 5158: mct_pipeline_start_session_thread: started_num = 6, success = 6
06-04 00:34:57.330   812  1215 I mm-camera: <MCT   >< INFO> 5165: mct_pipeline_start_session_thread: X stats
06-04 00:34:57.337   844  1171 I tftp_server: pid=844 tid=1171 tftp-server : INF :[tftp_server.c, 1152] RRQ stats : sent_size = 3711040 total-blocks = 484 total-bytes = 3711040 timedout-pkts = 0, wrong-p
06-04 00:34:57.337   844  1171 I tftp_server: pid=844 tid=1171 tftp-server : INF :[tftp_server.c, 1156] RRQ time stats : Total : [TX, RX] = [116293, 39488]
06-04 00:34:57.337   844  1171 I tftp_server: pid=844 tid=1171 tftp-server : INF :[tftp_server.c, 1162] RRQ time stats : Tx/Rx [Min, Max] = [34, 2888, 24, 7860]
06-04 00:34:57.337   844  1171 I tftp_server: pid=844 tid=1171 tftp-server : INF :[tftp_server.c, 1178] RRQ was successfully processed.
06-04 00:34:57.345   812   812 I mm-camera: <MCT   >< INFO> 5061: mct_pipeline_start_stream_internal: Adding session stream streamid= 0xf for session=5
06-04 00:34:57.345   812   812 I mm-camera: <MCT   >< INFO> 5109: mct_pipeline_start_stream_internal: Linking session stream for session 5
06-04 00:34:57.345   812   812 I mm-camera: <MCT   >< INFO> 525: mct_stream_start_link: Start linking Session-stream 0x5000f
06-04 00:34:57.345   812   812 I mm-camera: <IFACE >< INFO> 344: iface_util_find_primary_cid: iface_util_find_primary_cid:344 error cannot find primary sensor format cids 1
06-04 00:34:57.345   812   812 I mm-camera: <ISP   >< INFO> 849: isp_port_check_caps_reserve: port 0xf63f5f40 ide 5000f type 10 dim 0 0
06-04 00:34:57.345   812   812 I mm-camera: <PPROC >< INFO> 449: pproc_port_add_modules_to_stream: in identity 5000f stream 10 int_link = 0xf638e800
06-04 00:34:57.345   812   812 I mm-camera: <PPROC >< INFO> 461: pproc_port_add_modules_to_stream: :LINK linking mods tmod and paaf for identity 5000f
06-04 00:34:57.346   812   812 I mm-camera: <PPROC >< INFO> 461: pproc_port_add_modules_to_stream: :LINK linking mods paaf and sat for identity 5000f
06-04 00:34:57.346   812   812 I mm-camera: <PPROC >< INFO> 461: pproc_port_add_modules_to_stream: :LINK linking mods sat and sac for identity 5000f
06-04 00:34:57.347   812   812 I mm-camera: <PPROC >< INFO> 461: pproc_port_add_modules_to_stream: :LINK linking mods sac and ppeiscore for identity 5000f
06-04 00:34:57.348   812   812 I mm-camera: <PPROC >< INFO> 461: pproc_port_add_modules_to_stream: :LINK linking mods ppeiscore and c2d for identity 5000f
06-04 00:34:57.348   812   812 I mm-camera: <C2D   >< INFO> 1557: c2d_module_notify_add_stream: width 0, height 0, stride 0, scanline 0, is_type 0
06-04 00:34:57.348   812   812 I mm-camera: <PPROC >< INFO> 461: pproc_port_add_modules_to_stream: :LINK linking mods c2d and cpp for identity 5000f
06-04 00:34:57.348   812   812 I mm-camera: <CPP   >< INFO> 2389: cpp_module_notify_add_stream: :stream 10, width 0, height 0, stride 0,scanline 0, framelen 0
06-04 00:34:57.348   812   812 I mm-camera: <CPP   >< INFO> 2546: cpp_module_notify_add_stream: : stream 10, fmt 1, asf_mode 0, sharpness_level 0.000000,asf mask 0, denoise 0, denoise_mask 0, dsdn mask 0,dsdn enable 0, tnr mask 0, tnr enable 0, ds_mask 0, luma dsdn 0
06-04 00:34:57.348   812   812 I mm-camera: <PPROC >< INFO> 461: pproc_port_add_modules_to_stream: :LINK linking mods cpp and rtbdm for identity 5000f
06-04 00:34:57.348   812   812 I mm-camera: <PPROC >< INFO> 461: pproc_port_add_modules_to_stream: :LINK linking mods rtbdm and depth_map for identity 5000f
06-04 00:34:57.349   812   812 I mm-camera: <PPROC >< INFO> 461: pproc_port_add_modules_to_stream: :LINK linking mods depth_map and rtb for identity 5000f
06-04 00:34:57.350   812   812 I mm-camera: <PPROC >< INFO> 461: pproc_port_add_modules_to_stream: :LINK linking mods rtb and ezt for identity 5000f
06-04 00:34:57.350   812   812 I mm-camera: <PPROC >< INFO> 461: pproc_port_add_modules_to_stream: :LINK linking mods ezt and quadracfa for identity 5000f
06-04 00:34:57.350   812   812 E mm-camera: <STATS ><ERROR> 3011: stats_port_check_caps_reserve: Invalid Port capability type!
06-04 00:34:57.351   812   812 I chatty  : uid=1047(cameraserver) provider@2.4-se identical 3 lines
06-04 00:34:57.351   812   812 E mm-camera: <STATS ><ERROR> 3011: stats_port_check_caps_reserve: Invalid Port capability type!
06-04 00:34:57.352   812   812 I mm-camera: <MCT   >< INFO> 5118: mct_pipeline_start_stream_internal: Session stream linked successfully session 5
06-04 00:34:57.371  1234  1234 I bootstat: Service started: /system/bin/bootstat -r post_decrypt_time_elapsed 
06-04 00:34:57.467   812  1211 E mm-camera: <SENSOR><ERROR> s5k3h7_tsp_lcs8f01_front_ii_eeprom_get_calibration_items: 24: s5k3h7_tsp_lcs8f01_front_ii is_wbc:1,is_afc:0,is_lsc:0,is_dpc:0,is_insensor:0,is_ois:0
06-04 00:34:57.470   812  1208 I mm-camera: <MCT   >< INFO> 2216: mct_pipeline_append_fps_entry:  Added hal_table[0]: (7.000000, 30.000000)
06-04 00:34:57.470   812  1208 I mm-camera: <MCT   >< INFO> 2229: mct_pipeline_append_fps_entry:  Added hal_table[1]: (30.000000, 30.000000)
06-04 00:34:57.470   812  1208 I mm-camera: <MCT   >< INFO> 3462: mct_pipeline_fill_dimensions_snapshot: Cam 1: FPS range selection complete. Publishing 2 ranges.
06-04 00:34:57.470   812   812 I mm-camera: <MCT   >< INFO> 310: mct_controller_destroy: Initiating destroy sequence for session = 5
06-04 00:34:57.471   812   812 I mm-camera: <MCT   >< INFO> 328: mct_controller_destroy: serv_thread closed
06-04 00:34:57.471   812   812 I mm-camera: <MCT   >< INFO> 343: mct_controller_destroy: bus_handler thread closed
06-04 00:34:57.471   812   812 I mm-camera: <MCT   >< INFO> 5218: mct_pipeline_stop_session: Initiating stop_session on session 5
06-04 00:34:57.471   812   812 I mm-camera: <MCT   >< INFO> 4133: mct_pipeline_process_set: command=800000b
06-04 00:34:57.471   812   812 I mm-camera: <MCT   >< INFO> 4352: mct_pipeline_process_set: Issuing DEL_STREAM on stream 0x5000f and stream type=10
06-04 00:34:57.471   812   812 I mm-camera: <IFACE >< INFO> 680: iface_unreserve_sink_port: stream_id f mode 0 
06-04 00:34:57.471   812   812 I mm-camera: <ISP   >< INFO> 939: isp_port_check_caps_unreserve: ide 5000f port 0xf63f5f40
06-04 00:34:57.475   812   812 I mm-camera: <MCT   >< INFO> 4375: mct_pipeline_process_set: Stream 0x5000f and stream type=10, successfully deleted
06-04 00:34:57.475   812  1237 I mm-camera: <MCT   >< INFO> 4952: mct_pipeline_stop_session_thread: Stop module name: sensor - E
06-04 00:34:57.475   812  1237 I mm-camera: <MCT   >< INFO> 4960: mct_pipeline_stop_session_thread: Stop module name: sensor - X
06-04 00:34:57.476   812  1238 I mm-camera: <MCT   >< INFO> 4952: mct_pipeline_stop_session_thread: Stop module name: iface - E
06-04 00:34:57.476   812  1239 I mm-camera: <MCT   >< INFO> 4952: mct_pipeline_stop_session_thread: Stop module name: isp - E
06-04 00:34:57.476   812  1239 I mm-camera: <ISP   >< INFO> 506: isp_module_stop_session: session id 5
06-04 00:34:57.476   812  1238 I mm-camera: <MCT   >< INFO> 4960: mct_pipeline_stop_session_thread: Stop module name: iface - X
06-04 00:34:57.477   812  1240 I mm-camera: <MCT   >< INFO> 4952: mct_pipeline_stop_session_thread: Stop module name: stats - E
06-04 00:34:57.479   812  1241 I mm-camera: <MCT   >< INFO> 4952: mct_pipeline_stop_session_thread: Stop module name: pproc - E
06-04 00:34:57.479   812   812 I mm-camera: <MCT   >< INFO> 5240: mct_pipeline_stop_session: Modules left: 5
06-04 00:34:57.479   812   812 I mm-camera: <MCT   >< INFO> 5240: mct_pipeline_stop_session: Modules left: 4
06-04 00:34:57.479   812  1239 I mm-camera: <MCT   >< INFO> 4960: mct_pipeline_stop_session_thread: Stop module name: isp - X
06-04 00:34:57.479   812   812 I mm-camera: <MCT   >< INFO> 5240: mct_pipeline_stop_session: Modules left: 3
06-04 00:34:57.480   812  1242 I mm-camera: <MCT   >< INFO> 4952: mct_pipeline_stop_session_thread: Stop module name: imglib - E
06-04 00:34:57.480   812  1241 E mm-camera: <IMGLIB><ERROR> 328: AllocateBuffers: Nothing allocated or already freed!
06-04 00:34:57.480   812  1242 I mm-camera: <MCT   >< INFO> 4960: mct_pipeline_stop_session_thread: Stop module name: imglib - X
06-04 00:34:57.480   812   812 I mm-camera: <MCT   >< INFO> 5240: mct_pipeline_stop_session: Modules left: 2
06-04 00:34:57.480   812  1241 I mm-camera: <MCT   >< INFO> 4960: mct_pipeline_stop_session_thread: Stop module name: pproc - X
06-04 00:34:57.480   812   812 I mm-camera: <MCT   >< INFO> 5240: mct_pipeline_stop_session: Modules left: 1
06-04 00:34:57.487   812  1240 I DmbrContextAPI: VIDHANCE dmbr_free_context user=0xee374280
06-04 00:34:57.490   812  1240 I mm-camera: <MCT   >< INFO> 4960: mct_pipeline_stop_session_thread: Stop module name: stats - X
06-04 00:34:57.490   812   812 I mm-camera: <MCT   >< INFO> 5240: mct_pipeline_stop_session: Modules left: 0
06-04 00:34:57.490   812   812 I mm-camera: <MCT   >< INFO> 5250: mct_pipeline_stop_session: Stopped session 5 successfully
06-04 00:34:57.490   812   812 I mm-camera: <MCT   >< INFO> 5550: mct_pipeline_destroy: E: session:5
06-04 00:34:57.490   812   812 E mm-camera: <MCT   ><ERROR> 179: stop_sof_check_thread: Returning as SOF timer thread not yet initialized
06-04 00:34:57.490   812   812 I mm-camera: <MCT   >< INFO> 5627: mct_pipeline_destroy: X: Pipeline destroyed successfully session =5
06-04 00:34:57.490   812   812 I mm-camera: <MCT   >< INFO> 422: mct_controller_destroy: X Successfully closed mct_controller session 5
06-04 00:34:57.491   812   812 E CamComm1.0-MD: Update metadata entry: Unknown tag -2145976319
06-04 00:34:57.491   812   812 E CamComm1.0-MD: Update metadata entry: Unknown tag -2145976317
06-04 00:34:57.491   812   812 I QCamera : <HAL><INFO> getCamInfo: 10410: camera 1 resource cost is 100
06-04 00:34:57.491   812   812 I QCamera : <HAL><INFO> getCameraInfo: 343: Camera id 1 API version 256
06-04 00:34:57.492   812   812 I QCamera : <HAL><INFO> getCamInfo: 10410: camera 1 resource cost is 100
06-04 00:34:57.492   812   812 I QCamera : <HAL><INFO> getCameraInfo: 343: Camera id 2 API version 256
06-04 00:34:57.644   812   812 D QCamera : Debug log file is not enabled
06-04 00:34:57.645   812   812 I mm-camera: <MCT   >< INFO> 118: mct_controller_new: Creating new mct_controller with session-id 4
06-04 00:34:57.645   812  1245 I mm-camera: <MCT   >< INFO> 5140: mct_pipeline_start_session_thread: E sensor
06-04 00:34:57.645   812  1245 I mm-camera: <MCT   >< INFO> 5147: mct_pipeline_start_session_thread: Calling start_session on Module sensor
06-04 00:34:57.646   812  1246 I mm-camera: <MCT   >< INFO> 5140: mct_pipeline_start_session_thread: E iface
06-04 00:34:57.646   812  1246 I mm-camera: <MCT   >< INFO> 5147: mct_pipeline_start_session_thread: Calling start_session on Module iface
06-04 00:34:57.646   812  1248 I mm-camera: <MCT   >< INFO> 5140: mct_pipeline_start_session_thread: E isp
06-04 00:34:57.646   812  1248 I mm-camera: <MCT   >< INFO> 5147: mct_pipeline_start_session_thread: Calling start_session on Module isp
06-04 00:34:57.646   812  1248 I mm-camera: <ISP   >< INFO> 210: isp_module_start_session: session id 4 
06-04 00:34:57.648   812  1250 I mm-camera: <MCT   >< INFO> 5140: mct_pipeline_start_session_thread: E stats
06-04 00:34:57.648   812  1250 I mm-camera: <MCT   >< INFO> 5147: mct_pipeline_start_session_thread: Calling start_session on Module stats
06-04 00:34:57.648   812  1246 I mm-camera: <MCT   >< INFO> 5150: mct_pipeline_start_session_thread: Module iface start_session rc = 1
06-04 00:34:57.656   812  1246 I mm-camera: <MCT   >< INFO> 5158: mct_pipeline_start_session_thread: started_num = 1, success = 1
06-04 00:34:57.656   812  1246 I mm-camera: <MCT   >< INFO> 5165: mct_pipeline_start_session_thread: X iface
06-04 00:34:57.658   812  1253 I mm-camera: <MCT   >< INFO> 5140: mct_pipeline_start_session_thread: E pproc
06-04 00:34:57.658   812  1253 I mm-camera: <MCT   >< INFO> 5147: mct_pipeline_start_session_thread: Calling start_session on Module pproc
06-04 00:34:57.658   812  1250 I DmbrContextAPI: VIDHANCE dmbr_create_context user=0xefdcf280
06-04 00:34:57.661   812  1257 I mm-camera: <MCT   >< INFO> 5140: mct_pipeline_start_session_thread: E imglib
06-04 00:34:57.661   812  1257 I mm-camera: <MCT   >< INFO> 5147: mct_pipeline_start_session_thread: Calling start_session on Module imglib
06-04 00:34:57.663   812  1257 I mm-camera: <MCT   >< INFO> 5150: mct_pipeline_start_session_thread: Module imglib start_session rc = 1
06-04 00:34:57.663   812  1257 I mm-camera: <MCT   >< INFO> 5158: mct_pipeline_start_session_thread: started_num = 2, success = 2
06-04 00:34:57.663   812  1257 I mm-camera: <MCT   >< INFO> 5165: mct_pipeline_start_session_thread: X imglib
06-04 00:34:57.663   812  1253 I mm-camera: <MCT   >< INFO> 5150: mct_pipeline_start_session_thread: Module pproc start_session rc = 1
06-04 00:34:57.663   812  1253 I mm-camera: <MCT   >< INFO> 5158: mct_pipeline_start_session_thread: started_num = 3, success = 3
06-04 00:34:57.663   812  1253 I mm-camera: <MCT   >< INFO> 5165: mct_pipeline_start_session_thread: X pproc
06-04 00:34:57.663   812  1248 I mm-camera: <MCT   >< INFO> 5150: mct_pipeline_start_session_thread: Module isp start_session rc = 1
06-04 00:34:57.663   812  1248 I mm-camera: <MCT   >< INFO> 5158: mct_pipeline_start_session_thread: started_num = 4, success = 4
06-04 00:34:57.663   812  1248 I mm-camera: <MCT   >< INFO> 5165: mct_pipeline_start_session_thread: X isp
06-04 00:34:57.666   812  1245 I mm-camera: <MCT   >< INFO> 5150: mct_pipeline_start_session_thread: Module sensor start_session rc = 1
06-04 00:34:57.666   812  1245 I mm-camera: <MCT   >< INFO> 5158: mct_pipeline_start_session_thread: started_num = 5, success = 5
06-04 00:34:57.666   812  1245 I mm-camera: <MCT   >< INFO> 5165: mct_pipeline_start_session_thread: X sensor
06-04 00:34:57.667   812  1250 I mm-camera: <MCT   >< INFO> 5150: mct_pipeline_start_session_thread: Module stats start_session rc = 1
06-04 00:34:57.667   812  1250 I mm-camera: <MCT   >< INFO> 5158: mct_pipeline_start_session_thread: started_num = 6, success = 6
06-04 00:34:57.667   812  1250 I mm-camera: <MCT   >< INFO> 5165: mct_pipeline_start_session_thread: X stats
06-04 00:34:57.681   812   812 I mm-camera: <MCT   >< INFO> 5061: mct_pipeline_start_stream_internal: Adding session stream streamid= 0xf for session=4
06-04 00:34:57.681  1252  1252 I /system/bin/update_verifier: Started with arg 1: trigger_restart_framework
06-04 00:34:57.681   812   812 I mm-camera: <MCT   >< INFO> 5109: mct_pipeline_start_stream_internal: Linking session stream for session 4
06-04 00:34:57.681   812   812 I mm-camera: <MCT   >< INFO> 525: mct_stream_start_link: Start linking Session-stream 0x4000f
06-04 00:34:57.681   812   812 I mm-camera: <IFACE >< INFO> 344: iface_util_find_primary_cid: iface_util_find_primary_cid:344 error cannot find primary sensor format cids 1
06-04 00:34:57.681   812   812 I mm-camera: <ISP   >< INFO> 849: isp_port_check_caps_reserve: port 0xf63f5f40 ide 4000f type 10 dim 0 0
06-04 00:34:57.682   812   812 I mm-camera: <PPROC >< INFO> 449: pproc_port_add_modules_to_stream: in identity 4000f stream 10 int_link = 0xf638e800
06-04 00:34:57.682   812   812 I mm-camera: <PPROC >< INFO> 461: pproc_port_add_modules_to_stream: :LINK linking mods tmod and paaf for identity 4000f
06-04 00:34:57.682   812   812 I mm-camera: <PPROC >< INFO> 461: pproc_port_add_modules_to_stream: :LINK linking mods paaf and sat for identity 4000f
06-04 00:34:57.683   812   812 I mm-camera: <PPROC >< INFO> 461: pproc_port_add_modules_to_stream: :LINK linking mods sat and sac for identity 4000f
06-04 00:34:57.684   812   812 I mm-camera: <PPROC >< INFO> 461: pproc_port_add_modules_to_stream: :LINK linking mods sac and ppeiscore for identity 4000f
06-04 00:34:57.685   812   812 I mm-camera: <PPROC >< INFO> 461: pproc_port_add_modules_to_stream: :LINK linking mods ppeiscore and c2d for identity 4000f
06-04 00:34:57.685   812   812 I mm-camera: <C2D   >< INFO> 1557: c2d_module_notify_add_stream: width 0, height 0, stride 0, scanline 0, is_type 0
06-04 00:34:57.685   812   812 I mm-camera: <PPROC >< INFO> 461: pproc_port_add_modules_to_stream: :LINK linking mods c2d and cpp for identity 4000f
06-04 00:34:57.685   812   812 I mm-camera: <CPP   >< INFO> 2389: cpp_module_notify_add_stream: :stream 10, width 0, height 0, stride 0,scanline 0, framelen 0
06-04 00:34:57.685   812   812 I mm-camera: <CPP   >< INFO> 2546: cpp_module_notify_add_stream: : stream 10, fmt 1, asf_mode 0, sharpness_level 0.000000,asf mask 0, denoise 0, denoise_mask 0, dsdn mask 0,dsdn enable 0, tnr mask 0, tnr enable 0, ds_mask 0, luma dsdn 0
06-04 00:34:57.685   812   812 I mm-camera: <PPROC >< INFO> 461: pproc_port_add_modules_to_stream: :LINK linking mods cpp and rtbdm for identity 4000f
06-04 00:34:57.686   812   812 I mm-camera: <PPROC >< INFO> 461: pproc_port_add_modules_to_stream: :LINK linking mods rtbdm and depth_map for identity 4000f
06-04 00:34:57.686   812   812 I mm-camera: <PPROC >< INFO> 461: pproc_port_add_modules_to_stream: :LINK linking mods depth_map and rtb for identity 4000f
06-04 00:34:57.686  1252  1252 I /system/bin/update_verifier: Booting slot 0: isSlotMarkedSuccessful=1
06-04 00:34:57.686  1252  1252 I /system/bin/update_verifier: Leaving update_verifier.
06-04 00:34:57.687   812   812 I mm-camera: <PPROC >< INFO> 461: pproc_port_add_modules_to_stream: :LINK linking mods rtb and ezt for identity 4000f
06-04 00:34:57.687   812   812 I mm-camera: <PPROC >< INFO> 461: pproc_port_add_modules_to_stream: :LINK linking mods ezt and quadracfa for identity 4000f
06-04 00:34:57.688   812   812 E mm-camera: <STATS ><ERROR> 3011: stats_port_check_caps_reserve: Invalid Port capability type!
06-04 00:34:57.688   812   812 I chatty  : uid=1047(cameraserver) provider@2.4-se identical 3 lines
06-04 00:34:57.688   812   812 E mm-camera: <STATS ><ERROR> 3011: stats_port_check_caps_reserve: Invalid Port capability type!
06-04 00:34:57.689   812   812 I mm-camera: <MCT   >< INFO> 5118: mct_pipeline_start_stream_internal: Session stream linked successfully session 4
06-04 00:34:57.702   812  1243 I mm-camera: <MCT   >< INFO> 2216: mct_pipeline_append_fps_entry:  Added hal_table[0]: (7.000000, 30.000000)
06-04 00:34:57.702   812  1243 I mm-camera: <MCT   >< INFO> 2229: mct_pipeline_append_fps_entry:  Added hal_table[1]: (30.000000, 30.000000)
06-04 00:34:57.702   812  1243 I mm-camera: <MCT   >< INFO> 3462: mct_pipeline_fill_dimensions_snapshot: Cam 2: FPS range selection complete. Publishing 2 ranges.
06-04 00:34:57.703   812   812 I mm-camera: <MCT   >< INFO> 310: mct_controller_destroy: Initiating destroy sequence for session = 4
06-04 00:34:57.703   812   812 I mm-camera: <MCT   >< INFO> 328: mct_controller_destroy: serv_thread closed
06-04 00:34:57.703   812   812 I mm-camera: <MCT   >< INFO> 343: mct_controller_destroy: bus_handler thread closed
06-04 00:34:57.703   812   812 I mm-camera: <MCT   >< INFO> 5218: mct_pipeline_stop_session: Initiating stop_session on session 4
06-04 00:34:57.703   812   812 I mm-camera: <MCT   >< INFO> 4133: mct_pipeline_process_set: command=800000b
06-04 00:34:57.703   812   812 I mm-camera: <MCT   >< INFO> 4352: mct_pipeline_process_set: Issuing DEL_STREAM on stream 0x4000f and stream type=10
06-04 00:34:57.704   812   812 I mm-camera: <IFACE >< INFO> 680: iface_unreserve_sink_port: stream_id f mode 0 
06-04 00:34:57.704   812   812 I mm-camera: <ISP   >< INFO> 939: isp_port_check_caps_unreserve: ide 4000f port 0xf63f5f40
06-04 00:34:57.731   812   812 I mm-camera: <MCT   >< INFO> 4375: mct_pipeline_process_set: Stream 0x4000f and stream type=10, successfully deleted
06-04 00:34:57.733   812  1284 I mm-camera: <MCT   >< INFO> 4952: mct_pipeline_stop_session_thread: Stop module name: sensor - E
06-04 00:34:57.737   812  1284 I mm-camera: <MCT   >< INFO> 4960: mct_pipeline_stop_session_thread: Stop module name: sensor - X
06-04 00:34:57.738  1271  1271 E QCOMSysDaemon: Can't find/open bootselect node: (No such file or directory)
06-04 00:34:57.738  1271  1271 I QCOMSysDaemon: Starting qcom system daemon
06-04 00:34:57.745   812  1285 I mm-camera: <MCT   >< INFO> 4952: mct_pipeline_stop_session_thread: Stop module name: iface - E
06-04 00:34:57.745   812  1285 I mm-camera: <MCT   >< INFO> 4960: mct_pipeline_stop_session_thread: Stop module name: iface - X
06-04 00:34:57.748  1275  1275 I CLD80211: /system/vendor/bin/cnss_diag: initialized exit socket pair
06-04 00:34:57.748  1275  1275 I CLD80211: /system/vendor/bin/cnss_diag: nlctrl family id: 16 group: fw_logs mcast_id: 11
06-04 00:34:57.748  1275  1275 I CLD80211: /system/vendor/bin/cnss_diag: nlctrl family id: 16 group: host_logs mcast_id: 10
06-04 00:34:57.748  1275  1275 I CLD80211: /system/vendor/bin/cnss_diag: nlctrl family id: 16 group: diag_events mcast_id: 13
06-04 00:34:57.751  1275  1275 I CNSS    : log_capture_location  = /sdcard/wlan_logs/
06-04 00:34:57.751  1275  1275 I CNSS    : Host_logs_location  = /sdcard/wlan_logs/buffered_cnsshost_log.txt
06-04 00:34:57.751  1275  1275 I CNSS    : firmware_logs_location  = /sdcard/wlan_logs/buffered_cnssfw_log.txt
06-04 00:34:57.751  1276  1276 D QC-time-services: Daemon:genoff_pre_init::Base = 0
06-04 00:34:57.751  1276  1276 D QC-time-services: Daemon:ats_rtc_init: Time read from RTC -- year = 70, month = 5,day = 3
06-04 00:34:57.751  1275  1275 I CNSS    : cnss_open_log_file: create directory /sdcard/wlan_logs/ ret = -1 errno= 2
06-04 00:34:57.751  1275  1275 I CNSS    : failed to open file a+ mode or file size 0 is less than max_file_size 31457280
06-04 00:34:57.751  1275  1275 I CNSS    : Failed to open file /sdcard/wlan_logs/host_driver_logs_current.txt: 2
06-04 00:34:57.755   812  1293 I mm-camera: <MCT   >< INFO> 4952: mct_pipeline_stop_session_thread: Stop module name: isp - E
06-04 00:34:57.756   812  1293 I mm-camera: <ISP   >< INFO> 506: isp_module_stop_session: session id 4
06-04 00:34:57.757  1279  1279 E /system/vendor/bin/adsprpcd: vendor/qcom/proprietary/adsprpc/src/adsprpcd.c:29:adsp daemon starting
06-04 00:34:57.761  1276  1276 D QC-time-services: Daemon ats_rtc_init: seconds = 13296897
06-04 00:34:57.761  1276  1276 D QC-time-services: Daemon:Value read from RTC seconds = 13296897000
06-04 00:34:57.761  1276  1276 D QC-time-services: Daemon:genoff_init_config: ATS_RTC initialized with rc: 0
06-04 00:34:57.761  1276  1276 D QC-time-services: Daemon:genoff_pre_init::Base = 1
06-04 00:34:57.761  1276  1276 D QC-time-services: Daemon: Storage Name: ats_1 
06-04 00:34:57.761  1276  1276 D QC-time-services: Daemon:Opening File: /persist/time/ats_1 /data/time/ats_1
06-04 00:34:57.761  1276  1276 D QC-time-services: Daemon:time_persistent_memory_opr:Genoff Read operation 
06-04 00:34:57.763  1280  1280 E Diag_Lib: qpLogDiagInit <== result : 1
06-04 00:34:57.763  1280  1280 E Diag_Lib: QMID : gIsQXDMDisabled 0, gIsADBDisabled 1, gIsDebugDisabled 0, gIsIMSLogsDisabled 0
06-04 00:34:57.763  1280  1280 E Diag_Lib: [IMS_QMID] |imsqmiserver.c | 541 | QMID#$$#0#QMI DAEMON STARTED
06-04 00:34:57.763   812  1293 I mm-camera: <MCT   >< INFO> 4960: mct_pipeline_stop_session_thread: Stop module name: isp - X
06-04 00:34:57.763  1276  1276 D QC-time-services: Daemon:Open File: /data/time/ats_1
06-04 00:34:57.766  1276  1276 D QC-time-services: Daemon:genoff_pre_init::Base = 2
06-04 00:34:57.766  1276  1276 D QC-time-services: Daemon: Storage Name: ats_2 
06-04 00:34:57.766  1276  1276 D QC-time-services: Daemon:Opening File: /persist/time/ats_2 /data/time/ats_2
06-04 00:34:57.766  1276  1276 D QC-time-services: Daemon:time_persistent_memory_opr:Genoff Read operation 
06-04 00:34:57.766  1276  1276 D QC-time-services: Daemon:Open File: /data/time/ats_2
06-04 00:34:57.768  1276  1276 D QC-time-services: Daemon:genoff_pre_init::Base = 3
06-04 00:34:57.768  1276  1276 D QC-time-services: Daemon: Storage Name: ats_3 
06-04 00:34:57.768  1276  1276 D QC-time-services: Daemon:Opening File: /persist/time/ats_3 /data/time/ats_3
06-04 00:34:57.768  1276  1276 D QC-time-services: Daemon:time_persistent_memory_opr:Genoff Read operation 
06-04 00:34:57.768  1276  1276 D QC-time-services: Daemon:Open File: /data/time/ats_3
06-04 00:34:57.768  1276  1276 D QC-time-services: Daemon:Unable to open filefor read
06-04 00:34:57.768  1276  1276 D QC-time-services: Daemon:genoff_post_init:Error in accessing storage
06-04 00:34:57.768  1276  1276 D QC-time-services: Daemon:genoff_pre_init::Base = 4
06-04 00:34:57.768  1276  1276 D QC-time-services: Daemon: Storage Name: ats_4 
06-04 00:34:57.768  1276  1276 D QC-time-services: Daemon:Opening File: /persist/time/ats_4 /data/time/ats_4
06-04 00:34:57.768  1276  1276 D QC-time-services: Daemon:time_persistent_memory_opr:Genoff Read operation 
06-04 00:34:57.768  1276  1276 D QC-time-services: Daemon:Open File: /data/time/ats_4
06-04 00:34:57.768  1276  1276 D QC-time-services: Daemon:Unable to open filefor read
06-04 00:34:57.768  1276  1276 D QC-time-services: Daemon:genoff_post_init:Error in accessing storage
06-04 00:34:57.768  1276  1276 D QC-time-services: Daemon:genoff_pre_init::Base = 5
06-04 00:34:57.768  1276  1276 D QC-time-services: Daemon: Storage Name: ats_5 
06-04 00:34:57.768  1276  1276 D QC-time-services: Daemon:Opening File: /persist/time/ats_5 /data/time/ats_5
06-04 00:34:57.768  1276  1276 D QC-time-services: Daemon:time_persistent_memory_opr:Genoff Read operation 
06-04 00:34:57.768  1276  1276 D QC-time-services: Daemon:Open File: /data/time/ats_5
06-04 00:34:57.768  1276  1276 D QC-time-services: Daemon:Unable to open filefor read
06-04 00:34:57.768  1276  1276 D QC-time-services: Daemon:genoff_post_init:Error in accessing storage
06-04 00:34:57.768  1276  1276 D QC-time-services: Daemon:genoff_pre_init::Base = 6
06-04 00:34:57.768  1276  1276 D QC-time-services: Daemon: Storage Name: ats_6 
06-04 00:34:57.768  1276  1276 D QC-time-services: Daemon:Opening File: /persist/time/ats_6 /data/time/ats_6
06-04 00:34:57.768  1276  1276 D QC-time-services: Daemon:time_persistent_memory_opr:Genoff Read operation 
06-04 00:34:57.768  1276  1276 D QC-time-services: Daemon:Open File: /data/time/ats_6
06-04 00:34:57.768  1276  1276 D QC-time-services: Daemon:Unable to open filefor read
06-04 00:34:57.768  1276  1276 D QC-time-services: Daemon:genoff_post_init:Error in accessing storage
06-04 00:34:57.768  1276  1276 D QC-time-services: Daemon:genoff_pre_init::Base = 7
06-04 00:34:57.768  1276  1276 D QC-time-services: Daemon: Storage Name: ats_7 
06-04 00:34:57.768  1276  1276 D QC-time-services: Daemon:Opening File: /persist/time/ats_7 /data/time/ats_7
06-04 00:34:57.768  1276  1276 D QC-time-services: Daemon:time_persistent_memory_opr:Genoff Read operation 
06-04 00:34:57.768  1276  1276 D QC-time-services: Daemon:Open File: /data/time/ats_7
06-04 00:34:57.768  1276  1276 D QC-time-services: Daemon:Unable to open filefor read
06-04 00:34:57.768  1276  1276 D QC-time-services: Daemon:genoff_post_init:Error in accessing storage
06-04 00:34:57.768  1276  1276 D QC-time-services: Daemon:genoff_pre_init::Base = 8
06-04 00:34:57.768  1276  1276 D QC-time-services: Daemon: Storage Name: ats_8 
06-04 00:34:57.768  1276  1276 D QC-time-services: Daemon:Opening File: /persist/time/ats_8 /data/time/ats_8
06-04 00:34:57.768  1276  1276 D QC-time-services: Daemon:time_persistent_memory_opr:Genoff Read operation 
06-04 00:34:57.768  1276  1276 D QC-time-services: Daemon:Open File: /data/time/ats_8
06-04 00:34:57.768  1276  1276 D QC-time-services: Daemon:Unable to open filefor read
06-04 00:34:57.768  1276  1276 D QC-time-services: Daemon:genoff_post_init:Error in accessing storage
06-04 00:34:57.768  1276  1276 D QC-time-services: Daemon:genoff_pre_init::Base = 9
06-04 00:34:57.768  1276  1276 D QC-time-services: Daemon: Storage Name: ats_9 
06-04 00:34:57.768  1276  1276 D QC-time-services: Daemon:Opening File: /persist/time/ats_9 /data/time/ats_9
06-04 00:34:57.768  1276  1276 D QC-time-services: Daemon:time_persistent_memory_opr:Genoff Read operation 
06-04 00:34:57.768  1276  1276 D QC-time-services: Daemon:Open File: /data/time/ats_9
06-04 00:34:57.768  1276  1276 D QC-time-services: Daemon:Unable to open filefor read
06-04 00:34:57.768  1276  1276 D QC-time-services: Daemon:genoff_post_init:Error in accessing storage
06-04 00:34:57.768  1276  1276 D QC-time-services: Daemon:genoff_pre_init::Base = 10
06-04 00:34:57.768  1276  1276 D QC-time-services: Daemon: Storage Name: ats_10 
06-04 00:34:57.768  1276  1276 D QC-time-services: Daemon:Opening File: /persist/time/ats_10 /data/time/ats_10
06-04 00:34:57.768  1276  1276 D QC-time-services: Daemon:time_persistent_memory_opr:Genoff Read operation 
06-04 00:34:57.768  1276  1276 D QC-time-services: Daemon:Open File: /data/time/ats_10
06-04 00:34:57.768  1276  1276 D QC-time-services: Daemon:Unable to open filefor read
06-04 00:34:57.768  1276  1276 D QC-time-services: Daemon:genoff_post_init:Error in accessing storage
06-04 00:34:57.768  1276  1276 D QC-time-services: Daemon:genoff_pre_init::Base = 11
06-04 00:34:57.768  1276  1276 D QC-time-services: Daemon: Storage Name: ats_11 
06-04 00:34:57.768  1276  1276 D QC-time-services: Daemon:Opening File: /persist/time/ats_11 /data/time/ats_11
06-04 00:34:57.768  1276  1276 D QC-time-services: Daemon:time_persistent_memory_opr:Genoff Read operation 
06-04 00:34:57.768  1276  1276 D QC-time-services: Daemon:Open File: /data/time/ats_11
06-04 00:34:57.768  1276  1276 D QC-time-services: Daemon:Unable to open filefor read
06-04 00:34:57.768  1276  1276 D QC-time-services: Daemon:genoff_post_init:Error in accessing storage
06-04 00:34:57.768  1276  1276 D QC-time-services: Daemon:genoff_pre_init::Base = 12
06-04 00:34:57.768  1276  1276 D QC-time-services: Daemon: Storage Name: ats_12 
06-04 00:34:57.768  1276  1276 D QC-time-services: Daemon:Opening File: /persist/time/ats_12 /data/time/ats_12
06-04 00:34:57.768  1276  1276 D QC-time-services: Daemon:time_persistent_memory_opr:Genoff Read operation 
06-04 00:34:57.768  1276  1276 D QC-time-services: Daemon:Open File: /data/time/ats_12
06-04 00:34:57.768  1276  1276 D QC-time-services: Daemon:Unable to open filefor read
06-04 00:34:57.769  1276  1276 D QC-time-services: Daemon:genoff_post_init:Error in accessing storage
06-04 00:34:57.769  1276  1276 D QC-time-services: Daemon:genoff_pre_init::Base = 13
06-04 00:34:57.769  1276  1276 D QC-time-services: Daemon: Storage Name: ats_13 
06-04 00:34:57.769  1276  1276 D QC-time-services: Daemon:Opening File: /persist/time/ats_13 /data/time/ats_13
06-04 00:34:57.769  1276  1276 D QC-time-services: Daemon:time_persistent_memory_opr:Genoff Read operation 
06-04 00:34:57.769  1276  1276 D QC-time-services: Daemon:Open File: /data/time/ats_13
06-04 00:34:57.769  1276  1276 D QC-time-services: Daemon:Unable to open filefor read
06-04 00:34:57.769  1276  1276 D QC-time-services: Daemon:genoff_post_init:Error in accessing storage
06-04 00:34:57.769  1276  1276 D QC-time-services: Daemon:genoff_pre_init::Base = 14
06-04 00:34:57.769  1276  1276 D QC-time-services: Daemon: Storage Name: ats_14 
06-04 00:34:57.769  1276  1276 D QC-time-services: Daemon:Opening File: /persist/time/ats_14 /data/time/ats_14
06-04 00:34:57.769  1276  1276 D QC-time-services: Daemon:time_persistent_memory_opr:Genoff Read operation 
06-04 00:34:57.769  1276  1276 D QC-time-services: Daemon:Open File: /data/time/ats_14
06-04 00:34:57.769  1276  1276 D QC-time-services: Daemon:Unable to open filefor read
06-04 00:34:57.769  1276  1276 D QC-time-services: Daemon:genoff_post_init:Error in accessing storage
06-04 00:34:57.769  1276  1276 D QC-time-services: Daemon:genoff_pre_init::Base = 15
06-04 00:34:57.769  1276  1276 D QC-time-services: Daemon: Storage Name: ats_15 
06-04 00:34:57.769  1276  1276 D QC-time-services: Daemon:Opening File: /persist/time/ats_15 /data/time/ats_15
06-04 00:34:57.769  1276  1276 D QC-time-services: Daemon:time_persistent_memory_opr:Genoff Read operation 
06-04 00:34:57.769  1276  1276 D QC-time-services: Daemon:Open File: /data/time/ats_15
06-04 00:34:57.769  1276  1276 D QC-time-services: Daemon:Unable to open filefor read
06-04 00:34:57.769  1276  1276 D QC-time-services: Daemon:genoff_post_init:Error in accessing storage
06-04 00:34:57.769  1276  1276 D QC-time-services: Daemon:genoff_pre_init::Base = 16
06-04 00:34:57.769  1276  1276 D QC-time-services: Daemon: Storage Name: ats_16 
06-04 00:34:57.769  1276  1276 D QC-time-services: Daemon:Opening File: /persist/time/ats_16 /data/time/ats_16
06-04 00:34:57.769  1276  1276 D QC-time-services: Daemon:time_persistent_memory_opr:Genoff Read operation 
06-04 00:34:57.769  1276  1276 D QC-time-services: Daemon:Open File: /data/time/ats_16
06-04 00:34:57.770  1276  1276 D QC-time-services: Daemon:genoff_init_config: Other bases initilized, exiting genoff_init
06-04 00:34:57.771  1276  1276 D QC-time-services: Daemon:rtc_get: Time read from RTC -- MM/DD/YY HH:MM:SS5/3/70 21:34:57
06-04 00:34:57.771  1276  1276 D QC-time-services: Daemon rtc_get: seconds = 13296897
06-04 00:34:57.771  1276  1276 D QC-time-services: Daemon:Value read from RTC mseconds = 13296897000
06-04 00:34:57.771  1276  1276 D QC-time-services: Daemon:Value read from QTimer mseconds = 30574
06-04 00:34:57.771  1276  1276 D QC-time-services: Daemon:genoff_opr: Base = 1, val = 0, operation = 1
06-04 00:34:57.771  1276  1276 D QC-time-services: Daemon: genoff get for 1
06-04 00:34:57.771  1276  1276 D QC-time-services: Daemon:Value read from QTimer mseconds = 30574
06-04 00:34:57.771  1276  1276 D QC-time-services: Daemon:Value read from RTC mseconds on boot = 13296897000
06-04 00:34:57.771  1276  1276 D QC-time-services: Daemon:Value read from QTimer mseconds = 30574
06-04 00:34:57.771  1276  1276 D QC-time-services: Daemon:Value read from generic offset = 1517916057591
06-04 00:34:57.771  1276  1276 D QC-time-services: Daemon:Delta read on boot mseconds = 13296866426
06-04 00:34:57.771  1276  1276 D QC-time-services: Daemon:Final Time = 1531212954591
06-04 00:34:57.771  1276  1276 E QC-time-services: Daemon:genoff_boot_tod_init: Updating system time to sec=1531212954, usec=591000
07-10 11:55:54.591  1276  1311 D QC-time-services: Daemon: Time-services: All initializations done
07-10 11:55:54.591  1276  1311 E QC-time-services: Daemon: Time-services: Waiting to acceptconnection
07-10 11:55:54.592  1276  1307 D QC-time-services: Daemon:genoff_wlan_qmi_service_request: Initiallizing QMI 
07-10 11:55:54.592  1276  1307 E QC-time-services: Daemon:genoff_wlan_qmi_service_request: qmi_client_get_service_list returned -2num_services 0
07-10 11:55:54.598   812  1296 I mm-camera: <MCT   >< INFO> 4952: mct_pipeline_stop_session_thread: Stop module name: stats - E
07-10 11:55:54.604   812  1296 I DmbrContextAPI: VIDHANCE dmbr_free_context user=0xefdcf280
07-10 11:55:54.606  1276  1308 D QC-time-services: Daemon:genoff_modem_qmi_service_request: Initiallizing QMI 
07-10 11:55:54.611  1276  1308 E QMI_FW  : QMUXD: WARNING qmi_qmux_if_pwr_up_init failed! rc=-6
07-10 11:55:54.611  1276  1308 E QC-time-services: Daemon:genoff_modem_qmi_service_request: qmi_client_get_service_list returned 0num_services 1
07-10 11:55:54.625  1295  1295 I installd: installd firing up
07-10 11:55:54.628  1276  1308 D QC-time-services: Daemon:genoff_modem_qmi_service_request: Initial transaction successfull
07-10 11:55:54.632  1283  1283 D SmcInvoke_SmcInvokeDaemon: publishService: Added MinkBinderSvc to services and is now running
07-10 11:55:54.633  1283  1283 D SmcInvoke_SmcInvokeDaemon: SmcInvokeDaemon starts MinkBinderSvc
07-10 11:55:54.641  1278  1278 I ThermalEngine: Thermal daemon started
07-10 11:55:54.642  1278  1278 I ThermalEngine: No target config file, falling back to 'vendor/etc/thermal-engine.conf'
07-10 11:55:54.642  1278  1278 I ThermalEngine: devices_manager_init: Init
07-10 11:55:54.642  1278  1278 I ThermalEngine: Number of gpus :1
07-10 11:55:54.643  1278  1278 I Thermal-IOCTL: KTM IOCTL interface "/dev/msm_thermal_query" opened
07-10 11:55:54.643  1278  1278 E ThermalEngine: update_cpu_topology: Cluster Info[0]. Cluster Id: 0 cpu_bits:0xf sync:1
07-10 11:55:54.643  1278  1278 E ThermalEngine: update_cpu_topology: Cluster Info[1]. Cluster Id: 1 cpu_bits:0xf0 sync:1
07-10 11:55:54.646  1278  1278 I ThermalEngine: vdd_rstr_init: Init KTM VDD RSTR enabled: 0
07-10 11:55:54.648   812  1314 I mm-camera: <MCT   >< INFO> 4952: mct_pipeline_stop_session_thread: Stop module name: pproc - E
07-10 11:55:54.650  1282  1282 W hvdcp_opti: type=1400 audit(0.0:17): avc: denied { read } for name="name" dev="sysfs" ino=23108 scontext=u:r:hvdcp:s0 tcontext=u:object_r:sysfs:s0 tclass=file permissive=0
07-10 11:55:54.656   812   812 I mm-camera: <MCT   >< INFO> 5240: mct_pipeline_stop_session: Modules left: 5
07-10 11:55:54.656   812   812 I mm-camera: <MCT   >< INFO> 5240: mct_pipeline_stop_session: Modules left: 4
07-10 11:55:54.656   812   812 I mm-camera: <MCT   >< INFO> 5240: mct_pipeline_stop_session: Modules left: 3
07-10 11:55:54.663  1278  1278 I ThermalEngine: cpr_band_init: Could not read /sys/module/msm_thermal/cpr_band/curr_cpr_band
07-10 11:55:54.668  1278  1278 I ThermalEngine: sensors_manager_init: Init
