07-10 11:55:54.935  1313  1313 D RILD    : **RIL Daemon Started**
07-10 11:55:54.935  1313  1313 D RILD    : **RILd param count=1**
07-10 11:55:55.888  1313  1313 D RILD    : RIL_Init argc = 3 clientId = 0
07-10 11:55:55.890  1313  1313 E RILQ    : log to /data/vendor/radio/ril_log for QCRIL logging is not enabled
07-10 11:55:56.332  1313  1313 W RILC    : RIL_onUnsolicitedResponse called before RIL_register
07-10 11:55:56.333  1313  1313 E RILQ    : (0/1313): RIL[0][rild(1313,1313)] qcril_qmi_lte_direct_disc_pack_msg_tag: Message id and type doesnt co-exist. Cannot encode the tag
07-10 11:55:56.397  1313  1313 E RILQ    : (0/1313): RIL[0][rild(1313,1313)] sendIndication: OemHookImpl::sendIndication indicationCb is null
07-10 11:55:56.397  1313  1313 W RILC    : RIL_onUnsolicitedResponse called before RIL_register
07-10 11:55:56.398  1313  1313 E RILQ    : (0/1313): RIL[0][rild(1313,1313)] sendIndication: OemHookImpl::sendIndication indicationCb is null
07-10 11:55:56.399  1313  1313 W RILC    : RIL_onUnsolicitedResponse called before RIL_register
07-10 11:55:56.400  1313  1313 E RILQ    : (0/1313): RIL[0][rild(1313,1313)] qcril_qmi_lte_direct_disc_pack_msg_tag: encoding the MsgHeader
07-10 11:55:56.400  1313  1313 E RILQ    : (0/1313): RIL[0][rild(1313,1313)] sendIndication: OemHookImpl::sendIndication indicationCb is null
07-10 11:55:56.401  1313  1313 D RILD    : RIL_Init rilInit completed
07-10 11:55:56.401  1313  1313 I RILC    : SIM_COUNT: 1
07-10 11:55:56.402  1313  1313 E RILC    : RIL_register: RIL version 15
07-10 11:55:56.402  1313  1313 I RILC    : s_registerCalled flag set, 1
07-10 11:55:56.402  1313  1313 D RILC    : registerService: starting android::hardware::radio::V1_1::IRadio slot1
07-10 11:55:56.405  1313  1313 I RILC    : RILHIDL called registerService
07-10 11:55:56.405  1313  1313 D RILD    : RIL_Init RIL_register completed
07-10 11:55:56.405  1313  1313 D RILD    : RIL_register_socket started
07-10 11:55:56.406  1313  1313 D RIL_UIM_SOCKET: Adding socket with id: 0
07-10 11:55:56.406  1313  1313 I RILC    : RIL_register_socket: calling registerService
07-10 11:55:56.406  1313  1313 D RIL_SAP : registerService: starting ISap slot1 for slotId 0
07-10 11:55:56.410  1313  1313 D RIL_SAP : registerService: started ISap slot1 status 0
07-10 11:55:56.410  1313  1313 D RILD    : RIL_register_socket completed
07-10 11:55:56.450  1313  1630 E RILQ    : (0/1313): RIL[0][(1313,1630)] qcril_qmi_qti_radio_service_init: qcril_qmi_qti_radio_service_init
07-10 11:55:56.493  1313  1630 E RILC    : cdmaPrlChangedInd: radioService[0]->mRadioIndication == NULL
07-10 11:55:56.495  1313  1827 E RILQ    : (0/1313): RIL[0][(1313,1827)] qcril_pd_notifier_start_listening: Updated to state 2 for domain msm/adsp/audio_pd
07-10 11:55:56.500  1313  1630 E RILQ    : (0/1313): RIL[0][(1313,1630)] qcril_qmi_nas_retrieve_custom_emergency_numbers_configured_value: Invalid value for properties count 0
07-10 11:55:56.502  1313  1630 E RILQ    : (0/1313): RIL[0][(1313,1630)] sendIndication: OemHookImpl::sendIndication indicationCb is null
07-10 11:55:56.522  1313  1630 E RILQ    : (0/1313): RIL[0][(1313,1630)] sendIndication: OemHookImpl::sendIndication indicationCb is null
07-10 11:55:56.523  1313  1630 E RILC    : oemHookRawInd: oemHookService[0]->mOemHookIndication == NULL
07-10 11:55:56.523  1313  1630 I RILQ    : (0/1313):RIL[0][(1313,1630)] qcril_qmi_nas_reset_data_snapshot_cache_and_timer: Resetting snapshot timer
07-10 11:55:56.525  1313  1630 E RILC    : currentSignalStrengthInd: radioService[0]->mRadioIndication == NULL
07-10 11:55:56.525  1313  1630 E RILC    : networkStateChangedInd: radioService[0]->mRadioIndication == NULL
07-10 11:55:56.526  1313  1630 I RILQ    : (0/1313):RIL[0][(1313,1630)] qcril_qmi_nas_evaluate_custom_emergency_numbers_for_card: cur_status 0, card_state 0
07-10 11:55:56.526  1313  1630 E RILQ    : (0/1313): RIL[0][(1313,1630)] get_ecc_property_name: ecc list name : ril.ecclist.
07-10 11:55:56.530  1313  1630 E RILQ    : (0/1313): RIL[0][(1313,1630)] get_ecc_property_name: ecc list name : ril.ecclist.
07-10 11:55:56.533  1313  1630 E RILC    : voiceRadioTechChangedInd: radioService[0]->mRadioIndication == NULL
07-10 11:55:56.533  1313  1630 E RILC    : currentSignalStrengthInd: radioService[0]->mRadioIndication == NULL
07-10 11:55:56.534  1313  1630 I RILQ    : (0/1313):RIL[0][(1313,1630)] qcril_qmi_nas_evaluate_custom_emergency_numbers_for_card: cur_status 0, card_state 0
07-10 11:55:56.534  1313  1630 E RILQ    : (0/1313): RIL[0][(1313,1630)] get_ecc_property_name: ecc list name : ril.ecclist.
07-10 11:55:57.346  1313  1630 E RILQ    : (0/1313): RIL[0][(1313,1630)] get_ecc_property_name: ecc list name : ril.ecclist.
07-10 11:55:57.347  1313  1775 E RILQ    : (0/1313): RIL[0][(1313,1775)] sendIndication: OemHookImpl::sendIndication indicationCb is null
07-10 11:55:57.347  1313  1775 E RILC    : oemHookRawInd: oemHookService[0]->mOemHookIndication == NULL
07-10 11:55:57.347  1313  1630 I RILQ    : (0/1313):RIL[0][(1313,1630)] qcril_qmi_nas_evaluate_custom_emergency_numbers_for_card: cur_status 0, card_state 0
07-10 11:55:57.347  1313  1630 E RILQ    : (0/1313): RIL[0][(1313,1630)] get_ecc_property_name: ecc list name : ril.ecclist.
07-10 11:55:57.351  1313  1775 E RILC    : simStatusChangedInd: radioService[0]->mRadioIndication == NULL
07-10 11:55:57.351  1313  1630 I RILQ    : (0/1313):RIL[0][(1313,1630)] qcril_qmi_nas_evaluate_custom_emergency_numbers_for_card: cur_status 0, card_state 9
07-10 11:55:57.351  1313  1630 E RILQ    : (0/1313): RIL[0][(1313,1630)] get_ecc_property_name: ecc list name : ril.ecclist.
07-10 11:55:57.558  1288  1288 D TelephonyManager: No /proc/cmdline exception=java.io.FileNotFoundException: /proc/cmdline (Permission denied)
07-10 11:55:57.558  1288  1288 D TelephonyManager: /proc/cmdline=
07-10 11:56:02.649  1290  1290 D TelephonyManager: No /proc/cmdline exception=java.io.FileNotFoundException: /proc/cmdline (Permission denied)
07-10 11:56:02.649  1290  1290 D TelephonyManager: /proc/cmdline=
07-10 11:56:04.154  1978  2258 D TelephonyRegistry: listen oscl: hasNotifySubscriptionInfoChangedOccurred==false no callback
07-10 11:56:04.568  1978  1978 D TelephonyRegistry: listen oscl: hasNotifySubscriptionInfoChangedOccurred==false no callback
07-10 11:56:04.621  1978  2011 D TelephonyRegistry: listen oscl: hasNotifySubscriptionInfoChangedOccurred==false no callback
07-10 11:56:04.629  1978  2387 D TelephonyRegistry: listen oscl: hasNotifySubscriptionInfoChangedOccurred==false no callback
07-10 11:56:04.645  1978  1978 D TelephonyRegistry: systemRunning register for intents
07-10 11:56:04.902  1978  2388 D TelephonyRegistry: listen oscl: hasNotifySubscriptionInfoChangedOccurred==false no callback
07-10 11:56:05.112  2442  2442 D TDC     : updateOrInsert: inserting: Modem { uuid=modem, state=0, rilModel=0, rat={}, maxActiveVoiceCall=1, maxActiveDataCall=1, maxStandby=1 }
07-10 11:56:05.112  2442  2442 D TDC     : updateOrInsert: inserting: Sim { uuid=sim, modemUuid=modem, state=0 }
07-10 11:56:05.141  2442  2442 D TelephonyComponentFactory: classLoader = dalvik.system.PathClassLoader[DexPathList[[zip file "/system/framework/qti-telephony-common.jar"],nativeLibraryDirectories=[/system/lib64, /vendor/lib64]]]
07-10 11:56:05.142  2442  2442 D TelephonyComponentFactory: cls = class com.qualcomm.qti.internal.telephony.QtiTelephonyComponentFactory
07-10 11:56:05.142  2442  2442 D TelephonyComponentFactory: constructor method = public com.qualcomm.qti.internal.telephony.QtiTelephonyComponentFactory()
07-10 11:56:05.148  2442  2442 D CdmaSSM : subscriptionSource from settings: 0
07-10 11:56:05.148  2442  2442 I PhoneFactory: Cdma Subscription set to 0
07-10 11:56:05.149  2442  2442 I PhoneFactory: ImsResolver: defaultImsPackage: org.codeaurora.ims
07-10 11:56:05.159  2442  2442 I PhoneFactory: Network Mode set to 9
07-10 11:56:05.159  2442  2442 D QtiTelephonyComponentFactory: makeQtiRIL
07-10 11:56:05.160  2442  2442 D RILJ    : RIL: init preferredNetworkType=9 cdmaSubscription=0)
07-10 11:56:05.170  1313  1313 D RILC    : setResponseFunctions
07-10 11:56:05.172  1313  1313 D RILC    : rilConnectedInd
07-10 11:56:05.172  1313  1313 D RILC    : radioStateChangedInd: radioState 0
07-10 11:56:05.172  1313  1313 I RILC    : RIL Daemon version: Qualcomm RIL 1.0
07-10 11:56:05.173  2442  2601 D RILJ    : Unsol response received; Sending ack to ril.cpp [SUB0]
07-10 11:56:05.174  2442  2601 D RILJ    : [UNSL]< UNSOL_RIL_CONNECTED [SUB0]
07-10 11:56:05.176  2442  2601 D RILJ    : [3649]> RADIO_POWER on = false [SUB0]
07-10 11:56:05.176  2442  2442 D RILJ    : [3650]> GET_HARDWARE_CONFIG [SUB0]
07-10 11:56:05.176  1313  1313 D RILC    : setRadioPower: serial 1 on 0
07-10 11:56:05.177  2442  2601 D RILJ    : [3651]> RIL_REQUEST_CDMA_SET_SUBSCRIPTION_SOURCE cdmaSubscription = 0 [SUB0]
07-10 11:56:05.178  2442  2601 D RILJ    : [3652]> RIL_REQUEST_SET_CELL_INFO_LIST_RATE rateInMillis = 2147483647 [SUB0]
07-10 11:56:05.179  2442  2601 D RILJ    : Unsol response received; Sending ack to ril.cpp [SUB0]
07-10 11:56:05.179  2442  2601 D RILJ    : [UNSL]< UNSOL_RESPONSE_RADIO_STATE_CHANGED radioStateChanged: RADIO_OFF [SUB0]
07-10 11:56:05.179  2442  2442 D QTIRILJ : QtiRIL
07-10 11:56:05.179  2442  2601 D RILJ    : [3650]< GET_HARDWARE_CONFIG error 6 [SUB0]
07-10 11:56:05.180  2442  2601 D RilRequest: [3650]< GET_HARDWARE_CONFIG error: com.android.internal.telephony.CommandException: REQUEST_NOT_SUPPORTED ret= 
07-10 11:56:05.183  2442  2601 D RILJ    : [3651]< RIL_REQUEST_CDMA_SET_SUBSCRIPTION_SOURCE error 6 [SUB0]
07-10 11:56:05.183  2442  2601 D RilRequest: [3651]< RIL_REQUEST_CDMA_SET_SUBSCRIPTION_SOURCE error: com.android.internal.telephony.CommandException: REQUEST_NOT_SUPPORTED ret=
07-10 11:56:05.183  2442  2601 D RILJ    : [3652]< RIL_REQUEST_SET_CELL_INFO_LIST_RATE  [SUB0]
07-10 11:56:05.183  2442  2442 I PhoneFactory: Creating SubscriptionController
07-10 11:56:05.183  2442  2442 D QtiTelephonyComponentFactory: initSubscriptionController
07-10 11:56:05.183  2442  2601 D QTIRILJ : QtiRadio interface service started vendor.qti.hardware.radio.qtiradio@1.0::IQtiRadio slot1 preexisting =true
07-10 11:56:05.186  2442  2601 D QTIRILJ : initQtiRadio: mQtiRadiovendor.qti.hardware.radio.qtiradio@1.0::IQtiRadio@Proxy
07-10 11:56:05.186  2442  2442 D SubscriptionController: [SubscriptionController] init by Context
07-10 11:56:05.187  2442  2442 D QtiSubscriptionController:  init by Context
07-10 11:56:05.188  2442  2442 D UiccController: Creating UiccController
07-10 11:56:05.188  2442  2442 D QtiTelephonyComponentFactory: makePhone
07-10 11:56:05.190  2442  2442 D TelephonyTester: register for intent action=com.qualcomm.qti.internal.telephony.action_detached
07-10 11:56:05.190  2442  2442 D TelephonyTester: register for intent action=com.qualcomm.qti.internal.telephony.action_attached
07-10 11:56:05.207  2442  2442 D Phone   : mDoesRilSendMultipleCallRing=false
07-10 11:56:05.207  2442  2442 D Phone   : mCallRingDelay=3000
07-10 11:56:05.207  2442  2442 D QtiTelephonyComponentFactory: makeSmsStorageMonitor
07-10 11:56:05.207  2442  2442 D TelephonyComponentFactory: makeSmsStorageMonitor
07-10 11:56:05.210  2442  2442 D QtiTelephonyComponentFactory: makeSmsUsageMonitor
07-10 11:56:05.215  1313  1630 I RILQ    : (0/1313):RIL[0][(1313,1630)] qcril_qmi_nas_dms_op_state_update_handler: reported op mode LPM
07-10 11:56:05.215  1313  1630 I RILQ    : (0/1313):RIL[0][(1313,1630)] qcril_qmi_nas_dms_op_state_update_handler: expected op mode LPM
07-10 11:56:05.215  1313  1630 I RILQ    : (0/1313):RIL[0][(1313,1630)] qcril_qmi_nas_reset_data_snapshot_cache_and_timer: Resetting snapshot timer
07-10 11:56:05.216  1313  1630 I RILQ    : (0/1313):RIL[0][(1313,1630)] qcril_qmi_nas_reset_data_snapshot_cache_and_timer: Resetting snapshot timer
07-10 11:56:05.217  1313  2613 D RILC    : setRadioPowerResponse: serial 1
07-10 11:56:05.218  2442  2601 D RILJ    : [3649]< RADIO_POWER  [SUB0]
07-10 11:56:05.218  1313  1630 E RILQ    : (0/1313): RIL[0][(1313,1630)] qcril_qmi_nas_set_nw_select_state: Invalid state..to move to DONE state
07-10 11:56:05.220  2442  2601 D RILJ    : Unsol response received; Sending ack to ril.cpp [SUB0]
07-10 11:56:05.220  2442  2601 D RILJ    : [UNSL]< UNSOL_RESPONSE_NETWORK_STATE_CHANGED [SUB0]
07-10 11:56:05.221  1978  1978 D TelephonyRegistry: notifyCellLocationForSubscriber: subId=0 cellLocation=Bundle[{cid=-1, lac=-1, psc=-1}]
07-10 11:56:05.221  2442  2442 D RILJ    : [3655]> RIL_REQUEST_START_LCE reportIntervalMs = 200 pullMode = true [SUB0]
07-10 11:56:05.221  1313  1630 I RILQ    : (0/1313):RIL[0][(1313,1630)] qcril_qmi_nas_evaluate_custom_emergency_numbers_for_card: cur_status 0, card_state 9
07-10 11:56:05.222  1313  1630 E RILQ    : (0/1313): RIL[0][(1313,1630)] get_ecc_property_name: ecc list name : ril.ecclist.
07-10 11:56:05.222  2442  2462 D SubscriptionController: [getPhoneId]- no sims, returning default phoneId=0
07-10 11:56:05.223  1313  1630 D RILC    : radioStateChangedInd: radioState 0
07-10 11:56:05.223  1313  1630 E RILQ    : (0/1313): RIL[0][(1313,1630)] qcril_qmi_lte_direct_disc_pack_msg_tag: encoding the MsgHeader
07-10 11:56:05.223  1313  1630 E RILQ    : (0/1313): RIL[0][(1313,1630)] sendIndication: OemHookImpl::sendIndication indicationCb is null
07-10 11:56:05.225  2442  2601 D RILJ    : Unsol response received; Sending ack to ril.cpp [SUB0]
07-10 11:56:05.225  2442  2601 D RILJ    : [UNSL]< UNSOL_RESPONSE_RADIO_STATE_CHANGED radioStateChanged: RADIO_OFF [SUB0]
07-10 11:56:05.228  2442  2601 D RILJ    : [3655]< RIL_REQUEST_START_LCE [1, 0] [SUB0]
07-10 11:56:05.313  2442  2462 D QtiSubscriptionController: getPhoneId, received dummy subId 2147483643
07-10 11:56:05.847  2442  2460 D QtiSubscriptionController: getPhoneId, received dummy subId 2147483643
07-10 11:56:08.596  2442  2442 D QtiTelephonyComponentFactory: makeGsmCdmaCallTracker
07-10 11:56:08.596  2442  2442 D TelephonyComponentFactory: makeGsmCdmaCallTracker
07-10 11:56:08.598  2442  2442 D QtiTelephonyComponentFactory: makeQtiIccPhoneBookInterfaceManager
07-10 11:56:08.600  2442  2442 D QtiRilInterface:  in constructor 
07-10 11:56:08.601  2442  2442 D use-Rlog/RLOG-QC_RIL_OEM_HOOK: Starting QcrilMsgTunnel Service
07-10 11:56:08.616  2442  2442 D use-Rlog/RLOG-QC_RIL_OEM_HOOK: Attempt to bind service returned with: true
07-10 11:56:08.616  2442  2442 D use-Rlog/RLOG-QC_RIL_OEM_HOOK: Registering for intent ACTION_UNSOL_RESPONSE_OEM_HOOK_RAW
07-10 11:56:08.617  2442  2442 D QtiTelephonyComponentFactory: makeIccSmsInterfaceManager
07-10 11:56:08.618  2442  2442 D TelephonyComponentFactory: makeIccSmsInterfaceManager
07-10 11:56:08.620  2442  2442 E RIL_ImsSms: getFormat should never be called from here!
07-10 11:56:08.620  2442  2442 D SMSDispatcher: SMSDispatcher: ctor mSmsCapable=true format=unknown mSmsSendDisabled=false
07-10 11:56:08.620  2442  2442 D RIL_ImsSms: ImsSMSDispatcher created
07-10 11:56:08.620  2442  2442 D SMSDispatcher: SMSDispatcher: ctor mSmsCapable=true format=3gpp2 mSmsSendDisabled=false
07-10 11:56:08.621  2442  2442 D CdmaSMSDispatcher: CdmaSMSDispatcher created
07-10 11:56:08.626  2442  2442 D QtiTelephonyComponentFactory: getIDeviceIdleController
07-10 11:56:08.626  2442  2442 D TelephonyComponentFactory: getIDeviceIdleController
07-10 11:56:08.629  2442  2442 D QtiTelephonyComponentFactory: getIDeviceIdleController
07-10 11:56:08.629  2442  2442 D TelephonyComponentFactory: getIDeviceIdleController
07-10 11:56:08.629  2442  2442 D GsmInboundSmsHandler: created InboundSmsHandler
07-10 11:56:08.629  2442  2738 D GsmInboundSmsHandler: entering Startup state
07-10 11:56:08.632  2442  2442 D QtiTelephonyComponentFactory: getIDeviceIdleController
07-10 11:56:08.632  2442  2442 D TelephonyComponentFactory: getIDeviceIdleController
07-10 11:56:08.634  2442  2442 D QtiTelephonyComponentFactory: getIDeviceIdleController
07-10 11:56:08.634  2442  2442 D TelephonyComponentFactory: getIDeviceIdleController
07-10 11:56:08.634  2442  2442 D CdmaInboundSmsHandler: created InboundSmsHandler
07-10 11:56:08.636  2442  2745 D CdmaInboundSmsHandler: entering Startup state
07-10 11:56:08.637  2442  2442 D SMSDispatcher: SMSDispatcher: ctor mSmsCapable=true format=3gpp mSmsSendDisabled=false
07-10 11:56:08.637  2442  2442 D GsmSMSDispatcher: GsmSMSDispatcher created
07-10 11:56:08.638  2442  2738 D GsmInboundSmsHandler: StartupState.processMessage:6
07-10 11:56:08.638  2442  2745 D CdmaInboundSmsHandler: StartupState.processMessage:6
07-10 11:56:08.638  2442  2738 D GsmInboundSmsHandler: entering Idle state
07-10 11:56:08.638  2442  2745 D CdmaInboundSmsHandler: entering Idle state
07-10 11:56:08.638  2442  2738 D GsmInboundSmsHandler: IdleState.processMessage:5
07-10 11:56:08.638  2442  2745 D CdmaInboundSmsHandler: IdleState.processMessage:5
07-10 11:56:08.638  2442  2738 D GsmInboundSmsHandler: Idle state processing message type 5
07-10 11:56:08.638  2442  2745 D CdmaInboundSmsHandler: Idle state processing message type 5
07-10 11:56:08.639  2442  2442 D QtiTelephonyComponentFactory: makeIccCardProxy
07-10 11:56:08.639  2442  2738 D GsmInboundSmsHandler: mWakeLock released
07-10 11:56:08.639  2442  2442 D TelephonyComponentFactory: makeIccCardProxy
07-10 11:56:08.639  2442  2745 D CdmaInboundSmsHandler: mWakeLock released
07-10 11:56:08.639  2442  2442 D IccCardProxy: ctor: ci=com.qualcomm.qti.internal.telephony.QtiRIL@9d3862c phoneId=0
07-10 11:56:08.639  2442  2442 D CdmaSSM : subscriptionSource from settings: 0
07-10 11:56:08.639  2442  2442 D CdmaSSM : cdmaSSM constructor: 0
07-10 11:56:08.639  2442  2442 D IccCardProxy: update icc_operator_numeric=
07-10 11:56:08.639  2442  2442 D TelephonyManager: setTelephonyProperty: success phoneId=0 property=gsm.sim.operator.numeric value:  propVal=
07-10 11:56:08.640  2442  2442 D TelephonyManager: setTelephonyProperty: success phoneId=0 property=gsm.sim.operator.iso-country value:  propVal=
07-10 11:56:08.642  2442  2442 D TelephonyManager: setTelephonyProperty: success phoneId=0 property=gsm.sim.operator.alpha value:  propVal=
07-10 11:56:08.643  2442  2442 D QtiTelephonyComponentFactory: getCdmaSubscriptionSourceManagerInstance
07-10 11:56:08.643  2442  2442 D TelephonyComponentFactory: getCdmaSubscriptionSourceManagerInstance
07-10 11:56:08.643  2442  2442 D QtiTelephonyComponentFactory: makeEriManager
07-10 11:56:08.643  2442  2442 D TelephonyComponentFactory: makeEriManager
07-10 11:56:08.645  2442  2442 D GsmCdmaPhone: [GsmCdmaPhone] Precise phone type 1
07-10 11:56:08.645  2442  2442 D RILJ    : setPhoneType=1 old value=0 [SUB0]
07-10 11:56:08.645  2442  2442 D TelephonyManager: setTelephonyProperty: success phoneId=0 property=gsm.current.phone-type value: 1 propVal=1
07-10 11:56:08.647  2442  2442 D IccCardProxy: Setting radio tech UMTS
07-10 11:56:08.647  2442  2442 D IccCardProxy: updateQuietMode: 3GPP subscription -> newQuietMode=false
07-10 11:56:08.647  2442  2442 D IccCardProxy: updateQuietMode: no changes don't setExternalState
07-10 11:56:08.647  2442  2442 D IccCardProxy: updateQuietMode: QuietMode is false (app_type=1 cdmaSource=-1)
07-10 11:56:08.648  2442  2442 D CarrierActionAgent: [0]Creating CarrierActionAgent
07-10 11:56:08.648  2442  2442 W CarrierConfigManager: Error getting config for subId 2147483643 ICarrierConfigLoader is null
07-10 11:56:08.649  2442  2442 D QtiTelephonyComponentFactory: makeQtiServiceStateTracker
07-10 11:56:08.651  2442  2442 W CarrierConfigManager: Error getting config for subId 2147483643 ICarrierConfigLoader is null
07-10 11:56:08.651  1978  2258 D TelephonyRegistry: listen oscl: hasNotifySubscriptionInfoChangedOccurred==false no callback
07-10 11:56:09.225  2442  2442 D TelephonyManager: setTelephonyProperty: success phoneId=0 property=gsm.network.type value: Unknown propVal=Unknown
07-10 11:56:09.231  2442  2442 D RILJ    : [3657]> SIGNAL_STRENGTH [SUB0]
07-10 11:56:09.232  2442  2442 D SST     : notifyDataRegStateRilRadioTechnologyChanged: drs=1 rat=0
07-10 11:56:09.235  2442  2601 D RILJ    : [3657]< SIGNAL_STRENGTH SignalStrength: 0 0 0 0 0 0 0 0 0 0 0 0 0 0 cdma [SUB0]
07-10 11:56:09.237  2442  2442 D TelephonyManager: setTelephonyProperty: success phoneId=0 property=gsm.network.type value: Unknown propVal=Unknown
07-10 11:56:09.248  2442  2442 D QtiTelephonyComponentFactory: makeQtiDcTracker
07-10 11:56:09.251  2442  2442 D         : [0]DCT.constructor
07-10 11:56:09.266  1978  2001 D TelephonyRegistry: listen oscl: hasNotifySubscriptionInfoChangedOccurred==false no callback
07-10 11:56:09.271  2442  2442 D Dcc     : E ctor
07-10 11:56:09.271  2442  2442 D Dcc     : X ctor
07-10 11:56:09.277  2442  2442 D SubscriptionController: [getPhoneId] asked for default subId=2147483643
07-10 11:56:09.278  2442  2442 D QtiSubscriptionController: getPhoneId, received dummy subId 2147483643
07-10 11:56:09.278  2442  2811 D DcTesterDeacativateAll: register for intent action=com.android.internal.telephony.dataconnection.action_deactivate_all
07-10 11:56:09.278  2442  2811 D DcTesterDeacativateAll: register for intent action=com.qualcomm.qti.internal.telephony.action_detached
07-10 11:56:09.279  2442  2811 D Dcc     : DccDefaultState: msg.what=EVENT_RIL_CONNECTED mRilVersion=15
07-10 11:56:09.280  2442  2442 D DcTesterFailBrinupAll: register for intent action=com.android.internal.telephony.dataconnection.action_fail_bringup
07-10 11:56:09.280  2442  2442 D DcTesterFailBrinupAll: register for intent action=com.qualcomm.qti.internal.telephony.action_detached
07-10 11:56:09.280  2442  2442 D DcTesterFailBrinupAll: register for intent action=com.qualcomm.qti.internal.telephony.action_attached
07-10 11:56:09.281  2442  2442 D SST     : notifyDataRegStateRilRadioTechnologyChanged: drs=1 rat=0
07-10 11:56:09.282  2442  2442 D TelephonyManager: setTelephonyProperty: success phoneId=0 property=gsm.network.type value: Unknown propVal=Unknown
07-10 11:56:09.287  2442  2442 D         : [0]update sub = 2147483643
07-10 11:56:09.287  2442  2442 D         : [0]update(): Active DDS, register for all events now!
07-10 11:56:09.289  2442  2442 D GsmCdmaPhone: [GsmCdmaPhone] updateCurrentCarrierInProvider: mSubId = 2147483643 currentDds = 2 operatorNumeric = null
07-10 11:56:09.292  2442  2442 D         : [0]initApnContexts: E
07-10 11:56:09.292  2442  2442 D         : [0]initApnContexts: skipping unknown type=1
07-10 11:56:09.293  2442  2442 D         : [0]initApnContexts: apnContext={mApnType=default mState=IDLE mWaitingApns={null} mApnSetting={null} mReason=dataEnabled mDataEnabled=false mDependencyMet=true}
07-10 11:56:09.293  2442  2442 D         : [0]initApnContexts: apnContext={mApnType=mms mState=IDLE mWaitingApns={null} mApnSetting={null} mReason=dataEnabled mDataEnabled=false mDependencyMet=true}
07-10 11:56:09.293  2442  2442 D         : [0]initApnContexts: apnContext={mApnType=supl mState=IDLE mWaitingApns={null} mApnSetting={null} mReason=dataEnabled mDataEnabled=false mDependencyMet=true}
07-10 11:56:09.293  2442  2442 D         : [0]initApnContexts: apnContext={mApnType=dun mState=IDLE mWaitingApns={null} mApnSetting={null} mReason=dataEnabled mDataEnabled=false mDependencyMet=true}
07-10 11:56:09.293  2442  2442 D         : [0]initApnContexts: apnContext={mApnType=hipri mState=IDLE mWaitingApns={null} mApnSetting={null} mReason=dataEnabled mDataEnabled=false mDependencyMet=true}
07-10 11:56:09.293  2442  2442 D         : [0]initApnContexts: apnContext={mApnType=fota mState=IDLE mWaitingApns={null} mApnSetting={null} mReason=dataEnabled mDataEnabled=false mDependencyMet=true}
07-10 11:56:09.293  2442  2442 D         : [0]initApnContexts: apnContext={mApnType=ims mState=IDLE mWaitingApns={null} mApnSetting={null} mReason=dataEnabled mDataEnabled=false mDependencyMet=true}
07-10 11:56:09.293  2442  2442 D         : [0]initApnContexts: apnContext={mApnType=cbs mState=IDLE mWaitingApns={null} mApnSetting={null} mReason=dataEnabled mDataEnabled=false mDependencyMet=true}
07-10 11:56:09.293  2442  2442 D         : [0]initApnContexts: skipping unknown type=7
07-10 11:56:09.293  2442  2442 D         : [0]initApnContexts: apnContext={mApnType=emergency mState=IDLE mWaitingApns={null} mApnSetting={null} mReason=dataEnabled mDataEnabled=false mDependencyMet=true}
07-10 11:56:09.342  2442  2442 D QtiGsmDCT: [0]QtiGsmDCT.constructor
07-10 11:56:09.350  2442  2442 D GsmCdmaPhone: [GsmCdmaPhone] GsmCdmaPhone: constructor: sub = 0
07-10 11:56:09.350  2442  2442 D QtiGsmCdmaPhone: Constructor
07-10 11:56:09.350  2442  2442 I PhoneFactory: Creating Phone with type = 1 sub = 0
07-10 11:56:09.387  2442  2442 I PhoneFactory: defaultSmsApplication: com.google.android.apps.messaging
07-10 11:56:09.473  2442  2442 I PhoneFactory: Creating SubInfoRecordUpdater 
07-10 11:56:09.490  2442  2442 D QtiTelephonyComponentFactory: makeSubscriptionInfoUpdater
07-10 11:56:09.490  2442  2442 D SubscriptionInfoUpdater: Constructor invoked
07-10 11:56:09.752  2442  2442 I ImsManager: Creating ImsService using ImsResolver
07-10 11:56:09.753  2442  2442 W ImsManager: getServiceProxy: b is null! Phone Id: 0
07-10 11:56:09.790  2442  2442 D Phone   : updateImsPhone mImsServiceReady=true
07-10 11:56:09.793  2442  2442 D TelephonyTester: register for intent action=com.android.internal.telephony.imsphone.action_detached
07-10 11:56:09.793  2442  2442 D TelephonyTester: register for intent action=com.android.internal.telephony.imsphone.action_attached
07-10 11:56:09.793  2442  2442 D TelephonyTester: register for intent action=com.android.internal.telephony.TestConferenceEventPackage
07-10 11:56:09.794  2442  2442 D Phone   : mDoesRilSendMultipleCallRing=false
07-10 11:56:09.794  2442  2442 D Phone   : mCallRingDelay=3000
07-10 11:56:09.795  2442  2442 D QtiTelephonyComponentFactory: makeImsPhoneCallTracker
07-10 11:56:09.795  2442  2442 D TelephonyComponentFactory: makeImsPhoneCallTracker
07-10 11:56:09.798  2442  2442 E ImsPhoneCallTracker: [ImsPhoneCallTracker] cacheCarrierConfiguration: No carrier config service found or not active subId = 2147483643
07-10 11:56:09.802  2442  2442 D SST     : notifyDataRegStateRilRadioTechnologyChanged: drs=1 rat=0
07-10 11:56:09.802  2442  2442 D TelephonyManager: setTelephonyProperty: success phoneId=0 property=gsm.network.type value: Unknown propVal=Unknown
07-10 11:56:09.803  2442  2442 D ImsPhone: updateDataServiceState: defSs = {mVoiceRegState=1(OUT_OF_SERVICE), mDataRegState=1(OUT_OF_SERVICE), mVoiceRoamingType=home, mDataRoamingType=home, mVoiceOperatorAlphaLong=null, mVoiceOperatorAlphaShort=null, mDataOperatorAlphaLong=null, mDataOperatorAlphaShort=null, isManualNetworkSelection=false(automatic), mRilVoiceRadioTechnology=0(Unknown), mRilDataRadioTechnology=0(Unknown), mCssIndicator=unsupported, mNetworkId=0, mSystemId=0, mCdmaRoamingIndicator=0, mCdmaDefaultRoamingIndicator=0, mIsEmergencyOnly=false, mIsDataRoamingFromRegistration=false, mIsUsingCarrierAggregation=false, mLteEarfcnRsrpBoost=0} imsSs = {mVoiceRegState=1(OUT_OF_SERVICE), mDataRegState=1(OUT_OF_SERVICE), mVoiceRoamingType=home, mDataRoamingType=home, mVoiceOperatorAlphaLong=null, mVoiceOperatorAlphaShort=null, mDataOperatorAlphaLong=null, mDataOperatorAlphaShort=null, isManualNetworkSelection=false(automatic), mRilVoiceRadioTechnology=0(Unknown), mRilDataRadioTechnology=0(Unknown), mCssIndicator=unsupported, mNetworkId=-1, mSystemId=-1, mCdmaRoamingIndicator=-1, mCdmaDefaultRoamingIndicator=-1, mIsEmergencyOnly=false, mIsDataRoamingFromRegistration=false, mIsUsingCarrierAggregation=false, mLteEarfcnRsrpBoost=0}
07-10 11:56:09.804  2442  2442 D DefaultPhoneNotifier: nofityServiceState: mRegistry=com.android.internal.telephony.ITelephonyRegistry$Stub$Proxy@9885463 ss={mVoiceRegState=1(OUT_OF_SERVICE), mDataRegState=1(OUT_OF_SERVICE), mVoiceRoamingType=home, mDataRoamingType=home, mVoiceOperatorAlphaLong=null, mVoiceOperatorAlphaShort=null, mDataOperatorAlphaLong=null, mDataOperatorAlphaShort=null, isManualNetworkSelection=false(automatic), mRilVoiceRadioTechnology=0(Unknown), mRilDataRadioTechnology=0(Unknown), mCssIndicator=unsupported, mNetworkId=0, mSystemId=0, mCdmaRoamingIndicator=0, mCdmaDefaultRoamingIndicator=0, mIsEmergencyOnly=false, mIsDataRoamingFromRegistration=false, mIsUsingCarrierAggregation=false, mLteEarfcnRsrpBoost=0} sender=Handler (com.qualcomm.qti.internal.telephony.QtiGsmCdmaPhone) {544860} phondId=0 subId=2147483643
07-10 11:56:09.806  2442  2442 D QtiSubscriptionController: getPhoneId, received dummy subId 2147483643
07-10 11:56:09.811  2442  2442 D CallManager: registerPhone(ImsPhone Handler (com.android.internal.telephony.imsphone.ImsPhone) {7a2c01d})
07-10 11:56:09.812  1978  2257 D TelephonyRegistry: listen oscl: hasNotifySubscriptionInfoChangedOccurred==false no callback
07-10 11:56:09.813  2442  2442 D SubscriptionController: [getPhoneId]- no sims, returning default phoneId=0
07-10 11:56:09.815  2442  2442 D QtiTelephonyComponentFactory: makeQtiPhoneSwitcher
07-10 11:56:09.817  1978  2463 D TelephonyRegistry: listen oscl: hasNotifySubscriptionInfoChangedOccurred==false no callback
07-10 11:56:09.819  2442  2442 D PhoneSwitcher: PhoneSwitcher started
07-10 11:56:09.821  2442  2442 D ProxyController: Constructor - Enter
07-10 11:56:09.827  2442  2442 D ProxyController: clearTransaction
07-10 11:56:09.827  2442  2442 D ProxyController: clearTransaction: phoneId=0 status=IDLE
07-10 11:56:09.828  2442  2442 D ProxyController: Constructor - Exit
07-10 11:56:09.841  2442  2442 D TelephonyNetworkFactory[0]: Registering NetworkFactory
07-10 11:56:09.842  2442  2442 D QtiTelephonyComponentFactory:  makeExtTelephonyClasses 
07-10 11:56:09.843  2442  2442 D QtiUiccCardProvisioner:  Invoking constructor, no of phones = 1
07-10 11:56:09.848  2442  2442 D QtiRadioCapabilityController: getInstance
07-10 11:56:09.901  2442  2442 D QtiRadioCapabilityController: Constructor - Exit
07-10 11:56:09.903  2442  2442 D ExtTelephonyServiceImpl: init constructor 
07-10 11:56:09.919  2442  2462 D QtiSubscriptionController: getPhoneId, received dummy subId 2147483643
07-10 11:56:09.925  2442  2442 D CallManager: registerPhone(GSM Handler (com.qualcomm.qti.internal.telephony.QtiGsmCdmaPhone) {544860})
07-10 11:56:09.932  2442  2462 D QtiSubscriptionController: getPhoneId, received dummy subId 2147483643
07-10 11:56:09.947  2442  2462 D QtiSubscriptionController: getPhoneId, received dummy subId 2147483643
07-10 11:56:09.950  1978  2257 D TelephonyRegistry: listen oscl: hasNotifySubscriptionInfoChangedOccurred==false no callback
07-10 11:56:09.952  2442  2442 D CallManager: registerForMmiComplete
07-10 11:56:10.044  2442  2442 D RILJ    : [3658]> RIL_REQUEST_SET_TTY_MODE ttyMode = 0 [SUB0]
07-10 11:56:10.054  2442  2442 D ImsPhone: sendErrorResponse
07-10 11:56:10.056  1978  2257 D TelephonyRegistry: listen oscl: hasNotifySubscriptionInfoChangedOccurred==false no callback
07-10 11:56:10.058  2442  2442 D SubscriptionController: [getPhoneId] asked for default subId=2147483643
07-10 11:56:10.058  2442  2442 D QtiSubscriptionController: getPhoneId, received dummy subId 2147483643
07-10 11:56:10.062  2442  2601 D RILJ    : [3658]< RIL_REQUEST_SET_TTY_MODE  [SUB0]
07-10 11:56:10.068  2442  2442 D QtiSubscriptionController: getPhoneId, received dummy subId 2147483643
07-10 11:56:10.073  2442  2442 D QtiSubscriptionController: getPhoneId, received dummy subId 2147483643
07-10 11:56:10.082  2442  2442 D UiccController: Received EVENT_ICC_STATUS_CHANGED, calling getIccCardStatus
07-10 11:56:10.087  2442  2442 D RILJ    : [3659]> GET_SIM_STATUS [SUB0]
07-10 11:56:10.089  2442  2442 D QtiGsmCdmaPhone: handleMessage: Event: 30
07-10 11:56:10.090  2442  2601 D RILJ    : responseIccCardStatus: from HIDL: IccCardState {CARDSTATE_ABSENT,PINSTATE_UNKNOWN,num_apps=0,gsm_id=-1,cdma_id=-1,ims_id=-1} [SUB0]
07-10 11:56:10.090  2442  2442 D QtiGsmCdmaPhone: handleMessage: Event: 37
07-10 11:56:10.090  2442  2601 D RILJ    : [3659]< GET_SIM_STATUS IccCardState {CARDSTATE_ABSENT,PINSTATE_UNKNOWN,num_apps=0,gsm_id=-1,cdma_id=-1,ims_id=-1} [SUB0]
07-10 11:56:10.091  2442  2442 D GsmSMSDispatcher: GsmSMSDispatcher: subId = 2147483643 slotId = 0
07-10 11:56:10.091  2442  2442 D IccCardProxy: setExternalState: !override and newstate unchanged from UNKNOWN
07-10 11:56:10.091  2442  2712 D QtiSubscriptionController: getPhoneId, received dummy subId 2147483643
07-10 11:56:10.092  2442  2442 D IccCardProxy: setExternalState: !override and newstate unchanged from UNKNOWN
07-10 11:56:10.092  2442  2442 D QtiGsmCdmaPhone: handleMessage: Event: 1
07-10 11:56:10.093  2442  2442 D RILJ    : [3660]> BASEBAND_VERSION [SUB0]
07-10 11:56:10.095  2442  2442 D RILJ    : [3661]> RIL_REQUEST_DEVICE_IDENTITY [SUB0]
07-10 11:56:10.097  2442  2442 D RILJ    : [3662]> RIL_REQUEST_GET_RADIO_CAPABILITY [SUB0]
07-10 11:56:10.097  2442  2442 D RILJ    : [3663]> RIL_REQUEST_START_LCE reportIntervalMs = 200 pullMode = true [SUB0]
07-10 11:56:10.098  2442  2442 D QtiGsmCdmaPhone: handleMessage: Event: 8
07-10 11:56:10.098  2442  2442 D GsmCdmaPhone: [GsmCdmaPhone] Event EVENT_RADIO_OFF_OR_NOT_AVAILABLE Received
07-10 11:56:10.098  2442  2442 D QtiGsmCdmaPhone: handleMessage: Event: 41
07-10 11:56:10.098  2442  2442 D IccCardProxy: setExternalState: !override and newstate unchanged from UNKNOWN
07-10 11:56:10.098  2442  2442 D SST     : mDeviceShuttingDown=false, mDesiredPowerState=true, getRadioState=RADIO_OFF, mPowerOffDelayNeed=true, mAlarmSwitch=false, mRadioDisabledByCarrier=false
07-10 11:56:10.099  2442  2442 D RILJ    : [3664]> RADIO_POWER on = true [SUB0]
07-10 11:56:10.099  2442  2442 D SST     : pollState: modemTriggered=true
07-10 11:56:10.100  2442  2601 D RILJ    : [3661]< RIL_REQUEST_DEVICE_IDENTITY {865843024982891, 00, 00000000, 00000000000000} [SUB0]
07-10 11:56:10.101  2442  2442 D RILJ    : [3665]> OPERATOR [SUB0]
07-10 11:56:10.101  2442  2442 D RILJ    : [3666]> DATA_REGISTRATION_STATE [SUB0]
07-10 11:56:10.102  2442  2442 D RILJ    : [3667]> VOICE_REGISTRATION_STATE [SUB0]
07-10 11:56:10.104  2442  2442 D RILJ    : [3668]> QUERY_NETWORK_SELECTION_MODE [SUB0]
07-10 11:56:10.104  2442  2442 D SST     : mDeviceShuttingDown=false, mDesiredPowerState=true, getRadioState=RADIO_OFF, mPowerOffDelayNeed=true, mAlarmSwitch=false, mRadioDisabledByCarrier=false
07-10 11:56:10.104  1313  1313 D RILC    : setRadioPower: serial 16 on 1
07-10 11:56:10.106  2442  2442 D RILJ    : [3669]> RADIO_POWER on = true [SUB0]
07-10 11:56:10.106  2442  2442 D SST     : pollState: modemTriggered=true
07-10 11:56:10.106  1313  1313 D RILC    : setRadioPower: serial 21 on 1
07-10 11:56:10.107  2442  2442 D RILJ    : [3670]> OPERATOR [SUB0]
07-10 11:56:10.107  1313  1630 I RILQ    : (0/1313):RIL[0][(1313,1630)] qcril_qmi_nas_reset_data_snapshot_cache_and_timer: Resetting snapshot timer
07-10 11:56:10.108  2442  2442 D RILJ    : [3671]> DATA_REGISTRATION_STATE [SUB0]
07-10 11:56:10.109  2442  2442 D RILJ    : [3672]> VOICE_REGISTRATION_STATE [SUB0]
07-10 11:56:10.110  2442  2601 D RILJ    : convertHalRadioCapability: session=0, phase=0, rat=81928, logicModemUuid=0, status=1 [SUB0]
07-10 11:56:10.110  2442  2442 D RILJ    : [3673]> QUERY_NETWORK_SELECTION_MODE [SUB0]
07-10 11:56:10.110  2442  2601 D RILJ    : [3662]< RIL_REQUEST_GET_RADIO_CAPABILITY {mPhoneId = 0 mVersion=1 mSession=0 mPhase=0 mRadioAccessFamily=81928 mLogicModemId=0 mStatus=1} [SUB0]
07-10 11:56:10.110  2442  2601 D RILJ    : [3665]< OPERATOR {, , } [SUB0]
07-10 11:56:10.111  2442  2601 D RILJ    : [3660]< BASEBAND_VERSION 660_GEN_PACK-1.153823.1.154414.1 [SUB0]
07-10 11:56:10.112  2442  2601 D RILJ    : [3666]< DATA_REGISTRATION_STATE {.regState = NOT_REG_MT_NOT_SEARCHING_OP, .rat = 0, .reasonDataDenied = 0, .maxDataCalls = 20, .cellIdentity = {.cellInfoType = NONE, .cellIdentityGsm = [], .cellIdentityWcdma = [], .cellIdentityCdma = [], .cellIdentityLte = [], .cellIdentityTdscdma = []}} [SUB0]
07-10 11:56:10.112  2442  2442 I CSST    : PrefNetworkNotification: sendMessage() w/values: ,false,-1,false,false
07-10 11:56:10.113  1313  1630 I RILQ    : (0/1313):RIL[0][(1313,1630)] qcril_qmi_nas_reset_data_snapshot_cache_and_timer: Resetting snapshot timer
07-10 11:56:10.113  2442  2442 I CSST    : canceling notifications: 1000
07-10 11:56:10.113  2442  2442 D Phone   : isWifiCallingEnabled =false
07-10 11:56:10.113  2442  2442 D CSST    : isPhoneRegisteredForWifiCalling: false
07-10 11:56:10.113  2442  2442 D Phone   : isWifiCallingEnabled =false
07-10 11:56:10.113  2442  2442 I CSST    : EmergencyNetworkNotification: sendMessage() w/values: ,false,-1,false,false
07-10 11:56:10.113  2442  2442 I CSST    : canceling notifications: 1001
07-10 11:56:10.114  2442  2442 I CSST    : PrefNetworkNotification: sendMessage() w/values: ,false,-1,false,false
07-10 11:56:10.115  2442  2442 I CSST    : canceling notifications: 1000
07-10 11:56:10.115  2442  2442 D Phone   : isWifiCallingEnabled =false
07-10 11:56:10.115  2442  2442 D CSST    : isPhoneRegisteredForWifiCalling: false
07-10 11:56:10.115  2442  2442 D Phone   : isWifiCallingEnabled =false
07-10 11:56:10.115  2442  2442 I CSST    : EmergencyNetworkNotification: sendMessage() w/values: ,false,-1,false,false
07-10 11:56:10.115  2442  2442 I CSST    : canceling notifications: 1001
07-10 11:56:10.117  2442  2601 D RILJ    : [3663]< RIL_REQUEST_START_LCE [1, 0] [SUB0]
07-10 11:56:10.118  2442  2442 D QtiGsmDCT: [0]QtiDcTracker handleMessage msg={ when=-865ms what=270369 obj=android.os.AsyncResult@e5dde45 target=com.qualcomm.qti.internal.telephony.dataconnection.QtiDcTracker }
07-10 11:56:10.119  2442  2442 D use-Rlog/RLOG-QC_RIL_OEM_HOOK: QcrilMsgTunnelService Connected Successfully (onServiceConnected)
07-10 11:56:10.119  2442  2442 D use-Rlog/RLOG-QC_RIL_OEM_HOOK: Calling onQcRilHookReady callback
07-10 11:56:10.119  2442  2442 D QtiRilInterface: Service ready, notifying registrants
07-10 11:56:10.119  2442  2442 D QtiGsmDCT: [0]QtiDcTracker handleMessage msg={ when=-838ms what=270337 obj=android.os.AsyncResult@60ed99a target=com.qualcomm.qti.internal.telephony.dataconnection.QtiDcTracker }
07-10 11:56:10.120  2442  2442 D QtiGsmDCT: [0]onRadioAvailable
07-10 11:56:10.120  2442  2442 D QtiGsmDCT: [0]QtiDcTracker handleMessage msg={ when=-838ms what=270342 obj=android.os.AsyncResult@1bbc2cb target=com.qualcomm.qti.internal.telephony.dataconnection.QtiDcTracker }
07-10 11:56:10.120  2442  2442 D QtiGsmDCT: [0]onRadioOffOrNotAvailable: is off and clean up all connections
07-10 11:56:10.120  2442  2442 D QtiGsmDCT: [0]cleanUpAllConnections: tearDown=false reason=radioTurnedOff
07-10 11:56:10.120  2442  2442 D GsmCdmaPhone: [GsmCdmaPhone] getDataConnectionState apnType=default ret=DISCONNECTED
07-10 11:56:10.121  2442  2601 D RILJ    : [3667]< VOICE_REGISTRATION_STATE {.regState = NOT_REG_MT_SEARCHING_OP, .rat = 0, .cssSupported = false, .roamingIndicator = -1, .systemIsInPrl = -1, .defaultRoamingIndicator = -1, .reasonForDenial = 0, .cellIdentity = {.cellInfoType = NONE, .cellIdentityGsm = [], .cellIdentityWcdma = [], .cellIdentityCdma = [], .cellIdentityLte = [], .cellIdentityTdscdma = []}} [SUB0]
07-10 11:56:10.121  2442  2601 D RILJ    : [3668]< QUERY_NETWORK_SELECTION_MODE {0} [SUB0]
07-10 11:56:10.122  2442  2601 D RILJ    : [3670]< OPERATOR {, , } [SUB0]
07-10 11:56:10.122  1313  1630 I RILQ    : (0/1313):RIL[0][(1313,1630)] qcril_qmi_nas_reset_data_snapshot_cache_and_timer: Resetting snapshot timer
07-10 11:56:10.122  2442  2442 D QtiGsmDCT: [0]isEmergency: result=false
07-10 11:56:10.123  2442  2601 D RILJ    : [3671]< DATA_REGISTRATION_STATE {.regState = NOT_REG_MT_SEARCHING_OP, .rat = 0, .reasonDataDenied = 0, .maxDataCalls = 20, .cellIdentity = {.cellInfoType = NONE, .cellIdentityGsm = [], .cellIdentityWcdma = [], .cellIdentityCdma = [], .cellIdentityLte = [], .cellIdentityTdscdma = []}} [SUB0]
07-10 11:56:10.125  2442  2442 D QtiSubscriptionController: getPhoneId, received dummy subId 2147483643
07-10 11:56:10.127  2442  2442 D QtiSubscriptionController: getPhoneId, received dummy subId 2147483643
07-10 11:56:10.128  2442  2442 D QtiGsmDCT: [0]cleanUpConnection: X tearDown=false reason=radioTurnedOff apnContext={mApnType=default mState=IDLE mWaitingApns={null} mApnSetting={null} mReason=radioTurnedOff mDataEnabled=false mDependencyMet=true} dcac=null
07-10 11:56:10.129  2442  2442 D GsmCdmaPhone: [GsmCdmaPhone] getDataConnectionState apnType=mms ret=DISCONNECTED
07-10 11:56:10.129  2442  2462 D QtiSubscriptionController: getPhoneId, received dummy subId 2147483643
07-10 11:56:10.132  2442  2442 D QtiGsmDCT: [0]isEmergency: result=false
07-10 11:56:10.134  2442  2442 D QtiSubscriptionController: getPhoneId, received dummy subId 2147483643
07-10 11:56:10.135  2442  2442 D QtiSubscriptionController: getPhoneId, received dummy subId 2147483643
07-10 11:56:10.136  2442  2712 D QtiSubscriptionController: getPhoneId, received dummy subId 2147483643
07-10 11:56:10.136  2442  2442 D QtiGsmDCT: [0]cleanUpConnection: X tearDown=false reason=radioTurnedOff apnContext={mApnType=mms mState=IDLE mWaitingApns={null} mApnSetting={null} mReason=radioTurnedOff mDataEnabled=false mDependencyMet=true} dcac=null
07-10 11:56:10.136  2442  2442 D GsmCdmaPhone: [GsmCdmaPhone] getDataConnectionState apnType=cbs ret=DISCONNECTED
07-10 11:56:10.136  1313  1630 I RILQ    : (0/1313):RIL[0][(1313,1630)] qcril_qmi_nas_reset_data_snapshot_cache_and_timer: Resetting snapshot timer
07-10 11:56:10.137  2442  2712 D QtiSubscriptionController: getPhoneId, received dummy subId 2147483643
07-10 11:56:10.138  2442  2442 D QtiGsmDCT: [0]isEmergency: result=false
07-10 11:56:10.138  2442  2712 D QtiSubscriptionController: getPhoneId, received dummy subId 2147483643
07-10 11:56:10.139  2442  2601 D RILJ    : [3672]< VOICE_REGISTRATION_STATE {.regState = NOT_REG_MT_SEARCHING_OP, .rat = 0, .cssSupported = false, .roamingIndicator = -1, .systemIsInPrl = -1, .defaultRoamingIndicator = -1, .reasonForDenial = 0, .cellIdentity = {.cellInfoType = NONE, .cellIdentityGsm = [], .cellIdentityWcdma = [], .cellIdentityCdma = [], .cellIdentityLte = [], .cellIdentityTdscdma = []}} [SUB0]
07-10 11:56:10.139  2442  2442 D QtiSubscriptionController: getPhoneId, received dummy subId 2147483643
07-10 11:56:10.139  2442  2712 D QtiSubscriptionController: getPhoneId, received dummy subId 2147483643
07-10 11:56:10.140  2442  2442 D QtiSubscriptionController: getPhoneId, received dummy subId 2147483643
07-10 11:56:10.141  2442  2442 D QtiGsmDCT: [0]cleanUpConnection: X tearDown=false reason=radioTurnedOff apnContext={mApnType=cbs mState=IDLE mWaitingApns={null} mApnSetting={null} mReason=radioTurnedOff mDataEnabled=false mDependencyMet=true} dcac=null
07-10 11:56:10.142  2442  2442 D GsmCdmaPhone: [GsmCdmaPhone] getDataConnectionState apnType=fota ret=DISCONNECTED
07-10 11:56:10.143  2442  2712 D QtiSubscriptionController: getPhoneId, received dummy subId 2147483643
07-10 11:56:10.144  2442  2442 D QtiGsmDCT: [0]isEmergency: result=false
07-10 11:56:10.146  2442  2442 D QtiSubscriptionController: getPhoneId, received dummy subId 2147483643
07-10 11:56:10.146  2442  2601 D RILJ    : [3673]< QUERY_NETWORK_SELECTION_MODE {0} [SUB0]
07-10 11:56:10.147  2442  2712 D QtiSubscriptionController: getPhoneId, received dummy subId 2147483643
07-10 11:56:10.152  2442  2442 D QtiSubscriptionController: getPhoneId, received dummy subId 2147483643
07-10 11:56:10.154  2442  2442 D QtiGsmDCT: [0]cleanUpConnection: X tearDown=false reason=radioTurnedOff apnContext={mApnType=fota mState=IDLE mWaitingApns={null} mApnSetting={null} mReason=radioTurnedOff mDataEnabled=false mDependencyMet=true} dcac=null
07-10 11:56:10.154  2442  2442 D GsmCdmaPhone: [GsmCdmaPhone] getDataConnectionState apnType=supl ret=DISCONNECTED
07-10 11:56:10.155  2442  2712 D QtiSubscriptionController: getPhoneId, received dummy subId 2147483643
07-10 11:56:10.156  2442  2442 D QtiGsmDCT: [0]isEmergency: result=false
07-10 11:56:10.157  2442  2442 D QtiSubscriptionController: getPhoneId, received dummy subId 2147483643
07-10 11:56:10.158  2442  2442 D QtiSubscriptionController: getPhoneId, received dummy subId 2147483643
07-10 11:56:10.159  1313  1630 I RILQ    : (0/1313):RIL[0][(1313,1630)] qcril_qmi_nas_reset_data_snapshot_cache_and_timer: Resetting snapshot timer
07-10 11:56:10.159  2442  2442 D QtiGsmDCT: [0]cleanUpConnection: X tearDown=false reason=radioTurnedOff apnContext={mApnType=supl mState=IDLE mWaitingApns={null} mApnSetting={null} mReason=radioTurnedOff mDataEnabled=false mDependencyMet=true} dcac=null
07-10 11:56:10.159  2442  2442 D GsmCdmaPhone: [GsmCdmaPhone] getDataConnectionState apnType=emergency ret=DISCONNECTED
07-10 11:56:10.160  1313  1630 I RILQ    : (0/1313):RIL[0][(1313,1630)] qcril_qmi_nas_reset_data_snapshot_cache_and_timer: Resetting snapshot timer
07-10 11:56:10.162  2442  2442 D QtiGsmDCT: [0]isEmergency: result=false
07-10 11:56:10.163  2442  2442 D QtiSubscriptionController: getPhoneId, received dummy subId 2147483643
07-10 11:56:10.165  2442  2442 D QtiSubscriptionController: getPhoneId, received dummy subId 2147483643
07-10 11:56:10.166  1313  1630 I RILQ    : (0/1313):RIL[0][(1313,1630)] qcril_qmi_nas_dms_op_state_update_handler: reported op mode ONLINE
07-10 11:56:10.166  1313  1630 I RILQ    : (0/1313):RIL[0][(1313,1630)] qcril_qmi_nas_dms_op_state_update_handler: expected op mode ONLINE
07-10 11:56:10.167  2442  2442 D QtiGsmDCT: [0]cleanUpConnection: X tearDown=false reason=radioTurnedOff apnContext={mApnType=emergency mState=IDLE mWaitingApns={null} mApnSetting={null} mReason=radioTurnedOff mDataEnabled=false mDependencyMet=true} dcac=null
07-10 11:56:10.167  2442  2442 D GsmCdmaPhone: [GsmCdmaPhone] getDataConnectionState apnType=dun ret=DISCONNECTED
07-10 11:56:10.168  2442  2601 D RILJ    : Unsol response received; Sending ack to ril.cpp [SUB0]
07-10 11:56:10.168  2442  2601 D RILJ    : [UNSL]< UNSOL_RESPONSE_NETWORK_STATE_CHANGED [SUB0]
07-10 11:56:10.169  2442  2462 D QtiSubscriptionController: getPhoneId, received dummy subId 2147483643
07-10 11:56:10.169  2442  2442 D QtiGsmDCT: [0]isEmergency: result=false
07-10 11:56:10.169  1313  1630 I RILQ    : (0/1313):RIL[0][(1313,1630)] qcril_qmi_nas_reset_data_snapshot_cache_and_timer: Resetting snapshot timer
07-10 11:56:10.169  2442  2442 D QtiSubscriptionController: getPhoneId, received dummy subId 2147483643
07-10 11:56:10.170  2442  2442 D QtiSubscriptionController: getPhoneId, received dummy subId 2147483643
07-10 11:56:10.170  1313  3128 D RILC    : setRadioPowerResponse: serial 16
07-10 11:56:10.171  1313  3128 D RILC    : setRadioPowerResponse: serial 21
07-10 11:56:10.171  2442  2601 D RILJ    : [3664]< RADIO_POWER  [SUB0]
07-10 11:56:10.171  2442  2601 D RILJ    : [3669]< RADIO_POWER  [SUB0]
07-10 11:56:10.173  2442  2601 D RILJ    : Unsol response received; Sending ack to ril.cpp [SUB0]
07-10 11:56:10.173  2442  2601 V RILJ    : [UNSL]< UNSOL_OEM_HOOK_RAW 514f454d484f4f4bf2030800040000000050c011 [SUB0]
07-10 11:56:10.178  2442  2601 D RILJ    : Unsol response received; Sending ack to ril.cpp [SUB0]
07-10 11:56:10.179  2442  2601 D RILJ    : [UNSL]< UNSOL_RESPONSE_NETWORK_STATE_CHANGED [SUB0]
07-10 11:56:10.182  2442  2442 D QtiGsmDCT: [0]cleanUpConnection: X tearDown=false reason=radioTurnedOff apnContext={mApnType=dun mState=IDLE mWaitingApns={null} mApnSetting={null} mReason=radioTurnedOff mDataEnabled=false mDependencyMet=true} dcac=null
07-10 11:56:10.182  2442  2442 D GsmCdmaPhone: [GsmCdmaPhone] getDataConnectionState apnType=hipri ret=DISCONNECTED
07-10 11:56:10.186  2442  2442 D QtiGsmDCT: [0]isEmergency: result=false
07-10 11:56:10.187  1313  1630 I RILQ    : (0/1313):RIL[0][(1313,1630)] qcril_qmi_nas_evaluate_custom_emergency_numbers_for_card: cur_status 0, card_state 9
07-10 11:56:10.187  1313  1630 E RILQ    : (0/1313): RIL[0][(1313,1630)] get_ecc_property_name: ecc list name : ril.ecclist.
07-10 11:56:10.189  2442  2442 D QtiSubscriptionController: getPhoneId, received dummy subId 2147483643
07-10 11:56:10.190  1313  1630 I RILQ    : (0/1313):RIL[0][(1313,1630)] qcril_qmi_nas_evaluate_custom_emergency_numbers_for_card: cur_status 0, card_state 9
07-10 11:56:10.190  1313  1630 E RILQ    : (0/1313): RIL[0][(1313,1630)] get_ecc_property_name: ecc list name : ril.ecclist.
07-10 11:56:10.191  2442  2442 D QtiSubscriptionController: getPhoneId, received dummy subId 2147483643
07-10 11:56:10.193  2442  2442 D QtiGsmDCT: [0]cleanUpConnection: X tearDown=false reason=radioTurnedOff apnContext={mApnType=hipri mState=IDLE mWaitingApns={null} mApnSetting={null} mReason=radioTurnedOff mDataEnabled=false mDependencyMet=true} dcac=null
07-10 11:56:10.194  2442  2442 D GsmCdmaPhone: [GsmCdmaPhone] getDataConnectionState apnType=ims ret=DISCONNECTED
07-10 11:56:10.196  2442  2442 D QtiGsmDCT: [0]isEmergency: result=false
07-10 11:56:10.197  2442  2442 D QtiSubscriptionController: getPhoneId, received dummy subId 2147483643
07-10 11:56:10.198  2442  2442 D QtiSubscriptionController: getPhoneId, received dummy subId 2147483643
07-10 11:56:10.200  2442  2442 D QtiGsmDCT: [0]cleanUpConnection: X tearDown=false reason=radioTurnedOff apnContext={mApnType=ims mState=IDLE mWaitingApns={null} mApnSetting={null} mReason=radioTurnedOff mDataEnabled=false mDependencyMet=true} dcac=null
07-10 11:56:10.201  2442  2442 D QtiGsmDCT: [0]stopNetStatPoll
07-10 11:56:10.203  2442  2442 D QtiSubscriptionController: getPhoneId, received dummy subId 2147483643
07-10 11:56:10.203  2442  2442 D QtiGsmDCT: [0]cleanUpConnection: mDisconnectPendingCount = 0
07-10 11:56:10.213  2442  2442 D QtiGsmDCT: [0]isEmergency: result=false
07-10 11:56:10.215  1313  1630 D RILC    : radioStateChangedInd: radioState 10
07-10 11:56:10.216  2442  2601 D RILJ    : Unsol response received; Sending ack to ril.cpp [SUB0]
07-10 11:56:10.216  2442  2601 D RILJ    : [UNSL]< UNSOL_RESPONSE_RADIO_STATE_CHANGED radioStateChanged: RADIO_ON [SUB0]
