07-10 11:56:20.369  2236  2236 I sysui_multi_action: [757,491,758,1,759,491,833,0,927,11,928,0]
07-10 11:56:20.369  2236  2236 I sysui_view_visibility: [111,100]
07-10 11:56:20.369  2236  2236 I sysui_multi_action: [757,111,758,1]
07-10 11:56:20.370  2236  2236 I sysui_multi_action: [757,126,758,1,759,126,833,1,927,0,928,1]
07-10 11:56:20.370  2236  2236 I sysui_multi_action: [757,115,758,1,759,115,833,1,927,1,928,0]
07-10 11:56:20.370  2236  2236 I sysui_multi_action: [757,113,758,1,759,113,833,1,927,2,928,0]
07-10 11:56:20.370  2236  2236 I sysui_multi_action: [757,122,758,1,759,122,833,1,927,3,928,0]
07-10 11:56:20.370  2236  2236 I sysui_multi_action: [757,116,758,1,759,116,833,1,927,4,928,0]
07-10 11:56:20.370  2236  2236 I sysui_multi_action: [757,119,758,1,759,119,833,1,927,5,928,0]
07-10 11:56:20.411  1978  2975 I am_proc_bound: [0,4214,com.generalmobile.storeoid]
07-10 11:56:20.758  1978  2012 I am_uid_running: 10071
07-10 11:56:20.788  1978  2012 I am_proc_start: [0,4252,10071,com.google.android.apps.maps,broadcast,com.google.android.apps.maps/com.google.android.apps.gmm.navigation.service.detection.StartDetectionReceiver]
07-10 11:56:20.839  1978  2258 I am_proc_bound: [0,4252,com.google.android.apps.maps]
07-10 11:56:20.968  3026  4074 I google_http_request: [234,200,Android-Finsky/10.6.08-all%20%5B0%5D%20%5BPR%5D%20200628961 (api=3,versionCode=81060800,sdk=27,device=GM9PRO_sprout,hardware=qcom,product=GM9PRO,platformVersionRelease=8.1.0,model=GM%209%20Pro,buildId=OPM1.171019.019,isWideScreen=0,supportedAbis=arm64-v8a;armeabi-v7a;armeabi),1]
07-10 11:56:21.330  4252  4289 I dvm_lock_sample: [com.google.android.apps.maps,0,DefaultPool7,95,PG,2835,com.google.android.apps.gmm.af.c.g com.google.android.apps.gmm.base.p.b.a.ai(),-,335,void com.google.at.a.a.dn.<init>(java.lang.String, int, int),19]
07-10 11:56:21.442  1978  2388 I battery_status: [4,2,1,0,Li-ion]
07-10 11:56:21.442  1978  2388 I battery_level: [53,3778,350]
07-10 11:56:21.661  1978  3053 I am_proc_start: [0,4305,10026,com.android.vending:instant_app_installer,service,com.android.vending/com.google.android.finsky.instantapps.statussync.StatusSyncService]
07-10 11:56:21.707  1978  2975 I am_proc_bound: [0,4305,com.android.vending:instant_app_installer]
07-10 11:56:21.720  1978  3053 I am_uid_running: 10072
07-10 11:56:21.746  1978  3053 I am_proc_start: [0,4326,10072,com.google.android.apps.messaging,broadcast,com.google.android.apps.messaging/.shared.receiver.BootAndPackageReplacedReceiver]
07-10 11:56:21.787  1978  3053 I am_proc_bound: [0,4326,com.google.android.apps.messaging]
07-10 11:56:21.946  1978  3053 I battery_status: [2,2,1,0,Li-ion]
07-10 11:56:22.145  1978  3058 I battery_discharge: [19741,54,53]
07-10 11:56:22.145  1978  3058 I battery_status: [2,2,1,2,Li-ion]
07-10 11:56:22.234  1978  2975 I dvm_lock_sample: [system_server,1,Binder:1978_9,28,BatteryStatsService.java,443,void com.android.server.am.BatteryStatsService.noteStopWakelock(int, int, java.lang.String, java.lang.String, int),BatteryExternalStatsWorker.java,254,void com.android.server.am.BatteryExternalStatsWorker.updateExternalStatsLocked(java.lang.String, int),5]
07-10 11:56:22.400  1978  1978 I notification_enqueue: [1000,1978,android,32,NULL,-1,Notification(channel=USB pri=0 contentView=null vibrate=null sound=null tick defaults=0x0 flags=0x2 color=0xff607d8b vis=PUBLIC),0]
07-10 11:56:22.407  1978  1978 I notification_enqueue: [1000,1978,android,26,NULL,-1,Notification(channel=DEVELOPER pri=0 contentView=null vibrate=null sound=null tick defaults=0x0 flags=0x2 color=0xff607d8b vis=PUBLIC),0]
07-10 11:56:22.546  1978  3058 I dvm_lock_sample: [system_server,1,Binder:1978_E,6,ActivityManagerService.java,18895,android.content.Intent com.android.server.am.ActivityManagerService.registerReceiver(android.app.IApplicationThread, java.lang.String, android.content.IIntentReceiver, android.content.IntentFilter, java.lang.String, int, int),-,18593,int com.android.server.am.ActivityManagerService.bindService(android.app.IApplicationThread, android.os.IBinder, android.content.Intent, java.lang.String, android.app.IServiceConnection, int, java.lang.String, int),1]
07-10 11:56:22.560  1978  2388 I notification_expansion: [-1|android|26|null|1000,0,1,156,156,0]
07-10 11:56:22.584  1978  3058 I sysui_multi_action: [757,128,758,1,793,180,794,0,795,180,796,26,798,0,806,android,857,DEVELOPER,858,2,947,0]
07-10 11:56:22.584  1978  3058 I sysui_histogram: [note_freshness,180]
07-10 11:56:22.584  1978  3058 I sysui_multi_action: [757,804,799,note_freshness,801,180,802,1]
07-10 11:56:22.584  1978  3058 I notification_visibility: [-1|android|26|null|1000,1,180,180,0,0]
07-10 11:56:22.585  1978  3058 I sysui_multi_action: [757,128,758,1,793,187,794,0,795,187,796,32,798,1,806,android,857,USB,858,1,947,0]
07-10 11:56:22.585  1978  3058 I sysui_histogram: [note_freshness,187]
07-10 11:56:22.585  1978  3058 I sysui_multi_action: [757,804,799,note_freshness,801,187,802,1]
07-10 11:56:22.585  1978  3058 I notification_visibility: [-1|android|32|null|1000,1,187,187,0,1]
07-10 11:56:22.965  2236  2356 I sysui_multi_action: [757,1093,758,4,793,5854,1094,9486336,1095,6]
07-10 11:56:22.983  1978  3053 I am_proc_start: [0,4425,10072,com.google.android.apps.messaging:rcs,broadcast,com.google.android.apps.messaging/com.google.android.ims.receiver.AutoStartReceiver]
07-10 11:56:23.054  1978  3053 I am_proc_bound: [0,4425,com.google.android.apps.messaging:rcs]
07-10 11:56:23.290   825   825 I auditd  : type=1400 audit(0.0:35): avc: denied { dac_override } for comm="usb@1.0-service" capability=1 scontext=u:r:hal_usb_default:s0 tcontext=u:r:hal_usb_default:s0 tclass=capability permissive=0
07-10 11:56:23.551  1978  3053 I am_uid_running: 10025
07-10 11:56:23.580  1978  3053 I am_proc_start: [0,4457,10025,com.google.android.apps.work.oobconfig,broadcast,com.google.android.apps.work.oobconfig/.BootCompletedReceiver]
07-10 11:56:23.608  1978  3053 I am_proc_bound: [0,4457,com.google.android.apps.work.oobconfig]
07-10 11:56:23.887  1978  2033 I am_kill : [0,4457,com.google.android.apps.work.oobconfig,0,change com.google.android.apps.work.oobconfig]
07-10 11:56:23.888  1978  2033 I am_broadcast_discard_app: [0,78901724,android.intent.action.BOOT_COMPLETED,58,ResolveInfo{e774a2a com.google.android.apps.work.oobconfig/.BootCompletedReceiver m=0x108000}]
07-10 11:56:23.926  1978  2012 I am_uid_running: 10050
07-10 11:56:23.957  1978  2012 I am_proc_start: [0,4494,10050,com.google.android.calendar,broadcast,com.google.android.calendar/.alerts.HabitsIntentReceiver]
07-10 11:56:23.960  1978  2463 I sysui_multi_action: [757,128,758,3,793,1563,794,1376,795,1563,796,32,806,android,857,USB,858,1,947,0]
07-10 11:56:23.960  1978  2463 I notification_expansion: [-1|android|32|null|1000,1,1,1563,1563,1376]
07-10 11:56:23.960  2236  2236 I sysui_action: [407,true]
07-10 11:56:23.960  2236  2236 I sysui_multi_action: [757,407,758,4,759,1]
07-10 11:56:23.980  1978  1978 I auditd  : type=1400 audit(0.0:37): avc: denied { write } for comm="Binder:1978_7" name="timerslack_ns" dev="proc" ino=38653 scontext=u:r:system_server:s0 tcontext=u:r:hal_audio_default:s0 tclass=file permissive=0
07-10 11:56:24.002  1978  3058 I am_proc_bound: [0,4494,com.google.android.calendar]
07-10 11:56:24.018  1978  1978 I notification_cancel_all: [1000,1978,com.google.android.apps.work.oobconfig,0,0,0,5,NULL]
07-10 11:56:24.035  1978  2011 I am_pss  : [2229,10070,com.google.android.inputmethod.latin,29004800,25681920,0]
07-10 11:56:24.480   825   825 I auditd  : type=1400 audit(0.0:38): avc: denied { dac_override } for comm="usb@1.0-service" capability=1 scontext=u:r:hal_usb_default:s0 tcontext=u:r:hal_usb_default:s0 tclass=capability permissive=0
07-10 11:56:24.675  1978  3058 I sysui_multi_action: [757,128,758,2,793,2271,794,2091,795,2271,796,26,798,0,806,android,857,DEVELOPER,858,2,947,0]
07-10 11:56:24.676  1978  3058 I notification_visibility: [-1|android|26|null|1000,0,2271,2271,0,0]
07-10 11:56:24.676  1978  3058 I sysui_multi_action: [757,128,758,2,793,2279,794,2092,795,2279,796,32,798,1,806,android,857,USB,858,1,947,0]
07-10 11:56:24.676  1978  3058 I notification_visibility: [-1|android|32|null|1000,0,2279,2279,0,1]
07-10 11:56:24.677  1978  2001 I sysui_view_visibility: [127,0]
07-10 11:56:24.677  1978  2001 I sysui_multi_action: [757,127,758,2]
07-10 11:56:24.677  1978  2001 I notification_panel_hidden: 
07-10 11:56:24.689  1978  2001 I wm_stack_created: 1
07-10 11:56:24.690  1978  2001 I wm_task_created: [50,1]
07-10 11:56:24.690  1978  2001 I wm_task_moved: [50,1,0]
07-10 11:56:24.691  1978  2001 I am_focused_stack: [0,1,0,reuseOrNewTask]
07-10 11:56:24.692  1978  2001 I wm_task_moved: [50,1,0]
07-10 11:56:24.692  1978  2001 I am_create_task: [0,50]
07-10 11:56:24.693  1978  2001 I am_create_activity: [0,31626345,50,com.android.settings/.deviceinfo.UsbModeChooserActivity,android.intent.action.MAIN,NULL,NULL,276856832]
07-10 11:56:24.693  1978  2001 I wm_task_moved: [50,1,0]
07-10 11:56:24.696  1978  2001 I am_pause_activity: [0,256988635,com.android.launcher3/com.android.searchlauncher.SearchLauncher]
07-10 11:56:24.696  2960  2960 I am_on_paused_called: [0,com.android.searchlauncher.SearchLauncher,handlePauseActivity]
07-10 11:56:24.698  1978  3049 I sysui_multi_action: [757,128,758,4,793,2301,794,2114,795,2301,796,32,806,android,857,USB,858,1,947,0]
07-10 11:56:24.698  1978  3049 I notification_clicked: [-1|android|32|null|1000,2301,2301,2114]
07-10 11:56:24.699  1978  1978 I sysui_histogram: [note_click_longevity,0]
07-10 11:56:24.699  1978  1978 I sysui_multi_action: [757,804,799,note_click_longevity,801,0,802,1]
07-10 11:56:24.711  1978  2463 I am_restart_activity: [0,31626345,50,com.android.settings/.deviceinfo.UsbModeChooserActivity]
07-10 11:56:24.713  1978  2463 I am_set_resumed_activity: [0,com.android.settings/.deviceinfo.UsbModeChooserActivity,minimalResumeActivityLocked]
07-10 11:56:24.717  1978  2012 I sysui_count: [window_time_0,15]
07-10 11:56:24.717  1978  2012 I sysui_multi_action: [757,803,799,window_time_0,802,15]
07-10 11:56:24.736  1978  2258 I am_uid_running: 10006
07-10 11:56:24.753  1978  2258 I am_proc_start: [0,4540,10006,com.google.android.configupdater,broadcast,com.google.android.configupdater/.MainReceiver]
07-10 11:56:24.780  2468  2468 I am_on_resume_called: [0,com.android.settings.deviceinfo.UsbModeChooserActivity,LAUNCH_ACTIVITY]
07-10 11:56:24.781  1978  3049 I am_proc_bound: [0,4540,com.google.android.configupdater]
07-10 11:56:24.842  2236  2356 I sysui_multi_action: [757,1093,758,4,793,1877,1094,9486336,1095,6]
07-10 11:56:24.913  1978  2026 I am_activity_launch_time: [0,31626345,com.android.settings/.deviceinfo.UsbModeChooserActivity,204,204]
07-10 11:56:24.917  1978  2026 I sysui_multi_action: [319,225,322,223,325,55,757,761,758,8,759,2,806,com.android.settings,871,com.android.settings.deviceinfo.UsbModeChooserActivity,904,android,905,0]
07-10 11:56:24.917  1978  2001 I dvm_lock_sample: [system_server,1,Binder:1978_2,7,ActivityManagerService.java,24603,int com.android.server.am.ActivityManagerService.getLastResumedActivityUserId(),BroadcastQueue.java,821,void com.android.server.am.BroadcastQueue.processNextBroadcast(boolean),1]
07-10 11:56:25.002  1978  2463 I am_uid_running: 10016
07-10 11:56:25.021  1978  2463 I am_proc_start: [0,4583,10016,com.google.android.contacts,broadcast,com.google.android.contacts/com.google.android.apps.contacts.interactions.OnBootOrUpgradeReceiver]
07-10 11:56:25.040  2236  2236 I sysui_view_visibility: [111,0]
07-10 11:56:25.040  2236  2236 I sysui_multi_action: [757,111,758,2]
07-10 11:56:25.040  2236  2236 I sysui_view_visibility: [111,0]
07-10 11:56:25.040  2236  2236 I sysui_multi_action: [757,111,758,2]
07-10 11:56:25.041  1978  2001 I am_proc_bound: [0,4583,com.google.android.contacts]
07-10 11:56:25.295  1978  2001 I am_uid_running: 10059
07-10 11:56:25.312  1978  2001 I am_proc_start: [0,4608,10059,com.google.android.gm,broadcast,com.google.android.gm/.GoogleMailDeviceStartupReceiver]
07-10 11:56:25.353  1978  3058 I am_proc_bound: [0,4608,com.google.android.gm]
07-10 11:56:25.670   825   825 I auditd  : type=1400 audit(0.0:40): avc: denied { dac_override } for comm="usb@1.0-service" capability=1 scontext=u:r:hal_usb_default:s0 tcontext=u:r:hal_usb_default:s0 tclass=capability permissive=0
07-10 11:56:25.807  1978  3049 I am_finish_activity: [0,31626345,50,com.android.settings/.deviceinfo.UsbModeChooserActivity,app-request]
07-10 11:56:25.808  1978  3049 I am_focused_stack: [0,0,1,finishActivity adjustFocus]
07-10 11:56:25.808  1978  3049 I wm_task_moved: [49,1,0]
07-10 11:56:25.810  1978  3049 I am_pause_activity: [0,31626345,com.android.settings/.deviceinfo.UsbModeChooserActivity]
07-10 11:56:25.822  1978  2012 I sysui_count: [window_time_0,1]
07-10 11:56:25.822  1978  2012 I sysui_multi_action: [757,803,799,window_time_0,802,1]
07-10 11:56:25.836  2468  2468 I am_on_paused_called: [0,com.android.settings.deviceinfo.UsbModeChooserActivity,handlePauseActivity]
07-10 11:56:25.837  1978  3049 I am_destroy_activity: [0,31626345,50,com.android.settings/.deviceinfo.UsbModeChooserActivity,finish-imm]
07-10 11:56:25.841  1978  3049 I am_set_resumed_activity: [0,com.android.launcher3/com.android.searchlauncher.SearchLauncher,resumeTopActivityInnerLocked]
07-10 11:56:25.842  1978  3049 I am_resume_activity: [0,256988635,49,com.android.launcher3/com.android.searchlauncher.SearchLauncher]
07-10 11:56:25.907  2468  2468 I am_on_stop_called: [0,com.android.settings.deviceinfo.UsbModeChooserActivity,destroy]
07-10 11:56:25.907  1978  2012 I sysui_count: [window_time_0,0]
07-10 11:56:25.907  1978  2012 I sysui_multi_action: [757,803,799,window_time_0,802,0]
07-10 11:56:25.907  1978  2258 I dvm_lock_sample: [system_server,1,Binder:1978_4,49,ActivityManagerService.java,24603,int com.android.server.am.ActivityManagerService.getLastResumedActivityUserId(),-,7600,void com.android.server.am.ActivityManagerService.activityPaused(android.os.IBinder),9]
07-10 11:56:25.915  1978  2001 I dvm_lock_sample: [system_server,1,Binder:1978_2,8,ActivityManagerService.java,11382,java.lang.String com.android.server.am.ActivityManagerService.checkContentProviderAccess(java.lang.String, int),-,18631,void com.android.server.am.ActivityManagerService.serviceDoneExecuting(android.os.IBinder, int, int, int),1]
07-10 11:56:25.915  2960  2960 I am_on_resume_called: [0,com.android.searchlauncher.SearchLauncher,RESUME_ACTIVITY]
07-10 11:56:26.063  2236  2356 I sysui_multi_action: [757,1093,758,4,793,1221,1094,9486336,1095,6]
07-10 11:56:26.071  1978  2258 I am_uid_active: 10004
07-10 11:56:26.105  1978  2156 I wm_task_removed: [50,removeTask]
07-10 11:56:26.106  1978  2156 I wm_task_removed: [50,removeAppToken: last token]
07-10 11:56:26.106  1978  2156 I wm_stack_removed: 1
07-10 11:56:26.111  1978  2258 I am_uid_running: 10055
07-10 11:56:26.130  1978  2258 I am_proc_start: [0,4684,10055,com.android.chrome,service,com.android.chrome/org.chromium.chrome.browser.customtabs.CustomTabsConnectionService]
07-10 11:56:26.148  1978  2975 I am_uid_running: 10007
07-10 11:56:26.166  1978  2975 I am_proc_start: [0,4691,10007,com.google.android.ims,broadcast,com.google.android.ims/.receivers.BootCompletedReceiver]
07-10 11:56:26.201  1978  2001 I am_proc_bound: [0,4684,com.android.chrome]
07-10 11:56:26.208  1978  1978 I sysui_multi_action: [757,128,758,5,759,8,793,3810,794,3623,795,3810,796,32,806,android,857,USB,858,1,947,0]
07-10 11:56:26.208  1978  1978 I notification_canceled: [-1|android|32|null|1000,8,3810,3810,3623,NULL]
07-10 11:56:26.222  1978  1978 I notification_enqueue: [1000,1978,android,27,NULL,-1,Notification(channel=USB pri=0 contentView=null vibrate=null sound=null tick defaults=0x0 flags=0x2 color=0xff607d8b vis=PUBLIC),0]
07-10 11:56:26.247  1978  2001 I am_proc_bound: [0,4691,com.google.android.ims]
07-10 11:56:26.372  3020  3360 I dvm_lock_sample: [com.google.android.googlequickse,0,NonUserFacing1,148,SourceFile,163,com.google.common.util.concurrent.ListenableFuture com.google.android.apps.gsa.staticplugins.cj.b.au.bph(),-,5,com.google.common.base.at com.google.android.apps.gsa.staticplugins.cj.b.bk.j(java.lang.Boolean),29]
07-10 11:56:26.405  3084  4666 I dvm_lock_sample: [com.google.android.gms,0,[com.google.android.gms.chimera.GmsIntentOperationService$ChimeraService] operation loader,96,:com.google.android.gms@12685025@12.6.85 (040408-197041431),192,deb com.google.android.chimera.container.ConfigurationManager.a(daj),AssetManager.java,-2,int android.content.res.AssetManager.getStringBlockCount(),19]
07-10 11:56:26.554  1978  3837 I am_kill : [0,3098,com.android.keychain,906,empty #31]
07-10 11:56:26.583  1978  2975 I am_proc_died: [0,3098,com.android.keychain,906,17]
07-10 11:56:26.803  1978  2011 I sync    : [com.google.android.gms.auth.accountstate,0,3,1555827538]
07-10 11:56:26.958  1978  2011 I sync    : [com.google.android.gms.auth.accountstate,1,3,1555827538]
07-10 11:56:27.082  1978  2011 I sync    : [com.google.android.gms.auth.api.credentials,0,3,1555827538]
07-10 11:56:27.130  2236  2356 I sysui_multi_action: [757,1093,758,4,793,1066,1094,9486336,1095,6]
07-10 11:56:27.173  1978  2000 I dvm_lock_sample: [system_server,1,Binder:1978_1,5,ActivityManagerService.java,18593,int com.android.server.am.ActivityManagerService.bindService(android.app.IApplicationThread, android.os.IBinder, android.content.Intent, java.lang.String, android.app.IServiceConnection, int, java.lang.String, int),-,12049,void com.android.server.am.ActivityManagerService.removeContentProvider(android.os.IBinder, boolean),1]
07-10 11:56:27.176  3084  4759 I dvm_lock_sample: [com.google.android.gms,0,[dbp] processing com.google.android.gms.checkin.CheckinIntentOperationService for action android.intent.action.BOOT_COMPLETED,5,ActivityThread.java,5947,android.content.IContentProvider android.app.ActivityThread.acquireExistingProvider(android.content.Context, java.lang.String, int, boolean),-,5947,android.content.IContentProvider android.app.ActivityThread.acquireExistingProvider(android.content.Context, java.lang.String, int, boolean),1]
07-10 11:56:27.192  3084  4759 I [70220] : 47122
07-10 11:56:27.390  1978  2975 I am_proc_start: [0,4819,10015,com.google.android.gms.unstable,service,com.google.android.gms/.droidguard.DroidGuardService]
07-10 11:56:27.427  1978  2463 I am_proc_bound: [0,4819,com.google.android.gms.unstable]
07-10 11:56:27.478  3084  4352 I dvm_lock_sample: [com.google.android.gms,0,highpool[2],13,ActivityThread.java,5947,android.content.IContentProvider android.app.ActivityThread.acquireExistingProvider(android.content.Context, java.lang.String, int, boolean),-,5981,boolean android.app.ActivityThread.releaseProvider(android.content.IContentProvider, boolean),2]
07-10 11:56:27.746  1978  2011 I sync    : [com.google.android.gms.chromesync,1,3,1555827538]
07-10 11:56:27.898  1978  2000 I am_proc_start: [0,4869,10066,com.google.android.inputmethod.japanese,broadcast,com.google.android.inputmethod.japanese/com.google.android.apps.inputmethod.libs.framework.core.LauncherIconVisibilityInitializer]
07-10 11:56:27.933  1978  2000 I am_proc_bound: [0,4869,com.google.android.inputmethod.japanese]
07-10 11:56:28.193  1978  2463 I am_proc_start: [0,4912,10015,com.google.android.gms.ui,service,com.google.android.gms/.chimera.UiIntentOperationService]
07-10 11:56:28.252  1978  3049 I am_proc_bound: [0,4912,com.google.android.gms.ui]
07-10 11:56:28.536   637   637 I auditd  : avc:  denied  { find } for interface=vendor.qti.hardware.perf::IPerf pid=3381 scontext=u:r:mediaprovider:s0:c512,c768 tcontext=u:object_r:hal_perf_hwservice:s0 tclass=hwservice_manager permissive=0
07-10 11:56:28.604  1978  2011 I sync    : [subscribedfeeds,0,0,1555827538]
07-10 11:56:28.675  1978  2011 I am_pss  : [2729,1001,com.qualcomm.qcrilmsgtunnel,3272704,2600960,0]
07-10 11:56:28.726  1978  2001 I am_uid_running: 10068
07-10 11:56:28.756  1978  2001 I am_proc_start: [0,4996,10068,com.google.android.inputmethod.korean,broadcast,com.google.android.inputmethod.korean/com.google.android.apps.inputmethod.libs.framework.core.LauncherIconVisibilityInitializer]
07-10 11:56:28.801  1978  2001 I am_proc_bound: [0,4996,com.google.android.inputmethod.korean]
07-10 11:56:29.133  2236  2356 I sysui_multi_action: [757,1093,758,4,793,2004,1094,9486336,1095,6]
07-10 11:56:29.257  1978  3053 I am_kill : [0,3170,com.qualcomm.location.XT,906,empty #31]
07-10 11:56:29.261  1978  2463 I am_uid_running: 10062
07-10 11:56:29.291  1978  2463 I am_proc_start: [0,5049,10062,com.google.android.inputmethod.pinyin,broadcast,com.google.android.inputmethod.pinyin/com.google.android.apps.inputmethod.libs.framework.core.LauncherIconVisibilityInitializer]
07-10 11:56:29.318  1978  3053 I am_proc_died: [0,3170,com.qualcomm.location.XT,906,17]
07-10 11:56:29.481  1978  2388 I wm_stack_created: 1
07-10 11:56:29.482  1978  2388 I wm_task_created: [51,1]
07-10 11:56:29.482  1978  2388 I wm_task_moved: [51,1,0]
07-10 11:56:29.483  1978  2388 I am_focused_stack: [0,1,0,reuseOrNewTask]
07-10 11:56:29.483  1978  2388 I wm_task_moved: [51,1,0]
07-10 11:56:29.483  1978  2388 I am_create_task: [0,51]
07-10 11:56:29.483  1978  2388 I am_create_activity: [0,200920283,51,com.google.android.youtube/.app.honeycomb.Shell$HomeActivity,android.intent.action.MAIN,NULL,NULL,270532608]
07-10 11:56:29.484  1978  2388 I wm_task_moved: [51,1,0]
07-10 11:56:29.487  1978  2388 I am_pause_activity: [0,256988635,com.android.launcher3/com.android.searchlauncher.SearchLauncher]
07-10 11:56:29.493  2960  2960 I am_on_paused_called: [0,com.android.searchlauncher.SearchLauncher,handlePauseActivity]
07-10 11:56:29.518  1978  2388 I am_proc_start: [0,5083,10090,com.google.android.youtube,activity,com.google.android.youtube/.app.honeycomb.Shell$HomeActivity]
07-10 11:56:29.569  1978  2465 I am_proc_bound: [0,5083,com.google.android.youtube]
07-10 11:56:29.574  1978  2465 I am_uid_active: 10090
07-10 11:56:29.574  1978  2465 I am_restart_activity: [0,200920283,51,com.google.android.youtube/.app.honeycomb.Shell$HomeActivity]
07-10 11:56:29.579  1978  2465 I am_set_resumed_activity: [0,com.google.android.youtube/.app.honeycomb.Shell$HomeActivity,minimalResumeActivityLocked]
07-10 11:56:29.622  1978  2011 I am_pss  : [2816,10015,com.google.android.gms.persistent,39610368,31744000,0]
07-10 11:56:29.661  1978  2011 I am_pss  : [2837,10039,com.google.android.googlequicksearchbox:interactor,8588288,4235264,0]
07-10 11:56:30.071  5083  5123 I dvm_lock_sample: [com.google.android.youtube,0,initCrit2-1,26,SourceFile,-1,acfh scj.c(),-,3,android.accounts.Account[] qog.b(java.lang.String),5]
07-10 11:56:30.095  1978  2388 I am_uid_running: 10020
07-10 11:56:30.113  1978  2388 I am_proc_start: [0,5138,10020,com.google.android.onetimeinitializer,broadcast,com.google.android.onetimeinitializer/.OneTimeInitializerReceiver]
07-10 11:56:30.114  1978  3053 I am_kill : [0,3499,com.qualcomm.qti.poweroffalarm,906,empty #31]
07-10 11:56:30.110  4819  4819 I auditd  : type=1400 audit(0.0:42): avc: denied { read } for comm="IntentService[D" name="modules" dev="proc" ino=4026532117 scontext=u:r:priv_app:s0:c512,c768 tcontext=u:object_r:proc_modules:s0 tclass=file permissive=0
07-10 11:56:30.150  1978  3044 I am_proc_died: [0,3499,com.qualcomm.qti.poweroffalarm,906,17]
07-10 11:56:30.156  1978  3044 I am_proc_bound: [0,5138,com.google.android.onetimeinitializer]
07-10 11:56:30.169  1978  2011 I am_pss  : [3084,10015,com.google.android.gms,47301632,39456768,0]
07-10 11:56:30.110  4819  4819 I auditd  : type=1400 audit(0.0:43): avc: denied { read } for comm="Binder:4819_2" name="modules" dev="proc" ino=4026532117 scontext=u:r:priv_app:s0:c512,c768 tcontext=u:object_r:proc_modules:s0 tclass=file permissive=0
07-10 11:56:30.228  1978  2463 I am_uid_running: 10021
07-10 11:56:30.210  4819  4819 I auditd  : type=1400 audit(0.0:44): avc: denied { read } for comm="Binder:4819_2" name="/" dev="tmpfs" ino=12553 scontext=u:r:priv_app:s0:c512,c768 tcontext=u:object_r:device:s0 tclass=dir permissive=0
07-10 11:56:30.263  1978  2463 I am_proc_start: [0,5182,10021,com.google.android.packageinstaller,broadcast,com.google.android.packageinstaller/com.android.packageinstaller.TemporaryFileManager]
07-10 11:56:30.265  1978  2463 I am_kill : [0,2943,com.android.printspooler,906,empty #31]
07-10 11:56:30.277  1978  3053 I am_proc_bound: [0,5182,com.google.android.packageinstaller]
07-10 11:56:30.210  4819  4819 I auditd  : type=1400 audit(0.0:45): avc: denied { read } for comm="Binder:4819_2" name="interrupts" dev="proc" ino=4026532069 scontext=u:r:priv_app:s0:c512,c768 tcontext=u:object_r:proc_interrupts:s0 tclass=file permissive=0
07-10 11:56:30.280  4819  4819 I auditd  : type=1400 audit(0.0:46): avc: denied { read } for comm="IntentService[D" name="/" dev="tmpfs" ino=12553 scontext=u:r:priv_app:s0:c512,c768 tcontext=u:object_r:device:s0 tclass=dir permissive=0
07-10 11:56:30.332  1978  2388 I am_proc_died: [0,2943,com.android.printspooler,906,17]
07-10 11:56:30.332  1978  2388 I am_uid_stopped: 10078
07-10 11:56:30.357  1978  3049 I am_kill : [0,3573,com.duapps.recorder,906,empty #31]
07-10 11:56:30.280  4819  4819 I auditd  : type=1400 audit(0.0:47): avc: denied { read } for comm="IntentService[D" name="interrupts" dev="proc" ino=4026532069 scontext=u:r:priv_app:s0:c512,c768 tcontext=u:object_r:proc_interrupts:s0 tclass=file permissive=0
07-10 11:56:30.406  1978  2001 I am_proc_died: [0,3573,com.duapps.recorder,906,17]
07-10 11:56:30.406  1978  2001 I am_uid_stopped: 10115
07-10 11:56:30.415  1978  2011 I sync    : [subscribedfeeds,1,0,1555827538]
07-10 11:56:30.474  1978  3049 I am_kill : [0,3670,com.sonymobile.androidapp.audiorecorder,906,empty #31]
07-10 11:56:30.506  1978  2258 I am_proc_died: [0,3670,com.sonymobile.androidapp.audiorecorder,906,17]
07-10 11:56:30.507  1978  2258 I am_uid_stopped: 10109
07-10 11:56:30.524  5083  5121 I dvm_lock_sample: [com.google.android.youtube,0,background1-2,271,SourceFile,11,void org.chromium.net.impl.CronetLibraryLoader.a(android.content.Context, aqcx),Runtime.java,-2,java.lang.String java.lang.Runtime.nativeLoad(java.lang.String, java.lang.ClassLoader, java.lang.String),54]
07-10 11:56:30.526  5083  5162 I dvm_lock_sample: [com.google.android.youtube,0,cronetPrio5-1,297,SourceFile,8,java.lang.Object apjg.get(),-,10,void org.chromium.net.impl.CronetUrlRequestContext.<init>(aqcx),59]
07-10 11:56:30.604  1978  1978 I notification_cancel_all: [1000,1978,com.google.android.youtube,0,0,0,17,NULL]
07-10 11:56:30.733  1978  3049 I wm_task_moved: [51,1,0]
07-10 11:56:30.735  1978  3049 I wm_task_moved: [51,1,0]
07-10 11:56:30.736  1978  3049 I am_create_activity: [0,105779218,51,com.google.android.youtube/com.google.android.apps.youtube.app.WatchWhileActivity,android.intent.action.MAIN,NULL,NULL,335544320]
07-10 11:56:30.740  1978  3049 I am_pause_activity: [0,200920283,com.google.android.youtube/.app.honeycomb.Shell$HomeActivity]
07-10 11:56:30.749  1978  2465 I am_finish_activity: [0,200920283,51,com.google.android.youtube/.app.honeycomb.Shell$HomeActivity,app-request]
07-10 11:56:30.751  1978  2012 I sysui_count: [window_time_0,5]
07-10 11:56:30.751  1978  2012 I sysui_multi_action: [757,803,799,window_time_0,802,5]
07-10 11:56:30.845  1978  2001 I am_restart_activity: [0,105779218,51,com.google.android.youtube/com.google.android.apps.youtube.app.WatchWhileActivity]
07-10 11:56:30.845  1978  2001 I am_set_resumed_activity: [0,com.google.android.youtube/com.google.android.apps.youtube.app.WatchWhileActivity,minimalResumeActivityLocked]
07-10 11:56:30.851  1978  2012 I sysui_count: [window_time_0,0]
07-10 11:56:30.851  1978  2012 I sysui_multi_action: [757,803,799,window_time_0,802,0]
07-10 11:56:30.864  1978  2011 I am_pss  : [3234,10084,com.android.smspush,2812928,2224128,0]
07-10 11:56:30.981  1978  2258 I am_uid_running: 10060
07-10 11:56:31.007  1978  2258 I am_proc_start: [0,5266,10060,com.google.process.gapps,broadcast,com.google.android.syncadapters.contacts/.ContactsSyncAdapterBroadcastReceiver]
07-10 11:56:31.045  1978  3049 I am_proc_bound: [0,5266,com.google.process.gapps]
07-10 11:56:31.166  1978  2258 I am_uid_running: 10067
07-10 11:56:31.182  1978  2258 I am_proc_start: [0,5282,10067,com.google.android.talk,broadcast,com.google.android.talk/com.google.android.apps.hangouts.service.broadcastreceiver.BootReceiver]
07-10 11:56:31.199  1978  3049 I am_kill : [0,3716,com.qualcomm.qti.qmmi,906,empty #31]
07-10 11:56:31.207  1978  3049 I am_proc_bound: [0,5282,com.google.android.talk]
07-10 11:56:31.228  1978  2001 I am_proc_died: [0,3716,com.qualcomm.qti.qmmi,906,17]
07-10 11:56:31.602  3084  4352 I [70220] : [5,0,1531212987719,47,247,48,0,75,843,0,45,0,1979,2,0,3,0,1,317]
07-10 11:56:31.730  5083  5083 I am_on_resume_called: [0,com.google.android.apps.youtube.app.WatchWhileActivity,LAUNCH_ACTIVITY]
07-10 11:56:31.747  1978  2258 I am_kill : [0,3730,com.android.externalstorage,906,empty #31]
07-10 11:56:31.773  1978  2388 I am_proc_died: [0,3730,com.android.externalstorage,906,17]
07-10 11:56:31.773  1978  2388 I am_uid_stopped: 10013
07-10 11:56:31.799  1978  2465 I am_kill : [0,3844,com.qualcomm.display,906,empty #31]
07-10 11:56:31.822  1978  2388 I am_proc_died: [0,3844,com.qualcomm.display,906,17]
07-10 11:56:31.919  5282  5339 I dvm_lock_sample: [com.google.android.talk,1,Hangouts Concurrent Service Default Thread 2,25,SourceFile,284,void bna.j(),-,138,blw bna.a(blx),5]
07-10 11:56:31.920  5282  5346 I dvm_lock_sample: [com.google.android.talk,1,Hangouts Concurrent Service Default Thread 5,26,SourceFile,284,void bna.j(),-,138,blw bna.a(blx),5]
07-10 11:56:31.949  1978  2026 I sysui_multi_action: [319,127,321,122,322,2472,325,59,757,761,758,7,759,1,806,com.google.android.youtube,871,com.google.android.apps.youtube.app.WatchWhileActivity,904,com.google.android.youtube,905,0,945,110]
07-10 11:56:31.949  1978  2026 I am_activity_launch_time: [0,105779218,com.google.android.youtube/com.google.android.apps.youtube.app.WatchWhileActivity,1088,2433]
07-10 11:56:32.018  1978  2258 I am_proc_start: [0,5357,1000,com.longcheertel.midtest,broadcast,com.longcheertel.midtest/.FactoryTestReceiver]
07-10 11:56:32.030  1978  2258 I am_destroy_activity: [0,200920283,51,com.google.android.youtube/.app.honeycomb.Shell$HomeActivity,finish-imm]
07-10 11:56:32.031  1978  2258 I am_stop_activity: [0,256988635,com.android.launcher3/com.android.searchlauncher.SearchLauncher]
07-10 11:56:32.051  2960  2960 I am_on_stop_called: [0,com.android.searchlauncher.SearchLauncher,handleStopActivity]
07-10 11:56:32.055  1978  2258 I am_proc_bound: [0,5357,com.longcheertel.midtest]
07-10 11:56:32.197  1978  2001 I am_kill : [0,2792,com.google.android.marvin.talkback,906,empty #31]
07-10 11:56:32.259  1978  2001 I am_proc_start: [0,5385,1000,com.qualcomm.telephony,broadcast,com.qualcomm.atfwd/.AtFwdAutoboot]
07-10 11:56:32.296  1978  3049 I am_proc_died: [0,2792,com.google.android.marvin.talkback,906,17]
07-10 11:56:32.296  1978  3049 I am_uid_stopped: 10096
07-10 11:56:32.310  1978  2463 I am_proc_bound: [0,5385,com.qualcomm.telephony]
07-10 11:56:32.408  1978  1978 I am_proc_start: [0,5407,1000,com.qualcomm.location.XT,broadcast,com.qualcomm.location.XT/.XTBroadcastReceiver]
07-10 11:56:32.451  1978  2463 I am_proc_bound: [0,5407,com.qualcomm.location.XT]
07-10 11:56:32.505  1978  2001 I am_uid_running: 10082
07-10 11:56:32.529  1978  2001 I am_proc_start: [0,5424,10082,com.qualcomm.qti.StatsPollManager,broadcast,com.qualcomm.qti.StatsPollManager/.StatsPollManagerReceiver]
07-10 11:56:32.561  1978  2463 I am_proc_bound: [0,5424,com.qualcomm.qti.StatsPollManager]
07-10 11:56:32.610  1978  3049 I am_kill : [0,3897,com.android.cellbroadcastreceiver,906,empty #31]
07-10 11:56:32.642  1978  2463 I am_proc_start: [0,5444,1001,com.qualcomm.qti.autoregistration,broadcast,com.qualcomm.qti.autoregistration/.AutoRegReceiver]
07-10 11:56:32.656  1978  2463 I am_proc_died: [0,3897,com.android.cellbroadcastreceiver,906,17]
07-10 11:56:32.657  1978  2463 I am_uid_stopped: 10010
07-10 11:56:32.676  1978  2025 I am_uid_running: 10018
07-10 11:56:32.698  1978  2025 I am_proc_start: [0,5458,10018,com.google.android.ext.services,service,com.google.android.ext.services/android.ext.services.storage.CacheQuotaServiceImpl]
07-10 11:56:32.700  1978  2465 I am_proc_bound: [0,5444,com.qualcomm.qti.autoregistration]
07-10 11:56:32.737  1978  2463 I am_proc_bound: [0,5458,com.google.android.ext.services]
07-10 11:56:32.740  1978  2463 I am_uid_active: 10018
07-10 11:56:32.763  1978  1978 I volume_changed: [3,2,1,15,com.google.android.youtube]
07-10 11:56:32.765  2236  2353 I sysui_action: [210,3]
07-10 11:56:32.765  2236  2353 I sysui_multi_action: [757,210,758,4,759,3]
07-10 11:56:32.813  2236  2236 I sysui_view_visibility: [207,100]
07-10 11:56:32.813  2236  2236 I sysui_multi_action: [757,207,758,1]
07-10 11:56:32.813  2236  2236 I sysui_histogram: [volume_from_keyguard,0]
07-10 11:56:32.813  2236  2236 I sysui_multi_action: [757,804,799,volume_from_keyguard,801,0,802,1]
07-10 11:56:32.845  1978  2465 I am_proc_died: [0,5444,com.qualcomm.qti.autoregistration,0,12]
07-10 11:56:32.846  1978  2465 I am_broadcast_discard_app: [0,78901724,android.intent.action.BOOT_COMPLETED,106,ResolveInfo{ee4e847 com.qualcomm.qti.autoregistration/.AutoRegReceiver m=0x108000}]
07-10 11:56:32.881  1978  2012 I am_proc_start: [0,5476,1000,com.qualcomm.qti.biometrics.fingerprint.service,broadcast,com.qualcomm.qti.biometrics.fingerprint.service/.ShutdownReceiver]
07-10 11:56:32.897  1978  2465 I am_kill : [0,3917,com.android.hotwordenrollment.okgoogle,906,empty #31]
07-10 11:56:32.926  1978  3049 I am_proc_bound: [0,5476,com.qualcomm.qti.biometrics.fingerprint.service]
07-10 11:56:32.935  1978  3049 I am_proc_died: [0,3917,com.android.hotwordenrollment.okgoogle,906,17]
07-10 11:56:32.935  1978  3049 I am_uid_stopped: 10023
07-10 11:56:33.021  1978  2465 I am_proc_start: [0,5493,1000,com.qualcomm.qti.callenhancement,broadcast,com.qualcomm.qti.callenhancement/.BootCompletedReceiver]
07-10 11:56:33.025  1978  2465 I am_kill : [0,3935,com.android.managedprovisioning,906,empty #31]
07-10 11:56:33.064  1978  2463 I am_proc_bound: [0,5493,com.qualcomm.qti.callenhancement]
07-10 11:56:33.069  1978  2465 I am_proc_died: [0,3935,com.android.managedprovisioning,906,17]
07-10 11:56:33.069  1978  2465 I am_uid_stopped: 10024
07-10 11:56:33.162  1978  2463 I am_proc_start: [0,5508,1001,com.qualcomm.qti.lpa,broadcast,com.qualcomm.qti.lpa/.UimLpaBootReceiver]
07-10 11:56:33.188  1978  2465 I am_proc_bound: [0,5508,com.qualcomm.qti.lpa]
07-10 11:56:33.276  1978  2465 I am_proc_start: [0,5526,1001,com.qualcomm.qti.radioconfiginterface,broadcast,com.qualcomm.qti.radioconfiginterface/.RadioConfigBootReceiver]
07-10 11:56:33.277  1978  2465 I am_kill : [0,4214,com.generalmobile.storeoid,906,empty #31]
07-10 11:56:33.310  1978  2388 I am_proc_died: [0,4214,com.generalmobile.storeoid,906,17]
07-10 11:56:33.310  1978  2388 I am_uid_stopped: 10095
07-10 11:56:33.320  1978  2465 I am_proc_bound: [0,5526,com.qualcomm.qti.radioconfiginterface]
07-10 11:56:33.418  1978  2465 I am_proc_start: [0,5541,1000,com.qualcomm.qti.smcinvokepkgmgr,broadcast,com.qualcomm.qti.smcinvokepkgmgr/.SmcInvokeBroadcastReceiver]
07-10 11:56:33.420  1978  2465 I am_kill : [0,4198,com.generalmobile.gmservice,906,empty #31]
07-10 11:56:33.447  1978  2465 I am_proc_bound: [0,5541,com.qualcomm.qti.smcinvokepkgmgr]
07-10 11:56:33.460  1978  2258 I am_proc_died: [0,4198,com.generalmobile.gmservice,906,17]
07-10 11:56:33.494  3084  4352 I [70220] : [6,1875,14,0]
07-10 11:56:33.543  1978  2258 I am_proc_start: [0,5563,1001,com.qualcomm.simcontacts,broadcast,com.qualcomm.simcontacts/.SimStateReceiver]
07-10 11:56:33.566  1978  2000 I am_proc_bound: [0,5563,com.qualcomm.simcontacts]
07-10 11:56:33.639  1978  2012 I am_uid_running: 10115
07-10 11:56:33.663  1978  2012 I am_proc_start: [0,5580,10115,com.duapps.recorder,broadcast,com.duapps.recorder/com.duapps.screen.recorder.DuReceiver]
07-10 11:56:33.694  1978  2463 I am_proc_bound: [0,5580,com.duapps.recorder]
07-10 11:56:34.030  1978  1978 I volume_changed: [3,1,0,15,com.google.android.youtube]
07-10 11:56:34.035  2236  2356 I sysui_multi_action: [757,1093,758,4,793,4902,1094,9486336,1095,6]
07-10 11:56:34.097  1978  2463 I am_uid_running: 10099
07-10 11:56:34.129  1978  2463 I am_proc_start: [0,5643,10099,com.google.android.apps.tachyon,broadcast,com.google.android.apps.tachyon/.BootReceiver]
07-10 11:56:34.146  1978  2000 I am_kill : [0,3984,com.generalmobile.app.gmfilemanager,906,empty #31]
07-10 11:56:34.182  1978  2465 I am_proc_bound: [0,5643,com.google.android.apps.tachyon]
07-10 11:56:34.221  1978  2465 I am_proc_died: [0,3984,com.generalmobile.app.gmfilemanager,906,17]
07-10 11:56:34.222  1978  2465 I am_uid_stopped: 10093
07-10 11:56:34.282  3084  4352 I [70220] : [5,1531212987719,1531212987719,28,186,22,0,1,499,0,18,0,0,0,0,3,0,2,20]
07-10 11:56:34.286  3084  4352 I [70220] : 119
07-10 11:56:34.291  3084  4352 I [70220] : 24
07-10 11:56:34.853  1978  2258 I am_uid_running: 10102
07-10 11:56:34.881  2236  2236 I sysui_multi_action: [757,207,758,2]
07-10 11:56:34.883  2236  2353 I sysui_action: [210,-1]
07-10 11:56:34.883  1978  2258 I am_proc_start: [0,5700,10102,com.google.android.keep,broadcast,com.google.android.keep/.notification.ReminderNotificationReceiver]
07-10 11:56:34.883  2236  2353 I sysui_multi_action: [757,210,758,4,759,-1]
07-10 11:56:34.889  1978  2258 I am_kill : [0,4252,com.google.android.apps.maps,906,empty #31]
07-10 11:56:34.944  1978  2258 I am_proc_bound: [0,5700,com.google.android.keep]
07-10 11:56:35.014  1978  2465 I am_proc_start: [0,5716,1000,com.android.keychain,service,com.android.keychain/.KeyChainService]
07-10 11:56:35.016  1978  2463 I am_proc_died: [0,4252,com.google.android.apps.maps,906,17]
07-10 11:56:35.017  1978  2463 I am_uid_stopped: 10071
07-10 11:56:35.031  1978  2463 I am_proc_bound: [0,5716,com.android.keychain]
07-10 11:56:35.065  1978  2463 I am_kill : [0,4056,com.generalmobile.app.musicplayer,906,empty #31]
07-10 11:56:35.115  1978  2258 I am_proc_died: [0,4056,com.generalmobile.app.musicplayer,906,17]
07-10 11:56:35.115  1978  2258 I am_uid_stopped: 10092
07-10 11:56:35.410  1978  2011 I sync    : [com.google.android.keep,0,0,1555827538]
07-10 11:56:35.412  1978  2465 I am_uid_running: 10110
07-10 11:56:35.439  1978  2465 I am_proc_start: [0,5752,10110,com.splendapps.vox,broadcast,com.splendapps.vox/.BootReceiver]
07-10 11:56:35.445  1978  2258 I dvm_lock_sample: [system_server,1,Binder:1978_4,22,ActivityManagerService.java,18600,boolean com.android.server.am.ActivityManagerService.unbindService(android.app.IServiceConnection),BroadcastQueue.java,821,void com.android.server.am.BroadcastQueue.processNextBroadcast(boolean),4]
07-10 11:56:35.448  1978  3060 I dvm_lock_sample: [system_server,1,Binder:1978_F,22,ActivityManagerService.java,18444,android.content.ComponentName com.android.server.am.ActivityManagerService.startService(android.app.IApplicationThread, android.content.Intent, java.lang.String, boolean, java.lang.String, int),BroadcastQueue.java,821,void com.android.server.am.BroadcastQueue.processNextBroadcast(boolean),4]
07-10 11:56:35.479  1978  3060 I am_proc_bound: [0,5752,com.splendapps.vox]
07-10 11:56:35.915  1978  2388 I am_kill : [0,3795,com.google.android.play.games.ui,906,empty #31]
07-10 11:56:35.946  1978  3058 I am_proc_died: [0,3795,com.google.android.play.games.ui,906,17]
07-10 11:56:36.046  1978  3053 I am_uid_running: 99000
07-10 11:56:36.064  2236  2356 I sysui_multi_action: [757,1093,758,4,793,2029,1094,9486336,1095,6]
07-10 11:56:36.170  5752  5752 I auditd  : type=1400 audit(0.0:48): avc: denied { read } for comm=".splendapps.vox" name="vmstat" dev="proc" ino=4026532122 scontext=u:r:untrusted_app_25:s0:c512,c768 tcontext=u:object_r:proc:s0 tclass=file permissive=0
07-10 11:56:36.164  1978  3053 I am_proc_start: [0,5802,99000,com.android.chrome:sandboxed_process0,webview_service,com.splendapps.vox/org.chromium.content.app.SandboxedProcessService0]
07-10 11:56:36.265  1978  3058 I am_kill : [0,4305,com.android.vending:instant_app_installer,906,empty #31]
07-10 11:56:36.266  1978  2257 I am_proc_bound: [0,5802,com.android.chrome:sandboxed_process0]
07-10 11:56:36.284  1978  3058 I am_kill : [0,4126,com.generalmobile.assistant,906,empty #31]
07-10 11:56:36.280  5802  5802 I auditd  : type=1400 audit(0.0:49): avc: denied { search } for comm="dboxed_process0" name="/" dev="mmcblk0p51" ino=2 scontext=u:r:isolated_app:s0:c512,c768 tcontext=u:object_r:persist_file:s0 tclass=dir permissive=0
07-10 11:56:36.350  1978  2257 I am_proc_died: [0,4305,com.android.vending:instant_app_installer,906,17]
07-10 11:56:36.407  1978  3053 I am_proc_died: [0,4126,com.generalmobile.assistant,906,17]
07-10 11:56:36.407  1978  3053 I am_uid_stopped: 10091
07-10 11:56:36.594  1978  3053 I am_kill : [0,4540,com.google.android.configupdater,906,empty #31]
07-10 11:56:36.595  1978  3053 I am_kill : [0,4494,com.google.android.calendar,906,empty #32]
07-10 11:56:36.659  1978  3053 I am_proc_died: [0,4540,com.google.android.configupdater,906,17]
07-10 11:56:36.659  1978  3053 I am_uid_stopped: 10006
07-10 11:56:36.709  1978  2465 I am_proc_died: [0,4494,com.google.android.calendar,906,17]
07-10 11:56:36.709  1978  2465 I am_uid_stopped: 10050
07-10 11:56:36.750  1978  2011 I am_pss  : [3877,1000,com.qti.diagservices,2661376,2097152,0]
07-10 11:56:36.790  1978  2012 I am_uid_running: 10095
07-10 11:56:36.829  1978  2012 I am_proc_start: [0,5868,10095,com.generalmobile.storeoid,broadcast,com.generalmobile.storeoid/.livedevice.OnBootBroadcast]
07-10 11:56:36.831  1978  2977 I dvm_lock_sample: [system_server,1,Binder:1978_A,37,ActivityManagerService.java,11612,android.app.ContentProviderHolder com.android.server.am.ActivityManagerService.getContentProviderImpl(android.app.IApplicationThread, java.lang.String, android.os.IBinder, boolean, int),BroadcastQueue.java,821,void com.android.server.am.BroadcastQueue.processNextBroadcast(boolean),7]
07-10 11:56:36.870  1978  2465 I am_proc_bound: [0,5868,com.generalmobile.storeoid]
07-10 11:56:36.934  1978  3060 I dvm_lock_sample: [system_server,1,Binder:1978_F,5,PackageManagerService.java,4041,android.content.pm.PackageInfo com.android.server.pm.PackageManagerService.getPackageInfoInternal(java.lang.String, int, int, int, int),-,7444,java.util.List com.android.server.pm.PackageManagerService.queryIntentActivitiesInternal(android.content.Intent, java.lang.String, int, int, int, boolean, boolean),1]
07-10 11:56:37.031  1978  3053 I am_kill : [0,4583,com.google.android.contacts,906,empty #31]
07-10 11:56:37.132  1978  3044 I am_proc_died: [0,4583,com.google.android.contacts,906,17]
07-10 11:56:37.132  1978  3044 I am_uid_stopped: 10016
07-10 11:56:37.411  1978  1978 I notification_enqueue: [10115,5580,com.duapps.recorder,201,NULL,0,Notification(channel=null pri=2 contentView=com.duapps.recorder/0x7f0b005d vibrate=null sound=null defaults=0x0 flags=0x2 color=0x00000000 vis=PRIVATE),0]
07-10 11:56:37.564  1978  5720 I notification_expansion: [0|com.duapps.recorder|201|null|10115,0,1,157,157,0]
07-10 11:56:37.565  1978  5720 I notification_expansion: [-1|android|26|null|1000,0,0,15161,15161,14981]
07-10 11:56:37.630   810   810 I auditd  : type=1400 audit(0.0:50): avc: denied { read } for comm="effect" name="u:object_r:dolby_prop:s0" dev="tmpfs" ino=12620 scontext=u:r:hal_audio_default:s0 tcontext=u:object_r:dolby_prop:s0 tclass=file permissive=0
07-10 11:56:37.913  5083  5126 I dvm_lock_sample: [com.google.android.youtube,0,background1-4,166,SourceFile,-1,void acfz.a(),-,-1,void acfz.a(acgv),33]
07-10 11:56:37.973  1978  3044 I am_uid_active: 10115
07-10 11:56:38.004  5083  5226 I dvm_lock_sample: [com.google.android.youtube,0,cronet10-4,75,SourceFile,-1,acfn scw.a(java.lang.String, android.os.Bundle),-,-1,acfn scw.a(java.lang.String, android.os.Bundle),15]
07-10 11:56:38.039  1978  1978 I notification_enqueue: [1000,1978,android,40,NULL,0,Notification(channel=FOREGROUND_SERVICE pri=0 contentView=null vibrate=null sound=null defaults=0x0 flags=0x2 color=0xff607d8b vis=PRIVATE),0]
07-10 11:56:38.044  1978  1978 I notification_enqueue: [10115,5580,com.duapps.recorder,201,NULL,0,Notification(channel=null pri=2 contentView=com.duapps.recorder/0x7f0b005d vibrate=null sound=null defaults=0x0 flags=0x42 color=0x00000000 vis=PRIVATE),1]
07-10 11:56:38.126  3084  3084 I [70220] : 2369
07-10 11:56:38.127  3084  3084 I [70220] : 47106
07-10 11:56:38.199  1978  1978 I notification_enqueue: [1000,1978,android,0,com.android.server.wm.AlertWindowNotification - com.duapps.recorder,0,Notification(channel=com.android.server.wm.AlertWindowNotification - com.duapps.recorder pri=0 contentView=null vibrate=null sound=null defaults=0x0 flags=0x102 color=0xff607d8b vis=PRIVATE),0]
07-10 11:56:38.206  3084  4378 I aggregation: 1531212998206
07-10 11:56:38.253  3084  4378 I [70220] : [32772,85]
07-10 11:56:38.676  3002  3418 I force_gc: Binder
07-10 11:56:39.365  1978  2188 I ntp_success: [0.pool.ntp.org/14.139.56.74,266,-9053745]
07-10 11:56:39.434  1978  2188 I netstats_mobile_sample: [0,0,0,0,0,0,0,0,0,0,0,0,1531203945689]
07-10 11:56:39.434  1978  2188 I netstats_wifi_sample: [1988826,1915,229241,1293,1992846,1918,211827,1285,1992846,1918,211140,1277,1531203945689]
07-10 11:56:39.538  1978  2011 I am_pss  : [2846,10053,com.google.android.deskclock,7063552,5636096,0]
07-10 11:56:39.520  4819  4819 I auditd  : type=1400 audit(0.0:54): avc: denied { read } for comm="Binder:4819_5" name="modules" dev="proc" ino=4026532117 scontext=u:r:priv_app:s0:c512,c768 tcontext=u:object_r:proc_modules:s0 tclass=file permissive=0
07-10 11:56:39.580  4819  4819 I auditd  : type=1400 audit(0.0:55): avc: denied { read } for comm="Binder:4819_5" name="/" dev="tmpfs" ino=12553 scontext=u:r:priv_app:s0:c512,c768 tcontext=u:object_r:device:s0 tclass=dir permissive=0
07-10 11:56:39.666  1978  5720 I am_proc_start: [0,6002,10071,com.google.android.apps.maps,broadcast,com.google.android.apps.maps/com.google.android.apps.gmm.ugc.ataplace.AtAPlaceService]
07-10 11:56:39.679  1978  2011 I am_pss  : [5083,10090,com.google.android.youtube,142516224,135749632,0]
07-10 11:56:39.727  1978  2975 I am_proc_bound: [0,6002,com.google.android.apps.maps]
07-10 11:56:39.911  1978  5915 I am_uid_running: 10100
07-10 11:56:39.942  1978  5915 I am_proc_start: [0,6023,10100,com.google.android.music:main,content provider,com.google.android.music/.search.IcingContentProvider]
07-10 11:56:39.991  1978  3053 I am_proc_bound: [0,6023,com.google.android.music:main]
07-10 11:56:40.000  1978  3053 I am_uid_active: 10100
07-10 11:56:40.040  3084  4378 I [70220] : [5,1531212987719,1531212987719,19,1,52,0,1,947,0,35,0,623,0,0,6,0,17,63]
07-10 11:56:40.187  6002  6051 I dvm_lock_sample: [com.google.android.apps.maps,0,Primes-init-1,52,PG,96,com.google.at.a.a.fj com.google.android.apps.gmm.shared.net.c.d.k(),-,1,void com.google.ag.cl.<clinit>(),10]
07-10 11:56:40.348  6002  6048 I dvm_lock_sample: [com.google.android.apps.maps,0,DefaultPool6,148,PG,2835,com.google.android.apps.gmm.af.c.g com.google.android.apps.gmm.base.p.b.a.ai(),-,1,void com.google.android.apps.gmm.util.systemhealth.b.a.<clinit>(),29]
07-10 11:56:40.740  1978  2465 I am_uid_active: 10072
07-10 11:56:40.920  1978  2975 I sysui_view_visibility: [127,100]
07-10 11:56:40.920  1978  2975 I sysui_multi_action: [757,127,758,1]
07-10 11:56:40.920  1978  2975 I sysui_histogram: [note_load,4]
07-10 11:56:40.920  1978  2975 I sysui_multi_action: [757,804,799,note_load,801,4,802,1]
07-10 11:56:40.920  1978  2975 I notification_panel_revealed: 4
07-10 11:56:40.945  1978  2188 I netstats_mobile_sample: [0,0,0,0,0,0,0,0,0,0,0,0,1531203947200]
07-10 11:56:40.945  1978  2188 I netstats_wifi_sample: [2819054,2553,262490,1446,2821696,2555,242959,1431,2813428,2549,242307,1423,1531203947200]
07-10 11:56:40.950  1978  3053 I am_uid_active: 10055
07-10 11:56:40.957  1978  2188 I am_uid_running: 10093
07-10 11:56:40.981  1978  2188 I am_proc_start: [0,6093,10093,com.generalmobile.app.gmfilemanager:alarm,broadcast,com.generalmobile.app.gmfilemanager/.core.services.AlarmBroadcastReceiver]
07-10 11:56:41.043  1978  2465 I am_proc_bound: [0,6093,com.generalmobile.app.gmfilemanager:alarm]
07-10 11:56:41.385  1978  3058 I am_uid_active: 10059
07-10 11:56:41.421  1978  2465 I sysui_multi_action: [757,128,758,1,793,19017,794,0,795,19017,796,26,798,1,806,android,857,DEVELOPER,858,2,947,0]
07-10 11:56:41.421  1978  2465 I sysui_histogram: [note_freshness,19017]
07-10 11:56:41.421  1978  2465 I sysui_multi_action: [757,804,799,note_freshness,801,19017,802,1]
07-10 11:56:41.421  1978  2465 I notification_visibility: [-1|android|26|null|1000,1,19017,19017,0,1]
07-10 11:56:41.421  1978  2465 I sysui_multi_action: [757,128,758,1,793,3267,794,0,795,3267,796,0,797,com.android.server.wm.AlertWindowNotification - com.duapps.recorder,798,2,806,android,857,com.android.server.wm.Alert-adc4027,858,1,947,0]
07-10 11:56:41.421  1978  2465 I sysui_histogram: [note_freshness,3267]
07-10 11:56:41.421  1978  2465 I sysui_multi_action: [757,804,799,note_freshness,801,3267,802,1]
07-10 11:56:41.421  1978  2465 I notification_visibility: [0|android|0|com.android.server.wm.AlertWindowNotification - com.duapps.recorder|1000,1,3267,3267,0,2]
07-10 11:56:41.421  1978  2465 I sysui_multi_action: [757,128,758,1,793,15216,794,0,795,15216,796,27,798,3,806,android,857,USB,858,1,947,0]
07-10 11:56:41.422  1978  2465 I sysui_histogram: [note_freshness,15216]
07-10 11:56:41.422  1978  2465 I sysui_multi_action: [757,804,799,note_freshness,801,15216,802,1]
07-10 11:56:41.422  1978  2465 I notification_visibility: [-1|android|27|null|1000,1,15216,15216,0,3]
