07-10 11:55:54.693   812  1314 E mm-camera: <IMGLIB><ERROR> 328: AllocateBuffers: Nothing allocated or already freed!
07-10 11:55:54.693   812  1314 I mm-camera: <MCT   >< INFO> 4960: mct_pipeline_stop_session_thread: Stop module name: pproc - X
07-10 11:55:54.693   812   812 I mm-camera: <MCT   >< INFO> 5240: mct_pipeline_stop_session: Modules left: 2
07-10 11:55:54.701   812  1325 I mm-camera: <MCT   >< INFO> 4952: mct_pipeline_stop_session_thread: Stop module name: imglib - E
07-10 11:55:54.704   812  1296 I mm-camera: <MCT   >< INFO> 4960: mct_pipeline_stop_session_thread: Stop module name: stats - X
07-10 11:55:54.704   812  1325 I mm-camera: <MCT   >< INFO> 4960: mct_pipeline_stop_session_thread: Stop module name: imglib - X
07-10 11:55:54.705   812   812 I mm-camera: <MCT   >< INFO> 5240: mct_pipeline_stop_session: Modules left: 1
07-10 11:55:54.705   812   812 I mm-camera: <MCT   >< INFO> 5240: mct_pipeline_stop_session: Modules left: 0
07-10 11:55:54.705   812   812 I mm-camera: <MCT   >< INFO> 5250: mct_pipeline_stop_session: Stopped session 4 successfully
07-10 11:55:54.705   812   812 I mm-camera: <MCT   >< INFO> 5550: mct_pipeline_destroy: E: session:4
07-10 11:55:54.705   812   812 E mm-camera: <MCT   ><ERROR> 179: stop_sof_check_thread: Returning as SOF timer thread not yet initialized
07-10 11:55:54.705   812   812 I mm-camera: <MCT   >< INFO> 5627: mct_pipeline_destroy: X: Pipeline destroyed successfully session =4
07-10 11:55:54.705   812   812 I mm-camera: <MCT   >< INFO> 422: mct_controller_destroy: X Successfully closed mct_controller session 4
07-10 11:55:54.706   812   812 E CamComm1.0-MD: Update metadata entry: Unknown tag -2145976319
07-10 11:55:54.706   812   812 E CamComm1.0-MD: Update metadata entry: Unknown tag -2145976317
07-10 11:55:54.706   812   812 I QCamera : <HAL><INFO> getCamInfo: 10410: camera 2 resource cost is 100
07-10 11:55:54.706   812   812 I QCamera : <HAL><INFO> getCameraInfo: 343: Camera id 2 API version 256
07-10 11:55:54.706   812   812 I QCamera : <HAL><INFO> getCamInfo: 10410: camera 2 resource cost is 100
07-10 11:55:54.706   812   812 I QCamera : <HAL><INFO> getCameraInfo: 343: Camera id 3 API version 256
07-10 11:55:54.718  1317  1317 E QCALOG  : [mlid] Failed to load libminksocket
07-10 11:55:54.742  1278  1322 E QMI_FW  : QMUXD: WARNING qmi_qmux_if_pwr_up_init failed! rc=-6
07-10 11:55:54.743  1278  1328 I ThermalEngine: qmi: Instance id 157 for fusion TS
07-10 11:55:54.753  1273  1273 E QCNEA   : Cne Version 4.9
07-10 11:55:54.765  1278  1323 I ThermalEngine: ADSP thermal mitigation available.
07-10 11:55:54.766  1278  1324 I ThermalEngine: MODEM thermal mitigation available.
07-10 11:55:54.767  1278  1323 I ThermalEngine: ACTION: ADSP - Pending request: cpuv_restriction_cold mitigation succeeded for level 0.
07-10 11:55:54.767  1278  1321 I ThermalEngine: MODEM thermal mitigation available.
07-10 11:55:54.767  1278  1323 I ThermalEngine: Mitigation:VDD[ADSP-cpuv_restriction_cold]:0
07-10 11:55:54.772  1316  1316 I CLD80211: /system/vendor/bin/cnss-daemon: initialized exit socket pair
07-10 11:55:54.772  1316  1316 I CLD80211: /system/vendor/bin/cnss-daemon: nlctrl family id: 16 group: svc_msgs mcast_id: 9
07-10 11:55:54.775  1278  1321 I ThermalEngine: ACTION: MODEM - Pending request: pa mitigation succeeded for level 0.
07-10 11:55:54.775  1278  1324 I ThermalEngine: ACTION: MODEM - Pending request: cpr_cold mitigation succeeded for level 0.
07-10 11:55:54.775  1278  1324 I ThermalEngine: Mitigation:VDD[MODEM-cpr_cold]:0
07-10 11:55:54.775  1278  1321 I ThermalEngine: Mitigation:Modem:0
07-10 11:55:54.775  1278  1321 I ThermalEngine: ACTION: MODEM - Pending request: cpuv_restriction_cold mitigation succeeded for level 0.
07-10 11:55:54.775  1278  1321 I ThermalEngine: Mitigation:VDD[MODEM-cpuv_restriction_cold]:0
07-10 11:55:54.789  1316  1367 E QMI_FW  : QMUXD: WARNING qmi_qmux_if_pwr_up_init failed! rc=-6
07-10 11:55:54.793  1278  1321 I ThermalEngine: ACTION: MODEM - Pending request: modem mitigation succeeded for level 0.
07-10 11:55:54.793  1278  1321 I ThermalEngine: Mitigation:VDD[MODEM-modem]:0
07-10 11:55:54.793   848   881 D PerMgrSrv: modem state: is on-line, add client cnss-daemon
07-10 11:55:54.793   848   881 D PerMgrSrv: cnss-daemon registered
07-10 11:55:54.794  1316  1316 D PerMgrLib: cnss-daemon successfully registered for modem
07-10 11:55:54.794  1316  1316 D PerMgrLib: cnss-daemon voting for modem
07-10 11:55:54.794   848   881 D PerMgrSrv: cnss-daemon voting for modem
07-10 11:55:54.794   848   881 D PerMgrSrv: modem num voters is 2
07-10 11:55:54.803  1316  1378 I cnss-daemon: WLFW service connected
07-10 11:55:54.803  1278  1321 I ThermalEngine: ACTION: MODEM - Pending request: modem_current mitigation succeeded for level 0.
07-10 11:55:54.803  1278  1321 I ThermalEngine: Mitigation:VDD[MODEM-modem_current]:0
07-10 11:55:54.803  1316  1378 I cnss-daemon: wlfw_read_file: No such file /data/misc/wifi/wlfw_cal_00.bin
07-10 11:55:54.803  1316  1378 E cnss-daemon: wlfw_build_cal_table: not read /data/misc/wifi/wlfw_cal_00.bin
07-10 11:55:54.803  1316  1378 I cnss-daemon: wlfw_read_file: No such file /data/misc/wifi/wlfw_cal_01.bin
07-10 11:55:54.803  1316  1378 E cnss-daemon: wlfw_build_cal_table: not read /data/misc/wifi/wlfw_cal_01.bin
07-10 11:55:54.803  1316  1378 I cnss-daemon: wlfw_read_file: No such file /data/misc/wifi/wlfw_cal_02.bin
07-10 11:55:54.803  1316  1378 E cnss-daemon: wlfw_build_cal_table: not read /data/misc/wifi/wlfw_cal_02.bin
07-10 11:55:54.803  1316  1378 I cnss-daemon: wlfw_read_file: No such file /data/misc/wifi/wlfw_cal_03.bin
07-10 11:55:54.803  1316  1378 E cnss-daemon: wlfw_build_cal_table: not read /data/misc/wifi/wlfw_cal_03.bin
07-10 11:55:54.803  1316  1378 I cnss-daemon: wlfw_read_file: No such file /data/misc/wifi/wlfw_cal_04.bin
07-10 11:55:54.803  1316  1378 E cnss-daemon: wlfw_build_cal_table: not read /data/misc/wifi/wlfw_cal_04.bin
07-10 11:55:54.806  1316  1377 E cnss-daemon: ro.baseband : [sdm]
07-10 11:55:54.807  1316  1378 I cnss-daemon: wlfw_send_cap_req: chip_id: 0x140, chip_family 0x4002, board_id: 0xff, soc_id: 0x40050000, fw_version: 0x10190188, fw_build_timestamp: 2018-04-18 03:21
07-10 11:55:54.810  1278  1278 E ThermalEngine: Unable to change to /sys/devices/soc.0/
07-10 11:55:54.810  1278  1278 E ThermalEngine: bcl_setup: Unexpected node error
07-10 11:55:54.810  1278  1278 E ThermalEngine: add_tgt_sensor: bcl sensor setup failed failed.
07-10 11:55:54.810  1278  1278 E ThermalEngine: add_tgt_sensors_set: Error adding bcl
07-10 11:55:54.810  1278  1278 E ThermalEngine: sensors_init: Error adding BCL TS
07-10 11:55:54.810  1278  1278 E ThermalEngine: pid_init_data: ERROR Uknown device
07-10 11:55:54.811  1278  1278 E ThermalEngine: tb_init_data: ERROR Uknown device
07-10 11:55:54.811  1278  1278 I ThermalEngine: Loading config file for virtual sensor
07-10 11:55:54.811  1278  1278 I ThermalEngine: Loading configuration file vendor/etc/thermal-engine.conf
07-10 11:55:54.815  1278  1278 I ThermalEngine: Parsing section global
07-10 11:55:54.815  1278  1278 I ThermalEngine: Found section 'VIRTUAL-CLUSTER1'
07-10 11:55:54.815  1278  1278 I ThermalEngine: Algo Type 'virtual'
07-10 11:55:54.816  1278  1278 I ThermalEngine: Parsing section VIRTUAL-CLUSTER1
07-10 11:55:54.816  1278  1278 I ThermalEngine: Found field 'trip_sensor'
07-10 11:55:54.816  1278  1278 I ThermalEngine: Found field 'set_point'
07-10 11:55:54.816  1278  1278 I ThermalEngine: Found field 'set_point_clr'
07-10 11:55:54.816  1278  1278 I ThermalEngine: Found field 'sensors'
07-10 11:55:54.816  1278  1278 I ThermalEngine: Found field 'weights'
07-10 11:55:54.816  1278  1278 I ThermalEngine: Found field 'sampling'
07-10 11:55:54.816  1278  1278 I ThermalEngine: Found field 'math'
07-10 11:55:54.816  1278  1278 I ThermalEngine: Found section 'VIRTUAL-CLUSTER0'
07-10 11:55:54.816  1278  1278 I ThermalEngine: Algo Type 'virtual'
07-10 11:55:54.816  1278  1278 I ThermalEngine: Parsing section VIRTUAL-CLUSTER0
07-10 11:55:54.816  1278  1278 I ThermalEngine: Found field 'trip_sensor'
07-10 11:55:54.816  1278  1278 I ThermalEngine: Found field 'set_point'
07-10 11:55:54.816  1278  1278 I ThermalEngine: Found field 'set_point_clr'
07-10 11:55:54.816  1278  1278 I ThermalEngine: Found field 'sensors'
07-10 11:55:54.816  1278  1278 I ThermalEngine: Found field 'weights'
07-10 11:55:54.816  1278  1278 I ThermalEngine: Found field 'sampling'
07-10 11:55:54.816  1278  1278 I ThermalEngine: Found field 'math'
07-10 11:55:54.817  1278  1278 I ThermalEngine: [VIRTUAL-CLUSTER0]
07-10 11:55:54.817  1278  1278 I ThermalEngine: #algo_type virtual
07-10 11:55:54.817  1278  1278 I ThermalEngine: trip_sensor tsens_tz_sensor1
07-10 11:55:54.817  1278  1278 I ThermalEngine: set_point 60000
07-10 11:55:54.817  1278  1278 I ThermalEngine: set_point_clr 50000
07-10 11:55:54.817  1278  1278 I ThermalEngine: sensors tsens_tz_sensor1 tsens_tz_sensor2
07-10 11:55:54.817  1278  1278 I ThermalEngine: weights
07-10 11:55:54.817  1278  1278 I ThermalEngine: sampling 10
07-10 11:55:54.817  1278  1278 I ThermalEngine: math 2
07-10 11:55:54.817  1278  1278 I ThermalEngine: [VIRTUAL-CLUSTER1]
07-10 11:55:54.817  1278  1278 I ThermalEngine: #algo_type virtual
07-10 11:55:54.817  1278  1278 I ThermalEngine: trip_sensor tsens_tz_sensor3
07-10 11:55:54.817  1278  1278 I ThermalEngine: set_point 60000
07-10 11:55:54.817  1278  1278 I ThermalEngine: set_point_clr 50000
07-10 11:55:54.817  1278  1278 I ThermalEngine: sensors tsens_tz_sensor3 tsens_tz_sensor4 tsens_tz_sensor5 tsens_tz_sensor6 tsens_tz_sensor7 tsens_tz_sensor12
07-10 11:55:54.817  1278  1278 I ThermalEngine: weights
07-10 11:55:54.817  1278  1278 I ThermalEngine: sampling 10
07-10 11:55:54.817  1278  1278 I ThermalEngine: math 2
07-10 11:55:54.820  1278  1278 I ThermalEngine: Loading configuration file vendor/etc/thermal-engine.conf
07-10 11:55:54.820  1278  1278 I ThermalEngine: Parsing section global
07-10 11:55:54.820  1278  1278 I ThermalEngine: Found section 'SS-QUIET-THERM-SILVER'
07-10 11:55:54.820  1278  1278 I ThermalEngine: Algo Type 'ss'
07-10 11:55:54.820  1278  1278 I ThermalEngine: Parsing section SS-QUIET-THERM-SILVER
07-10 11:55:54.820  1278  1278 I ThermalEngine: Found field 'sampling'
07-10 11:55:54.820  1278  1278 I ThermalEngine: Found field 'sensor'
07-10 11:55:54.820  1278  1278 I ThermalEngine: Found field 'device'
07-10 11:55:54.820  1278  1278 I ThermalEngine: Found field 'set_point'
07-10 11:55:54.820  1278  1278 I ThermalEngine: Found field 'set_point_clr'
07-10 11:55:54.820  1278  1278 I ThermalEngine: Found field 'time_constant'
07-10 11:55:54.820  1278  1278 I ThermalEngine: Found field 'device_max_limit'
07-10 11:55:54.820  1278  1278 I ThermalEngine: Found section 'SS-QUIET-THERM-GOLD'
07-10 11:55:54.820  1278  1278 I ThermalEngine: Algo Type 'ss'
07-10 11:55:54.820  1278  1278 I ThermalEngine: Parsing section SS-QUIET-THERM-GOLD
07-10 11:55:54.820  1278  1278 I ThermalEngine: Found field 'sampling'
07-10 11:55:54.820  1278  1278 I ThermalEngine: Found field 'sensor'
07-10 11:55:54.820  1278  1278 I ThermalEngine: Found field 'device'
07-10 11:55:54.820  1278  1278 I ThermalEngine: Found field 'set_point'
07-10 11:55:54.821  1278  1278 I ThermalEngine: Found field 'set_point_clr'
07-10 11:55:54.821  1278  1278 I ThermalEngine: Found field 'time_constant'
07-10 11:55:54.821  1278  1278 I ThermalEngine: Found field 'device_max_limit'
07-10 11:55:54.821  1278  1278 I ThermalEngine: Found section 'SS-GPU'
07-10 11:55:54.821  1278  1278 I ThermalEngine: Algo Type 'ss'
07-10 11:55:54.821  1278  1278 I ThermalEngine: Parsing section SS-GPU
07-10 11:55:54.821  1278  1278 I ThermalEngine: Found field 'sampling'
07-10 11:55:54.821  1278  1278 I ThermalEngine: Found field 'sensor'
07-10 11:55:54.821  1278  1278 I ThermalEngine: Found field 'device'
07-10 11:55:54.821  1278  1278 I ThermalEngine: Found field 'set_point'
07-10 11:55:54.821  1278  1278 I ThermalEngine: Found field 'set_point_clr'
07-10 11:55:54.821  1278  1278 I ThermalEngine: Found field 'time_constant'
07-10 11:55:54.821  1278  1278 I ThermalEngine: Found section 'SPEAKER-CAL'
07-10 11:55:54.821  1278  1278 I ThermalEngine: Algo Type 'eq'
07-10 11:55:54.821  1278  1278 I ThermalEngine: Parsing section SPEAKER-CAL
07-10 11:55:54.821  1278  1278 I ThermalEngine: Found field 'sampling'
07-10 11:55:54.821  1278  1278 I ThermalEngine: Found field 'sensor'
07-10 11:55:54.821  1278  1278 I ThermalEngine: Found field 'sensors'
07-10 11:55:54.821  1278  1278 I ThermalEngine: Found field 'temp_range'
07-10 11:55:54.821  1278  1278 I ThermalEngine: Found field 'max_temp'
07-10 11:55:54.821  1278  1278 I ThermalEngine: Found field 'offset'
07-10 11:55:54.821  1278  1278 I ThermalEngine: Found section 'VDD_RSTR_MONITOR-TSENS13'
07-10 11:55:54.821  1278  1278 I ThermalEngine: Algo Type 'monitor'
07-10 11:55:54.821  1278  1278 I ThermalEngine: Parsing section VDD_RSTR_MONITOR-TSENS13
07-10 11:55:54.821  1278  1278 I ThermalEngine: Found field 'sampling'
07-10 11:55:54.821  1278  1278 I ThermalEngine: Found field 'sensor'
07-10 11:55:54.821  1278  1278 I ThermalEngine: Found field 'thresholds'
07-10 11:55:54.821  1278  1278 I ThermalEngine: Found field 'thresholds_clr'
07-10 11:55:54.821  1278  1278 I ThermalEngine: Found field 'actions'
07-10 11:55:54.821  1278  1278 I ThermalEngine: Found field 'action_info'
07-10 11:55:54.821  1278  1278 I ThermalEngine: Found field 'descending'
07-10 11:55:54.821  1278  1278 I ThermalEngine: Found section 'VDD_RSTR_MONITOR-TSENS12'
07-10 11:55:54.821  1278  1278 I ThermalEngine: Algo Type 'monitor'
07-10 11:55:54.821  1278  1278 I ThermalEngine: Parsing section VDD_RSTR_MONITOR-TSENS12
07-10 11:55:54.821  1278  1278 I ThermalEngine: Found field 'sampling'
07-10 11:55:54.821  1278  1278 I ThermalEngine: Found field 'sensor'
07-10 11:55:54.821  1278  1278 I ThermalEngine: Found field 'thresholds'
07-10 11:55:54.821  1278  1278 I ThermalEngine: Found field 'thresholds_clr'
07-10 11:55:54.821  1278  1278 I ThermalEngine: Found field 'actions'
07-10 11:55:54.821  1278  1278 I ThermalEngine: Found field 'action_info'
07-10 11:55:54.821  1278  1278 I ThermalEngine: Found field 'descending'
07-10 11:55:54.821  1278  1278 I ThermalEngine: Found section 'VDD_RSTR_MONITOR-TSENS11'
07-10 11:55:54.822  1278  1278 I ThermalEngine: Algo Type 'monitor'
07-10 11:55:54.822  1278  1278 I ThermalEngine: Parsing section VDD_RSTR_MONITOR-TSENS11
07-10 11:55:54.822  1278  1278 I ThermalEngine: Found field 'sampling'
07-10 11:55:54.822  1278  1278 I ThermalEngine: Found field 'sensor'
07-10 11:55:54.822  1278  1278 I ThermalEngine: Found field 'thresholds'
07-10 11:55:54.822  1278  1278 I ThermalEngine: Found field 'thresholds_clr'
07-10 11:55:54.822  1278  1278 I ThermalEngine: Found field 'actions'
07-10 11:55:54.822  1278  1278 I ThermalEngine: Found field 'action_info'
07-10 11:55:54.822  1278  1278 I ThermalEngine: Found field 'descending'
07-10 11:55:54.822  1278  1278 I ThermalEngine: Found section 'VDD_RSTR_MONITOR-TSENS10'
07-10 11:55:54.822  1278  1278 I ThermalEngine: Algo Type 'monitor'
07-10 11:55:54.822  1278  1278 I ThermalEngine: Parsing section VDD_RSTR_MONITOR-TSENS10
07-10 11:55:54.822  1278  1278 I ThermalEngine: Found field 'sampling'
07-10 11:55:54.822  1278  1278 I ThermalEngine: Found field 'sensor'
07-10 11:55:54.822  1278  1278 I ThermalEngine: Found field 'thresholds'
07-10 11:55:54.822  1278  1278 I ThermalEngine: Found field 'thresholds_clr'
07-10 11:55:54.822  1278  1278 I ThermalEngine: Found field 'actions'
07-10 11:55:54.822  1278  1278 I ThermalEngine: Found field 'action_info'
07-10 11:55:54.822  1278  1278 I ThermalEngine: Found field 'descending'
07-10 11:55:54.822  1278  1278 I ThermalEngine: Found section 'VDD_RSTR_MONITOR-TSENS9'
07-10 11:55:54.822  1278  1278 I ThermalEngine: Algo Type 'monitor'
07-10 11:55:54.822  1278  1278 I ThermalEngine: Parsing section VDD_RSTR_MONITOR-TSENS9
07-10 11:55:54.822  1278  1278 I ThermalEngine: Found field 'sampling'
07-10 11:55:54.822  1278  1278 I ThermalEngine: Found field 'sensor'
07-10 11:55:54.822  1278  1278 I ThermalEngine: Found field 'thresholds'
07-10 11:55:54.822  1278  1278 I ThermalEngine: Found field 'thresholds_clr'
07-10 11:55:54.822  1278  1278 I ThermalEngine: Found field 'actions'
07-10 11:55:54.822  1278  1278 I ThermalEngine: Found field 'action_info'
07-10 11:55:54.822  1278  1278 I ThermalEngine: Found field 'descending'
07-10 11:55:54.822  1278  1278 I ThermalEngine: Found section 'VDD_RSTR_MONITOR-TSENS8'
07-10 11:55:54.822  1278  1278 I ThermalEngine: Algo Type 'monitor'
07-10 11:55:54.822  1278  1278 I ThermalEngine: Parsing section VDD_RSTR_MONITOR-TSENS8
07-10 11:55:54.822  1278  1278 I ThermalEngine: Found field 'sampling'
07-10 11:55:54.822  1278  1278 I ThermalEngine: Found field 'sensor'
07-10 11:55:54.822  1278  1278 I ThermalEngine: Found field 'thresholds'
07-10 11:55:54.822  1278  1278 I ThermalEngine: Found field 'thresholds_clr'
07-10 11:55:54.822  1278  1278 I ThermalEngine: Found field 'actions'
07-10 11:55:54.822  1278  1278 I ThermalEngine: Found field 'action_info'
07-10 11:55:54.822  1278  1278 I ThermalEngine: Found field 'descending'
07-10 11:55:54.822  1278  1278 I ThermalEngine: Found section 'VDD_RSTR_MONITOR-TSENS7'
07-10 11:55:54.822  1278  1278 I ThermalEngine: Algo Type 'monitor'
07-10 11:55:54.822  1278  1278 I ThermalEngine: Parsing section VDD_RSTR_MONITOR-TSENS7
07-10 11:55:54.822  1278  1278 I ThermalEngine: Found field 'sampling'
07-10 11:55:54.822  1278  1278 I ThermalEngine: Found field 'sensor'
07-10 11:55:54.823  1278  1278 I ThermalEngine: Found field 'thresholds'
07-10 11:55:54.823  1278  1278 I ThermalEngine: Found field 'thresholds_clr'
07-10 11:55:54.823  1278  1278 I ThermalEngine: Found field 'actions'
07-10 11:55:54.823  1278  1278 I ThermalEngine: Found field 'action_info'
07-10 11:55:54.823  1278  1278 I ThermalEngine: Found field 'descending'
07-10 11:55:54.823  1278  1278 I ThermalEngine: Found section 'VDD_RSTR_MONITOR-TSENS6'
07-10 11:55:54.823  1278  1278 I ThermalEngine: Algo Type 'monitor'
07-10 11:55:54.823  1278  1278 I ThermalEngine: Parsing section VDD_RSTR_MONITOR-TSENS6
07-10 11:55:54.823  1278  1278 I ThermalEngine: Found field 'sampling'
07-10 11:55:54.823  1278  1278 I ThermalEngine: Found field 'sensor'
07-10 11:55:54.823  1278  1278 I ThermalEngine: Found field 'thresholds'
07-10 11:55:54.823  1278  1278 I ThermalEngine: Found field 'thresholds_clr'
07-10 11:55:54.823  1278  1278 I ThermalEngine: Found field 'actions'
07-10 11:55:54.823  1278  1278 I ThermalEngine: Found field 'action_info'
07-10 11:55:54.823  1278  1278 I ThermalEngine: Found field 'descending'
07-10 11:55:54.823  1278  1278 I ThermalEngine: Found section 'VDD_RSTR_MONITOR-TSENS5'
07-10 11:55:54.823  1278  1278 I ThermalEngine: Algo Type 'monitor'
07-10 11:55:54.823  1278  1278 I ThermalEngine: Parsing section VDD_RSTR_MONITOR-TSENS5
07-10 11:55:54.823  1278  1278 I ThermalEngine: Found field 'sampling'
07-10 11:55:54.823  1278  1278 I ThermalEngine: Found field 'sensor'
07-10 11:55:54.823  1278  1278 I ThermalEngine: Found field 'thresholds'
07-10 11:55:54.823  1278  1278 I ThermalEngine: Found field 'thresholds_clr'
07-10 11:55:54.823  1278  1278 I ThermalEngine: Found field 'actions'
07-10 11:55:54.823  1278  1278 I ThermalEngine: Found field 'action_info'
07-10 11:55:54.823  1278  1278 I ThermalEngine: Found field 'descending'
07-10 11:55:54.823  1278  1278 I ThermalEngine: Found section 'VDD_RSTR_MONITOR-TSENS4'
07-10 11:55:54.823  1278  1278 I ThermalEngine: Algo Type 'monitor'
07-10 11:55:54.823  1278  1278 I ThermalEngine: Parsing section VDD_RSTR_MONITOR-TSENS4
07-10 11:55:54.823  1278  1278 I ThermalEngine: Found field 'sampling'
07-10 11:55:54.823  1278  1278 I ThermalEngine: Found field 'sensor'
07-10 11:55:54.823  1278  1278 I ThermalEngine: Found field 'thresholds'
07-10 11:55:54.823  1278  1278 I ThermalEngine: Found field 'thresholds_clr'
07-10 11:55:54.823  1278  1278 I ThermalEngine: Found field 'actions'
07-10 11:55:54.823  1278  1278 I ThermalEngine: Found field 'action_info'
07-10 11:55:54.823  1278  1278 I ThermalEngine: Found field 'descending'
07-10 11:55:54.823  1278  1278 I ThermalEngine: Found section 'VDD_RSTR_MONITOR-TSENS3'
07-10 11:55:54.823  1278  1278 I ThermalEngine: Algo Type 'monitor'
07-10 11:55:54.823  1278  1278 I ThermalEngine: Parsing section VDD_RSTR_MONITOR-TSENS3
07-10 11:55:54.823  1278  1278 I ThermalEngine: Found field 'sampling'
07-10 11:55:54.823  1278  1278 I ThermalEngine: Found field 'sensor'
07-10 11:55:54.823  1278  1278 I ThermalEngine: Found field 'thresholds'
07-10 11:55:54.823  1278  1278 I ThermalEngine: Found field 'thresholds_clr'
07-10 11:55:54.823  1278  1278 I ThermalEngine: Found field 'actions'
07-10 11:55:54.823  1278  1278 I ThermalEngine: Found field 'action_info'
07-10 11:55:54.823  1278  1278 I ThermalEngine: Found field 'descending'
07-10 11:55:54.823  1278  1278 I ThermalEngine: Found section 'VDD_RSTR_MONITOR-TSENS2'
07-10 11:55:54.824  1278  1278 I ThermalEngine: Algo Type 'monitor'
07-10 11:55:54.824  1278  1278 I ThermalEngine: Parsing section VDD_RSTR_MONITOR-TSENS2
07-10 11:55:54.824  1278  1278 I ThermalEngine: Found field 'sampling'
07-10 11:55:54.824  1278  1278 I ThermalEngine: Found field 'sensor'
07-10 11:55:54.824  1278  1278 I ThermalEngine: Found field 'thresholds'
07-10 11:55:54.824  1278  1278 I ThermalEngine: Found field 'thresholds_clr'
07-10 11:55:54.824  1278  1278 I ThermalEngine: Found field 'actions'
07-10 11:55:54.824  1278  1278 I ThermalEngine: Found field 'action_info'
07-10 11:55:54.824  1278  1278 I ThermalEngine: Found field 'descending'
07-10 11:55:54.824  1278  1278 I ThermalEngine: Found section 'VDD_RSTR_MONITOR-TSENS1'
07-10 11:55:54.824  1278  1278 I ThermalEngine: Algo Type 'monitor'
07-10 11:55:54.824  1278  1278 I ThermalEngine: Parsing section VDD_RSTR_MONITOR-TSENS1
07-10 11:55:54.824  1278  1278 I ThermalEngine: Found field 'sampling'
07-10 11:55:54.824  1278  1278 I ThermalEngine: Found field 'sensor'
07-10 11:55:54.824  1278  1278 I ThermalEngine: Found field 'thresholds'
07-10 11:55:54.824  1278  1278 I ThermalEngine: Found field 'thresholds_clr'
07-10 11:55:54.824  1278  1278 I ThermalEngine: Found field 'actions'
07-10 11:55:54.824  1278  1278 I ThermalEngine: Found field 'action_info'
07-10 11:55:54.824  1278  1278 I ThermalEngine: Found field 'descending'
07-10 11:55:54.824  1278  1278 I ThermalEngine: Found section 'VDD_RSTR_MONITOR-TSENS0'
07-10 11:55:54.824  1278  1278 I ThermalEngine: Algo Type 'monitor'
07-10 11:55:54.824  1278  1278 I ThermalEngine: Parsing section VDD_RSTR_MONITOR-TSENS0
07-10 11:55:54.824  1278  1278 I ThermalEngine: Found field 'sampling'
07-10 11:55:54.824  1278  1278 I ThermalEngine: Found field 'sensor'
07-10 11:55:54.824  1278  1278 I ThermalEngine: Found field 'thresholds'
07-10 11:55:54.824  1278  1278 I ThermalEngine: Found field 'thresholds_clr'
07-10 11:55:54.824  1278  1278 I ThermalEngine: Found field 'actions'
07-10 11:55:54.824  1278  1278 I ThermalEngine: Found field 'action_info'
07-10 11:55:54.824  1278  1278 I ThermalEngine: Found field 'descending'
07-10 11:55:54.824  1278  1278 I ThermalEngine: Created section 'XO-THERM-MONITOR0'
07-10 11:55:54.824  1278  1278 I ThermalEngine: Algo Type 'monitor'
07-10 11:55:54.824  1278  1278 I ThermalEngine: Parsing section XO-THERM-MONITOR0
07-10 11:55:54.824  1278  1278 I ThermalEngine: Found field 'sampling'
07-10 11:55:54.824  1278  1278 I ThermalEngine: Found field 'sensor'
07-10 11:55:54.824  1278  1278 I ThermalEngine: Found field 'thresholds'
07-10 11:55:54.824  1278  1278 I ThermalEngine: Found field 'thresholds_clr'
07-10 11:55:54.824  1278  1278 I ThermalEngine: Found field 'actions'
07-10 11:55:54.824  1278  1278 I ThermalEngine: Found field 'action_info'
07-10 11:55:54.824  1278  1278 I ThermalEngine: Created section 'XO-THERM-MONITOR'
07-10 11:55:54.825  1278  1278 I ThermalEngine: Algo Type 'monitor'
07-10 11:55:54.825  1278  1278 I ThermalEngine: Parsing section XO-THERM-MONITOR
07-10 11:55:54.825  1278  1278 I ThermalEngine: Found field 'sampling'
07-10 11:55:54.825  1278  1278 I ThermalEngine: Found field 'sensor'
07-10 11:55:54.825  1278  1278 I ThermalEngine: Found field 'thresholds'
07-10 11:55:54.825  1278  1278 I ThermalEngine: Found field 'thresholds_clr'
07-10 11:55:54.825  1278  1278 I ThermalEngine: Found field 'actions'
07-10 11:55:54.825  1278  1278 I ThermalEngine: Found field 'action_info'
07-10 11:55:54.825  1278  1278 I ThermalEngine: Created section 'XO-THERM-MONITOR1'
07-10 11:55:54.825  1278  1278 I ThermalEngine: Algo Type 'monitor'
07-10 11:55:54.825  1278  1278 I ThermalEngine: Parsing section XO-THERM-MONITOR1
07-10 11:55:54.825  1278  1278 I ThermalEngine: Found field 'sampling'
07-10 11:55:54.825  1278  1278 I ThermalEngine: Found field 'sensor'
07-10 11:55:54.825  1278  1278 I ThermalEngine: Found field 'thresholds'
07-10 11:55:54.825  1278  1278 I ThermalEngine: Found field 'thresholds_clr'
07-10 11:55:54.825  1278  1278 I ThermalEngine: Found field 'actions'
07-10 11:55:54.825  1278  1278 I ThermalEngine: Found field 'action_info'
07-10 11:55:54.825  1278  1278 E ThermalEngine: sensors_manager_reg_clnt: Invalid sensor pop_mem.
07-10 11:55:54.825  1278  1278 E ThermalEngine: pid_algo_init: Sensor clnt create fail pop_mem
07-10 11:55:54.825  1278  1278 E ThermalEngine: sensors_manager_reg_clnt: Invalid sensor cpu3.
07-10 11:55:54.825  1278  1278 E ThermalEngine: pid_algo_init: Sensor clnt create fail cpu3
07-10 11:55:54.826  1278  1278 E ThermalEngine: sensors_manager_reg_clnt: Invalid sensor cpu2.
07-10 11:55:54.826  1278  1278 E ThermalEngine: pid_algo_init: Sensor clnt create fail cpu2
07-10 11:55:54.826  1278  1278 E ThermalEngine: sensors_manager_reg_clnt: Invalid sensor cpu1.
07-10 11:55:54.826  1278  1278 E ThermalEngine: pid_algo_init: Sensor clnt create fail cpu1
07-10 11:55:54.826  1278  1278 E ThermalEngine: sensors_manager_reg_clnt: Invalid sensor cpu0.
07-10 11:55:54.826  1278  1278 E ThermalEngine: pid_algo_init: Sensor clnt create fail cpu0
07-10 11:55:54.826  1278  1278 I ThermalEngine: pid_algo_init: No PID's to be configured.
07-10 11:55:54.826  1278  1278 I ThermalEngine: [XO-THERM-MONITOR1]
07-10 11:55:54.826  1278  1278 I ThermalEngine: algo_type monitor
07-10 11:55:54.826  1278  1278 I ThermalEngine: sampling 2000
07-10 11:55:54.826  1278  1278 I ThermalEngine: sensor xo_therm
07-10 11:55:54.826  1278  1278 I ThermalEngine: thresholds 44000 46000 49000
07-10 11:55:54.826  1278  1278 I ThermalEngine: thresholds_clr 42000 44000 47000
07-10 11:55:54.826  1278  1278 I ThermalEngine: actions cluster1 cluster1 cluster1
07-10 11:55:54.826  1278  1278 I ThermalEngine: action_info 1747200 1401600 1113600
07-10 11:55:54.826  1278  1278 I ThermalEngine: [XO-THERM-MONITOR]
07-10 11:55:54.826  1278  1278 I ThermalEngine: algo_type monitor
07-10 11:55:54.826  1278  1278 I ThermalEngine: sampling 2000
07-10 11:55:54.826  1278  1278 I ThermalEngine: sensor xo_therm
07-10 11:55:54.826  1278  1278 I ThermalEngine: thresholds 42000 45000 48000
07-10 11:55:54.826  1278  1278 I ThermalEngine: thresholds_clr 40000 43000 45000
07-10 11:55:54.826  1278  1278 I ThermalEngine: actions battery battery battery
07-10 11:55:54.826  1278  1278 I ThermalEngine: action_info 2 3 4
07-10 11:55:54.826  1278  1278 I ThermalEngine: [XO-THERM-MONITOR0]
07-10 11:55:54.826  1278  1278 I ThermalEngine: algo_type monitor
07-10 11:55:54.826  1278  1278 I ThermalEngine: sampling 2000
07-10 11:55:54.826  1278  1278 I ThermalEngine: sensor xo_therm
07-10 11:55:54.826  1278  1278 I ThermalEngine: thresholds 45000 50000
07-10 11:55:54.826  1278  1278 I ThermalEngine: thresholds_clr 43000 47000
07-10 11:55:54.826  1278  1278 I ThermalEngine: actions cluster0 cluster0
07-10 11:55:54.826  1278  1278 I ThermalEngine: action_info 1113600 902400
07-10 11:55:54.826  1278  1278 I ThermalEngine: [VDD_RSTR_MONITOR-TSENS13]
07-10 11:55:54.826  1278  1278 I ThermalEngine: #algo_type monitor
07-10 11:55:54.826  1278  1278 I ThermalEngine: sampling 1000
07-10 11:55:54.826  1278  1278 I ThermalEngine: sensor tsens_tz_sensor13
07-10 11:55:54.826  1278  1278 I ThermalEngine: thresholds 5000
07-10 11:55:54.840  1278  1278 W thermal-engine: type=1400 audit(0.0:18): avc: denied { read } for name="uio" dev="sysfs" ino=35514 scontext=u:r:thermal-engine:s0 tcontext=u:object_r:sysfs_uio:s0 tclass=dir permissive=0
07-10 11:55:54.845  1279  1345 E /system/vendor/bin/adsprpcd: vendor/qcom/proprietary/adsprpc/src/apps_std_imp.c:695:Error 45: fopen failed for oemconfig.so. (No such file or directory)
07-10 11:55:54.849  1278  1395 E LimitsPwr: open dir failed on /sys/class/uio, errno = 13
07-10 11:55:54.851  1294  1294 W ADebug  : Failed to get property persist.sys.media.traces
07-10 11:55:54.861  1302  1302 W ADebug  : Failed to get property persist.sys.media.traces
07-10 11:55:54.865  1279  1345 E /system/vendor/bin/adsprpcd: vendor/qcom/proprietary/adsprpc/src/apps_std_imp.c:695:Error 45: fopen failed for adsp_avs_config.acdb. (No such file or directory)
07-10 11:55:54.867  1279  1345 E /system/vendor/bin/adsprpcd: vendor/qcom/proprietary/adsprpc/src/apps_std_imp.c:695:Error 45: fopen failed for remote_heap_config.so. (No such file or directory)
07-10 11:55:54.899  1300  1300 W ADebug  : Failed to get property persist.sys.media.traces
07-10 11:55:54.910  1299  1299 W ADebug  : Failed to get property persist.sys.media.traces
07-10 11:55:54.912  1299  1299 I mediaserver: ServiceManager: 0xe7a988c0
07-10 11:55:54.916  1278  1393 I ThermalEngine: ACTION: MODEM - Vdd_restriction mitigation succeeded for level 0.
07-10 11:55:54.916  1278  1393 I ThermalEngine: Mitigation:VDD[MODEM]:0
07-10 11:55:54.921  1374  1374 D QSEECOMAPI: QSEECom_get_handle sb_length = 0x2000
07-10 11:55:54.922  1374  1374 D QSEECOMAPI: App is not loaded in QSEE
07-10 11:55:54.935  1374  1374 D QSEECOMAPI: app_arch = 2, total_files = 9
07-10 11:55:54.938  1278  1393 I ThermalEngine: ACTION: ADSP - Vdd_restriction mitigation succeeded for level 0.
07-10 11:55:54.939  1278  1393 I ThermalEngine: Mitigation:VDD[ADSP]:0
07-10 11:55:54.939  1278  1393 I ThermalEngine: hotplug_ktm_disable_cb: write out 0
07-10 11:55:54.940  1302  1302 I mediametrics: ServiceManager: 0x763b83f6c0
07-10 11:55:54.940  1302  1302 D MediaAnalyticsService: MediaAnalyticsService created
07-10 11:55:54.940  1302  1302 D MediaAnalyticsService: MediaAnalyticsService::newSummarizerSet
07-10 11:55:54.942  1290  1290 W ADebug  : Failed to get property persist.sys.media.traces
07-10 11:55:54.947  1304  1304 I Netd    : Netd 1.0 starting
07-10 11:55:54.968  1279  1345 E /system/vendor/bin/adsprpcd: vendor/qcom/proprietary/adsprpc/src/apps_std_imp.c:695:Error 45: fopen failed for custom_sm_ecns_1.so.1. (No such file or directory)
07-10 11:55:54.970  1279  1345 E /system/vendor/bin/adsprpcd: vendor/qcom/proprietary/adsprpc/src/apps_std_imp.c:695:Error 45: fopen failed for custom_sm_ecns_2.so.1. (No such file or directory)
07-10 11:55:54.972  1279  1345 E /system/vendor/bin/adsprpcd: vendor/qcom/proprietary/adsprpc/src/apps_std_imp.c:695:Error 45: fopen failed for custom_dm_ecns_1.so.1. (No such file or directory)
07-10 11:55:54.974  1279  1345 E /system/vendor/bin/adsprpcd: vendor/qcom/proprietary/adsprpc/src/apps_std_imp.c:695:Error 45: fopen failed for custom_dm_ecns_2.so.1. (No such file or directory)
07-10 11:55:54.976  1304  1304 D TetherController: Setting IP forward enable = 0
07-10 11:55:54.981  1401  1401 D android.hardware.biometrics.fingerprint@2.1-service: Opening fingerprint hal library...
07-10 11:55:54.982  1401  1401 D android.hardware.biometrics.fingerprint@2.1-service: Macle property...property
07-10 11:55:54.982  1401  1401 E android.hardware.biometrics.fingerprint@2.1-service: fingerprintd openHal
07-10 11:55:54.982  1401  1401 E android.hardware.biometrics.fingerprint@2.1-service: fingerprintd openHal fpc
07-10 11:55:54.982  1401  1401 D vndksupport: Loading /vendor/lib64/hw/fingerprint.fpc.default.so from current namespace instead of sphal namespace.
07-10 11:55:54.985  1279  1345 E /system/vendor/bin/adsprpcd: vendor/qcom/proprietary/adsprpc/src/apps_std_imp.c:695:Error 45: fopen failed for custom_qm_ecns_1.so.1. (No such file or directory)
07-10 11:55:54.987  1279  1345 E /system/vendor/bin/adsprpcd: vendor/qcom/proprietary/adsprpc/src/apps_std_imp.c:695:Error 45: fopen failed for custom_qm_ecns_2.so.1. (No such file or directory)
07-10 11:55:54.988  1290  1290 D AndroidRuntime: >>>>>> START com.android.internal.os.ZygoteInit uid 0 <<<<<<
07-10 11:55:54.990  1279  1345 E /system/vendor/bin/adsprpcd: vendor/qcom/proprietary/adsprpc/src/apps_std_imp.c:695:Error 45: fopen failed for capi_v2_dummy_ecns.so.1. (No such file or directory)
07-10 11:55:54.991  1318  1413 D QCALOG  : [location-mq] SRV Socket-Opend
07-10 11:55:54.993  1279  1345 E /system/vendor/bin/adsprpcd: vendor/qcom/proprietary/adsprpc/src/apps_std_imp.c:695:Error 45: fopen failed for capi_v2_voice_imc_tx.so.1. (No such file or directory)
07-10 11:55:54.995  1279  1345 E /system/vendor/bin/adsprpcd: vendor/qcom/proprietary/adsprpc/src/apps_std_imp.c:695:Error 45: fopen failed for capi_v2_dummy_ecns.so.1. (No such file or directory)
07-10 11:55:54.997  1279  1345 E /system/vendor/bin/adsprpcd: vendor/qcom/proprietary/adsprpc/src/apps_std_imp.c:695:Error 45: fopen failed for capi_v2_voice_imc_rx.so.1. (No such file or directory)
07-10 11:55:54.999  1279  1345 E /system/vendor/bin/adsprpcd: vendor/qcom/proprietary/adsprpc/src/apps_std_imp.c:695:Error 45: fopen failed for capi_v2_dummy_ecns.so.1. (No such file or directory)
07-10 11:55:55.003   812   812 D QCamera : Debug log file is not enabled
07-10 11:55:55.004   812   812 I mm-camera: <MCT   >< INFO> 118: mct_controller_new: Creating new mct_controller with session-id 3
07-10 11:55:55.006  1398  1398 I /system/bin/tombstoned: tombstoned successfully initialized
07-10 11:55:55.013  1306  1306 I wificond: wificond is starting up...
07-10 11:55:55.013  1306  1306 I wificond: InitializeIcuOrDie...
07-10 11:55:55.013  1387  1387 I QFP     : main: App build date: Apr 30 2018 02:30:16 
07-10 11:55:55.013  1387  1387 W QFP     : main: fingerprint not enabled, suspending
07-10 11:55:55.023  1309  1309 W ADebug  : Failed to get property persist.sys.media.traces
07-10 11:55:55.034  1288  1288 W ADebug  : Failed to get property persist.sys.media.traces
07-10 11:55:55.056  1401  1401 D fpc_fingerprint_hal: fpc_hal_open
07-10 11:55:55.070  1290  1290 I zygote  : option[0]=-Xzygote
07-10 11:55:55.070  1290  1290 I zygote  : option[1]=-Xusetombstonedtraces
07-10 11:55:55.070  1290  1290 I zygote  : option[2]=exit
07-10 11:55:55.070  1290  1290 I zygote  : option[3]=vfprintf
07-10 11:55:55.070  1290  1290 I zygote  : option[4]=sensitiveThread
07-10 11:55:55.070  1290  1290 I zygote  : option[5]=-verbose:gc
07-10 11:55:55.070  1290  1290 I zygote  : option[6]=-Xms8m
07-10 11:55:55.070  1290  1290 I zygote  : option[7]=-Xmx512m
07-10 11:55:55.070  1290  1290 I zygote  : option[8]=-XX:HeapGrowthLimit=256m
07-10 11:55:55.070  1290  1290 I zygote  : option[9]=-XX:HeapMinFree=512k
07-10 11:55:55.070  1290  1290 I zygote  : option[10]=-XX:HeapMaxFree=8m
07-10 11:55:55.070  1290  1290 I zygote  : option[11]=-XX:HeapTargetUtilization=0.75
07-10 11:55:55.070  1290  1290 I zygote  : option[12]=-Xusejit:true
07-10 11:55:55.070  1290  1290 I zygote  : option[13]=-Xjitsaveprofilinginfo
07-10 11:55:55.070  1290  1290 I zygote  : option[14]=-agentlib:jdwp=transport=dt_android_adb,suspend=n,server=y
07-10 11:55:55.070  1290  1290 I zygote  : option[15]=-Xlockprofthreshold:500
07-10 11:55:55.070  1290  1290 I zygote  : option[16]=-Ximage-compiler-option
07-10 11:55:55.070  1290  1290 I zygote  : option[17]=--runtime-arg
07-10 11:55:55.070  1290  1290 I zygote  : option[18]=-Ximage-compiler-option
07-10 11:55:55.070  1290  1290 I zygote  : option[19]=-Xms64m
07-10 11:55:55.070  1290  1290 I zygote  : option[20]=-Ximage-compiler-option
07-10 11:55:55.070  1290  1290 I zygote  : option[21]=--runtime-arg
07-10 11:55:55.070  1290  1290 I zygote  : option[22]=-Ximage-compiler-option
07-10 11:55:55.070  1290  1290 I zygote  : option[23]=-Xmx64m
07-10 11:55:55.070  1290  1290 I zygote  : option[24]=-Ximage-compiler-option
07-10 11:55:55.070  1290  1290 I zygote  : option[25]=--image-classes=/system/etc/preloaded-classes
07-10 11:55:55.070  1290  1290 I zygote  : option[26]=-Ximage-compiler-option
07-10 11:55:55.070  1290  1290 I zygote  : option[27]=--compiled-classes=/system/etc/compiled-classes
07-10 11:55:55.070  1290  1290 I zygote  : option[28]=-Ximage-compiler-option
07-10 11:55:55.071  1290  1290 I zygote  : option[29]=--dirty-image-objects=/system/etc/dirty-image-objects
07-10 11:55:55.071  1290  1290 I zygote  : option[30]=-Xcompiler-option
07-10 11:55:55.071  1290  1290 I zygote  : option[31]=--runtime-arg
07-10 11:55:55.071  1290  1290 I zygote  : option[32]=-Xcompiler-option
07-10 11:55:55.071  1290  1290 I zygote  : option[33]=-Xms64m
07-10 11:55:55.071  1290  1290 I zygote  : option[34]=-Xcompiler-option
07-10 11:55:55.071  1290  1290 I zygote  : option[35]=--runtime-arg
07-10 11:55:55.071  1290  1290 I zygote  : option[36]=-Xcompiler-option
07-10 11:55:55.071  1290  1290 I zygote  : option[37]=-Xmx512m
07-10 11:55:55.071  1290  1290 I zygote  : option[38]=-Ximage-compiler-option
07-10 11:55:55.071  1290  1290 I zygote  : option[39]=--instruction-set-variant=cortex-a53
07-10 11:55:55.071  1290  1290 I zygote  : option[40]=-Xcompiler-option
07-10 11:55:55.071  1290  1290 I zygote  : option[41]=--instruction-set-variant=cortex-a53
07-10 11:55:55.071  1290  1290 I zygote  : option[42]=-Ximage-compiler-option
07-10 11:55:55.071  1290  1290 I zygote  : option[43]=--instruction-set-features=default
07-10 11:55:55.071  1290  1290 I zygote  : option[44]=-Xcompiler-option
07-10 11:55:55.071  1290  1290 I zygote  : option[45]=--instruction-set-features=default
07-10 11:55:55.071  1290  1290 I zygote  : option[46]=-Duser.locale=en-IN
07-10 11:55:55.071  1290  1290 I zygote  : option[47]=--cpu-abilist=armeabi-v7a,armeabi
07-10 11:55:55.071  1290  1290 I zygote  : option[48]=-Xfingerprint:GM/GM9PRO/GM9PRO_sprout:8.1.0/OPM1.171019.019/95:userdebug/release-keys
07-10 11:55:55.074  1288  1288 D AndroidRuntime: >>>>>> START com.android.internal.os.ZygoteInit uid 0 <<<<<<
07-10 11:55:55.075  1392  1392 I gatekeeperd: Starting gatekeeperd...
07-10 11:55:55.076  1401  1401 E fpc_tac : Unable to open '/sys/devices/soc//7940000.etm/modalias'
07-10 11:55:55.077  1401  1401 E fpc_tac : Unable to open '/sys/devices/soc//71c3000.funnel/modalias'
07-10 11:55:55.080  1303  1303 W ADebug  : Failed to get property persist.sys.media.traces
07-10 11:55:55.082  1300  1300 V MediaUtils: physMem: 3906736128
07-10 11:55:55.082  1300  1300 V MediaUtils: requested limit: 781347220
07-10 11:55:55.082  1300  1300 V MediaUtils: cfi shadow size: 2147483648
07-10 11:55:55.082  1300  1300 V MediaUtils: actual limit: 2928830868
07-10 11:55:55.082  1300  1300 V MediaUtils: original limits: -1/-1
07-10 11:55:55.082  1300  1300 V MediaUtils: new limits: 2928830868/-1
07-10 11:55:55.083  1401  1401 E fpc_tac : Unable to open '/sys/devices/soc//power/modalias'
07-10 11:55:55.083  1401  1401 D fpc_tac : 'modalias'='of:Nfpc1020T<NULL>Cfpc,fpc1020' found on  path '/sys/devices/soc//soc:fpc1020/'
07-10 11:55:55.083   812  1432 I mm-camera: <MCT   >< INFO> 5140: mct_pipeline_start_session_thread: E sensor
07-10 11:55:55.083  1401  1401 D QSEECOMAPI: QSEECom_get_handle sb_length = 0x80
07-10 11:55:55.084   812  1432 I mm-camera: <MCT   >< INFO> 5147: mct_pipeline_start_session_thread: Calling start_session on Module sensor
07-10 11:55:55.087  1306  1306 I wificond: InitializeIcuOrDie finished...
07-10 11:55:55.088  1306  1306 I wificond: wifigbk_init...
07-10 11:55:55.098   812  1439 I mm-camera: <MCT   >< INFO> 5140: mct_pipeline_start_session_thread: E iface
07-10 11:55:55.098   812  1439 I mm-camera: <MCT   >< INFO> 5147: mct_pipeline_start_session_thread: Calling start_session on Module iface
07-10 11:55:55.111  1304  1304 I Netd    : Creating child chains: 127.8ms
07-10 11:55:55.111  1304  1304 I Netd    : Setting up OEM hooks: 0.3ms
07-10 11:55:55.113   812  1439 I mm-camera: <MCT   >< INFO> 5150: mct_pipeline_start_session_thread: Module iface start_session rc = 1
07-10 11:55:55.113   812  1439 I mm-camera: <MCT   >< INFO> 5158: mct_pipeline_start_session_thread: started_num = 1, success = 1
07-10 11:55:55.113   812  1439 I mm-camera: <MCT   >< INFO> 5165: mct_pipeline_start_session_thread: X iface
07-10 11:55:55.114   812  1443 I mm-camera: <MCT   >< INFO> 5140: mct_pipeline_start_session_thread: E isp
07-10 11:55:55.114   812  1443 I mm-camera: <MCT   >< INFO> 5147: mct_pipeline_start_session_thread: Calling start_session on Module isp
07-10 11:55:55.115   812  1443 I mm-camera: <ISP   >< INFO> 210: isp_module_start_session: session id 3 
07-10 11:55:55.120   812  1447 I mm-camera: <MCT   >< INFO> 5140: mct_pipeline_start_session_thread: E stats
07-10 11:55:55.122   812  1447 I mm-camera: <MCT   >< INFO> 5147: mct_pipeline_start_session_thread: Calling start_session on Module stats
07-10 11:55:55.122   812  1447 I DmbrContextAPI: VIDHANCE dmbr_create_context user=0xebefb280
07-10 11:55:55.124  1303  1303 I mediaserver: ServiceManager: 0xece18960
07-10 11:55:55.126  1303  1303 W BatteryNotifier: batterystats service unavailable!
07-10 11:55:55.128   812  1432 I mm-camera: <MCT   >< INFO> 5150: mct_pipeline_start_session_thread: Module sensor start_session rc = 1
07-10 11:55:55.128   812  1432 I mm-camera: <MCT   >< INFO> 5158: mct_pipeline_start_session_thread: started_num = 2, success = 2
07-10 11:55:55.128   812  1432 I mm-camera: <MCT   >< INFO> 5165: mct_pipeline_start_session_thread: X sensor
07-10 11:55:55.131  1300  1300 W /system/bin/mediaextractor: libminijail[1300]: allowing syscall: connect
07-10 11:55:55.131  1300  1300 W /system/bin/mediaextractor: libminijail[1300]: allowing syscall: fcntl
07-10 11:55:55.131  1300  1300 W /system/bin/mediaextractor: libminijail[1300]: allowing syscall: sendto
07-10 11:55:55.131  1300  1300 W /system/bin/mediaextractor: libminijail[1300]: allowing syscall: socket
07-10 11:55:55.131  1300  1300 W /system/bin/mediaextractor: libminijail[1300]: allowing syscall: writev
07-10 11:55:55.131  1300  1300 W /system/bin/mediaextractor: libminijail[1300]: compile_file: nonexistent syscall '_llseek'
07-10 11:55:55.132  1300  1300 W /system/bin/mediaextractor: libminijail[1300]: logging seccomp filter failures
07-10 11:55:55.138  1304  1304 I Netd    : Setting up FirewallController hooks: 27.2ms
07-10 11:55:55.147  1386  1386 E Seemp   : SEEMP_LOG_SPHINX: (Native) Start Delay for Main Process is 2 seconds
07-10 11:55:55.147   812  1447 I mm-camera: <MCT   >< INFO> 5150: mct_pipeline_start_session_thread: Module stats start_session rc = 1
07-10 11:55:55.147   812  1447 I mm-camera: <MCT   >< INFO> 5158: mct_pipeline_start_session_thread: started_num = 3, success = 3
07-10 11:55:55.147   812  1447 I mm-camera: <MCT   >< INFO> 5165: mct_pipeline_start_session_thread: X stats
07-10 11:55:55.162  1419  1419 I LOWI-8.5.0.3.b: [MessageQ_Client] connecting to server [/data/vendor/location/mq/location-mq-s]
07-10 11:55:55.163  1419  1419 I LOWI-8.5.0.3.b: [MessageQ_Client] connected
07-10 11:55:55.163  1419  1419 I LOWI-8.5.0.3.b: [LOWIController] loadConfigItems: Log level = 3, Cache Records = 100, max queue size = 255, fresh scan threshold = 500
07-10 11:55:55.163  1419  1419 E Diag_Lib:  Diag_LSM_Init: Failed to open handle to diag driver, error = 13
07-10 11:55:55.163  1419  1419 E LOWI-8.5.0.3.b: [LOWIDiagLog] Diag logging could not be enabled
07-10 11:55:55.163  1288  1288 I zygote64: option[0]=-Xzygote
07-10 11:55:55.163  1288  1288 I zygote64: option[1]=-Xusetombstonedtraces
07-10 11:55:55.163  1288  1288 I zygote64: option[2]=exit
07-10 11:55:55.163  1288  1288 I zygote64: option[3]=vfprintf
07-10 11:55:55.163  1288  1288 I zygote64: option[4]=sensitiveThread
07-10 11:55:55.163  1288  1288 I zygote64: option[5]=-verbose:gc
07-10 11:55:55.163  1288  1288 I zygote64: option[6]=-Xms8m
07-10 11:55:55.163  1288  1288 I zygote64: option[7]=-Xmx512m
07-10 11:55:55.163  1288  1288 I zygote64: option[8]=-XX:HeapGrowthLimit=256m
07-10 11:55:55.163  1288  1288 I zygote64: option[9]=-XX:HeapMinFree=512k
07-10 11:55:55.164  1288  1288 I zygote64: option[10]=-XX:HeapMaxFree=8m
07-10 11:55:55.164  1288  1288 I zygote64: option[11]=-XX:HeapTargetUtilization=0.75
07-10 11:55:55.164  1288  1288 I zygote64: option[12]=-Xusejit:true
07-10 11:55:55.164  1288  1288 I zygote64: option[13]=-Xjitsaveprofilinginfo
07-10 11:55:55.164  1288  1288 I zygote64: option[14]=-agentlib:jdwp=transport=dt_android_adb,suspend=n,server=y
07-10 11:55:55.164  1288  1288 I zygote64: option[15]=-Xlockprofthreshold:500
07-10 11:55:55.164  1288  1288 I zygote64: option[16]=-Ximage-compiler-option
07-10 11:55:55.164  1288  1288 I zygote64: option[17]=--runtime-arg
07-10 11:55:55.164  1288  1288 I zygote64: option[18]=-Ximage-compiler-option
07-10 11:55:55.164  1288  1288 I zygote64: option[19]=-Xms64m
07-10 11:55:55.164  1288  1288 I zygote64: option[20]=-Ximage-compiler-option
07-10 11:55:55.164  1288  1288 I zygote64: option[21]=--runtime-arg
07-10 11:55:55.164  1288  1288 I zygote64: option[22]=-Ximage-compiler-option
07-10 11:55:55.164  1288  1288 I zygote64: option[23]=-Xmx64m
07-10 11:55:55.164  1288  1288 I zygote64: option[24]=-Ximage-compiler-option
07-10 11:55:55.164  1288  1288 I zygote64: option[25]=--image-classes=/system/etc/preloaded-classes
07-10 11:55:55.164  1288  1288 I zygote64: option[26]=-Ximage-compiler-option
07-10 11:55:55.164  1288  1288 I zygote64: option[27]=--compiled-classes=/system/etc/compiled-classes
07-10 11:55:55.164  1288  1288 I zygote64: option[28]=-Ximage-compiler-option
07-10 11:55:55.164  1288  1288 I zygote64: option[29]=--dirty-image-objects=/system/etc/dirty-image-objects
07-10 11:55:55.164  1288  1288 I zygote64: option[30]=-Xcompiler-option
07-10 11:55:55.164  1288  1288 I zygote64: option[31]=--runtime-arg
07-10 11:55:55.164  1288  1288 I zygote64: option[32]=-Xcompiler-option
07-10 11:55:55.164  1288  1288 I zygote64: option[33]=-Xms64m
07-10 11:55:55.164  1288  1288 I zygote64: option[34]=-Xcompiler-option
07-10 11:55:55.164  1288  1288 I zygote64: option[35]=--runtime-arg
07-10 11:55:55.164  1288  1288 I zygote64: option[36]=-Xcompiler-option
07-10 11:55:55.164  1288  1288 I zygote64: option[37]=-Xmx512m
07-10 11:55:55.164  1288  1288 I zygote64: option[38]=-Ximage-compiler-option
07-10 11:55:55.164  1288  1288 I zygote64: option[39]=--instruction-set-variant=generic
07-10 11:55:55.164  1288  1288 I zygote64: option[40]=-Xcompiler-option
07-10 11:55:55.164  1288  1288 I zygote64: option[41]=--instruction-set-variant=generic
07-10 11:55:55.164  1288  1288 I zygote64: option[42]=-Ximage-compiler-option
07-10 11:55:55.164  1288  1288 I zygote64: option[43]=--instruction-set-features=default
07-10 11:55:55.164  1288  1288 I zygote64: option[44]=-Xcompiler-option
07-10 11:55:55.164  1288  1288 I zygote64: option[45]=--instruction-set-features=default
07-10 11:55:55.164  1288  1288 I zygote64: option[46]=-Duser.locale=en-IN
07-10 11:55:55.164  1288  1288 I zygote64: option[47]=--cpu-abilist=arm64-v8a
07-10 11:55:55.164  1288  1288 I zygote64: option[48]=-Xfingerprint:GM/GM9PRO/GM9PRO_sprout:8.1.0/OPM1.171019.019/95:userdebug/release-keys
07-10 11:55:55.172   812  1455 I mm-camera: <MCT   >< INFO> 5140: mct_pipeline_start_session_thread: E pproc
07-10 11:55:55.172   812  1455 I mm-camera: <MCT   >< INFO> 5147: mct_pipeline_start_session_thread: Calling start_session on Module pproc
07-10 11:55:55.174  1419  1460 I LOWI-8.5.0.3.b: [LOWIController] Client controller entering event loop
07-10 11:55:55.182  1309  1309 I /vendor/bin/hw/android.hardware.media.omx@1.0-service: mediacodecservice starting
07-10 11:55:55.191  1304  1304 I Netd    : Setting up NatController hooks: 52.9ms
07-10 11:55:55.194   812  1462 I mm-camera: <MCT   >< INFO> 5140: mct_pipeline_start_session_thread: E imglib
07-10 11:55:55.195   812  1462 I mm-camera: <MCT   >< INFO> 5147: mct_pipeline_start_session_thread: Calling start_session on Module imglib
07-10 11:55:55.195   812  1462 I mm-camera: <MCT   >< INFO> 5150: mct_pipeline_start_session_thread: Module imglib start_session rc = 1
07-10 11:55:55.195   812  1462 I mm-camera: <MCT   >< INFO> 5158: mct_pipeline_start_session_thread: started_num = 4, success = 4
07-10 11:55:55.195   812  1462 I mm-camera: <MCT   >< INFO> 5165: mct_pipeline_start_session_thread: X imglib
07-10 11:55:55.200  1309  1309 W /vendor/bin/hw/android.hardware.media.omx@1.0-service: libminijail[1309]: allowing syscall: clock_gettime
07-10 11:55:55.200  1309  1309 W /vendor/bin/hw/android.hardware.media.omx@1.0-service: libminijail[1309]: allowing syscall: connect
07-10 11:55:55.200  1309  1309 W /vendor/bin/hw/android.hardware.media.omx@1.0-service: libminijail[1309]: allowing syscall: fcntl64
07-10 11:55:55.200  1309  1309 W /vendor/bin/hw/android.hardware.media.omx@1.0-service: libminijail[1309]: allowing syscall: socket
07-10 11:55:55.200  1309  1309 W /vendor/bin/hw/android.hardware.media.omx@1.0-service: libminijail[1309]: allowing syscall: writev
07-10 11:55:55.200  1309  1309 W /vendor/bin/hw/android.hardware.media.omx@1.0-service: libminijail[1309]: logging seccomp filter failures
07-10 11:55:55.201  1305  1456 I ServiceManager: Waiting for service package_native...
07-10 11:55:55.203  1304  1304 I Netd    : Setting up BandwidthController hooks: 11.9ms
07-10 11:55:55.203  1304  1304 I Netd    : Setting up IdletimerController hooks: 0.1ms
