07-10 11:56:40.908  2442  3315 D QtiSubscriptionController: getPhoneId, received dummy subId 2147483643
07-10 11:56:40.969  2442  2712 I chatty  : uid=1001(radio) Binder:2442_3 expire 4 lines
07-10 11:56:40.976  2442  2712 D QtiSubscriptionController: getPhoneId, received dummy subId 2147483643
07-10 11:56:41.238  2442  2712 D SubscriptionController: [getPhoneId]- no sims, returning default phoneId=0
07-10 11:56:41.640  2442  2712 D SubscriptionController: [getPhoneId]- no sims, returning default phoneId=0
07-10 11:56:41.647  2442  3315 D QtiSubscriptionController: getPhoneId, received dummy subId 2147483643
07-10 11:56:41.657  2442  2712 D SubscriptionController: [getPhoneId]- no sims, returning default phoneId=0
07-10 11:56:41.666  2442  3315 D QtiSubscriptionController: getPhoneId, received dummy subId 2147483643
07-10 11:56:41.679  2442  3315 I chatty  : uid=1001(radio) Binder:2442_6 identical 4 lines
07-10 11:56:41.686  2442  3315 D QtiSubscriptionController: getPhoneId, received dummy subId 2147483643
07-10 11:56:41.717  3084  3298 D TelephonyManager: getCellLocation returning null due to NullPointerException java.lang.NullPointerException: Attempt to invoke virtual method 'boolean android.os.Bundle.isEmpty()' on a null object reference
07-10 11:56:41.994  2442  2712 D SubscriptionController: [getPhoneId]- no sims, returning default phoneId=0
07-10 11:56:42.103  2442  3365 D QtiSubscriptionController: getPhoneId, received dummy subId 2147483643
07-10 11:56:42.128  2442  2442 D QtiGsmDCT: [0]NETWORK_STATE_CHANGED_ACTION: mIsWifiConnected=false
07-10 11:56:42.143  2442  3315 D QtiSubscriptionController: getPhoneId, received dummy subId 2147483643
07-10 11:56:42.143  2442  3315 I chatty  : uid=1001(radio) Binder:2442_6 identical 1 line
07-10 11:56:42.153  2442  3315 D QtiSubscriptionController: getPhoneId, received dummy subId 2147483643
07-10 11:56:42.153  2442  2442 D QtiGsmDCT: [0]NETWORK_STATE_CHANGED_ACTION: mIsWifiConnected=false
07-10 11:56:42.158  2442  3315 D QtiSubscriptionController: getPhoneId, received dummy subId 2147483643
07-10 11:56:42.179  2442  2442 D TelephonyNetworkFactory[0]: not acting - isApp=false, isAct=false NetworkRequest [ REQUEST id=1, [ Capabilities: INTERNET&NOT_RESTRICTED&TRUSTED&NOT_VPN] ]
07-10 11:56:42.180  2442  2442 D TelephonyNetworkFactory[0]: not acting - isApp=false, isAct=false NetworkRequest [ TRACK_DEFAULT id=3, [ Capabilities: INTERNET&NOT_RESTRICTED&TRUSTED&NOT_VPN] ]
07-10 11:56:42.182  2442  2442 D TelephonyNetworkFactory[0]: not acting - isApp=false, isAct=false NetworkRequest [ TRACK_DEFAULT id=6, [ Capabilities: INTERNET&NOT_RESTRICTED&TRUSTED&NOT_VPN] ]
07-10 11:56:42.183  2442  2442 D TelephonyNetworkFactory[0]: not acting - isApp=false, isAct=false NetworkRequest [ TRACK_DEFAULT id=9, [ Capabilities: INTERNET&NOT_RESTRICTED&TRUSTED&NOT_VPN] ]
07-10 11:56:42.183  2442  2442 D TelephonyNetworkFactory[0]: not acting - isApp=false, isAct=false NetworkRequest [ TRACK_DEFAULT id=16, [ Capabilities: INTERNET&NOT_RESTRICTED&TRUSTED&NOT_VPN] ]
07-10 11:56:42.201  2442  3315 D QtiSubscriptionController: getPhoneId, received dummy subId 2147483643
07-10 11:56:42.277  2442  3315 D QtiSubscriptionController: getPhoneId, received dummy subId 2147483643
07-10 11:56:42.283  2442  2442 D QtiGsmDCT: [0]NETWORK_STATE_CHANGED_ACTION: mIsWifiConnected=false
07-10 11:56:42.288  2442  2442 D QtiGsmDCT: [0]Wifi state changed
07-10 11:56:42.288  2442  2442 D QtiGsmDCT: [0]WIFI_STATE_CHANGED_ACTION: enabled=false mIsWifiConnected=false
07-10 11:56:42.306  2442  3315 D QtiSubscriptionController: getPhoneId, received dummy subId 2147483643
07-10 11:56:42.383  2442  3365 D SubscriptionController: [getPhoneId]- no sims, returning default phoneId=0
07-10 11:56:42.393  2442  3315 D QtiSubscriptionController: getPhoneId, received dummy subId 2147483643
07-10 11:56:42.410  2442  3315 D QtiSubscriptionController: getPhoneId, received dummy subId 2147483643
07-10 11:56:42.422  2442  3315 I chatty  : uid=1001(radio) Binder:2442_6 identical 4 lines
07-10 11:56:42.428  2442  3315 D QtiSubscriptionController: getPhoneId, received dummy subId 2147483643
07-10 11:56:42.438  3084  6248 D TelephonyManager: getCellLocation returning null due to NullPointerException java.lang.NullPointerException: Attempt to invoke virtual method 'boolean android.os.Bundle.isEmpty()' on a null object reference
07-10 11:56:42.617  2442  3315 D QtiSubscriptionController: getPhoneId, received dummy subId 2147483643
07-10 11:56:42.622  2442  2442 D QtiGsmDCT: [0]Wifi state changed
07-10 11:56:42.622  2442  2442 D QtiGsmDCT: [0]WIFI_STATE_CHANGED_ACTION: enabled=false mIsWifiConnected=false
07-10 11:56:42.854  2442  2712 D QtiSubscriptionController: getPhoneId, received dummy subId 2147483643
07-10 11:56:42.912  2442  2712 D QtiSubscriptionController: getPhoneId, received dummy subId 2147483643
07-10 11:56:42.931  2442  3315 D QtiSubscriptionController: getPhoneId, received dummy subId 2147483643
07-10 11:57:01.621  2442  3315 I chatty  : uid=1001(radio) Binder:2442_6 identical 4 lines
07-10 11:57:01.666  2442  3315 D QtiSubscriptionController: getPhoneId, received dummy subId 2147483643
07-10 11:57:16.694  2442  3315 D SubscriptionController: [getPhoneId]- no sims, returning default phoneId=0
07-10 11:57:23.590  2442  3315 D SubscriptionController: [getPhoneId]- no sims, returning default phoneId=0
07-10 11:57:24.498  2442  3315 D QtiSubscriptionController: getPhoneId, received dummy subId 2147483643
07-10 11:57:25.222  2442  3315 D SubscriptionController: [getPhoneId]- no sims, returning default phoneId=0
07-10 11:57:25.229  2442  3315 D QtiSubscriptionController: getPhoneId, received dummy subId 2147483643
07-10 11:57:25.231  2442  3315 D QtiSubscriptionController: getPhoneId, received dummy subId 2147483643
07-10 11:57:25.243  2442  3315 D SubscriptionController: [getPhoneId]- no sims, returning default phoneId=0
07-10 11:57:25.247  2442  3315 D QtiSubscriptionController: getPhoneId, received dummy subId 2147483643
07-10 11:57:25.249  2442  3315 D QtiSubscriptionController: getPhoneId, received dummy subId 2147483643
07-10 11:57:27.364  2442  3315 D SubscriptionController: [getPhoneId]- no sims, returning default phoneId=0
07-10 11:57:30.091  2442  3315 D SubscriptionController: [getPhoneId]- no sims, returning default phoneId=0
07-10 11:57:43.103  2442  3315 D QtiSubscriptionController: getPhoneId, received dummy subId 2147483643
07-10 11:57:43.169  2442  3315 I chatty  : uid=1001(radio) Binder:2442_6 identical 4 lines
07-10 11:57:43.174  2442  3315 D QtiSubscriptionController: getPhoneId, received dummy subId 2147483643
07-10 11:57:44.072  2442  2712 D QtiSubscriptionController: getPhoneId, received dummy subId 2147483643
07-10 11:57:47.008  2442  2712 D SubscriptionController: [getPhoneId]- no sims, returning default phoneId=0
07-10 11:57:47.121  2442  2712 D SubscriptionController: [getPhoneId]- no sims, returning default phoneId=0
07-10 11:57:49.242  2442  2442 D QtiGsmDCT: [0]Wifi state changed
07-10 11:57:49.242  2442  2442 D QtiGsmDCT: [0]WIFI_STATE_CHANGED_ACTION: enabled=false mIsWifiConnected=false
07-10 11:57:49.250  2442  2442 D QtiGsmDCT: [0]Wifi state changed
07-10 11:57:49.250  2442  2442 D QtiGsmDCT: [0]WIFI_STATE_CHANGED_ACTION: enabled=true mIsWifiConnected=false
07-10 11:57:50.669  2442  3315 D QtiSubscriptionController: getPhoneId, received dummy subId 2147483643
07-10 11:57:51.458  2442  3315 D SubscriptionController: [getPhoneId]- no sims, returning default phoneId=0
07-10 11:57:51.462  2442  3315 D QtiSubscriptionController: getPhoneId, received dummy subId 2147483643
07-10 11:57:51.463  2442  3315 D QtiSubscriptionController: getPhoneId, received dummy subId 2147483643
07-10 11:57:51.656  2442  3315 D SubscriptionController: [getPhoneId] asked for default subId=2147483643
07-10 11:57:51.656  2442  3315 D QtiSubscriptionController: getPhoneId, received dummy subId 2147483643
07-10 11:57:54.082  2442  3315 I chatty  : uid=1001(radio) Binder:2442_6 identical 1 line
07-10 11:57:56.340  2442  3315 D QtiSubscriptionController: getPhoneId, received dummy subId 2147483643
07-10 11:57:59.901  2442  2712 D SubscriptionController: [getPhoneId]- no sims, returning default phoneId=0
07-10 11:58:00.203  2442  2712 I chatty  : uid=1001(radio) Binder:2442_3 identical 1 line
07-10 11:58:00.536  2442  2712 D SubscriptionController: [getPhoneId]- no sims, returning default phoneId=0
07-10 11:58:01.236  2442  2712 D QtiSubscriptionController: getPhoneId, received dummy subId 2147483643
07-10 11:58:01.237  2442  2712 I chatty  : uid=1001(radio) Binder:2442_3 identical 1 line
07-10 11:58:01.239  2442  2712 D QtiSubscriptionController: getPhoneId, received dummy subId 2147483643
07-10 11:58:08.499  2442  2712 D SubscriptionController: [getPhoneId]- no sims, returning default phoneId=0
07-10 11:58:08.503  2442  2712 D QtiSubscriptionController: getPhoneId, received dummy subId 2147483643
07-10 11:58:08.517  2442  2712 D QtiSubscriptionController: getPhoneId, received dummy subId 2147483643
07-10 11:58:08.532  2442  2712 D SubscriptionController: [getPhoneId]- no sims, returning default phoneId=0
07-10 11:58:08.534  2442  2712 D QtiSubscriptionController: getPhoneId, received dummy subId 2147483643
07-10 11:58:08.536  2442  2712 D QtiSubscriptionController: getPhoneId, received dummy subId 2147483643
07-10 11:58:11.975  2442  2712 D SubscriptionController: [getPhoneId]- no sims, returning default phoneId=0
07-10 11:58:11.978  2442  2712 D QtiSubscriptionController: getPhoneId, received dummy subId 2147483643
07-10 11:58:11.982  2442  2712 D QtiSubscriptionController: getPhoneId, received dummy subId 2147483643
07-10 11:58:22.974  2442  2712 D SubscriptionController: [getActiveSubInfoList] Sub Controller not ready
07-10 11:58:22.989  2442  2712 D SubscriptionController: [getPhoneId]- no sims, returning default phoneId=0
07-10 11:58:23.085  2442  2712 D SubscriptionController: [getActiveSubInfoList] Sub Controller not ready
07-10 11:58:23.085  2442  2712 D SubscriptionController: [getActiveSubInfoForSubscriber]- subId=2 subList=null subInfo=null
07-10 11:58:23.092  2442  2712 D SubscriptionController: [getActiveSubInfoList] Sub Controller not ready
07-10 11:58:23.092  2442  2712 D SubscriptionController: [getActiveSubInfoForSubscriber]- subId=2 subList=null subInfo=null
07-10 11:58:23.253  2442  2712 D SubscriptionController: [getActiveSubInfoList] Sub Controller not ready
07-10 11:58:23.254  2442  2712 D SubscriptionController: [getActiveSubInfoForSubscriber]- subId=1 subList=null subInfo=null
07-10 11:58:23.258  2442  2712 D SubscriptionController: [getActiveSubInfoList] Sub Controller not ready
07-10 11:58:23.259  2442  2712 D SubscriptionController: [getActiveSubInfoForSubscriber]- subId=1 subList=null subInfo=null
07-10 11:58:23.406  2442  2712 D SubscriptionController: [getActiveSubInfoList] Sub Controller not ready
07-10 11:58:23.406  2442  2712 D SubscriptionController: [getActiveSubInfoForSubscriber]- subId=2 subList=null subInfo=null
07-10 11:58:23.410  2442  2712 D SubscriptionController: [getActiveSubInfoList] Sub Controller not ready
07-10 11:58:23.410  2442  2712 D SubscriptionController: [getActiveSubInfoForSubscriber]- subId=2 subList=null subInfo=null
07-10 11:58:26.613  2442  2712 D SubscriptionController: [getPhoneId]- no sims, returning default phoneId=0
07-10 11:58:26.615  2442  2712 D QtiSubscriptionController: getPhoneId, received dummy subId 2147483643
07-10 11:58:26.618  2442  2712 D SubscriptionController: [getActiveSubInfoList] Sub Controller not ready
07-10 11:58:26.622  2442  2712 D SubscriptionController: [getActiveSubInfoList] Sub Controller not ready
07-10 11:58:26.622  2442  2712 D SubscriptionController: [getActiveSubInfoForSubscriber]- subId=2 subList=null subInfo=null
07-10 11:58:26.625  2442  2712 D SubscriptionController: [getActiveSubInfoList] Sub Controller not ready
07-10 11:58:26.701  2442  2712 D SubscriptionController: [getPhoneId]- no sims, returning default phoneId=0
