07-10 11:55:58.949  1978  1978 D RegionalizationEnvironment: loadExcludedApps!
07-10 11:55:58.949  1978  1978 D RegionalizationEnvironment: load excluded apps for /vendor/package/Default
07-10 11:55:58.950   948   948 I Atfwd_Daemon: qmi_client_init_instance status retry : 2
07-10 11:55:58.950   948   948 I Atfwd_Daemon: 
07-10 11:55:58.950   948   948 I Atfwd_Daemon:  qmi_client_init_instance....
07-10 11:55:58.951   948   948 I Atfwd_Daemon: qmi_client_init_instance status: 0, num_retries: 3, retryCnt: 2
07-10 11:55:58.951   948   948 I Atfwd_Daemon: qmi_client_register_error_cb status: 0
07-10 11:55:58.951   948   948 I Atfwd_Daemon: result : 0 	 ,Init step :1 	 ,qmiErrorCode: 0
07-10 11:55:58.951   948   948 I Atfwd_Daemon: 
07-10 11:55:58.951   948   948 I Atfwd_Daemon:  Back to main.
07-10 11:55:58.951   948   948 I Atfwd_Daemon:  tryinit complete with connectresult: 0
07-10 11:55:58.951   948   948 I Atfwd_Daemon: 
07-10 11:55:58.951   948   948 I Atfwd_Daemon: 
07-10 11:55:58.951   948   948 I Atfwd_Daemon:  TrtyInit: retryCnt: 1
07-10 11:55:58.951   948   948 I Atfwd_Daemon: Invalid type 2
07-10 11:55:58.951   948   948 I Atfwd_Daemon:  tryinit complete with connectresult: 0
07-10 11:55:58.951   948   948 I Atfwd_Daemon: Trying to register 8 commands:
07-10 11:55:58.951   948   948 I Atfwd_Daemon: cmd0: +CKPD
07-10 11:55:58.951   948   948 I Atfwd_Daemon: sending QMI_AT_REG_AT_CMD_FWD_REQ_V01 message
07-10 11:55:58.952   948   948 I Atfwd_Daemon: cmd1: +CTSA
07-10 11:55:58.952   948   948 I Atfwd_Daemon: sending QMI_AT_REG_AT_CMD_FWD_REQ_V01 message
07-10 11:55:58.953   948   948 I Atfwd_Daemon: cmd2: +CFUN
07-10 11:55:58.953   948   948 I Atfwd_Daemon: sending QMI_AT_REG_AT_CMD_FWD_REQ_V01 message
07-10 11:55:58.953   948   948 I Atfwd_Daemon: cmd3: +CMAR
07-10 11:55:58.953   948   948 I Atfwd_Daemon: sending QMI_AT_REG_AT_CMD_FWD_REQ_V01 message
07-10 11:55:58.953   948   948 I Atfwd_Daemon: cmd4: +CDIS
07-10 11:55:58.953   948   948 I Atfwd_Daemon: sending QMI_AT_REG_AT_CMD_FWD_REQ_V01 message
07-10 11:55:58.954   948   948 I Atfwd_Daemon: cmd5: +CRSL
07-10 11:55:58.954   948   948 I Atfwd_Daemon: sending QMI_AT_REG_AT_CMD_FWD_REQ_V01 message
07-10 11:55:58.955   948   948 I Atfwd_Daemon: cmd6: +CSS
07-10 11:55:58.955   948   948 I Atfwd_Daemon: sending QMI_AT_REG_AT_CMD_FWD_REQ_V01 message
07-10 11:55:58.955   948   948 I Atfwd_Daemon: cmd7: $QCPWRDN
07-10 11:55:58.955   948   948 I Atfwd_Daemon: sending QMI_AT_REG_AT_CMD_FWD_REQ_V01 message
07-10 11:55:58.955   948   948 I Atfwd_Daemon: Registered AT Commands event handler
07-10 11:55:58.955   948   948 I Atfwd_Daemon: Waiting for ctrCond
07-10 11:55:58.964  1978  1978 W PackageManager: Failed to parse /system/framework/arm: Missing base APK in /system/framework/arm
07-10 11:55:58.964  1978  1978 W PackageManager: Failed to parse /system/framework/arm64: Missing base APK in /system/framework/arm64
07-10 11:55:58.964  1978  1978 W PackageManager: Failed to parse /system/framework/oat: Missing base APK in /system/framework/oat
07-10 11:55:59.067  1978  2061 W PackageParser: Ignoring duplicate uses-permissions/uses-permissions-sdk-m: com.google.android.providers.gsf.permission.READ_GSERVICES in package: com.google.android.ims at: Binary XML file line #32
07-10 11:55:59.076  1978  1978 W PackageManager: Failed to scan /system/priv-app/CarrierServices: Package com.google.android.ims at /system/priv-app/CarrierServices ignored: updated version 30024382 better than this 30011561
07-10 11:55:59.203  1305  1456 E /system/bin/storaged: getService package_native failed
07-10 11:55:59.210  1305  1456 I /system/bin/storaged: storaged: Start
07-10 11:55:59.291  1978  1978 W PackageManager: Failed to scan /system/priv-app/GoogleContacts: Package com.google.android.contacts at /system/priv-app/GoogleContacts ignored: updated version 2115183 better than this 2083755
07-10 11:55:59.304  1978  2063 W PackageParser: Unknown element under <manifest>: meta-data at /system/priv-app/GoogleDialer/GoogleDialer.apk Binary XML file line #102
07-10 11:55:59.316  1978  2060 I PackageParser: Parse times for '/system/priv-app/GmsCore': parse=136ms, update_cache=36 ms
07-10 11:55:59.316  1978  1978 W PackageManager: Failed to scan /system/priv-app/GmsCore: Package com.google.android.gms at /system/priv-app/GmsCore ignored: updated version 12685025 better than this 12221440
07-10 11:55:59.345  1978  2063 I PackageParser: Parse times for '/system/priv-app/GoogleDialer': parse=113ms, update_cache=8 ms
07-10 11:55:59.346  1978  1978 W PackageManager: Failed to scan /system/priv-app/GoogleDialer: Package com.google.android.dialer at /system/priv-app/GoogleDialer ignored: updated version 2617636 better than this 2443256
07-10 11:55:59.376  1422  1540 W slim_daemon: Waited one second for android.frameworks.sensorservice@1.0::ISensorManager/default. Waiting another...
07-10 11:55:59.523  1978  2062 I PackageParser: Parse times for '/system/priv-app/Phonesky': parse=105ms, update_cache=15 ms
07-10 11:55:59.524  1978  1978 W PackageManager: Failed to scan /system/priv-app/Phonesky: Package com.android.vending at /system/priv-app/Phonesky ignored: updated version 81060800 better than this 80980700
07-10 11:55:59.594  1978  2062 W PackageParser: Ignoring duplicate uses-permissions/uses-permissions-sdk-m: android.permission.INSTALL_GRANT_RUNTIME_PERMISSIONS in package: com.android.shell at: Binary XML file line #106
07-10 11:55:59.608  1978  2061 W ResourceType: Failure getting entry for 0x7f040018 (t=3 e=24) (error -75)
07-10 11:55:59.609  1978  2061 W ResourceType: Failure getting entry for 0x7f040018 (t=3 e=24) (error -75)
07-10 11:55:59.630  1978  2063 I PackageParser: Parse times for '/system/priv-app/SetupWizard': parse=102ms, update_cache=13 ms
07-10 11:55:59.712  1978  2063 W PackageParser: Ignoring duplicate uses-permissions/uses-permissions-sdk-m: android.permission.CONFIGURE_WIFI_DISPLAY in package: com.android.systemui at: Binary XML file line #132
07-10 11:55:59.712  1978  2063 W PackageParser: Ignoring duplicate uses-permissions/uses-permissions-sdk-m: android.permission.DEVICE_POWER in package: com.android.systemui at: Binary XML file line #206
07-10 11:55:59.713  1978  2063 W PackageParser: Ignoring duplicate uses-permissions/uses-permissions-sdk-m: android.permission.INTERACT_ACROSS_USERS_FULL in package: com.android.systemui at: Binary XML file line #207
07-10 11:55:59.746  1978  2063 I PackageParser: Parse times for '/system/priv-app/SystemUI': parse=109ms, update_cache=7 ms
07-10 11:55:59.756  1978  2060 I PackageParser: Parse times for '/system/priv-app/Settings': parse=295ms, update_cache=12 ms
07-10 11:55:59.784  1978  2061 I PackageParser: Parse times for '/system/priv-app/TeleService': parse=117ms, update_cache=7 ms
07-10 11:55:59.822  1978  2062 I PackageParser: Parse times for '/system/priv-app/Telecom': parse=98ms, update_cache=3 ms
07-10 11:55:59.979  1978  2060 I PackageParser: Parse times for '/system/priv-app/Velvet': parse=215ms, update_cache=8 ms
07-10 11:55:59.980  1978  1978 W PackageManager: Failed to scan /system/priv-app/Velvet: Package com.google.android.googlequicksearchbox at /system/priv-app/Velvet ignored: updated version 300781832 better than this 300764429
07-10 11:56:00.013  1978  2116 W PackageParser: Unknown element under <application>: uses-feature at /system/app/BluetoothExt/BluetoothExt.apk Binary XML file line #59
07-10 11:56:00.013  1978  2116 W PackageParser: No actions in intent filter at /system/app/BluetoothExt/BluetoothExt.apk Binary XML file line #139
07-10 11:56:00.014  1978  2116 W PackageParser: No actions in intent filter at /system/app/BluetoothExt/BluetoothExt.apk Binary XML file line #161
07-10 11:56:00.016  1978  2117 W PackageParser: Ignoring duplicate uses-permissions/uses-permissions-sdk-m: android.permission.READ_CONTACTS in package: com.android.bluetooth at: Binary XML file line #61
07-10 11:56:00.017  1978  2117 W PackageParser: No actions in intent filter at /system/app/Bluetooth/Bluetooth.apk Binary XML file line #235
07-10 11:56:00.110  1978  2114 W PackageParser: No actions in intent filter at /system/app/CarrierDefaultApp/CarrierDefaultApp.apk Binary XML file line #50
07-10 11:56:00.117  1978  1978 W PackageManager: Failed to scan /system/app/CalendarGoogle: Package com.google.android.calendar at /system/app/CalendarGoogle ignored: updated version 2015852784 better than this 2015772249
07-10 11:56:00.217  1978  2117 I PackageParser: Parse times for '/system/app/Chrome': parse=98ms, update_cache=8 ms
07-10 11:56:00.218  1978  1978 W PackageManager: Failed to scan /system/app/Chrome: Package com.android.chrome at /system/app/Chrome ignored: updated version 339608752 better than this 332510952
07-10 11:56:00.280  1978  1978 W PackageManager: Failed to scan /system/app/DeskClockGoogle: Package com.google.android.deskclock at /system/app/DeskClockGoogle ignored: updated version 52102212 better than this 51002712
07-10 11:56:00.330  1978  2114 W PackageParser: Unknown element under <manifest>: meta-data at /system/app/Drive/Drive.apk Binary XML file line #113
07-10 11:56:00.349  1978  1978 W PackageManager: New decl Package{730500a com.android.facelock} of permission  com.google.android.gms.auth.permission.FACE_UNLOCK is system; overriding com.google.android.gms
07-10 11:56:00.354  1978  2114 I PackageParser: Parse times for '/system/app/Drive': parse=119ms, update_cache=17 ms
07-10 11:56:00.355  1978  1978 W PackageManager: Failed to scan /system/app/Drive: Package com.google.android.apps.docs at /system/app/Drive ignored: updated version 182520145 better than this 180920140
07-10 11:56:00.377  1422  1540 W slim_daemon: Waited one second for android.frameworks.sensorservice@1.0::ISensorManager/default. Waiting another...
07-10 11:56:00.428  1978  2114 W ResourceType: Failure getting entry for 0x7f120399 (t=17 e=921) (error -75)
07-10 11:56:00.434  1978  1978 W PackageManager: Failed to scan /system/app/GooglePinyinIME: Package com.google.android.inputmethod.pinyin at /system/app/GooglePinyinIME ignored: updated version 4520313 better than this 4511409
07-10 11:56:00.443  1978  1978 W PackageManager: Failed to scan /system/app/GoogleTTS: Package com.google.android.tts at /system/app/GoogleTTS ignored: updated version 210315244 better than this 210314121
07-10 11:56:00.452  1978  2115 W PackageParser: No actions in intent filter at /system/app/Gmail2/Gmail2.apk Binary XML file line #685
07-10 11:56:00.452  1978  2115 W PackageParser: No actions in intent filter at /system/app/Gmail2/Gmail2.apk Binary XML file line #750
07-10 11:56:00.481  1978  2115 I PackageParser: Parse times for '/system/app/Gmail2': parse=160ms, update_cache=10 ms
07-10 11:56:00.482  1978  1978 W PackageManager: Failed to scan /system/app/Gmail2: Package com.google.android.gm at /system/app/Gmail2 ignored: updated version 60484219 better than this 60226840
07-10 11:56:00.515  1577  1577 I MSM-irqbalance: Discovered a new IRQ: 76
07-10 11:56:00.515  1577  1577 I MSM-irqbalance: Discovered a new IRQ: 77
07-10 11:56:00.515  1577  1577 I MSM-irqbalance: Discovered a new IRQ: 78
07-10 11:56:00.515  1577  1577 I MSM-irqbalance: Discovered a new IRQ: 79
07-10 11:56:00.515  1577  1577 I MSM-irqbalance: Discovered a new IRQ: 80
07-10 11:56:00.515  1577  1577 I MSM-irqbalance: Discovered a new IRQ: 81
07-10 11:56:00.515  1577  1577 I MSM-irqbalance: Discovered a new IRQ: 82
07-10 11:56:00.515  1577  1577 I MSM-irqbalance: Discovered a new IRQ: 84
07-10 11:56:00.515  1577  1577 I MSM-irqbalance: Discovered a new IRQ: 85
07-10 11:56:00.515  1577  1577 I MSM-irqbalance: Discovered a new IRQ: 86
07-10 11:56:00.515  1577  1577 I MSM-irqbalance: Discovered a new IRQ: 87
07-10 11:56:00.518  1577  1577 E MSM-irqbalance: WARNING: Cannot find matching virq for hwirq(22).
07-10 11:56:00.539  1978  2114 W ResourceType: Failure getting entry for 0x7f12039f (t=17 e=927) (error -75)
07-10 11:56:00.544  1978  2114 I PackageParser: Parse times for '/system/app/JapaneseIME': parse=106ms, update_cache=4 ms
07-10 11:56:00.545  1978  1978 W PackageManager: Failed to scan /system/app/JapaneseIME: Package com.google.android.inputmethod.japanese at /system/app/JapaneseIME ignored: updated version 6329010 better than this 6287405
07-10 11:56:00.572  1275  1275 I CNSS    : cnss_open_log_file: create directory /sdcard/wlan_logs/ ret = -1 errno= 2
07-10 11:56:00.572  1275  1275 I CNSS    : failed to open file a+ mode or file size 0 is less than max_file_size 31457280
07-10 11:56:00.572  1275  1275 I CNSS    : Failed to open file /sdcard/wlan_logs/host_driver_logs_current.txt: 2
07-10 11:56:00.594  1276  1307 E QC-time-services: Daemon:genoff_wlan_qmi_service_request: qmi_client_get_service_list returned -2num_services 0
07-10 11:56:00.597  1978  2115 W ResourceType: Failure getting entry for 0x7f12038f (t=17 e=911) (error -75)
07-10 11:56:00.600  1978  2115 I PackageParser: Parse times for '/system/app/KoreanIME': parse=117ms, update_cache=2 ms
07-10 11:56:00.616  1978  2116 I PackageParser: Parse times for '/system/app/Hangouts': parse=178ms, update_cache=5 ms
07-10 11:56:00.617  1978  1978 W PackageManager: Failed to scan /system/app/Hangouts: Package com.google.android.talk at /system/app/Hangouts ignored: updated version 25004472 better than this 24746316
07-10 11:56:00.699  1978  2114 W PackageParser: Ignoring duplicate uses-permissions/uses-permissions-sdk-m: android.permission.INTERNET in package: com.longcheertel.midtest at: Binary XML file line #40
07-10 11:56:00.699  1978  2114 W PackageParser: Ignoring duplicate uses-permissions/uses-permissions-sdk-m: android.permission.MODIFY_PHONE_STATE in package: com.longcheertel.midtest at: Binary XML file line #44
07-10 11:56:00.699  1978  2114 W PackageParser: Ignoring duplicate uses-permissions/uses-permissions-sdk-m: android.permission.WRITE_EXTERNAL_STORAGE in package: com.longcheertel.midtest at: Binary XML file line #46
07-10 11:56:00.699  1978  2114 W PackageParser: Ignoring duplicate uses-permissions/uses-permissions-sdk-m: android.permission.MOUNT_UNMOUNT_FILESYSTEMS in package: com.longcheertel.midtest at: Binary XML file line #48
07-10 11:56:00.703  1978  2114 W PackageParser: No actions in intent filter at /system/app/Midtest/Midtest.apk Binary XML file line #1078
07-10 11:56:00.713  1978  2117 I PackageParser: Parse times for '/system/app/LatinImeGoogle': parse=169ms, update_cache=6 ms
07-10 11:56:00.714  1978  1978 W PackageManager: Failed to scan /system/app/LatinImeGoogle: Package com.google.android.inputmethod.latin at /system/app/LatinImeGoogle ignored: updated version 26731214 better than this 26710814
07-10 11:56:00.722  1978  2114 I PackageParser: Parse times for '/system/app/Midtest': parse=89ms, update_cache=13 ms
07-10 11:56:00.737  1978  2115 I PackageParser: Parse times for '/system/app/Maps': parse=123ms, update_cache=14 ms
07-10 11:56:00.738  1978  1978 W PackageManager: Failed to scan /system/app/Maps: Package com.google.android.apps.maps at /system/app/Maps ignored: updated version 980200244 better than this 974101244
07-10 11:56:00.741  1978  2116 I PackageParser: Parse times for '/system/app/Messages': parse=119ms, update_cache=6 ms
07-10 11:56:00.741  1978  1978 W PackageManager: Failed to scan /system/app/Messages: Package com.google.android.apps.messaging at /system/app/Messages ignored: updated version 33044248 better than this 30040140
07-10 11:56:00.764  1978  1978 W PackageManager: Failed to parse /system/app/PhotoTable: /system/app/PhotoTable/PhotoTable.apk (at Binary XML file line #10): Requires development platform 23+ but this is a release platform.
07-10 11:56:00.797  1978  1978 W PackageManager: Failed to scan /system/app/PlayAutoInstallConfig: Package android.autoinstalls.config.gm.gm9pro at /system/app/PlayAutoInstallConfig ignored: updated version 1002 better than this 1
07-10 11:56:00.865  1978  2116 W PackageParser: Ignoring duplicate uses-permissions/uses-permissions-sdk-m: android.permission.READ_SYNC_SETTINGS in package: com.qualcomm.simcontacts at: Binary XML file line #53
07-10 11:56:00.865  1978  2116 W PackageParser: Ignoring duplicate uses-permissions/uses-permissions-sdk-m: android.permission.WRITE_SYNC_SETTINGS in package: com.qualcomm.simcontacts at: Binary XML file line #55
07-10 11:56:00.906  1978  2117 W PackageParser: No actions in intent filter at /system/app/Photos/Photos.apk Binary XML file line #1730
07-10 11:56:00.920  1978  2117 I PackageParser: Parse times for '/system/app/Photos': parse=147ms, update_cache=10 ms
07-10 11:56:00.920  1978  1978 W PackageManager: Failed to scan /system/app/Photos: Package com.google.android.apps.photos at /system/app/Photos ignored: updated version 2598607 better than this 2437262
07-10 11:56:01.000  1978  2116 W PackageParser: Ignoring duplicate uses-permissions/uses-permissions-sdk-m: android.permission.ACCESS_NETWORK_STATE in package: com.generalmobile.app.gmfilemanager at: Binary XML file line #25
07-10 11:56:01.001  1978  2115 W PackageParser: Ignoring duplicate uses-permissions/uses-permissions-sdk-m: android.permission.CAMERA in package: com.generalmobile.assistant at: Binary XML file line #16
07-10 11:56:01.001  1978  2115 W PackageParser: Ignoring duplicate uses-permissions/uses-permissions-sdk-m: android.permission.CHANGE_WIFI_STATE in package: com.generalmobile.assistant at: Binary XML file line #27
07-10 11:56:01.001  1978  2115 W PackageParser: Ignoring duplicate uses-permissions/uses-permissions-sdk-m: android.permission.CALL_PHONE in package: com.generalmobile.assistant at: Binary XML file line #73
07-10 11:56:01.015  1978  1978 W PackageManager: Failed to scan /system/app/gm-asistan-2.0.6.apk: Package com.generalmobile.assistant at /system/app/gm-asistan-2.0.6.apk ignored: updated version 2001000 better than this 2000600
07-10 11:56:01.026  1978  1978 W PackageManager: Failed to scan /system/app/gm-file-manager-2.0.4.apk: Package com.generalmobile.app.gmfilemanager at /system/app/gm-file-manager-2.0.4.apk ignored: updated version 228 better than this 220
07-10 11:56:01.041  1978  2115 W PackageParser: Service exported request ignored due to singleUser: org.codeaurora.ims.ImsService at /system/app/ims/ims.apk Binary XML file line #32
07-10 11:56:01.045  1978  2114 I PackageParser: Parse times for '/system/app/YouTube': parse=122ms, update_cache=16 ms
07-10 11:56:01.045  1978  1978 W PackageManager: Failed to scan /system/app/YouTube: Package com.google.android.youtube at /system/app/YouTube ignored: updated version 1324593440 better than this 1316553400
07-10 11:56:01.048  1978  1978 W PackageManager: Failed to scan /system/app/gm-music-player-new-1.0.30.apk: Package com.generalmobile.app.musicplayer at /system/app/gm-music-player-new-1.0.30.apk ignored: updated version 115 better than this 107
07-10 11:56:01.129  1978  1978 W PackageManager: Failed to scan /system/app/talkback: Package com.google.android.marvin.talkback at /system/app/talkback ignored: updated version 60100668 better than this 60100449
07-10 11:56:01.157  1978  2146 W PackageParser: Ignoring duplicate uses-permissions/uses-permissions-sdk-m: android.permission.WAKE_LOCK in package: com.qualcomm.qti.qmmi at: Binary XML file line #24
07-10 11:56:01.157  1978  2146 W PackageParser: Ignoring duplicate uses-permissions/uses-permissions-sdk-m: android.permission.READ_PHONE_STATE in package: com.qualcomm.qti.qmmi at: Binary XML file line #37
07-10 11:56:01.157  1978  2146 W PackageParser: Ignoring duplicate uses-permissions/uses-permissions-sdk-m: android.permission.DISABLE_KEYGUARD in package: com.qualcomm.qti.qmmi at: Binary XML file line #43
07-10 11:56:01.163  1978  1978 D PackageManager: No files in app dir /oem/app
07-10 11:56:01.163  1978  1978 D PackageManager: Load Regionalization vendor apks
07-10 11:56:01.163  1978  1978 V RegionalizationEnvironment: Package Directoriy(2):/vendor/package/Default
07-10 11:56:01.163  1978  1978 D PackageManager: No files in app dir /vendor/package/Default/system/priv-app
07-10 11:56:01.163  1978  1978 D PackageManager: No files in app dir /vendor/package/Default/system/app
07-10 11:56:01.164  1978  1978 D PackageManager: No files in app dir /vendor/package/Default/system/vendor/overlay
07-10 11:56:01.166  1978  1978 I PackageManager: Finished scanning system apps. Time: 2226 ms, packageCount: 150 , timePerPackage: 14 , cached: 0
07-10 11:56:01.248  1978  2150 W PackageParser: No actions in intent filter at /data/app/com.google.android.apps.tachyon-s3g4bhGBC3YH_R8nljMegA==/base.apk Binary XML file line #84
07-10 11:56:01.269  1978  2153 W PackageParser: Unknown element under <manifest>: meta-data at /data/app/com.google.android.apps.docs-I7gXh0-3Au9Tulg1O3dbmw==/base.apk Binary XML file line #114
07-10 11:56:01.274  1978  2153 W PackageParser: No actions in intent filter at /data/app/com.google.android.apps.docs-I7gXh0-3Au9Tulg1O3dbmw==/base.apk Binary XML file line #1651
07-10 11:56:01.281  1978  2153 I PackageParser: Parse times for '/data/app/com.google.android.apps.docs-I7gXh0-3Au9Tulg1O3dbmw==': parse=106ms, update_cache=5 ms
07-10 11:56:01.301  1978  2152 I PackageParser: Parse times for '/data/app/com.google.android.gms-Lz3Pd_jEsTbqaN1GxhuRCg==': parse=98ms, update_cache=33 ms
07-10 11:56:01.350  1978  2152 W PackageParser: No actions in intent filter at /data/app/com.google.android.apps.translate-pxD4dtwFe2dwo-bbT7I38Q==/base.apk Binary XML file line #454
07-10 11:56:01.377  1422  1540 W slim_daemon: Waited one second for android.frameworks.sensorservice@1.0::ISensorManager/default. Waiting another...
07-10 11:56:01.381  1978  2152 W PackageParser: Ignoring duplicate uses-permissions/uses-permissions-sdk-m: com.google.android.providers.gsf.permission.READ_GSERVICES in package: com.google.android.ims at: Binary XML file line #32
07-10 11:56:01.411  1978  2150 W PackageParser: Ignoring duplicate uses-permissions/uses-permissions-sdk-m: android.permission.CAMERA in package: com.generalmobile.assistant at: Binary XML file line #16
07-10 11:56:01.411  1978  2150 W PackageParser: Ignoring duplicate uses-permissions/uses-permissions-sdk-m: android.permission.ACCESS_FINE_LOCATION in package: com.generalmobile.assistant at: Binary XML file line #23
07-10 11:56:01.411  1978  2150 W PackageParser: Ignoring duplicate uses-permissions/uses-permissions-sdk-m: android.permission.ACCESS_COARSE_LOCATION in package: com.generalmobile.assistant at: Binary XML file line #26
07-10 11:56:01.411  1978  2150 W PackageParser: Ignoring duplicate uses-permissions/uses-permissions-sdk-m: android.permission.CHANGE_WIFI_STATE in package: com.generalmobile.assistant at: Binary XML file line #30
07-10 11:56:01.412  1978  2150 W PackageParser: Ignoring duplicate uses-permissions/uses-permissions-sdk-m: android.permission.CALL_PHONE in package: com.generalmobile.assistant at: Binary XML file line #78
07-10 11:56:01.464  1978  2151 W PackageParser: No actions in intent filter at /data/app/com.google.android.apps.docs.editors.docs-E2SY9NWyTQFj56f_qbjEfw==/base.apk Binary XML file line #1200
07-10 11:56:01.475  1978  2152 W PackageParser: No actions in intent filter at /data/app/com.google.android.apps.messaging-XxSC0CQl9AKCrHQq2QFI_Q==/base.apk Binary XML file line #533
07-10 11:56:01.478  1978  2151 I PackageParser: Parse times for '/data/app/com.google.android.apps.docs.editors.docs-E2SY9NWyTQFj56f_qbjEfw==': parse=169ms, update_cache=12 ms
07-10 11:56:01.534  1978  2152 W PackageParser: Ignoring duplicate uses-permissions/uses-permissions-sdk-m: android.permission.ACCESS_NETWORK_STATE in package: com.generalmobile.app.gmfilemanager at: Binary XML file line #25
07-10 11:56:01.610  1978  2152 W ResourceType: Failure getting entry for 0x7f120429 (t=17 e=1065) (error -75)
07-10 11:56:01.618  1978  2150 W PackageParser: No actions in intent filter at /data/app/com.google.android.googlequicksearchbox-_EqURt_kVzbNgqw0cQiRnA==/base.apk Binary XML file line #3090
07-10 11:56:01.628  1978  2150 I PackageParser: Parse times for '/data/app/com.google.android.googlequicksearchbox-_EqURt_kVzbNgqw0cQiRnA==': parse=197ms, update_cache=8 ms
07-10 11:56:01.633  1978  2153 I PackageParser: Parse times for '/data/app/com.google.android.talk-5AMPZ9vdyrxVws8KPbOWag==': parse=130ms, update_cache=5 ms
07-10 11:56:01.684  1978  2153 W PackageParser: Unknown element under <manifest>: meta-data at /data/app/com.google.android.dialer-SkxSyWqBy_SjhAg1OLdCrA==/base.apk Binary XML file line #87
07-10 11:56:01.702  1978  2151 W ResourceType: Failure getting entry for 0x7f1203bc (t=17 e=956) (error -75)
07-10 11:56:01.743  1978  2150 W PackageParser: No actions in intent filter at /data/app/com.google.android.apps.photos-cvJE-cN8YdP7kJ0VDKVhww==/base.apk Binary XML file line #1810
07-10 11:56:01.748  1978  2152 W PackageParser: No actions in intent filter at /data/app/com.google.android.gm-6dD0r2Havj5bdK0EI7V_yQ==/base.apk Binary XML file line #706
07-10 11:56:01.749  1978  2152 W PackageParser: No actions in intent filter at /data/app/com.google.android.gm-6dD0r2Havj5bdK0EI7V_yQ==/base.apk Binary XML file line #771
07-10 11:56:01.758  1978  2150 I PackageParser: Parse times for '/data/app/com.google.android.apps.photos-cvJE-cN8YdP7kJ0VDKVhww==': parse=117ms, update_cache=13 ms
07-10 11:56:01.822  1978  2150 W PackageParser: No actions in intent filter at /data/app/com.google.android.calendar-u7tW3rKxwWfmPus76fCLKg==/base.apk Binary XML file line #995
07-10 11:56:01.826  1978  2152 W PackageParser: Unknown element under <manifest>: meta-data at /data/app/com.keerby.mp3converter-Nwk2HQ73lyDjdrmTusqTzQ==/base.apk Binary XML file line #43
07-10 11:56:01.842  1978  2150 W PackageParser: Unknown element under <manifest>: meta-data at /data/app/bubbleshooter.orig--UOGxwGZhmQR3FNUxJqdpA==/base.apk Binary XML file line #26
07-10 11:56:01.844  1978  2150 W PackageParser: Unknown element under <application>: intent-filter at /data/app/bubbleshooter.orig--UOGxwGZhmQR3FNUxJqdpA==/base.apk Binary XML file line #148
07-10 11:56:01.885  1978  2152 W PackageParser: Unknown element under <manifest>: meta-data at /data/app/com.mxtech.videoplayer.ad-VZRHitaNLexxxnVIOsiU3Q==/base.apk Binary XML file line #79
07-10 11:56:01.900  1978  2150 W PackageParser: Unknown element under <manifest>: meta-data at /data/app/com.duapps.recorder-PFXDWjmCuRoE5Xjo8QQnlw==/base.apk Binary XML file line #98
07-10 11:56:01.922  1978  2151 W PackageParser: No actions in intent filter at /data/app/com.google.android.apps.docs.editors.sheets-KQh0DMj0J-Hj7WFC8DBNxQ==/base.apk Binary XML file line #1214
07-10 11:56:01.928  1978  2151 I PackageParser: Parse times for '/data/app/com.google.android.apps.docs.editors.sheets-KQh0DMj0J-Hj7WFC8DBNxQ==': parse=132ms, update_cache=4 ms
07-10 11:56:01.933  1978  1978 D PackageManager: No files in app dir /data/app-private
07-10 11:56:01.933  1978  1978 D PackageManager: Load Regionalization 3rd apks from res packages.
07-10 11:56:01.933  1978  1978 D PackageManager: Load Regionalization 3rd apks of path /data/app-regional/Default
07-10 11:56:01.934  1978  1978 D PackageManager: No files in app dir /data/app-regional/Default
07-10 11:56:01.934  1978  1978 I PackageManager: Finished scanning non-system apps. Time: 768 ms, packageCount: 42 , timePerPackage: 18 , cached: 0
07-10 11:56:01.936  1978  1978 E PackageManager: updateAllSharedLibrariesLPw failed: Package com.qualcomm.qcrilmsgtunnel requires unavailable shared library android.hidl.manager@1.0-java; failing!
07-10 11:56:01.936  1978  1978 E PackageManager: updateAllSharedLibrariesLPw failed: Package com.qualcomm.qti.uim requires unavailable shared library com.qualcomm.qti.uim.uimservicelibrary; failing!
07-10 11:56:01.941  1978  1978 I PackageManager: Time to scan packages: 3.002 seconds
07-10 11:56:01.944  1978  1978 I PackageManager: Un-granting permission android.permission.INSTALL_GRANT_RUNTIME_PERMISSIONS from package com.android.vending (protectionLevel=770 flags=0x384abec5)
07-10 11:56:01.944  1978  1978 I PackageManager: Un-granting permission android.permission.GRANT_RUNTIME_PERMISSIONS from package com.android.vending (protectionLevel=770 flags=0x384abec5)
07-10 11:56:01.944  1978  1978 I PackageManager: Un-granting permission android.permission.REVOKE_RUNTIME_PERMISSIONS from package com.android.vending (protectionLevel=770 flags=0x384abec5)
07-10 11:56:01.944  1978  1978 I PackageManager: Un-granting permission android.permission.SET_PREFERRED_APPLICATIONS from package com.android.vending (protectionLevel=514 flags=0x384abec5)
07-10 11:56:01.944  1978  1978 I PackageManager: Un-granting permission android.permission.ACCESS_INSTANT_APPS from package com.android.vending (protectionLevel=770 flags=0x384abec5)
07-10 11:56:01.945  1978  1978 W PackageManager: Privileged permission android.permission.CAPTURE_AUDIO_OUTPUT for package com.google.android.dialer - not in privapp-permissions whitelist
07-10 11:56:01.945  1978  1978 I PackageManager: Un-granting permission android.permission.CLEAR_APP_USER_DATA from package com.google.android.packageinstaller (protectionLevel=258 flags=0x38483e45)
07-10 11:56:01.946  1978  1978 I PackageManager: Un-granting permission android.permission.GRANT_RUNTIME_PERMISSIONS from package com.google.android.packageinstaller (protectionLevel=770 flags=0x38483e45)
07-10 11:56:01.946  1978  1978 I PackageManager: Un-granting permission android.permission.REVOKE_RUNTIME_PERMISSIONS from package com.google.android.packageinstaller (protectionLevel=770 flags=0x38483e45)
07-10 11:56:01.946  1978  1978 I PackageManager: Un-granting permission android.permission.INSTALL_GRANT_RUNTIME_PERMISSIONS from package com.google.android.packageinstaller (protectionLevel=770 flags=0x38483e45)
07-10 11:56:01.946  1978  1978 I PackageManager: Un-granting permission android.permission.KILL_UID from package com.google.android.packageinstaller (protectionLevel=258 flags=0x38483e45)
07-10 11:56:01.946  1978  1978 I PackageManager: Un-granting permission android.permission.MANAGE_APP_OPS_RESTRICTIONS from package com.google.android.packageinstaller (protectionLevel=258 flags=0x38483e45)
07-10 11:56:01.946  1978  1978 I PackageManager: Un-granting permission android.permission.HIDE_NON_SYSTEM_OVERLAY_WINDOWS from package com.google.android.packageinstaller (protectionLevel=258 flags=0x38483e45)
07-10 11:56:01.946  1978  1978 I PackageManager: Un-granting permission android.permission.ACCESS_INSTANT_APPS from package com.google.android.packageinstaller (protectionLevel=770 flags=0x38483e45)
07-10 11:56:01.948  1978  1978 V PackageManager: reconcileAppsData for null u0 0x3 migrateAppData=true
07-10 11:56:01.949  1978  1978 W PackageManager: Destroying /data/user/0/media due to: com.android.server.pm.PackageManagerException: Package media is unknown
07-10 11:56:01.957  1295  1320 I SELinux : SELinux: Loaded file_contexts
07-10 11:56:02.151  1978  1978 V PackageManager: reconcileAppsData finished 30 packages
07-10 11:56:02.152  1978  2154 D SystemServerInitThreadPool: Started executing prepareAppData
07-10 11:56:02.228  1295  1320 W installd: Ignoring /data/data/com.generalmobile.app.gmfilemanager/lib with unexpected GID 0 instead of 10093
07-10 11:56:02.235  1295  1320 W installd: Ignoring /data/data/com.android.vending/lib with unexpected GID 0 instead of 10026
07-10 11:56:02.269  1978  1978 V PackageManager: Ephemeral resolver found; pkg: com.google.android.gms, info:ResolveInfo{f1d481c com.google.android.gms/.chimera.PersistentBoundBrokerService m=0x108000}
07-10 11:56:02.269  1978  1978 D PackageManager: Set ephemeral resolver: Pair{ComponentInfo{com.google.android.gms/com.google.android.gms.chimera.PersistentBoundBrokerService} android.intent.action.RESOLVE_INSTANT_APP_PACKAGE}
07-10 11:56:02.282  1978  1978 D PackageManager: Set ephemeral installer activity: ComponentInfo{com.android.vending/com.google.android.finsky.instantapps.EphemeralInstallerActivity}
07-10 11:56:02.300  1295  1320 W installd: Ignoring /data/data/com.android.chrome/lib with unexpected GID 0 instead of 10055
07-10 11:56:02.303  1295  1320 W installd: Ignoring /data/data/com.google.android.tts/lib with unexpected GID 0 instead of 10065
07-10 11:56:02.336  1295  1320 W installd: Ignoring /data/data/com.google.android.videos/lib with unexpected GID 0 instead of 10101
07-10 11:56:02.340  1295  1320 W installd: Ignoring /data/data/com.google.android.apps.translate/lib with unexpected GID 0 instead of 10104
07-10 11:56:02.348  1295  1320 W installd: Ignoring /data/data/com.imangi.templerun/lib with unexpected GID 0 instead of 10111
07-10 11:56:02.349  1295  1320 W installd: Ignoring /data/data/bubbleshooter.orig/lib with unexpected GID 0 instead of 10112
07-10 11:56:02.350  1295  1320 W installd: Ignoring /data/data/com.mxtech.videoplayer.ad/lib with unexpected GID 0 instead of 10113
07-10 11:56:02.372  1978  1978 I zygote64: Explicit concurrent copying GC freed 81137(3MB) AllocSpace objects, 34(1464KB) LOS objects, 42% free, 10MB/18MB, paused 41us total 81.994ms
07-10 11:56:02.374  1978  1978 D FallbackCategoryProvider: Found 1 fallback categories
07-10 11:56:02.376  1978  1978 D SystemServerTiming: StartPackageManagerService took to complete: 3695ms
07-10 11:56:02.376  1978  1978 I SystemServer: StartOtaDexOptService
07-10 11:56:02.377  1422  1540 W slim_daemon: Waited one second for android.frameworks.sensorservice@1.0::ISensorManager/default. Waiting another...
07-10 11:56:02.377  1978  1978 D OTADexopt: No upgrade, skipping A/B artifacts check.
07-10 11:56:02.377  1978  1978 D SystemServerTiming: StartOtaDexOptService took to complete: 1ms
07-10 11:56:02.377  1978  1978 I SystemServer: StartUserManagerService
07-10 11:56:02.377  1978  1978 I SystemServiceManager: Starting com.android.server.pm.UserManagerService$LifeCycle
07-10 11:56:02.378  1978  1978 D SystemServerTiming: StartUserManagerService took to complete: 1ms
07-10 11:56:02.378  1978  1978 I SystemServer: InitAttributerCache
07-10 11:56:02.378  1978  1978 D SystemServerTiming: InitAttributerCache took to complete: 0ms
07-10 11:56:02.378  1978  1978 I SystemServer: SetSystemProcess
07-10 11:56:02.388   852   852 I lowmemorykiller: ActivityManager connected
07-10 11:56:02.390  1978  1978 D SystemServerTiming: SetSystemProcess took to complete: 12ms
07-10 11:56:02.392  1978  2156 I ServiceThread: Enabled StrictMode logging for android.anim looper.
07-10 11:56:02.393  1978  1978 I SystemServer: StartOverlayManagerService
07-10 11:56:02.394  1978  1978 D SystemServerTiming: StartOverlayManagerService took to complete: 2ms
07-10 11:56:02.394  1978  2157 D SystemServerInitThreadPool: Started executing Init OverlayManagerService
07-10 11:56:02.395  1978  1978 I SystemServer: StartDropBoxManager
07-10 11:56:02.395  1978  1978 I SystemServiceManager: Starting com.android.server.DropBoxManagerService
07-10 11:56:02.395  1978  2158 D SystemServerInitThreadPool: Started executing StartSensorService
07-10 11:56:02.395  1978  2158 D SensorService: nuSensorService starting...
07-10 11:56:02.396  1978  1978 D SystemServerTiming: StartDropBoxManager took to complete: 2ms
07-10 11:56:02.396  1978  1978 I SystemServer: StartBatteryService
07-10 11:56:02.397  1978  1978 I SystemServiceManager: Starting com.android.server.BatteryService
07-10 11:56:02.398   823   823 W qti_sensors_hal: sensors_get_sensors_list: handle 59 is not registered!
07-10 11:56:02.398   823   823 W qti_sensors_hal: sensors_get_sensors_list: handle 60 is not registered!
07-10 11:56:02.398   823   823 W qti_sensors_hal: sensors_get_sensors_list: handle 4 is not registered!
07-10 11:56:02.398   823   823 W qti_sensors_hal: sensors_get_sensors_list: handle 10 is not registered!
07-10 11:56:02.398   823   823 W qti_sensors_hal: sensors_get_sensors_list: handle 16 is not registered!
07-10 11:56:02.398   823   823 W qti_sensors_hal: sensors_get_sensors_list: handle 84 is not registered!
07-10 11:56:02.398   823   823 W qti_sensors_hal: sensors_get_sensors_list: handle 85 is not registered!
07-10 11:56:02.398   823   823 W qti_sensors_hal: sensors_get_sensors_list: handle 26 is not registered!
07-10 11:56:02.398   823   823 W qti_sensors_hal: sensors_get_sensors_list: handle 31 is not registered!
07-10 11:56:02.398   823   823 W qti_sensors_hal: sensors_get_sensors_list: handle 34 is not registered!
07-10 11:56:02.398   823   823 W qti_sensors_hal: sensors_get_sensors_list: handle 64 is not registered!
07-10 11:56:02.398   823   823 W qti_sensors_hal: sensors_get_sensors_list: handle 65 is not registered!
07-10 11:56:02.398   823   823 W qti_sensors_hal: sensors_get_sensors_list: handle 67 is not registered!
07-10 11:56:02.398   823   823 W qti_sensors_hal: sensors_get_sensors_list: handle 86 is not registered!
07-10 11:56:02.398   823   823 W qti_sensors_hal: sensors_get_sensors_list: handle 5 is not registered!
07-10 11:56:02.398   823   823 W qti_sensors_hal: sensors_get_sensors_list: handle 6 is not registered!
07-10 11:56:02.398   823   823 W qti_sensors_hal: sensors_get_sensors_list: handle 7 is not registered!
07-10 11:56:02.398   823   823 W qti_sensors_hal: sensors_get_sensors_list: handle 8 is not registered!
07-10 11:56:02.398   823   823 W qti_sensors_hal: sensors_get_sensors_list: handle 27 is not registered!
07-10 11:56:02.398   823   823 W qti_sensors_hal: sensors_get_sensors_list: handle 28 is not registered!
07-10 11:56:02.398   823   823 W qti_sensors_hal: sensors_get_sensors_list: handle 29 is not registered!
07-10 11:56:02.398   823   823 W qti_sensors_hal: sensors_get_sensors_list: handle 39 is not registered!
07-10 11:56:02.398   823   823 W qti_sensors_hal: sensors_get_sensors_list: handle 40 is not registered!
07-10 11:56:02.398   823   823 W qti_sensors_hal: sensors_get_sensors_list: handle 43 is not registered!
07-10 11:56:02.398   823   823 W qti_sensors_hal: sensors_get_sensors_list: handle 45 is not registered!
07-10 11:56:02.398   823   823 W qti_sensors_hal: sensors_get_sensors_list: handle 46 is not registered!
07-10 11:56:02.398   823   823 W qti_sensors_hal: sensors_get_sensors_list: handle 47 is not registered!
07-10 11:56:02.398   823   823 W qti_sensors_hal: sensors_get_sensors_list: handle 48 is not registered!
07-10 11:56:02.398   823   823 W qti_sensors_hal: sensors_get_sensors_list: handle 49 is not registered!
07-10 11:56:02.398   823   823 W qti_sensors_hal: sensors_get_sensors_list: handle 53 is not registered!
07-10 11:56:02.398   823   823 W qti_sensors_hal: sensors_get_sensors_list: handle 62 is not registered!
07-10 11:56:02.398   823   823 W qti_sensors_hal: sensors_get_sensors_list: handle 13 is not registered!
07-10 11:56:02.398   823   823 W qti_sensors_hal: sensors_get_sensors_list: handle 14 is not registered!
07-10 11:56:02.398   823   823 W qti_sensors_hal: sensors_get_sensors_list: handle 17 is not registered!
07-10 11:56:02.398   823   823 W qti_sensors_hal: sensors_get_sensors_list: handle 66 is not registered!
07-10 11:56:02.398   823   823 W qti_sensors_hal: sensors_get_sensors_list: handle 18 is not registered!
07-10 11:56:02.398   823   823 W qti_sensors_hal: sensors_get_sensors_list: handle 19 is not registered!
07-10 11:56:02.398   823   823 W qti_sensors_hal: sensors_get_sensors_list: handle 20 is not registered!
07-10 11:56:02.398   823   823 W qti_sensors_hal: sensors_get_sensors_list: handle 68 is not registered!
07-10 11:56:02.398   823   823 W qti_sensors_hal: sensors_get_sensors_list: handle 69 is not registered!
07-10 11:56:02.398   823   823 W qti_sensors_hal: sensors_get_sensors_list: handle 70 is not registered!
07-10 11:56:02.405   823   823 E         : IGNORED register_direct_channel(mem=0x0, handle=-1) call to non-API-compliant sensor
07-10 11:56:02.405  1978  1978 D SystemServerTiming: StartBatteryService took to complete: 8ms
07-10 11:56:02.405  1978  1978 I SystemServer: StartUsageService
07-10 11:56:02.405  1978  1978 I SystemServiceManager: Starting com.android.server.usage.UsageStatsService
07-10 11:56:02.406  1978  2001 D LightsService: hanjun Close Battery LED
07-10 11:56:02.406  1978  2020 E BluetoothAdapter: Bluetooth binder is null
07-10 11:56:02.406  1978  2020 E BatteryExternalStatsWorker: no controller energy info supplied for telephony
07-10 11:56:02.408  1978  2020 E KernelUidCpuFreqTimeReader: Failed to read /proc/uid_time_in_state: java.io.FileNotFoundException: /proc/uid_time_in_state (No such file or directory)
07-10 11:56:02.408  1978  2020 E KernelCpuSpeedReader: Failed to read cpu-freq: /sys/devices/system/cpu/cpu0/cpufreq/stats/time_in_state (No such file or directory)
07-10 11:56:02.408  1978  2020 E KernelCpuSpeedReader: Failed to read cpu-freq: /sys/devices/system/cpu/cpu4/cpufreq/stats/time_in_state (No such file or directory)
07-10 11:56:02.412  1978  1978 D SystemServerTiming: StartUsageService took to complete: 8ms
07-10 11:56:02.412  1978  1978 I SystemServer: StartWebViewUpdateService
07-10 11:56:02.414  1978  2158 D SystemServerTimingAsync: StartSensorService took to complete: 19ms
07-10 11:56:02.414  1978  2158 D SystemServerInitThreadPool: Finished executing StartSensorService
07-10 11:56:02.414  1978  2160 D SensorService: new thread SensorEventAckReceiver
07-10 11:56:02.414  1978  2161 D SensorService: nuSensorService thread starting...
07-10 11:56:02.418  1978  2020 E KernelUidCpuFreqTimeReader: Failed to read /proc/uid_time_in_state: java.io.FileNotFoundException: /proc/uid_time_in_state (No such file or directory)
07-10 11:56:02.418  1978  2020 E KernelCpuSpeedReader: Failed to read cpu-freq: /sys/devices/system/cpu/cpu0/cpufreq/stats/time_in_state (No such file or directory)
07-10 11:56:02.418  1978  1978 I SystemServiceManager: Starting com.android.server.webkit.WebViewUpdateService
07-10 11:56:02.418  1978  2020 E KernelCpuSpeedReader: Failed to read cpu-freq: /sys/devices/system/cpu/cpu4/cpufreq/stats/time_in_state (No such file or directory)
07-10 11:56:02.421  1978  1978 D SystemServerTiming: StartWebViewUpdateService took to complete: 8ms
07-10 11:56:02.421  1978  1978 I SystemServer: StartKeyAttestationApplicationIdProviderService
07-10 11:56:02.421  1978  2009 D SystemServerInitThreadPool: Started executing SecondaryZygotePreload
07-10 11:56:02.421  1978  2009 I SystemServer: SecondaryZygotePreload
07-10 11:56:02.422  1978  1978 D SystemServerTiming: StartKeyAttestationApplicationIdProviderService took to complete: 1ms
07-10 11:56:02.422  1978  1978 I SystemServer: StartKeyChainSystemService
07-10 11:56:02.423  1978  1978 I SystemServiceManager: Starting com.android.server.security.KeyChainSystemService
07-10 11:56:02.423  1978  1978 D SystemServerTiming: StartKeyChainSystemService took to complete: 0ms
07-10 11:56:02.423  1978  1978 I SystemServer: StartSchedulingPolicyService
07-10 11:56:02.424  1978  1978 D SystemServerTiming: StartSchedulingPolicyService took to complete: 0ms
07-10 11:56:02.424  1978  1978 I SystemServer: StartTelecomLoaderService
07-10 11:56:02.424  1978  1978 I SystemServiceManager: Starting com.android.server.telecom.TelecomLoaderService
07-10 11:56:02.425  1978  1978 D SystemServerTiming: StartTelecomLoaderService took to complete: 0ms
07-10 11:56:02.425  1978  1978 I SystemServer: StartTelephonyRegistry
07-10 11:56:02.428  1978  1978 D SystemServerTiming: StartTelephonyRegistry took to complete: 4ms
07-10 11:56:02.428  1978  1978 I SystemServer: StartEntropyMixer
07-10 11:56:02.430  1978  1978 I EntropyMixer: Writing entropy...
07-10 11:56:02.432  1978  2009 I Zygote  : Process: zygote socket zygote opened, supported ABIS: arm64-v8a
07-10 11:56:02.443  1978  2009 I Zygote  : Process: zygote socket zygote_secondary opened, supported ABIS: armeabi-v7a,armeabi
07-10 11:56:02.443  1290  1290 I Zygote  : Lazily preloading resources.
07-10 11:56:02.444  1290  1290 D Zygote  : begin preload
07-10 11:56:02.444  1290  1290 I Zygote  : Installing ICU cache reference pinning...
07-10 11:56:02.444  1290  1290 I Zygote  : Preloading ICU data...
07-10 11:56:02.445  1978  1978 D SystemServerTiming: StartEntropyMixer took to complete: 17ms
07-10 11:56:02.446  1978  1978 I SystemServer: StartAccountManagerService
07-10 11:56:02.446  1978  1978 I SystemServiceManager: Starting com.android.server.accounts.AccountManagerService$Lifecycle
07-10 11:56:02.452  1978  1978 D SystemServerTiming: StartAccountManagerService took to complete: 6ms
07-10 11:56:02.452  1978  1978 I SystemServer: StartContentService
07-10 11:56:02.458  1978  1978 I SystemServiceManager: Starting com.android.server.content.ContentService$Lifecycle
07-10 11:56:02.458  1290  1290 D ZygoteInitTiming_lazy: BeginIcuCachePinning took to complete: 15ms
07-10 11:56:02.458  1290  1290 I Zygote  : Preloading classes...
07-10 11:56:02.460  1978  1978 D SystemServerTiming: StartContentService took to complete: 8ms
07-10 11:56:02.460  1978  1978 I SystemServer: InstallSystemProviders
07-10 11:56:02.463  1978  2154 D SystemServerTimingAsync: AppDataFixup took to complete: 310ms
07-10 11:56:02.473  1978  1978 I zygote64: The ClassLoaderContext is a special shared library.
07-10 11:56:02.498  1978  1978 D SystemServerTiming: InstallSystemProviders took to complete: 38ms
07-10 11:56:02.498  1978  1978 I SystemServer: StartVibratorService
07-10 11:56:02.505  1978  1978 D SystemServerTiming: StartVibratorService took to complete: 6ms
07-10 11:56:02.505  1978  1978 I SystemServer: StartConsumerIrService
07-10 11:56:02.506   637   637 W /system/bin/hwservicemanager: getTransport: Cannot find entry android.hardware.ir@1.0::IConsumerIr/default in either framework or device manifest.
07-10 11:56:02.507  1978  1978 D SystemServerTiming: StartConsumerIrService took to complete: 1ms
07-10 11:56:02.507  1978  1978 I SystemServer: StartAlarmManagerService
07-10 11:56:02.507  1978  1978 I SystemServiceManager: Starting com.android.server.AlarmManagerService
07-10 11:56:02.509  1978  1978 D AlarmManagerService: Kernel timezone updated to -180 minutes west of GMT
07-10 11:56:02.513  1978  1978 D SystemServerTiming: StartAlarmManagerService took to complete: 5ms
07-10 11:56:02.513  1978  1978 I SystemServer: InitWatchdog
07-10 11:56:02.513  1978  1978 D SystemServerTiming: InitWatchdog took to complete: 0ms
07-10 11:56:02.514  1978  1978 I SystemServer: StartInputManagerService
07-10 11:56:02.514  1978  1978 I InputManager: Initializing input manager, mUseDevInputEventForAudioJack=true
07-10 11:56:02.518  1978  1978 D SystemServerTiming: StartInputManagerService took to complete: 5ms
07-10 11:56:02.519  1978  1978 I SystemServer: StartWindowManagerService
07-10 11:56:02.532  1978  2026 I WindowManager: No existing display settings /data/system/display_settings.xml; starting empty
07-10 11:56:02.559  1978  2013 V WindowManager: Broadcasting Intent for HDMI HPD :false
07-10 11:56:02.564  1978  1978 D SystemServerTiming: StartWindowManagerService took to complete: 46ms
07-10 11:56:02.565  1978  1978 I SystemServer: StartVrManagerService
07-10 11:56:02.565  1978  2158 D SystemServerInitThreadPool: Started executing StartHidlServices
07-10 11:56:02.565  1978  1978 I SystemServiceManager: Starting com.android.server.vr.VrManagerService
07-10 11:56:02.569   637   637 W /system/bin/hwservicemanager: getTransport: Cannot find entry android.hardware.vr@1.0::IVr/default in either framework or device manifest.
07-10 11:56:02.570  1978  1978 W VrManagerService: init_native: Could not open IVr interface
07-10 11:56:02.570  1422  1540 E slim_daemon: Could not unregister service notification for android.frameworks.sensorservice@1.0::ISensorManager/default.
07-10 11:56:02.571  1978  1978 D SystemServerTiming: StartVrManagerService took to complete: 6ms
07-10 11:56:02.571  1978  1978 I SystemServer: SetWindowManagerService
07-10 11:56:02.571  1978  2158 D SystemServerTimingAsync: StartHidlServices took to complete: 6ms
07-10 11:56:02.571  1978  2158 D SystemServerInitThreadPool: Finished executing StartHidlServices
07-10 11:56:02.573  1978  2178 I zygote64: hidl_ssvc_poll started.
07-10 11:56:02.574  1978  1978 D SystemServerTiming: SetWindowManagerService took to complete: 4ms
07-10 11:56:02.575  1978  1978 I SystemServer: StartInputManager
07-10 11:56:02.575  1978  1978 I InputManager: Starting input manager
07-10 11:56:02.577  1422  1540 E slim_daemon: [NDK] bindNDKSensors: Found Sensor Name: BMI120 Accelerometer Vendor: BOSCH Type: android.sensor.accelerometer (1) Min Delay: 5000 us handle: 1
07-10 11:56:02.577  1422  1540 E slim_daemon: [NDK] bindNDKSensors: Found Sensor Name: BMI120 Gyroscope Uncalibrated Vendor: BOSCH Type: android.sensor.gyroscope_uncalibrated (16) Min Delay: 5000 us handle: 6
07-10 11:56:02.577  1422  1540 E slim_daemon: [NDK] bindNDKSensors: Found Sensor Name: AK09918 Magnetometer Vendor: AKM Type: android.sensor.magnetic_field (2) Min Delay: 20000 us handle: 3
07-10 11:56:02.577  1422  1540 E slim_daemon: [NDK] bindNDKSensors: Found Sensor Name: AK09918 Magnetometer Uncalibrated Vendor: AKM Type: android.sensor.magnetic_field_uncalibrated (14) Min Delay: 20000 us handle: 4
07-10 11:56:02.577  1978  1978 D SystemServerTiming: StartInputManager took to complete: 3ms
07-10 11:56:02.577  1978  1978 I SystemServer: DisplayManagerWindowManagerAndInputReady
07-10 11:56:02.577  1978  1978 D SystemServerTiming: DisplayManagerWindowManagerAndInputReady took to complete: 0ms
07-10 11:56:02.577  1422  1422 I slim_daemon: [SLIM] slim_ProviderConfigure: Updated available providers for service 0: 00000003.
07-10 11:56:02.578  1422  1422 I slim_daemon: [QMISLIM] slim_QSQmiSvcTask_HandleIpc: IPC_SLIM_QS_TO_TASK_SLIM_CALLBACK_MSG
07-10 11:56:02.578  1978  1978 I SystemServer: StartBluetoothService
07-10 11:56:02.578  1422  1422 I slim_daemon: [QMISLIM] QSQmiSvcClt_HandleSlimIndication: INDICATION: status=0 msg=2
07-10 11:56:02.578  1978  1978 I SystemServiceManager: Starting com.android.server.BluetoothService
