07-08 17:11:12.819  1909  6887 D TelephonyRegistry: notifyCellLocationForSubscriber: subId=1 cellLocation=Bundle[mParcelledData.dataSize=64]
07-08 17:11:13.049  2303  2635 I chatty  : uid=1001(radio) Binder:2303_5 expire 21 lines
07-08 17:11:14.198  3644  3644 W SignalStrength: isWCDMA tech=13
07-08 17:11:14.199  1909  2294 W SignalStrength: isWCDMA tech=13
07-08 17:11:14.200  2183  2418 W SignalStrength: isWCDMA tech=13
07-08 17:11:16.435  2183  2418 W SignalStrength: isWCDMA tech=13
07-08 17:11:16.435  3644  3644 W SignalStrength: isWCDMA tech=13
07-08 17:11:16.436  1909  2358 W SignalStrength: isWCDMA tech=13
07-08 17:11:20.914  1909  5410 W SignalStrength: isWCDMA tech=13
07-08 17:11:20.915  3644  3644 W SignalStrength: isWCDMA tech=13
07-08 17:11:20.915  2183  2418 W SignalStrength: isWCDMA tech=13
07-08 17:11:29.882  3644  3644 W SignalStrength: isWCDMA tech=13
07-08 17:11:29.887  1909  2294 W SignalStrength: isWCDMA tech=13
07-08 17:11:29.889  2183  2418 W SignalStrength: isWCDMA tech=13
07-08 17:11:30.724  2303  2321 I chatty  : uid=1001(radio) Binder:2303_2 expire 12 lines
07-08 17:11:32.219  2303  2430 I chatty  : uid=1001(radio) HwBinder:2303_1 expire 7 lines
07-08 17:11:32.224  2303  2303 I chatty  : uid=1001(radio) com.android.phone expire 7 lines
07-08 17:11:34.178  2303  2635 I chatty  : uid=1001(radio) Binder:2303_5 expire 3 lines
07-08 17:11:40.485  2303  2430 I chatty  : uid=1001(radio) HwBinder:2303_1 expire 44 lines
07-08 17:11:40.492  2303  2303 I chatty  : uid=1001(radio) com.android.phone expire 54 lines
07-08 17:11:40.498  1909  6884 D TelephonyRegistry: notifyCellLocationForSubscriber: subId=1 cellLocation=Bundle[mParcelledData.dataSize=64]
07-08 17:11:40.512  1909  6884 W SignalStrength: isWCDMA tech=13
07-08 17:11:40.512  3644  3644 W SignalStrength: isWCDMA tech=13
07-08 17:11:40.515  1271  1574 I chatty  : uid=1001(radio) DispatcherModul expire 9 lines
07-08 17:11:40.526  2183  2418 W SignalStrength: isWCDMA tech=13
07-08 17:11:41.028  2303  2720 I chatty  : uid=1001(radio) DcHandlerThread expire 49 lines
07-08 17:11:41.826  2303  2321 I chatty  : uid=1001(radio) Binder:2303_2 expire 13 lines
07-08 17:11:44.500  2303  2720 I chatty  : uid=1001(radio) DcHandlerThread expire 95 lines
07-08 17:11:44.500  2303  2303 I chatty  : uid=1001(radio) com.android.phone expire 43 lines
07-08 17:11:44.501  2303  2430 I chatty  : uid=1001(radio) HwBinder:2303_1 expire 23 lines
07-08 17:11:45.563  3644  3644 W SignalStrength: isWCDMA tech=13
07-08 17:11:45.565  1909  2294 W SignalStrength: isWCDMA tech=13
07-08 17:11:45.567  2183  2418 W SignalStrength: isWCDMA tech=13
07-08 17:11:50.525  2303  2635 I chatty  : uid=1001(radio) Binder:2303_5 expire 21 lines
07-08 17:11:50.537  2303  2430 I chatty  : uid=1001(radio) HwBinder:2303_1 expire 25 lines
07-08 17:11:50.537  2303  2303 I chatty  : uid=1001(radio) com.android.phone expire 37 lines
07-08 17:11:51.010  2303  2720 I chatty  : uid=1001(radio) DcHandlerThread expire 88 lines
07-08 17:11:55.441  2303  2303 I chatty  : uid=1001(radio) com.android.phone expire 18 lines
07-08 17:11:55.583  2303  2430 I chatty  : uid=1001(radio) HwBinder:2303_1 expire 13 lines
07-08 17:11:55.608  1909  2294 D TelephonyRegistry: notifyCellLocationForSubscriber: subId=1 cellLocation=Bundle[mParcelledData.dataSize=64]
07-08 17:11:55.740  2303  2635 I chatty  : uid=1001(radio) Binder:2303_5 expire 3 lines
07-08 17:11:56.763  3644  3644 W SignalStrength: isWCDMA tech=13
07-08 17:11:56.765  1909  6887 W SignalStrength: isWCDMA tech=13
07-08 17:11:56.770  2183  2418 W SignalStrength: isWCDMA tech=13
07-08 17:12:07.960  1909  2358 W SignalStrength: isWCDMA tech=13
07-08 17:12:07.966  2183  2418 W SignalStrength: isWCDMA tech=13
07-08 17:12:10.389  3644  3644 W SignalStrength: isWCDMA tech=13
07-08 17:12:16.922  1909  2317 W SignalStrength: isWCDMA tech=13
07-08 17:12:16.923  3644  3644 W SignalStrength: isWCDMA tech=13
07-08 17:12:16.925  2183  2418 W SignalStrength: isWCDMA tech=13
07-08 17:12:22.246  2303  2321 I chatty  : uid=1001(radio) Binder:2303_2 expire 7 lines
07-08 17:12:22.251  2303  2430 I chatty  : uid=1001(radio) HwBinder:2303_1 expire 3 lines
07-08 17:12:22.258  2303  2303 I chatty  : uid=1001(radio) com.android.phone expire 65 lines
07-08 17:12:25.594  2287  2287 I chatty  : uid=1001(radio) com.qualcomm.qti.telephonyservice expire 8 lines
07-08 17:12:25.622  2303  2720 I chatty  : uid=1001(radio) DcHandlerThread expire 11 lines
07-08 17:12:34.839  1909  3304 W SignalStrength: isWCDMA tech=13
07-08 17:12:34.839  3644  3644 W SignalStrength: isWCDMA tech=13
07-08 17:12:34.840  2183  2418 W SignalStrength: isWCDMA tech=13
07-08 17:12:37.081  1909  2858 W SignalStrength: isWCDMA tech=13
07-08 17:12:37.081  3644  3644 W SignalStrength: isWCDMA tech=13
07-08 17:12:37.089  2183  2418 W SignalStrength: isWCDMA tech=13
07-08 17:12:37.735  2303  2303 I chatty  : uid=1001(radio) com.android.phone expire 74 lines
07-08 17:12:37.769  2303  2321 I chatty  : uid=1001(radio) Binder:2303_2 expire 29 lines
07-08 17:12:38.691  2303  2430 I chatty  : uid=1001(radio) HwBinder:2303_1 expire 46 lines
07-08 17:12:41.556  1909  3038 W SignalStrength: isWCDMA tech=13
07-08 17:12:41.556  3644  3644 W SignalStrength: isWCDMA tech=13
07-08 17:12:41.558  2183  2418 W SignalStrength: isWCDMA tech=13
07-08 17:12:43.344  1909  2294 D TelephonyRegistry: notifyCellLocationForSubscriber: subId=1 cellLocation=Bundle[mParcelledData.dataSize=64]
07-08 17:12:43.356  1909  2294 W SignalStrength: isWCDMA tech=13
07-08 17:12:43.361  3644  3644 W SignalStrength: isWCDMA tech=13
07-08 17:12:43.363  1271  1574 I chatty  : uid=1001(radio) DispatcherModul expire 9 lines
07-08 17:12:43.365  2183  2418 W SignalStrength: isWCDMA tech=13
07-08 17:12:43.854  2303  2720 I chatty  : uid=1001(radio) DcHandlerThread expire 104 lines
07-08 17:12:45.019  2303  2303 I chatty  : uid=1001(radio) com.android.phone expire 38 lines
07-08 17:12:45.538  2303  2430 I chatty  : uid=1001(radio) HwBinder:2303_1 expire 25 lines
07-08 17:12:46.499  2303  2321 I chatty  : uid=1001(radio) Binder:2303_2 expire 6 lines
07-08 17:12:50.548  2303  2303 I chatty  : uid=1001(radio) com.android.phone expire 41 lines
07-08 17:12:50.551  2303  2720 I chatty  : uid=1001(radio) DcHandlerThread expire 86 lines
07-08 17:12:51.298  2303  2430 I chatty  : uid=1001(radio) HwBinder:2303_1 expire 23 lines
07-08 17:12:51.719  2303  3429 I chatty  : uid=1001(radio) Binder:2303_9 expire 5 lines
07-08 17:12:56.196  2303  2720 I chatty  : uid=1001(radio) DcHandlerThread expire 98 lines
07-08 17:12:56.196  2303  2303 I chatty  : uid=1001(radio) com.android.phone expire 47 lines
07-08 17:12:56.786  2303  2430 I chatty  : uid=1001(radio) HwBinder:2303_1 expire 27 lines
07-08 17:13:02.270  2303  2321 I chatty  : uid=1001(radio) Binder:2303_2 expire 6 lines
07-08 17:13:02.784  2303  2430 I chatty  : uid=1001(radio) HwBinder:2303_1 expire 24 lines
07-08 17:13:02.784  2303  2303 I chatty  : uid=1001(radio) com.android.phone expire 35 lines
07-08 17:13:02.789  2303  2720 I chatty  : uid=1001(radio) DcHandlerThread expire 48 lines
07-08 17:13:04.616  1909  2319 D TelephonyRegistry: notifyCellLocationForSubscriber: subId=1 cellLocation=Bundle[mParcelledData.dataSize=64]
07-08 17:13:06.075  2303  3429 I chatty  : uid=1001(radio) Binder:2303_9 expire 3 lines
07-08 17:13:06.197  3644  3644 W SignalStrength: isWCDMA tech=13
07-08 17:13:06.197  1909  2319 W SignalStrength: isWCDMA tech=13
07-08 17:13:06.199  2183  2418 W SignalStrength: isWCDMA tech=13
07-08 17:13:12.923  1909  2319 W SignalStrength: isWCDMA tech=13
07-08 17:13:12.928  3644  3644 W SignalStrength: isWCDMA tech=13
07-08 17:13:12.935  2183  2418 W SignalStrength: isWCDMA tech=13
07-08 17:13:21.880  1909  2294 W SignalStrength: isWCDMA tech=13
07-08 17:13:21.880  3644  3644 W SignalStrength: isWCDMA tech=13
07-08 17:13:21.886  2183  2418 W SignalStrength: isWCDMA tech=13
07-08 17:13:21.998  2303  2430 I chatty  : uid=1001(radio) HwBinder:2303_1 expire 33 lines
07-08 17:13:21.999  2303  2303 I chatty  : uid=1001(radio) com.android.phone expire 35 lines
07-08 17:13:22.026  1909  2358 D TelephonyRegistry: notifyCellLocationForSubscriber: subId=1 cellLocation=Bundle[mParcelledData.dataSize=64]
07-08 17:13:22.049  1271  1574 I chatty  : uid=1001(radio) DispatcherModul expire 9 lines
07-08 17:13:22.288  2303  2303 I chatty  : uid=1001(radio) com.android.phone expire 57 lines
07-08 17:13:22.289  2303  2321 I chatty  : uid=1001(radio) Binder:2303_2 expire 1 line
07-08 17:13:22.573  2303  2430 I chatty  : uid=1001(radio) HwBinder:2303_1 expire 32 lines
07-08 17:13:22.579  2303  2720 I chatty  : uid=1001(radio) DcHandlerThread expire 136 lines
07-08 17:13:22.784  1909  2294 D TelephonyRegistry: notifyCellLocationForSubscriber: subId=1 cellLocation=Bundle[mParcelledData.dataSize=64]
07-08 17:13:24.124  3644  3644 W SignalStrength: isWCDMA tech=13
07-08 17:13:24.125  1909  4511 W SignalStrength: isWCDMA tech=13
07-08 17:13:24.126  2183  2418 W SignalStrength: isWCDMA tech=13
07-08 17:13:28.603  1909  4511 W SignalStrength: isWCDMA tech=13
07-08 17:13:28.603  3644  3644 W SignalStrength: isWCDMA tech=13
07-08 17:13:28.607  2183  2418 W SignalStrength: isWCDMA tech=13
07-08 17:13:30.380  2303  2303 I chatty  : uid=1001(radio) com.android.phone expire 23 lines
07-08 17:13:31.423  2303  2430 I chatty  : uid=1001(radio) HwBinder:2303_1 expire 13 lines
07-08 17:13:34.730  2303  2635 I chatty  : uid=1001(radio) Binder:2303_5 expire 5 lines
07-08 17:13:39.947  3644  3644 W SignalStrength: isWCDMA tech=13
07-08 17:13:39.947  1909  8260 W SignalStrength: isWCDMA tech=13
07-08 17:13:39.960  2183  2418 W SignalStrength: isWCDMA tech=13
07-08 17:13:42.290  2303  3429 I chatty  : uid=1001(radio) Binder:2303_9 expire 4 lines
07-08 17:13:42.948  1909  8260 W SignalStrength: isWCDMA tech=13
07-08 17:13:42.949  3644  3644 W SignalStrength: isWCDMA tech=13
07-08 17:13:42.960  2183  2418 W SignalStrength: isWCDMA tech=13
07-08 17:13:48.955  3644  3644 W SignalStrength: isWCDMA tech=13
07-08 17:13:48.959  1909  4511 W SignalStrength: isWCDMA tech=13
07-08 17:13:48.961  2183  2418 W SignalStrength: isWCDMA tech=13
07-08 17:13:51.951  1909  6884 W SignalStrength: isWCDMA tech=13
07-08 17:13:51.951  3644  3644 W SignalStrength: isWCDMA tech=13
07-08 17:13:51.965  2183  2418 W SignalStrength: isWCDMA tech=13
07-08 17:13:54.955  3644  3644 W SignalStrength: isWCDMA tech=13
07-08 17:13:54.956  1909  6884 W SignalStrength: isWCDMA tech=13
07-08 17:13:54.959  2183  2418 W SignalStrength: isWCDMA tech=13
07-08 17:14:02.320  2303  2430 I chatty  : uid=1001(radio) HwBinder:2303_1 expire 47 lines
07-08 17:14:02.326  2303  2303 I chatty  : uid=1001(radio) com.android.phone expire 49 lines
07-08 17:14:03.862  3644  3644 W SignalStrength: isWCDMA tech=13
07-08 17:14:03.863  1909  3042 W SignalStrength: isWCDMA tech=13
07-08 17:14:03.873  2183  2418 W SignalStrength: isWCDMA tech=13
07-08 17:14:03.906  1271  1574 I chatty  : uid=1001(radio) DispatcherModul expire 18 lines
07-08 17:14:15.584  2303  2321 I chatty  : uid=1001(radio) Binder:2303_2 expire 4 lines
07-08 17:14:18.965  2183  2418 W SignalStrength: isWCDMA tech=13
07-08 17:14:18.965  3644  3644 W SignalStrength: isWCDMA tech=13
07-08 17:14:18.966  1909  3038 W SignalStrength: isWCDMA tech=13
07-08 17:14:21.974  1909  3038 W SignalStrength: isWCDMA tech=13
07-08 17:14:21.974  2183  2418 W SignalStrength: isWCDMA tech=13
07-08 17:14:21.975  3644  3644 W SignalStrength: isWCDMA tech=13
07-08 17:14:22.342  2303  2430 I chatty  : uid=1001(radio) HwBinder:2303_1 expire 12 lines
07-08 17:14:22.346  2303  2303 I chatty  : uid=1001(radio) com.android.phone expire 10 lines
07-08 17:14:22.346  2303  2321 I chatty  : uid=1001(radio) Binder:2303_2 expire 7 lines
07-08 17:14:24.981  3644  3644 W SignalStrength: isWCDMA tech=13
07-08 17:14:24.983  1909  6884 W SignalStrength: isWCDMA tech=13
07-08 17:14:24.988  2183  2418 W SignalStrength: isWCDMA tech=13
07-08 17:14:33.176  2303  3429 I chatty  : uid=1001(radio) Binder:2303_9 expire 18 lines
07-08 17:14:36.988  2183  2418 W SignalStrength: isWCDMA tech=13
07-08 17:14:36.989  1909  3038 W SignalStrength: isWCDMA tech=13
07-08 17:14:36.993  3644  3644 W SignalStrength: isWCDMA tech=13
07-08 17:14:42.983  1909  4511 W SignalStrength: isWCDMA tech=13
07-08 17:14:42.986  2183  2418 W SignalStrength: isWCDMA tech=13
07-08 17:14:42.986  3644  3644 W SignalStrength: isWCDMA tech=13
07-08 17:14:46.187  2303  2430 I chatty  : uid=1001(radio) HwBinder:2303_1 expire 45 lines
07-08 17:14:55.960  1909  6887 W SignalStrength: isWCDMA tech=13
07-08 17:14:55.960  3644  3644 W SignalStrength: isWCDMA tech=13
07-08 17:14:55.960  2183  2418 W SignalStrength: isWCDMA tech=13
07-08 17:14:55.994  2303  2303 I chatty  : uid=1001(radio) com.android.phone expire 58 lines
07-08 17:14:56.037  1909  6887 D TelephonyRegistry: notifyCellLocationForSubscriber: subId=1 cellLocation=Bundle[mParcelledData.dataSize=64]
07-08 17:14:56.043  1271  1574 I chatty  : uid=1001(radio) DispatcherModul expire 9 lines
07-08 17:14:56.571  2303  2720 I chatty  : uid=1001(radio) DcHandlerThread expire 24 lines
07-08 17:14:56.742  1909  4511 D TelephonyRegistry: notifyCellLocationForSubscriber: subId=1 cellLocation=Bundle[mParcelledData.dataSize=64]
07-08 17:14:57.158  2303  2430 I chatty  : uid=1001(radio) HwBinder:2303_1 expire 5 lines
07-08 17:15:01.375  2303  3429 I chatty  : uid=1001(radio) Binder:2303_9 expire 30 lines
07-08 17:15:08.392  2303  2321 I chatty  : uid=1001(radio) Binder:2303_2 expire 11 lines
07-08 17:15:08.395  2303  2430 I chatty  : uid=1001(radio) HwBinder:2303_1 expire 62 lines
07-08 17:15:08.399  2303  2303 I chatty  : uid=1001(radio) com.android.phone expire 61 lines
07-08 17:15:09.234  1909  2317 W SignalStrength: isWCDMA tech=13
07-08 17:15:09.238  2183  2418 W SignalStrength: isWCDMA tech=13
07-08 17:15:09.269  1271  1574 I chatty  : uid=1001(radio) DispatcherModul expire 18 lines
07-08 17:15:10.015  1909  8260 W SignalStrength: isWCDMA tech=13
07-08 17:15:10.017  2183  2418 W SignalStrength: isWCDMA tech=13
07-08 17:15:26.694  2303  2720 I chatty  : uid=1001(radio) DcHandlerThread expire 89 lines
07-08 17:15:27.862  2303  2303 I chatty  : uid=1001(radio) com.android.phone expire 61 lines
07-08 17:15:28.204  2303  2430 I chatty  : uid=1001(radio) HwBinder:2303_1 expire 43 lines
07-08 17:15:31.609  2303  2321 I chatty  : uid=1001(radio) Binder:2303_2 expire 3 lines
07-08 17:15:34.120  1271  1574 I chatty  : uid=1001(radio) DispatcherModul expire 16 lines
07-08 17:15:37.499  2303  2720 I chatty  : uid=1001(radio) DcHandlerThread expire 47 lines
07-08 17:15:37.500  2303  2303 I chatty  : uid=1001(radio) com.android.phone expire 82 lines
07-08 17:15:38.539  2303  2430 I chatty  : uid=1001(radio) HwBinder:2303_1 expire 51 lines
07-08 17:15:38.549  2303  2321 I chatty  : uid=1001(radio) Binder:2303_2 expire 6 lines
07-08 17:15:40.721  1909  6442 W SignalStrength: isWCDMA tech=13
07-08 17:15:40.721  2183  2418 W SignalStrength: isWCDMA tech=13
07-08 17:15:41.179  1909  2867 W SignalStrength: isWCDMA tech=13
07-08 17:15:41.184  2183  2418 W SignalStrength: isWCDMA tech=13
07-08 17:15:41.247  2303  3194 I chatty  : uid=1001(radio) org.codeaurora. expire 2 lines
07-08 17:15:41.254  2287  2287 I chatty  : uid=1001(radio) com.qualcomm.qti.telephonyservice expire 4 lines
07-08 17:15:41.257  1909  2867 W SignalStrength: isWCDMA tech=13
07-08 17:15:41.264  2183  2418 W SignalStrength: isWCDMA tech=13
07-08 17:15:41.293  2303  2303 I chatty  : uid=1001(radio) com.android.phone expire 109 lines
07-08 17:15:41.308  2303  3429 I chatty  : uid=1001(radio) Binder:2303_9 expire 1 line
07-08 17:15:41.311  2303  2321 I chatty  : uid=1001(radio) Binder:2303_2 expire 7 lines
07-08 17:15:41.313  2303  2430 I chatty  : uid=1001(radio) HwBinder:2303_1 expire 37 lines
07-08 17:15:41.321  2183  2418 W SignalStrength: isWCDMA tech=13
07-08 17:15:41.328  2303  2720 I chatty  : uid=1001(radio) DcHandlerThread expire 15 lines
07-08 17:15:41.343  1909  6442 D TelephonyRegistry: onDataConnectionStateChanged(2, 0)
07-08 17:15:41.351  1909  8916 D TelephonyRegistry: notifyCellLocationForSubscriber: subId=1 cellLocation=Bundle[mParcelledData.dataSize=64]
07-08 17:15:41.362  2303  6209 I chatty  : uid=1001(radio) Binder:2303_A expire 3 lines
07-08 17:15:41.367  2183  2418 W SignalStrength: isWCDMA tech=13
07-08 17:15:41.407  2303  3223 I chatty  : uid=1001(radio) Binder:2303_6 expire 5 lines
07-08 17:15:41.414  1909  8260 D TelephonyRegistry: onDataConnectionStateChanged(0, 0)
07-08 17:15:41.414  2303  2635 I chatty  : uid=1001(radio) Binder:2303_5 expire 3 lines
07-08 17:15:41.426  2183  2418 W SignalStrength: isWCDMA tech=13
07-08 17:15:41.435  2303  6936 I chatty  : uid=1001(radio) Binder:2303_B expire 9 lines
07-08 17:15:45.049  1271  1574 I chatty  : uid=1001(radio) DispatcherModul expire 14 lines
07-08 17:15:45.085  1909  9476 W SignalStrength: isWCDMA tech=13
07-08 17:15:45.086  2183  2418 W SignalStrength: isWCDMA tech=13
07-08 17:15:45.127  1909  9480 D TelephonyRegistry: notifyCellLocationForSubscriber: subId=1 cellLocation=Bundle[mParcelledData.dataSize=64]
07-08 17:15:45.908  1909  3304 W SignalStrength: isWCDMA tech=13
07-08 17:15:45.908  2183  2418 W SignalStrength: isWCDMA tech=13
07-08 17:15:45.912  2303  3194 I chatty  : uid=1001(radio) org.codeaurora. expire 2 lines
07-08 17:15:45.913  2303  2303 I chatty  : uid=1001(radio) com.android.phone expire 191 lines
07-08 17:15:45.918  2303  2430 I chatty  : uid=1001(radio) HwBinder:2303_1 expire 11 lines
07-08 17:15:45.945  2303  6936 I chatty  : uid=1001(radio) Binder:2303_B expire 2 lines
07-08 17:15:45.952  2303  2720 I chatty  : uid=1001(radio) DcHandlerThread expire 51 lines
07-08 17:15:45.951  2183  2418 W SignalStrength: isWCDMA tech=13
07-08 17:15:45.956  1909  6442 D TelephonyRegistry: onDataConnectionStateChanged(0, 13)
07-08 17:15:45.972  2183  2418 W SignalStrength: isWCDMA tech=13
07-08 17:15:46.128  2303  2303 I chatty  : uid=1001(radio) com.android.phone expire 58 lines
07-08 17:15:46.130  2303  6936 I chatty  : uid=1001(radio) Binder:2303_B expire 11 lines
07-08 17:15:46.133  2303  2430 I chatty  : uid=1001(radio) HwBinder:2303_1 expire 31 lines
07-08 17:15:46.286  1909  6442 D TelephonyRegistry: onDataConnectionStateChanged(2, 13)
07-08 17:15:46.305  2183  2418 W SignalStrength: isWCDMA tech=13
07-08 17:15:46.310  2303  3429 I chatty  : uid=1001(radio) Binder:2303_9 expire 2 lines
07-08 17:15:46.339  1909  3304 D TelephonyRegistry: notifyCellLocationForSubscriber: subId=1 cellLocation=Bundle[mParcelledData.dataSize=64]
07-08 17:15:46.438  1909  6884 D TelephonyRegistry: notifyCellLocationForSubscriber: subId=1 cellLocation=Bundle[mParcelledData.dataSize=64]
07-08 17:15:46.929  1909  6884 W SignalStrength: isWCDMA tech=13
07-08 17:15:46.930  2183  2418 W SignalStrength: isWCDMA tech=13
07-08 17:15:48.975  3644  3644 W SignalStrength: isWCDMA tech=13
07-08 17:15:59.283  1909  8260 D TelephonyRegistry: notifyCellLocationForSubscriber: subId=1 cellLocation=Bundle[mParcelledData.dataSize=64]
07-08 17:15:59.289  1909  8260 W SignalStrength: isWCDMA tech=13
07-08 17:15:59.289  3644  3644 W SignalStrength: isWCDMA tech=13
07-08 17:15:59.293  2303  2430 I chatty  : uid=1001(radio) HwBinder:2303_1 expire 24 lines
07-08 17:15:59.293  2303  2303 I chatty  : uid=1001(radio) com.android.phone expire 24 lines
07-08 17:15:59.295  2183  2418 W SignalStrength: isWCDMA tech=13
07-08 17:15:59.301  1271  1574 I chatty  : uid=1001(radio) DispatcherModul expire 12 lines
07-08 17:15:59.799  2303  2303 I chatty  : uid=1001(radio) com.android.phone expire 45 lines
07-08 17:15:59.801  2303  2430 I chatty  : uid=1001(radio) HwBinder:2303_1 expire 27 lines
07-08 17:15:59.803  2303  2720 I chatty  : uid=1001(radio) DcHandlerThread expire 72 lines
07-08 17:16:01.353  2303  2321 I chatty  : uid=1001(radio) Binder:2303_2 expire 8 lines
07-08 17:16:03.377  1909  8260 D TelephonyRegistry: notifyCellLocationForSubscriber: subId=1 cellLocation=Bundle[mParcelledData.dataSize=64]
07-08 17:16:04.962  1909  8260 W SignalStrength: isWCDMA tech=13
07-08 17:16:04.964  3644  3644 W SignalStrength: isWCDMA tech=13
07-08 17:16:04.968  2183  2418 W SignalStrength: isWCDMA tech=13
07-08 17:16:07.649  1909  2238 W SignalStrength: isWCDMA tech=13
07-08 17:16:07.649  3644  3644 W SignalStrength: isWCDMA tech=13
07-08 17:16:07.651  2183  2418 W SignalStrength: isWCDMA tech=13
07-08 17:16:10.962  1909  8260 W SignalStrength: isWCDMA tech=13
07-08 17:16:10.963  3644  3644 W SignalStrength: isWCDMA tech=13
07-08 17:16:10.963  2183  2418 W SignalStrength: isWCDMA tech=13
07-08 17:16:14.203  3644  3644 W SignalStrength: isWCDMA tech=13
07-08 17:16:14.204  1909  3038 W SignalStrength: isWCDMA tech=13
07-08 17:16:14.210  2183  2418 W SignalStrength: isWCDMA tech=13
07-08 17:16:18.419  2303  6936 I chatty  : uid=1001(radio) Binder:2303_B expire 1 line
07-08 17:16:18.523  2303  2430 I chatty  : uid=1001(radio) HwBinder:2303_1 expire 23 lines
07-08 17:16:18.524  2303  2303 I chatty  : uid=1001(radio) com.android.phone expire 23 lines
07-08 17:16:18.559  1909  2294 D TelephonyRegistry: notifyCellLocationForSubscriber: subId=1 cellLocation=Bundle[mParcelledData.dataSize=64]
07-08 17:16:18.567  2183  2418 W SignalStrength: isWCDMA tech=13
07-08 17:16:18.569  1909  2294 W SignalStrength: isWCDMA tech=13
07-08 17:16:18.570  3644  3644 W SignalStrength: isWCDMA tech=13
07-08 17:16:19.077  2303  2720 I chatty  : uid=1001(radio) DcHandlerThread expire 40 lines
07-08 17:16:19.077  2303  2303 I chatty  : uid=1001(radio) com.android.phone expire 89 lines
07-08 17:16:19.255  2303  2430 I chatty  : uid=1001(radio) HwBinder:2303_1 expire 66 lines
07-08 17:16:19.278  1909  2238 D TelephonyRegistry: notifyCellLocationForSubscriber: subId=1 cellLocation=Bundle[mParcelledData.dataSize=64]
07-08 17:16:20.318  2183  2418 W SignalStrength: isWCDMA tech=13
07-08 17:16:20.320  1909  2238 W SignalStrength: isWCDMA tech=13
07-08 17:16:20.321  3644  3644 W SignalStrength: isWCDMA tech=13
07-08 17:16:23.346  1909  2238 W SignalStrength: isWCDMA tech=13
07-08 17:16:23.348  3644  3644 W SignalStrength: isWCDMA tech=13
07-08 17:16:23.355  2183  2418 W SignalStrength: isWCDMA tech=13
07-08 17:16:24.317  1909  2294 D TelephonyRegistry: notifyCellLocationForSubscriber: subId=1 cellLocation=Bundle[mParcelledData.dataSize=64]
07-08 17:16:24.354  1271  1574 I chatty  : uid=1001(radio) DispatcherModul expire 9 lines
07-08 17:16:24.443  1909  2317 W SignalStrength: isWCDMA tech=13
07-08 17:16:24.446  2183  2418 W SignalStrength: isWCDMA tech=13
07-08 17:16:24.446  3644  3644 W SignalStrength: isWCDMA tech=13
07-08 17:16:24.529  2303  3194 I chatty  : uid=1001(radio) org.codeaurora. expire 4 lines
07-08 17:16:24.531  2303  2303 I chatty  : uid=1001(radio) com.android.phone expire 115 lines
07-08 17:16:24.532  2303  2430 I chatty  : uid=1001(radio) HwBinder:2303_1 expire 44 lines
07-08 17:16:24.539  1271  1574 I chatty  : uid=1001(radio) DispatcherModul expire 16 lines
07-08 17:16:24.543  2287  2287 I chatty  : uid=1001(radio) com.qualcomm.qti.telephonyservice expire 4 lines
07-08 17:16:24.552  1909  2317 W SignalStrength: isWCDMA tech=13
07-08 17:16:24.552  3644  3644 W SignalStrength: isWCDMA tech=13
07-08 17:16:24.552  2303  3429 I chatty  : uid=1001(radio) Binder:2303_9 expire 11 lines
07-08 17:16:24.556  2183  2418 W SignalStrength: isWCDMA tech=13
07-08 17:16:24.594  2303  2321 I chatty  : uid=1001(radio) Binder:2303_2 expire 2 lines
07-08 17:16:24.604  2303  2720 I chatty  : uid=1001(radio) DcHandlerThread expire 15 lines
07-08 17:16:24.620  1909  3302 D TelephonyRegistry: onDataConnectionStateChanged(0, 0)
07-08 17:16:24.648  2183  2418 W SignalStrength: isWCDMA tech=13
07-08 17:16:24.663  2303  6209 I chatty  : uid=1001(radio) Binder:2303_A expire 2 lines
07-08 17:16:24.679  2183  2418 W SignalStrength: isWCDMA tech=13
07-08 17:16:24.722  2303  3223 I chatty  : uid=1001(radio) Binder:2303_6 expire 1 line
07-08 17:16:25.218  2183  2418 W SignalStrength: isWCDMA tech=13
07-08 17:16:25.218  1909  9476 W SignalStrength: isWCDMA tech=13
07-08 17:16:25.222  3644  3644 W SignalStrength: isWCDMA tech=13
07-08 17:16:25.260  3644  3644 W SignalStrength: isWCDMA tech=13
07-08 17:16:25.262  1909  9476 W SignalStrength: isWCDMA tech=13
07-08 17:16:25.262  2183  2418 W SignalStrength: isWCDMA tech=13
07-08 17:16:25.302  2303  2430 I chatty  : uid=1001(radio) HwBinder:2303_1 expire 7 lines
07-08 17:16:25.303  2303  2303 I chatty  : uid=1001(radio) com.android.phone expire 182 lines
07-08 17:16:25.317  2303  3429 I chatty  : uid=1001(radio) Binder:2303_9 expire 1 line
07-08 17:16:25.322  2183  2418 W SignalStrength: isWCDMA tech=13
07-08 17:16:25.327  2303  2720 I chatty  : uid=1001(radio) DcHandlerThread expire 21 lines
07-08 17:16:25.335  1909  6885 D TelephonyRegistry: onDataConnectionStateChanged(0, 13)
07-08 17:16:25.339  2303  2321 I chatty  : uid=1001(radio) Binder:2303_2 expire 3 lines
07-08 17:16:25.342  2183  2418 W SignalStrength: isWCDMA tech=13
07-08 17:16:25.704  2303  2303 I chatty  : uid=1001(radio) com.android.phone expire 78 lines
07-08 17:16:25.710  2303  2430 I chatty  : uid=1001(radio) HwBinder:2303_1 expire 44 lines
07-08 17:16:25.712  2303  2720 I chatty  : uid=1001(radio) DcHandlerThread expire 62 lines
07-08 17:16:25.723  1909  9476 D TelephonyRegistry: onDataConnectionStateChanged(2, 13)
07-08 17:16:25.730  2303  3429 I chatty  : uid=1001(radio) Binder:2303_9 expire 4 lines
07-08 17:16:25.736  2183  2418 W SignalStrength: isWCDMA tech=13
07-08 17:16:25.739  1909  9476 D TelephonyRegistry: notifyCellLocationForSubscriber: subId=1 cellLocation=Bundle[mParcelledData.dataSize=64]
07-08 17:16:25.753  2303  6936 I chatty  : uid=1001(radio) Binder:2303_B expire 9 lines
07-08 17:16:25.762  2303  2635 I chatty  : uid=1001(radio) Binder:2303_5 expire 2 lines
07-08 17:16:26.460  1909  6442 D TelephonyRegistry: notifyCellLocationForSubscriber: subId=1 cellLocation=Bundle[mParcelledData.dataSize=64]
07-08 17:16:27.831  1909  2317 D TelephonyRegistry: notifyCellLocationForSubscriber: subId=1 cellLocation=Bundle[mParcelledData.dataSize=64]
07-08 17:16:29.251  1909  9480 D TelephonyRegistry: notifyCellLocationForSubscriber: subId=1 cellLocation=Bundle[mParcelledData.dataSize=64]
07-08 17:16:29.363  3644  3644 W SignalStrength: isWCDMA tech=13
07-08 17:16:29.366  1909  9480 W SignalStrength: isWCDMA tech=13
07-08 17:16:29.368  2183  2418 W SignalStrength: isWCDMA tech=13
07-08 17:16:31.934  2303  2430 I chatty  : uid=1001(radio) HwBinder:2303_1 expire 54 lines
07-08 17:16:31.934  2303  2303 I chatty  : uid=1001(radio) com.android.phone expire 87 lines
07-08 17:16:31.937  2303  2720 I chatty  : uid=1001(radio) DcHandlerThread expire 64 lines
07-08 17:16:33.429  2303  3429 I chatty  : uid=1001(radio) Binder:2303_9 expire 1 line
07-08 17:16:33.476  1909  6442 D TelephonyRegistry: notifyCellLocationForSubscriber: subId=1 cellLocation=Bundle[mParcelledData.dataSize=64]
07-08 17:16:34.832  2287  2287 I chatty  : uid=1001(radio) com.qualcomm.qti.telephonyservice expire 10 lines
07-08 17:16:34.836  1909  3304 W SignalStrength: isWCDMA tech=13
07-08 17:16:34.838  2183  2418 W SignalStrength: isWCDMA tech=13
07-08 17:16:34.839  3644  3644 W SignalStrength: isWCDMA tech=13
07-08 17:16:34.872  1909  3304 D TelephonyRegistry: notifyCellLocationForSubscriber: subId=1 cellLocation=Bundle[mParcelledData.dataSize=64]
07-08 17:16:37.652  1909  3302 D TelephonyRegistry: notifyCellLocationForSubscriber: subId=1 cellLocation=Bundle[mParcelledData.dataSize=64]
07-08 17:16:37.676  1909  3302 W SignalStrength: isWCDMA tech=13
07-08 17:16:37.683  2183  2418 W SignalStrength: isWCDMA tech=13
07-08 17:16:37.694  2303  2303 I chatty  : uid=1001(radio) com.android.phone expire 135 lines
07-08 17:16:37.695  2303  2430 I chatty  : uid=1001(radio) HwBinder:2303_1 expire 38 lines
07-08 17:16:38.417  1909  9476 W SignalStrength: isWCDMA tech=13
07-08 17:16:38.418  2183  2418 W SignalStrength: isWCDMA tech=13
07-08 17:16:44.351  2303  2720 I chatty  : uid=1001(radio) DcHandlerThread expire 17 lines
07-08 17:16:46.038  1271  1574 I chatty  : uid=1001(radio) DispatcherModul expire 6 lines
07-08 17:16:46.017  3644  3644 W SignalStrength: isWCDMA tech=13
07-08 17:16:46.018  1909  9480 W SignalStrength: isWCDMA tech=13
07-08 17:16:46.019  2183  2418 W SignalStrength: isWCDMA tech=13
07-08 17:16:46.021  1909  9480 W SignalStrength: isWCDMA tech=13
07-08 17:16:46.022  3644  3644 W SignalStrength: isWCDMA tech=13
07-08 17:16:46.027  2183  2418 W SignalStrength: isWCDMA tech=13
07-08 17:16:46.067  2303  2635 I chatty  : uid=1001(radio) Binder:2303_5 expire 1 line
07-08 17:16:46.073  1909  9480 D TelephonyRegistry: notifyCellLocationForSubscriber: subId=1 cellLocation=Bundle[mParcelledData.dataSize=64]
07-08 17:16:46.076  2183  2418 W SignalStrength: isWCDMA tech=3
07-08 17:16:46.084  2303  3194 I chatty  : uid=1001(radio) org.codeaurora. expire 2 lines
07-08 17:16:46.092  1909  9480 W SignalStrength: isWCDMA tech=3
07-08 17:16:46.093  3644  3644 W SignalStrength: isWCDMA tech=3
07-08 17:16:46.103  2183  2418 W SignalStrength: isWCDMA tech=3
07-08 17:16:46.147  2303  2632 I chatty  : uid=1001(radio) Binder:2303_4 expire 2 lines
07-08 17:16:46.148  2183  2418 W SignalStrength: isWCDMA tech=3
07-08 17:16:46.166  1909  9480 D TelephonyRegistry: onDataConnectionStateChanged(2, 15)
07-08 17:16:46.175  2303  6936 I chatty  : uid=1001(radio) Binder:2303_B expire 5 lines
07-08 17:16:46.176  2183  2418 W SignalStrength: isWCDMA tech=3
07-08 17:16:46.215  2303  2303 I chatty  : uid=1001(radio) com.android.phone expire 136 lines
07-08 17:16:46.226  2303  2632 I chatty  : uid=1001(radio) Binder:2303_4 expire 1 line
07-08 17:16:46.292  2303  2430 I chatty  : uid=1001(radio) HwBinder:2303_1 expire 42 lines
07-08 17:16:46.627  1909  6884 W SignalStrength: isWCDMA tech=3
07-08 17:16:46.627  3644  3644 W SignalStrength: isWCDMA tech=3
07-08 17:16:46.629  2183  2418 W SignalStrength: isWCDMA tech=3
07-08 17:16:48.880  1909  9480 W SignalStrength: isWCDMA tech=3
07-08 17:16:48.882  3644  3644 W SignalStrength: isWCDMA tech=3
07-08 17:16:48.892  2183  2418 W SignalStrength: isWCDMA tech=3
07-08 17:16:49.327  2287  2287 I chatty  : uid=1001(radio) com.qualcomm.qti.telephonyservice expire 8 lines
07-08 17:16:49.381  3644  3644 W SignalStrength: isWCDMA tech=3
07-08 17:16:49.381  1909  6885 W SignalStrength: isWCDMA tech=3
07-08 17:16:49.384  2183  2418 W SignalStrength: isWCDMA tech=3
07-08 17:16:49.396  2303  2720 I chatty  : uid=1001(radio) DcHandlerThread expire 8 lines
07-08 17:16:50.064  1271  1574 I chatty  : uid=1001(radio) DispatcherModul expire 10 lines
07-08 17:16:50.110  2303  2303 I chatty  : uid=1001(radio) com.android.phone expire 174 lines
07-08 17:16:50.112  2287  2287 I chatty  : uid=1001(radio) com.qualcomm.qti.telephonyservice expire 2 lines
07-08 17:16:50.114  2303  2632 I chatty  : uid=1001(radio) Binder:2303_4 expire 2 lines
07-08 17:16:50.115  2303  2430 I chatty  : uid=1001(radio) HwBinder:2303_1 expire 21 lines
07-08 17:16:50.120  2303  2720 I chatty  : uid=1001(radio) DcHandlerThread expire 15 lines
07-08 17:16:50.130  2183  2418 W SignalStrength: isWCDMA tech=13
07-08 17:16:50.131  1909  3302 D TelephonyRegistry: onDataConnectionStateChanged(2, 10)
07-08 17:16:50.135  1909  3302 D TelephonyRegistry: notifyCellLocationForSubscriber: subId=1 cellLocation=Bundle[mParcelledData.dataSize=64]
07-08 17:16:50.144  2183  2418 W SignalStrength: isWCDMA tech=13
07-08 17:16:50.147  1909  2294 W SignalStrength: isWCDMA tech=13
07-08 17:16:50.148  3644  3644 W SignalStrength: isWCDMA tech=13
07-08 17:16:50.151  2303  6936 I chatty  : uid=1001(radio) Binder:2303_B expire 3 lines
07-08 17:16:50.159  2303  3194 I chatty  : uid=1001(radio) org.codeaurora. expire 6 lines
07-08 17:16:50.168  1909  3302 W SignalStrength: isWCDMA tech=13
07-08 17:16:50.172  3644  3644 W SignalStrength: isWCDMA tech=13
07-08 17:16:50.177  2183  2418 W SignalStrength: isWCDMA tech=13
07-08 17:16:50.184  2183  2418 W SignalStrength: isWCDMA tech=13
07-08 17:16:50.293  2183  2418 W SignalStrength: isWCDMA tech=13
07-08 17:16:50.310  2303  2720 I chatty  : uid=1001(radio) DcHandlerThread expire 19 lines
07-08 17:16:50.313  2303  2303 I chatty  : uid=1001(radio) com.android.phone expire 157 lines
07-08 17:16:50.318  1909  9480 D TelephonyRegistry: onDataConnectionStateChanged(2, 13)
07-08 17:16:50.325  2303  6936 I chatty  : uid=1001(radio) Binder:2303_B expire 3 lines
07-08 17:16:50.334  2183  2418 W SignalStrength: isWCDMA tech=13
07-08 17:16:50.351  2303  2635 I chatty  : uid=1001(radio) Binder:2303_5 expire 2 lines
07-08 17:16:51.429  2303  2430 I chatty  : uid=1001(radio) HwBinder:2303_1 expire 29 lines
07-08 17:16:52.541  1909  2294 D TelephonyRegistry: notifyCellLocationForSubscriber: subId=1 cellLocation=Bundle[mParcelledData.dataSize=64]
07-08 17:16:53.357  1909  2294 W SignalStrength: isWCDMA tech=13
07-08 17:16:53.358  3644  3644 W SignalStrength: isWCDMA tech=13
07-08 17:16:53.361  2183  2418 W SignalStrength: isWCDMA tech=13
07-08 17:16:58.059  2287  2287 I chatty  : uid=1001(radio) com.qualcomm.qti.telephonyservice expire 2 lines
07-08 17:16:58.010  1271  1574 I chatty  : uid=1001(radio) DispatcherModul expire 6 lines
07-08 17:16:58.022  3644  3644 W SignalStrength: isWCDMA tech=13
07-08 17:16:58.024  1909  6884 W SignalStrength: isWCDMA tech=13
07-08 17:16:58.028  2183  2418 W SignalStrength: isWCDMA tech=13
07-08 17:16:58.029  1909  6884 W SignalStrength: isWCDMA tech=13
07-08 17:16:58.030  3644  3644 W SignalStrength: isWCDMA tech=13
07-08 17:16:58.037  2183  2418 W SignalStrength: isWCDMA tech=13
07-08 17:16:58.047  2303  2303 I chatty  : uid=1001(radio) com.android.phone expire 178 lines
07-08 17:16:58.047  2287  2287 I chatty  : uid=1001(radio) com.qualcomm.qti.telephonyservice expire 6 lines
07-08 17:16:58.058  2303  6936 I chatty  : uid=1001(radio) Binder:2303_B expire 3 lines
07-08 17:16:58.060  1909  6884 D TelephonyRegistry: notifyCellLocationForSubscriber: subId=1 cellLocation=Bundle[mParcelledData.dataSize=64]
07-08 17:16:58.064  2303  2430 I chatty  : uid=1001(radio) HwBinder:2303_1 expire 24 lines
07-08 17:16:58.067  2183  2418 W SignalStrength: isWCDMA tech=3
07-08 17:16:58.071  1909  2294 W SignalStrength: isWCDMA tech=3
07-08 17:16:58.073  3644  3644 W SignalStrength: isWCDMA tech=3
07-08 17:16:58.083  2183  2418 W SignalStrength: isWCDMA tech=3
07-08 17:16:58.121  2303  2720 I chatty  : uid=1001(radio) DcHandlerThread expire 9 lines
07-08 17:16:58.122  2183  2418 W SignalStrength: isWCDMA tech=3
07-08 17:16:58.133  1909  6884 D TelephonyRegistry: onDataConnectionStateChanged(2, 10)
07-08 17:16:58.145  2183  2418 W SignalStrength: isWCDMA tech=3
07-08 17:16:58.151  2303  2321 I chatty  : uid=1001(radio) Binder:2303_2 expire 3 lines
07-08 17:16:58.155  2303  2635 I chatty  : uid=1001(radio) Binder:2303_5 expire 1 line
07-08 17:16:58.230  2303  2303 I chatty  : uid=1001(radio) com.android.phone expire 139 lines
07-08 17:16:58.230  2303  2430 I chatty  : uid=1001(radio) HwBinder:2303_1 expire 49 lines
07-08 17:16:58.231  2303  2321 I chatty  : uid=1001(radio) Binder:2303_2 expire 3 lines
07-08 17:16:58.368  2183  2418 W SignalStrength: isWCDMA tech=3
07-08 17:16:58.369  1909  9480 W SignalStrength: isWCDMA tech=3
07-08 17:16:58.369  3644  3644 W SignalStrength: isWCDMA tech=3
07-08 17:16:59.340  2287  2287 I chatty  : uid=1001(radio) com.qualcomm.qti.telephonyservice expire 10 lines
07-08 17:17:01.465  2303  6936 I chatty  : uid=1001(radio) Binder:2303_B expire 3 lines
07-08 17:17:06.908  2303  2720 I chatty  : uid=1001(radio) DcHandlerThread expire 25 lines
07-08 17:17:06.913  1909  3038 W SignalStrength: isWCDMA tech=3
07-08 17:17:06.922  2183  2418 W SignalStrength: isWCDMA tech=3
07-08 17:17:06.957  2183  2418 W SignalStrength: isWCDMA tech=3
07-08 17:17:06.972  1909  6884 D TelephonyRegistry: onDataConnectionStateChanged(2, 15)
07-08 17:17:06.995  2183  2418 W SignalStrength: isWCDMA tech=3
07-08 17:17:07.021  2303  2303 I chatty  : uid=1001(radio) com.android.phone expire 154 lines
07-08 17:17:07.074  2303  2321 I chatty  : uid=1001(radio) Binder:2303_2 expire 4 lines
07-08 17:17:07.077  2303  2430 I chatty  : uid=1001(radio) HwBinder:2303_1 expire 50 lines
07-08 17:17:07.470  2183  2418 W SignalStrength: isWCDMA tech=3
07-08 17:17:07.470  1909  2294 W SignalStrength: isWCDMA tech=3
07-08 17:17:07.490  2287  2287 I chatty  : uid=1001(radio) com.qualcomm.qti.telephonyservice expire 8 lines
07-08 17:17:10.445  1909  3038 W SignalStrength: isWCDMA tech=3
07-08 17:17:10.450  2183  2418 W SignalStrength: isWCDMA tech=3
07-08 17:17:11.003  1271  1574 I chatty  : uid=1001(radio) DispatcherModul expire 7 lines
07-08 17:17:11.039  2303  3194 I chatty  : uid=1001(radio) org.codeaurora. expire 4 lines
07-08 17:17:11.043  2303  2303 I chatty  : uid=1001(radio) com.android.phone expire 180 lines
07-08 17:17:11.043  2287  2287 I chatty  : uid=1001(radio) com.qualcomm.qti.telephonyservice expire 4 lines
07-08 17:17:11.044  2303  2430 I chatty  : uid=1001(radio) HwBinder:2303_1 expire 27 lines
07-08 17:17:11.052  1909  3038 W SignalStrength: isWCDMA tech=3
07-08 17:17:11.057  2183  2418 W SignalStrength: isWCDMA tech=3
07-08 17:17:11.063  1909  3038 W SignalStrength: isWCDMA tech=3
07-08 17:17:11.065  1271  1574 I chatty  : uid=1001(radio) DispatcherModul expire 3 lines
07-08 17:17:11.072  2183  2418 W SignalStrength: isWCDMA tech=3
07-08 17:17:11.129  2303  2632 I chatty  : uid=1001(radio) Binder:2303_4 expire 5 lines
07-08 17:17:11.143  2303  3429 I chatty  : uid=1001(radio) Binder:2303_9 expire 4 lines
07-08 17:17:11.146  2303  2635 I chatty  : uid=1001(radio) Binder:2303_5 expire 2 lines
07-08 17:17:11.163  2183  2418 W SignalStrength: isWCDMA tech=13
07-08 17:17:11.165  2303  2720 I chatty  : uid=1001(radio) DcHandlerThread expire 9 lines
07-08 17:17:11.175  2303  6936 I chatty  : uid=1001(radio) Binder:2303_B expire 4 lines
07-08 17:17:11.178  1909  8260 D TelephonyRegistry: onDataConnectionStateChanged(2, 13)
07-08 17:17:11.182  1909  2294 D TelephonyRegistry: notifyCellLocationForSubscriber: subId=1 cellLocation=Bundle[mParcelledData.dataSize=64]
07-08 17:17:11.200  2303  6209 I chatty  : uid=1001(radio) Binder:2303_A expire 3 lines
07-08 17:17:11.205  2183  2418 W SignalStrength: isWCDMA tech=13
07-08 17:17:11.369  2303  6936 I chatty  : uid=1001(radio) Binder:2303_B expire 6 lines
07-08 17:17:11.771  2303  2430 I chatty  : uid=1001(radio) HwBinder:2303_1 expire 23 lines
07-08 17:17:11.772  2303  2303 I chatty  : uid=1001(radio) com.android.phone expire 40 lines
07-08 17:17:11.774  2303  2720 I chatty  : uid=1001(radio) DcHandlerThread expire 40 lines
07-08 17:17:12.202  1909  6884 W SignalStrength: isWCDMA tech=13
07-08 17:17:12.203  2183  2418 W SignalStrength: isWCDMA tech=13
07-08 17:17:14.509  3644  3644 W SignalStrength: isWCDMA tech=13
07-08 17:17:25.702  2303  2632 I chatty  : uid=1001(radio) Binder:2303_4 expire 20 lines
07-08 17:17:27.286  3644  3644 W SignalStrength: isWCDMA tech=13
07-08 17:17:27.287  1909  2858 W SignalStrength: isWCDMA tech=13
07-08 17:17:27.290  2183  2418 W SignalStrength: isWCDMA tech=13
07-08 17:17:27.295  2303  2430 I chatty  : uid=1001(radio) HwBinder:2303_1 expire 18 lines
07-08 17:17:27.295  2303  2303 I chatty  : uid=1001(radio) com.android.phone expire 66 lines
07-08 17:17:27.013  1271  1574 I chatty  : uid=1001(radio) DispatcherModul expire 6 lines
07-08 17:17:27.025  1909  2858 W SignalStrength: isWCDMA tech=13
07-08 17:17:27.026  3644  3644 W SignalStrength: isWCDMA tech=13
07-08 17:17:27.029  2183  2418 W SignalStrength: isWCDMA tech=13
07-08 17:17:27.031  1909  2858 W SignalStrength: isWCDMA tech=13
07-08 17:17:27.031  3644  3644 W SignalStrength: isWCDMA tech=13
07-08 17:17:27.032  2303  3194 I chatty  : uid=1001(radio) org.codeaurora. expire 2 lines
07-08 17:17:27.037  2183  2418 W SignalStrength: isWCDMA tech=13
07-08 17:17:27.048  2287  2287 I chatty  : uid=1001(radio) com.qualcomm.qti.telephonyservice expire 2 lines
07-08 17:17:27.072  2303  2321 I chatty  : uid=1001(radio) Binder:2303_2 expire 11 lines
07-08 17:17:27.083  3644  3644 W SignalStrength: isWCDMA tech=16
07-08 17:17:27.092  1909  2294 D TelephonyRegistry: notifyCellLocationForSubscriber: subId=1 cellLocation=Bundle[mParcelledData.dataSize=64]
07-08 17:17:27.096  2183  2418 W SignalStrength: isWCDMA tech=16
07-08 17:17:27.102  3644  3644 W SignalStrength: isWCDMA tech=16
07-08 17:17:27.103  1909  9480 W SignalStrength: isWCDMA tech=16
07-08 17:17:27.116  2183  2418 W SignalStrength: isWCDMA tech=16
07-08 17:17:27.157  2303  2430 I chatty  : uid=1001(radio) HwBinder:2303_1 expire 13 lines
07-08 17:17:27.164  2303  2303 I chatty  : uid=1001(radio) com.android.phone expire 147 lines
07-08 17:17:27.174  2303  6936 I chatty  : uid=1001(radio) Binder:2303_B expire 9 lines
07-08 17:17:27.178  2303  2720 I chatty  : uid=1001(radio) DcHandlerThread expire 23 lines
07-08 17:17:27.180  2183  2418 W SignalStrength: isWCDMA tech=16
07-08 17:17:27.188  1909  9480 D TelephonyRegistry: onDataConnectionStateChanged(2, 2)
07-08 17:17:27.203  2183  2418 W SignalStrength: isWCDMA tech=16
07-08 17:17:27.355  3644  3644 W SignalStrength: isWCDMA tech=16
07-08 17:17:27.355  2183  2418 W SignalStrength: isWCDMA tech=16
07-08 17:17:27.368  1909  2294 W SignalStrength: isWCDMA tech=16
07-08 17:17:28.928  3644  3644 W SignalStrength: isWCDMA tech=16
07-08 17:17:28.928  1909  2294 W SignalStrength: isWCDMA tech=16
07-08 17:17:28.929  2183  2418 W SignalStrength: isWCDMA tech=16
07-08 17:17:31.080  2303  3343 I chatty  : uid=1001(radio) Binder:2303_8 expire 9 lines
07-08 17:17:32.929  1909  6884 W SignalStrength: isWCDMA tech=16
07-08 17:17:32.933  3644  3644 W SignalStrength: isWCDMA tech=16
07-08 17:17:32.934  1909  6884 W SignalStrength: isWCDMA tech=16
07-08 17:17:32.944  2183  2418 W SignalStrength: isWCDMA tech=16
07-08 17:17:32.944  3644  3644 W SignalStrength: isWCDMA tech=16
07-08 17:17:32.960  2183  2418 W SignalStrength: isWCDMA tech=16
07-08 17:17:34.943  3644  3644 W SignalStrength: isWCDMA tech=16
07-08 17:17:34.944  1909  6884 W SignalStrength: isWCDMA tech=16
07-08 17:17:34.949  2183  2418 W SignalStrength: isWCDMA tech=16
07-08 17:17:38.573  2183  2418 W SignalStrength: isWCDMA tech=16
07-08 17:17:38.573  1909  6884 W SignalStrength: isWCDMA tech=16
07-08 17:17:38.573  3644  3644 W SignalStrength: isWCDMA tech=16
07-08 17:17:39.973  2303  2430 I chatty  : uid=1001(radio) HwBinder:2303_1 expire 7 lines
07-08 17:17:39.979  2303  2303 I chatty  : uid=1001(radio) com.android.phone expire 16 lines
07-08 17:17:40.938  3644  3644 W SignalStrength: isWCDMA tech=16
07-08 17:17:40.938  1909  9480 W SignalStrength: isWCDMA tech=16
07-08 17:17:40.939  2183  2418 W SignalStrength: isWCDMA tech=16
07-08 17:17:44.946  3644  3644 W SignalStrength: isWCDMA tech=16
07-08 17:17:44.946  1909  8260 W SignalStrength: isWCDMA tech=16
07-08 17:17:44.949  2183  2418 W SignalStrength: isWCDMA tech=16
07-08 17:17:46.950  3644  3644 W SignalStrength: isWCDMA tech=16
07-08 17:17:46.951  1909  8260 W SignalStrength: isWCDMA tech=16
07-08 17:17:46.959  2183  2418 W SignalStrength: isWCDMA tech=16
07-08 17:17:52.952  1909  2858 W SignalStrength: isWCDMA tech=16
07-08 17:17:52.953  3644  3644 W SignalStrength: isWCDMA tech=16
07-08 17:17:52.957  2183  2418 W SignalStrength: isWCDMA tech=16
07-08 17:17:53.161  2303  2303 I chatty  : uid=1001(radio) com.android.phone expire 100 lines
07-08 17:17:53.198  2303  2430 I chatty  : uid=1001(radio) HwBinder:2303_1 expire 53 lines
07-08 17:17:54.234  2303  6936 I chatty  : uid=1001(radio) Binder:2303_B expire 8 lines
07-08 17:17:55.663  2303  3343 I chatty  : uid=1001(radio) Binder:2303_8 expire 10 lines
07-08 17:17:59.307  2303  2720 I chatty  : uid=1001(radio) DcHandlerThread expire 16 lines
07-08 17:18:01.051  2287  2287 I chatty  : uid=1001(radio) com.qualcomm.qti.telephonyservice expire 2 lines
07-08 17:18:01.076  3644  3644 W SignalStrength: isWCDMA tech=16
07-08 17:18:01.078  1909  2359 W SignalStrength: isWCDMA tech=16
07-08 17:18:01.081  2183  2418 W SignalStrength: isWCDMA tech=16
07-08 17:18:01.014  3644  3644 W SignalStrength: isWCDMA tech=16
07-08 17:18:01.015  1909  2359 W SignalStrength: isWCDMA tech=16
07-08 17:18:01.023  1909  2359 W SignalStrength: isWCDMA tech=16
07-08 17:18:01.028  3644  3644 W SignalStrength: isWCDMA tech=16
07-08 17:18:01.028  2183  2418 W SignalStrength: isWCDMA tech=16
07-08 17:18:01.031  1271  1574 I chatty  : uid=1001(radio) DispatcherModul expire 5 lines
07-08 17:18:01.031  2303  3194 I chatty  : uid=1001(radio) org.codeaurora. expire 6 lines
07-08 17:18:01.034  2303  2303 I chatty  : uid=1001(radio) com.android.phone expire 162 lines
07-08 17:18:01.035  1271  1574 I chatty  : uid=1001(radio) DispatcherModul expire 1 line
07-08 17:18:01.040  2303  2430 I chatty  : uid=1001(radio) HwBinder:2303_1 expire 27 lines
07-08 17:18:01.045  2287  2287 I chatty  : uid=1001(radio) com.qualcomm.qti.telephonyservice expire 4 lines
07-08 17:18:01.050  2183  2418 W SignalStrength: isWCDMA tech=16
07-08 17:18:01.052  1909  2359 W SignalStrength: isWCDMA tech=16
07-08 17:18:01.056  3644  3644 W SignalStrength: isWCDMA tech=16
07-08 17:18:01.065  2183  2418 W SignalStrength: isWCDMA tech=16
07-08 17:18:01.068  1909  6884 W SignalStrength: isWCDMA tech=16
07-08 17:18:01.069  3644  3644 W SignalStrength: isWCDMA tech=16
07-08 17:18:01.077  2183  2418 W SignalStrength: isWCDMA tech=16
07-08 17:18:01.100  2303  2632 I chatty  : uid=1001(radio) Binder:2303_4 expire 6 lines
07-08 17:18:01.103  2183  2418 W SignalStrength: isWCDMA tech=3
07-08 17:18:01.113  2303  2720 I chatty  : uid=1001(radio) DcHandlerThread expire 31 lines
07-08 17:18:01.126  1909  6884 D TelephonyRegistry: onDataConnectionStateChanged(2, 15)
07-08 17:18:01.131  1909  6884 D TelephonyRegistry: notifyCellLocationForSubscriber: subId=1 cellLocation=Bundle[mParcelledData.dataSize=64]
07-08 17:18:01.138  2183  2418 W SignalStrength: isWCDMA tech=3
07-08 17:18:01.241  2303  2303 I chatty  : uid=1001(radio) com.android.phone expire 100 lines
07-08 17:18:01.360  2303  2430 I chatty  : uid=1001(radio) HwBinder:2303_1 expire 59 lines
07-08 17:18:01.364  2287  2287 I chatty  : uid=1001(radio) com.qualcomm.qti.telephonyservice expire 12 lines
07-08 17:18:01.817  2303  2632 I chatty  : uid=1001(radio) Binder:2303_4 expire 16 lines
07-08 17:18:05.388  1909  6884 W SignalStrength: isWCDMA tech=3
07-08 17:18:05.388  2183  2418 W SignalStrength: isWCDMA tech=3
07-08 17:18:05.389  3644  3644 W SignalStrength: isWCDMA tech=3
07-08 17:18:06.707  3644  3644 W SignalStrength: isWCDMA tech=3
07-08 17:18:06.708  1909  2359 W SignalStrength: isWCDMA tech=3
07-08 17:18:06.710  2183  2418 W SignalStrength: isWCDMA tech=3
07-08 17:18:07.794  1271  1574 I chatty  : uid=1001(radio) DispatcherModul expire 10 lines
07-08 17:18:07.854  2303  2720 I chatty  : uid=1001(radio) DcHandlerThread expire 19 lines
07-08 17:18:07.856  2303  2303 I chatty  : uid=1001(radio) com.android.phone expire 180 lines
07-08 17:18:07.857  2183  2418 W SignalStrength: isWCDMA tech=13
07-08 17:18:07.865  1909  2294 D TelephonyRegistry: onDataConnectionStateChanged(2, 10)
07-08 17:18:07.869  1909  9476 D TelephonyRegistry: notifyCellLocationForSubscriber: subId=1 cellLocation=Bundle[mParcelledData.dataSize=64]
07-08 17:18:07.871  2303  3194 I chatty  : uid=1001(radio) org.codeaurora. expire 4 lines
07-08 17:18:07.871  2183  2418 W SignalStrength: isWCDMA tech=13
07-08 17:18:07.873  2303  2635 I chatty  : uid=1001(radio) Binder:2303_5 expire 4 lines
07-08 17:18:07.877  2303  2430 I chatty  : uid=1001(radio) HwBinder:2303_1 expire 33 lines
07-08 17:18:07.960  2303  2720 I chatty  : uid=1001(radio) DcHandlerThread expire 71 lines
07-08 17:18:07.961  2303  2303 I chatty  : uid=1001(radio) com.android.phone expire 136 lines
07-08 17:18:07.972  1909  2294 D TelephonyRegistry: onDataConnectionStateChanged(2, 13)
07-08 17:18:07.976  2303  3343 I chatty  : uid=1001(radio) Binder:2303_8 expire 3 lines
07-08 17:18:07.993  2303  2635 I chatty  : uid=1001(radio) Binder:2303_5 expire 5 lines
07-08 17:18:09.878  1909  2294 W SignalStrength: isWCDMA tech=13
07-08 17:18:09.878  3644  3644 W SignalStrength: isWCDMA tech=13
07-08 17:18:09.888  2183  2418 W SignalStrength: isWCDMA tech=13
07-08 17:18:11.695  2303  2303 I chatty  : uid=1001(radio) com.android.phone expire 43 lines
07-08 17:18:11.702  2303  2430 I chatty  : uid=1001(radio) HwBinder:2303_1 expire 27 lines
07-08 17:18:11.706  2303  2720 I chatty  : uid=1001(radio) DcHandlerThread expire 40 lines
07-08 17:18:13.380  1909  2294 D TelephonyRegistry: notifyCellLocationForSubscriber: subId=1 cellLocation=Bundle[mParcelledData.dataSize=64]
07-08 17:18:14.355  1909  2294 W SignalStrength: isWCDMA tech=13
07-08 17:18:14.355  3644  3644 W SignalStrength: isWCDMA tech=13
07-08 17:18:14.364  2183  2418 W SignalStrength: isWCDMA tech=13
07-08 17:18:32.456  1909  2294 D TelephonyRegistry: notifyCellLocationForSubscriber: subId=1 cellLocation=Bundle[mParcelledData.dataSize=64]
07-08 17:18:32.468  2303  2430 I chatty  : uid=1001(radio) HwBinder:2303_1 expire 36 lines
07-08 17:18:32.469  2303  2303 I chatty  : uid=1001(radio) com.android.phone expire 46 lines
07-08 17:18:32.478  1271  1574 I chatty  : uid=1001(radio) DispatcherModul expire 9 lines
07-08 17:18:32.775  2303  2720 I chatty  : uid=1001(radio) DcHandlerThread expire 24 lines
07-08 17:18:32.980  3644  3644 W SignalStrength: isWCDMA tech=13
07-08 17:18:32.980  1909  2238 W SignalStrength: isWCDMA tech=13
07-08 17:18:32.987  2183  2418 W SignalStrength: isWCDMA tech=13
07-08 17:18:32.994  1909  2238 D TelephonyRegistry: notifyCellLocationForSubscriber: subId=1 cellLocation=Bundle[mParcelledData.dataSize=64]
07-08 17:18:34.516  1909  2294 W SignalStrength: isWCDMA tech=13
