07-08 17:18:34.525  3644  3644 W SignalStrength: isWCDMA tech=13
07-08 17:18:34.532  2183  2418 W SignalStrength: isWCDMA tech=13
07-08 17:18:52.442  3644  3644 W SignalStrength: isWCDMA tech=13
07-08 17:18:52.443  1909  9476 W SignalStrength: isWCDMA tech=13
07-08 17:18:52.447  2183  2418 W SignalStrength: isWCDMA tech=13
07-08 17:18:55.707  2303  2430 I chatty  : uid=1001(radio) HwBinder:2303_1 expire 3 lines
07-08 17:18:55.710  2303  2303 I chatty  : uid=1001(radio) com.android.phone expire 59 lines
07-08 17:18:55.727  2303  2635 I chatty  : uid=1001(radio) Binder:2303_5 expire 14 lines
07-08 17:18:57.883  2303  2430 I chatty  : uid=1001(radio) HwBinder:2303_1 expire 47 lines
07-08 17:18:57.919  1909  2238 D TelephonyRegistry: notifyCellLocationForSubscriber: subId=1 cellLocation=Bundle[mParcelledData.dataSize=64]
07-08 17:18:57.939  1271  1574 I chatty  : uid=1001(radio) DispatcherModul expire 18 lines
07-08 17:18:58.419  2303  2720 I chatty  : uid=1001(radio) DcHandlerThread expire 24 lines
07-08 17:18:58.613  1909  6884 D TelephonyRegistry: notifyCellLocationForSubscriber: subId=1 cellLocation=Bundle[mParcelledData.dataSize=64]
07-08 17:19:10.352  3644  3644 W SignalStrength: isWCDMA tech=13
07-08 17:19:10.356  1909  9476 W SignalStrength: isWCDMA tech=13
07-08 17:19:10.363  2183  2418 W SignalStrength: isWCDMA tech=13
07-08 17:19:11.128  2303  2635 I chatty  : uid=1001(radio) Binder:2303_5 expire 29 lines
07-08 17:19:12.060  2303  2430 I chatty  : uid=1001(radio) HwBinder:2303_1 expire 27 lines
07-08 17:19:12.069  2303  2303 I chatty  : uid=1001(radio) com.android.phone expire 29 lines
07-08 17:19:32.752  1909  2358 W SignalStrength: isWCDMA tech=13
07-08 17:19:32.758  2183  2418 W SignalStrength: isWCDMA tech=13
07-08 17:19:38.563  2303  2430 I chatty  : uid=1001(radio) HwBinder:2303_1 expire 15 lines
07-08 17:19:38.565  2303  2303 I chatty  : uid=1001(radio) com.android.phone expire 15 lines
07-08 17:19:39.079  2303  6936 I chatty  : uid=1001(radio) Binder:2303_B expire 10 lines
07-08 17:19:46.196  1909  2359 W SignalStrength: isWCDMA tech=13
07-08 17:19:46.203  2183  2418 W SignalStrength: isWCDMA tech=13
07-08 17:19:50.133  2303  2632 I chatty  : uid=1001(radio) Binder:2303_4 expire 2 lines
07-08 17:19:50.133  2183  2418 W SignalStrength: isWCDMA tech=13
07-08 17:19:50.134  2303  2303 I chatty  : uid=1001(radio) com.android.phone expire 64 lines
07-08 17:19:50.137  2303  6936 I chatty  : uid=1001(radio) Binder:2303_B expire 9 lines
07-08 17:19:50.138  2303  2720 I chatty  : uid=1001(radio) DcHandlerThread expire 20 lines
07-08 17:19:50.163  1271  1709 I chatty  : uid=1001(radio) HwBinder:1271_1 expire 5 lines
07-08 17:19:50.167  2303  6209 I chatty  : uid=1001(radio) Binder:2303_A expire 2 lines
07-08 17:19:50.173  1271  1574 I chatty  : uid=1001(radio) DispatcherModul expire 4 lines
07-08 17:19:50.206  2303 12398 I chatty  : uid=1001(radio) com.android.phone expire 2 lines
07-08 17:19:50.208  2303 12399 I chatty  : uid=1001(radio) com.android.phone expire 2 lines
07-08 17:19:50.216  2303  2445 I chatty  : uid=1001(radio) Binder:2303_3 expire 4 lines
07-08 17:19:50.235  2303  2430 I chatty  : uid=1001(radio) HwBinder:2303_1 expire 10 lines
07-08 17:19:50.377  1909  3038 D TelephonyRegistry: onDataConnectionStateChanged(0, 13)
07-08 17:19:50.391  2183  2418 W SignalStrength: isWCDMA tech=13
07-08 17:19:55.156  1909 12460 W SignalStrength: isWCDMA tech=13
07-08 17:19:55.163  2183  2418 W SignalStrength: isWCDMA tech=13
07-08 17:19:59.657  1909 12460 W SignalStrength: isWCDMA tech=13
07-08 17:19:59.666  2183  2418 W SignalStrength: isWCDMA tech=13
07-08 17:20:04.171  1909  6884 W SignalStrength: isWCDMA tech=13
07-08 17:20:04.177  2183  2418 W SignalStrength: isWCDMA tech=13
07-08 17:20:07.371  1909  6884 W SignalStrength: isWCDMA tech=13
07-08 17:20:07.378  2183  2418 W SignalStrength: isWCDMA tech=13
07-08 17:20:10.891  1909 12460 W SignalStrength: isWCDMA tech=13
07-08 17:20:10.897  2183  2418 W SignalStrength: isWCDMA tech=13
07-08 17:20:13.654  1909 12460 W SignalStrength: isWCDMA tech=13
07-08 17:20:13.660  2183  2418 W SignalStrength: isWCDMA tech=13
07-08 17:20:31.263  1909 12460 W SignalStrength: isWCDMA tech=13
07-08 17:20:31.272  2183  2418 W SignalStrength: isWCDMA tech=13
07-08 17:20:31.537  2183  2418 W SignalStrength: isWCDMA tech=13
07-08 17:20:49.962  2303  2430 I chatty  : uid=1001(radio) HwBinder:2303_1 expire 14 lines
07-08 17:20:49.963  2303  2303 I chatty  : uid=1001(radio) com.android.phone expire 51 lines
07-08 17:20:50.050  2303  3343 I chatty  : uid=1001(radio) Binder:2303_8 expire 1 line
07-08 17:20:50.065  2303  2635 I chatty  : uid=1001(radio) Binder:2303_5 expire 1 line
07-08 17:20:50.078  1909 11104 D TelephonyRegistry: notifyCellLocationForSubscriber: subId=1 cellLocation=Bundle[mParcelledData.dataSize=64]
07-08 17:20:51.571  2303  3194 I chatty  : uid=1001(radio) org.codeaurora. expire 4 lines
07-08 17:20:52.037  2287  2287 I chatty  : uid=1001(radio) com.qualcomm.qti.telephonyservice expire 6 lines
07-08 17:20:52.038  2303  2303 I chatty  : uid=1001(radio) com.android.phone expire 182 lines
07-08 17:20:52.040  2303  2430 I chatty  : uid=1001(radio) HwBinder:2303_1 expire 36 lines
07-08 17:20:52.008  1271  1574 I chatty  : uid=1001(radio) DispatcherModul expire 6 lines
07-08 17:20:52.019  1909  2294 W SignalStrength: isWCDMA tech=13
07-08 17:20:52.026  1909  2294 W SignalStrength: isWCDMA tech=13
07-08 17:20:52.026  2183  2418 W SignalStrength: isWCDMA tech=13
07-08 17:20:52.027  2303  3194 I chatty  : uid=1001(radio) org.codeaurora. expire 4 lines
07-08 17:20:52.045  2183  2418 W SignalStrength: isWCDMA tech=13
07-08 17:20:52.079  2303  2445 I chatty  : uid=1001(radio) Binder:2303_3 expire 1 line
07-08 17:20:52.080  2303  6936 I chatty  : uid=1001(radio) Binder:2303_B expire 1 line
07-08 17:20:52.090  2303  2635 I chatty  : uid=1001(radio) Binder:2303_5 expire 2 lines
07-08 17:20:52.095  1909  2294 D TelephonyRegistry: notifyCellLocationForSubscriber: subId=1 cellLocation=Bundle[mParcelledData.dataSize=64]
07-08 17:20:52.097  2183  2418 W SignalStrength: isWCDMA tech=3
07-08 17:20:52.104  2303  2321 I chatty  : uid=1001(radio) Binder:2303_2 expire 1 line
07-08 17:20:52.112  1909  2294 W SignalStrength: isWCDMA tech=3
07-08 17:20:52.116  2183  2418 W SignalStrength: isWCDMA tech=3
07-08 17:20:52.186  2303  2632 I chatty  : uid=1001(radio) Binder:2303_4 expire 1 line
07-08 17:20:52.190  2303  2720 I chatty  : uid=1001(radio) DcHandlerThread expire 3 lines
07-08 17:20:52.190  2183  2418 W SignalStrength: isWCDMA tech=3
07-08 17:20:52.194  1909  9476 D TelephonyRegistry: onDataConnectionStateChanged(0, 10)
07-08 17:20:52.205  2183  2418 W SignalStrength: isWCDMA tech=3
07-08 17:20:52.224  2303  2303 I chatty  : uid=1001(radio) com.android.phone expire 158 lines
07-08 17:20:52.271  2303  2635 I chatty  : uid=1001(radio) Binder:2303_5 expire 3 lines
07-08 17:20:52.274  2303  2430 I chatty  : uid=1001(radio) HwBinder:2303_1 expire 49 lines
07-08 17:20:52.459  1909  9476 W SignalStrength: isWCDMA tech=3
07-08 17:20:52.459  2183  2418 W SignalStrength: isWCDMA tech=3
07-08 17:20:53.460  1909  9476 W SignalStrength: isWCDMA tech=3
07-08 17:20:53.468  2183  2418 W SignalStrength: isWCDMA tech=3
07-08 17:20:53.988  2303  3194 I chatty  : uid=1001(radio) org.codeaurora. expire 8 lines
07-08 17:20:56.171  1909  9476 W SignalStrength: isWCDMA tech=3
07-08 17:20:56.181  2183  2418 W SignalStrength: isWCDMA tech=3
07-08 17:20:59.467  1909  2294 W SignalStrength: isWCDMA tech=3
07-08 17:20:59.475  2183  2418 W SignalStrength: isWCDMA tech=3
07-08 17:21:01.233  2287  2287 I chatty  : uid=1001(radio) com.qualcomm.qti.telephonyservice expire 6 lines
07-08 17:21:05.003  1271  1574 I chatty  : uid=1001(radio) DispatcherModul expire 10 lines
07-08 17:21:05.137  2303  2445 I chatty  : uid=1001(radio) Binder:2303_3 expire 2 lines
07-08 17:21:05.150  2303  2321 I chatty  : uid=1001(radio) Binder:2303_2 expire 2 lines
07-08 17:21:05.154  2303  2303 I chatty  : uid=1001(radio) com.android.phone expire 189 lines
07-08 17:21:05.161  2303  2720 I chatty  : uid=1001(radio) DcHandlerThread expire 3 lines
07-08 17:21:05.166  1909  9476 D TelephonyRegistry: onDataConnectionStateChanged(0, 13)
07-08 17:21:05.169  1909  9476 D TelephonyRegistry: notifyCellLocationForSubscriber: subId=1 cellLocation=Bundle[mParcelledData.dataSize=64]
07-08 17:21:05.180  2303  2635 I chatty  : uid=1001(radio) Binder:2303_5 expire 13 lines
07-08 17:21:05.185  2303  2430 I chatty  : uid=1001(radio) HwBinder:2303_1 expire 27 lines
07-08 17:21:07.300  2303  3194 I chatty  : uid=1001(radio) org.codeaurora. expire 4 lines
07-08 17:21:11.938  1909 11104 D TelephonyRegistry: notifyCellLocationForSubscriber: subId=1 cellLocation=Bundle[mParcelledData.dataSize=64]
07-08 17:21:18.151  2303  3223 I chatty  : uid=1001(radio) Binder:2303_6 expire 4 lines
07-08 17:21:24.519  2287  2287 I chatty  : uid=1001(radio) com.qualcomm.qti.telephonyservice expire 2 lines
07-08 17:21:24.011  1271  1574 I chatty  : uid=1001(radio) DispatcherModul expire 6 lines
07-08 17:21:24.020  2183  2418 W SignalStrength: isWCDMA tech=13
07-08 17:21:24.021  1909  9476 W SignalStrength: isWCDMA tech=13
07-08 17:21:24.027  1909  2867 W SignalStrength: isWCDMA tech=13
07-08 17:21:24.029  2303  2303 I chatty  : uid=1001(radio) com.android.phone expire 208 lines
07-08 17:21:24.031  2303  2430 I chatty  : uid=1001(radio) HwBinder:2303_1 expire 28 lines
07-08 17:21:24.035  2183  2418 W SignalStrength: isWCDMA tech=13
07-08 17:21:24.051  2287  2287 I chatty  : uid=1001(radio) com.qualcomm.qti.telephonyservice expire 6 lines
07-08 17:21:24.083  2303  6209 I chatty  : uid=1001(radio) Binder:2303_A expire 2 lines
07-08 17:21:24.088  2303  2321 I chatty  : uid=1001(radio) Binder:2303_2 expire 1 line
07-08 17:21:24.095  2303  6936 I chatty  : uid=1001(radio) Binder:2303_B expire 2 lines
07-08 17:21:24.103  1909 11104 D TelephonyRegistry: notifyCellLocationForSubscriber: subId=1 cellLocation=Bundle[mParcelledData.dataSize=64]
07-08 17:21:24.105  2183  2418 W SignalStrength: isWCDMA tech=3
07-08 17:21:24.114  1909 11104 W SignalStrength: isWCDMA tech=3
07-08 17:21:24.122  2183  2418 W SignalStrength: isWCDMA tech=3
07-08 17:21:24.194  2303  2720 I chatty  : uid=1001(radio) DcHandlerThread expire 3 lines
07-08 17:21:24.198  2183  2418 W SignalStrength: isWCDMA tech=3
07-08 17:21:24.199  1909  2867 D TelephonyRegistry: onDataConnectionStateChanged(0, 10)
07-08 17:21:24.208  2303 12546 I chatty  : uid=1001(radio) Binder:2303_C expire 4 lines
07-08 17:21:24.212  2183  2418 W SignalStrength: isWCDMA tech=3
07-08 17:21:24.282  2303  2303 I chatty  : uid=1001(radio) com.android.phone expire 187 lines
07-08 17:21:24.285  1909  9476 W SignalStrength: isWCDMA tech=3
07-08 17:21:24.285  2303  2430 I chatty  : uid=1001(radio) HwBinder:2303_1 expire 24 lines
07-08 17:21:24.287  2183  2418 W SignalStrength: isWCDMA tech=3
07-08 17:21:24.316  2303  6936 I chatty  : uid=1001(radio) Binder:2303_B expire 5 lines
07-08 17:21:24.321  2183  2418 W SignalStrength: isWCDMA tech=3
07-08 17:21:24.321  2303  2720 I chatty  : uid=1001(radio) DcHandlerThread expire 3 lines
07-08 17:21:24.324  1909  9476 D TelephonyRegistry: onDataConnectionStateChanged(0, 15)
07-08 17:21:24.336  2183  2418 W SignalStrength: isWCDMA tech=3
07-08 17:21:24.409  2183  2418 W SignalStrength: isWCDMA tech=3
07-08 17:21:24.412  1909 11104 W SignalStrength: isWCDMA tech=3
07-08 17:21:24.941  2287  2287 I chatty  : uid=1001(radio) com.qualcomm.qti.telephonyservice expire 12 lines
07-08 17:21:26.189  1909  2867 W SignalStrength: isWCDMA tech=3
07-08 17:21:26.198  2183  2418 W SignalStrength: isWCDMA tech=3
07-08 17:21:27.790  2303  2430 I chatty  : uid=1001(radio) HwBinder:2303_1 expire 56 lines
07-08 17:21:27.791  2303  2303 I chatty  : uid=1001(radio) com.android.phone expire 104 lines
07-08 17:21:27.801  1909  2867 W SignalStrength: isWCDMA tech=3
07-08 17:21:27.804  2183  2418 W SignalStrength: isWCDMA tech=3
07-08 17:21:28.544  1271  1574 I chatty  : uid=1001(radio) DispatcherModul expire 10 lines
07-08 17:21:28.577  2303  3194 I chatty  : uid=1001(radio) org.codeaurora. expire 4 lines
07-08 17:21:28.663  2303  2303 I chatty  : uid=1001(radio) com.android.phone expire 158 lines
07-08 17:21:28.664  2303  6209 I chatty  : uid=1001(radio) Binder:2303_A expire 1 line
07-08 17:21:28.674  2303  2320 I chatty  : uid=1001(radio) Binder:2303_1 expire 6 lines
07-08 17:21:28.676  2303  6936 I chatty  : uid=1001(radio) Binder:2303_B expire 5 lines
07-08 17:21:28.683  2303  2720 I chatty  : uid=1001(radio) DcHandlerThread expire 3 lines
07-08 17:21:28.687  1909 11104 D TelephonyRegistry: onDataConnectionStateChanged(0, 13)
07-08 17:21:28.689  1909 11104 D TelephonyRegistry: notifyCellLocationForSubscriber: subId=1 cellLocation=Bundle[mParcelledData.dataSize=64]
07-08 17:21:28.707  2303  2430 I chatty  : uid=1001(radio) HwBinder:2303_1 expire 19 lines
07-08 17:23:54.494  2303  2320 I chatty  : uid=1001(radio) Binder:2303_1 expire 7 lines
07-08 17:23:54.498  2303  6936 I chatty  : uid=1001(radio) Binder:2303_B expire 16 lines
07-08 17:23:54.501  2303  2303 I chatty  : uid=1001(radio) com.android.phone expire 132 lines
07-08 17:23:55.115  2287  2287 I chatty  : uid=1001(radio) com.qualcomm.qti.telephonyservice expire 14 lines
07-08 17:24:15.630  2303  6209 I chatty  : uid=1001(radio) Binder:2303_A expire 9 lines
07-08 17:24:44.606  2303  2303 I chatty  : uid=1001(radio) com.android.phone expire 34 lines
07-08 17:24:44.612  2287  2287 I chatty  : uid=1001(radio) com.qualcomm.qti.telephonyservice expire 2 lines
07-08 17:24:55.839  2303  6936 I chatty  : uid=1001(radio) Binder:2303_B expire 71 lines
07-08 17:24:55.853  2303  2430 I chatty  : uid=1001(radio) HwBinder:2303_1 expire 108 lines
07-08 17:58:46.035  2303  6936 I chatty  : uid=1001(radio) Binder:2303_B expire 39 lines
07-08 17:58:46.059  2303  2303 I chatty  : uid=1001(radio) com.android.phone expire 89 lines
07-08 18:22:03.735  2287  2287 I chatty  : uid=1001(radio) com.qualcomm.qti.telephonyservice expire 8 lines
07-08 18:22:03.766  2303  2635 I chatty  : uid=1001(radio) Binder:2303_5 expire 43 lines
07-08 19:08:11.875  2303  2430 I chatty  : uid=1001(radio) HwBinder:2303_1 expire 29 lines
07-08 19:08:11.879  2303  2303 I chatty  : uid=1001(radio) com.android.phone expire 38 lines
07-08 19:08:15.310  2303  6209 I chatty  : uid=1001(radio) Binder:2303_A expire 31 lines
07-09 01:21:21.683  2287  2287 I chatty  : uid=1001(radio) com.qualcomm.qti.telephonyservice expire 4 lines
07-09 01:21:21.726  1909  2294 D TelephonyRegistry: notifyCellLocationForSubscriber: subId=1 cellLocation=Bundle[mParcelledData.dataSize=64]
07-09 01:21:28.570  2303  2430 I chatty  : uid=1001(radio) HwBinder:2303_1 expire 18 lines
07-09 01:21:28.571  2303  2303 I chatty  : uid=1001(radio) com.android.phone expire 40 lines
07-09 01:21:28.619  1909  3304 D TelephonyRegistry: notifyCellLocationForSubscriber: subId=1 cellLocation=Bundle[mParcelledData.dataSize=64]
07-09 01:41:37.824  2303  2635 I chatty  : uid=1001(radio) Binder:2303_5 expire 27 lines
07-09 06:13:04.415  2303  6209 I chatty  : uid=1001(radio) Binder:2303_A expire 10 lines
07-09 07:41:08.817  1462  1571 I chatty  : uid=1001(radio) DispatcherModul expire 12 lines
07-09 07:41:08.821  2303  2430 I chatty  : uid=1001(radio) HwBinder:2303_1 expire 44 lines
07-09 07:41:08.822  2303  2303 I chatty  : uid=1001(radio) com.android.phone expire 123 lines
07-09 07:41:08.835  1271  1574 I chatty  : uid=1001(radio) DispatcherModul expire 16 lines
07-09 07:41:08.943  2303  2635 I chatty  : uid=1001(radio) Binder:2303_5 expire 6 lines
07-09 07:41:08.961  1909  2294 D TelephonyRegistry: notifyCellLocationForSubscriber: subId=1 cellLocation=Bundle[mParcelledData.dataSize=64]
07-09 07:41:08.988  2303  6936 I chatty  : uid=1001(radio) Binder:2303_B expire 12 lines
07-09 07:41:09.013  2303  2321 I chatty  : uid=1001(radio) Binder:2303_2 expire 4 lines
07-09 07:41:13.237  2303  3194 I chatty  : uid=1001(radio) org.codeaurora. expire 2 lines
07-09 07:41:13.247  2287  2287 I chatty  : uid=1001(radio) com.qualcomm.qti.telephonyservice expire 6 lines
07-09 07:41:13.066  2303  2303 I chatty  : uid=1001(radio) com.android.phone expire 188 lines
07-09 07:41:13.070  2303  6936 I chatty  : uid=1001(radio) Binder:2303_B expire 1 line
07-09 07:41:13.075  1909  2294 D TelephonyRegistry: notifyCellLocationForSubscriber: subId=1 cellLocation=Bundle[mParcelledData.dataSize=64]
07-09 07:41:13.094  1909  3304 W SignalStrength: isWCDMA tech=3
07-09 07:41:13.105  2303  2430 I chatty  : uid=1001(radio) HwBinder:2303_1 expire 21 lines
07-09 07:41:13.107  2183  2418 W SignalStrength: isWCDMA tech=3
07-09 07:41:13.160  2303  2635 I chatty  : uid=1001(radio) Binder:2303_5 expire 1 line
07-09 07:41:13.167  2303  2720 I chatty  : uid=1001(radio) DcHandlerThread expire 3 lines
07-09 07:41:13.171  2183  2418 W SignalStrength: isWCDMA tech=3
07-09 07:41:13.172  1909  8483 D TelephonyRegistry: onDataConnectionStateChanged(0, 10)
07-09 07:41:13.187  2303  3343 I chatty  : uid=1001(radio) Binder:2303_8 expire 3 lines
07-09 07:41:13.202  2183  2418 W SignalStrength: isWCDMA tech=3
07-09 07:42:14.689  1271  1574 I chatty  : uid=1001(radio) DispatcherModul expire 7 lines
07-09 07:42:14.692  2303  3194 I chatty  : uid=1001(radio) org.codeaurora. expire 4 lines
07-09 07:42:14.713  2303  2303 I chatty  : uid=1001(radio) com.android.phone expire 183 lines
07-09 07:42:14.725  2303  2430 I chatty  : uid=1001(radio) HwBinder:2303_1 expire 33 lines
07-09 07:42:14.729  2287  2287 I chatty  : uid=1001(radio) com.qualcomm.qti.telephonyservice expire 4 lines
07-09 07:42:14.748  1271  1574 I chatty  : uid=1001(radio) DispatcherModul expire 3 lines
07-09 07:42:14.817  2303  3343 I chatty  : uid=1001(radio) Binder:2303_8 expire 1 line
07-09 07:42:14.826  2303  2720 I chatty  : uid=1001(radio) DcHandlerThread expire 3 lines
07-09 07:42:14.830  1909  8483 D TelephonyRegistry: onDataConnectionStateChanged(0, 13)
07-09 07:42:14.834  1909  2294 D TelephonyRegistry: notifyCellLocationForSubscriber: subId=1 cellLocation=Bundle[mParcelledData.dataSize=64]
07-09 07:42:14.849  2303  2635 I chatty  : uid=1001(radio) Binder:2303_5 expire 20 lines
07-09 07:42:18.832  1909  2294 D TelephonyRegistry: notifyCellLocationForSubscriber: subId=1 cellLocation=Bundle[mParcelledData.dataSize=64]
07-09 07:43:09.640  2303  2430 I chatty  : uid=1001(radio) HwBinder:2303_1 expire 30 lines
07-09 07:43:09.646  2303  2303 I chatty  : uid=1001(radio) com.android.phone expire 44 lines
07-09 07:51:17.653  2303  6209 I chatty  : uid=1001(radio) Binder:2303_A expire 3 lines
07-09 07:52:02.928  2287  2287 I chatty  : uid=1001(radio) com.qualcomm.qti.telephonyservice expire 4 lines
07-09 07:52:02.989  1271  1574 I chatty  : uid=1001(radio) DispatcherModul expire 6 lines
07-09 07:52:03.022  2303  3194 I chatty  : uid=1001(radio) org.codeaurora. expire 2 lines
07-09 07:52:03.057  2183  2418 W SignalStrength: isWCDMA tech=13
07-09 07:52:03.058  1909  9480 W SignalStrength: isWCDMA tech=13
07-09 07:52:03.058  2303  2430 I chatty  : uid=1001(radio) HwBinder:2303_1 expire 12 lines
07-09 07:52:03.060  2303  2303 I chatty  : uid=1001(radio) com.android.phone expire 108 lines
07-09 07:52:03.112  2303  2635 I chatty  : uid=1001(radio) Binder:2303_5 expire 2 lines
07-09 07:52:03.119  2303  2720 I chatty  : uid=1001(radio) DcHandlerThread expire 6 lines
07-09 07:52:03.120  2183  2418 W SignalStrength: isWCDMA tech=3
07-09 07:52:03.122  1909  8483 D TelephonyRegistry: onDataConnectionStateChanged(0, 10)
07-09 07:52:03.125  1909  9480 D TelephonyRegistry: notifyCellLocationForSubscriber: subId=1 cellLocation=Bundle[mParcelledData.dataSize=64]
07-09 07:52:03.142  2183  2418 W SignalStrength: isWCDMA tech=3
07-09 07:52:03.163  2303  2303 I chatty  : uid=1001(radio) com.android.phone expire 182 lines
07-09 07:52:03.199  2303  2635 I chatty  : uid=1001(radio) Binder:2303_5 expire 3 lines
07-09 07:52:03.203  2303  2430 I chatty  : uid=1001(radio) HwBinder:2303_1 expire 33 lines
07-09 07:52:06.806  1271  1574 I chatty  : uid=1001(radio) DispatcherModul expire 10 lines
07-09 07:52:06.807  2303  3194 I chatty  : uid=1001(radio) org.codeaurora. expire 6 lines
07-09 07:52:06.825  2287  2287 I chatty  : uid=1001(radio) com.qualcomm.qti.telephonyservice expire 4 lines
07-09 07:52:06.965  1909  9480 D TelephonyRegistry: onDataConnectionStateChanged(0, 13)
07-09 07:52:06.970  1909  8483 D TelephonyRegistry: notifyCellLocationForSubscriber: subId=1 cellLocation=Bundle[mParcelledData.dataSize=64]
07-09 07:52:06.977  2303  6209 I chatty  : uid=1001(radio) Binder:2303_A expire 3 lines
07-09 07:52:07.014  2303  2303 I chatty  : uid=1001(radio) com.android.phone expire 87 lines
07-09 07:52:07.065  2303  2430 I chatty  : uid=1001(radio) HwBinder:2303_1 expire 18 lines
07-09 07:53:08.250  2287  2287 I chatty  : uid=1001(radio) com.qualcomm.qti.telephonyservice expire 4 lines
07-09 07:53:08.353  1271  1574 I chatty  : uid=1001(radio) DispatcherModul expire 6 lines
07-09 07:53:09.073  1909  3302 W SignalStrength: isWCDMA tech=13
07-09 07:53:09.074  2303  2303 I chatty  : uid=1001(radio) com.android.phone expire 98 lines
07-09 07:53:09.079  2183  2418 W SignalStrength: isWCDMA tech=13
07-09 07:53:09.083  2303  2430 I chatty  : uid=1001(radio) HwBinder:2303_1 expire 12 lines
07-09 07:53:09.115  2303  3343 I chatty  : uid=1001(radio) Binder:2303_8 expire 1 line
07-09 07:53:09.120  2183  2418 W SignalStrength: isWCDMA tech=3
07-09 07:53:09.121  2303  2720 I chatty  : uid=1001(radio) DcHandlerThread expire 3 lines
07-09 07:53:09.127  1909  3302 D TelephonyRegistry: onDataConnectionStateChanged(0, 10)
07-09 07:53:09.131  1909  9480 D TelephonyRegistry: notifyCellLocationForSubscriber: subId=1 cellLocation=Bundle[mParcelledData.dataSize=64]
07-09 07:53:09.136  2303  2321 I chatty  : uid=1001(radio) Binder:2303_2 expire 5 lines
07-09 07:53:09.135  2183  2418 W SignalStrength: isWCDMA tech=3
07-09 07:53:09.163  2303  2303 I chatty  : uid=1001(radio) com.android.phone expire 213 lines
07-09 07:53:09.213  2303  2430 I chatty  : uid=1001(radio) HwBinder:2303_1 expire 14 lines
07-09 07:53:09.308  2287  2287 I chatty  : uid=1001(radio) com.qualcomm.qti.telephonyservice expire 4 lines
07-09 07:53:09.319  1909  3302 W SignalStrength: isWCDMA tech=3
07-09 07:53:09.319  2183  2418 W SignalStrength: isWCDMA tech=3
07-09 07:53:09.357  2303  2720 I chatty  : uid=1001(radio) DcHandlerThread expire 3 lines
07-09 07:53:09.357  2183  2418 W SignalStrength: isWCDMA tech=3
07-09 07:53:09.360  1909  3302 D TelephonyRegistry: onDataConnectionStateChanged(0, 15)
07-09 07:53:09.371  2303  6209 I chatty  : uid=1001(radio) Binder:2303_A expire 4 lines
07-09 07:53:09.381  2183  2418 W SignalStrength: isWCDMA tech=3
07-09 07:53:12.874  1909  9480 W SignalStrength: isWCDMA tech=3
07-09 07:53:12.875  2303  2303 I chatty  : uid=1001(radio) com.android.phone expire 173 lines
07-09 07:53:12.885  2183  2418 W SignalStrength: isWCDMA tech=3
07-09 07:53:12.889  2303  2430 I chatty  : uid=1001(radio) HwBinder:2303_1 expire 35 lines
07-09 07:53:13.607  2303  3194 I chatty  : uid=1001(radio) org.codeaurora. expire 4 lines
07-09 07:53:13.636  1271  1574 I chatty  : uid=1001(radio) DispatcherModul expire 10 lines
07-09 07:53:13.645  2287  2287 I chatty  : uid=1001(radio) com.qualcomm.qti.telephonyservice expire 4 lines
07-09 07:53:13.810  2303  2320 I chatty  : uid=1001(radio) Binder:2303_1 expire 1 line
07-09 07:53:13.818  2303  2720 I chatty  : uid=1001(radio) DcHandlerThread expire 3 lines
07-09 07:53:13.822  1909  8483 D TelephonyRegistry: onDataConnectionStateChanged(0, 13)
07-09 07:53:13.826  1909  8483 D TelephonyRegistry: notifyCellLocationForSubscriber: subId=1 cellLocation=Bundle[mParcelledData.dataSize=64]
07-09 07:53:13.834  2303  2321 I chatty  : uid=1001(radio) Binder:2303_2 expire 4 lines
07-09 07:53:13.906  2303  2303 I chatty  : uid=1001(radio) com.android.phone expire 180 lines
07-09 07:53:13.957  2303  2430 I chatty  : uid=1001(radio) HwBinder:2303_1 expire 36 lines
07-09 07:53:18.926  2303 12546 I chatty  : uid=1001(radio) Binder:2303_C expire 3 lines
07-09 07:53:21.736  2287  2287 I chatty  : uid=1001(radio) com.qualcomm.qti.telephonyservice expire 6 lines
07-09 07:53:21.834  1271  1574 I chatty  : uid=1001(radio) DispatcherModul expire 6 lines
07-09 07:53:22.020  2303  3194 I chatty  : uid=1001(radio) org.codeaurora. expire 2 lines
07-09 07:53:22.042  1909  3302 W SignalStrength: isWCDMA tech=13
07-09 07:53:22.045  2183  2418 W SignalStrength: isWCDMA tech=13
07-09 07:53:22.108  2303  3223 I chatty  : uid=1001(radio) Binder:2303_6 expire 1 line
07-09 07:53:22.115  2303  2720 I chatty  : uid=1001(radio) DcHandlerThread expire 6 lines
07-09 07:53:22.116  2183  2418 W SignalStrength: isWCDMA tech=3
07-09 07:53:22.120  1909  8483 D TelephonyRegistry: onDataConnectionStateChanged(0, 10)
07-09 07:53:22.125  1909  8483 D TelephonyRegistry: notifyCellLocationForSubscriber: subId=1 cellLocation=Bundle[mParcelledData.dataSize=64]
07-09 07:53:22.148  2183  2418 W SignalStrength: isWCDMA tech=3
07-09 07:53:22.169  2303  2303 I chatty  : uid=1001(radio) com.android.phone expire 220 lines
07-09 07:53:22.212  2303  2321 I chatty  : uid=1001(radio) Binder:2303_2 expire 2 lines
07-09 07:53:22.215  1909  9480 W SignalStrength: isWCDMA tech=3
07-09 07:53:22.215  2183  2418 W SignalStrength: isWCDMA tech=3
07-09 07:53:22.216  2303  2430 I chatty  : uid=1001(radio) HwBinder:2303_1 expire 18 lines
07-09 07:53:22.240  2303  2320 I chatty  : uid=1001(radio) Binder:2303_1 expire 1 line
07-09 07:53:22.242  2183  2418 W SignalStrength: isWCDMA tech=3
07-09 07:53:22.248  1909  2294 D TelephonyRegistry: onDataConnectionStateChanged(0, 15)
07-09 07:53:22.257  2303 12546 I chatty  : uid=1001(radio) Binder:2303_C expire 3 lines
07-09 07:53:22.259  2183  2418 W SignalStrength: isWCDMA tech=3
07-09 07:53:25.708  2287  2287 I chatty  : uid=1001(radio) com.qualcomm.qti.telephonyservice expire 2 lines
07-09 07:53:25.719  1909  9480 W SignalStrength: isWCDMA tech=3
07-09 07:53:25.722  2183  2418 W SignalStrength: isWCDMA tech=3
07-09 07:53:26.509  2303  3194 I chatty  : uid=1001(radio) org.codeaurora. expire 3 lines
07-09 07:53:26.513  1271  1574 I chatty  : uid=1001(radio) DispatcherModul expire 11 lines
07-09 07:53:26.516  2303  3194 I chatty  : uid=1001(radio) org.codeaurora. expire 3 lines
07-09 07:53:26.523  2303  2303 I chatty  : uid=1001(radio) com.android.phone expire 190 lines
07-09 07:53:26.534  2303  2430 I chatty  : uid=1001(radio) HwBinder:2303_1 expire 33 lines
07-09 07:53:26.554  2287  2287 I chatty  : uid=1001(radio) com.qualcomm.qti.telephonyservice expire 6 lines
07-09 07:53:26.681  2303  6936 I chatty  : uid=1001(radio) Binder:2303_B expire 1 line
07-09 07:53:26.685  2303  2720 I chatty  : uid=1001(radio) DcHandlerThread expire 3 lines
07-09 07:53:26.693  1909  2294 D TelephonyRegistry: onDataConnectionStateChanged(0, 13)
07-09 07:53:26.697  1909  2294 D TelephonyRegistry: notifyCellLocationForSubscriber: subId=1 cellLocation=Bundle[mParcelledData.dataSize=64]
07-09 07:53:26.707  2303 12546 I chatty  : uid=1001(radio) Binder:2303_C expire 3 lines
07-09 07:54:03.069  2303  2430 I chatty  : uid=1001(radio) HwBinder:2303_1 expire 37 lines
07-09 07:54:03.070  2303  2303 I chatty  : uid=1001(radio) com.android.phone expire 199 lines
07-09 07:54:03.157  1271  1574 I chatty  : uid=1001(radio) DispatcherModul expire 6 lines
07-09 07:54:03.023  2287  2287 I chatty  : uid=1001(radio) com.qualcomm.qti.telephonyservice expire 6 lines
07-09 07:54:03.034  1909  2294 W SignalStrength: isWCDMA tech=13
07-09 07:54:03.040  2183  2418 W SignalStrength: isWCDMA tech=13
07-09 07:54:03.078  1909  8483 W SignalStrength: isWCDMA tech=13
07-09 07:54:03.082  2183  2418 W SignalStrength: isWCDMA tech=13
07-09 07:54:03.108  2303  6936 I chatty  : uid=1001(radio) Binder:2303_B expire 4 lines
07-09 07:54:03.112  2303  2720 I chatty  : uid=1001(radio) DcHandlerThread expire 6 lines
07-09 07:54:03.114  2183  2418 W SignalStrength: isWCDMA tech=3
07-09 07:54:03.115  1909  8483 D TelephonyRegistry: onDataConnectionStateChanged(0, 15)
07-09 07:54:03.119  1909  8483 D TelephonyRegistry: notifyCellLocationForSubscriber: subId=1 cellLocation=Bundle[mParcelledData.dataSize=64]
07-09 07:54:03.133  2183  2418 W SignalStrength: isWCDMA tech=3
07-09 07:54:06.608  1909  2294 W SignalStrength: isWCDMA tech=3
07-09 07:54:06.616  2183  2418 W SignalStrength: isWCDMA tech=3
07-09 07:54:06.624  2303  2430 I chatty  : uid=1001(radio) HwBinder:2303_1 expire 35 lines
07-09 07:54:06.633  2303  2303 I chatty  : uid=1001(radio) com.android.phone expire 182 lines
07-09 07:54:07.360  2303  3194 I chatty  : uid=1001(radio) org.codeaurora. expire 4 lines
07-09 07:54:07.364  1271  1574 I chatty  : uid=1001(radio) DispatcherModul expire 10 lines
07-09 07:54:07.385  2287  2287 I chatty  : uid=1001(radio) com.qualcomm.qti.telephonyservice expire 4 lines
07-09 07:54:07.502  2303 12546 I chatty  : uid=1001(radio) Binder:2303_C expire 1 line
07-09 07:54:07.512  1909  3302 D TelephonyRegistry: onDataConnectionStateChanged(0, 13)
07-09 07:54:07.517  1909  9480 D TelephonyRegistry: notifyCellLocationForSubscriber: subId=1 cellLocation=Bundle[mParcelledData.dataSize=64]
07-09 07:54:07.525  2303  6936 I chatty  : uid=1001(radio) Binder:2303_B expire 3 lines
07-09 07:54:07.577  2303  2303 I chatty  : uid=1001(radio) com.android.phone expire 34 lines
07-09 07:54:07.622  2303  2430 I chatty  : uid=1001(radio) HwBinder:2303_1 expire 10 lines
07-09 07:54:22.689  2287  2287 I chatty  : uid=1001(radio) com.qualcomm.qti.telephonyservice expire 4 lines
07-09 07:54:22.723  1909  2294 D TelephonyRegistry: notifyCellLocationForSubscriber: subId=1 cellLocation=Bundle[mParcelledData.dataSize=64]
07-09 07:55:05.010  2303  2430 I chatty  : uid=1001(radio) HwBinder:2303_1 expire 29 lines
07-09 07:55:05.011  2303  2303 I chatty  : uid=1001(radio) com.android.phone expire 161 lines
07-09 07:55:05.190  1909  2294 W SignalStrength: isWCDMA tech=13
07-09 07:55:05.193  2183  2418 W SignalStrength: isWCDMA tech=13
07-09 07:55:05.197  1271  1574 I chatty  : uid=1001(radio) DispatcherModul expire 6 lines
07-09 07:55:05.019  2303  3194 I chatty  : uid=1001(radio) org.codeaurora. expire 2 lines
07-09 07:55:05.054  2303 12546 I chatty  : uid=1001(radio) Binder:2303_C expire 1 line
07-09 07:55:05.060  1909  9480 D TelephonyRegistry: notifyCellLocationForSubscriber: subId=1 cellLocation=Bundle[mParcelledData.dataSize=64]
07-09 07:55:05.065  2183  2418 W SignalStrength: isWCDMA tech=16
07-09 07:55:05.075  1909  9480 W SignalStrength: isWCDMA tech=16
07-09 07:55:05.089  2183  2418 W SignalStrength: isWCDMA tech=16
07-09 07:55:05.111  2303  2321 I chatty  : uid=1001(radio) Binder:2303_2 expire 2 lines
07-09 07:55:05.116  2303  2720 I chatty  : uid=1001(radio) DcHandlerThread expire 6 lines
07-09 07:55:05.116  2183  2418 W SignalStrength: isWCDMA tech=16
07-09 07:55:05.119  1909  3302 D TelephonyRegistry: onDataConnectionStateChanged(0, 2)
07-09 07:55:05.135  2183  2418 W SignalStrength: isWCDMA tech=16
07-09 07:55:05.158  2303  2303 I chatty  : uid=1001(radio) com.android.phone expire 76 lines
07-09 07:55:05.203  2303  2321 I chatty  : uid=1001(radio) Binder:2303_2 expire 6 lines
07-09 07:55:05.206  2303  2430 I chatty  : uid=1001(radio) HwBinder:2303_1 expire 15 lines
07-09 07:55:22.026  2287  2287 I chatty  : uid=1001(radio) com.qualcomm.qti.telephonyservice expire 6 lines
07-09 07:55:22.053  1909 12460 W SignalStrength: isWCDMA tech=16
07-09 07:55:22.057  2183  2418 W SignalStrength: isWCDMA tech=16
07-09 07:55:22.065  2303  2430 I chatty  : uid=1001(radio) HwBinder:2303_1 expire 30 lines
07-09 07:55:22.065  2303  2303 I chatty  : uid=1001(radio) com.android.phone expire 116 lines
07-09 07:55:22.068  1271  1574 I chatty  : uid=1001(radio) DispatcherModul expire 6 lines
07-09 07:55:22.021  2303  3194 I chatty  : uid=1001(radio) org.codeaurora. expire 4 lines
07-09 07:55:22.056  2303  3223 I chatty  : uid=1001(radio) Binder:2303_6 expire 5 lines
07-09 07:55:22.064  1909  2294 D TelephonyRegistry: notifyCellLocationForSubscriber: subId=1 cellLocation=Bundle[mParcelledData.dataSize=64]
07-09 07:55:22.068  2183  2418 W SignalStrength: isWCDMA tech=3
07-09 07:55:22.082  1909  2294 W SignalStrength: isWCDMA tech=3
07-09 07:55:22.085  2183  2418 W SignalStrength: isWCDMA tech=3
07-09 07:55:22.091  1909  2294 W SignalStrength: isWCDMA tech=3
07-09 07:55:22.099  2183  2418 W SignalStrength: isWCDMA tech=3
07-09 07:55:22.138  2183  2418 W SignalStrength: isWCDMA tech=3
07-09 07:55:22.139  1909 12460 D TelephonyRegistry: onDataConnectionStateChanged(0, 10)
07-09 07:55:22.155  2183  2418 W SignalStrength: isWCDMA tech=3
07-09 07:55:22.159  2303  2303 I chatty  : uid=1001(radio) com.android.phone expire 195 lines
07-09 07:55:22.218  2303  2430 I chatty  : uid=1001(radio) HwBinder:2303_1 expire 33 lines
07-09 07:55:29.599  1271  1574 I chatty  : uid=1001(radio) DispatcherModul expire 10 lines
07-09 07:55:29.615  2303  3194 I chatty  : uid=1001(radio) org.codeaurora. expire 4 lines
07-09 07:55:29.619  2287  2287 I chatty  : uid=1001(radio) com.qualcomm.qti.telephonyservice expire 4 lines
07-09 07:55:29.732  2303  2320 I chatty  : uid=1001(radio) Binder:2303_1 expire 1 line
07-09 07:55:29.739  2303  2720 I chatty  : uid=1001(radio) DcHandlerThread expire 3 lines
07-09 07:55:29.746  1909  2294 D TelephonyRegistry: onDataConnectionStateChanged(0, 13)
07-09 07:55:29.749  1909 12460 D TelephonyRegistry: notifyCellLocationForSubscriber: subId=1 cellLocation=Bundle[mParcelledData.dataSize=64]
07-09 07:55:29.758  2303 12546 I chatty  : uid=1001(radio) Binder:2303_C expire 3 lines
07-09 07:55:29.777  2303  2303 I chatty  : uid=1001(radio) com.android.phone expire 115 lines
07-09 07:55:29.845  2303  2430 I chatty  : uid=1001(radio) HwBinder:2303_1 expire 14 lines
07-09 07:55:32.418  2287  2287 I chatty  : uid=1001(radio) com.qualcomm.qti.telephonyservice expire 8 lines
07-09 07:55:32.439  1909  2294 D TelephonyRegistry: notifyCellLocationForSubscriber: subId=1 cellLocation=Bundle[mParcelledData.dataSize=64]
07-09 07:55:46.559  1909  9480 W SignalStrength: isWCDMA tech=13
07-09 07:55:46.561  2303  2303 I chatty  : uid=1001(radio) com.android.phone expire 58 lines
07-09 07:55:46.576  2183  2418 W SignalStrength: isWCDMA tech=13
07-09 07:55:46.579  2303  2430 I chatty  : uid=1001(radio) HwBinder:2303_1 expire 31 lines
07-09 07:55:46.597  1909  9480 D TelephonyRegistry: notifyCellLocationForSubscriber: subId=1 cellLocation=Bundle[mParcelledData.dataSize=64]
07-09 07:57:20.065  2303  3223 I chatty  : uid=1001(radio) Binder:2303_6 expire 24 lines
07-09 08:13:06.032  2303  6936 I chatty  : uid=1001(radio) Binder:2303_B expire 18 lines
07-09 08:13:06.059  2303  2303 I chatty  : uid=1001(radio) com.android.phone expire 181 lines
07-09 08:13:15.974  2287  2287 I chatty  : uid=1001(radio) com.qualcomm.qti.telephonyservice expire 20 lines
07-09 08:13:38.833  2303  3223 I chatty  : uid=1001(radio) Binder:2303_6 expire 9 lines
07-09 08:13:38.842  2303  2430 I chatty  : uid=1001(radio) HwBinder:2303_1 expire 20 lines
07-09 08:19:54.475  2303  2320 I chatty  : uid=1001(radio) Binder:2303_1 expire 5 lines
07-09 08:20:20.830  2303  2430 D RILJ    : [6485]< RIL_REQUEST_GET_CELL_INFO_LIST error 39 [SUB1]
07-09 08:20:20.830  2303  2430 D RilRequest: [6485]< RIL_REQUEST_GET_CELL_INFO_LIST error: com.android.internal.telephony.CommandException: SYSTEM_ERR ret=[]
07-09 08:20:20.830  2303  2303 D SST     : EVENT_GET_CELL_INFO_LIST: error ret null, e=com.android.internal.telephony.CommandException: SYSTEM_ERR
07-09 08:20:20.831  2303  2320 D SST     : SST.getAllCellInfo(): X size=0 list=null
07-09 08:20:41.875  2303  2320 D RILJ    : [6486]> RIL_REQUEST_GET_CELL_INFO_LIST [SUB0]
07-09 08:20:41.882  2303  2430 D RILJ    : [6486]< RIL_REQUEST_GET_CELL_INFO_LIST [CellInfoLte:{mRegistered=YES mTimeStampType=oem_ril mTimeStamp=2670939343450ns CellIdentityLte:{ mMcc=404 mMnc=49 mCi=231352845 mPci=218 mTac=9011 mEarfcn=1276} CellSignalStrengthLte: ss=26 rsrp=-82 rsrq=-7 rssnr=2147483647 cqi=2147483647 ta=2147483647}, CellInfoLte:{mRegistered=NO mTimeStampType=oem_ril mTimeStamp=2670939343450ns CellIdentityLte:{ mMcc=2147483647 mMnc=2147483647 mCi=2147483647 mPci=423 mTac=2147483647 mEarfcn=1276} CellSignalStrengthLte: ss=25 rsrp=-101 rsrq=-14 rssnr=2147483647 cqi=2147483647 ta=2147483647}, CellInfoLte:{mRegistered=NO mTimeStampType=oem_ril mTimeStamp=2670939343450ns CellIdentityLte:{ mMcc=2147483647 mMnc=2147483647 mCi=2147483647 mPci=146 mTac=2147483647 mEarfcn=1276} CellSignalStrengthLte: ss=26 rsrp=-95 rsrq=-19 rssnr=2147483647 cqi=2147483647 ta=2147483647}, CellInfoLte:{mRegistered=NO mTimeStampType=oem_ril mTimeStamp=2670939343450ns CellIdentityLte:{ mMcc=2147483647 mMnc=2147483647 mCi=2147483647 mPci=216 mTac=2147483647 mEarfcn=1276} CellSignalStrengthLte: ss=26 rsrp=-97 rsrq=-20 rssnr=2147483647 cqi=2147483647 ta=2147483647}] [SUB0]
07-09 08:20:41.885  2303  2320 D RILJ    : [6487]> RIL_REQUEST_GET_CELL_INFO_LIST [SUB1]
07-09 08:20:41.888  2303  2430 D RILJ    : [6487]< RIL_REQUEST_GET_CELL_INFO_LIST error 39 [SUB1]
07-09 08:20:41.888  2303  2430 D RilRequest: [6487]< RIL_REQUEST_GET_CELL_INFO_LIST error: com.android.internal.telephony.CommandException: SYSTEM_ERR ret=[]
07-09 08:20:41.889  2303  2303 D SST     : EVENT_GET_CELL_INFO_LIST: error ret null, e=com.android.internal.telephony.CommandException: SYSTEM_ERR
07-09 08:20:41.889  2303  2320 D SST     : SST.getAllCellInfo(): X size=0 list=null
07-09 08:21:09.765  2303  2430 D RILJ    : Unsol response received; Sending ack to ril.cpp [SUB0]
07-09 08:21:09.765  2303  2430 V RILJ    : [UNSL]< UNSOL_OEM_HOOK_RAW 514f454d484f4f4bfa0308000100000000 [SUB0]
07-09 08:21:09.767  2303  2303 D QtiGsmCdmaPhone: handleMessage: Event: 34
07-09 08:21:09.768  2287  2287 D use-Rlog/RLOG-QC_RIL_OEM_HOOK: Received Broadcast Intent ACTION_UNSOL_RESPONSE_OEM_HOOK_RAW
07-09 08:21:09.768  2287  2287 D use-Rlog/RLOG-QC_RIL_OEM_HOOK: Oem ID in QCRILHOOK UNSOL RESP is QOEMHOOK
07-09 08:21:09.768  2303  2303 D use-Rlog/RLOG-QC_RIL_OEM_HOOK: Received Broadcast Intent ACTION_UNSOL_RESPONSE_OEM_HOOK_RAW
07-09 08:21:09.768  2303  2303 D use-Rlog/RLOG-QC_RIL_OEM_HOOK: Oem ID in QCRILHOOK UNSOL RESP is QOEMHOOK
07-09 08:21:09.769  2303  2303 D use-Rlog/RLOG-QC_RIL_OEM_HOOK: Received Broadcast Intent ACTION_UNSOL_RESPONSE_OEM_HOOK_RAW
07-09 08:21:09.769  2303  2303 D use-Rlog/RLOG-QC_RIL_OEM_HOOK: Oem ID in QCRILHOOK UNSOL RESP is QOEMHOOK
07-09 08:21:09.769  2303  2303 D use-Rlog/RLOG-QC_RIL_OEM_HOOK: Received Broadcast Intent ACTION_UNSOL_RESPONSE_OEM_HOOK_RAW
07-09 08:21:09.769  2303  2303 D use-Rlog/RLOG-QC_RIL_OEM_HOOK: Oem ID in QCRILHOOK UNSOL RESP is QOEMHOOK
07-09 08:21:09.769  2303  2303 D PhoneSwitcher: handle event - 110
07-09 08:21:09.774  2303  2430 D RILJ    : Unsol response received; Sending ack to ril.cpp [SUB0]
07-09 08:21:09.774  2303  2430 D RILJ    : [UNSL]< UNSOL_RESPONSE_NETWORK_STATE_CHANGED [SUB0]
07-09 08:21:09.776  2303  2303 D SST     : pollState: modemTriggered=true
07-09 08:21:09.777  2303  2303 D RILJ    : [6490]> OPERATOR [SUB0]
07-09 08:21:09.778  2303  2303 D RILJ    : [6491]> DATA_REGISTRATION_STATE [SUB0]
07-09 08:21:09.780  2303  2303 D RILJ    : [6492]> VOICE_REGISTRATION_STATE [SUB0]
07-09 08:21:09.781  2303  2303 D RILJ    : [6493]> QUERY_NETWORK_SELECTION_MODE [SUB0]
07-09 08:21:09.792  2303  2430 D RILJ    : [6490]< OPERATOR {airtel, airtel, 40449} [SUB0]
07-09 08:21:09.799  2303  2303 D SST     : handlPollStateResultMessage: GsmSST setDataRegState=0 regState=1 dataRadioTechnology=14
07-09 08:21:09.799  2303  2430 D RILJ    : [6491]< DATA_REGISTRATION_STATE {.regState = REG_HOME, .rat = 14, .reasonDataDenied = 0, .maxDataCalls = 20, .cellIdentity = {.cellInfoType = LTE, .cellIdentityGsm = [], .cellIdentityWcdma = [], .cellIdentityCdma = [], .cellIdentityLte = [{.mcc = 404, .mnc = 49, .ci = 231083285, .pci = 408, .tac = 9014, .earfcn = 38775}], .cellIdentityTdscdma = []}} [SUB0]
07-09 08:21:09.807  2303  2303 D SST     : handlPollVoiceRegResultMessage: regState=1 radioTechnology=14
07-09 08:21:09.807  2303  2430 D RILJ    : [6492]< VOICE_REGISTRATION_STATE {.regState = REG_HOME, .rat = 14, .cssSupported = false, .roamingIndicator = 1, .systemIsInPrl = -1, .defaultRoamingIndicator = -1, .reasonForDenial = 0, .cellIdentity = {.cellInfoType = LTE, .cellIdentityGsm = [], .cellIdentityWcdma = [], .cellIdentityCdma = [], .cellIdentityLte = [{.mcc = 404, .mnc = 49, .ci = 231083285, .pci = 408, .tac = 9014, .earfcn = 38775}], .cellIdentityTdscdma = []}} [SUB0]
07-09 08:21:09.808  2303  2430 D RILJ    : [6493]< QUERY_NETWORK_SELECTION_MODE {0} [SUB0]
07-09 08:21:09.808  2303  2303 D SST     : EVENT_POLL_STATE_NETWORK_SELECTION_MODE
07-09 08:21:09.810  2303  2303 D SST     : Poll ServiceState done:  oldSS=[{mVoiceRegState=0(IN_SERVICE), mDataRegState=0(IN_SERVICE), mVoiceRoamingType=home, mDataRoamingType=home, mVoiceOperatorAlphaLong=airtel, mVoiceOperatorAlphaShort=airtel, mDataOperatorAlphaLong=airtel, mDataOperatorAlphaShort=airtel, isManualNetworkSelection=false(automatic), mRilVoiceRadioTechnology=14(LTE), mRilDataRadioTechnology=14(LTE), mCssIndicator=unsupported, mNetworkId=-1, mSystemId=-1, mCdmaRoamingIndicator=-1, mCdmaDefaultRoamingIndicator=-1, mIsEmergencyOnly=false, mIsDataRoamingFromRegistration=false, mIsUsingCarrierAggregation=false, mLteEarfcnRsrpBoost=0}] newSS=[{mVoiceRegState=0(IN_SERVICE), mDataRegState=0(IN_SERVICE), mVoiceRoamingType=home, mDataRoamingType=home, mVoiceOperatorAlphaLong=airtel, mVoiceOperatorAlphaShort=airtel, mDataOperatorAlphaLong=airtel, mDataOperatorAlphaShort=airtel, isManualNetworkSelection=false(automatic), mRilVoiceRadioTechnology=14(LTE), mRilDataRadioTechnology=14(LTE), mCssIndicator=unsupported, mNetworkId=-1, mSystemId=-1, mCdmaRoamingIndicator=-1, mCdmaDefaultRoamingIndicator=-1, mIsEmergencyOnly=false, mIsDataRoamingFromRegistration=false, mIsUsingCarrierAggregation=false, mLteEarfcnRsrpBoost=0}] oldMaxDataCalls=20 mNewMaxDataCalls=20 oldReasonDataDenied=0 mNewReasonDataDenied=0
07-09 08:21:09.810  2303  2303 D SST     : pollStateDone: hasRegistered=false hasDeregistered=false hasDataAttached=false hasDataDetached=false hasDataRegStateChanged=false hasRilVoiceRadioTechnologyChanged= false hasRilDataRadioTechnologyChanged=false hasChanged=false hasVoiceRoamingOn=false hasVoiceRoamingOff=false hasDataRoamingOn=false hasDataRoamingOff=false hasLocationChanged=true has4gHandoff = false hasMultiApnSupport=false hasLostMultiApnSupport=false
07-09 08:21:09.811  1909  2294 D TelephonyRegistry: notifyCellLocationForSubscriber: subId=1 cellLocation=Bundle[mParcelledData.dataSize=64]
07-09 08:21:13.684  2303  2430 D RILJ    : Unsol response received; Sending ack to ril.cpp [SUB0]
07-09 08:21:13.684  2303  2430 V RILJ    : [UNSL]< UNSOL_OEM_HOOK_RAW 514f454d484f4f4bfa0308000100000000 [SUB0]
07-09 08:21:13.684  2303  2303 D QtiGsmCdmaPhone: handleMessage: Event: 34
07-09 08:21:13.690  2303  2303 D use-Rlog/RLOG-QC_RIL_OEM_HOOK: Received Broadcast Intent ACTION_UNSOL_RESPONSE_OEM_HOOK_RAW
07-09 08:21:13.691  2303  2303 D use-Rlog/RLOG-QC_RIL_OEM_HOOK: Oem ID in QCRILHOOK UNSOL RESP is QOEMHOOK
07-09 08:21:13.691  2303  2303 D use-Rlog/RLOG-QC_RIL_OEM_HOOK: Received Broadcast Intent ACTION_UNSOL_RESPONSE_OEM_HOOK_RAW
07-09 08:21:13.691  2287  2287 D use-Rlog/RLOG-QC_RIL_OEM_HOOK: Received Broadcast Intent ACTION_UNSOL_RESPONSE_OEM_HOOK_RAW
07-09 08:21:13.691  2303  2303 D use-Rlog/RLOG-QC_RIL_OEM_HOOK: Oem ID in QCRILHOOK UNSOL RESP is QOEMHOOK
07-09 08:21:13.691  2287  2287 D use-Rlog/RLOG-QC_RIL_OEM_HOOK: Oem ID in QCRILHOOK UNSOL RESP is QOEMHOOK
07-09 08:21:13.691  2303  2303 D use-Rlog/RLOG-QC_RIL_OEM_HOOK: Received Broadcast Intent ACTION_UNSOL_RESPONSE_OEM_HOOK_RAW
07-09 08:21:13.691  2303  2303 D use-Rlog/RLOG-QC_RIL_OEM_HOOK: Oem ID in QCRILHOOK UNSOL RESP is QOEMHOOK
07-09 08:21:13.691  2303  2303 D PhoneSwitcher: handle event - 110
07-09 08:21:13.710  2303  2430 D RILJ    : Unsol response received; Sending ack to ril.cpp [SUB0]
07-09 08:21:13.710  2303  2430 D RILJ    : [UNSL]< UNSOL_RESPONSE_NETWORK_STATE_CHANGED [SUB0]
07-09 08:21:13.710  2303  2303 D SST     : pollState: modemTriggered=true
07-09 08:21:13.711  2303  2303 D RILJ    : [6496]> OPERATOR [SUB0]
07-09 08:21:13.713  2303  2303 D RILJ    : [6497]> DATA_REGISTRATION_STATE [SUB0]
07-09 08:21:13.720  2303  2303 D RILJ    : [6498]> VOICE_REGISTRATION_STATE [SUB0]
07-09 08:21:13.721  2303  2303 D RILJ    : [6499]> QUERY_NETWORK_SELECTION_MODE [SUB0]
07-09 08:21:13.727  2303  2430 D RILJ    : [6496]< OPERATOR {airtel, airtel, 40449} [SUB0]
07-09 08:21:13.734  2303  2430 D RILJ    : [6497]< DATA_REGISTRATION_STATE {.regState = REG_HOME, .rat = 14, .reasonDataDenied = 0, .maxDataCalls = 20, .cellIdentity = {.cellInfoType = LTE, .cellIdentityGsm = [], .cellIdentityWcdma = [], .cellIdentityCdma = [], .cellIdentityLte = [{.mcc = 404, .mnc = 49, .ci = 231083275, .pci = 408, .tac = 9014, .earfcn = 1251}], .cellIdentityTdscdma = []}} [SUB0]
07-09 08:21:13.735  2303  2303 D SST     : handlPollStateResultMessage: GsmSST setDataRegState=0 regState=1 dataRadioTechnology=14
07-09 08:21:13.743  2303  2430 D RILJ    : [6498]< VOICE_REGISTRATION_STATE {.regState = REG_HOME, .rat = 14, .cssSupported = false, .roamingIndicator = 1, .systemIsInPrl = -1, .defaultRoamingIndicator = -1, .reasonForDenial = 0, .cellIdentity = {.cellInfoType = LTE, .cellIdentityGsm = [], .cellIdentityWcdma = [], .cellIdentityCdma = [], .cellIdentityLte = [{.mcc = 404, .mnc = 49, .ci = 231083275, .pci = 408, .tac = 9014, .earfcn = 1251}], .cellIdentityTdscdma = []}} [SUB0]
07-09 08:21:13.744  2303  2303 D SST     : handlPollVoiceRegResultMessage: regState=1 radioTechnology=14
07-09 08:21:13.744  2303  2430 D RILJ    : [6499]< QUERY_NETWORK_SELECTION_MODE {0} [SUB0]
07-09 08:21:13.745  2303  2303 D SST     : EVENT_POLL_STATE_NETWORK_SELECTION_MODE
07-09 08:21:13.747  2303  2303 D SST     : Poll ServiceState done:  oldSS=[{mVoiceRegState=0(IN_SERVICE), mDataRegState=0(IN_SERVICE), mVoiceRoamingType=home, mDataRoamingType=home, mVoiceOperatorAlphaLong=airtel, mVoiceOperatorAlphaShort=airtel, mDataOperatorAlphaLong=airtel, mDataOperatorAlphaShort=airtel, isManualNetworkSelection=false(automatic), mRilVoiceRadioTechnology=14(LTE), mRilDataRadioTechnology=14(LTE), mCssIndicator=unsupported, mNetworkId=-1, mSystemId=-1, mCdmaRoamingIndicator=-1, mCdmaDefaultRoamingIndicator=-1, mIsEmergencyOnly=false, mIsDataRoamingFromRegistration=false, mIsUsingCarrierAggregation=false, mLteEarfcnRsrpBoost=0}] newSS=[{mVoiceRegState=0(IN_SERVICE), mDataRegState=0(IN_SERVICE), mVoiceRoamingType=home, mDataRoamingType=home, mVoiceOperatorAlphaLong=airtel, mVoiceOperatorAlphaShort=airtel, mDataOperatorAlphaLong=airtel, mDataOperatorAlphaShort=airtel, isManualNetworkSelection=false(automatic), mRilVoiceRadioTechnology=14(LTE), mRilDataRadioTechnology=14(LTE), mCssIndicator=unsupported, mNetworkId=-1, mSystemId=-1, mCdmaRoamingIndicator=-1, mCdmaDefaultRoamingIndicator=-1, mIsEmergencyOnly=false, mIsDataRoamingFromRegistration=false, mIsUsingCarrierAggregation=false, mLteEarfcnRsrpBoost=0}] oldMaxDataCalls=20 mNewMaxDataCalls=20 oldReasonDataDenied=0 mNewReasonDataDenied=0
07-09 08:21:13.747  2303  2303 D SST     : pollStateDone: hasRegistered=false hasDeregistered=false hasDataAttached=false hasDataDetached=false hasDataRegStateChanged=false hasRilVoiceRadioTechnologyChanged= false hasRilDataRadioTechnologyChanged=false hasChanged=false hasVoiceRoamingOn=false hasVoiceRoamingOff=false hasDataRoamingOn=false hasDataRoamingOff=false hasLocationChanged=true has4gHandoff = false hasMultiApnSupport=false hasLostMultiApnSupport=false
07-09 08:21:13.748  1909 12458 D TelephonyRegistry: notifyCellLocationForSubscriber: subId=1 cellLocation=Bundle[mParcelledData.dataSize=64]
07-09 08:22:12.196  2303  2320 D QtiGsmDCT: [0]setPolicyDataEnabled: true
07-09 08:22:12.197  2303  2303 D QtiGsmDCT: [0]QtiDcTracker handleMessage msg={ when=0 what=270368 arg1=1 target=com.qualcomm.qti.internal.telephony.dataconnection.QtiDcTracker }
07-09 08:22:12.214  2303  2320 D SubscriptionController: [getActiveSubscriptionInfo]+ subId=1 subInfo={id=1, iccId=899100090[****] simSlotIndex=0 displayName=airtel carrierName=airtel nameSource=0 iconTint=-16746133 dataRoaming=0 iconBitmap=android.graphics.Bitmap@f7ebb42 mcc 404 mnc 49 isEmbedded false accessRules null}
07-09 08:22:42.894  2303  2320 D RILJ    : [6500]> RIL_REQUEST_GET_CELL_INFO_LIST [SUB0]
