07-06 18:40:16.678  2411  7184 I am_restart_activity: [0,196077435,100,com.android.settings/.Settings$BluetoothSettingsActivity]
07-06 18:40:16.680  2411  7184 I am_set_resumed_activity: [0,com.android.settings/.Settings$BluetoothSettingsActivity,minimalResumeActivityLocked]
07-06 18:40:16.687  2411  2425 I sysui_count: [window_time_0,74]
07-06 18:40:16.687  2411  2425 I sysui_multi_action: [757,803,799,window_time_0,802,74]
07-06 18:40:16.743 23633 23633 I sysui_multi_action: [757,24,758,1,833,0]
07-06 18:40:16.745 23633 23633 I am_on_resume_called: [0,com.android.settings.Settings$BluetoothSettingsActivity,LAUNCH_ACTIVITY]
07-06 18:40:16.793  2411  2432 I sysui_multi_action: [319,52,321,50,322,129,325,9573,757,761,758,8,759,1,806,com.android.settings,871,com.android.settings.Settings$BluetoothSettingsActivity,904,com.android.systemui,905,0]
07-06 18:40:16.793  2411  2432 I am_activity_launch_time: [0,196077435,com.android.settings/.Settings$BluetoothSettingsActivity,113,113]
07-06 18:40:16.962  2588  2588 I sysui_view_visibility: [111,0]
07-06 18:40:16.962  2588  2588 I sysui_multi_action: [757,111,758,2]
07-06 18:40:16.962  2588  2588 I sysui_view_visibility: [111,0]
07-06 18:40:16.962  2588  2588 I sysui_multi_action: [757,111,758,2]
07-06 18:40:16.979  2588  2588 I sysui_view_visibility: [150,0]
07-06 18:40:16.979  2588  2588 I sysui_multi_action: [757,150,758,2]
07-06 18:40:16.980  2588  2588 I sysui_view_visibility: [111,100]
07-06 18:40:16.980  2588  2588 I sysui_multi_action: [757,111,758,1]
07-06 18:40:17.203  2411  7184 I sysui_multi_action: [757,128,758,2,793,318087,794,3075,795,318087,796,17303503,797,Wi-Fi Hotspot notification,798,0,806,android,857,HOTSPOT_NOTIFICATION,858,1,947,0]
07-06 18:40:17.203  2411  7184 I notification_visibility: [0|android|17303503|Wi-Fi Hotspot notification|1000,0,318087,318087,0,0]
07-06 18:40:17.204  2411  7184 I sysui_view_visibility: [127,0]
07-06 18:40:17.204  2411  7184 I sysui_multi_action: [757,127,758,2]
07-06 18:40:17.204  2411  7184 I notification_panel_hidden: 
07-06 18:40:17.218  2588  2657 I sysui_multi_action: [757,1093,758,4,793,1001,1094,9437344,1095,4]
07-06 18:40:17.448  2411  2425 I am_stop_activity: [0,237043273,com.android.launcher3/com.android.searchlauncher.SearchLauncher]
07-06 18:40:17.451  3245  3245 I am_on_stop_called: [0,com.android.searchlauncher.SearchLauncher,handleStopActivity]
07-06 18:40:18.239  2588  2657 I sysui_multi_action: [757,1093,758,4,793,1021,1094,9437344,1095,4]
07-06 18:40:27.254  2588  2657 I sysui_multi_action: [757,1093,758,4,793,9015,1094,9437344,1095,4]
07-06 18:40:29.577  2411  2424 I am_pss  : [23633,1000,com.android.settings,81947648,74625024,0]
07-06 18:40:29.613  2411  2424 I am_pss  : [5870,10033,com.google.android.setupwizard,7376896,4321280,1014784]
07-06 18:40:34.390  2588  2657 I sysui_multi_action: [757,1093,758,4,793,7136,1094,9437344,1095,4]
07-06 18:40:37.627  2411  3266 I wm_task_moved: [100,1,0]
07-06 18:40:37.628  2411  3266 I am_create_activity: [0,202041348,100,com.android.settings/.SubSettings,android.intent.action.MAIN,NULL,NULL,0]
07-06 18:40:37.632  2411  3266 I am_pause_activity: [0,196077435,com.android.settings/.Settings$BluetoothSettingsActivity]
07-06 18:40:37.636 23633 23633 I sysui_view_visibility: [24,0]
07-06 18:40:37.636 23633 23633 I sysui_multi_action: [757,24,758,2]
07-06 18:40:37.637 23633 23633 I am_on_paused_called: [0,com.android.settings.Settings$BluetoothSettingsActivity,handlePauseActivity]
07-06 18:40:37.638  2411  3266 I am_restart_activity: [0,202041348,100,com.android.settings/.SubSettings]
07-06 18:40:37.640  2411  3266 I am_set_resumed_activity: [0,com.android.settings/.SubSettings,minimalResumeActivityLocked]
07-06 18:40:37.642  2411  2425 I sysui_count: [window_time_0,21]
07-06 18:40:37.642  2411  2425 I sysui_multi_action: [757,803,799,window_time_0,802,21]
07-06 18:40:37.671  2411  2424 I am_pss  : [3245,1000,com.android.launcher3,75223040,66318336,0]
07-06 18:40:37.691 23633 23633 I sysui_multi_action: [757,1018,758,1,833,24]
07-06 18:40:37.692 23633 23633 I am_on_resume_called: [0,com.android.settings.SubSettings,LAUNCH_ACTIVITY]
07-06 18:40:37.695  2411  2424 I am_pss  : [3334,10039,com.google.android.googlequicksearchbox:search,99135488,67530752,22757376]
07-06 18:40:37.730  2411  2432 I am_activity_launch_time: [0,202041348,com.android.settings/.SubSettings,89,89]
07-06 18:40:38.113  2411  2425 I am_stop_activity: [0,196077435,com.android.settings/.Settings$BluetoothSettingsActivity]
07-06 18:40:38.128 23633 23633 I am_on_stop_called: [0,com.android.settings.Settings$BluetoothSettingsActivity,handleStopActivity]
07-06 18:40:38.313  2588  2657 I sysui_multi_action: [757,1093,758,4,793,3922,1094,9437344,1095,4]
07-06 18:40:40.317  2588  2657 I sysui_multi_action: [757,1093,758,4,793,2005,1094,9437344,1095,4]
07-06 18:40:40.393 23633 23633 I sysui_action: [866,]
07-06 18:40:40.394 23633 23633 I sysui_multi_action: [757,866,758,4,806,]
07-06 18:40:42.608  2411  3265 I wm_task_created: [101,1]
07-06 18:40:42.608  2411  3265 I wm_task_moved: [101,1,1]
07-06 18:40:42.608  2411  3265 I wm_task_moved: [101,1,1]
07-06 18:40:42.609  2411  3265 I am_create_task: [0,101]
07-06 18:40:42.609  2411  3265 I am_create_activity: [0,48934908,101,com.android.settings/.bluetooth.BluetoothPairingDialog,android.bluetooth.device.action.PAIRING_REQUEST,NULL,NULL,276824064]
07-06 18:40:42.609  2411  3265 I wm_task_moved: [101,1,1]
07-06 18:40:42.610  2411  3265 I am_pause_activity: [0,202041348,com.android.settings/.SubSettings]
07-06 18:40:42.616 23633 23633 I sysui_view_visibility: [1018,0]
07-06 18:40:42.616 23633 23633 I sysui_multi_action: [757,1018,758,2]
07-06 18:40:42.617 23633 23633 I am_on_paused_called: [0,com.android.settings.SubSettings,handlePauseActivity]
07-06 18:40:42.619  2411 10276 I am_restart_activity: [0,48934908,101,com.android.settings/.bluetooth.BluetoothPairingDialog]
07-06 18:40:42.621  2411 10276 I am_set_resumed_activity: [0,com.android.settings/.bluetooth.BluetoothPairingDialog,minimalResumeActivityLocked]
07-06 18:40:42.623  2411  2425 I sysui_count: [window_time_0,5]
07-06 18:40:42.623  2411  2425 I sysui_multi_action: [757,803,799,window_time_0,802,5]
07-06 18:40:42.645 23633 23633 I sysui_multi_action: [757,613,758,1,833,0]
07-06 18:40:42.645 23633 23633 I am_on_resume_called: [0,com.android.settings.bluetooth.BluetoothPairingDialog,LAUNCH_ACTIVITY]
07-06 18:40:42.684  2411  2432 I am_activity_launch_time: [0,48934908,com.android.settings/.bluetooth.BluetoothPairingDialog,63,63]
07-06 18:40:43.876  2411  3265 I am_finish_activity: [0,48934908,101,com.android.settings/.bluetooth.BluetoothPairingDialog,app-request]
07-06 18:40:43.876  2411  3265 I am_pause_activity: [0,48934908,com.android.settings/.bluetooth.BluetoothPairingDialog]
07-06 18:40:43.892  2411  2425 I sysui_count: [window_time_0,1]
07-06 18:40:43.892  2411  2425 I sysui_multi_action: [757,803,799,window_time_0,802,1]
07-06 18:40:43.894 23633 23633 I sysui_view_visibility: [613,0]
07-06 18:40:43.894 23633 23633 I sysui_multi_action: [757,613,758,2]
07-06 18:40:43.894 23633 23633 I am_on_paused_called: [0,com.android.settings.bluetooth.BluetoothPairingDialog,handlePauseActivity]
07-06 18:40:43.897  2411  3265 I am_set_resumed_activity: [0,com.android.settings/.SubSettings,resumeTopActivityInnerLocked]
07-06 18:40:43.898  2411  3265 I am_resume_activity: [0,202041348,100,com.android.settings/.SubSettings]
07-06 18:40:43.942  2411  2425 I sysui_count: [window_time_0,0]
07-06 18:40:43.943  2411  2425 I sysui_multi_action: [757,803,799,window_time_0,802,0]
07-06 18:40:43.947 23633 23633 I sysui_multi_action: [757,1018,758,1,833,24]
07-06 18:40:43.948 23633 23633 I am_on_resume_called: [0,com.android.settings.SubSettings,RESUME_ACTIVITY]
07-06 18:40:44.043  2411  3265 I am_destroy_activity: [0,48934908,101,com.android.settings/.bluetooth.BluetoothPairingDialog,finish-idle]
07-06 18:40:44.050 23633 23633 I am_on_stop_called: [0,com.android.settings.bluetooth.BluetoothPairingDialog,destroy]
07-06 18:40:44.159  2411  2463 I wm_task_removed: [101,removeAppToken: last token]
07-06 18:40:44.159  2411  2463 I wm_task_removed: [101,removeTask]
07-06 18:40:44.240  2411  3446 I am_finish_activity: [0,202041348,100,com.android.settings/.SubSettings,app-request]
07-06 18:40:44.241  2411  3446 I am_pause_activity: [0,202041348,com.android.settings/.SubSettings]
07-06 18:40:44.245  2411  2425 I sysui_count: [window_time_0,0]
07-06 18:40:44.245  2411  2425 I sysui_multi_action: [757,803,799,window_time_0,802,0]
07-06 18:40:44.257 23633 23633 I sysui_view_visibility: [1018,0]
07-06 18:40:44.257 23633 23633 I sysui_multi_action: [757,1018,758,2]
07-06 18:40:44.258 23633 23633 I am_on_paused_called: [0,com.android.settings.SubSettings,handlePauseActivity]
07-06 18:40:44.259  2411  3446 I am_set_resumed_activity: [0,com.android.settings/.Settings$BluetoothSettingsActivity,resumeTopActivityInnerLocked]
07-06 18:40:44.260  2411  3446 I am_resume_activity: [0,196077435,100,com.android.settings/.Settings$BluetoothSettingsActivity]
07-06 18:40:44.262  2411  2425 I sysui_count: [window_time_0,0]
07-06 18:40:44.262  2411  2425 I sysui_multi_action: [757,803,799,window_time_0,802,0]
07-06 18:40:44.303 23633 23633 I sysui_multi_action: [757,24,758,1,833,0]
07-06 18:40:44.305 23633 23633 I am_on_resume_called: [0,com.android.settings.Settings$BluetoothSettingsActivity,RESUME_ACTIVITY]
07-06 18:40:44.633  2411  2425 I am_destroy_activity: [0,202041348,100,com.android.settings/.SubSettings,finish-imm]
07-06 18:40:44.648 23633 23633 I am_on_stop_called: [0,com.android.settings.SubSettings,destroy]
07-06 18:40:44.773  2411  7184 I volume_changed: [6,7,12,15,com.android.bluetooth]
07-06 18:40:44.922  2411  2545 I stream_devices_changed: [0,1,128]
07-06 18:40:44.923  2411  2545 I stream_devices_changed: [2,2,130]
07-06 18:40:44.925  2411  2545 I stream_devices_changed: [3,2,128]
07-06 18:40:44.926  2411  2545 I stream_devices_changed: [4,2,130]
07-06 18:40:44.928  2411  2545 I stream_devices_changed: [6,1,128]
07-06 18:40:45.771  2588  2657 I sysui_multi_action: [757,1093,758,4,793,5453,1094,9437344,1095,4]
07-06 18:40:47.743  2411  2411 I notification_enqueue: [1002,4096,com.android.bluetooth,17301632,NULL,0,Notification(channel=avrcp_notification pri=0 contentView=null vibrate=default sound=default defaults=0xffffffff flags=0x1 color=0x00000000 vis=PRIVATE),0]
07-06 18:40:47.746  2411  2411 I sysui_multi_action: [757,199,758,1,759,6,793,5,794,0,795,5,796,17301632,806,com.android.bluetooth,857,avrcp_notification,858,3,947,0]
07-06 18:40:47.746  2411  2411 I notification_alert: [0|com.android.bluetooth|17301632|null|1002,0,1,1]
07-06 18:40:47.820  2411 10276 I volume_changed: [3,5,8,15,com.android.bluetooth]
07-06 18:40:47.843  2411 10276 I notification_expansion: [0|com.android.bluetooth|17301632|null|1002,0,1,103,103,0]
07-06 18:40:48.484  1666  1666 I auditd  : type=1400 audit(0.0:404): avc: denied { read } for comm="HwBinder:1666_4" name="u:object_r:dolby_prop:s0" dev="tmpfs" ino=12593 scontext=u:r:hal_audio_default:s0 tcontext=u:object_r:dolby_prop:s0 tclass=file permissive=0
07-06 18:40:48.504  1666  1666 I auditd  : type=1400 audit(0.0:405): avc: denied { read } for comm="effect" name="u:object_r:dolby_prop:s0" dev="tmpfs" ino=12593 scontext=u:r:hal_audio_default:s0 tcontext=u:object_r:dolby_prop:s0 tclass=file permissive=0
07-06 18:40:48.514  1666  1666 I auditd  : type=1400 audit(0.0:406): avc: denied { read } for comm="effect" name="u:object_r:dolby_prop:s0" dev="tmpfs" ino=12593 scontext=u:r:hal_audio_default:s0 tcontext=u:object_r:dolby_prop:s0 tclass=file permissive=0
07-06 18:40:48.714  1666  1666 I auditd  : type=1400 audit(0.0:407): avc: denied { read } for comm="HwBinder:1666_2" name="u:object_r:dolby_prop:s0" dev="tmpfs" ino=12593 scontext=u:r:hal_audio_default:s0 tcontext=u:object_r:dolby_prop:s0 tclass=file permissive=0
07-06 18:40:48.714  1666  1666 I auditd  : type=1400 audit(0.0:408): avc: denied { read } for comm="HwBinder:1666_2" name="u:object_r:dolby_prop:s0" dev="tmpfs" ino=12593 scontext=u:r:hal_audio_default:s0 tcontext=u:object_r:dolby_prop:s0 tclass=file permissive=0
07-06 18:40:49.794  2588  2588 I sysui_multi_action: [757,931,758,4,759,3,932,0,933,0]
07-06 18:40:49.897  2588  2588 I sysui_multi_action: [757,931,758,4,759,3,932,0,933,1]
07-06 18:40:49.907  2411  2480 I am_new_intent: [0,237043273,15,com.android.launcher3/com.android.searchlauncher.SearchLauncher,android.intent.action.MAIN,NULL,NULL,268435712]
07-06 18:40:49.907  2411  2480 I wm_task_moved: [15,1,0]
07-06 18:40:49.908  2411  2480 I am_focused_stack: [0,0,1,bringingFoundTaskToFront]
07-06 18:40:49.908  2411  2480 I wm_task_moved: [15,1,0]
07-06 18:40:49.912  2411  2480 I am_pause_activity: [0,196077435,com.android.settings/.Settings$BluetoothSettingsActivity]
07-06 18:40:49.914 23633 23633 I sysui_view_visibility: [24,0]
07-06 18:40:49.915 23633 23633 I sysui_multi_action: [757,24,758,2]
07-06 18:40:49.936  2411  2480 I am_set_resumed_activity: [0,com.android.launcher3/com.android.searchlauncher.SearchLauncher,resumeTopActivityInnerLocked]
07-06 18:40:49.943  2411  2480 I am_resume_activity: [0,237043273,15,com.android.launcher3/com.android.searchlauncher.SearchLauncher]
07-06 18:40:49.946  2411  2480 I am_task_to_front: [0,15]
07-06 18:40:49.952 23633 23633 I am_on_paused_called: [0,com.android.settings.Settings$BluetoothSettingsActivity,handlePauseActivity]
07-06 18:40:49.965  2411  2425 I am_stop_activity: [0,196077435,com.android.settings/.Settings$BluetoothSettingsActivity]
07-06 18:40:49.974  2411  2425 I sysui_count: [window_time_0,6]
07-06 18:40:49.974  3245  3245 I am_on_resume_called: [0,com.android.searchlauncher.SearchLauncher,RESUME_ACTIVITY]
07-06 18:40:49.974  2411  2425 I sysui_multi_action: [757,803,799,window_time_0,802,6]
07-06 18:40:49.997 23633 23633 I am_on_stop_called: [0,com.android.settings.Settings$BluetoothSettingsActivity,handleStopActivity]
07-06 18:40:50.050  2411  2432 I sysui_multi_action: [319,139,322,113,325,9606,757,761,758,9,759,2,806,com.android.launcher3,871,com.android.searchlauncher.SearchLauncher,905,0]
07-06 18:40:50.355  2588  2657 I sysui_multi_action: [757,1093,758,4,793,4585,1094,9437344,1095,4]
07-06 18:40:54.641  2411  3446 I am_new_intent: [0,22935837,18,com.android.systemui/.recents.RecentsActivity,NULL,NULL,NULL,276840448]
07-06 18:40:54.642  2411  3446 I wm_task_moved: [18,1,0]
07-06 18:40:54.643  2411  3446 I am_focused_stack: [0,5,0,bringingFoundTaskToFront]
07-06 18:40:54.643  2411  3446 I wm_task_moved: [18,1,0]
07-06 18:40:54.645  2411  3446 I am_pause_activity: [0,237043273,com.android.launcher3/com.android.searchlauncher.SearchLauncher]
07-06 18:40:54.646  3245  3245 I am_on_paused_called: [0,com.android.searchlauncher.SearchLauncher,handlePauseActivity]
07-06 18:40:54.649  2411  3446 I am_set_resumed_activity: [0,com.android.systemui/.recents.RecentsActivity,resumeTopActivityInnerLocked]
07-06 18:40:54.663  2411  3446 I am_resume_activity: [0,22935837,18,com.android.systemui/.recents.RecentsActivity]
07-06 18:40:54.669  2411  3446 I am_task_to_front: [0,18]
07-06 18:40:54.673  2588  2588 I sysui_count: [overview_trigger_nav_btn,1]
07-06 18:40:54.673  2588  2588 I sysui_multi_action: [757,803,799,overview_trigger_nav_btn,802,1]
07-06 18:40:54.673  2588  2588 I sysui_count: [overview_source_home,1]
07-06 18:40:54.673  2588  2588 I sysui_multi_action: [757,803,799,overview_source_home,802,1]
07-06 18:40:54.673  2588  2588 I sysui_histogram: [overview_task_count,4]
07-06 18:40:54.673  2588  2588 I sysui_multi_action: [757,804,799,overview_task_count,801,4,802,1]
07-06 18:40:54.674  2411  2425 I am_stop_activity: [0,237043273,com.android.launcher3/com.android.searchlauncher.SearchLauncher]
07-06 18:40:54.675  2588  2588 I sysui_view_visibility: [224,100]
07-06 18:40:54.675  2588  2588 I sysui_multi_action: [757,224,758,1]
07-06 18:40:54.680  2411  2425 I sysui_count: [window_time_0,5]
07-06 18:40:54.680  2411  2425 I sysui_multi_action: [757,803,799,window_time_0,802,5]
07-06 18:40:54.681  2588  2588 I am_on_resume_called: [0,com.android.systemui.recents.RecentsActivity,RESUME_ACTIVITY]
07-06 18:40:54.681  3245  3245 I am_on_stop_called: [0,com.android.searchlauncher.SearchLauncher,handleStopActivity]
07-06 18:40:54.716  2411  2432 I sysui_multi_action: [319,76,322,76,325,9611,757,761,758,9,759,2,806,com.android.systemui,871,com.android.systemui.recents.RecentsActivity,904,com.android.systemui,905,0]
07-06 18:40:55.643  2588  2588 I sysui_action: [287,]
07-06 18:40:55.643  2588  2588 I sysui_multi_action: [757,287,758,4]
07-06 18:40:56.746  2588  2588 I sysui_count: [overview_task_all_dismissed,1]
07-06 18:40:56.747  2588  2588 I sysui_multi_action: [757,803,799,overview_task_all_dismissed,802,1]
07-06 18:40:56.747  2588  2588 I sysui_action: [357,]
07-06 18:40:56.747  2588  2588 I sysui_multi_action: [757,357,758,4]
07-06 18:40:56.749  2411  3446 I am_finish_activity: [0,196077435,100,com.android.settings/.Settings$BluetoothSettingsActivity,clear-task-index]
07-06 18:40:56.751  2411  3446 I am_destroy_activity: [0,196077435,100,com.android.settings/.Settings$BluetoothSettingsActivity,finish-imm]
07-06 18:40:56.759  2411  3446 I am_kill : [0,23633,com.android.settings,900,remove task]
07-06 18:40:56.763  2411  2425 I sysui_count: [window_time_0,2]
07-06 18:40:56.763  2411  2425 I sysui_multi_action: [757,803,799,window_time_0,802,2]
07-06 18:40:56.767  2411  7184 I am_new_intent: [0,237043273,15,com.android.launcher3/com.android.searchlauncher.SearchLauncher,android.intent.action.MAIN,NULL,NULL,268435712]
07-06 18:40:56.768  2411  7184 I wm_task_moved: [15,1,0]
07-06 18:40:56.769  2411  7184 I am_focused_stack: [0,0,5,bringingFoundTaskToFront]
07-06 18:40:56.769  2411  7184 I wm_task_moved: [15,1,0]
07-06 18:40:56.772  2411  7184 I am_pause_activity: [0,22935837,com.android.systemui/.recents.RecentsActivity]
07-06 18:40:56.776  2411  7184 I am_set_resumed_activity: [0,com.android.launcher3/com.android.searchlauncher.SearchLauncher,resumeTopActivityInnerLocked]
07-06 18:40:56.785  2411  7184 I am_resume_activity: [0,237043273,15,com.android.launcher3/com.android.searchlauncher.SearchLauncher]
07-06 18:40:56.787  2411  7184 I am_task_to_front: [0,15]
07-06 18:40:56.792  2411  3446 I am_kill : [0,24929,com.google.android.dialer,900,remove task]
07-06 18:40:56.792  2588  2588 I am_on_paused_called: [0,com.android.systemui.recents.RecentsActivity,handlePauseActivity]
07-06 18:40:56.802  2411  2425 I am_stop_activity: [0,22935837,com.android.systemui/.recents.RecentsActivity]
07-06 18:40:56.804  2411  2425 I sysui_count: [window_time_0,0]
07-06 18:40:56.804  2411  2425 I sysui_multi_action: [757,803,799,window_time_0,802,0]
07-06 18:40:56.806  2588  2588 I sysui_view_visibility: [224,0]
07-06 18:40:56.806  2588  2588 I sysui_multi_action: [757,224,758,2]
07-06 18:40:56.806  2588  2588 I am_on_stop_called: [0,com.android.systemui.recents.RecentsActivity,handleStopActivity]
07-06 18:40:56.812  3245  3245 I am_on_resume_called: [0,com.android.searchlauncher.SearchLauncher,RESUME_ACTIVITY]
07-06 18:40:56.834  2411  7188 I am_proc_died: [0,23633,com.android.settings,900,17]
07-06 18:40:56.837  2411  7188 I wm_task_removed: [100,removeAppToken: last token]
07-06 18:40:56.837  2411  7188 I wm_task_removed: [100,removeTask]
07-06 18:40:56.837  2411  7188 I wm_stack_removed: 1
07-06 18:40:56.841  2411  2771 I am_proc_died: [0,24929,com.google.android.dialer,900,17]
07-06 18:40:56.844  2411  2771 I am_uid_stopped: 10016
07-06 18:40:56.865  2411  2432 I sysui_multi_action: [319,108,322,107,325,9613,757,761,758,9,759,2,806,com.android.launcher3,871,com.android.searchlauncher.SearchLauncher,905,0]
07-06 18:40:57.792  2411  7188 I wm_stack_created: 1
07-06 18:40:57.792  2411  7188 I wm_task_created: [102,1]
07-06 18:40:57.793  2411  7188 I wm_task_moved: [102,1,0]
07-06 18:40:57.793  2411  7188 I am_focused_stack: [0,1,0,reuseOrNewTask]
07-06 18:40:57.793  2411  7188 I wm_task_moved: [102,1,0]
07-06 18:40:57.793  2411  7188 I am_create_task: [0,102]
07-06 18:40:57.793  2411  7188 I am_create_activity: [0,213503360,102,com.google.android.dialer/.extensions.GoogleDialtactsActivity,android.intent.action.MAIN,NULL,NULL,270532608]
07-06 18:40:57.793  2411  7188 I wm_task_moved: [102,1,0]
07-06 18:40:57.795  2411  7188 I am_pause_activity: [0,237043273,com.android.launcher3/com.android.searchlauncher.SearchLauncher]
07-06 18:40:57.799  3245  3245 I am_on_paused_called: [0,com.android.searchlauncher.SearchLauncher,handlePauseActivity]
07-06 18:40:57.801  2411  7188 I am_uid_running: 10016
07-06 18:40:57.810  2411  7188 I am_proc_start: [0,26345,10016,com.google.android.dialer,activity,com.google.android.dialer/.extensions.GoogleDialtactsActivity]
07-06 18:40:57.814  2411  2425 I sysui_count: [window_time_0,1]
07-06 18:40:57.814  2411  2425 I sysui_multi_action: [757,803,799,window_time_0,802,1]
07-06 18:40:57.820  2411  7188 I am_proc_bound: [0,26345,com.google.android.dialer]
07-06 18:40:57.825  2411  7188 I am_uid_active: 10016
07-06 18:40:57.825  2411  7188 I am_restart_activity: [0,213503360,102,com.google.android.dialer/.extensions.GoogleDialtactsActivity]
07-06 18:40:57.826  2411  7188 I am_set_resumed_activity: [0,com.google.android.dialer/.extensions.GoogleDialtactsActivity,minimalResumeActivityLocked]
07-06 18:40:58.018  2411  7188 I am_uid_active: 10003
07-06 18:40:58.032 26345 26345 I am_on_resume_called: [0,com.google.android.dialer.extensions.GoogleDialtactsActivity,LAUNCH_ACTIVITY]
07-06 18:40:58.231  2411  2432 I sysui_multi_action: [319,52,321,51,322,438,325,9614,757,761,758,7,759,1,806,com.google.android.dialer,871,com.google.android.dialer.extensions.GoogleDialtactsActivity,904,com.android.launcher3,905,0,945,37]
07-06 18:40:58.231  2411  2432 I am_activity_launch_time: [0,213503360,com.google.android.dialer/.extensions.GoogleDialtactsActivity,421,421]
07-06 18:40:58.367  2411  7188 I am_uid_active: 10072
07-06 18:40:58.677  2411  3446 I am_stop_activity: [0,237043273,com.android.launcher3/com.android.searchlauncher.SearchLauncher]
07-06 18:40:58.680  3245  3245 I am_on_stop_called: [0,com.android.searchlauncher.SearchLauncher,handleStopActivity]
07-06 18:41:00.386  2588  2657 I sysui_multi_action: [757,1093,758,4,793,10030,1094,9437344,1095,4]
07-06 18:41:01.392  2588  2657 I sysui_multi_action: [757,1093,758,4,793,1006,1094,9437344,1095,4]
07-06 18:41:02.379  2411  2425 I am_proc_start: [0,26422,1000,com.longcheertel.midtest,broadcast,com.longcheertel.midtest/.CustomReceiver]
07-06 18:41:02.392  2411  3446 I am_proc_bound: [0,26422,com.longcheertel.midtest]
07-06 18:41:02.398  2588  2657 I sysui_multi_action: [757,1093,758,4,793,1007,1094,9437344,1095,4]
07-06 18:41:02.443  2411  3446 I wm_task_created: [103,1]
07-06 18:41:02.443  2411  3446 I wm_task_moved: [103,1,1]
07-06 18:41:02.443  2411  3446 I wm_task_moved: [103,1,1]
07-06 18:41:02.443  2411  3446 I am_create_task: [0,103]
07-06 18:41:02.444  2411  3446 I am_create_activity: [0,196114153,103,com.longcheertel.midtest/.Combile,android.intent.action.MAIN,NULL,NULL,276824064]
07-06 18:41:02.444  2411  3446 I wm_task_moved: [103,1,1]
07-06 18:41:02.445  2411  3446 I am_pause_activity: [0,213503360,com.google.android.dialer/.extensions.GoogleDialtactsActivity]
07-06 18:41:02.448 26345 26345 I am_on_paused_called: [0,com.google.android.dialer.extensions.GoogleDialtactsActivity,handlePauseActivity]
07-06 18:41:02.454  2411  7188 I am_restart_activity: [0,196114153,103,com.longcheertel.midtest/.Combile]
07-06 18:41:02.455  2411  7188 I am_set_resumed_activity: [0,com.longcheertel.midtest/.Combile,minimalResumeActivityLocked]
07-06 18:41:02.460  2411  2425 I sysui_count: [window_time_0,4]
07-06 18:41:02.460  2411  2425 I sysui_multi_action: [757,803,799,window_time_0,802,4]
07-06 18:41:02.499 26422 26422 I am_on_resume_called: [0,com.longcheertel.midtest.Combile,LAUNCH_ACTIVITY]
07-06 18:41:02.677  2411  2432 I sysui_multi_action: [319,73,321,63,322,239,325,9618,757,761,758,8,759,1,806,com.longcheertel.midtest,871,com.longcheertel.midtest.Combile,904,com.longcheertel.midtest,905,0]
07-06 18:41:02.677  2411  2432 I am_activity_launch_time: [0,196114153,com.longcheertel.midtest/.Combile,223,223]
07-06 18:41:03.237  2411  2425 I am_stop_activity: [0,213503360,com.google.android.dialer/.extensions.GoogleDialtactsActivity]
07-06 18:41:03.250 26345 26345 I am_on_stop_called: [0,com.google.android.dialer.extensions.GoogleDialtactsActivity,handleStopActivity]
07-06 18:41:03.971  2411  7188 I wm_task_moved: [103,1,1]
07-06 18:41:03.971  2411  7188 I am_create_activity: [0,37723593,103,com.longcheertel.midtest/.HandTest,android.intent.action.MAIN,NULL,NULL,8388608]
07-06 18:41:03.973  2411  7188 I am_pause_activity: [0,196114153,com.longcheertel.midtest/.Combile]
07-06 18:41:03.975 26422 26422 I am_on_paused_called: [0,com.longcheertel.midtest.Combile,handlePauseActivity]
07-06 18:41:03.977  2411  5120 I am_restart_activity: [0,37723593,103,com.longcheertel.midtest/.HandTest]
07-06 18:41:03.979  2411  5120 I am_set_resumed_activity: [0,com.longcheertel.midtest/.HandTest,minimalResumeActivityLocked]
07-06 18:41:03.981  2411  2425 I sysui_count: [window_time_0,2]
07-06 18:41:03.981  2411  2425 I sysui_multi_action: [757,803,799,window_time_0,802,2]
07-06 18:41:04.014  2411  2431 I netstats_mobile_sample: [169303709,133749,5424918,44029,167107769,91518,5056252,43649,167124389,91638,5039796,43532,1530882664929]
07-06 18:41:04.014  2411  2431 I netstats_wifi_sample: [0,0,0,0,0,0,0,0,0,0,0,0,1530882664929]
07-06 18:41:04.033 26422 26422 I am_on_resume_called: [0,com.longcheertel.midtest.HandTest,LAUNCH_ACTIVITY]
07-06 18:41:04.063  2411  2527 I netstats_mobile_sample: [169303709,133749,5424918,44029,167107769,91518,5056252,43649,167124389,91638,5039796,43532,1530882664978]
07-06 18:41:04.063  2411  2527 I netstats_wifi_sample: [0,0,0,0,0,0,0,0,0,0,0,0,1530882664978]
07-06 18:41:04.076  2411  2527 I netstats_mobile_sample: [169303709,133749,5424918,44029,167107769,91518,5056252,43649,167124389,91638,5039796,43532,1530882664991]
07-06 18:41:04.076  2411  2527 I netstats_wifi_sample: [0,0,0,0,0,0,0,0,0,0,0,0,1530882664991]
07-06 18:41:04.100  2411  2432 I am_activity_launch_time: [0,37723593,com.longcheertel.midtest/.HandTest,122,122]
07-06 18:41:04.341  2411  2411 I sysui_multi_action: [757,128,758,5,759,8,793,365225,794,50213,795,365225,796,17303503,797,Wi-Fi Hotspot notification,806,android,857,HOTSPOT_NOTIFICATION,858,1,947,0]
07-06 18:41:04.341  2411  2411 I notification_canceled: [0|android|17303503|Wi-Fi Hotspot notification|1000,8,365225,365225,50213,NULL]
07-06 18:41:04.472  2411  2425 I am_stop_activity: [0,196114153,com.longcheertel.midtest/.Combile]
07-06 18:41:04.474 26422 26422 I am_on_stop_called: [0,com.longcheertel.midtest.Combile,handleStopActivity]
07-06 18:41:04.999  2588  2657 I sysui_multi_action: [757,1093,758,4,793,2601,1094,9437312,1095,3]
07-06 18:41:05.361  2411  2771 I wm_task_moved: [103,1,1]
07-06 18:41:05.363  2411  2771 I am_create_activity: [0,10156996,103,com.longcheertel.midtest/.OpenTcardLog,NULL,NULL,NULL,8388608]
07-06 18:41:05.365  2411  2771 I am_pause_activity: [0,37723593,com.longcheertel.midtest/.HandTest]
07-06 18:41:05.368 26422 26422 I am_on_paused_called: [0,com.longcheertel.midtest.HandTest,handlePauseActivity]
07-06 18:41:05.369  2411  2771 I am_restart_activity: [0,10156996,103,com.longcheertel.midtest/.OpenTcardLog]
07-06 18:41:05.371  2411  2771 I am_set_resumed_activity: [0,com.longcheertel.midtest/.OpenTcardLog,minimalResumeActivityLocked]
07-06 18:41:05.373  2411  2425 I sysui_count: [window_time_0,1]
07-06 18:41:05.373  2411  2425 I sysui_multi_action: [757,803,799,window_time_0,802,1]
07-06 18:41:05.397  2411  2743 I am_uid_running: 10009
07-06 18:41:05.407  2411  2743 I am_proc_start: [0,26481,10009,com.android.defcontainer,service,com.android.defcontainer/.DefaultContainerService]
07-06 18:41:05.409 26422 26422 I am_on_resume_called: [0,com.longcheertel.midtest.OpenTcardLog,LAUNCH_ACTIVITY]
07-06 18:41:05.415  2411  2743 I am_proc_bound: [0,26481,com.android.defcontainer]
07-06 18:41:05.416  2411  2743 I am_uid_active: 10009
07-06 18:41:05.448  2411  2432 I am_activity_launch_time: [0,10156996,com.longcheertel.midtest/.OpenTcardLog,77,77]
07-06 18:41:05.827  2411  2425 I am_stop_activity: [0,37723593,com.longcheertel.midtest/.HandTest]
07-06 18:41:05.829 26422 26422 I am_on_stop_called: [0,com.longcheertel.midtest.HandTest,handleStopActivity]
07-06 18:41:09.431  2411  3446 I am_finish_activity: [0,10156996,103,com.longcheertel.midtest/.OpenTcardLog,app-request]
07-06 18:41:09.434  2411  3446 I am_pause_activity: [0,10156996,com.longcheertel.midtest/.OpenTcardLog]
07-06 18:41:09.449  2411  2425 I sysui_count: [window_time_0,4]
07-06 18:41:09.450  2411  2425 I sysui_multi_action: [757,803,799,window_time_0,802,4]
07-06 18:41:09.450 26422 26422 I am_on_paused_called: [0,com.longcheertel.midtest.OpenTcardLog,handlePauseActivity]
07-06 18:41:09.456  2411  7188 I am_set_resumed_activity: [0,com.longcheertel.midtest/.HandTest,resumeTopActivityInnerLocked]
07-06 18:41:09.458  2411  7188 I am_resume_activity: [0,37723593,103,com.longcheertel.midtest/.HandTest]
07-06 18:41:09.464  2411  2425 I sysui_count: [window_time_0,0]
07-06 18:41:09.464  2411  2425 I sysui_multi_action: [757,803,799,window_time_0,802,0]
07-06 18:41:09.470 26422 26422 I am_on_resume_called: [0,com.longcheertel.midtest.HandTest,RESUME_ACTIVITY]
07-06 18:41:09.806  2411  2425 I am_destroy_activity: [0,10156996,103,com.longcheertel.midtest/.OpenTcardLog,finish-imm]
07-06 18:41:09.810 26422 26422 I am_on_stop_called: [0,com.longcheertel.midtest.OpenTcardLog,destroy]
07-06 18:41:10.674  2411  7188 I am_finish_activity: [0,37723593,103,com.longcheertel.midtest/.HandTest,app-request]
07-06 18:41:10.678  2411  7188 I am_pause_activity: [0,37723593,com.longcheertel.midtest/.HandTest]
07-06 18:41:10.686 26422 26422 I am_on_paused_called: [0,com.longcheertel.midtest.HandTest,handlePauseActivity]
07-06 18:41:10.693  2411  2425 I sysui_count: [window_time_0,2]
07-06 18:41:10.693  2411  2425 I sysui_multi_action: [757,803,799,window_time_0,802,2]
07-06 18:41:10.698  2411  2771 I am_set_resumed_activity: [0,com.longcheertel.midtest/.Combile,resumeTopActivityInnerLocked]
07-06 18:41:10.701  2411  2771 I am_resume_activity: [0,196114153,103,com.longcheertel.midtest/.Combile]
07-06 18:41:10.708  2411  2425 I sysui_count: [window_time_0,0]
07-06 18:41:10.711  2411  2425 I sysui_multi_action: [757,803,799,window_time_0,802,0]
07-06 18:41:10.717 26422 26422 I am_on_resume_called: [0,com.longcheertel.midtest.Combile,RESUME_ACTIVITY]
07-06 18:41:10.800  2411  2741 I sysui_multi_action: [757,856,758,2,806,com.android.bluetooth,857,avrcp_notification,858,3]
07-06 18:41:10.863  2411  2411 I notification_cancel_all: [1000,2411,com.android.bluetooth,0,0,0,17,NULL]
07-06 18:41:10.864  2411  2411 I sysui_multi_action: [757,128,758,5,759,17,793,23123,794,0,795,23123,796,17301632,806,com.android.bluetooth,857,avrcp_notification,858,3,947,0]
07-06 18:41:10.864  2411  2411 I notification_canceled: [0|com.android.bluetooth|17301632|null|1002,17,23123,23123,0,NULL]
07-06 18:41:11.047  2411  2425 I am_destroy_activity: [0,37723593,103,com.longcheertel.midtest/.HandTest,finish-imm]
07-06 18:41:11.048 26422 26422 I am_on_stop_called: [0,com.longcheertel.midtest.HandTest,destroy]
07-06 18:41:11.484  2588  2657 I sysui_multi_action: [757,1093,758,4,793,6484,1094,9437184,1095,2]
07-06 18:41:11.526  2411  2545 I stream_devices_changed: [0,128,1]
07-06 18:41:11.531  2411  2545 I stream_devices_changed: [2,130,2]
07-06 18:41:11.533  2411  2545 I stream_devices_changed: [3,128,2]
07-06 18:41:11.533  2411  2545 I stream_devices_changed: [4,130,2]
07-06 18:41:11.537  2411  2545 I stream_devices_changed: [6,128,1]
07-06 18:41:11.906  2588  2588 I sysui_multi_action: [757,931,758,4,759,4,932,0,933,0]
07-06 18:41:11.907  2411  7188 I sysui_count: [key_back_down,1]
07-06 18:41:11.907  2411  7188 I sysui_multi_action: [757,803,799,key_back_down,802,1]
07-06 18:41:11.986  2588  2588 I sysui_multi_action: [757,931,758,4,759,4,932,0,933,1]
07-06 18:41:11.993  2411  7188 I am_finish_activity: [0,196114153,103,com.longcheertel.midtest/.Combile,app-request]
07-06 18:41:11.995  2411  7188 I am_pause_activity: [0,196114153,com.longcheertel.midtest/.Combile]
07-06 18:41:11.998  2411  2425 I sysui_count: [window_time_0,1]
07-06 18:41:11.999  2411  2425 I sysui_multi_action: [757,803,799,window_time_0,802,1]
07-06 18:41:12.008 26422 26422 I am_on_paused_called: [0,com.longcheertel.midtest.Combile,handlePauseActivity]
07-06 18:41:12.015  2411  7188 I am_set_resumed_activity: [0,com.google.android.dialer/.extensions.GoogleDialtactsActivity,resumeTopActivityInnerLocked]
07-06 18:41:12.037  2411  7188 I am_resume_activity: [0,213503360,102,com.google.android.dialer/.extensions.GoogleDialtactsActivity]
07-06 18:41:12.043  2411  2425 I sysui_count: [window_time_0,0]
07-06 18:41:12.044  2411  2425 I sysui_multi_action: [757,803,799,window_time_0,802,0]
07-06 18:41:12.133 26345 26345 I am_on_resume_called: [0,com.google.android.dialer.extensions.GoogleDialtactsActivity,RESUME_ACTIVITY]
07-06 18:41:12.965  2411  2425 I am_destroy_activity: [0,196114153,103,com.longcheertel.midtest/.Combile,finish-imm]
07-06 18:41:12.985 26422 26422 I am_on_stop_called: [0,com.longcheertel.midtest.Combile,destroy]
07-06 18:41:12.999  2411  2741 I wm_task_removed: [103,removeAppToken: last token]
07-06 18:41:12.999  2411  2741 I wm_task_removed: [103,removeTask]
07-06 18:41:13.453  2588  2588 I sysui_multi_action: [757,931,758,4,759,4,932,0,933,0]
07-06 18:41:13.454  2411  2771 I sysui_count: [key_back_down,1]
07-06 18:41:13.454  2411  2771 I sysui_multi_action: [757,803,799,key_back_down,802,1]
07-06 18:41:13.517  2588  2588 I sysui_multi_action: [757,931,758,4,759,4,932,0,933,1]
07-06 18:41:14.365  2588  2588 I sysui_multi_action: [757,931,758,4,759,4,932,0,933,0]
07-06 18:41:14.367  2411  5120 I sysui_count: [key_back_down,1]
07-06 18:41:14.367  2411  5120 I sysui_multi_action: [757,803,799,key_back_down,802,1]
07-06 18:41:14.438  2588  2588 I sysui_multi_action: [757,931,758,4,759,4,932,0,933,1]
07-06 18:41:14.443  2411  5120 I am_finish_activity: [0,213503360,102,com.google.android.dialer/.extensions.GoogleDialtactsActivity,app-request]
07-06 18:41:14.444  2411  5120 I am_focused_stack: [0,0,1,finishActivity adjustFocus]
07-06 18:41:14.444  2411  5120 I wm_task_moved: [15,1,0]
07-06 18:41:14.446  2411  5120 I am_pause_activity: [0,213503360,com.google.android.dialer/.extensions.GoogleDialtactsActivity]
07-06 18:41:14.452  2411  2425 I sysui_count: [window_time_0,2]
07-06 18:41:14.452  2411  2425 I sysui_multi_action: [757,803,799,window_time_0,802,2]
07-06 18:41:14.463 26345 26345 I am_on_paused_called: [0,com.google.android.dialer.extensions.GoogleDialtactsActivity,handlePauseActivity]
07-06 18:41:14.477  2411  5120 I am_set_resumed_activity: [0,com.android.launcher3/com.android.searchlauncher.SearchLauncher,resumeTopActivityInnerLocked]
07-06 18:41:14.487  2411  5120 I am_resume_activity: [0,237043273,15,com.android.launcher3/com.android.searchlauncher.SearchLauncher]
07-06 18:41:14.497  2411  2425 I sysui_count: [window_time_0,0]
07-06 18:41:14.498  2411  2425 I sysui_multi_action: [757,803,799,window_time_0,802,0]
07-06 18:41:14.507  3245  3245 I am_on_resume_called: [0,com.android.searchlauncher.SearchLauncher,RESUME_ACTIVITY]
07-06 18:41:14.776  2411  2425 I am_destroy_activity: [0,213503360,102,com.google.android.dialer/.extensions.GoogleDialtactsActivity,finish-imm]
07-06 18:41:14.801 26345 26345 I am_on_stop_called: [0,com.google.android.dialer.extensions.GoogleDialtactsActivity,destroy]
07-06 18:41:14.955  2411  2463 I wm_task_removed: [102,removeTask]
07-06 18:41:14.955  2411  2463 I wm_task_removed: [102,removeAppToken: last token]
07-06 18:41:14.955  2411  2463 I wm_stack_removed: 1
07-06 18:41:15.341  2588  2588 I sysui_count: [panel_open,1]
07-06 18:41:15.342  2588  2588 I sysui_multi_action: [757,803,799,panel_open,802,1]
07-06 18:41:15.364  2411  2771 I sysui_view_visibility: [127,100]
07-06 18:41:15.366  2411  2771 I sysui_multi_action: [757,127,758,1]
07-06 18:41:15.366  2411  2771 I sysui_histogram: [note_load,0]
07-06 18:41:15.366  2411  2771 I sysui_multi_action: [757,804,799,note_load,801,0,802,1]
07-06 18:41:15.366  2411  2771 I notification_panel_revealed: 0
07-06 18:41:15.869  2588  2588 I sysui_view_visibility: [111,100]
07-06 18:41:15.871  2588  2588 I sysui_multi_action: [757,111,758,1]
07-06 18:41:15.872  2588  2588 I sysui_multi_action: [757,126,758,1,759,126,833,1,927,0,928,0]
07-06 18:41:15.872  2588  2588 I sysui_multi_action: [757,115,758,1,759,115,833,1,927,1,928,1]
07-06 18:41:15.872  2588  2588 I sysui_multi_action: [757,113,758,1,759,113,833,1,927,2,928,0]
07-06 18:41:15.872  2588  2588 I sysui_multi_action: [757,122,758,1,759,122,833,1,927,3,928,1]
07-06 18:41:15.872  2588  2588 I sysui_multi_action: [757,116,758,1,759,116,833,1,927,4,928,0]
07-06 18:41:15.872  2588  2588 I sysui_multi_action: [757,119,758,1,759,119,833,1,927,5,928,0]
07-06 18:41:15.872  2588  2588 I sysui_multi_action: [757,123,758,1,759,123,833,0,927,6,928,1]
07-06 18:41:15.872  2588  2588 I sysui_multi_action: [757,261,758,1,759,261,833,0,927,7,928,0]
07-06 18:41:15.873  2588  2588 I sysui_multi_action: [757,112,758,1,759,112,833,0,927,8,928,0]
07-06 18:41:15.873  2588  2588 I sysui_multi_action: [757,114,758,1,759,114,833,0,927,9,928,0]
07-06 18:41:15.873  2588  2588 I sysui_multi_action: [757,120,758,1,759,120,833,0,927,10,928,1]
07-06 18:41:15.873  2588  2588 I sysui_view_visibility: [111,100]
07-06 18:41:15.873  2588  2588 I sysui_multi_action: [757,111,758,1]
07-06 18:41:15.873  2588  2588 I sysui_multi_action: [757,126,758,1,759,126,833,1,927,0,928,0]
07-06 18:41:15.873  2588  2588 I sysui_multi_action: [757,115,758,1,759,115,833,1,927,1,928,1]
07-06 18:41:15.873  2588  2588 I sysui_multi_action: [757,113,758,1,759,113,833,1,927,2,928,0]
07-06 18:41:15.873  2588  2588 I sysui_multi_action: [757,122,758,1,759,122,833,1,927,3,928,1]
07-06 18:41:15.873  2588  2588 I sysui_multi_action: [757,116,758,1,759,116,833,1,927,4,928,0]
07-06 18:41:15.874  2588  2588 I sysui_multi_action: [757,119,758,1,759,119,833,1,927,5,928,0]
07-06 18:41:16.045  2588  2588 I sysui_multi_action: [757,194,758,4,826,245,827,1886]
07-06 18:41:16.045  2588  2588 I sysui_lockscreen_gesture: [9,245,1886]
07-06 18:41:17.437  2588  2657 I sysui_multi_action: [757,1093,758,4,793,5953,1094,9437184,1095,2]
07-06 18:41:18.445  2588  2657 I sysui_multi_action: [757,1093,758,4,793,1009,1094,9437184,1095,2]
07-06 18:41:19.455  2588  2657 I sysui_multi_action: [757,1093,758,4,793,1010,1094,9437184,1095,2]
07-06 18:41:20.122  2411  2424 I am_pss  : [5870,10033,com.google.android.setupwizard,8175616,5926912,1014784]
07-06 18:41:22.470  2588  2657 I sysui_multi_action: [757,1093,758,4,793,3014,1094,9437184,1095,2]
07-06 18:41:23.479  2588  2657 I sysui_multi_action: [757,1093,758,4,793,1010,1094,9437184,1095,2]
07-06 18:41:24.494  2588  2588 I sysui_multi_action: [757,925,758,4,759,113,833,1,927,2,928,0]
07-06 18:41:24.580  2411  2604 I sysui_multi_action: [757,856,758,1,806,com.android.bluetooth,857,avrcp_notification,858,3]
07-06 18:41:24.580  2411  2424 I am_pss  : [3245,1000,com.android.launcher3,109837312,101777408,0]
07-06 18:41:25.443  2588  2588 I sysui_multi_action: [757,926,758,4,759,113,833,1,927,2,928,1]
07-06 18:41:25.461  2588  2588 I sysui_view_visibility: [150,100]
07-06 18:41:25.462  2588  2588 I sysui_multi_action: [757,150,758,1]
07-06 18:41:25.516  2588  2657 I sysui_multi_action: [757,1093,758,4,793,2037,1094,9437312,1095,3]
07-06 18:41:25.923  2588  2588 I sysui_view_visibility: [111,0]
07-06 18:41:25.923  2588  2588 I sysui_multi_action: [757,111,758,2]
07-06 18:41:25.984  2411  2545 I stream_devices_changed: [0,1,128]
07-06 18:41:25.984  2411  2545 I stream_devices_changed: [2,2,130]
07-06 18:41:25.985  2411  2545 I stream_devices_changed: [3,2,128]
07-06 18:41:25.986  2411  2545 I stream_devices_changed: [4,2,130]
07-06 18:41:25.987  2411  2545 I stream_devices_changed: [6,1,128]
07-06 18:41:27.499  2588  2657 I sysui_multi_action: [757,1093,758,4,793,1982,1094,9437312,1095,3]
07-06 18:41:30.074  2588  2588 I sysui_view_visibility: [150,0]
07-06 18:41:30.074  2588  2588 I sysui_multi_action: [757,150,758,2]
07-06 18:41:30.082  2588  2588 I sysui_view_visibility: [111,100]
07-06 18:41:30.082  2588  2588 I sysui_multi_action: [757,111,758,1]
07-06 18:41:31.522  2588  2657 I sysui_multi_action: [757,1093,758,4,793,4024,1094,9437312,1095,3]
07-06 18:41:31.965  2588  2588 I sysui_view_visibility: [111,0]
07-06 18:41:31.966  2588  2588 I sysui_multi_action: [757,111,758,2]
07-06 18:41:31.966  2588  2588 I sysui_view_visibility: [111,0]
07-06 18:41:31.966  2588  2588 I sysui_multi_action: [757,111,758,2]
07-06 18:41:32.163  2411  3446 I sysui_view_visibility: [127,0]
07-06 18:41:32.164  2411  3446 I sysui_multi_action: [757,127,758,2]
07-06 18:41:32.164  2411  3446 I notification_panel_hidden: 
07-06 18:41:32.526  2588  2657 I sysui_multi_action: [757,1093,758,4,793,1004,1094,9437312,1095,3]
07-06 18:41:32.932  3127 25848 I c2dm    : [0,,4,4]
07-06 18:41:32.993  2411  2424 I am_pss  : [3267,10014,com.google.process.gservices,5898240,2711552,1987584]
07-06 18:41:33.036  3127 25850 I c2dm    : [1,,4,4]
07-06 18:41:33.530  2588  2657 I sysui_multi_action: [757,1093,758,4,793,1004,1094,9437312,1095,3]
07-06 18:41:34.536  2588  2657 I sysui_multi_action: [757,1093,758,4,793,1006,1094,9437312,1095,3]
07-06 18:41:35.362  2411  2424 I am_pss  : [3334,10039,com.google.android.googlequicksearchbox:search,99907584,68345856,22646784]
07-06 18:41:40.441  2411  2424 I am_pss  : [26481,10009,com.android.defcontainer,2661376,1892352,0]
07-06 18:41:43.033  2411  2424 I am_pss  : [26422,1000,com.longcheertel.midtest,24496128,20819968,0]
07-06 18:41:43.070  2411  2424 I am_pss  : [5243,10057,com.google.process.gapps,5421056,3252224,1131520]
07-06 18:41:43.104  2411  2424 I am_pss  : [22813,1000,com.qualcomm.location.XT,4239360,2932736,0]
07-06 18:41:44.585  2588  2657 I sysui_multi_action: [757,1093,758,4,793,10049,1094,9437312,1095,3]
07-06 18:41:45.597  2411  2424 I am_pss  : [26109,10072,com.google.android.apps.messaging:rcs,4676608,2580480,0]
07-06 18:41:45.597  2588  2657 I sysui_multi_action: [757,1093,758,4,793,1012,1094,9437312,1095,3]
07-06 18:41:45.643  2411  2424 I am_pss  : [26345,10016,com.google.android.dialer,48883712,43270144,0]
07-06 18:41:45.671  2411  2424 I am_pss  : [3452,10003,android.process.acore,16268288,13180928,1095680]
07-06 18:41:48.610  2588  2657 I sysui_multi_action: [757,1093,758,4,793,3011,1094,9437312,1095,3]
07-06 18:41:49.618  2588  2657 I sysui_multi_action: [757,1093,758,4,793,1010,1094,9437312,1095,3]
07-06 18:41:49.974  2411  2425 I am_uid_idle: 10033
07-06 18:42:06.698  2588  2657 I sysui_multi_action: [757,1093,758,4,793,17080,1094,9437312,1095,3]
07-06 18:42:07.718  2588  2657 I sysui_multi_action: [757,1093,758,4,793,1019,1094,9437312,1095,3]
07-06 18:42:09.431  2411  2425 I am_uid_idle: 10009
07-06 18:42:14.783  2411  2425 I am_uid_idle: 10072
07-06 18:42:14.784  2411  2425 I am_uid_idle: 10016
07-06 18:42:14.784  2411  2425 I am_uid_idle: 10003
07-06 18:42:18.999  2411  2424 I am_pss  : [4096,1002,com.android.bluetooth,16476160,13971456,0]
07-06 18:42:24.793  2588  2657 I sysui_multi_action: [757,1093,758,4,793,17075,1094,9437312,1095,3]
07-06 18:42:25.799  2588  2657 I sysui_multi_action: [757,1093,758,4,793,1007,1094,9437312,1095,3]
07-06 18:42:26.808  2588  2657 I sysui_multi_action: [757,1093,758,4,793,1009,1094,9437312,1095,3]
07-06 18:42:29.095  2588  2657 I sysui_multi_action: [757,1093,758,4,793,2287,1094,9437312,1095,3]
07-06 18:42:33.843  2588  2657 I sysui_multi_action: [757,1093,758,4,793,4748,1094,9437312,1095,3]
07-06 18:42:34.857  2588  2657 I sysui_multi_action: [757,1093,758,4,793,1013,1094,9437312,1095,3]
07-06 18:42:42.898  2588  2657 I sysui_multi_action: [757,1093,758,4,793,8042,1094,9437312,1095,3]
07-06 18:42:43.911  2588  2657 I sysui_multi_action: [757,1093,758,4,793,1013,1094,9437312,1095,3]
07-06 18:42:46.740  2411  2771 I wm_stack_created: 1
07-06 18:42:46.740  2411  2771 I wm_task_created: [104,1]
07-06 18:42:46.741  2411  2771 I wm_task_moved: [104,1,0]
07-06 18:42:46.741  2411  2771 I am_focused_stack: [0,1,0,reuseOrNewTask]
07-06 18:42:46.741  2411  2771 I wm_task_moved: [104,1,0]
07-06 18:42:46.741  2411  2771 I am_create_task: [0,104]
07-06 18:42:46.741  2411  2771 I am_create_activity: [0,69268120,104,org.codeaurora.snapcam/com.android.camera.CameraLauncher,android.intent.action.MAIN,NULL,NULL,270532608]
07-06 18:42:46.741  2411  2771 I wm_task_moved: [104,1,0]
07-06 18:42:46.744  2411  2771 I am_pause_activity: [0,237043273,com.android.launcher3/com.android.searchlauncher.SearchLauncher]
07-06 18:42:46.754  3245  3245 I am_on_paused_called: [0,com.android.searchlauncher.SearchLauncher,handlePauseActivity]
07-06 18:42:46.756  2411  5120 I am_uid_running: 10031
07-06 18:42:46.771  2411  5120 I am_proc_start: [0,26734,10031,org.codeaurora.snapcam,activity,org.codeaurora.snapcam/com.android.camera.CameraLauncher]
07-06 18:42:46.789  2411  5120 I am_proc_bound: [0,26734,org.codeaurora.snapcam]
07-06 18:42:46.795  2411  5120 I am_uid_active: 10031
07-06 18:42:46.795  2411  5120 I am_restart_activity: [0,69268120,104,org.codeaurora.snapcam/com.android.camera.CameraLauncher]
07-06 18:42:46.796  2411  5120 I am_set_resumed_activity: [0,org.codeaurora.snapcam/com.android.camera.CameraLauncher,minimalResumeActivityLocked]
07-06 18:42:46.869  2411  3446 I am_uid_active: 10011
07-06 18:42:46.914 26734 26734 I auditd  : type=1400 audit(0.0:409): avc: denied { open } for comm="eaurora.snapcam" path="/dev/__properties__/u:object_r:camera_prop:s0" dev="tmpfs" ino=12596 scontext=u:r:priv_app:s0:c512,c768 tcontext=u:object_r:camera_prop:s0 tclass=file permissive=0
07-06 18:42:47.014 26734 26734 I auditd  : type=1400 audit(0.0:410): avc: denied { open } for comm=43616D6572612048616E646C657220 path="/dev/__properties__/u:object_r:camera_prop:s0" dev="tmpfs" ino=12596 scontext=u:r:priv_app:s0:c512,c768 tcontext=u:object_r:camera_prop:s0 tclass=file permissive=0
07-06 18:42:47.061 26734 26734 I am_on_resume_called: [0,com.android.camera.CameraLauncher,LAUNCH_ACTIVITY]
07-06 18:42:47.236  2411  2432 I sysui_multi_action: [319,74,321,63,322,503,325,9723,757,761,758,7,759,1,806,org.codeaurora.snapcam,871,com.android.camera.CameraLauncher,904,com.android.launcher3,905,0,945,66]
07-06 18:42:47.236  2411  2432 I am_activity_launch_time: [0,69268120,org.codeaurora.snapcam/com.android.camera.CameraLauncher,471,471]
07-06 18:42:47.244  2411  9016 I am_stop_activity: [0,237043273,com.android.launcher3/com.android.searchlauncher.SearchLauncher]
07-06 18:42:47.254  3245  3245 I am_on_stop_called: [0,com.android.searchlauncher.SearchLauncher,handleStopActivity]
07-06 18:42:47.614 26734 26734 I auditd  : type=1400 audit(0.0:411): avc: denied { open } for comm="eaurora.snapcam" path="/dev/__properties__/u:object_r:camera_prop:s0" dev="tmpfs" ino=12596 scontext=u:r:priv_app:s0:c512,c768 tcontext=u:object_r:camera_prop:s0 tclass=file permissive=0
07-06 18:42:51.795  2588  2588 I sysui_multi_action: [757,931,758,4,759,4,932,0,933,0]
07-06 18:42:51.796  2411  7188 I sysui_count: [key_back_down,1]
07-06 18:42:51.797  2411  7188 I sysui_multi_action: [757,803,799,key_back_down,802,1]
07-06 18:42:51.917  2588  2588 I sysui_multi_action: [757,931,758,4,759,4,932,0,933,1]
07-06 18:42:51.924  2411  7188 I am_finish_activity: [0,69268120,104,org.codeaurora.snapcam/com.android.camera.CameraLauncher,app-request]
07-06 18:42:51.924  2411  7188 I am_focused_stack: [0,0,1,finishActivity adjustFocus]
07-06 18:42:51.924  2411  7188 I wm_task_moved: [15,1,0]
07-06 18:42:51.926  2411  7188 I am_pause_activity: [0,69268120,org.codeaurora.snapcam/com.android.camera.CameraLauncher]
07-06 18:42:51.929  2411  2425 I sysui_count: [window_time_0,98]
07-06 18:42:51.929  2411  2425 I sysui_multi_action: [757,803,799,window_time_0,802,98]
07-06 18:42:52.200 26734 26734 I am_on_paused_called: [0,com.android.camera.CameraLauncher,handlePauseActivity]
07-06 18:42:52.207  2411  2771 I am_set_resumed_activity: [0,com.android.launcher3/com.android.searchlauncher.SearchLauncher,resumeTopActivityInnerLocked]
07-06 18:42:52.208  2411  2771 I am_resume_activity: [0,237043273,15,com.android.launcher3/com.android.searchlauncher.SearchLauncher]
07-06 18:42:52.213  2411  2425 I sysui_count: [window_time_0,0]
07-06 18:42:52.213  2411  2425 I sysui_multi_action: [757,803,799,window_time_0,802,0]
07-06 18:42:52.232  3245  3245 I am_on_resume_called: [0,com.android.searchlauncher.SearchLauncher,RESUME_ACTIVITY]
07-06 18:42:52.513  2411  2425 I am_destroy_activity: [0,69268120,104,org.codeaurora.snapcam/com.android.camera.CameraLauncher,finish-imm]
07-06 18:42:52.523  2411  2425 I am_kill : [0,17963,com.google.android.youtube,906,empty for 1802s]
07-06 18:42:52.533 26734 26734 I am_on_stop_called: [0,com.android.camera.CameraLauncher,destroy]
07-06 18:42:52.577  2411  5120 I am_proc_died: [0,17963,com.google.android.youtube,906,17]
07-06 18:42:52.578  2411  5120 I am_uid_stopped: 10093
07-06 18:42:52.690  2411  2463 I wm_task_removed: [104,removeTask]
07-06 18:42:52.690  2411  2463 I wm_task_removed: [104,removeAppToken: last token]
07-06 18:42:52.690  2411  2463 I wm_stack_removed: 1
07-06 18:42:58.220  2588  2657 I sysui_multi_action: [757,1093,758,4,793,14308,1094,9437312,1095,3]
07-06 18:42:59.982  2588  2657 I sysui_multi_action: [757,1093,758,4,793,1762,1094,9437312,1095,3]
