07-06 17:26:30.860  2411 15266 I sysui_multi_action: [757,128,758,4,793,1970,794,802,795,1970,796,32,806,android,857,USB,858,1,947,0]
07-06 17:26:30.860  2411 15266 I notification_clicked: [-1|android|32|null|1000,1970,1970,802]
07-06 17:26:30.860  2411  2411 I sysui_histogram: [note_click_longevity,0]
07-06 17:26:30.860  2411  2411 I sysui_multi_action: [757,804,799,note_click_longevity,801,0,802,1]
07-06 17:26:30.872  2411  3266 I am_proc_start: [0,21773,1000,com.android.settings,activity,com.android.settings/.deviceinfo.UsbModeChooserActivity]
07-06 17:26:30.874  2411  2425 I sysui_count: [window_time_0,213]
07-06 17:26:30.874  2411  2425 I sysui_multi_action: [757,803,799,window_time_0,802,213]
07-06 17:26:30.879  2411  3266 I am_proc_bound: [0,21773,com.android.settings]
07-06 17:26:30.887  2411  3266 I am_restart_activity: [0,143742068,83,com.android.settings/.deviceinfo.UsbModeChooserActivity]
07-06 17:26:30.888  2411  3266 I am_set_resumed_activity: [0,com.android.settings/.deviceinfo.UsbModeChooserActivity,minimalResumeActivityLocked]
07-06 17:26:30.959 21773 21773 I am_on_resume_called: [0,com.android.settings.deviceinfo.UsbModeChooserActivity,LAUNCH_ACTIVITY]
07-06 17:26:30.982   794   794 I auditd  : type=1400 audit(0.0:395): avc: denied { dac_override } for comm="usb@1.0-service" capability=1 scontext=u:r:hal_usb_default:s0 tcontext=u:r:hal_usb_default:s0 tclass=capability permissive=0
07-06 17:26:30.982   794   794 I auditd  : type=1400 audit(0.0:396): avc: denied { dac_override } for comm="usb@1.0-service" capability=1 scontext=u:r:hal_usb_default:s0 tcontext=u:r:hal_usb_default:s0 tclass=capability permissive=0
07-06 17:26:31.029  2411  2432 I am_activity_launch_time: [0,143742068,com.android.settings/.deviceinfo.UsbModeChooserActivity,164,164]
07-06 17:26:31.030  2411  2432 I sysui_multi_action: [319,191,322,189,325,7336,757,761,758,7,759,2,806,com.android.settings,871,com.android.settings.deviceinfo.UsbModeChooserActivity,904,android,905,0,945,44]
07-06 17:26:31.846  2411  3266 I am_finish_activity: [0,143742068,83,com.android.settings/.deviceinfo.UsbModeChooserActivity,app-request]
07-06 17:26:31.847  2411  3266 I am_focused_stack: [0,0,1,finishActivity adjustFocus]
07-06 17:26:31.847  2411  3266 I wm_task_moved: [15,1,0]
07-06 17:26:31.848  2411  3266 I am_pause_activity: [0,143742068,com.android.settings/.deviceinfo.UsbModeChooserActivity]
07-06 17:26:31.862  2411  2425 I sysui_count: [window_time_0,1]
07-06 17:26:31.862  2411  2425 I sysui_multi_action: [757,803,799,window_time_0,802,1]
07-06 17:26:31.864 21773 21773 I am_on_paused_called: [0,com.android.settings.deviceinfo.UsbModeChooserActivity,handlePauseActivity]
07-06 17:26:31.864  2411  6692 I am_destroy_activity: [0,143742068,83,com.android.settings/.deviceinfo.UsbModeChooserActivity,finish-imm]
07-06 17:26:31.869  2411  6692 I am_set_resumed_activity: [0,com.android.launcher3/com.android.searchlauncher.SearchLauncher,resumeTopActivityInnerLocked]
07-06 17:26:31.870  2411  6692 I am_resume_activity: [0,237043273,15,com.android.launcher3/com.android.searchlauncher.SearchLauncher]
07-06 17:26:31.913  2411  2425 I sysui_count: [window_time_0,0]
07-06 17:26:31.913  2411  2425 I sysui_multi_action: [757,803,799,window_time_0,802,0]
07-06 17:26:31.913  3245  3245 I am_on_resume_called: [0,com.android.searchlauncher.SearchLauncher,RESUME_ACTIVITY]
07-06 17:26:31.916 21773 21773 I am_on_stop_called: [0,com.android.settings.deviceinfo.UsbModeChooserActivity,destroy]
07-06 17:26:32.097  2411  2463 I wm_task_removed: [83,removeTask]
07-06 17:26:32.097  2411  2463 I wm_task_removed: [83,removeAppToken: last token]
07-06 17:26:32.097  2411  2463 I wm_stack_removed: 1
07-06 17:26:32.162   794   794 I auditd  : type=1400 audit(0.0:397): avc: denied { dac_override } for comm="usb@1.0-service" capability=1 scontext=u:r:hal_usb_default:s0 tcontext=u:r:hal_usb_default:s0 tclass=capability permissive=0
07-06 17:26:32.162   794   794 I auditd  : type=1400 audit(0.0:398): avc: denied { dac_override } for comm="usb@1.0-service" capability=1 scontext=u:r:hal_usb_default:s0 tcontext=u:r:hal_usb_default:s0 tclass=capability permissive=0
07-06 17:26:32.188  2411  2411 I sysui_multi_action: [757,128,758,5,759,8,793,3298,794,2130,795,3298,796,32,806,android,857,USB,858,1,947,0]
07-06 17:26:32.188  2411  2411 I notification_canceled: [-1|android|32|null|1000,8,3298,3298,2130,NULL]
07-06 17:26:32.189  2411  2411 I notification_enqueue: [1000,2411,android,27,NULL,-1,Notification(channel=USB pri=0 contentView=null vibrate=null sound=null tick defaults=0x0 flags=0x2 color=0xff607d8b vis=PUBLIC),0]
07-06 17:26:32.498  2588  2657 I sysui_multi_action: [757,1093,758,4,793,1756,1094,9437184,1095,3]
07-06 17:26:32.558   596   596 I auditd  : avc:  denied  { find } for interface=vendor.qti.hardware.perf::IPerf pid=3305 scontext=u:r:mediaprovider:s0:c512,c768 tcontext=u:object_r:hal_perf_hwservice:s0 tclass=hwservice_manager permissive=0
07-06 17:26:33.750  2588  2657 I sysui_multi_action: [757,1093,758,4,793,1252,1094,9437184,1095,3]
07-06 17:27:00.078  2411  2424 I am_pss  : [3305,10011,android.process.media,12239872,5193728,4150272]
07-06 17:27:00.118  2411  2424 I am_pss  : [3452,10003,android.process.acore,15809536,8650752,5332992]
07-06 17:27:00.152  2411  2424 I am_pss  : [20469,10067,com.google.android.talk,15839232,14553088,0]
07-06 17:27:02.862  2411  2424 I am_pss  : [21773,1000,com.android.settings,17989632,14909440,0]
07-06 17:27:11.253  3127 19761 I c2dm    : [0,,37,36]
07-06 17:27:11.714  3127 19768 I c2dm    : [1,,37,36]
07-06 17:27:13.296  2588  2657 I sysui_multi_action: [757,1093,758,4,793,39546,1094,9437184,1095,3]
07-06 17:27:14.304  2588  2657 I sysui_multi_action: [757,1093,758,4,793,1007,1094,9437184,1095,3]
07-06 17:27:21.769  2588  2588 I sysui_count: [panel_open,1]
07-06 17:27:21.769  2588  2588 I sysui_multi_action: [757,803,799,panel_open,802,1]
07-06 17:27:21.795  2411  3266 I sysui_view_visibility: [127,100]
07-06 17:27:21.795  2411  3266 I sysui_multi_action: [757,127,758,1]
07-06 17:27:21.795  2411  3266 I sysui_histogram: [note_load,2]
07-06 17:27:21.795  2411  3266 I sysui_multi_action: [757,804,799,note_load,801,2,802,1]
07-06 17:27:21.795  2411  3266 I notification_panel_revealed: 2
07-06 17:27:22.302  2411  6692 I sysui_multi_action: [757,128,758,1,793,53407,794,0,795,53407,796,26,798,0,806,android,857,DEVELOPER,858,2,947,0]
07-06 17:27:22.303  2411  6692 I sysui_histogram: [note_freshness,53407]
07-06 17:27:22.303  2411  6692 I sysui_multi_action: [757,804,799,note_freshness,801,53407,802,1]
07-06 17:27:22.303  2411  6692 I notification_visibility: [-1|android|26|null|1000,1,53407,53407,0,0]
07-06 17:27:22.303  2411  6692 I sysui_multi_action: [757,128,758,1,793,50115,794,0,795,50115,796,27,798,1,806,android,857,USB,858,1,947,0]
07-06 17:27:22.303  2411  6692 I sysui_histogram: [note_freshness,50115]
07-06 17:27:22.303  2411  6692 I sysui_multi_action: [757,804,799,note_freshness,801,50115,802,1]
07-06 17:27:22.303  2411  6692 I notification_visibility: [-1|android|27|null|1000,1,50115,50115,0,1]
07-06 17:27:25.732  2411  3266 I sysui_multi_action: [757,128,758,2,793,56837,794,3430,795,56837,796,26,798,0,806,android,857,DEVELOPER,858,2,947,0]
07-06 17:27:25.732  2411  3266 I notification_visibility: [-1|android|26|null|1000,0,56837,56837,0,0]
07-06 17:27:25.732  2411  3266 I sysui_multi_action: [757,128,758,2,793,53544,794,3429,795,53544,796,27,798,1,806,android,857,USB,858,1,947,0]
07-06 17:27:25.732  2411  3266 I notification_visibility: [-1|android|27|null|1000,0,53544,53544,0,1]
07-06 17:27:25.733  2411  3266 I sysui_view_visibility: [127,0]
07-06 17:27:25.733  2411  3266 I sysui_multi_action: [757,127,758,2]
07-06 17:27:25.733  2411  3266 I notification_panel_hidden: 
07-06 17:27:29.671  2588  2657 I sysui_multi_action: [757,1093,758,4,793,15367,1094,9437184,1095,3]
07-06 17:28:00.104  2411  2424 I am_pss  : [3245,1000,com.android.launcher3,139603968,132108288,0]
07-06 17:28:25.514  2411  2434 I power_sleep_requested: 0
07-06 17:28:25.584  2411  2434 I am_pause_activity: [0,237043273,com.android.launcher3/com.android.searchlauncher.SearchLauncher]
07-06 17:28:25.586  3245  3245 I am_on_paused_called: [0,com.android.searchlauncher.SearchLauncher,handlePauseActivity]
07-06 17:28:25.590  2411  2425 I am_stop_activity: [0,237043273,com.android.launcher3/com.android.searchlauncher.SearchLauncher]
07-06 17:28:25.612  3245  3245 I am_on_stop_called: [0,com.android.searchlauncher.SearchLauncher,sleeping]
07-06 17:28:25.833  2411  2430 I sysui_view_visibility: [223,100]
07-06 17:28:25.833  2411  2430 I sysui_multi_action: [757,223,758,1]
07-06 17:28:25.880  2588  2588 I sysui_multi_action: [757,196,758,2,759,0]
07-06 17:28:25.880  2588  2588 I sysui_status_bar_state: [1,0,0,0,0,1]
07-06 17:28:25.892  2411  7188 I notification_expansion: [-1|android|26|null|1000,0,0,116996,116996,63589]
07-06 17:28:25.895  2588  2588 I sysui_view_visibility: [111,100]
07-06 17:28:25.896  2588  2588 I sysui_multi_action: [757,111,758,1]
07-06 17:28:25.896  2588  2588 I sysui_multi_action: [757,126,758,1,759,126,833,0,927,0,928,0]
07-06 17:28:25.896  2588  2588 I sysui_multi_action: [757,115,758,1,759,115,833,0,927,1,928,1]
07-06 17:28:25.896  2588  2588 I sysui_multi_action: [757,113,758,1,759,113,833,0,927,2,928,0]
07-06 17:28:25.897  2588  2588 I sysui_multi_action: [757,122,758,1,759,122,833,0,927,3,928,1]
07-06 17:28:25.897  2588  2588 I sysui_multi_action: [757,116,758,1,759,116,833,0,927,4,928,0]
07-06 17:28:25.897  2588  2588 I sysui_multi_action: [757,119,758,1,759,119,833,0,927,5,928,0]
07-06 17:28:25.904  2411  7842 I sysui_view_visibility: [127,100]
07-06 17:28:25.904  2411  7842 I sysui_multi_action: [757,127,758,1]
07-06 17:28:25.904  2411  7842 I sysui_histogram: [note_load,2]
07-06 17:28:25.905  2411  7842 I sysui_multi_action: [757,804,799,note_load,801,2,802,1]
07-06 17:28:25.905  2411  7842 I notification_panel_revealed: 2
07-06 17:28:25.920  2411  2411 I sysui_multi_action: [757,198,758,2,759,3]
07-06 17:28:25.920  2411  2411 I power_screen_state: [0,3,0,0,0]
07-06 17:28:25.920  2411  2411 I screen_toggled: 0
07-06 17:28:25.920  2411  2411 I sysui_histogram: [screen_timeout,60]
07-06 17:28:25.920  2411  2411 I sysui_multi_action: [757,804,799,screen_timeout,801,60,802,1]
07-06 17:28:25.920  2411  2411 I power_screen_broadcast_send: 1
07-06 17:28:25.980  2411  7188 I sysui_view_visibility: [127,0]
07-06 17:28:25.980  2411  7188 I sysui_multi_action: [757,127,758,2]
07-06 17:28:25.980  2411  7188 I notification_panel_hidden: 
07-06 17:28:26.134  2411  2411 I power_screen_broadcast_done: [0,213,1]
07-06 17:28:29.677  2588  2657 I sysui_multi_action: [757,1093,758,4,793,60006,1094,9437184,1095,3]
07-06 17:28:30.606  2588  2588 I sysui_multi_action: [757,196,758,1,759,0]
07-06 17:28:30.606  2588  2588 I sysui_status_bar_state: [1,1,0,0,0,1]
07-06 17:28:47.137  2411  2424 I am_pss  : [3245,1000,com.android.launcher3,103059456,95563776,0]
07-06 17:28:47.202  2411  2424 I am_pss  : [3334,10039,com.google.android.googlequicksearchbox:search,98851840,67026944,23355392]
07-06 17:29:00.478  2411  7842 I am_kill : [0,16403,com.qualcomm.location.XT,906,empty for 1807s]
07-06 17:29:00.510  2411 15266 I am_proc_died: [0,16403,com.qualcomm.location.XT,906,17]
07-06 17:29:00.547  2411  2424 I am_pss  : [5870,10033,com.google.android.setupwizard,8085504,5832704,1127424]
07-06 17:29:11.729  2411  2425 I am_kill : [0,16427,com.google.android.apps.photos,906,empty for 1806s]
07-06 17:29:11.743  3127 19761 I c2dm    : [0,,38,37]
07-06 17:29:11.786  2411  7188 I am_proc_died: [0,16427,com.google.android.apps.photos,906,17]
07-06 17:29:11.787  2411  7188 I am_uid_stopped: 10076
07-06 17:29:12.157  3127 19768 I c2dm    : [1,,38,37]
07-06 17:29:28.645  2411 15266 I battery_level: [57,3960,280]
07-06 17:29:29.673  2588  2657 I sysui_multi_action: [757,1093,758,4,793,59997,1094,9437184,1095,3]
07-06 17:29:38.418  2411  2481 I sysui_histogram: [power_consecutive_short_tap_count,1]
07-06 17:29:38.419  2411  2481 I sysui_multi_action: [757,804,799,power_consecutive_short_tap_count,801,1,802,1]
07-06 17:29:38.419  2411  2481 I sysui_histogram: [power_double_tap_interval,257472]
07-06 17:29:38.419  2411  2481 I sysui_multi_action: [757,804,799,power_double_tap_interval,801,257472,802,1]
07-06 17:29:38.425  2411  2411 I screen_toggled: 1
07-06 17:29:38.425  2411  2411 I power_screen_broadcast_send: 1
07-06 17:29:38.428  2411  2411 I am_kill : [0,13457,com.google.android.contacts,906,empty for 1804s]
07-06 17:29:38.465  2411  7188 I sysui_view_visibility: [127,100]
07-06 17:29:38.465  2411  7188 I sysui_multi_action: [757,127,758,1]
07-06 17:29:38.465  2411  7188 I sysui_histogram: [note_load,2]
07-06 17:29:38.465  2411  7188 I sysui_multi_action: [757,804,799,note_load,801,2,802,1]
07-06 17:29:38.465  2411  7188 I notification_panel_revealed: 2
07-06 17:29:38.473  2411 12928 I am_proc_died: [0,13457,com.google.android.contacts,906,17]
07-06 17:29:38.473  2411 12928 I am_uid_stopped: 10017
07-06 17:29:38.517  2411  2411 I power_screen_broadcast_done: [1,92,1]
07-06 17:29:38.730  2411  2434 I sysui_multi_action: [757,198,758,1,759,0,793,317]
07-06 17:29:38.730  2411  2434 I power_screen_state: [1,0,0,0,317]
07-06 17:29:38.740  2411  2430 I sysui_view_visibility: [223,0]
07-06 17:29:38.741  2411  2430 I sysui_multi_action: [757,223,758,2]
07-06 17:29:38.741  2411  2430 I sysui_histogram: [dozing_minutes,1]
07-06 17:29:38.741  2411  2430 I sysui_multi_action: [757,804,799,dozing_minutes,801,1,802,1]
07-06 17:29:39.258  2411  3263 I sysui_multi_action: [757,128,758,1,793,190363,794,0,795,190363,796,26,798,0,806,android,857,DEVELOPER,858,2,947,0]
07-06 17:29:39.258  2411  3263 I sysui_histogram: [note_freshness,190363]
07-06 17:29:39.258  2411  3263 I sysui_multi_action: [757,804,799,note_freshness,801,190363,802,1]
07-06 17:29:39.258  2411  3263 I notification_visibility: [-1|android|26|null|1000,1,190363,190363,0,0]
07-06 17:29:40.384  2588  2588 I sysui_multi_action: [757,186,758,4,826,463,827,4956]
07-06 17:29:40.384  2588  2588 I sysui_lockscreen_gesture: [1,463,4956]
07-06 17:29:40.394  2411  3263 I sysui_multi_action: [757,128,758,2,793,191499,794,1136,795,191499,796,26,798,0,806,android,857,DEVELOPER,858,2,947,0]
07-06 17:29:40.394  2411  3263 I notification_visibility: [-1|android|26|null|1000,0,191499,191499,0,0]
07-06 17:29:40.395  2411  3263 I sysui_view_visibility: [127,0]
07-06 17:29:40.395  2411  3263 I sysui_multi_action: [757,127,758,2]
07-06 17:29:40.395  2411  3263 I notification_panel_hidden: 
07-06 17:29:40.402  2411  3263 I am_set_resumed_activity: [0,com.android.launcher3/com.android.searchlauncher.SearchLauncher,resumeTopActivityInnerLocked]
07-06 17:29:40.404  2411  3263 I am_resume_activity: [0,237043273,15,com.android.launcher3/com.android.searchlauncher.SearchLauncher]
07-06 17:29:40.434  3245  3245 I am_on_resume_called: [0,com.android.searchlauncher.SearchLauncher,RESUME_ACTIVITY]
07-06 17:29:40.485  2588  2588 I sysui_view_visibility: [111,0]
07-06 17:29:40.486  2588  2588 I sysui_multi_action: [757,111,758,2]
07-06 17:29:40.491  2588  2588 I sysui_multi_action: [757,196,758,2,759,0]
07-06 17:29:40.491  2588  2588 I sysui_status_bar_state: [0,0,0,0,0,1]
07-06 17:29:40.505  2411  2422 I notification_expansion: [-1|android|26|null|1000,0,1,191610,191610,1247]
07-06 17:29:42.512  2588  2657 I sysui_multi_action: [757,1093,758,4,793,12838,1094,9437184,1095,3]
07-06 17:29:43.519  2588  2657 I sysui_multi_action: [757,1093,758,4,793,1007,1094,9437184,1095,3]
07-06 17:29:51.211  2411  2422 I am_kill : [0,17496,com.google.android.music:main,906,empty for 1803s]
07-06 17:29:51.280  2411  2422 I am_proc_died: [0,17496,com.google.android.music:main,906,17]
07-06 17:29:51.281  2411  2422 I am_uid_stopped: 10098
07-06 17:29:51.315  2411  2424 I am_pss  : [3245,1000,com.android.launcher3,121186304,113152000,0]
07-06 17:29:53.166  2411  2422 I wm_stack_created: 1
07-06 17:29:53.166  2411  2422 I wm_task_created: [84,1]
07-06 17:29:53.167  2411  2422 I wm_task_moved: [84,1,0]
07-06 17:29:53.167  2411  2422 I am_focused_stack: [0,1,0,reuseOrNewTask]
07-06 17:29:53.167  2411  2422 I wm_task_moved: [84,1,0]
07-06 17:29:53.167  2411  2422 I am_create_task: [0,84]
07-06 17:29:53.167  2411  2422 I am_create_activity: [0,229590577,84,com.android.settings/.Settings$BluetoothSettingsActivity,android.settings.BLUETOOTH_SETTINGS,NULL,NULL,268435456]
07-06 17:29:53.168  2411  2422 I wm_task_moved: [84,1,0]
07-06 17:29:53.169  2411  2422 I am_pause_activity: [0,237043273,com.android.launcher3/com.android.searchlauncher.SearchLauncher]
07-06 17:29:53.170  3245  3245 I am_on_paused_called: [0,com.android.searchlauncher.SearchLauncher,handlePauseActivity]
07-06 17:29:53.176  2411  6693 I am_restart_activity: [0,229590577,84,com.android.settings/.Settings$BluetoothSettingsActivity]
07-06 17:29:53.178  2411  6693 I am_set_resumed_activity: [0,com.android.settings/.Settings$BluetoothSettingsActivity,minimalResumeActivityLocked]
07-06 17:29:53.180  2411  2425 I sysui_count: [window_time_0,201]
07-06 17:29:53.180  2411  2425 I sysui_multi_action: [757,803,799,window_time_0,802,201]
07-06 17:29:53.340 21773 21773 I sysui_multi_action: [757,24,758,1,833,0]
07-06 17:29:53.342 21773 21773 I am_on_resume_called: [0,com.android.settings.Settings$BluetoothSettingsActivity,LAUNCH_ACTIVITY]
07-06 17:29:53.389  2411  2432 I sysui_multi_action: [319,54,321,52,322,222,325,7538,757,761,758,8,759,1,806,com.android.settings,871,com.android.settings.Settings$BluetoothSettingsActivity,905,0]
07-06 17:29:53.389  2411  2432 I am_activity_launch_time: [0,229590577,com.android.settings/.Settings$BluetoothSettingsActivity,211,211]
07-06 17:29:53.952  2411  2425 I am_stop_activity: [0,237043273,com.android.launcher3/com.android.searchlauncher.SearchLauncher]
07-06 17:29:53.956  3245  3245 I am_on_stop_called: [0,com.android.searchlauncher.SearchLauncher,handleStopActivity]
07-06 17:30:01.779  2411  2425 I am_kill : [0,17243,com.google.android.gms.ui,906,empty for 1801s]
07-06 17:30:01.818  2411  2527 I netstats_mobile_sample: [168724178,132842,4816285,42834,166528290,90612,4458479,42479,166528342,90613,4458591,42481,1530878401825]
07-06 17:30:01.818  2411  2527 I netstats_wifi_sample: [0,0,0,0,0,0,0,0,0,0,0,0,1530878401825]
07-06 17:30:01.839  2411  3265 I am_proc_died: [0,17243,com.google.android.gms.ui,906,17]
07-06 17:30:06.965  2411  2424 I am_pss  : [21773,1000,com.android.settings,55658496,51486720,0]
07-06 17:30:07.320  2588  2588 I sysui_multi_action: [757,931,758,4,759,4,932,0,933,0]
07-06 17:30:07.322  2411  7184 I sysui_count: [key_back_down,1]
07-06 17:30:07.322  2411  7184 I sysui_multi_action: [757,803,799,key_back_down,802,1]
07-06 17:30:07.359  2588  2588 I sysui_multi_action: [757,931,758,4,759,4,932,0,933,1]
07-06 17:30:07.361  2411  7184 I am_finish_activity: [0,229590577,84,com.android.settings/.Settings$BluetoothSettingsActivity,app-request]
07-06 17:30:07.362  2411  7184 I am_focused_stack: [0,0,1,finishActivity adjustFocus]
07-06 17:30:07.362  2411  7184 I wm_task_moved: [15,1,0]
07-06 17:30:07.363  2411  7184 I am_pause_activity: [0,229590577,com.android.settings/.Settings$BluetoothSettingsActivity]
07-06 17:30:07.366  2411  2425 I sysui_count: [window_time_0,14]
07-06 17:30:07.366  2411  2425 I sysui_multi_action: [757,803,799,window_time_0,802,14]
07-06 17:30:07.367 21773 21773 I sysui_view_visibility: [24,0]
07-06 17:30:07.367 21773 21773 I sysui_multi_action: [757,24,758,2]
07-06 17:30:07.369 21773 21773 I am_on_paused_called: [0,com.android.settings.Settings$BluetoothSettingsActivity,handlePauseActivity]
07-06 17:30:07.374  2411  7184 I am_set_resumed_activity: [0,com.android.launcher3/com.android.searchlauncher.SearchLauncher,resumeTopActivityInnerLocked]
07-06 17:30:07.382  2411  7184 I am_resume_activity: [0,237043273,15,com.android.launcher3/com.android.searchlauncher.SearchLauncher]
07-06 17:30:07.392  2411  2425 I sysui_count: [window_time_0,0]
07-06 17:30:07.392  2411  2425 I sysui_multi_action: [757,803,799,window_time_0,802,0]
07-06 17:30:07.405  3245  3245 I am_on_resume_called: [0,com.android.searchlauncher.SearchLauncher,RESUME_ACTIVITY]
07-06 17:30:07.542  2588  2588 I sysui_multi_action: [757,931,758,4,759,4,932,0,933,0]
07-06 17:30:07.543  2411  7184 I sysui_count: [key_back_down,1]
07-06 17:30:07.543  2411  7184 I sysui_multi_action: [757,803,799,key_back_down,802,1]
07-06 17:30:07.581  2588  2588 I sysui_multi_action: [757,931,758,4,759,4,932,0,933,1]
07-06 17:30:07.724  2411  2425 I am_destroy_activity: [0,229590577,84,com.android.settings/.Settings$BluetoothSettingsActivity,finish-imm]
07-06 17:30:07.737 21773 21773 I am_on_stop_called: [0,com.android.settings.Settings$BluetoothSettingsActivity,destroy]
07-06 17:30:07.903  2411  2463 I wm_task_removed: [84,removeTask]
07-06 17:30:07.903  2411  2463 I wm_task_removed: [84,removeAppToken: last token]
07-06 17:30:07.904  2411  2463 I wm_stack_removed: 1
07-06 17:30:09.451  2411  7184 I am_kill : [0,17754,com.google.android.keep,906,empty for 1800s]
07-06 17:30:09.501  2411  2421 I am_proc_died: [0,17754,com.google.android.keep,906,17]
07-06 17:30:09.502  2411  2421 I am_uid_stopped: 10100
07-06 17:30:29.669  2588  2657 I sysui_multi_action: [757,1093,758,4,793,46150,1094,9437184,1095,3]
07-06 17:30:32.519  2588  2588 I sysui_multi_action: [757,931,758,4,759,4,932,0,933,0]
07-06 17:30:32.519  2411  7184 I sysui_count: [key_back_down,1]
07-06 17:30:32.520  2411  7184 I sysui_multi_action: [757,803,799,key_back_down,802,1]
07-06 17:30:32.627  2588  2588 I sysui_multi_action: [757,931,758,4,759,4,932,0,933,1]
07-06 17:31:00.119  2411  2424 I am_pss  : [3245,1000,com.android.launcher3,141563904,134033408,0]
07-06 17:31:00.169  2411  2424 I am_pss  : [3334,10039,com.google.android.googlequicksearchbox:search,99487744,67072000,23347200]
07-06 17:31:00.201  2411  2424 I am_pss  : [21773,1000,com.android.settings,26628096,22126592,0]
07-06 17:31:12.182  3127 19761 I c2dm    : [0,,39,38]
07-06 17:31:12.789  3127 19768 I c2dm    : [1,,39,38]
07-06 17:31:14.212  2588  2657 I sysui_multi_action: [757,1093,758,4,793,44544,1094,9437184,1095,3]
07-06 17:31:15.221  2588  2657 I sysui_multi_action: [757,1093,758,4,793,1008,1094,9437184,1095,3]
07-06 17:31:29.669  2588  2657 I sysui_multi_action: [757,1093,758,4,793,14448,1094,9437184,1095,3]
07-06 17:31:32.633  2411  2434 I power_sleep_requested: 0
07-06 17:31:32.730  2411  2434 I am_pause_activity: [0,237043273,com.android.launcher3/com.android.searchlauncher.SearchLauncher]
07-06 17:31:32.732  3245  3245 I am_on_paused_called: [0,com.android.searchlauncher.SearchLauncher,handlePauseActivity]
07-06 17:31:32.745  2411  2425 I am_stop_activity: [0,237043273,com.android.launcher3/com.android.searchlauncher.SearchLauncher]
07-06 17:31:32.762  3245  3245 I am_on_stop_called: [0,com.android.searchlauncher.SearchLauncher,sleeping]
07-06 17:31:32.969  2411  2430 I sysui_view_visibility: [223,100]
07-06 17:31:32.969  2411  2430 I sysui_multi_action: [757,223,758,1]
07-06 17:31:32.999  2588  2588 I sysui_multi_action: [757,196,758,2,759,0]
07-06 17:31:32.999  2588  2588 I sysui_status_bar_state: [1,0,0,0,0,1]
07-06 17:31:33.012  2411  9018 I notification_expansion: [-1|android|26|null|1000,0,0,304117,304117,113754]
07-06 17:31:33.016  2588  2588 I sysui_view_visibility: [111,100]
07-06 17:31:33.016  2588  2588 I sysui_multi_action: [757,111,758,1]
07-06 17:31:33.017  2588  2588 I sysui_multi_action: [757,126,758,1,759,126,833,0,927,0,928,0]
07-06 17:31:33.017  2588  2588 I sysui_multi_action: [757,115,758,1,759,115,833,0,927,1,928,1]
07-06 17:31:33.017  2588  2588 I sysui_multi_action: [757,113,758,1,759,113,833,0,927,2,928,0]
07-06 17:31:33.017  2588  2588 I sysui_multi_action: [757,122,758,1,759,122,833,0,927,3,928,1]
07-06 17:31:33.017  2588  2588 I sysui_multi_action: [757,116,758,1,759,116,833,0,927,4,928,0]
07-06 17:31:33.017  2588  2588 I sysui_multi_action: [757,119,758,1,759,119,833,0,927,5,928,0]
07-06 17:31:33.024  2411  2421 I sysui_view_visibility: [127,100]
07-06 17:31:33.024  2411  2421 I sysui_multi_action: [757,127,758,1]
07-06 17:31:33.024  2411  2421 I sysui_histogram: [note_load,2]
07-06 17:31:33.024  2411  2421 I sysui_multi_action: [757,804,799,note_load,801,2,802,1]
07-06 17:31:33.024  2411  2421 I notification_panel_revealed: 2
07-06 17:31:33.035  2411  2411 I sysui_multi_action: [757,198,758,2,759,3]
07-06 17:31:33.036  2411  2411 I power_screen_state: [0,3,0,0,0]
07-06 17:31:33.036  2411  2411 I screen_toggled: 0
07-06 17:31:33.036  2411  2411 I sysui_histogram: [screen_timeout,60]
07-06 17:31:33.036  2411  2411 I sysui_multi_action: [757,804,799,screen_timeout,801,60,802,1]
07-06 17:31:33.036  2411  2411 I power_screen_broadcast_send: 1
07-06 17:31:33.085  2411  7184 I sysui_view_visibility: [127,0]
07-06 17:31:33.085  2411  7184 I sysui_multi_action: [757,127,758,2]
07-06 17:31:33.085  2411  7184 I notification_panel_hidden: 
07-06 17:31:33.200  2411  2424 I am_meminfo: [1387675648,310063104,66781184,303693824,430882816]
07-06 17:31:33.226  2411  2424 I am_pss  : [2575,10070,com.google.android.inputmethod.latin,80851968,75657216,0]
07-06 17:31:33.243  2411  2424 I am_pss  : [13218,10072,com.google.android.apps.messaging:rcs,5200896,978944,1988608]
07-06 17:31:33.268  2411  2424 I am_pss  : [3127,10014,com.google.android.gms.persistent,62775296,51965952,0]
07-06 17:31:33.285  2411  2424 I am_pss  : [4705,10091,com.generalmobile.storeoid,10932224,8232960,1287168]
07-06 17:31:33.304  2411  2424 I am_pss  : [16673,10014,com.google.android.gms.unstable,27412480,21196800,1549312]
07-06 17:31:33.321  2411  2424 I am_pss  : [3530,10014,com.google.process.gapps,5480448,1806336,2215936]
07-06 17:31:33.337  2411  2424 I am_pss  : [21134,10059,com.android.chrome,9479168,3510272,0]
07-06 17:31:33.357  2411  2424 I am_pss  : [5956,1000,com.generalmobile.gmservice,7300096,3575808,2237440]
07-06 17:31:33.375  2411  2424 I am_pss  : [3897,10007,com.google.android.ims,12686336,8810496,1792000]
07-06 17:31:33.394  2411  2424 I am_pss  : [16930,10072,com.google.android.apps.messaging,20111360,13131776,3535872]
07-06 17:31:33.424  2411  2424 I am_pss  : [10779,10026,com.android.vending,100203520,71061504,16885760]
07-06 17:31:33.442  2411  2424 I am_pss  : [4018,10064,com.google.android.tts,64184320,20750336,35338240]
07-06 17:31:33.458  2411  2424 I am_pss  : [19973,10022,com.google.android.partnersetup,3700736,2162688,768000]
07-06 17:31:33.475  2411  2424 I am_pss  : [5243,10057,com.google.process.gapps,5498880,2068480,2364416]
07-06 17:31:33.491  2411  2424 I am_pss  : [6672,10003,com.android.calllogbackup,2974720,753664,1563648]
07-06 17:31:33.515  2411  2424 I am_pss  : [17963,10093,com.google.android.youtube,34822144,25464832,5941248]
07-06 17:31:33.531  2411  2424 I am_pss  : [16608,10009,com.android.defcontainer,3905536,778240,2304000]
07-06 17:31:33.552  2411  2424 I am_pss  : [17015,10097,com.google.android.apps.tachyon,24882176,19750912,2785280]
07-06 17:31:33.571  2411  2424 I am_pss  : [4096,1002,com.android.bluetooth,13545472,11247616,0]
07-06 17:31:33.587  2411  2424 I am_pss  : [3987,1001,com.qualcomm.simcontacts,4579328,958464,2011136]
07-06 17:31:33.603  2411  2424 I am_pss  : [5578,1000,com.qualcomm.qti.smcinvokepkgmgr,2995200,704512,1597440]
07-06 17:31:33.620  2411  2424 I am_pss  : [5548,1000,com.qualcomm.qti.callenhancement,3572736,933888,1848320]
07-06 17:31:33.636  2411  2424 I am_pss  : [5501,10082,com.qualcomm.qti.StatsPollManager,3000320,749568,1551360]
07-06 17:31:33.652  2411  2424 I am_pss  : [3109,1001,com.qualcomm.qcrilmsgtunnel,4963328,3993600,0]
07-06 17:31:33.668  2411  2424 I am_pss  : [3352,10084,com.android.smspush,3002368,2170880,0]
07-06 17:31:33.685  2411  2424 I am_pss  : [3213,1000,com.qualcomm.qti.services.secureui:sui_service,3744768,2772992,0]
07-06 17:31:33.701  2411  2424 I am_pss  : [3200,10030,com.android.test.soundtrigger,2720768,1925120,0]
07-06 17:31:33.717  2411  2424 I am_pss  : [3180,1000,com.quicinc.wbcserviceapp,2829312,2011136,0]
07-06 17:31:33.733  2411  2424 I am_pss  : [3174,1001,com.qualcomm.qti.loadcarrier,3009536,2166784,0]
07-06 17:31:33.749  2411  2424 I am_pss  : [3152,10039,com.google.android.googlequicksearchbox:interactor,9047040,3973120,0]
07-06 17:31:33.774  2411  2424 I am_pss  : [2725,1001,com.android.phone,39916544,34189312,0]
07-06 17:31:33.790  2411  2424 I am_pss  : [2696,1001,com.qualcomm.qti.telephonyservice,4131840,3096576,0]
07-06 17:31:33.808  2411  2424 I am_pss  : [2688,1000,.dataservices,6758400,5554176,0]
07-06 17:31:33.843  2411  2424 I am_pss  : [2411,1000,system,162844672,150163456,0]
07-06 17:31:33.985  2411  2411 I power_screen_broadcast_done: [0,949,1]
07-06 17:31:37.010  2411  2481 I sysui_histogram: [power_consecutive_short_tap_count,1]
07-06 17:31:37.011  2411  2481 I sysui_multi_action: [757,804,799,power_consecutive_short_tap_count,801,1,802,1]
07-06 17:31:37.011  2411  2481 I sysui_histogram: [power_double_tap_interval,118592]
07-06 17:31:37.011  2411  2481 I sysui_multi_action: [757,804,799,power_double_tap_interval,801,118592,802,1]
07-06 17:31:37.016  2411  2411 I screen_toggled: 1
07-06 17:31:37.016  2411  2411 I power_screen_broadcast_send: 1
07-06 17:31:37.036  2411  9018 I sysui_view_visibility: [127,100]
07-06 17:31:37.036  2411  9018 I sysui_multi_action: [757,127,758,1]
07-06 17:31:37.036  2411  9018 I sysui_histogram: [note_load,2]
07-06 17:31:37.036  2411  9018 I sysui_multi_action: [757,804,799,note_load,801,2,802,1]
07-06 17:31:37.036  2411  9018 I notification_panel_revealed: 2
07-06 17:31:37.037  2411  9018 I notification_expansion: [-1|android|26|null|1000,0,1,308142,308142,117779]
07-06 17:31:37.038  2588  2588 I sysui_view_visibility: [111,0]
07-06 17:31:37.038  2588  2588 I sysui_multi_action: [757,111,758,2]
07-06 17:31:37.040  2411  9018 I sysui_multi_action: [757,128,758,1,793,304852,794,0,795,304852,796,27,798,1,806,android,857,USB,858,1,947,0]
07-06 17:31:37.040  2411  9018 I sysui_histogram: [note_freshness,304852]
07-06 17:31:37.040  2411  9018 I sysui_multi_action: [757,804,799,note_freshness,801,304852,802,1]
07-06 17:31:37.040  2411  9018 I notification_visibility: [-1|android|27|null|1000,1,304852,304852,0,1]
07-06 17:31:37.049  2411  2426 I am_set_resumed_activity: [0,com.android.launcher3/com.android.searchlauncher.SearchLauncher,resumeTopActivityInnerLocked]
07-06 17:31:37.051  2411  2426 I am_resume_activity: [0,237043273,15,com.android.launcher3/com.android.searchlauncher.SearchLauncher]
07-06 17:31:37.064  2411  2421 I sysui_multi_action: [757,128,758,2,793,304876,794,24,795,304876,796,27,798,1,806,android,857,USB,858,1,947,0]
07-06 17:31:37.064  2411  2421 I notification_visibility: [-1|android|27|null|1000,0,304876,304876,0,1]
07-06 17:31:37.064  2411  2421 I sysui_view_visibility: [127,0]
07-06 17:31:37.064  2411  2421 I sysui_multi_action: [757,127,758,2]
07-06 17:31:37.064  2411  2421 I notification_panel_hidden: 
07-06 17:31:37.073  3245  3245 I am_on_resume_called: [0,com.android.searchlauncher.SearchLauncher,RESUME_ACTIVITY]
07-06 17:31:37.101  2411  2411 I power_screen_broadcast_done: [1,85,1]
07-06 17:31:37.318  2411  2434 I sysui_multi_action: [757,198,758,1,759,0,793,314]
07-06 17:31:37.319  2411  2434 I power_screen_state: [1,0,0,0,314]
07-06 17:31:37.347  2411  2430 I sysui_view_visibility: [223,0]
07-06 17:31:37.347  2411  2430 I sysui_multi_action: [757,223,758,2]
07-06 17:31:37.347  2411  2430 I sysui_histogram: [dozing_minutes,0]
07-06 17:31:37.347  2411  2430 I sysui_multi_action: [757,804,799,dozing_minutes,801,0,802,1]
07-06 17:31:47.320  2411  2424 I am_pss  : [3245,1000,com.android.launcher3,109897728,102367232,0]
07-06 17:31:47.360  2411  2424 I am_pss  : [20469,10067,com.google.android.talk,16434176,14966784,0]
07-06 17:31:51.836  3127 19768 I c2dm    : [8,com.google.android.gms:0:1530878510985525,40,38]
07-06 17:31:52.935  2411  2424 I am_pss  : [3127,10014,com.google.android.gms.persistent,65519616,54710272,0]
07-06 17:31:53.186  2588  2657 I sysui_multi_action: [757,1093,758,4,793,23518,1094,9437184,1095,3]
07-06 17:31:56.207  2588  2657 I sysui_multi_action: [757,1093,758,4,793,3020,1094,9437184,1095,3]
07-06 17:31:57.015  2411  2424 I am_pss  : [2575,10070,com.google.android.inputmethod.latin,80864256,75669504,0]
07-06 17:31:57.053  2411  2424 I am_pss  : [3897,10007,com.google.android.ims,12686336,8810496,1792000]
07-06 17:31:57.084  2411  2424 I am_pss  : [16930,10072,com.google.android.apps.messaging,20111360,13131776,3535872]
07-06 17:31:57.129  2411  2424 I am_pss  : [10779,10026,com.android.vending,100203520,71061504,16885760]
07-06 17:31:57.151  2411  2424 I am_pss  : [4018,10064,com.google.android.tts,64184320,20750336,35338240]
07-06 17:31:57.175  2411  2424 I am_pss  : [17015,10097,com.google.android.apps.tachyon,24878080,19746816,2785280]
07-06 17:31:57.197  2411  2424 I am_pss  : [4096,1002,com.android.bluetooth,13545472,11247616,0]
07-06 17:31:57.214  2411  2424 I am_pss  : [3987,1001,com.qualcomm.simcontacts,4579328,958464,2011136]
07-06 17:31:57.231  2411  2424 I am_pss  : [5578,1000,com.qualcomm.qti.smcinvokepkgmgr,2995200,704512,1597440]
07-06 17:31:57.248  2411  2424 I am_pss  : [5548,1000,com.qualcomm.qti.callenhancement,3572736,933888,1848320]
07-06 17:31:57.264  2411  2424 I am_pss  : [5501,10082,com.qualcomm.qti.StatsPollManager,3000320,749568,1551360]
07-06 17:31:57.280  2411  2424 I am_pss  : [3109,1001,com.qualcomm.qcrilmsgtunnel,4971520,4001792,0]
07-06 17:31:57.296  2411  2424 I am_pss  : [3352,10084,com.android.smspush,3002368,2170880,0]
07-06 17:31:57.313  2411  2424 I am_pss  : [3152,10039,com.google.android.googlequicksearchbox:interactor,9047040,3973120,0]
07-06 17:32:00.055  2411  2424 I am_pss  : [3334,10039,com.google.android.googlequicksearchbox:search,99504128,67088384,23347200]
07-06 17:32:00.228  2588  2657 I sysui_multi_action: [757,1093,758,4,793,4021,1094,9437184,1095,3]
07-06 17:32:01.235  2588  2657 I sysui_multi_action: [757,1093,758,4,793,1007,1094,9437184,1095,3]
07-06 17:32:07.368  2411  2424 I am_pss  : [13218,10072,com.google.android.apps.messaging:rcs,5200896,978944,1988608]
07-06 17:32:07.405  2411  2424 I am_pss  : [4705,10091,com.generalmobile.storeoid,10932224,8232960,1287168]
07-06 17:32:07.445  2411  2424 I am_pss  : [16673,10014,com.google.android.gms.unstable,27412480,21196800,1549312]
07-06 17:32:07.472  2411  2424 I am_pss  : [3530,10014,com.google.process.gapps,5480448,1806336,2215936]
07-06 17:32:07.497  2411  2424 I am_pss  : [21134,10059,com.android.chrome,9479168,3510272,0]
07-06 17:32:07.524  2411  2424 I am_pss  : [5956,1000,com.generalmobile.gmservice,7300096,3575808,2237440]
07-06 17:32:07.545  2411  2424 I am_pss  : [5243,10057,com.google.process.gapps,5498880,2068480,2364416]
07-06 17:32:07.563  2411  2424 I am_pss  : [6672,10003,com.android.calllogbackup,2974720,753664,1563648]
07-06 17:32:07.588  2411  2424 I am_pss  : [17963,10093,com.google.android.youtube,34822144,25464832,5941248]
07-06 17:32:07.606  2411  2424 I am_pss  : [16608,10009,com.android.defcontainer,3905536,778240,2304000]
07-06 17:32:16.927  2588  2657 I sysui_multi_action: [757,1093,758,4,793,15692,1094,9437184,1095,3]
07-06 17:32:23.986  3127 19768 I c2dm    : [8,GSYNC_TICKLE:0:1530878543129836,41,38]
07-06 17:32:24.004  3530 22161 I tickle  : com.android.contacts
07-06 17:32:24.015  2411  2424 I sync    : [com.android.contacts,0,0,1555827538]
07-06 17:32:25.892  2588  2657 I sysui_multi_action: [757,1093,758,4,793,8966,1094,9437184,1095,3]
07-06 17:32:26.910  2588  2657 I sysui_multi_action: [757,1093,758,4,793,1017,1094,9437184,1095,3]
07-06 17:32:29.669  2588  2657 I sysui_multi_action: [757,1093,758,4,793,2759,1094,9437184,1095,3]
07-06 17:32:33.740  2588  2657 I sysui_multi_action: [757,1093,758,4,793,4071,1094,9437184,1095,3]
07-06 17:32:34.076  2411  2424 I am_pss  : [19973,10022,com.google.android.partnersetup,3729408,2191360,768000]
07-06 17:32:34.113  2411  2424 I am_pss  : [3267,10014,com.google.process.gservices,5603328,2048000,2299904]
07-06 17:32:37.010  2411  2434 I power_sleep_requested: 0
07-06 17:32:37.092  2411  2434 I am_pause_activity: [0,237043273,com.android.launcher3/com.android.searchlauncher.SearchLauncher]
07-06 17:32:37.093  3245  3245 I am_on_paused_called: [0,com.android.searchlauncher.SearchLauncher,handlePauseActivity]
07-06 17:32:37.106  2411  2425 I am_stop_activity: [0,237043273,com.android.launcher3/com.android.searchlauncher.SearchLauncher]
07-06 17:32:37.107  2411  2425 I sysui_count: [window_time_0,150]
07-06 17:32:37.107  2411  2425 I sysui_multi_action: [757,803,799,window_time_0,802,150]
07-06 17:32:37.126  3245  3245 I am_on_stop_called: [0,com.android.searchlauncher.SearchLauncher,sleeping]
07-06 17:32:37.340  2411  2430 I sysui_view_visibility: [223,100]
07-06 17:32:37.340  2411  2430 I sysui_multi_action: [757,223,758,1]
07-06 17:32:37.389  2411  9018 I notification_expansion: [-1|android|26|null|1000,0,0,368494,368494,178131]
07-06 17:32:37.394  2588  2588 I sysui_view_visibility: [111,100]
07-06 17:32:37.394  2588  2588 I sysui_multi_action: [757,111,758,1]
07-06 17:32:37.394  2588  2588 I sysui_multi_action: [757,126,758,1,759,126,833,0,927,0,928,0]
07-06 17:32:37.394  2588  2588 I sysui_multi_action: [757,115,758,1,759,115,833,0,927,1,928,1]
07-06 17:32:37.394  2588  2588 I sysui_multi_action: [757,113,758,1,759,113,833,0,927,2,928,0]
07-06 17:32:37.394  2588  2588 I sysui_multi_action: [757,122,758,1,759,122,833,0,927,3,928,1]
07-06 17:32:37.395  2588  2588 I sysui_multi_action: [757,116,758,1,759,116,833,0,927,4,928,0]
07-06 17:32:37.395  2588  2588 I sysui_multi_action: [757,119,758,1,759,119,833,0,927,5,928,0]
07-06 17:32:37.402  2411  9018 I sysui_view_visibility: [127,100]
07-06 17:32:37.403  2411  9018 I sysui_multi_action: [757,127,758,1]
07-06 17:32:37.403  2411  9018 I sysui_histogram: [note_load,2]
07-06 17:32:37.403  2411  9018 I sysui_multi_action: [757,804,799,note_load,801,2,802,1]
07-06 17:32:37.403  2411  9018 I notification_panel_revealed: 2
07-06 17:32:37.412  2411  2411 I sysui_multi_action: [757,198,758,2,759,3]
07-06 17:32:37.412  2411  2411 I power_screen_state: [0,3,0,0,0]
07-06 17:32:37.412  2411  2411 I screen_toggled: 0
07-06 17:32:37.412  2411  2411 I sysui_histogram: [screen_timeout,60]
07-06 17:32:37.412  2411  2411 I sysui_multi_action: [757,804,799,screen_timeout,801,60,802,1]
07-06 17:32:37.412  2411  2411 I power_screen_broadcast_send: 1
07-06 17:32:37.469  2411  2741 I sysui_view_visibility: [127,0]
07-06 17:32:37.469  2411  2741 I sysui_multi_action: [757,127,758,2]
07-06 17:32:37.469  2411  2741 I notification_panel_hidden: 
07-06 17:32:37.623  2411  2411 I power_screen_broadcast_done: [0,211,1]
07-06 17:32:39.688  3127 19768 I c2dm    : [8,GSYNC_TICKLE:0:1530878559118018,42,38]
07-06 17:32:39.704  3530 22202 I tickle  : com.android.contacts
07-06 17:32:41.615  2588  2657 I sysui_multi_action: [757,1093,758,4,793,7876,1094,9437184,1095,3]
07-06 17:32:41.875  3452  3466 I contacts_aggregation: [1530878561875,-2]
07-06 17:32:41.955  3452  3466 I contacts_aggregation: [80,2]
07-06 17:32:42.058  2588  2588 I sysui_multi_action: [757,196,758,1,759,0]
07-06 17:32:42.058  2588  2588 I sysui_status_bar_state: [1,1,0,0,0,1]
07-06 17:32:42.235  5243 22162 I sync_details: [Sync,3728,4612,]
07-06 17:32:42.252  2411  2424 I sync    : [com.android.contacts,1,0,1555827538]
07-06 17:32:42.259  2411  2424 I sync    : [com.android.contacts,0,1,1555827538]
07-06 17:32:42.474  5243 22224 I sync_details: [Sync,0,0,]
07-06 17:32:42.484  2411  2424 I sync    : [com.android.contacts,1,1,1555827538]
07-06 17:32:48.641  2411  2481 I sysui_histogram: [power_consecutive_short_tap_count,1]
07-06 17:32:48.641  2411  2481 I sysui_multi_action: [757,804,799,power_consecutive_short_tap_count,801,1,802,1]
07-06 17:32:48.642  2411  2481 I sysui_histogram: [power_double_tap_interval,71630]
07-06 17:32:48.642  2411  2481 I sysui_multi_action: [757,804,799,power_double_tap_interval,801,71630,802,1]
07-06 17:32:48.646  2411  2411 I screen_toggled: 1
07-06 17:32:48.647  2411  2411 I power_screen_broadcast_send: 1
07-06 17:32:48.661  2411  2421 I sysui_view_visibility: [127,100]
07-06 17:32:48.661  2411  2421 I sysui_multi_action: [757,127,758,1]
07-06 17:32:48.661  2411  2421 I sysui_histogram: [note_load,2]
07-06 17:32:48.661  2411  2421 I sysui_multi_action: [757,804,799,note_load,801,2,802,1]
07-06 17:32:48.661  2411  2421 I notification_panel_revealed: 2
07-06 17:32:48.721  2411  2411 I power_screen_broadcast_done: [1,74,1]
07-06 17:32:48.966  2411  2434 I sysui_multi_action: [757,198,758,1,759,0,793,331]
07-06 17:32:48.966  2411  2434 I power_screen_state: [1,0,0,0,331]
07-06 17:32:48.980  2411  2430 I sysui_view_visibility: [223,0]
07-06 17:32:48.981  2411  2430 I sysui_multi_action: [757,223,758,2]
07-06 17:32:48.981  2411  2430 I sysui_histogram: [dozing_minutes,0]
07-06 17:32:48.981  2411  2430 I sysui_multi_action: [757,804,799,dozing_minutes,801,0,802,1]
07-06 17:32:49.168  2411  9018 I sysui_multi_action: [757,128,758,1,793,380272,794,0,795,380272,796,26,798,0,806,android,857,DEVELOPER,858,2,947,0]
07-06 17:32:49.168  2411  9018 I sysui_histogram: [note_freshness,380272]
07-06 17:32:49.168  2411  9018 I sysui_multi_action: [757,804,799,note_freshness,801,380272,802,1]
07-06 17:32:49.168  2411  9018 I notification_visibility: [-1|android|26|null|1000,1,380272,380272,0,0]
07-06 17:32:51.634  2588  2588 I sysui_multi_action: [757,186,758,4,826,343,827,4064]
07-06 17:32:51.634  2588  2588 I sysui_lockscreen_gesture: [1,343,4064]
07-06 17:32:51.667  2411  9018 I sysui_multi_action: [757,128,758,2,793,382772,794,2500,795,382772,796,26,798,0,806,android,857,DEVELOPER,858,2,947,0]
07-06 17:32:51.667  2411  9018 I notification_visibility: [-1|android|26|null|1000,0,382772,382772,0,0]
07-06 17:32:51.668  2411  9018 I sysui_view_visibility: [127,0]
07-06 17:32:51.668  2411  9018 I sysui_multi_action: [757,127,758,2]
07-06 17:32:51.668  2411  9018 I notification_panel_hidden: 
07-06 17:32:51.677  2411  9018 I am_set_resumed_activity: [0,com.android.launcher3/com.android.searchlauncher.SearchLauncher,resumeTopActivityInnerLocked]
07-06 17:32:51.679  2411  9018 I am_resume_activity: [0,237043273,15,com.android.launcher3/com.android.searchlauncher.SearchLauncher]
07-06 17:32:51.711  3245  3245 I am_on_resume_called: [0,com.android.searchlauncher.SearchLauncher,RESUME_ACTIVITY]
07-06 17:32:51.761  2588  2588 I sysui_view_visibility: [111,0]
07-06 17:32:51.762  2588  2588 I sysui_multi_action: [757,111,758,2]
07-06 17:32:51.766  2588  2588 I sysui_multi_action: [757,196,758,2,759,0]
07-06 17:32:51.766  2588  2588 I sysui_status_bar_state: [0,0,0,0,0,1]
07-06 17:32:51.774  2411  9018 I notification_expansion: [-1|android|26|null|1000,0,1,382879,382879,2607]
07-06 17:32:52.022  2411  2411 I am_uid_running: 10017
07-06 17:32:52.043  2411  2411 I am_proc_start: [0,22256,10017,com.google.android.contacts,service,com.google.android.contacts/com.google.android.apps.contacts.operation.ContactsService]
07-06 17:32:52.064  2411  2421 I am_proc_bound: [0,22256,com.google.android.contacts]
07-06 17:32:53.729  2588  2657 I sysui_multi_action: [757,1093,758,4,793,12113,1094,9437184,1095,3]
07-06 17:32:54.733  2588  2657 I sysui_multi_action: [757,1093,758,4,793,1005,1094,9437184,1095,3]
07-06 17:32:54.766  2411  2421 I wm_stack_created: 1
07-06 17:32:54.767  2411  2421 I wm_task_created: [85,1]
07-06 17:32:54.767  2411  2421 I wm_task_moved: [85,1,0]
07-06 17:32:54.767  2411  2421 I am_focused_stack: [0,1,0,reuseOrNewTask]
07-06 17:32:54.767  2411  2421 I wm_task_moved: [85,1,0]
07-06 17:32:54.768  2411  2421 I am_create_task: [0,85]
07-06 17:32:54.768  2411  2421 I am_create_activity: [0,63344410,85,com.google.android.apps.messaging/.ui.ConversationListActivity,android.intent.action.MAIN,NULL,NULL,270532608]
07-06 17:32:54.768  2411  2421 I wm_task_moved: [85,1,0]
07-06 17:32:54.769  2411  2421 I am_pause_activity: [0,237043273,com.android.launcher3/com.android.searchlauncher.SearchLauncher]
07-06 17:32:54.770  3245  3245 I am_on_paused_called: [0,com.android.searchlauncher.SearchLauncher,handlePauseActivity]
07-06 17:32:54.781  2411  2741 I am_uid_active: 10072
07-06 17:32:54.781  2411  2741 I am_uid_active: 10064
07-06 17:32:54.781  2411  2741 I am_uid_active: 10007
07-06 17:32:54.781  2411  2741 I am_restart_activity: [0,63344410,85,com.google.android.apps.messaging/.ui.ConversationListActivity]
07-06 17:32:54.782  2411  2741 I am_set_resumed_activity: [0,com.google.android.apps.messaging/.ui.ConversationListActivity,minimalResumeActivityLocked]
07-06 17:32:54.786  2411  2425 I sysui_count: [window_time_0,18]
07-06 17:32:54.786  2411  2425 I sysui_multi_action: [757,803,799,window_time_0,802,18]
07-06 17:32:54.941 16930 16930 I am_on_resume_called: [0,com.google.android.apps.messaging.ui.ConversationListActivity,LAUNCH_ACTIVITY]
07-06 17:32:54.951  2411  2741 I am_uid_active: 10003
07-06 17:32:55.049  2411  2432 I sysui_multi_action: [319,47,321,45,322,289,325,7719,757,761,758,8,759,1,806,com.google.android.apps.messaging,871,com.google.android.apps.messaging.ui.ConversationListActivity,905,0]
07-06 17:32:55.049  2411  2432 I am_activity_launch_time: [0,63344410,com.google.android.apps.messaging/.ui.ConversationListActivity,272,272]
07-06 17:32:55.523  2411  2425 I am_stop_activity: [0,237043273,com.android.launcher3/com.android.searchlauncher.SearchLauncher]
07-06 17:32:55.526  3245  3245 I am_on_stop_called: [0,com.android.searchlauncher.SearchLauncher,handleStopActivity]
07-06 17:32:55.795  2588  2657 I sysui_multi_action: [757,1093,758,4,793,1061,1094,9437184,1095,2]
07-06 17:33:05.025  2411  2424 I am_pss  : [16930,10072,com.google.android.apps.messaging,68021248,61329408,2309120]
07-06 17:33:05.067  2411  2424 I am_pss  : [3452,10003,android.process.acore,17444864,11587584,3885056]
07-06 17:33:05.098  2411  2424 I am_pss  : [4018,10064,com.google.android.tts,64178176,20750336,35338240]
07-06 17:33:07.116  2588  2657 I sysui_multi_action: [757,1093,758,4,793,11322,1094,9437184,1095,2]
07-06 17:33:09.894  2588  2588 I sysui_multi_action: [757,931,758,4,759,3,932,0,933,0]
07-06 17:33:10.012  2588  2588 I sysui_multi_action: [757,931,758,4,759,3,932,0,933,1]
07-06 17:33:10.021  2411  2480 I am_new_intent: [0,237043273,15,com.android.launcher3/com.android.searchlauncher.SearchLauncher,android.intent.action.MAIN,NULL,NULL,268435712]
07-06 17:33:10.022  2411  2480 I wm_task_moved: [15,1,0]
07-06 17:33:10.023  2411  2480 I am_focused_stack: [0,0,1,bringingFoundTaskToFront]
07-06 17:33:10.023  2411  2480 I wm_task_moved: [15,1,0]
07-06 17:33:10.026  2411  2480 I am_pause_activity: [0,63344410,com.google.android.apps.messaging/.ui.ConversationListActivity]
07-06 17:33:10.031  2411  2480 I am_set_resumed_activity: [0,com.android.launcher3/com.android.searchlauncher.SearchLauncher,resumeTopActivityInnerLocked]
07-06 17:33:10.046  2411  2480 I am_resume_activity: [0,237043273,15,com.android.launcher3/com.android.searchlauncher.SearchLauncher]
07-06 17:33:10.050  2411  2480 I am_task_to_front: [0,15]
07-06 17:33:10.054 16930 16930 I am_on_paused_called: [0,com.google.android.apps.messaging.ui.ConversationListActivity,handlePauseActivity]
07-06 17:33:10.059  2411  2425 I am_stop_activity: [0,63344410,com.google.android.apps.messaging/.ui.ConversationListActivity]
07-06 17:33:10.060  2411  2425 I sysui_count: [window_time_0,15]
07-06 17:33:10.060  2411  2425 I sysui_multi_action: [757,803,799,window_time_0,802,15]
07-06 17:33:10.071 16930 16930 I am_on_stop_called: [0,com.google.android.apps.messaging.ui.ConversationListActivity,handleStopActivity]
07-06 17:33:10.073  3245  3245 I am_on_resume_called: [0,com.android.searchlauncher.SearchLauncher,RESUME_ACTIVITY]
07-06 17:33:10.159  2411  2432 I sysui_multi_action: [319,128,322,99,325,7735,757,761,758,9,759,2,806,com.android.launcher3,871,com.android.searchlauncher.SearchLauncher,905,0]
07-06 17:33:15.158  2411  2424 I am_pss  : [3440,10014,com.google.android.gms,55591936,44052480,970752]
07-06 17:33:15.195  2411  2424 I am_pss  : [3897,10007,com.google.android.ims,12651520,8810496,1792000]
07-06 17:33:15.224  2411  2424 I am_pss  : [5243,10057,com.google.process.gapps,5335040,3026944,1252352]
07-06 17:33:15.249  2411  2424 I am_pss  : [3530,10014,com.google.process.gapps,5514240,2260992,1821696]
07-06 17:33:15.814  2588  2657 I sysui_multi_action: [757,1093,758,4,793,8697,1094,9437184,1095,2]
07-06 17:33:20.120  2411  2424 I am_pss  : [3245,1000,com.android.launcher3,111642624,104353792,0]
07-06 17:33:26.451  2411  2424 I am_pss  : [3267,10014,com.google.process.gservices,5586944,2154496,2198528]
07-06 17:33:26.488  2411  2424 I am_pss  : [22256,10017,com.google.android.contacts,9530368,7806976,0]
07-06 17:33:29.672  2588  2657 I sysui_multi_action: [757,1093,758,4,793,13858,1094,9437184,1095,2]
07-06 17:34:00.109  2411  2424 I am_pss  : [2411,1000,system,196366336,183029760,0]
07-06 17:34:00.159  2411  2424 I am_pss  : [2588,10035,com.android.systemui,87213056,77352960,0]
07-06 17:34:00.198  2411  2424 I am_pss  : [3334,10039,com.google.android.googlequicksearchbox:search,99363840,67145728,23343104]
07-06 17:34:00.225  2411  2424 I am_pss  : [16930,10072,com.google.android.apps.messaging,38984704,32268288,2309120]
07-06 17:34:00.249  2411  2424 I am_pss  : [3452,10003,android.process.acore,16928768,11137024,3819520]
07-06 17:34:00.269  2411  2424 I am_pss  : [4018,10064,com.google.android.tts,64178176,20750336,35338240]
07-06 17:34:00.287  2411  2424 I am_pss  : [3213,1000,com.qualcomm.qti.services.secureui:sui_service,3729408,2777088,0]
07-06 17:34:00.304  2411  2424 I am_pss  : [3200,10030,com.android.test.soundtrigger,2703360,1925120,0]
