07-06 18:43:02.912  2411  2424 I am_pss  : [3245,1000,com.android.launcher3,139961344,132009984,0]
07-06 18:43:09.035  2588  2657 I sysui_multi_action: [757,1093,758,4,793,9054,1094,9437312,1095,3]
07-06 18:43:10.047  2588  2657 I sysui_multi_action: [757,1093,758,4,793,1011,1094,9437312,1095,3]
07-06 18:43:12.457  2411  2424 I am_pss  : [3334,10039,com.google.android.googlequicksearchbox:search,99868672,68341760,22646784]
07-06 18:43:20.102  2588  2657 I sysui_multi_action: [757,1093,758,4,793,10056,1094,9437312,1095,3]
07-06 18:43:22.122  2588  2657 I sysui_multi_action: [757,1093,758,4,793,2019,1094,9437312,1095,3]
07-06 18:43:23.138  2411  2424 I am_pss  : [26734,10031,org.codeaurora.snapcam,37400576,33587200,0]
07-06 18:43:23.178  2411  2424 I am_pss  : [3305,10011,android.process.media,12305408,5873664,3420160]
07-06 18:43:23.191  2411  2422 I battery_level: [56,3871,340]
07-06 18:43:26.050  2411  3446 I sysui_multi_action: [757,906,758,4,806,com.android.launcher3,908,com.google.android.gms]
07-06 18:43:26.142  2588  2657 I sysui_multi_action: [757,1093,758,4,793,4020,1094,9437312,1095,3]
07-06 18:43:26.187  2411  2430 I sysui_multi_action: [757,919,758,4,806,com.android.launcher3,908,com.google.android.gms]
07-06 18:43:27.153  2588  2657 I sysui_multi_action: [757,1093,758,4,793,1012,1094,9437312,1095,3]
07-06 18:43:28.160  2588  2657 I sysui_multi_action: [757,1093,758,4,793,1007,1094,9437312,1095,3]
07-06 18:43:29.749  2411  3446 I wm_stack_created: 1
07-06 18:43:29.750  2411  3446 I wm_task_created: [105,1]
07-06 18:43:29.750  2411  3446 I wm_task_moved: [105,1,0]
07-06 18:43:29.750  2411  3446 I am_focused_stack: [0,1,0,reuseOrNewTask]
07-06 18:43:29.750  2411  3446 I wm_task_moved: [105,1,0]
07-06 18:43:29.751  2411  3446 I am_create_task: [0,105]
07-06 18:43:29.751  2411  3446 I am_create_activity: [0,220190579,105,com.google.android.apps.maps/com.google.android.maps.MapsActivity,android.intent.action.MAIN,NULL,NULL,270532608]
07-06 18:43:29.751  2411  3446 I wm_task_moved: [105,1,0]
07-06 18:43:29.753  2411  3446 I am_pause_activity: [0,237043273,com.android.launcher3/com.android.searchlauncher.SearchLauncher]
07-06 18:43:29.758  3245  3245 I am_on_paused_called: [0,com.android.searchlauncher.SearchLauncher,handlePauseActivity]
07-06 18:43:29.759  2411  2422 I am_uid_running: 10071
07-06 18:43:29.770  2411  2422 I am_proc_start: [0,26904,10071,com.google.android.apps.maps,activity,com.google.android.apps.maps/com.google.android.maps.MapsActivity]
07-06 18:43:29.782  2411  2422 I am_proc_bound: [0,26904,com.google.android.apps.maps]
07-06 18:43:29.793  2411  2422 I am_uid_active: 10071
07-06 18:43:29.793  2411  2422 I am_restart_activity: [0,220190579,105,com.google.android.apps.maps/com.google.android.maps.MapsActivity]
07-06 18:43:29.794  2411  2422 I am_set_resumed_activity: [0,com.google.android.apps.maps/com.google.android.maps.MapsActivity,minimalResumeActivityLocked]
07-06 18:43:29.834 26904 26904 I auditd  : type=1400 audit(0.0:412): avc: denied { read } for comm="NativeLibLoader" name="stat" dev="proc" ino=4026532072 scontext=u:r:untrusted_app:s0:c512,c768 tcontext=u:object_r:proc_stat:s0 tclass=file permissive=0
07-06 18:43:29.940  2411  2422 I am_proc_start: [0,26941,10014,com.google.process.gapps,content provider,com.google.android.gsf/.settings.GoogleSettingsProvider]
07-06 18:43:29.947  2411  6692 I am_proc_bound: [0,26941,com.google.process.gapps]
07-06 18:43:30.255 26904 26904 I am_on_resume_called: [0,com.google.android.maps.MapsActivity,LAUNCH_ACTIVITY]
07-06 18:43:30.825  2411  2432 I sysui_multi_action: [319,84,321,83,322,1094,325,9766,757,761,758,7,759,1,806,com.google.android.apps.maps,871,com.google.android.maps.MapsActivity,904,com.android.launcher3,905,0,945,54]
07-06 18:43:30.825  2411  2432 I am_activity_launch_time: [0,220190579,com.google.android.apps.maps/com.google.android.maps.MapsActivity,1064,1064]
07-06 18:43:30.946  2411  3446 I am_stop_activity: [0,237043273,com.android.launcher3/com.android.searchlauncher.SearchLauncher]
07-06 18:43:30.954  3245  3245 I am_on_stop_called: [0,com.android.searchlauncher.SearchLauncher,handleStopActivity]
07-06 18:43:31.177  2588  2657 I sysui_multi_action: [757,1093,758,4,793,3017,1094,9437312,1095,3]
07-06 18:43:33.046  3127 25848 I c2dm    : [0,,5,5]
07-06 18:43:33.183  2588  2657 I sysui_multi_action: [757,1093,758,4,793,2006,1094,9437312,1095,3]
07-06 18:43:36.272  2588  2657 I sysui_multi_action: [757,1093,758,4,793,3089,1094,9437312,1095,3]
07-06 18:43:39.218  2588  2657 I sysui_multi_action: [757,1093,758,4,793,2946,1094,9437312,1095,3]
07-06 18:43:40.224  2588  2657 I sysui_multi_action: [757,1093,758,4,793,1005,1094,9437312,1095,3]
07-06 18:43:40.372  2411  2424 I am_pss  : [26904,10071,com.google.android.apps.maps,136206336,130588672,0]
07-06 18:43:41.230  2588  2657 I sysui_multi_action: [757,1093,758,4,793,1006,1094,9437312,1095,3]
07-06 18:43:43.235  2588  2657 I sysui_multi_action: [757,1093,758,4,793,2006,1094,9437312,1095,3]
07-06 18:43:45.323  2411 10276 I sysui_multi_action: [757,906,758,4,806,com.google.android.apps.maps,908,com.google.android.gms]
07-06 18:43:45.381  2411  2430 I sysui_multi_action: [757,919,758,4,806,com.google.android.apps.maps,908,com.google.android.gms]
07-06 18:43:47.250  2588  2657 I sysui_multi_action: [757,1093,758,4,793,4015,1094,9437312,1095,3]
07-06 18:43:48.261  2588  2657 I sysui_multi_action: [757,1093,758,4,793,1011,1094,9437312,1095,3]
07-06 18:43:50.261  2588  2657 I sysui_multi_action: [757,1093,758,4,793,2000,1094,9437312,1095,3]
07-06 18:43:50.473  2411  2424 I am_pss  : [5870,10033,com.google.android.setupwizard,8192000,5984256,1014784]
07-06 18:43:52.526  2411  2425 I am_uid_idle: 10031
07-06 18:43:52.526  2411  2425 I am_uid_idle: 10011
07-06 18:43:53.544  2588  2657 I sysui_multi_action: [757,1093,758,4,793,3282,1094,9437312,1095,3]
07-06 18:43:54.445  2411  2424 I am_pss  : [3245,1000,com.android.launcher3,81387520,72577024,0]
07-06 18:43:54.498  2411  2424 I am_pss  : [3334,10039,com.google.android.googlequicksearchbox:search,99234816,67997696,22646784]
07-06 18:43:55.902  3127 25850 I c2dm    : [1,,5,5]
07-06 18:43:56.301  2588  2657 I sysui_multi_action: [757,1093,758,4,793,2757,1094,9437312,1095,3]
07-06 18:43:57.310  2588  2657 I sysui_multi_action: [757,1093,758,4,793,1010,1094,9437312,1095,3]
07-06 18:44:06.525  2411 10276 I am_proc_start: [0,27104,10014,com.google.android.gms.ui,service,com.google.android.gms/.chimera.UiIntentOperationService]
07-06 18:44:06.544  2411 10276 I am_proc_start: [0,27117,10014,com.google.android.gms.feedback,service,com.google.android.gms/.feedback.FeedbackAsyncService]
07-06 18:44:06.546  2411  6692 I am_proc_bound: [0,27104,com.google.android.gms.ui]
07-06 18:44:06.562  2411  6692 I am_proc_bound: [0,27117,com.google.android.gms.feedback]
07-06 18:44:10.347  2588  2657 I sysui_multi_action: [757,1093,758,4,793,13036,1094,9437312,1095,3]
07-06 18:44:11.362  2588  2657 I sysui_multi_action: [757,1093,758,4,793,1016,1094,9437312,1095,3]
07-06 18:44:14.371  2588  2657 I sysui_multi_action: [757,1093,758,4,793,3009,1094,9437312,1095,3]
07-06 18:44:15.379  2588  2657 I sysui_multi_action: [757,1093,758,4,793,1007,1094,9437312,1095,3]
07-06 18:44:16.388  2588  2657 I sysui_multi_action: [757,1093,758,4,793,1010,1094,9437312,1095,3]
07-06 18:44:28.426  2588  2657 I sysui_multi_action: [757,1093,758,4,793,12038,1094,9437312,1095,3]
07-06 18:44:29.431  2588  2657 I sysui_multi_action: [757,1093,758,4,793,1004,1094,9437312,1095,3]
07-06 18:44:34.708  2411  2424 I am_pss  : [23292,10072,com.google.android.apps.messaging,21644288,18472960,0]
07-06 18:44:34.745  2411  2424 I am_pss  : [3897,10007,com.google.android.ims,13940736,10158080,1543168]
07-06 18:44:34.775  2411  2424 I am_pss  : [4018,10064,com.google.android.tts,55674880,45256704,927744]
07-06 18:44:40.382  2411  2424 I am_pss  : [3267,10014,com.google.process.gservices,5555200,2387968,2013184]
07-06 18:44:42.675  2411  2424 I am_pss  : [27117,10014,com.google.android.gms.feedback,8418304,4780032,0]
07-06 18:44:44.056  2411  2424 I am_pss  : [27104,10014,com.google.android.gms.ui,6652928,3473408,345088]
07-06 18:44:45.443  2411  2771 I am_uid_active: 10064
07-06 18:44:46.485  2588  2657 I sysui_multi_action: [757,1093,758,4,793,17055,1094,9437312,1095,3]
07-06 18:44:56.635  2411  2527 I netstats_mobile_sample: [171020309,135729,5695856,45922,168823953,93490,5311734,45536,168839857,93596,5295278,45419,1530882897549]
07-06 18:44:56.635  2411  2527 I netstats_wifi_sample: [0,0,0,0,0,0,0,0,0,0,0,0,1530882897549]
07-06 18:45:03.541  2588  2657 I sysui_multi_action: [757,1093,758,4,793,17056,1094,9437312,1095,3]
07-06 18:45:05.903  2411  2424 I am_pss  : [4018,10064,com.google.android.tts,55751680,44457984,1804288]
07-06 18:45:05.954  2411  2424 I am_pss  : [3334,10039,com.google.android.googlequicksearchbox:search,98686976,66736128,23855104]
07-06 18:45:28.621  2588  2657 I sysui_multi_action: [757,1093,758,4,793,25080,1094,9437312,1095,3]
07-06 18:45:29.625  2588  2657 I sysui_multi_action: [757,1093,758,4,793,1003,1094,9437312,1095,3]
07-06 18:45:40.608  2411  2424 I am_pss  : [26904,10071,com.google.android.apps.maps,306327552,298950656,0]
07-06 18:45:41.303  2411  2422 I sysui_multi_action: [757,859,758,6,806,com.google.android.apps.maps,860,YOUR_CONTRIBUTIONS]
07-06 18:45:41.305  2411  2771 I sysui_multi_action: [757,856,758,1,806,com.google.android.apps.maps,857,1564,858,2]
07-06 18:45:41.307  2411  2422 I sysui_multi_action: [757,856,758,1,806,com.google.android.apps.maps,857,127850489,858,3]
07-06 18:45:41.307  2411  2771 I sysui_multi_action: [757,859,758,6,806,com.google.android.apps.maps,860,PEOPLE_AND_PLACES]
07-06 18:45:41.308  2411  2604 I sysui_multi_action: [757,856,758,1,806,com.google.android.apps.maps,857,129447030,858,3]
07-06 18:45:41.309  2411  2422 I sysui_multi_action: [757,856,758,1,806,com.google.android.apps.maps,857,155505721,858,3]
07-06 18:45:41.311  2411  2771 I sysui_multi_action: [757,856,758,1,806,com.google.android.apps.maps,857,1548,858,3]
07-06 18:45:41.314  2411  2604 I sysui_multi_action: [757,856,758,1,806,com.google.android.apps.maps,857,1537,858,4]
07-06 18:45:41.316  2411  6692 I sysui_multi_action: [757,856,758,1,806,com.google.android.apps.maps,857,115957582,858,3]
07-06 18:45:41.320  2411  2604 I sysui_multi_action: [757,856,758,1,806,com.google.android.apps.maps,857,125759054,858,3]
07-06 18:45:41.322  2411  2604 I sysui_multi_action: [757,856,758,1,806,com.google.android.apps.maps,857,119604319,858,3]
07-06 18:45:41.325  2411  2604 I sysui_multi_action: [757,859,758,6,806,com.google.android.apps.maps,860,TRAFFIC]
07-06 18:45:41.326  2411  2771 I sysui_multi_action: [757,856,758,1,806,com.google.android.apps.maps,857,1552,858,2]
07-06 18:45:41.327  2411  2771 I sysui_multi_action: [757,856,758,1,806,com.google.android.apps.maps,857,121542904,858,1]
07-06 18:45:41.329  2411  2771 I sysui_multi_action: [757,859,758,6,806,com.google.android.apps.maps,860,COMMUTE]
07-06 18:45:41.330  2411  2422 I sysui_multi_action: [757,856,758,1,806,com.google.android.apps.maps,857,127237364,858,1]
07-06 18:45:41.331  2411  2422 I sysui_multi_action: [757,856,758,1,806,com.google.android.apps.maps,857,127237364:2,858,2]
07-06 18:45:41.331  2411  2422 I sysui_multi_action: [757,856,758,1,806,com.google.android.apps.maps,857,127237364:3,858,3]
07-06 18:45:41.332  2411  2422 I sysui_multi_action: [757,856,758,1,806,com.google.android.apps.maps,857,127237364:4,858,4]
07-06 18:45:41.337  2411  2771 I sysui_multi_action: [757,856,758,1,806,com.google.android.apps.maps,857,128437662,858,3]
07-06 18:45:41.338  2411  6692 I sysui_multi_action: [757,856,758,1,806,com.google.android.apps.maps,857,129494381,858,3]
07-06 18:45:41.340  2411  6692 I sysui_multi_action: [757,859,758,6,806,com.google.android.apps.maps,860,TRANSIT]
07-06 18:45:41.340  2411  2771 I sysui_multi_action: [757,856,758,1,806,com.google.android.apps.maps,857,133338996,858,2]
07-06 18:45:41.343  2411  2422 I sysui_multi_action: [757,856,758,1,806,com.google.android.apps.maps,857,1561,858,3]
07-06 18:45:41.344  2411  2604 I sysui_multi_action: [757,859,758,6,806,com.google.android.apps.maps,860,NEW_ON_MAPS]
07-06 18:45:41.344  2411  2604 I sysui_multi_action: [757,856,758,1,806,com.google.android.apps.maps,857,116409198,858,3]
07-06 18:45:41.348  2411  2422 I sysui_multi_action: [757,859,758,6,806,com.google.android.apps.maps,860,TAXI]
07-06 18:45:41.349  2411  2604 I sysui_multi_action: [757,856,758,1,806,com.google.android.apps.maps,857,127057887,858,4]
07-06 18:45:41.350  2411  2604 I sysui_multi_action: [757,856,758,1,806,com.google.android.apps.maps,857,142039439,858,2]
07-06 18:45:41.352  2411  6692 I sysui_multi_action: [757,856,758,1,806,com.google.android.apps.maps,857,143448413,858,4]
07-06 18:45:41.355  2411  6692 I sysui_multi_action: [757,856,758,1,806,com.google.android.apps.maps,857,145029960,858,3]
07-06 18:45:41.357  2411  2604 I sysui_multi_action: [757,856,758,1,806,com.google.android.apps.maps,857,150227180,858,3]
07-06 18:45:41.361  2411  2604 I sysui_multi_action: [757,856,758,1,806,com.google.android.apps.maps,857,154123948,858,3]
07-06 18:45:41.363  2411  6692 I sysui_multi_action: [757,856,758,1,806,com.google.android.apps.maps,857,1550,858,3]
07-06 18:45:41.366  2411  2771 I sysui_multi_action: [757,859,758,6,806,com.google.android.apps.maps,860,OFFLINE]
07-06 18:45:41.367  2411  2422 I sysui_multi_action: [757,856,758,1,806,com.google.android.apps.maps,857,154770466,858,2]
07-06 18:45:41.370  2411  2422 I sysui_multi_action: [757,856,758,1,806,com.google.android.apps.maps,857,159764301,858,2]
07-06 18:45:41.372  2411  6692 I sysui_multi_action: [757,856,758,1,806,com.google.android.apps.maps,857,155476240,858,3]
07-06 18:45:41.374  2411  2771 I sysui_multi_action: [757,856,758,1,806,com.google.android.apps.maps,857,155595117,858,2]
07-06 18:45:41.376  2411  2771 I sysui_multi_action: [757,856,758,1,806,com.google.android.apps.maps,857,174000404,858,2]
07-06 18:45:41.378  2411  2604 I sysui_multi_action: [757,859,758,6,806,com.google.android.apps.maps,860,NAVIGATION]
07-06 18:45:41.379  2411  2771 I sysui_multi_action: [757,856,758,1,806,com.google.android.apps.maps,857,1_2,858,4]
07-06 18:45:41.380  2411  2604 I sysui_multi_action: [757,856,758,1,806,com.google.android.apps.maps,857,1_foreground_1,858,3]
07-06 18:45:41.382  2411  2422 I sysui_multi_action: [757,856,758,1,806,com.google.android.apps.maps,857,160216752,858,2]
07-06 18:45:41.385  2411  2422 I sysui_multi_action: [757,856,758,1,806,com.google.android.apps.maps,857,6,858,2]
07-06 18:45:41.393  2411  2421 I sysui_multi_action: [757,856,758,1,806,com.google.android.apps.maps,857,151966456,858,3]
07-06 18:45:41.395  2411  2421 I sysui_multi_action: [757,856,758,1,806,com.google.android.apps.maps,857,152763358,858,5]
07-06 18:45:41.396  2411  2604 I sysui_multi_action: [757,856,758,1,806,com.google.android.apps.maps,857,1558,858,4]
07-06 18:45:41.398  2411  2422 I sysui_multi_action: [757,856,758,1,806,com.google.android.apps.maps,857,116741324,858,2]
07-06 18:45:41.403  2411  6692 I sysui_multi_action: [757,856,758,1,806,com.google.android.apps.maps,857,176369356,858,2]
07-06 18:45:41.404  2411  6692 I sysui_multi_action: [757,856,758,1,806,com.google.android.apps.maps,857,OtherChannel,858,2]
07-06 18:45:41.421  2411  2411 I notification_enqueue: [10071,26904,com.google.android.apps.maps,1,NULL,0,Notification(channel=1_foreground_1 pri=2 contentView=com.google.android.apps.maps/0x7f05008d vibrate=null sound=null defaults=0x0 flags=0x4a color=0x00000000 groupKey=navigation_status_notification_group vis=PRIVATE),0]
07-06 18:45:41.422  2411  2411 I notification_enqueue: [10071,26904,com.google.android.apps.maps,1,NULL,0,Notification(channel=1_foreground_1 pri=2 contentView=com.google.android.apps.maps/0x7f05008d vibrate=null sound=null defaults=0x0 flags=0xa color=0x00000000 groupKey=navigation_status_notification_group vis=PRIVATE),0]
07-06 18:45:41.482  2411  6692 I notification_expansion: [0|com.google.android.apps.maps|1|null|10071,0,1,67,67,0]
07-06 18:45:41.484  3334  3334 I auditd  : type=1400 audit(0.0:413): avc: denied { read } for comm="HotwordDetector" name="stat" dev="proc" ino=4026532072 scontext=u:r:priv_app:s0:c512,c768 tcontext=u:object_r:proc_stat:s0 tclass=file permissive=0
07-06 18:45:46.966  2411  2411 I notification_enqueue: [10071,26904,com.google.android.apps.maps,1,NULL,0,Notification(channel=1_foreground_1 pri=2 contentView=com.google.android.apps.maps/0x7f05008d vibrate=null sound=null defaults=0x0 flags=0xa color=0x00000000 groupKey=navigation_status_notification_group vis=PRIVATE),1]
07-06 18:45:48.016  2588  2657 I sysui_multi_action: [757,1093,758,4,793,18392,1094,9437312,1095,3]
07-06 18:45:54.031  2588  2657 I sysui_multi_action: [757,1093,758,4,793,6015,1094,9437312,1095,3]
07-06 18:45:55.922  3127 25848 I c2dm    : [0,,6,6]
07-06 18:45:56.141  3127 25850 I c2dm    : [1,,6,6]
07-06 18:45:57.044  2588  2657 I sysui_multi_action: [757,1093,758,4,793,3013,1094,9437312,1095,3]
07-06 18:45:58.056  2588  2657 I sysui_multi_action: [757,1093,758,4,793,1011,1094,9437312,1095,3]
07-06 18:46:00.063  2588  2657 I sysui_multi_action: [757,1093,758,4,793,2008,1094,9437312,1095,3]
07-06 18:46:02.172  2411  2424 I am_pss  : [3334,10039,com.google.android.googlequicksearchbox:search,103197696,72118272,22437888]
07-06 18:46:09.123  2411  2411 I notification_enqueue: [10071,26904,com.google.android.apps.maps,1,NULL,0,Notification(channel=1_foreground_1 pri=2 contentView=com.google.android.apps.maps/0x7f05008d vibrate=null sound=null defaults=0x0 flags=0xa color=0x00000000 groupKey=navigation_status_notification_group vis=PRIVATE),1]
07-06 18:46:11.587  2411  2424 I am_pss  : [3267,10014,com.google.process.gservices,5490688,1974272,2362368]
07-06 18:46:13.537  2411  2424 I am_pss  : [3127,10014,com.google.android.gms.persistent,73541632,63811584,0]
07-06 18:46:13.591  2411  2424 I am_pss  : [2575,10070,com.google.android.inputmethod.latin,75878400,71401472,0]
07-06 18:46:13.624  2411  2424 I am_pss  : [3109,1001,com.qualcomm.qcrilmsgtunnel,4568064,3702784,0]
07-06 18:46:13.651  2411  2424 I am_pss  : [3352,10084,com.android.smspush,2923520,2174976,0]
07-06 18:46:13.675  2411  2424 I am_pss  : [3152,10039,com.google.android.googlequicksearchbox:interactor,9229312,4182016,0]
07-06 18:46:16.198  2588  2657 I sysui_multi_action: [757,1093,758,4,793,16135,1094,9437312,1095,3]
07-06 18:46:18.441  2588  2657 I sysui_multi_action: [757,1093,758,4,793,2243,1094,9437312,1095,3]
07-06 18:46:28.660  2411  2411 I notification_enqueue: [10071,26904,com.google.android.apps.maps,1,NULL,0,Notification(channel=1_foreground_1 pri=2 contentView=com.google.android.apps.maps/0x7f05008d vibrate=null sound=null defaults=0x0 flags=0xa color=0x00000000 groupKey=navigation_status_notification_group vis=PRIVATE),1]
07-06 18:46:28.753  2411  2604 I wm_task_moved: [105,1,0]
07-06 18:46:28.754  2411  2604 I am_create_activity: [0,177828814,105,com.google.android.gms/com.google.android.location.settings.LocationSettingsCheckerActivity,com.google.android.gms.location.settings.CHECK_SETTINGS,NULL,NULL,8388608]
07-06 18:46:28.756  2411  2604 I am_pause_activity: [0,220190579,com.google.android.apps.maps/com.google.android.maps.MapsActivity]
07-06 18:46:28.760 26904 26904 I am_on_paused_called: [0,com.google.android.maps.MapsActivity,handlePauseActivity]
07-06 18:46:28.766  2411  6692 I am_restart_activity: [0,177828814,105,com.google.android.gms/com.google.android.location.settings.LocationSettingsCheckerActivity]
07-06 18:46:28.768  2411  6692 I am_set_resumed_activity: [0,com.google.android.gms/com.google.android.location.settings.LocationSettingsCheckerActivity,minimalResumeActivityLocked]
07-06 18:46:28.771  2411  2425 I sysui_count: [window_time_0,217]
07-06 18:46:28.771  2411  2425 I sysui_multi_action: [757,803,799,window_time_0,802,217]
07-06 18:46:28.877 27104 27104 I am_on_resume_called: [0,com.google.android.location.settings.LocationSettingsCheckerActivity,LAUNCH_ACTIVITY]
07-06 18:46:28.971  2411  2432 I am_activity_launch_time: [0,177828814,com.google.android.gms/com.google.android.location.settings.LocationSettingsCheckerActivity,207,207]
07-06 18:46:28.973  2411  2432 I sysui_multi_action: [319,227,322,226,325,9945,757,761,758,8,759,2,806,com.google.android.gms,871,com.google.android.location.settings.LocationSettingsCheckerActivity,904,com.google.android.gms,905,0]
07-06 18:46:38.965  2411  2424 I am_pss  : [27104,10014,com.google.android.gms.ui,34471936,29270016,417792]
07-06 18:46:43.165  2588  2588 I sysui_count: [panel_open,1]
07-06 18:46:43.168  2588  2588 I sysui_multi_action: [757,803,799,panel_open,802,1]
07-06 18:46:43.195  2411  3446 I sysui_view_visibility: [127,100]
07-06 18:46:43.195  2411  3446 I sysui_multi_action: [757,127,758,1]
07-06 18:46:43.195  2411  3446 I sysui_histogram: [note_load,1]
07-06 18:46:43.195  2411  3446 I sysui_multi_action: [757,804,799,note_load,801,1,802,1]
07-06 18:46:43.195  2411  3446 I notification_panel_revealed: 1
07-06 18:46:43.699  2411  2604 I sysui_multi_action: [757,128,758,1,793,62283,794,0,795,15040,796,1,798,0,806,com.google.android.apps.maps,857,1_foreground_1,858,3,946,navigation_status_notificat-d493b52d,947,0]
07-06 18:46:43.699  2411  2604 I sysui_histogram: [note_freshness,15040]
07-06 18:46:43.699  2411  2604 I sysui_multi_action: [757,804,799,note_freshness,801,15040,802,1]
07-06 18:46:43.699  2411  2604 I notification_visibility: [0|com.google.android.apps.maps|1|null|10071,1,62283,15040,0,0]
07-06 18:46:44.084  2588  2588 I sysui_view_visibility: [111,100]
07-06 18:46:44.085  2588  2588 I sysui_multi_action: [757,111,758,1]
07-06 18:46:44.085  2588  2588 I sysui_multi_action: [757,126,758,1,759,126,833,1,927,0,928,0]
07-06 18:46:44.085  2588  2588 I sysui_multi_action: [757,115,758,1,759,115,833,1,927,1,928,1]
07-06 18:46:44.085  2588  2588 I sysui_multi_action: [757,113,758,1,759,113,833,1,927,2,928,1]
07-06 18:46:44.085  2588  2588 I sysui_multi_action: [757,122,758,1,759,122,833,1,927,3,928,1]
07-06 18:46:44.085  2588  2588 I sysui_multi_action: [757,116,758,1,759,116,833,1,927,4,928,0]
07-06 18:46:44.086  2588  2588 I sysui_multi_action: [757,119,758,1,759,119,833,1,927,5,928,0]
07-06 18:46:44.086  2588  2588 I sysui_multi_action: [757,123,758,1,759,123,833,0,927,6,928,1]
07-06 18:46:44.086  2588  2588 I sysui_multi_action: [757,261,758,1,759,261,833,0,927,7,928,0]
07-06 18:46:44.086  2588  2588 I sysui_multi_action: [757,112,758,1,759,112,833,0,927,8,928,0]
07-06 18:46:44.086  2588  2588 I sysui_multi_action: [757,114,758,1,759,114,833,0,927,9,928,0]
07-06 18:46:44.086  2588  2588 I sysui_multi_action: [757,120,758,1,759,120,833,0,927,10,928,0]
07-06 18:46:44.086  2588  2588 I sysui_view_visibility: [111,100]
07-06 18:46:44.087  2588  2588 I sysui_multi_action: [757,111,758,1]
07-06 18:46:44.087  2588  2588 I sysui_multi_action: [757,126,758,1,759,126,833,1,927,0,928,0]
07-06 18:46:44.087  2588  2588 I sysui_multi_action: [757,115,758,1,759,115,833,1,927,1,928,1]
07-06 18:46:44.087  2588  2588 I sysui_multi_action: [757,113,758,1,759,113,833,1,927,2,928,1]
07-06 18:46:44.087  2588  2588 I sysui_multi_action: [757,122,758,1,759,122,833,1,927,3,928,1]
07-06 18:46:44.087  2588  2588 I sysui_multi_action: [757,116,758,1,759,116,833,1,927,4,928,0]
07-06 18:46:44.087  2588  2588 I sysui_multi_action: [757,119,758,1,759,119,833,1,927,5,928,0]
07-06 18:46:44.247  2588  2588 I sysui_multi_action: [757,194,758,4,826,172,827,913]
07-06 18:46:44.247  2588  2588 I sysui_lockscreen_gesture: [9,172,913]
07-06 18:46:45.319  2588  2657 I sysui_multi_action: [757,1093,758,4,793,26878,1094,9437312,1095,3]
07-06 18:46:45.750  2588  2588 I sysui_multi_action: [757,925,758,4,759,120,833,1,927,10,928,0]
07-06 18:46:46.234  2411  2527 I netstats_mobile_sample: [172517501,136938,5794859,46865,170320937,94695,5403193,46479,170336841,94801,5386737,46362,1530883007149]
07-06 18:46:46.234  2411  2527 I netstats_wifi_sample: [0,0,0,0,0,0,0,0,0,0,0,0,1530883007149]
07-06 18:46:46.410  2411  2527 I netstats_mobile_sample: [172518929,136940,5794859,46865,170322365,94697,5403193,46479,170336891,94802,5386737,46362,1530883007325]
07-06 18:46:46.410  2411  2527 I netstats_wifi_sample: [0,0,0,0,0,0,0,0,0,0,0,0,1530883007325]
07-06 18:46:47.331  2588  2588 I sysui_view_visibility: [111,0]
07-06 18:46:47.331  2588  2588 I sysui_multi_action: [757,111,758,2]
07-06 18:46:47.331  2588  2588 I sysui_view_visibility: [111,0]
07-06 18:46:47.332  2588  2588 I sysui_multi_action: [757,111,758,2]
07-06 18:46:47.340  2588  2657 I sysui_multi_action: [757,1093,758,4,793,2020,1094,9437344,1095,4]
07-06 18:46:47.521  2411  2741 I sysui_multi_action: [757,128,758,2,793,66105,794,3822,795,18862,796,1,798,0,806,com.google.android.apps.maps,857,1_foreground_1,858,3,946,navigation_status_notificat-d493b52d,947,0]
07-06 18:46:47.521  2411  2741 I notification_visibility: [0|com.google.android.apps.maps|1|null|10071,0,66105,18862,0,0]
07-06 18:46:47.522  2411  2741 I sysui_view_visibility: [127,0]
07-06 18:46:47.522  2411  2741 I sysui_multi_action: [757,127,758,2]
07-06 18:46:47.522  2411  2741 I notification_panel_hidden: 
07-06 18:46:48.735  2411  6692 I am_finish_activity: [0,177828814,105,com.google.android.gms/com.google.android.location.settings.LocationSettingsCheckerActivity,app-request]
07-06 18:46:48.736  2411  6692 I am_pause_activity: [0,177828814,com.google.android.gms/com.google.android.location.settings.LocationSettingsCheckerActivity]
07-06 18:46:48.744  2411  2425 I sysui_count: [window_time_0,20]
07-06 18:46:48.744  2411  2425 I sysui_multi_action: [757,803,799,window_time_0,802,20]
07-06 18:46:48.772 27104 27104 I am_on_paused_called: [0,com.google.android.location.settings.LocationSettingsCheckerActivity,handlePauseActivity]
07-06 18:46:48.776  2411 10276 I am_set_resumed_activity: [0,com.google.android.apps.maps/com.google.android.maps.MapsActivity,resumeTopActivityInnerLocked]
07-06 18:46:48.785  2411 10276 I am_resume_activity: [0,220190579,105,com.google.android.apps.maps/com.google.android.maps.MapsActivity]
07-06 18:46:48.816  2411  2425 I sysui_count: [window_time_0,0]
07-06 18:46:48.817  2411  2425 I sysui_multi_action: [757,803,799,window_time_0,802,0]
07-06 18:46:48.822 26904 26904 I am_on_resume_called: [0,com.google.android.maps.MapsActivity,RESUME_ACTIVITY]
07-06 18:46:48.996  2411  5120 I am_destroy_activity: [0,177828814,105,com.google.android.gms/com.google.android.location.settings.LocationSettingsCheckerActivity,finish-idle]
07-06 18:46:48.999 27104 27104 I am_on_stop_called: [0,com.google.android.location.settings.LocationSettingsCheckerActivity,destroy]
07-06 18:46:49.233  2588  2657 I sysui_multi_action: [757,1093,758,4,793,1893,1094,9437408,1095,5]
07-06 18:46:49.461  2411  2411 I notification_enqueue: [10071,26904,com.google.android.apps.maps,1,NULL,0,Notification(channel=1_foreground_1 pri=2 contentView=com.google.android.apps.maps/0x7f05008d vibrate=null sound=null defaults=0x0 flags=0xa color=0x00000000 groupKey=navigation_status_notification_group vis=PRIVATE),1]
07-06 18:46:54.277  2588  2657 I sysui_multi_action: [757,1093,758,4,793,5045,1094,9437408,1095,5]
07-06 18:46:59.271  2588  2657 I sysui_multi_action: [757,1093,758,4,793,4994,1094,9437408,1095,5]
07-06 18:47:03.238  2588  2657 I sysui_multi_action: [757,1093,758,4,793,3966,1094,9437408,1095,5]
07-06 18:47:07.078  2588  2657 I sysui_multi_action: [757,1093,758,4,793,3841,1094,9437408,1095,5]
07-06 18:47:11.619  2411  2411 I notification_enqueue: [10071,26904,com.google.android.apps.maps,1,NULL,0,Notification(channel=1_foreground_1 pri=2 contentView=com.google.android.apps.maps/0x7f05008d vibrate=null sound=null defaults=0x0 flags=0xa color=0x00000000 groupKey=navigation_status_notification_group vis=PRIVATE),1]
07-06 18:47:16.081  2588  2657 I sysui_multi_action: [757,1093,758,4,793,9003,1094,9437408,1095,5]
07-06 18:47:16.495  2411  2411 I notification_enqueue: [1000,2411,android,17303503,Wi-Fi Hotspot notification,0,Notification(channel=HOTSPOT_NOTIFICATION pri=-2 contentView=null vibrate=null sound=null defaults=0x0 flags=0x2 color=0xff607d8b category=status vis=PUBLIC),0]
07-06 18:47:18.911  2588  2657 I sysui_multi_action: [757,1093,758,4,793,2830,1094,9437408,1095,5]
07-06 18:47:19.203  2411  2424 I am_pss  : [27104,10014,com.google.android.gms.ui,21867520,16089088,896000]
07-06 18:47:19.236  2411  2424 I am_pss  : [22813,1000,com.qualcomm.location.XT,4237312,1769472,1294336]
07-06 18:47:21.128  2411  2411 I notification_enqueue: [10071,26904,com.google.android.apps.maps,1,NULL,0,Notification(channel=1_foreground_1 pri=2 contentView=com.google.android.apps.maps/0x7f05008d vibrate=null sound=null defaults=0x0 flags=0xa color=0x00000000 groupKey=navigation_status_notification_group vis=PRIVATE),1]
07-06 18:47:22.223  2411  2411 I notification_enqueue: [10071,26904,com.google.android.apps.maps,1,NULL,0,Notification(channel=1_foreground_1 pri=2 contentView=com.google.android.apps.maps/0x7f05008d vibrate=null sound=null defaults=0x0 flags=0xa color=0x00000000 groupKey=navigation_status_notification_group vis=PRIVATE),1]
07-06 18:47:22.230  2411  7184 I am_uid_active: 10011
07-06 18:47:23.227  2411  2411 I notification_enqueue: [10071,26904,com.google.android.apps.maps,1,NULL,0,Notification(channel=1_foreground_1 pri=2 contentView=com.google.android.apps.maps/0x7f05008d vibrate=null sound=null defaults=0x0 flags=0xa color=0x00000000 groupKey=navigation_status_notification_group vis=PRIVATE),1]
07-06 18:47:23.346  2588  2657 I sysui_multi_action: [757,1093,758,4,793,4435,1094,9437408,1095,5]
07-06 18:47:23.418  3127 25850 I c2dm    : [8,com.google.android.apps.maps:0:1530883043354744,7,6]
07-06 18:47:24.200  2411  2411 I notification_enqueue: [10071,26904,com.google.android.apps.maps,1,NULL,0,Notification(channel=1_foreground_1 pri=2 contentView=com.google.android.apps.maps/0x7f05008d vibrate=null sound=null defaults=0x0 flags=0xa color=0x00000000 groupKey=navigation_status_notification_group vis=PRIVATE),1]
07-06 18:47:24.354  2588  2657 I sysui_multi_action: [757,1093,758,4,793,1008,1094,9437408,1095,5]
07-06 18:47:24.786  2411  2411 I notification_enqueue: [10071,26904,com.google.android.apps.maps,121542904,NULL,0,Notification(channel=121542904 pri=-2 contentView=null vibrate=null sound=null tick defaults=0x0 flags=0x100 color=0xff4285f4 groupKey=atn_group actions=1 vis=PRIVATE),0]
07-06 18:47:25.094  1666  1666 I auditd  : type=1400 audit(0.0:414): avc: denied { read } for comm="HwBinder:1666_2" name="u:object_r:dolby_prop:s0" dev="tmpfs" ino=12593 scontext=u:r:hal_audio_default:s0 tcontext=u:object_r:dolby_prop:s0 tclass=file permissive=0
07-06 18:47:25.181  2411  2411 I notification_enqueue: [10071,26904,com.google.android.apps.maps,1,NULL,0,Notification(channel=1_foreground_1 pri=2 contentView=com.google.android.apps.maps/0x7f05008d vibrate=null sound=null defaults=0x0 flags=0xa color=0x00000000 groupKey=navigation_status_notification_group vis=PRIVATE),1]
07-06 18:47:35.182  2411  2411 I chatty  : uid=1000 system_server identical 10 lines
07-06 18:47:36.185  2411  2411 I notification_enqueue: [10071,26904,com.google.android.apps.maps,1,NULL,0,Notification(channel=1_foreground_1 pri=2 contentView=com.google.android.apps.maps/0x7f05008d vibrate=null sound=null defaults=0x0 flags=0xa color=0x00000000 groupKey=navigation_status_notification_group vis=PRIVATE),1]
07-06 18:47:36.395  2588  2657 I sysui_multi_action: [757,1093,758,4,793,12041,1094,9437408,1095,5]
07-06 18:47:37.171  2411  2411 I notification_enqueue: [10071,26904,com.google.android.apps.maps,1,NULL,0,Notification(channel=1_foreground_1 pri=2 contentView=com.google.android.apps.maps/0x7f05008d vibrate=null sound=null defaults=0x0 flags=0xa color=0x00000000 groupKey=navigation_status_notification_group vis=PRIVATE),1]
07-06 18:47:37.402  2588  2657 I sysui_multi_action: [757,1093,758,4,793,1006,1094,9437408,1095,5]
07-06 18:47:38.167  2411  2411 I notification_enqueue: [10071,26904,com.google.android.apps.maps,1,NULL,0,Notification(channel=1_foreground_1 pri=2 contentView=com.google.android.apps.maps/0x7f05008d vibrate=null sound=null defaults=0x0 flags=0xa color=0x00000000 groupKey=navigation_status_notification_group vis=PRIVATE),1]
07-06 18:47:38.411  2588  2657 I sysui_multi_action: [757,1093,758,4,793,1010,1094,9437408,1095,5]
07-06 18:47:39.184  2411  2411 I notification_enqueue: [10071,26904,com.google.android.apps.maps,1,NULL,0,Notification(channel=1_foreground_1 pri=2 contentView=com.google.android.apps.maps/0x7f05008d vibrate=null sound=null defaults=0x0 flags=0xa color=0x00000000 groupKey=navigation_status_notification_group vis=PRIVATE),1]
07-06 18:47:40.251  2411  2411 I chatty  : uid=1000 system_server identical 1 line
07-06 18:47:41.161  2411  2411 I notification_enqueue: [10071,26904,com.google.android.apps.maps,1,NULL,0,Notification(channel=1_foreground_1 pri=2 contentView=com.google.android.apps.maps/0x7f05008d vibrate=null sound=null defaults=0x0 flags=0xa color=0x00000000 groupKey=navigation_status_notification_group vis=PRIVATE),1]
07-06 18:47:41.546  2411  2424 I am_pss  : [26904,10071,com.google.android.apps.maps,317831168,310284288,0]
07-06 18:47:42.466  2411  2411 I notification_enqueue: [10071,26904,com.google.android.apps.maps,1,NULL,0,Notification(channel=1_foreground_1 pri=2 contentView=com.google.android.apps.maps/0x7f05008d vibrate=null sound=null defaults=0x0 flags=0xa color=0x00000000 groupKey=navigation_status_notification_group vis=PRIVATE),1]
07-06 18:47:48.147  2411  2411 I chatty  : uid=1000 system_server identical 6 lines
07-06 18:47:49.165  2411  2411 I notification_enqueue: [10071,26904,com.google.android.apps.maps,1,NULL,0,Notification(channel=1_foreground_1 pri=2 contentView=com.google.android.apps.maps/0x7f05008d vibrate=null sound=null defaults=0x0 flags=0xa color=0x00000000 groupKey=navigation_status_notification_group vis=PRIVATE),1]
07-06 18:47:49.788  2588  2588 I sysui_multi_action: [757,931,758,4,759,3,932,0,933,0]
07-06 18:47:49.906  2588  2588 I sysui_multi_action: [757,931,758,4,759,3,932,0,933,1]
07-06 18:47:49.914  2411  2480 I am_new_intent: [0,237043273,15,com.android.launcher3/com.android.searchlauncher.SearchLauncher,android.intent.action.MAIN,NULL,NULL,268435712]
07-06 18:47:49.914  2411  2480 I wm_task_moved: [15,1,0]
07-06 18:47:49.915  2411  2480 I am_focused_stack: [0,0,1,bringingFoundTaskToFront]
07-06 18:47:49.915  2411  2480 I wm_task_moved: [15,1,0]
07-06 18:47:49.917  2411  2480 I am_pause_activity: [0,220190579,com.google.android.apps.maps/com.google.android.maps.MapsActivity]
07-06 18:47:49.918  2411  2480 I am_task_to_front: [0,15]
07-06 18:47:49.928  2411  2741 I wm_stack_created: 4
07-06 18:47:49.929  2411  2741 I wm_task_removed: [105,reParentTask]
07-06 18:47:49.930  2411  2741 I wm_task_moved: [105,1,0]
07-06 18:47:49.932  2411  2741 I wm_stack_removed: 1
07-06 18:47:49.932  2411  2741 I wm_task_moved: [105,1,0]
07-06 18:47:49.951  2411  2741 I sysui_action: [819,false]
07-06 18:47:49.952  2411  2741 I sysui_multi_action: [757,819,758,4,759,0]
07-06 18:47:49.952  2411  2741 I sysui_multi_action: [757,824,758,4,825,0.750000]
07-06 18:47:50.019  2411  2411 I notification_enqueue: [10071,26904,com.google.android.apps.maps,1,NULL,0,Notification(channel=1_foreground_1 pri=2 contentView=com.google.android.apps.maps/0x7f05008d vibrate=null sound=null defaults=0x0 flags=0xa color=0x00000000 groupKey=navigation_status_notification_group vis=PRIVATE),1]
07-06 18:47:50.031 26904 26904 I am_on_paused_called: [0,com.google.android.maps.MapsActivity,handlePauseActivity]
07-06 18:47:50.035  2411  5120 I am_set_resumed_activity: [0,com.android.launcher3/com.android.searchlauncher.SearchLauncher,resumeTopActivityInnerLocked]
07-06 18:47:50.047  2411  5120 I am_resume_activity: [0,237043273,15,com.android.launcher3/com.android.searchlauncher.SearchLauncher]
07-06 18:47:50.056  2411  2425 I sysui_count: [window_time_0,61]
07-06 18:47:50.056  2411  2425 I sysui_multi_action: [757,803,799,window_time_0,802,61]
07-06 18:47:50.058  3245  3245 I am_on_resume_called: [0,com.android.searchlauncher.SearchLauncher,RESUME_ACTIVITY]
07-06 18:47:50.064  2411  2432 I sysui_multi_action: [319,144,322,102,325,10026,757,761,758,9,759,2,806,com.android.launcher3,871,com.android.searchlauncher.SearchLauncher,905,0]
07-06 18:47:50.169  2411  2411 I notification_enqueue: [10071,26904,com.google.android.apps.maps,1,NULL,0,Notification(channel=1_foreground_1 pri=2 contentView=com.google.android.apps.maps/0x7f05008d vibrate=null sound=null defaults=0x0 flags=0xa color=0x00000000 groupKey=navigation_status_notification_group vis=PRIVATE),1]
07-06 18:47:50.476  2411  2741 I wm_task_moved: [105,1,0]
07-06 18:47:50.477  2411  2741 I am_task_to_front: [0,105]
07-06 18:47:50.479  2411  2741 I wm_task_moved: [105,1,0]
07-06 18:47:50.479  2411  2741 I am_create_activity: [0,178954310,105,com.android.systemui/.pip.phone.PipMenuActivity,NULL,NULL,NULL,281018368]
07-06 18:47:50.481  2411  2741 I am_focused_stack: [0,4,0,startActivityUnchecked]
07-06 18:47:50.481  2411  2741 I wm_task_moved: [105,1,0]
07-06 18:47:50.482  2411  2741 I am_pause_activity: [0,237043273,com.android.launcher3/com.android.searchlauncher.SearchLauncher]
07-06 18:47:50.483  3245  3245 I am_on_paused_called: [0,com.android.searchlauncher.SearchLauncher,handlePauseActivity]
07-06 18:47:50.491  2411  6692 I am_restart_activity: [0,178954310,105,com.android.systemui/.pip.phone.PipMenuActivity]
07-06 18:47:50.492  2411  6692 I am_set_resumed_activity: [0,com.android.systemui/.pip.phone.PipMenuActivity,minimalResumeActivityLocked]
07-06 18:47:50.495  2411  2425 I sysui_count: [window_time_0,0]
07-06 18:47:50.495  2411  2425 I sysui_multi_action: [757,803,799,window_time_0,802,0]
07-06 18:47:50.495  2411  2411 I notification_enqueue: [10071,26904,com.google.android.apps.maps,1,NULL,0,Notification(channel=1_foreground_1 pri=2 contentView=com.google.android.apps.maps/0x7f05008d vibrate=null sound=null defaults=0x0 flags=0xa color=0x00000000 groupKey=navigation_status_notification_group vis=PRIVATE),1]
07-06 18:47:50.505  2411  2411 I notification_enqueue: [10035,2588,com.android.systemui,0,com.android.systemui.pip.phone.PipNotificationController,0,Notification(channel=GEN pri=0 contentView=null vibrate=null sound=null defaults=0x0 flags=0x102 color=0xff607d8b vis=PRIVATE),0]
07-06 18:47:50.520  2588  2588 I am_on_resume_called: [0,com.android.systemui.pip.phone.PipMenuActivity,LAUNCH_ACTIVITY]
07-06 18:47:50.557  2411  2432 I am_activity_launch_time: [0,178954310,com.android.systemui/.pip.phone.PipMenuActivity,67,67]
07-06 18:47:50.564  2411  2432 I sysui_multi_action: [319,84,322,81,325,10027,757,761,758,8,759,2,806,com.android.systemui,871,com.android.systemui.pip.phone.PipMenuActivity,904,com.android.systemui,905,0]
07-06 18:47:51.153  2411  2411 I notification_enqueue: [10071,26904,com.google.android.apps.maps,1,NULL,0,Notification(channel=1_foreground_1 pri=2 contentView=com.google.android.apps.maps/0x7f05008d vibrate=null sound=null defaults=0x0 flags=0xa color=0x00000000 groupKey=navigation_status_notification_group vis=PRIVATE),1]
07-06 18:47:51.199  2411  2424 I am_pss  : [3213,1000,com.qualcomm.qti.services.secureui:sui_service,3697664,2809856,0]
07-06 18:47:51.229  2411  2424 I am_pss  : [3200,10030,com.android.test.soundtrigger,2657280,1929216,0]
07-06 18:47:51.252  2411  2424 I am_pss  : [3180,1000,com.quicinc.wbcserviceapp,2759680,2015232,0]
07-06 18:47:51.274  2411  2424 I am_pss  : [3174,1001,com.qualcomm.qti.loadcarrier,2932736,2170880,0]
07-06 18:47:51.305  2411  2424 I am_pss  : [2725,1001,com.android.phone,38648832,33574912,0]
07-06 18:47:51.324  2411  2424 I am_pss  : [2696,1001,com.qualcomm.qti.telephonyservice,4881408,3952640,0]
07-06 18:47:51.344  2411  2424 I am_pss  : [2688,1000,.dataservices,6484992,5386240,0]
07-06 18:47:51.376  2411  2424 I am_pss  : [2588,10035,com.android.systemui,111721472,103120896,0]
07-06 18:47:51.411  2411  2424 I am_pss  : [2411,1000,system,135614464,123781120,0]
07-06 18:47:52.166  2411  2411 I notification_enqueue: [10071,26904,com.google.android.apps.maps,1,NULL,0,Notification(channel=1_foreground_1 pri=2 contentView=com.google.android.apps.maps/0x7f05008d vibrate=null sound=null defaults=0x0 flags=0xa color=0x00000000 groupKey=navigation_status_notification_group vis=PRIVATE),1]
07-06 18:47:52.382  2411  2424 I am_pss  : [3305,10011,android.process.media,11687936,4407296,4589568]
07-06 18:47:52.422  2411  2424 I am_pss  : [3267,10014,com.google.process.gservices,5482496,1425408,2903040]
07-06 18:47:53.166  2411  2411 I notification_enqueue: [10071,26904,com.google.android.apps.maps,1,NULL,0,Notification(channel=1_foreground_1 pri=2 contentView=com.google.android.apps.maps/0x7f05008d vibrate=null sound=null defaults=0x0 flags=0xa color=0x00000000 groupKey=navigation_status_notification_group vis=PRIVATE),1]
07-06 18:47:54.165  2588  2588 I sysui_view_visibility: [823,0]
07-06 18:47:54.165  2588  2588 I sysui_multi_action: [757,823,758,2]
07-06 18:47:54.170  2411  2411 I notification_enqueue: [10071,26904,com.google.android.apps.maps,1,NULL,0,Notification(channel=1_foreground_1 pri=2 contentView=com.google.android.apps.maps/0x7f05008d vibrate=null sound=null defaults=0x0 flags=0xa color=0x00000000 groupKey=navigation_status_notification_group vis=PRIVATE),1]
07-06 18:47:54.305  2411  5120 I am_finish_activity: [0,178954310,105,com.android.systemui/.pip.phone.PipMenuActivity,app-request]
07-06 18:47:54.308  2411  5120 I am_pause_activity: [0,178954310,com.android.systemui/.pip.phone.PipMenuActivity]
07-06 18:47:54.311  2411  2425 I sysui_count: [window_time_0,4]
07-06 18:47:54.312  2411  2425 I sysui_multi_action: [757,803,799,window_time_0,802,4]
07-06 18:47:54.313  2588  2588 I am_on_paused_called: [0,com.android.systemui.pip.phone.PipMenuActivity,handlePauseActivity]
07-06 18:47:54.314  2411  5120 I am_destroy_activity: [0,178954310,105,com.android.systemui/.pip.phone.PipMenuActivity,finish-imm]
07-06 18:47:54.314  2411  5120 I am_focused_stack: [0,0,4,noMoreActivities adjustFocusToNextFocusableStack]
07-06 18:47:54.315  2411  5120 I wm_task_moved: [15,1,0]
07-06 18:47:54.323  2411  2425 I sysui_count: [window_time_0,0]
07-06 18:47:54.323  2411  2425 I sysui_multi_action: [757,803,799,window_time_0,802,0]
07-06 18:47:54.325  2588  2588 I am_on_stop_called: [0,com.android.systemui.pip.phone.PipMenuActivity,destroy]
07-06 18:47:54.345  2411  2741 I am_set_resumed_activity: [0,com.android.launcher3/com.android.searchlauncher.SearchLauncher,resumeTopActivityInnerLocked]
07-06 18:47:54.371  2411  2741 I am_resume_activity: [0,237043273,15,com.android.launcher3/com.android.searchlauncher.SearchLauncher]
07-06 18:47:54.382  2411  2425 I sysui_count: [window_time_0,0]
07-06 18:47:54.382  2411  2425 I sysui_multi_action: [757,803,799,window_time_0,802,0]
07-06 18:47:54.384  3245  3245 I am_on_resume_called: [0,com.android.searchlauncher.SearchLauncher,RESUME_ACTIVITY]
07-06 18:47:54.473  2588  2657 I sysui_multi_action: [757,1093,758,4,793,16061,1094,9437408,1095,5]
07-06 18:47:55.162  2411  2411 I notification_enqueue: [10071,26904,com.google.android.apps.maps,1,NULL,0,Notification(channel=1_foreground_1 pri=2 contentView=com.google.android.apps.maps/0x7f05008d vibrate=null sound=null defaults=0x0 flags=0xa color=0x00000000 groupKey=navigation_status_notification_group vis=PRIVATE),1]
07-06 18:47:55.481  2588  2657 I sysui_multi_action: [757,1093,758,4,793,1008,1094,9437408,1095,5]
07-06 18:47:56.138  2411  2411 I notification_enqueue: [10071,26904,com.google.android.apps.maps,1,NULL,0,Notification(channel=1_foreground_1 pri=2 contentView=com.google.android.apps.maps/0x7f05008d vibrate=null sound=null defaults=0x0 flags=0xa color=0x00000000 groupKey=navigation_status_notification_group vis=PRIVATE),1]
07-06 18:47:57.163  2411  2411 I notification_enqueue: [10071,26904,com.google.android.apps.maps,1,NULL,0,Notification(channel=1_foreground_1 pri=2 contentView=com.google.android.apps.maps/0x7f05008d vibrate=null sound=null defaults=0x0 flags=0xa color=0x00000000 groupKey=navigation_status_notification_group vis=PRIVATE),1]
07-06 18:47:57.538  2411  2741 I wm_stack_created: 1
07-06 18:47:57.538  2411  2741 I wm_task_created: [106,1]
07-06 18:47:57.539  2411  2741 I wm_task_moved: [106,1,0]
07-06 18:47:57.539  2411  2741 I am_focused_stack: [0,1,0,reuseOrNewTask]
07-06 18:47:57.539  2411  2741 I wm_task_moved: [106,1,0]
07-06 18:47:57.539  2411  2741 I am_create_task: [0,106]
07-06 18:47:57.539  2411  2741 I am_create_activity: [0,208264141,106,com.generalmobile.app.musicplayer/.SplashActivity,android.intent.action.MAIN,NULL,NULL,270532608]
07-06 18:47:57.540  2411  2741 I wm_task_moved: [106,1,0]
07-06 18:47:57.541  2411  2741 I am_pause_activity: [0,237043273,com.android.launcher3/com.android.searchlauncher.SearchLauncher]
07-06 18:47:57.546  3245  3245 I am_on_paused_called: [0,com.android.searchlauncher.SearchLauncher,handlePauseActivity]
07-06 18:47:57.547  2411  6692 I am_uid_running: 10090
07-06 18:47:57.573  2411  6692 I am_proc_start: [0,27467,10090,com.generalmobile.app.musicplayer,activity,com.generalmobile.app.musicplayer/.SplashActivity]
07-06 18:47:57.575  2411  2741 I am_proc_bound: [0,27467,com.generalmobile.app.musicplayer]
07-06 18:47:57.582  2411  2741 I am_uid_active: 10090
07-06 18:47:57.582  2411  2741 I am_restart_activity: [0,208264141,106,com.generalmobile.app.musicplayer/.SplashActivity]
07-06 18:47:57.583  2411  2741 I am_set_resumed_activity: [0,com.generalmobile.app.musicplayer/.SplashActivity,minimalResumeActivityLocked]
07-06 18:47:57.590  2411  2425 I sysui_count: [window_time_0,4]
07-06 18:47:57.590  2411  2425 I sysui_multi_action: [757,803,799,window_time_0,802,4]
07-06 18:47:57.849 27467 27467 I am_on_resume_called: [0,com.generalmobile.app.musicplayer.SplashActivity,LAUNCH_ACTIVITY]
07-06 18:47:57.976  2411  2432 I sysui_multi_action: [319,111,321,110,322,465,325,10034,757,761,758,7,759,1,806,com.generalmobile.app.musicplayer,871,com.generalmobile.app.musicplayer.SplashActivity,904,com.android.launcher3,905,0,945,70]
07-06 18:47:57.976  2411  2432 I am_activity_launch_time: [0,208264141,com.generalmobile.app.musicplayer/.SplashActivity,423,423]
07-06 18:47:57.992  2411  2425 I am_stop_activity: [0,237043273,com.android.launcher3/com.android.searchlauncher.SearchLauncher]
07-06 18:47:57.997  3245  3245 I am_on_stop_called: [0,com.android.searchlauncher.SearchLauncher,handleStopActivity]
07-06 18:47:58.111  2411  2411 I notification_enqueue: [10071,26904,com.google.android.apps.maps,1,NULL,0,Notification(channel=1_foreground_1 pri=2 contentView=com.google.android.apps.maps/0x7f05008d vibrate=null sound=null defaults=0x0 flags=0xa color=0x00000000 groupKey=navigation_status_notification_group vis=PRIVATE),1]
07-06 18:47:58.347  2411  6692 I wm_task_moved: [106,1,0]
07-06 18:47:58.348  2411  6692 I wm_task_moved: [106,1,0]
07-06 18:47:58.348  2411  6692 I am_create_activity: [0,227780424,106,com.generalmobile.app.musicplayer/.dashboard.DashboardMusicActivity,NULL,NULL,NULL,268435456]
07-06 18:47:58.350  2411  6692 I am_pause_activity: [0,208264141,com.generalmobile.app.musicplayer/.SplashActivity]
07-06 18:47:58.352  2411  2422 I am_finish_activity: [0,208264141,106,com.generalmobile.app.musicplayer/.SplashActivity,app-request]
07-06 18:47:58.353  2411  2425 I sysui_count: [window_time_0,0]
07-06 18:47:58.353  2411  2425 I sysui_multi_action: [757,803,799,window_time_0,802,0]
07-06 18:47:58.354 27467 27467 I am_on_paused_called: [0,com.generalmobile.app.musicplayer.SplashActivity,handlePauseActivity]
07-06 18:47:58.356  2411  2422 I am_restart_activity: [0,227780424,106,com.generalmobile.app.musicplayer/.dashboard.DashboardMusicActivity]
07-06 18:47:58.357  2411  2422 I am_set_resumed_activity: [0,com.generalmobile.app.musicplayer/.dashboard.DashboardMusicActivity,minimalResumeActivityLocked]
07-06 18:47:58.359  2411  2425 I sysui_count: [window_time_0,0]
07-06 18:47:58.359  2411  2425 I sysui_multi_action: [757,803,799,window_time_0,802,0]
07-06 18:47:58.661 27467 27467 I am_on_resume_called: [0,com.generalmobile.app.musicplayer.dashboard.DashboardMusicActivity,LAUNCH_ACTIVITY]
07-06 18:47:59.081  2411  2432 I am_activity_launch_time: [0,227780424,com.generalmobile.app.musicplayer/.dashboard.DashboardMusicActivity,724,724]
07-06 18:47:59.137  2411  2411 I notification_enqueue: [10071,26904,com.google.android.apps.maps,1,NULL,0,Notification(channel=1_foreground_1 pri=2 contentView=com.google.android.apps.maps/0x7f05008d vibrate=null sound=null defaults=0x0 flags=0xa color=0x00000000 groupKey=navigation_status_notification_group vis=PRIVATE),1]
07-06 18:47:59.454  2411  2425 I am_destroy_activity: [0,208264141,106,com.generalmobile.app.musicplayer/.SplashActivity,finish-imm]
07-06 18:47:59.456 27467 27467 I am_on_stop_called: [0,com.generalmobile.app.musicplayer.SplashActivity,destroy]
07-06 18:47:59.491  2588  2657 I sysui_multi_action: [757,1093,758,4,793,4011,1094,9437408,1095,5]
07-06 18:48:00.160  2411  2411 I notification_enqueue: [10071,26904,com.google.android.apps.maps,1,NULL,0,Notification(channel=1_foreground_1 pri=2 contentView=com.google.android.apps.maps/0x7f05008d vibrate=null sound=null defaults=0x0 flags=0xa color=0x00000000 groupKey=navigation_status_notification_group vis=PRIVATE),1]
07-06 18:48:00.496  2588  2657 I sysui_multi_action: [757,1093,758,4,793,1004,1094,9437408,1095,5]
