07-06 17:34:00.321  2411  2424 I am_pss  : [3180,1000,com.quicinc.wbcserviceapp,2810880,2011136,0]
07-06 17:34:00.337  2411  2424 I am_pss  : [3174,1001,com.qualcomm.qti.loadcarrier,2985984,2166784,0]
07-06 17:34:00.361  2411  2424 I am_pss  : [2725,1001,com.android.phone,38335488,32759808,0]
07-06 17:34:00.377  2411  2424 I am_pss  : [2696,1001,com.qualcomm.qti.telephonyservice,4128768,3112960,0]
07-06 17:34:00.395  2411  2424 I am_pss  : [2688,1000,.dataservices,6751232,5570560,0]
07-06 17:34:11.717  2411  7184 I wm_task_created: [86,1]
07-06 17:34:11.717  2411  7184 I wm_task_moved: [86,1,1]
07-06 17:34:11.717  2411  7184 I am_focused_stack: [0,1,0,reuseOrNewTask]
07-06 17:34:11.718  2411  7184 I wm_task_moved: [86,1,1]
07-06 17:34:11.718  2411  7184 I am_create_task: [0,86]
07-06 17:34:11.718  2411  7184 I am_create_activity: [0,76976968,86,com.google.android.dialer/.extensions.GoogleDialtactsActivity,android.intent.action.MAIN,NULL,NULL,270532608]
07-06 17:34:11.718  2411  7184 I wm_task_moved: [86,1,1]
07-06 17:34:11.720  2411  7184 I am_pause_activity: [0,237043273,com.android.launcher3/com.android.searchlauncher.SearchLauncher]
07-06 17:34:11.720  3245  3245 I am_on_paused_called: [0,com.android.searchlauncher.SearchLauncher,handlePauseActivity]
07-06 17:34:11.723  2411  2421 I am_uid_running: 10016
07-06 17:34:11.734  2411  2421 I am_proc_start: [0,22356,10016,com.google.android.dialer,activity,com.google.android.dialer/.extensions.GoogleDialtactsActivity]
07-06 17:34:11.738  2411  2425 I sysui_count: [window_time_0,62]
07-06 17:34:11.738  2411  2425 I sysui_multi_action: [757,803,799,window_time_0,802,62]
07-06 17:34:11.742  2411 15411 I am_proc_bound: [0,22356,com.google.android.dialer]
07-06 17:34:11.747  2411 15411 I am_uid_active: 10016
07-06 17:34:11.747  2411 15411 I am_restart_activity: [0,76976968,86,com.google.android.dialer/.extensions.GoogleDialtactsActivity]
07-06 17:34:11.748  2411 15411 I am_set_resumed_activity: [0,com.google.android.dialer/.extensions.GoogleDialtactsActivity,minimalResumeActivityLocked]
07-06 17:34:11.952 22356 22356 I am_on_resume_called: [0,com.google.android.dialer.extensions.GoogleDialtactsActivity,LAUNCH_ACTIVITY]
07-06 17:34:12.142  2411  2432 I sysui_multi_action: [319,53,321,51,322,433,325,7796,757,761,758,7,759,1,806,com.google.android.dialer,871,com.google.android.dialer.extensions.GoogleDialtactsActivity,905,0,945,35]
07-06 17:34:12.142  2411  2432 I am_activity_launch_time: [0,76976968,com.google.android.dialer/.extensions.GoogleDialtactsActivity,417,417]
07-06 17:34:12.617  2411 15411 I am_stop_activity: [0,237043273,com.android.launcher3/com.android.searchlauncher.SearchLauncher]
07-06 17:34:12.620  3245  3245 I am_on_stop_called: [0,com.android.searchlauncher.SearchLauncher,handleStopActivity]
07-06 17:34:19.432  2588  2657 I sysui_multi_action: [757,1093,758,4,793,49761,1094,9437184,1095,2]
07-06 17:34:20.446  2588  2657 I sysui_multi_action: [757,1093,758,4,793,1013,1094,9437184,1095,2]
07-06 17:34:22.132  2411  2424 I am_pss  : [22356,10016,com.google.android.dialer,84755456,79814656,0]
07-06 17:34:22.428  2411  2424 I am_pss  : [13218,10072,com.google.android.apps.messaging:rcs,4862976,1302528,1696768]
07-06 17:34:24.469  2588  2657 I sysui_multi_action: [757,1093,758,4,793,4024,1094,9437184,1095,2]
07-06 17:34:25.485  2588  2657 I sysui_multi_action: [757,1093,758,4,793,1016,1094,9437184,1095,2]
07-06 17:34:28.493  2588  2588 I sysui_multi_action: [757,931,758,4,759,4,932,0,933,0]
07-06 17:34:28.495  2411  7184 I sysui_count: [key_back_down,1]
07-06 17:34:28.495  2411  7184 I sysui_multi_action: [757,803,799,key_back_down,802,1]
07-06 17:34:28.572  2588  2588 I sysui_multi_action: [757,931,758,4,759,4,932,0,933,1]
07-06 17:34:28.576  2411  7184 I am_finish_activity: [0,76976968,86,com.google.android.dialer/.extensions.GoogleDialtactsActivity,app-request]
07-06 17:34:28.577  2411  7184 I am_focused_stack: [0,0,1,finishActivity adjustFocus]
07-06 17:34:28.578  2411  7184 I wm_task_moved: [15,1,0]
07-06 17:34:28.580  2411  7184 I am_pause_activity: [0,76976968,com.google.android.dialer/.extensions.GoogleDialtactsActivity]
07-06 17:34:28.585  2411  2425 I sysui_count: [window_time_0,17]
07-06 17:34:28.585  2411  2425 I sysui_multi_action: [757,803,799,window_time_0,802,17]
07-06 17:34:28.590 22356 22356 I am_on_paused_called: [0,com.google.android.dialer.extensions.GoogleDialtactsActivity,handlePauseActivity]
07-06 17:34:28.599  2411 12921 I am_set_resumed_activity: [0,com.android.launcher3/com.android.searchlauncher.SearchLauncher,resumeTopActivityInnerLocked]
07-06 17:34:28.608  2411 12921 I am_resume_activity: [0,237043273,15,com.android.launcher3/com.android.searchlauncher.SearchLauncher]
07-06 17:34:28.618  2411  2425 I sysui_count: [window_time_0,0]
07-06 17:34:28.618  2411  2425 I sysui_multi_action: [757,803,799,window_time_0,802,0]
07-06 17:34:28.629  3245  3245 I am_on_resume_called: [0,com.android.searchlauncher.SearchLauncher,RESUME_ACTIVITY]
07-06 17:34:28.686  2588  2588 I sysui_multi_action: [757,931,758,4,759,4,932,0,933,0]
07-06 17:34:28.687  2411  3446 I sysui_count: [key_back_down,1]
07-06 17:34:28.687  2411  3446 I sysui_multi_action: [757,803,799,key_back_down,802,1]
07-06 17:34:28.753  2588  2588 I sysui_multi_action: [757,931,758,4,759,4,932,0,933,1]
07-06 17:34:28.866  2588  2588 I sysui_multi_action: [757,931,758,4,759,4,932,0,933,0]
07-06 17:34:28.867  2411 12921 I sysui_count: [key_back_down,1]
07-06 17:34:28.868  2411 12921 I sysui_multi_action: [757,803,799,key_back_down,802,1]
07-06 17:34:28.915  2411  2425 I am_destroy_activity: [0,76976968,86,com.google.android.dialer/.extensions.GoogleDialtactsActivity,finish-imm]
07-06 17:34:28.927  2588  2588 I sysui_multi_action: [757,931,758,4,759,4,932,0,933,1]
07-06 17:34:28.938 22356 22356 I am_on_stop_called: [0,com.google.android.dialer.extensions.GoogleDialtactsActivity,destroy]
07-06 17:34:29.028  2588  2588 I sysui_multi_action: [757,931,758,4,759,4,932,0,933,0]
07-06 17:34:29.028  2411 12921 I sysui_count: [key_back_down,1]
07-06 17:34:29.028  2411 12921 I sysui_multi_action: [757,803,799,key_back_down,802,1]
07-06 17:34:29.097  2588  2588 I sysui_multi_action: [757,931,758,4,759,4,932,0,933,1]
07-06 17:34:29.097  2411  2463 I wm_task_removed: [86,removeAppToken: last token]
07-06 17:34:29.097  2411  2463 I wm_task_removed: [86,removeTask]
07-06 17:34:29.667  2588  2657 I sysui_multi_action: [757,1093,758,4,793,4181,1094,9437184,1095,2]
07-06 17:34:30.570  2411 12921 I wm_task_created: [87,1]
07-06 17:34:30.570  2411 12921 I wm_task_moved: [87,1,1]
07-06 17:34:30.570  2411 12921 I am_focused_stack: [0,1,0,reuseOrNewTask]
07-06 17:34:30.570  2411 12921 I wm_task_moved: [87,1,1]
07-06 17:34:30.570  2411 12921 I am_create_task: [0,87]
07-06 17:34:30.570  2411 12921 I am_create_activity: [0,113910396,87,com.google.android.dialer/.extensions.GoogleDialtactsActivity,android.intent.action.MAIN,NULL,NULL,270532608]
07-06 17:34:30.571  2411 12921 I wm_task_moved: [87,1,1]
07-06 17:34:30.572  2411 12921 I am_pause_activity: [0,237043273,com.android.launcher3/com.android.searchlauncher.SearchLauncher]
07-06 17:34:30.572  3245  3245 I am_on_paused_called: [0,com.android.searchlauncher.SearchLauncher,handlePauseActivity]
07-06 17:34:30.581  2411  7184 I am_restart_activity: [0,113910396,87,com.google.android.dialer/.extensions.GoogleDialtactsActivity]
07-06 17:34:30.582  2411  7184 I am_set_resumed_activity: [0,com.google.android.dialer/.extensions.GoogleDialtactsActivity,minimalResumeActivityLocked]
07-06 17:34:30.585  2411  2425 I sysui_count: [window_time_0,2]
07-06 17:34:30.585  2411  2425 I sysui_multi_action: [757,803,799,window_time_0,802,2]
07-06 17:34:30.645 22356 22356 I am_on_resume_called: [0,com.google.android.dialer.extensions.GoogleDialtactsActivity,LAUNCH_ACTIVITY]
07-06 17:34:30.750  2411  2432 I sysui_multi_action: [319,54,321,52,322,178,325,7815,757,761,758,8,759,1,806,com.google.android.dialer,871,com.google.android.dialer.extensions.GoogleDialtactsActivity,905,0]
07-06 17:34:30.750  2411  2432 I am_activity_launch_time: [0,113910396,com.google.android.dialer/.extensions.GoogleDialtactsActivity,169,169]
07-06 17:34:31.360  2411  2425 I am_stop_activity: [0,237043273,com.android.launcher3/com.android.searchlauncher.SearchLauncher]
07-06 17:34:31.363  3245  3245 I am_on_stop_called: [0,com.android.searchlauncher.SearchLauncher,handleStopActivity]
07-06 17:34:31.721  2588  2657 I sysui_multi_action: [757,1093,758,4,793,2055,1094,9437184,1095,2]
07-06 17:34:35.137  2588  2657 I sysui_multi_action: [757,1093,758,4,793,3415,1094,9437184,1095,2]
07-06 17:34:39.713  3127 19761 I c2dm    : [0,,43,39]
07-06 17:34:39.984  3127 19768 I c2dm    : [1,,43,39]
07-06 17:34:40.987  2411  2424 I am_pss  : [22356,10016,com.google.android.dialer,80522240,76197888,0]
07-06 17:34:41.021  2411  2424 I am_pss  : [13218,10072,com.google.android.apps.messaging:rcs,4862976,1318912,1680384]
07-06 17:34:41.272  2588  2657 I sysui_multi_action: [757,1093,758,4,793,6136,1094,9437184,1095,2]
07-06 17:34:42.754  2588  2657 I sysui_multi_action: [757,1093,758,4,793,1482,1094,9437184,1095,2]
07-06 17:34:43.607  2588  2588 I sysui_multi_action: [757,931,758,4,759,4,932,0,933,0]
07-06 17:34:43.608  2411 12921 I sysui_count: [key_back_down,1]
07-06 17:34:43.608  2411 12921 I sysui_multi_action: [757,803,799,key_back_down,802,1]
07-06 17:34:43.675  2588  2588 I sysui_multi_action: [757,931,758,4,759,4,932,0,933,1]
07-06 17:34:43.678  2411 12921 I am_finish_activity: [0,113910396,87,com.google.android.dialer/.extensions.GoogleDialtactsActivity,app-request]
07-06 17:34:43.679  2411 12921 I am_focused_stack: [0,0,1,finishActivity adjustFocus]
07-06 17:34:43.679  2411 12921 I wm_task_moved: [15,1,0]
07-06 17:34:43.681  2411 12921 I am_pause_activity: [0,113910396,com.google.android.dialer/.extensions.GoogleDialtactsActivity]
07-06 17:34:43.685  2411  2425 I sysui_count: [window_time_0,13]
07-06 17:34:43.685  2411  2425 I sysui_multi_action: [757,803,799,window_time_0,802,13]
07-06 17:34:43.690 22356 22356 I am_on_paused_called: [0,com.google.android.dialer.extensions.GoogleDialtactsActivity,handlePauseActivity]
07-06 17:34:43.696  2411 12921 I am_set_resumed_activity: [0,com.android.launcher3/com.android.searchlauncher.SearchLauncher,resumeTopActivityInnerLocked]
07-06 17:34:43.705  2411 12921 I am_resume_activity: [0,237043273,15,com.android.launcher3/com.android.searchlauncher.SearchLauncher]
07-06 17:34:43.715  2411  2425 I sysui_count: [window_time_0,0]
07-06 17:34:43.716  2411  2425 I sysui_multi_action: [757,803,799,window_time_0,802,0]
07-06 17:34:43.730  3245  3245 I am_on_resume_called: [0,com.android.searchlauncher.SearchLauncher,RESUME_ACTIVITY]
07-06 17:34:43.767  2411  2424 I am_pss  : [3267,10014,com.google.process.gservices,5565440,2179072,2173952]
07-06 17:34:44.014  2411  2425 I am_destroy_activity: [0,113910396,87,com.google.android.dialer/.extensions.GoogleDialtactsActivity,finish-imm]
07-06 17:34:44.027  2411  2425 I am_kill : [0,16608,com.android.defcontainer,906,empty for 2059s]
07-06 17:34:44.041 22356 22356 I am_on_stop_called: [0,com.google.android.dialer.extensions.GoogleDialtactsActivity,destroy]
07-06 17:34:44.064  2411  7184 I am_proc_died: [0,16608,com.android.defcontainer,906,17]
07-06 17:34:44.064  2411  7184 I am_uid_stopped: 10009
07-06 17:34:44.194  2411  2463 I wm_task_removed: [87,removeAppToken: last token]
07-06 17:34:44.194  2411  2463 I wm_task_removed: [87,removeTask]
07-06 17:34:44.410  2588  2588 I sysui_count: [overview_affiliated_task_next,1]
07-06 17:34:44.410  2588  2588 I sysui_multi_action: [757,803,799,overview_affiliated_task_next,802,1]
07-06 17:34:44.425  2411  7184 I am_new_intent: [0,22935837,18,com.android.systemui/.recents.RecentsActivity,NULL,NULL,NULL,276840448]
07-06 17:34:44.426  2411  7184 I wm_task_moved: [18,1,0]
07-06 17:34:44.427  2411  7184 I am_focused_stack: [0,5,0,bringingFoundTaskToFront]
07-06 17:34:44.427  2411  7184 I wm_task_moved: [18,1,0]
07-06 17:34:44.428  2411  7184 I am_pause_activity: [0,237043273,com.android.launcher3/com.android.searchlauncher.SearchLauncher]
07-06 17:34:44.429  3245  3245 I am_on_paused_called: [0,com.android.searchlauncher.SearchLauncher,handlePauseActivity]
07-06 17:34:44.430  2411  7184 I am_set_resumed_activity: [0,com.android.systemui/.recents.RecentsActivity,resumeTopActivityInnerLocked]
07-06 17:34:44.440  2411  7184 I am_resume_activity: [0,22935837,18,com.android.systemui/.recents.RecentsActivity]
07-06 17:34:44.443  2411  7184 I am_task_to_front: [0,18]
07-06 17:34:44.446  2411  2425 I am_stop_activity: [0,237043273,com.android.launcher3/com.android.searchlauncher.SearchLauncher]
07-06 17:34:44.448  2411  2425 I sysui_count: [window_time_0,0]
07-06 17:34:44.448  2411  2425 I sysui_multi_action: [757,803,799,window_time_0,802,0]
07-06 17:34:44.453  3245  3245 I am_on_stop_called: [0,com.android.searchlauncher.SearchLauncher,handleStopActivity]
07-06 17:34:44.454  2588  2588 I sysui_count: [overview_trigger_nav_btn,1]
07-06 17:34:44.454  2588  2588 I sysui_multi_action: [757,803,799,overview_trigger_nav_btn,802,1]
07-06 17:34:44.454  2588  2588 I sysui_count: [overview_source_home,1]
07-06 17:34:44.454  2588  2588 I sysui_multi_action: [757,803,799,overview_source_home,802,1]
07-06 17:34:44.454  2588  2588 I sysui_histogram: [overview_task_count,3]
07-06 17:34:44.454  2588  2588 I sysui_multi_action: [757,804,799,overview_task_count,801,3,802,1]
07-06 17:34:44.455  2588  2588 I sysui_view_visibility: [224,100]
07-06 17:34:44.455  2588  2588 I sysui_multi_action: [757,224,758,1]
07-06 17:34:44.455  2588  2588 I am_on_resume_called: [0,com.android.systemui.recents.RecentsActivity,RESUME_ACTIVITY]
07-06 17:34:44.485  2411  2432 I sysui_multi_action: [319,65,322,64,325,7829,757,761,758,9,759,2,806,com.android.systemui,871,com.android.systemui.recents.RecentsActivity,904,com.android.systemui,905,0]
07-06 17:34:45.443  2588  2588 I sysui_action: [289,ComponentInfo{com.google.android.dialer/com.google.android.apps.dialer.extensions.GoogleDialtactsActivity}]
07-06 17:34:45.443  2588  2588 I sysui_multi_action: [757,289,758,4,806,ComponentInfo{com.google.android.dialer/com.google.android.apps.dialer.extensions.GoogleDialtactsActivity}]
07-06 17:34:45.444  2588  2588 I sysui_histogram: [overview_task_dismissed_source,1]
07-06 17:34:45.444  2588  2588 I sysui_multi_action: [757,804,799,overview_task_dismissed_source,801,1,802,1]
07-06 17:34:45.446  2411  9018 I am_kill : [0,22356,com.google.android.dialer,900,remove task]
07-06 17:34:45.506  2411  7184 I am_proc_died: [0,22356,com.google.android.dialer,900,17]
07-06 17:34:45.509  2411  7184 I am_uid_stopped: 10016
07-06 17:34:45.910  2588  2588 I sysui_action: [289,ComponentInfo{com.google.android.apps.messaging/com.google.android.apps.messaging.ui.conversationlist.ConversationListActivity}]
07-06 17:34:45.911  2588  2588 I sysui_multi_action: [757,289,758,4,806,ComponentInfo{com.google.android.apps.messaging/com.google.android.apps.messaging.ui.conversationlist.ConversationListActivity}]
07-06 17:34:45.911  2411  3446 I am_finish_activity: [0,63344410,85,com.google.android.apps.messaging/.ui.ConversationListActivity,clear-task-index]
07-06 17:34:45.911  2588  2588 I sysui_histogram: [overview_task_dismissed_source,1]
07-06 17:34:45.911  2588  2588 I sysui_multi_action: [757,804,799,overview_task_dismissed_source,801,1,802,1]
07-06 17:34:45.913  2411  3446 I am_destroy_activity: [0,63344410,85,com.google.android.apps.messaging/.ui.ConversationListActivity,finish-imm]
07-06 17:34:45.933  2411  3446 I am_kill : [0,13218,com.google.android.apps.messaging:rcs,900,remove task]
07-06 17:34:45.934  2411  2425 I sysui_count: [window_time_0,2]
07-06 17:34:45.935  2411  2425 I sysui_multi_action: [757,803,799,window_time_0,802,2]
07-06 17:34:45.962  2411  3446 I wm_task_removed: [85,removeAppToken: last token]
07-06 17:34:45.962  2411  3446 I wm_task_removed: [85,removeTask]
07-06 17:34:45.962  2411  3446 I wm_stack_removed: 1
07-06 17:34:45.967  2411  2741 I am_proc_died: [0,13218,com.google.android.apps.messaging:rcs,900,17]
07-06 17:34:46.293  2588  2588 I sysui_count: [overview_task_all_dismissed,1]
07-06 17:34:46.295  2588  2588 I sysui_multi_action: [757,803,799,overview_task_all_dismissed,802,1]
07-06 17:34:46.296  2588  2588 I sysui_action: [289,ComponentInfo{com.android.settings/com.android.settings.Settings$BluetoothSettingsActivity}]
07-06 17:34:46.296  2588  2588 I sysui_multi_action: [757,289,758,4,806,ComponentInfo{com.android.settings/com.android.settings.Settings$BluetoothSettingsActivity}]
07-06 17:34:46.297  2588  2588 I sysui_histogram: [overview_task_dismissed_source,1]
07-06 17:34:46.297  2588  2588 I sysui_multi_action: [757,804,799,overview_task_dismissed_source,801,1,802,1]
07-06 17:34:46.297  2411  2741 I am_kill : [0,21773,com.android.settings,904,remove task]
07-06 17:34:46.303  2411  3446 I am_new_intent: [0,237043273,15,com.android.launcher3/com.android.searchlauncher.SearchLauncher,android.intent.action.MAIN,NULL,NULL,268435712]
07-06 17:34:46.304  2411  3446 I wm_task_moved: [15,1,0]
07-06 17:34:46.305  2411  3446 I am_focused_stack: [0,0,5,bringingFoundTaskToFront]
07-06 17:34:46.305  2411  3446 I wm_task_moved: [15,1,0]
07-06 17:34:46.308  2411  3446 I am_pause_activity: [0,22935837,com.android.systemui/.recents.RecentsActivity]
07-06 17:34:46.312  2411  3446 I am_set_resumed_activity: [0,com.android.launcher3/com.android.searchlauncher.SearchLauncher,resumeTopActivityInnerLocked]
07-06 17:34:46.322  2411  3446 I am_resume_activity: [0,237043273,15,com.android.launcher3/com.android.searchlauncher.SearchLauncher]
07-06 17:34:46.327  2411  3446 I am_task_to_front: [0,15]
07-06 17:34:46.334  2588  2588 I am_on_paused_called: [0,com.android.systemui.recents.RecentsActivity,handlePauseActivity]
07-06 17:34:46.339  2411  2425 I am_stop_activity: [0,22935837,com.android.systemui/.recents.RecentsActivity]
07-06 17:34:46.341  2411  2425 I sysui_count: [window_time_0,0]
07-06 17:34:46.341  2411  2425 I sysui_multi_action: [757,803,799,window_time_0,802,0]
07-06 17:34:46.342  3245  3245 I am_on_resume_called: [0,com.android.searchlauncher.SearchLauncher,RESUME_ACTIVITY]
07-06 17:34:46.351  2411  7184 I am_proc_died: [0,21773,com.android.settings,904,17]
07-06 17:34:46.364  2588  2588 I sysui_view_visibility: [224,0]
07-06 17:34:46.364  2588  2588 I sysui_multi_action: [757,224,758,2]
07-06 17:34:46.365  2588  2588 I am_on_stop_called: [0,com.android.systemui.recents.RecentsActivity,handleStopActivity]
07-06 17:34:46.395  2411  2432 I sysui_multi_action: [319,88,322,88,325,7831,757,761,758,9,759,2,806,com.android.launcher3,871,com.android.searchlauncher.SearchLauncher,905,0]
07-06 17:34:49.440  2411 15266 I wm_stack_created: 1
07-06 17:34:49.441  2411 15266 I wm_task_created: [88,1]
07-06 17:34:49.441  2411 15266 I wm_task_moved: [88,1,0]
07-06 17:34:49.441  2411 15266 I am_focused_stack: [0,1,0,reuseOrNewTask]
07-06 17:34:49.441  2411 15266 I wm_task_moved: [88,1,0]
07-06 17:34:49.442  2411 15266 I am_create_task: [0,88]
07-06 17:34:49.442  2411 15266 I am_create_activity: [0,17106229,88,com.google.android.apps.messaging/.ui.ConversationListActivity,android.intent.action.MAIN,NULL,NULL,270532608]
07-06 17:34:49.442  2411 15266 I wm_task_moved: [88,1,0]
07-06 17:34:49.443  2411 15266 I am_pause_activity: [0,237043273,com.android.launcher3/com.android.searchlauncher.SearchLauncher]
07-06 17:34:49.444  3245  3245 I am_on_paused_called: [0,com.android.searchlauncher.SearchLauncher,handlePauseActivity]
07-06 17:34:49.452  2411  7184 I am_restart_activity: [0,17106229,88,com.google.android.apps.messaging/.ui.ConversationListActivity]
07-06 17:34:49.453  2411  7184 I am_set_resumed_activity: [0,com.google.android.apps.messaging/.ui.ConversationListActivity,minimalResumeActivityLocked]
07-06 17:34:49.456  2411  2425 I sysui_count: [window_time_0,3]
07-06 17:34:49.457  2411  2425 I sysui_multi_action: [757,803,799,window_time_0,802,3]
07-06 17:34:49.528 16930 16930 I am_on_resume_called: [0,com.google.android.apps.messaging.ui.ConversationListActivity,LAUNCH_ACTIVITY]
07-06 17:34:49.599  2411  2432 I sysui_multi_action: [319,72,321,70,322,169,325,7834,757,761,758,8,759,1,806,com.google.android.apps.messaging,871,com.google.android.apps.messaging.ui.ConversationListActivity,905,0]
07-06 17:34:49.599  2411  2432 I am_activity_launch_time: [0,17106229,com.google.android.apps.messaging/.ui.ConversationListActivity,149,149]
07-06 17:34:50.236  2411  2425 I am_stop_activity: [0,237043273,com.android.launcher3/com.android.searchlauncher.SearchLauncher]
07-06 17:34:50.239  3245  3245 I am_on_stop_called: [0,com.android.searchlauncher.SearchLauncher,handleStopActivity]
07-06 17:34:50.570  2588  2657 I sysui_multi_action: [757,1093,758,4,793,7816,1094,9437184,1095,2]
07-06 17:34:52.014  2588  2657 I sysui_multi_action: [757,1093,758,4,793,1444,1094,9437184,1095,2]
07-06 17:34:58.207  2588  2657 I sysui_multi_action: [757,1093,758,4,793,6192,1094,9437184,1095,2]
07-06 17:34:59.607  2411  2424 I am_pss  : [16930,10072,com.google.android.apps.messaging,73005056,67047424,1889280]
07-06 17:34:59.648  2411  2424 I am_pss  : [3452,10003,android.process.acore,17488896,13156352,2242560]
07-06 17:34:59.680  2411  2424 I am_pss  : [4018,10064,com.google.android.tts,64191488,20750336,35338240]
07-06 17:35:01.605  2411  2424 I am_pss  : [5243,10057,com.google.process.gapps,5496832,3125248,1260544]
07-06 17:35:02.695  2411  7188 I am_new_intent: [0,22935837,18,com.android.systemui/.recents.RecentsActivity,NULL,NULL,NULL,276840448]
07-06 17:35:02.696  2411  7188 I wm_task_moved: [18,1,0]
07-06 17:35:02.697  2411  7188 I am_focused_stack: [0,5,1,bringingFoundTaskToFront]
07-06 17:35:02.698  2411  7188 I wm_task_moved: [18,1,0]
07-06 17:35:02.703  2411  7188 I am_pause_activity: [0,17106229,com.google.android.apps.messaging/.ui.ConversationListActivity]
07-06 17:35:02.711  2411  7188 I am_set_resumed_activity: [0,com.android.systemui/.recents.RecentsActivity,resumeTopActivityInnerLocked]
07-06 17:35:02.722  2411  7188 I am_resume_activity: [0,22935837,18,com.android.systemui/.recents.RecentsActivity]
07-06 17:35:02.728  2411  7188 I am_task_to_front: [0,18]
07-06 17:35:02.732  2588  2588 I sysui_count: [overview_trigger_nav_btn,1]
07-06 17:35:02.732  2588  2588 I sysui_multi_action: [757,803,799,overview_trigger_nav_btn,802,1]
07-06 17:35:02.732  2588  2588 I sysui_count: [overview_source_app,1]
07-06 17:35:02.732  2588  2588 I sysui_multi_action: [757,803,799,overview_source_app,802,1]
07-06 17:35:02.732  2588  2588 I sysui_histogram: [overview_source_app_index,0]
07-06 17:35:02.732  2588  2588 I sysui_multi_action: [757,804,799,overview_source_app_index,801,0,802,1]
07-06 17:35:02.732  2588  2588 I sysui_histogram: [overview_task_count,1]
07-06 17:35:02.732  2588  2588 I sysui_multi_action: [757,804,799,overview_task_count,801,1,802,1]
07-06 17:35:02.734 16930 16930 I am_on_paused_called: [0,com.google.android.apps.messaging.ui.ConversationListActivity,handlePauseActivity]
07-06 17:35:02.742  2411  2425 I am_stop_activity: [0,17106229,com.google.android.apps.messaging/.ui.ConversationListActivity]
07-06 17:35:02.744  2411  2425 I sysui_count: [window_time_0,14]
07-06 17:35:02.744  2411  2425 I sysui_multi_action: [757,803,799,window_time_0,802,14]
07-06 17:35:02.744  2588  2588 I sysui_view_visibility: [224,100]
07-06 17:35:02.745  2588  2588 I sysui_multi_action: [757,224,758,1]
07-06 17:35:02.745  2588  2588 I am_on_resume_called: [0,com.android.systemui.recents.RecentsActivity,RESUME_ACTIVITY]
07-06 17:35:02.761 16930 16930 I am_on_stop_called: [0,com.google.android.apps.messaging.ui.ConversationListActivity,handleStopActivity]
07-06 17:35:02.794  2411  2432 I sysui_multi_action: [319,98,322,88,325,7847,757,761,758,9,759,2,806,com.android.systemui,871,com.android.systemui.recents.RecentsActivity,904,com.android.systemui,905,0]
07-06 17:35:04.225  2588  2588 I sysui_action: [277,ComponentInfo{com.google.android.apps.messaging/com.google.android.apps.messaging.ui.conversationlist.ConversationListActivity}]
07-06 17:35:04.225  2588  2588 I sysui_multi_action: [757,277,758,4,806,ComponentInfo{com.google.android.apps.messaging/com.google.android.apps.messaging.ui.conversationlist.ConversationListActivity}]
07-06 17:35:04.228  2411  7184 I wm_task_moved: [88,1,0]
07-06 17:35:04.229  2411  7184 I am_focused_stack: [0,1,5,moveTaskToFront]
07-06 17:35:04.229  2411  7184 I wm_task_moved: [88,1,0]
07-06 17:35:04.232  2411  7184 I am_pause_activity: [0,22935837,com.android.systemui/.recents.RecentsActivity]
07-06 17:35:04.234  2411  7184 I am_task_to_front: [0,88]
07-06 17:35:04.267  2588  2588 I am_on_paused_called: [0,com.android.systemui.recents.RecentsActivity,handlePauseActivity]
07-06 17:35:04.271  2411  7184 I am_set_resumed_activity: [0,com.google.android.apps.messaging/.ui.ConversationListActivity,resumeTopActivityInnerLocked]
07-06 17:35:04.281  2411  7184 I am_resume_activity: [0,17106229,88,com.google.android.apps.messaging/.ui.ConversationListActivity]
07-06 17:35:04.294  2588  2588 I sysui_histogram: [overview_task_launch_index,0]
07-06 17:35:04.294  2588  2588 I sysui_multi_action: [757,804,799,overview_task_launch_index,801,0,802,1]
07-06 17:35:04.295  2411  2425 I sysui_count: [window_time_0,1]
07-06 17:35:04.295  2411  2425 I sysui_multi_action: [757,803,799,window_time_0,802,1]
07-06 17:35:04.314 16930 16930 I am_on_resume_called: [0,com.google.android.apps.messaging.ui.ConversationListActivity,RESUME_ACTIVITY]
07-06 17:35:04.391  2411  2432 I sysui_multi_action: [319,62,321,57,322,158,325,7849,757,761,758,9,759,4,806,com.google.android.apps.messaging,871,com.google.android.apps.messaging.ui.ConversationListActivity,905,0]
07-06 17:35:04.678  2411  2425 I am_stop_activity: [0,22935837,com.android.systemui/.recents.RecentsActivity]
07-06 17:35:04.713  2588  2588 I sysui_view_visibility: [224,0]
07-06 17:35:04.713  2588  2588 I sysui_multi_action: [757,224,758,2]
07-06 17:35:04.714  2588  2588 I am_on_stop_called: [0,com.android.systemui.recents.RecentsActivity,handleStopActivity]
07-06 17:35:07.735  2411  2425 I am_uid_running: 10016
07-06 17:35:07.754  2411  2425 I am_proc_start: [0,22549,10016,com.google.android.dialer,broadcast,com.google.android.dialer/com.android.dialer.location.CountryDetector$LocationChangedReceiver]
07-06 17:35:07.766  2411  7184 I am_proc_bound: [0,22549,com.google.android.dialer]
07-06 17:35:07.777  2411  5120 I am_new_intent: [0,22935837,18,com.android.systemui/.recents.RecentsActivity,NULL,NULL,NULL,276840448]
07-06 17:35:07.778  2411  5120 I wm_task_moved: [18,1,0]
07-06 17:35:07.779  2411  5120 I am_focused_stack: [0,5,1,bringingFoundTaskToFront]
07-06 17:35:07.779  2411  5120 I wm_task_moved: [18,1,0]
07-06 17:35:07.782  2411  5120 I am_pause_activity: [0,17106229,com.google.android.apps.messaging/.ui.ConversationListActivity]
07-06 17:35:07.787  2411  5120 I am_set_resumed_activity: [0,com.android.systemui/.recents.RecentsActivity,resumeTopActivityInnerLocked]
07-06 17:35:07.799  2411  5120 I am_resume_activity: [0,22935837,18,com.android.systemui/.recents.RecentsActivity]
07-06 17:35:07.804  2411  5120 I am_task_to_front: [0,18]
07-06 17:35:07.804  2588  2588 I sysui_count: [overview_trigger_nav_btn,1]
07-06 17:35:07.805  2588  2588 I sysui_multi_action: [757,803,799,overview_trigger_nav_btn,802,1]
07-06 17:35:07.805  2588  2588 I sysui_count: [overview_source_app,1]
07-06 17:35:07.805  2588  2588 I sysui_multi_action: [757,803,799,overview_source_app,802,1]
07-06 17:35:07.805  2588  2588 I sysui_histogram: [overview_source_app_index,0]
07-06 17:35:07.805  2588  2588 I sysui_multi_action: [757,804,799,overview_source_app_index,801,0,802,1]
07-06 17:35:07.805  2588  2588 I sysui_histogram: [overview_task_count,1]
07-06 17:35:07.805  2588  2588 I sysui_multi_action: [757,804,799,overview_task_count,801,1,802,1]
07-06 17:35:07.808 16930 16930 I am_on_paused_called: [0,com.google.android.apps.messaging.ui.ConversationListActivity,handlePauseActivity]
07-06 17:35:07.813  2588  2588 I sysui_view_visibility: [224,100]
07-06 17:35:07.813  2588  2588 I sysui_multi_action: [757,224,758,1]
07-06 17:35:07.813  2411  2425 I am_stop_activity: [0,17106229,com.google.android.apps.messaging/.ui.ConversationListActivity]
07-06 17:35:07.815  2588  2588 I am_on_resume_called: [0,com.android.systemui.recents.RecentsActivity,RESUME_ACTIVITY]
07-06 17:35:07.815  2411  2425 I sysui_count: [window_time_0,4]
07-06 17:35:07.815  2411  2425 I sysui_multi_action: [757,803,799,window_time_0,802,4]
07-06 17:35:07.835 16930 16930 I am_on_stop_called: [0,com.google.android.apps.messaging.ui.ConversationListActivity,handleStopActivity]
07-06 17:35:07.870  2411  2432 I sysui_multi_action: [319,93,322,74,325,7853,757,761,758,9,759,2,806,com.android.systemui,871,com.android.systemui.recents.RecentsActivity,904,com.android.systemui,905,0]
07-06 17:35:08.647  2588  2588 I sysui_count: [overview_task_all_dismissed,1]
07-06 17:35:08.647  2588  2588 I sysui_multi_action: [757,803,799,overview_task_all_dismissed,802,1]
07-06 17:35:08.648  2588  2588 I sysui_action: [289,ComponentInfo{com.google.android.apps.messaging/com.google.android.apps.messaging.ui.conversationlist.ConversationListActivity}]
07-06 17:35:08.648  2588  2588 I sysui_multi_action: [757,289,758,4,806,ComponentInfo{com.google.android.apps.messaging/com.google.android.apps.messaging.ui.conversationlist.ConversationListActivity}]
07-06 17:35:08.648  2588  2588 I sysui_histogram: [overview_task_dismissed_source,1]
07-06 17:35:08.648  2588  2588 I sysui_multi_action: [757,804,799,overview_task_dismissed_source,801,1,802,1]
07-06 17:35:08.650  2411  7184 I am_finish_activity: [0,17106229,88,com.google.android.apps.messaging/.ui.ConversationListActivity,clear-task-index]
07-06 17:35:08.651  2411  7184 I am_destroy_activity: [0,17106229,88,com.google.android.apps.messaging/.ui.ConversationListActivity,finish-imm]
07-06 17:35:08.656  2411  2425 I sysui_count: [window_time_0,1]
07-06 17:35:08.656  2411  2425 I sysui_multi_action: [757,803,799,window_time_0,802,1]
07-06 17:35:08.660  2411 15266 I am_new_intent: [0,237043273,15,com.android.launcher3/com.android.searchlauncher.SearchLauncher,android.intent.action.MAIN,NULL,NULL,268435712]
07-06 17:35:08.666  2411 15266 I wm_task_moved: [15,1,0]
07-06 17:35:08.667  2411 15266 I am_focused_stack: [0,0,5,bringingFoundTaskToFront]
07-06 17:35:08.667  2411 15266 I wm_task_moved: [15,1,0]
07-06 17:35:08.669  2411 15266 I am_pause_activity: [0,22935837,com.android.systemui/.recents.RecentsActivity]
07-06 17:35:08.673  2411 15266 I am_set_resumed_activity: [0,com.android.launcher3/com.android.searchlauncher.SearchLauncher,resumeTopActivityInnerLocked]
07-06 17:35:08.684  2411 15266 I am_resume_activity: [0,237043273,15,com.android.launcher3/com.android.searchlauncher.SearchLauncher]
07-06 17:35:08.689  2411 15266 I am_task_to_front: [0,15]
07-06 17:35:08.694  2588  2588 I am_on_paused_called: [0,com.android.systemui.recents.RecentsActivity,handlePauseActivity]
07-06 17:35:08.703  3245  3245 I am_on_resume_called: [0,com.android.searchlauncher.SearchLauncher,RESUME_ACTIVITY]
07-06 17:35:08.703  2411  2425 I am_stop_activity: [0,22935837,com.android.systemui/.recents.RecentsActivity]
07-06 17:35:08.704  2411  7184 I wm_task_removed: [88,removeAppToken: last token]
07-06 17:35:08.704  2411  7184 I wm_task_removed: [88,removeTask]
07-06 17:35:08.705  2411  7184 I wm_stack_removed: 1
07-06 17:35:08.710  2411  2425 I sysui_count: [window_time_0,0]
07-06 17:35:08.711  2411  2425 I sysui_multi_action: [757,803,799,window_time_0,802,0]
07-06 17:35:08.724  2588  2588 I sysui_view_visibility: [224,0]
07-06 17:35:08.724  2588  2588 I sysui_multi_action: [757,224,758,2]
07-06 17:35:08.724  2588  2588 I am_on_stop_called: [0,com.android.systemui.recents.RecentsActivity,handleStopActivity]
07-06 17:35:08.748  2411  2432 I sysui_multi_action: [319,94,322,93,325,7853,757,761,758,9,759,2,806,com.android.launcher3,871,com.android.searchlauncher.SearchLauncher,905,0]
07-06 17:35:10.028  2588  2657 I sysui_multi_action: [757,1093,758,4,793,11822,1094,9437184,1095,2]
07-06 17:35:11.036  2588  2657 I sysui_multi_action: [757,1093,758,4,793,1008,1094,9437184,1095,2]
07-06 17:35:12.113  2411  5120 I wm_stack_created: 1
07-06 17:35:12.113  2411  5120 I wm_task_created: [89,1]
07-06 17:35:12.113  2411  5120 I wm_task_moved: [89,1,0]
07-06 17:35:12.113  2411  5120 I am_focused_stack: [0,1,0,reuseOrNewTask]
07-06 17:35:12.114  2411  5120 I wm_task_moved: [89,1,0]
07-06 17:35:12.114  2411  5120 I am_create_task: [0,89]
07-06 17:35:12.114  2411  5120 I am_create_activity: [0,42956937,89,com.google.android.apps.messaging/.ui.ConversationListActivity,android.intent.action.MAIN,NULL,NULL,270532608]
07-06 17:35:12.114  2411  5120 I wm_task_moved: [89,1,0]
07-06 17:35:12.116  2411  5120 I am_pause_activity: [0,237043273,com.android.launcher3/com.android.searchlauncher.SearchLauncher]
07-06 17:35:12.116  3245  3245 I am_on_paused_called: [0,com.android.searchlauncher.SearchLauncher,handlePauseActivity]
07-06 17:35:12.125  2411  7184 I am_restart_activity: [0,42956937,89,com.google.android.apps.messaging/.ui.ConversationListActivity]
07-06 17:35:12.126  2411  7184 I am_set_resumed_activity: [0,com.google.android.apps.messaging/.ui.ConversationListActivity,minimalResumeActivityLocked]
07-06 17:35:12.132  2411  2425 I sysui_count: [window_time_0,3]
07-06 17:35:12.132  2411  2425 I sysui_multi_action: [757,803,799,window_time_0,802,3]
07-06 17:35:12.183 16930 16930 I am_on_resume_called: [0,com.google.android.apps.messaging.ui.ConversationListActivity,LAUNCH_ACTIVITY]
07-06 17:35:12.244  2411  2432 I sysui_multi_action: [319,44,321,42,322,126,325,7857,757,761,758,8,759,1,806,com.google.android.apps.messaging,871,com.google.android.apps.messaging.ui.ConversationListActivity,905,0]
07-06 17:35:12.244  2411  2432 I am_activity_launch_time: [0,42956937,com.google.android.apps.messaging/.ui.ConversationListActivity,114,114]
07-06 17:35:12.537  2588  2588 I sysui_view_visibility: [207,100]
07-06 17:35:12.537  2588  2588 I sysui_multi_action: [757,207,758,1]
07-06 17:35:12.537  2588  2588 I sysui_histogram: [volume_from_keyguard,0]
07-06 17:35:12.537  2588  2588 I sysui_multi_action: [757,804,799,volume_from_keyguard,801,0,802,1]
07-06 17:35:12.541  2411  2480 I sysui_count: [key_back_down,1]
07-06 17:35:12.541  2411  2480 I sysui_multi_action: [757,803,799,key_back_down,802,1]
07-06 17:35:12.546  2411  7842 I am_finish_activity: [0,42956937,89,com.google.android.apps.messaging/.ui.ConversationListActivity,app-request]
07-06 17:35:12.547  2411  7842 I am_focused_stack: [0,0,1,finishActivity adjustFocus]
07-06 17:35:12.547  2411  7842 I wm_task_moved: [15,1,0]
07-06 17:35:12.548  2411  7842 I am_pause_activity: [0,42956937,com.google.android.apps.messaging/.ui.ConversationListActivity]
07-06 17:35:12.550  2411  2425 I sysui_count: [window_time_0,1]
07-06 17:35:12.550  2411  2425 I sysui_multi_action: [757,803,799,window_time_0,802,1]
07-06 17:35:12.551 16930 16930 I am_on_paused_called: [0,com.google.android.apps.messaging.ui.ConversationListActivity,handlePauseActivity]
07-06 17:35:12.552  2411  7842 I am_set_resumed_activity: [0,com.android.launcher3/com.android.searchlauncher.SearchLauncher,resumeTopActivityInnerLocked]
07-06 17:35:12.558  2411  7842 I am_resume_activity: [0,237043273,15,com.android.launcher3/com.android.searchlauncher.SearchLauncher]
07-06 17:35:12.588  2411  2425 I sysui_count: [window_time_0,0]
07-06 17:35:12.588  2411  2425 I sysui_multi_action: [757,803,799,window_time_0,802,0]
07-06 17:35:12.589  3245  3245 I am_on_resume_called: [0,com.android.searchlauncher.SearchLauncher,RESUME_ACTIVITY]
07-06 17:35:12.641  2588  2588 I sysui_action: [212,1]
07-06 17:35:12.641  2588  2588 I sysui_multi_action: [757,212,758,4,759,1]
07-06 17:35:12.646  2588  2656 I sysui_action: [213,1]
07-06 17:35:12.646  2588  2656 I sysui_multi_action: [757,213,758,4,759,1]
07-06 17:35:12.839  2411  2425 I am_destroy_activity: [0,42956937,89,com.google.android.apps.messaging/.ui.ConversationListActivity,finish-imm]
07-06 17:35:12.843 16930 16930 I am_on_stop_called: [0,com.google.android.apps.messaging.ui.ConversationListActivity,destroy]
07-06 17:35:12.882  2411  3266 I wm_task_created: [90,1]
07-06 17:35:12.883  2411  3266 I wm_task_moved: [90,1,1]
07-06 17:35:12.883  2411  3266 I am_focused_stack: [0,1,0,reuseOrNewTask]
07-06 17:35:12.883  2411  3266 I wm_task_moved: [90,1,1]
07-06 17:35:12.883  2411  3266 I am_create_task: [0,90]
07-06 17:35:12.883  2411  3266 I am_create_activity: [0,200613247,90,com.google.android.apps.messaging/.ui.ConversationListActivity,android.intent.action.MAIN,NULL,NULL,270532608]
07-06 17:35:12.883  2411  3266 I wm_task_moved: [90,1,1]
07-06 17:35:12.884  2411  3266 I am_pause_activity: [0,237043273,com.android.launcher3/com.android.searchlauncher.SearchLauncher]
07-06 17:35:12.891  3245  3245 I am_on_paused_called: [0,com.android.searchlauncher.SearchLauncher,handlePauseActivity]
07-06 17:35:12.897  2411  3266 I am_restart_activity: [0,200613247,90,com.google.android.apps.messaging/.ui.ConversationListActivity]
07-06 17:35:12.899  2411  3266 I am_set_resumed_activity: [0,com.google.android.apps.messaging/.ui.ConversationListActivity,minimalResumeActivityLocked]
07-06 17:35:12.901  2411  2425 I sysui_count: [window_time_0,0]
07-06 17:35:12.901  2411  2425 I sysui_multi_action: [757,803,799,window_time_0,802,0]
07-06 17:35:12.957 16930 16930 I am_on_resume_called: [0,com.google.android.apps.messaging.ui.ConversationListActivity,LAUNCH_ACTIVITY]
07-06 17:35:12.998  2588  2588 I sysui_view_visibility: [207,0]
07-06 17:35:12.998  2588  2588 I sysui_multi_action: [757,207,758,2]
07-06 17:35:12.999  2588  2656 I sysui_action: [210,-1]
07-06 17:35:12.999  2588  2656 I sysui_multi_action: [757,210,758,4,759,-1]
07-06 17:35:13.006  2411  3266 I wm_task_created: [91,1]
07-06 17:35:13.006  2411  3266 I wm_task_moved: [91,1,2]
07-06 17:35:13.006  2411  3266 I wm_task_moved: [91,1,2]
07-06 17:35:13.007  2411  3266 I am_create_task: [0,91]
07-06 17:35:13.007  2411  3266 I am_create_activity: [0,241718822,91,com.google.android.dialer/.extensions.GoogleDialtactsActivity,android.intent.action.MAIN,NULL,NULL,270532608]
07-06 17:35:13.007  2411  3266 I wm_task_moved: [91,1,2]
07-06 17:35:13.009  2411  3266 I am_pause_activity: [0,200613247,com.google.android.apps.messaging/.ui.ConversationListActivity]
07-06 17:35:13.046 16930 16930 I am_on_paused_called: [0,com.google.android.apps.messaging.ui.ConversationListActivity,handlePauseActivity]
07-06 17:35:13.053  2411  3266 I am_uid_active: 10016
07-06 17:35:13.053  2411  3266 I am_restart_activity: [0,241718822,91,com.google.android.dialer/.extensions.GoogleDialtactsActivity]
07-06 17:35:13.055  2411  3266 I am_set_resumed_activity: [0,com.google.android.dialer/.extensions.GoogleDialtactsActivity,minimalResumeActivityLocked]
07-06 17:35:13.076  2411  2425 I sysui_count: [window_time_0,0]
07-06 17:35:13.076  2411  2425 I sysui_multi_action: [757,803,799,window_time_0,802,0]
07-06 17:35:13.094  2411  2432 I sysui_multi_action: [319,94,321,91,322,191,325,7858,757,761,758,8,759,1,806,com.google.android.dialer,871,com.google.android.dialer.extensions.GoogleDialtactsActivity,905,0]
07-06 17:35:13.251 22549 22549 I am_on_resume_called: [0,com.google.android.dialer.extensions.GoogleDialtactsActivity,LAUNCH_ACTIVITY]
07-06 17:35:13.402  2411  2480 I sysui_count: [key_back_down,1]
07-06 17:35:13.402  2411  2480 I sysui_multi_action: [757,803,799,key_back_down,802,1]
07-06 17:35:13.420  2411  7184 I am_new_intent: [0,241718822,91,com.google.android.dialer/.extensions.GoogleDialtactsActivity,android.intent.action.MAIN,NULL,NULL,270532608]
07-06 17:35:13.420  2411  7184 I wm_task_moved: [91,1,2]
07-06 17:35:13.444  2411  2432 I am_activity_launch_time: [0,241718822,com.google.android.dialer/.extensions.GoogleDialtactsActivity,392,547]
07-06 17:35:13.598  2411  7842 I am_proc_start: [0,22660,10072,com.google.android.apps.messaging:rcs,service,com.google.android.apps.messaging/com.google.android.rcs.service.service.EnrichedCallBindingService]
07-06 17:35:13.610  2411  7184 I am_proc_bound: [0,22660,com.google.android.apps.messaging:rcs]
07-06 17:35:13.658  2411  2480 I sysui_count: [key_back_down,1]
07-06 17:35:13.658  2411  2480 I sysui_multi_action: [757,803,799,key_back_down,802,1]
07-06 17:35:13.665  2588  2657 I sysui_multi_action: [757,1093,758,4,793,2629,1094,9453568,1095,3]
07-06 17:35:13.720  2411  5120 I am_finish_activity: [0,241718822,91,com.google.android.dialer/.extensions.GoogleDialtactsActivity,app-request]
07-06 17:35:13.721  2411  5120 I am_pause_activity: [0,241718822,com.google.android.dialer/.extensions.GoogleDialtactsActivity]
07-06 17:35:13.724  2411  2425 I sysui_count: [window_time_0,1]
07-06 17:35:13.725  2411  2425 I sysui_multi_action: [757,803,799,window_time_0,802,1]
07-06 17:35:13.783 22549 22549 I am_on_paused_called: [0,com.google.android.dialer.extensions.GoogleDialtactsActivity,handlePauseActivity]
07-06 17:35:13.786  2411  7842 I am_set_resumed_activity: [0,com.google.android.apps.messaging/.ui.ConversationListActivity,resumeTopActivityInnerLocked]
07-06 17:35:13.791  2411  7842 I am_resume_activity: [0,200613247,90,com.google.android.apps.messaging/.ui.ConversationListActivity]
07-06 17:35:13.816  2411  2425 I sysui_count: [window_time_0,0]
07-06 17:35:13.816  2411  2425 I sysui_multi_action: [757,803,799,window_time_0,802,0]
07-06 17:35:13.822  2411 15266 I wm_task_moved: [90,1,2]
07-06 17:35:13.823  2411 15266 I am_task_to_front: [0,90]
07-06 17:35:13.829  2411  2432 I sysui_multi_action: [319,6,322,-13,325,7859,757,761,758,9,759,2,806,com.google.android.apps.messaging,871,com.google.android.apps.messaging.ui.ConversationListActivity,905,0]
07-06 17:35:13.833 16930 16930 I am_on_resume_called: [0,com.google.android.apps.messaging.ui.ConversationListActivity,RESUME_ACTIVITY]
07-06 17:35:14.285  2411 15266 I wm_task_moved: [90,1,2]
07-06 17:35:14.303  2588  2588 I sysui_count: [panel_open,1]
07-06 17:35:14.303  2588  2588 I sysui_multi_action: [757,803,799,panel_open,802,1]
07-06 17:35:14.311  2411 15266 I sysui_view_visibility: [127,100]
07-06 17:35:14.311  2411 15266 I sysui_multi_action: [757,127,758,1]
07-06 17:35:14.311  2411 15266 I sysui_histogram: [note_load,2]
07-06 17:35:14.311  2411 15266 I sysui_multi_action: [757,804,799,note_load,801,2,802,1]
07-06 17:35:14.311  2411 15266 I notification_panel_revealed: 2
07-06 17:35:14.476  2588  2588 I sysui_action: [930,false]
07-06 17:35:14.476  2588  2588 I sysui_multi_action: [757,930,758,4,759,0]
07-06 17:35:14.476  2588  2656 I sysui_action: [210,2]
07-06 17:35:14.476  2588  2656 I sysui_multi_action: [757,210,758,4,759,2]
07-06 17:35:14.480  2588  2656 I sysui_action: [211,12]
07-06 17:35:14.480  2588  2656 I sysui_multi_action: [757,211,758,4,759,12]
07-06 17:35:14.503  2588  2588 I sysui_view_visibility: [207,100]
07-06 17:35:14.503  2588  2588 I sysui_multi_action: [757,207,758,1]
07-06 17:35:14.503  2588  2588 I sysui_histogram: [volume_from_keyguard,0]
07-06 17:35:14.503  2588  2588 I sysui_multi_action: [757,804,799,volume_from_keyguard,801,0,802,1]
07-06 17:35:14.555  2411  2463 I wm_task_removed: [89,removeAppToken: last token]
07-06 17:35:14.555  2411  2463 I wm_task_removed: [89,removeTask]
07-06 17:35:14.558  2411  2425 I am_destroy_activity: [0,241718822,91,com.google.android.dialer/.extensions.GoogleDialtactsActivity,finish-imm]
07-06 17:35:14.562  2411  2425 I am_stop_activity: [0,237043273,com.android.launcher3/com.android.searchlauncher.SearchLauncher]
07-06 17:35:14.569  3245  3245 I am_on_stop_called: [0,com.android.searchlauncher.SearchLauncher,handleStopActivity]
07-06 17:35:14.573 22549 22549 I am_on_stop_called: [0,com.google.android.dialer.extensions.GoogleDialtactsActivity,destroy]
07-06 17:35:14.587  2411  2771 I wm_task_removed: [91,removeAppToken: last token]
07-06 17:35:14.587  2411  2771 I wm_task_removed: [91,removeTask]
07-06 17:35:14.597  2411 15266 I sysui_view_visibility: [127,0]
07-06 17:35:14.597  2411 15266 I sysui_multi_action: [757,127,758,2]
07-06 17:35:14.597  2411 15266 I notification_panel_hidden: 
07-06 17:35:14.607  2411  2422 I sysui_multi_action: [757,128,758,4,793,525711,794,145439,795,525711,796,26,806,android,857,DEVELOPER,858,2,947,0]
07-06 17:35:14.607  2411  2422 I notification_clicked: [-1|android|26|null|1000,525711,525711,145439]
07-06 17:35:14.607  2411  2411 I sysui_histogram: [note_click_longevity,8]
07-06 17:35:14.607  2411  2411 I sysui_multi_action: [757,804,799,note_click_longevity,801,8,802,1]
07-06 17:35:14.694 16930 16930 I menu_item_selected: [0,Help & feedback]
07-06 17:35:14.703  2411  2422 I wm_task_created: [92,1]
07-06 17:35:14.704  2411  2422 I wm_task_moved: [92,1,1]
07-06 17:35:14.708  2411  2422 I wm_task_moved: [92,1,1]
07-06 17:35:14.710  2411  2422 I am_create_task: [0,92]
07-06 17:35:14.710  2411  2422 I am_create_activity: [0,49511634,92,com.google.android.dialer/.extensions.GoogleDialtactsActivity,android.intent.action.MAIN,NULL,NULL,270532608]
07-06 17:35:14.710  2411  2422 I wm_task_moved: [92,1,1]
07-06 17:35:14.713  2411  2422 I am_pause_activity: [0,200613247,com.google.android.apps.messaging/.ui.ConversationListActivity]
07-06 17:35:14.730 16930 16930 I am_on_paused_called: [0,com.google.android.apps.messaging.ui.ConversationListActivity,handlePauseActivity]
07-06 17:35:14.738  2411  2422 I am_restart_activity: [0,49511634,92,com.google.android.dialer/.extensions.GoogleDialtactsActivity]
07-06 17:35:14.740  2411  2422 I am_set_resumed_activity: [0,com.google.android.dialer/.extensions.GoogleDialtactsActivity,minimalResumeActivityLocked]
07-06 17:35:14.746  2411  2425 I sysui_count: [window_time_0,1]
07-06 17:35:14.746  2411  2425 I sysui_multi_action: [757,803,799,window_time_0,802,1]
07-06 17:35:14.869 22549 22549 I am_on_resume_called: [0,com.google.android.dialer.extensions.GoogleDialtactsActivity,LAUNCH_ACTIVITY]
07-06 17:35:14.992  2411  2432 I sysui_multi_action: [319,496,321,472,322,702,325,7859,757,761,758,9,759,1,806,com.google.android.dialer,871,com.google.android.dialer.extensions.GoogleDialtactsActivity,905,0]
07-06 17:35:14.992  2411  2432 I am_activity_launch_time: [0,49511634,com.google.android.dialer/.extensions.GoogleDialtactsActivity,255,255]
07-06 17:35:14.998  2411  2422 I am_new_intent: [0,49511634,92,com.google.android.dialer/.extensions.GoogleDialtactsActivity,android.intent.action.MAIN,NULL,NULL,270532608]
07-06 17:35:14.998  2411  2422 I wm_task_moved: [92,1,1]
07-06 17:35:15.007  2588  2588 I sysui_view_visibility: [207,0]
07-06 17:35:15.007  2588  2588 I sysui_multi_action: [757,207,758,2]
07-06 17:35:15.007  2588  2656 I sysui_action: [210,-1]
07-06 17:35:15.007  2588  2656 I sysui_multi_action: [757,210,758,4,759,-1]
07-06 17:35:15.506  2411  2425 I am_stop_activity: [0,200613247,com.google.android.apps.messaging/.ui.ConversationListActivity]
07-06 17:35:15.509 16930 16930 I am_on_stop_called: [0,com.google.android.apps.messaging.ui.ConversationListActivity,handleStopActivity]
07-06 17:35:15.565  2588  2656 I sysui_action: [210,2]
07-06 17:35:15.565  2588  2656 I sysui_multi_action: [757,210,758,4,759,2]
07-06 17:35:15.567  2588  2656 I sysui_action: [211,12]
07-06 17:35:15.567  2588  2656 I sysui_multi_action: [757,211,758,4,759,12]
07-06 17:35:15.580  2588  2588 I sysui_view_visibility: [207,100]
07-06 17:35:15.580  2588  2588 I sysui_multi_action: [757,207,758,1]
07-06 17:35:15.580  2588  2588 I sysui_histogram: [volume_from_keyguard,0]
07-06 17:35:15.580  2588  2588 I sysui_multi_action: [757,804,799,volume_from_keyguard,801,0,802,1]
07-06 17:35:15.724  2411  2422 I wm_task_moved: [90,1,1]
07-06 17:35:15.725  2411  2422 I am_pause_activity: [0,49511634,com.google.android.dialer/.extensions.GoogleDialtactsActivity]
07-06 17:35:15.726  2411  2422 I am_task_to_front: [0,90]
07-06 17:35:15.727 22549 22549 I am_on_paused_called: [0,com.google.android.dialer.extensions.GoogleDialtactsActivity,handlePauseActivity]
07-06 17:35:15.733  2411  2771 I am_set_resumed_activity: [0,com.google.android.apps.messaging/.ui.ConversationListActivity,resumeTopActivityInnerLocked]
07-06 17:35:15.737  2411  2771 I am_resume_activity: [0,200613247,90,com.google.android.apps.messaging/.ui.ConversationListActivity]
07-06 17:35:15.759  2411  2425 I sysui_count: [window_time_0,1]
07-06 17:35:15.759  2411  2425 I sysui_multi_action: [757,803,799,window_time_0,802,1]
07-06 17:35:15.766 16930 16930 I am_on_resume_called: [0,com.google.android.apps.messaging.ui.ConversationListActivity,RESUME_ACTIVITY]
07-06 17:35:15.822  2411  2432 I sysui_multi_action: [319,759,321,742,322,822,325,7860,757,761,758,9,759,4,806,com.google.android.apps.messaging,871,com.google.android.apps.messaging.ui.ConversationListActivity,905,0]
07-06 17:35:15.828  2411 15266 I am_stop_activity: [0,49511634,com.google.android.dialer/.extensions.GoogleDialtactsActivity]
07-06 17:35:15.836 22549 22549 I am_on_stop_called: [0,com.google.android.dialer.extensions.GoogleDialtactsActivity,handleStopActivity]
07-06 17:35:15.892  2411  3266 I wm_task_moved: [90,1,1]
07-06 17:35:16.061  2588  2656 I sysui_action: [213,0]
07-06 17:35:16.062  2588  2656 I sysui_multi_action: [757,213,758,4,759,0]
07-06 17:35:16.092  2411  2411 I sysui_count: [dnd_mode_0,5092979]
07-06 17:35:16.092  2411  2411 I sysui_multi_action: [757,803,799,dnd_mode_0,802,5092979]
07-06 17:35:16.146  2588  2588 I sysui_view_visibility: [207,0]
07-06 17:35:16.146  2588  2588 I sysui_multi_action: [757,207,758,2]
07-06 17:35:16.147  2588  2656 I sysui_action: [210,-1]
07-06 17:35:16.147  2588  2656 I sysui_multi_action: [757,210,758,4,759,-1]
